

================================================================
== Synthesis Summary Report of 'canny_top'
================================================================
+ General Information: 
    * Date:           Thu Jul 23 23:06:38 2026
    * Version:        2025.2 (Build 6295257 on Nov 14 2025)
    * Project:        canny_top
    * Solution:       hls (Vitis Kernel Flow Target)
    * Product family: zynquplus
    * Target device:  xck26-sfvc784-2LV-c
    

* Performance & Resource Estimates: 
+---------------------------------------------------------------+------+---------------------+----------+---------+------+----------+---------+-----------+------+---------+---------+------------+-------------+-----+
|                            Modules                            | Issue|                     | Iteration|         | Trip |          |       Latency       |      |         |         |            |             |     |
|                            & Loops                            | Type |    Violation Type   |  Latency | Interval| Count| Pipelined| (cycles)|    (ns)   | Slack|  BRAM   |   DSP   |     FF     |     LUT     | URAM|
+---------------------------------------------------------------+------+---------------------+----------+---------+------+----------+---------+-----------+------+---------+---------+------------+-------------+-----+
|+ canny_top                                                    |     -|                    -|         -|  2392670|     -|        no|  2402331|  1.201e+07|  0.00|  18 (6%)|  6 (~0%)|  12403 (5%)|  16815 (14%)|    -|
| o VITIS_LOOP_7_1                                              |     -|                    -|     14316|     4655|   514|  dataflow|  2402330|  1.201e+07|  3.65|        -|        -|           -|            -|    -|
|  + dataflow_in_loop_VITIS_LOOP_7_1_1*                         |     -|                    -|         -|     4655|     -|  dataflow|    14314|  7.157e+04|  0.00|  16 (5%)|  6 (~0%)|  10019 (4%)|  14159 (12%)|    -|
|   + entry_proc                                                |     -|                    -|         -|        0|     -|        no|        0|      0.000|  1.82|        -|        -|     2 (~0%)|     20 (~0%)|    -|
|   + dataflow_in_loop_VITIS_LOOP_7_1_1_Block_newFuncRoot_proc  |     -|                    -|         -|        0|     -|        no|        0|      0.000|  3.29|        -|        -|    11 (~0%)|     37 (~0%)|    -|
|   + grayscale                                                 |     -|                    -|         -|     1616|     -|        no|     1616|  8.080e+03|  0.00|        -|  2 (~0%)|   757 (~0%)|    1277 (1%)|    -|
|    + grayscale_Pipeline_VITIS_LOOP_7_1                        |     -|                    -|         -|        -|     -|       yes|     1614|  8.070e+03|  0.00|        -|  2 (~0%)|   670 (~0%)|   1148 (~0%)|    -|
|     o VITIS_LOOP_7_1                                          |    II|  Resource Limitation|        80|        3|   512|       yes|     1612|  8.060e+03|  3.65|        -|        -|           -|            -|    -|
|   + gaussian_blur                                             |     -|                    -|         -|     4654|     -|        no|     4654|  2.327e+04|  0.33|  2 (~0%)|        -|   2413 (1%)|    3090 (2%)|    -|
|    + gaussian_blur_Pipeline_VITIS_LOOP_46_1                   |     -|                    -|         -|        -|     -|       yes|      514|  2.570e+03|  1.18|        -|        -|    22 (~0%)|     73 (~0%)|    -|
|     o VITIS_LOOP_46_1                                         |     -|                    -|         2|        1|   512|       yes|      512|  2.560e+03|  3.65|        -|        -|           -|            -|    -|
|    + gaussian_blur_Pipeline_VITIS_LOOP_64_2                   |     -|                    -|         -|        -|     -|       yes|     4068|  2.034e+04|  0.33|        -|        -|   261 (~0%)|    981 (~0%)|    -|
|     o VITIS_LOOP_64_2                                         |    II|  Resource Limitation|        11|        8|   508|       yes|     4066|  2.033e+04|  3.65|        -|        -|           -|            -|    -|
|   + sobel                                                     |     -|                    -|         -|     2187|     -|        no|     2187|  1.094e+04|  0.23|  2 (~0%)|  4 (~0%)|  2088 (~0%)|    3759 (3%)|    -|
|    + sobel_Pipeline_VITIS_LOOP_89_1                           |     -|                    -|         -|        -|     -|       yes|      514|  2.570e+03|  1.18|        -|        -|    22 (~0%)|     73 (~0%)|    -|
|     o VITIS_LOOP_89_1                                         |     -|                    -|         2|        1|   512|       yes|      512|  2.560e+03|  3.65|        -|        -|           -|            -|    -|
|    + sobel_Pipeline_VITIS_LOOP_118_2                          |     -|                    -|         -|        -|     -|       yes|     1602|  8.010e+03|  0.23|        -|  4 (~0%)|   759 (~0%)|    2176 (1%)|    -|
|     o VITIS_LOOP_118_2                                        |    II|  Resource Limitation|        74|        3|   510|       yes|     1600|  8.000e+03|  3.65|        -|        -|           -|            -|    -|
|   + non_maximum_suppression                                   |     -|                    -|         -|     1608|     -|        no|     1608|  8.040e+03|  0.86|   3 (1%)|        -|  1393 (~0%)|    1935 (1%)|    -|
|    + non_maximum_suppression_Pipeline_VITIS_LOOP_45_1         |     -|                    -|         -|        -|     -|       yes|      514|  2.570e+03|  1.18|        -|        -|    24 (~0%)|     91 (~0%)|    -|
|     o VITIS_LOOP_45_1                                         |     -|                    -|         2|        1|   512|       yes|      512|  2.560e+03|  3.65|        -|        -|           -|            -|    -|
|    + non_maximum_suppression_Pipeline_VITIS_LOOP_81_2         |     -|                    -|         -|        -|     -|       yes|     1023|  5.115e+03|  0.86|        -|        -|    60 (~0%)|    353 (~0%)|    -|
|     o VITIS_LOOP_81_2                                         |    II|  Resource Limitation|         4|        2|   510|       yes|     1021|  5.105e+03|  3.65|        -|        -|           -|            -|    -|
|   + double_threshold                                          |     -|                    -|         -|      515|     -|        no|      515|  2.575e+03|  0.02|        -|        -|    29 (~0%)|    156 (~0%)|    -|
|    + double_threshold_Pipeline_VITIS_LOOP_16_1                |     -|                    -|         -|        -|     -|       yes|      514|  2.570e+03|  0.02|        -|        -|    23 (~0%)|    120 (~0%)|    -|
|     o VITIS_LOOP_16_1                                         |     -|                    -|         2|        1|   512|       yes|      512|  2.560e+03|  3.65|        -|        -|           -|            -|    -|
|   + hysteresis                                                |     -|                    -|         -|     3141|     -|        no|     3141|  1.570e+04|  0.02|  2 (~0%)|        -|  1433 (~0%)|    1931 (1%)|    -|
|    + hysteresis_Pipeline_VITIS_LOOP_60_1                      |     -|                    -|         -|        -|     -|       yes|      514|  2.570e+03|  1.18|        -|        -|    22 (~0%)|     73 (~0%)|    -|
|     o VITIS_LOOP_60_1                                         |     -|                    -|         2|        1|   512|       yes|      512|  2.560e+03|  3.65|        -|        -|           -|            -|    -|
|    + hysteresis_Pipeline_VITIS_LOOP_108_2                     |     -|                    -|         -|        -|     -|       yes|     2556|  1.278e+04|  0.02|        -|        -|   104 (~0%)|    404 (~0%)|    -|
|     o VITIS_LOOP_108_2                                        |    II|  Resource Limitation|        10|        5|   510|       yes|     2554|  1.277e+04|  3.65|        -|        -|           -|            -|    -|
|   + output_row                                                |     -|                    -|         -|      586|     -|        no|      586|  2.930e+03|  0.00|        -|        -|  1187 (~0%)|    1313 (1%)|    -|
|    + output_row_Pipeline_VITIS_LOOP_20_1                      |     -|                    -|         -|        -|     -|       yes|      515|  2.575e+03|  0.00|        -|        -|  1022 (~0%)|    601 (~0%)|    -|
|     o VITIS_LOOP_20_1                                         |     -|                    -|         3|        1|   512|       yes|      513|  2.565e+03|  3.65|        -|        -|           -|            -|    -|
+---------------------------------------------------------------+------+---------------------+----------+---------+------+----------+---------+-----------+------+---------+---------+------------+-------------+-----+
    II Violation Information: docs.amd.com/access/sources/dita/topic?Doc_Version=2025.2%20English&url=ug1448-hls-guidance&resourceid=200-880.html
    Name Prefix: '+' for module, 'o' for loop, '*' for dataflow


================================================================
== HW Interfaces
================================================================
* M_AXI
+----------------+------------+------------+---------------+---------+--------+----------+-----------+--------------+--------------+-------------+-------------+-------------------+
| Interface      | Read/Write | Data Width | Address Width | Latency | Offset | Register | Max Widen | Max Read     | Max Write    | Num Read    | Num Write   | Resource Estimate |
|                |            | (SW->HW)   |               |         |        |          | Bitwidth  | Burst Length | Burst Length | Outstanding | Outstanding |                   |
+----------------+------------+------------+---------------+---------+--------+----------+-----------+--------------+--------------+-------------+-------------+-------------------+
| m_axi_gmem_in  | READ_ONLY  | 24 -> 32   | 64            | 64      | slave  | 0        | 512       | 16           | 16           | 16          | 16          | BRAM=2            |
| m_axi_gmem_out | WRITE_ONLY | 8 -> 512   | 64            | 64      | slave  | 0        | 512       | 16           | 16           | 16          | 16          |                   |
+----------------+------------+------------+---------------+---------+--------+----------+-----------+--------------+--------------+-------------+-------------+-------------------+

* S_AXILITE Interfaces
+---------------+------------+---------------+--------+----------+
| Interface     | Data Width | Address Width | Offset | Register |
+---------------+------------+---------------+--------+----------+
| s_axi_control | 32         | 6             | 16     | 0        |
+---------------+------------+---------------+--------+----------+

* S_AXILITE Registers
+---------------+----------+--------+-------+--------+----------------------------------+------------------------------------------------------------------------------------+
| Interface     | Register | Offset | Width | Access | Description                      | Bit Fields                                                                         |
+---------------+----------+--------+-------+--------+----------------------------------+------------------------------------------------------------------------------------+
| s_axi_control | CTRL     | 0x00   | 32    | RW     | Control signals                  | 0=AP_START 1=AP_DONE 2=AP_IDLE 3=AP_READY 4=AP_CONTINUE 7=AUTO_RESTART 9=INTERRUPT |
| s_axi_control | GIER     | 0x04   | 32    | RW     | Global Interrupt Enable Register | 0=Enable                                                                           |
| s_axi_control | IP_IER   | 0x08   | 32    | RW     | IP Interrupt Enable Register     | 0=CHAN0_INT_EN 1=CHAN1_INT_EN                                                      |
| s_axi_control | IP_ISR   | 0x0c   | 32    | RW     | IP Interrupt Status Register     | 0=CHAN0_INT_ST 1=CHAN1_INT_ST                                                      |
| s_axi_control | in_r_1   | 0x10   | 32    | W      | Data signal of in_r              |                                                                                    |
| s_axi_control | in_r_2   | 0x14   | 32    | W      | Data signal of in_r              |                                                                                    |
| s_axi_control | out_r_1  | 0x1c   | 32    | W      | Data signal of out_r             |                                                                                    |
| s_axi_control | out_r_2  | 0x20   | 32    | W      | Data signal of out_r             |                                                                                    |
+---------------+----------+--------+-------+--------+----------------------------------+------------------------------------------------------------------------------------+

* TOP LEVEL CONTROL
+-----------+---------------+-----------+
| Interface | Type          | Ports     |
+-----------+---------------+-----------+
| ap_clk    | clock         | ap_clk    |
| ap_rst_n  | reset         | ap_rst_n  |
| interrupt | interrupt     | interrupt |
| ap_ctrl   | ap_ctrl_chain |           |
+-----------+---------------+-----------+


================================================================
== SW I/O Information
================================================================
* Top Function Arguments
+----------+-----------+----------------+
| Argument | Direction | Datatype       |
+----------+-----------+----------------+
| in       | in        | RGBPixel*      |
| out      | out       | unsigned char* |
+----------+-----------+----------------+

* SW-to-HW Mapping
+----------+----------------+-----------+----------+-----------------------------------+
| Argument | HW Interface   | HW Type   | HW Usage | HW Info                           |
+----------+----------------+-----------+----------+-----------------------------------+
| in       | m_axi_gmem_in  | interface |          | channel=0                         |
| in       | s_axi_control  | register  | offset   | name=in_r_1 offset=0x10 range=32  |
| in       | s_axi_control  | register  | offset   | name=in_r_2 offset=0x14 range=32  |
| out      | m_axi_gmem_out | interface |          | channel=0                         |
| out      | s_axi_control  | register  | offset   | name=out_r_1 offset=0x1c range=32 |
| out      | s_axi_control  | register  | offset   | name=out_r_2 offset=0x20 range=32 |
+----------+----------------+-----------+----------+-----------------------------------+


================================================================
== M_AXI Burst Information
================================================================
 Note: All burst requests might be further partitioned into multiple requests during RTL generation based on max_read_burst_length or max_write_burst_length settings.

* Inferred Burst Summary
+----------------+-----------+--------+-------+
| HW Interface   | Direction | Length | Width |
+----------------+-----------+--------+-------+
| m_axi_gmem_out | write     | 8      | 512   |
+----------------+-----------+--------+-------+

* All M_AXI Variable Accesses
+----------------+----------+-----------------------------+-----------+--------------+--------+-----------------+-----------------------------+------------+---------------------------------------------------------------------------------------------+
| HW Interface   | Variable | Access Location             | Direction | Burst Status | Length | Loop            | Loop Location               | Resolution | Problem                                                                                     |
+----------------+----------+-----------------------------+-----------+--------------+--------+-----------------+-----------------------------+------------+---------------------------------------------------------------------------------------------+
| m_axi_gmem_in  | input    | ../src/grayscale.cpp:9:33   | read      | Fail         |        |                 |                             |            | Inferred burst reverted due to burst accesses data width is different from m_axi port width |
| m_axi_gmem_in  | input    | ../src/grayscale.cpp:9:33   | read      | Widen Fail   |        | VITIS_LOOP_7_1  | ../src/grayscale.cpp:7:21   | 214-307    | Could not widen since type i8 size is greater than or equal to alignment 1(bytes)           |
| m_axi_gmem_in  | input    | ../src/grayscale.cpp:9:33   | read      | Inferred     | 1536   | VITIS_LOOP_7_1  | ../src/grayscale.cpp:7:21   |            |                                                                                             |
| m_axi_gmem_in  | input    | ../src/grayscale.cpp:10:34  | read      | Fail         |        |                 |                             |            | Inferred burst reverted due to burst accesses data width is different from m_axi port width |
| m_axi_gmem_in  | input    | ../src/grayscale.cpp:10:34  | read      | Widen Fail   |        | VITIS_LOOP_7_1  | ../src/grayscale.cpp:7:21   | 214-307    | Could not widen since type i8 size is greater than or equal to alignment 1(bytes)           |
| m_axi_gmem_in  | input    | ../src/grayscale.cpp:10:34  | read      | Inferred     | 1536   | VITIS_LOOP_7_1  | ../src/grayscale.cpp:7:21   |            |                                                                                             |
| m_axi_gmem_in  | input    | ../src/grayscale.cpp:11:33  | read      | Fail         |        |                 |                             |            | Inferred burst reverted due to burst accesses data width is different from m_axi port width |
| m_axi_gmem_in  | input    | ../src/grayscale.cpp:11:33  | read      | Widen Fail   |        | VITIS_LOOP_7_1  | ../src/grayscale.cpp:7:21   | 214-307    | Could not widen since type i8 size is greater than or equal to alignment 1(bytes)           |
| m_axi_gmem_in  | input    | ../src/grayscale.cpp:11:33  | read      | Inferred     | 1536   | VITIS_LOOP_7_1  | ../src/grayscale.cpp:7:21   |            |                                                                                             |
| m_axi_gmem_out | output   | ../src/output_row.cpp:21:42 | write     | Widened      | 8      | VITIS_LOOP_20_1 | ../src/output_row.cpp:20:22 |            |                                                                                             |
| m_axi_gmem_out | output   | ../src/output_row.cpp:21:42 | write     | Inferred     | 512    | VITIS_LOOP_20_1 | ../src/output_row.cpp:20:22 |            |                                                                                             |
+----------------+----------+-----------------------------+-----------+--------------+--------+-----------------+-----------------------------+------------+---------------------------------------------------------------------------------------------+

    * Resolution URL: docs.amd.com/access/sources/dita/topic?Doc_Version=2025.2%20English&url=ug1448-hls-guidance&resourceid=XXX-YYY.html (replace XXX-YYY with column value)

================================================================
== Bind Op Report
================================================================
+--------------------------------------------------------------+-----+--------+------------------+-----------+------------------------+---------+
| Name                                                         | DSP | Pragma | Variable         | Op        | Impl                   | Latency |
+--------------------------------------------------------------+-----+--------+------------------+-----------+------------------------+---------+
| + canny_top                                                  | 6   |        |                  |           |                        |         |
|  + dataflow_in_loop_VITIS_LOOP_7_1_1                         | 6   |        |                  |           |                        |         |
|   + dataflow_in_loop_VITIS_LOOP_7_1_1_Block_newFuncRoot_proc | 0   |        |                  |           |                        |         |
|     select_ln21_fu_40_p3                                     |     |        | select_ln21      | select    | auto_sel               | 0       |
|   + grayscale                                                | 2   |        |                  |           |                        |         |
|     empty_fu_69_p2                                           |     |        | empty            | sub       | fabric                 | 0       |
|     empty_42_fu_79_p2                                        |     |        | empty_42         | add       | fabric                 | 0       |
|    + grayscale_Pipeline_VITIS_LOOP_7_1                       | 2   |        |                  |           |                        |         |
|      sub_ln9_fu_143_p2                                       |     |        | sub_ln9          | sub       | fabric                 | 0       |
|      add_ln9_fu_153_p2                                       |     |        | add_ln9          | add       | fabric                 | 0       |
|      lshr_ln9_fu_286_p2                                      |     |        | lshr_ln9         | lshr      | auto_pipe              | 0       |
|      add_ln9_1_fu_189_p2                                     |     |        | add_ln9_1        | add       | fabric                 | 0       |
|      add_ln9_2_fu_198_p2                                     |     |        | add_ln9_2        | add       | fabric                 | 0       |
|      lshr_ln9_1_fu_307_p2                                    |     |        | lshr_ln9_1       | lshr      | auto_pipe              | 0       |
|      add_ln9_3_fu_227_p2                                     |     |        | add_ln9_3        | add       | fabric                 | 0       |
|      add_ln9_4_fu_236_p2                                     |     |        | add_ln9_4        | add       | fabric                 | 0       |
|      lshr_ln9_2_fu_328_p2                                    |     |        | lshr_ln9_2       | lshr      | auto_pipe              | 0       |
|      mul_8ns_8ns_15_1_1_U4                                   |     |        | mul_ln10         | mul       | auto                   | 0       |
|      mac_muladd_8ns_8ns_15ns_16_4_1_U6                       | 1   |        | mul_ln10_1       | mul       | dsp_slice              | 3       |
|      mac_muladd_8ns_5ns_15s_15_4_1_U5                        | 1   |        | mul_ln10_2       | mul       | dsp_slice              | 3       |
|      mac_muladd_8ns_5ns_15s_15_4_1_U5                        | 1   |        | zext_ln10_2      | zext      | dsp_slice              | 3       |
|      mac_muladd_8ns_5ns_15s_15_4_1_U5                        | 1   |        | add_ln10         | add       | dsp_slice              | 3       |
|      mac_muladd_8ns_8ns_15ns_16_4_1_U6                       | 1   |        | gray             | add       | dsp_slice              | 3       |
|      column_6_fu_265_p2                                      |     |        | column_6         | add       | fabric                 | 0       |
|      icmp_ln7_fu_183_p2                                      |     |        | icmp_ln7         | seteq     | auto                   | 0       |
|   + gaussian_blur                                            | 0   |        |                  |           |                        |         |
|     srem_32ns_4ns_32_36_seq_1_U30                            |     |        | writeSlot        | srem      | auto_seq               | 35      |
|     grp_fu_188_p0                                            |     |        | add_ln50         | add       | fabric                 | 0       |
|     outputRow_fu_108_p2                                      |     |        | outputRow        | add       | fabric                 | 0       |
|     icmp_ln59_fu_123_p2                                      |     |        | icmp_ln59        | setlt     | auto                   | 0       |
|     icmp_ln59_1_fu_129_p2                                    |     |        | icmp_ln59_1      | setgt     | auto                   | 0       |
|     or_ln59_fu_135_p2                                        |     |        | or_ln59          | or        | auto                   | 0       |
|     grp_fu_146_p0                                            |     |        | add_ln76         | add       | fabric                 | 0       |
|     srem_32ns_4ns_32_36_seq_1_U31                            |     |        | srem_ln21        | srem      | auto_seq               | 35      |
|     add_ln22_fu_206_p2                                       |     |        | add_ln22         | add       | fabric                 | 0       |
|     select_ln22_fu_212_p3                                    |     |        | select_ln22      | select    | auto_sel               | 0       |
|     urem_32ns_4ns_3_36_seq_1_U32                             |     |        | result_15        | urem      | auto_seq               | 35      |
|     grp_fu_163_p0                                            |     |        | add_ln79         | add       | fabric                 | 0       |
|     srem_32ns_4ns_32_36_seq_1_U33                            |     |        | srem_ln21_1      | srem      | auto_seq               | 35      |
|     add_ln22_1_fu_238_p2                                     |     |        | add_ln22_1       | add       | fabric                 | 0       |
|     select_ln22_1_fu_244_p3                                  |     |        | select_ln22_1    | select    | auto_sel               | 0       |
|     add_ln22_2_fu_176_p2                                     |     |        | add_ln22_2       | add       | fabric                 | 0       |
|     select_ln22_2_fu_181_p3                                  |     |        | select_ln22_2    | select    | auto_sel               | 0       |
|     srem_32ns_4ns_32_36_seq_1_U34                            |     |        | srem_ln21_2      | srem      | auto_seq               | 35      |
|     add_ln22_3_fu_265_p2                                     |     |        | add_ln22_3       | add       | fabric                 | 0       |
|     select_ln22_3_fu_271_p3                                  |     |        | select_ln22_3    | select    | auto_sel               | 0       |
|    + gaussian_blur_Pipeline_VITIS_LOOP_46_1                  | 0   |        |                  |           |                        |         |
|      icmp_ln46_fu_119_p2                                     |     |        | icmp_ln46        | seteq     | auto                   | 0       |
|      add_ln46_fu_125_p2                                      |     |        | add_ln46         | add       | fabric                 | 0       |
|    + gaussian_blur_Pipeline_VITIS_LOOP_64_2                  | 0   |        |                  |           |                        |         |
|      icmp_ln64_fu_598_p2                                     |     |        | icmp_ln64        | seteq     | auto                   | 0       |
|      add_ln89_fu_630_p2                                      |     |        | add_ln89         | add       | fabric                 | 0       |
|      grp_fu_547_p3                                           |     |        | sum              | select    | auto_sel               | 0       |
|      add_ln89_1_fu_658_p2                                    |     |        | add_ln89_1       | add       | fabric                 | 0       |
|      grp_fu_554_p3                                           |     |        | select_ln93      | select    | auto_sel               | 0       |
|      grp_fu_561_p3                                           |     |        | select_ln93_1    | select    | auto_sel               | 0       |
|      add_ln89_2_fu_686_p2                                    |     |        | add_ln89_2       | add       | fabric                 | 0       |
|      grp_fu_568_p3                                           |     |        | select_ln93_2    | select    | auto_sel               | 0       |
|      add_ln93_fu_755_p2                                      |     |        | add_ln93         | add       | fabric                 | 0       |
|      grp_fu_561_p3                                           |     |        | select_ln93_3    | select    | auto_sel               | 0       |
|      grp_fu_547_p3                                           |     |        | select_ln93_4    | select    | auto_sel               | 0       |
|      grp_fu_568_p3                                           |     |        | select_ln93_5    | select    | auto_sel               | 0       |
|      grp_fu_561_p3                                           |     |        | select_ln93_6    | select    | auto_sel               | 0       |
|      grp_fu_554_p3                                           |     |        | select_ln93_7    | select    | auto_sel               | 0       |
|      grp_fu_547_p3                                           |     |        | select_ln93_8    | select    | auto_sel               | 0       |
|      grp_fu_561_p3                                           |     |        | select_ln93_9    | select    | auto_sel               | 0       |
|      grp_fu_568_p3                                           |     |        | select_ln93_10   | select    | auto_sel               | 0       |
|      grp_fu_547_p3                                           |     |        | select_ln93_11   | select    | auto_sel               | 0       |
|      grp_fu_554_p3                                           |     |        | select_ln93_12   | select    | auto_sel               | 0       |
|      grp_fu_561_p3                                           |     |        | select_ln93_13   | select    | auto_sel               | 0       |
|      grp_fu_547_p3                                           |     |        | select_ln93_14   | select    | auto_sel               | 0       |
|      grp_fu_568_p3                                           |     |        | select_ln93_15   | select    | auto_sel               | 0       |
|      grp_fu_561_p3                                           |     |        | select_ln93_16   | select    | auto_sel               | 0       |
|      grp_fu_554_p3                                           |     |        | select_ln93_17   | select    | auto_sel               | 0       |
|      grp_fu_547_p3                                           |     |        | select_ln93_18   | select    | auto_sel               | 0       |
|      grp_fu_575_p3                                           |     |        | select_ln93_19   | select    | auto_sel               | 0       |
|      grp_fu_568_p3                                           |     |        | select_ln93_20   | select    | auto_sel               | 0       |
|      select_ln93_21_fu_1240_p3                               |     |        | select_ln93_21   | select    | auto_sel               | 0       |
|      grp_fu_554_p3                                           |     |        | select_ln93_22   | select    | auto_sel               | 0       |
|      grp_fu_575_p3                                           |     |        | select_ln93_23   | select    | auto_sel               | 0       |
|      empty_fu_781_p2                                         |     |        | empty            | add       | fabric                 | 0       |
|      tmp_fu_930_p2                                           |     |        | tmp              | add       | fabric                 | 0       |
|      empty_43_fu_940_p2                                      |     |        | empty_43         | add       | fabric                 | 0       |
|      tmp3_fu_1112_p2                                         |     |        | tmp3             | add       | fabric                 | 0       |
|      tmp2_fu_1189_p2                                         |     |        | tmp2             | add       | fabric                 | 0       |
|      tmp8_fu_946_p2                                          |     |        | tmp8             | add       | fabric                 | 0       |
|      tmp4_fu_1208_p2                                         |     |        | tmp4             | add       | fabric                 | 0       |
|      tmp10_fu_1218_p2                                        |     |        | tmp10            | add       | fabric                 | 0       |
|      tmp11_fu_1360_p2                                        |     |        | tmp11            | sub       | fabric                 | 0       |
|      empty_44_fu_851_p2                                      |     |        | empty_44         | add       | fabric                 | 0       |
|      tmp5_fu_1049_p2                                         |     |        | tmp5             | add       | fabric                 | 0       |
|      tmp141_fu_1059_p2                                       |     |        | tmp141           | add       | fabric                 | 0       |
|      tmp16_fu_1065_p2                                        |     |        | tmp16            | add       | fabric                 | 0       |
|      tmp6_fu_1254_p2                                         |     |        | tmp6             | add       | fabric                 | 0       |
|      tmp18_fu_1264_p2                                        |     |        | tmp18            | add       | fabric                 | 0       |
|      tmp19_fu_1306_p2                                        |     |        | tmp19            | sub       | fabric                 | 0       |
|      add_ln91_fu_857_p2                                      |     |        | add_ln91         | add       | fabric                 | 0       |
|      add_ln91_2_fu_1132_p2                                   |     |        | add_ln91_2       | add       | fabric                 | 0       |
|      add_ln91_5_fu_1322_p2                                   |     |        | add_ln91_5       | add       | fabric                 | 0       |
|   + sobel                                                    | 4   |        |                  |           |                        |         |
|     srem_32ns_3ns_2_36_seq_1_U69                             |     |        | writeSlot        | srem      | auto_seq               | 35      |
|     icmp_ln101_fu_129_p2                                     |     |        | icmp_ln101       | setlt     | auto                   | 0       |
|     outputRow_fu_140_p2                                      |     |        | outputRow        | add       | fabric                 | 0       |
|     icmp_ln112_fu_149_p2                                     |     |        | icmp_ln112       | setgt     | auto                   | 0       |
|     grp_fu_160_p0                                            |     |        | add_ln26         | add       | fabric                 | 0       |
|     urem_31ns_3ns_2_35_seq_1_U70                             |     |        | urem_ln26        | urem      | auto_seq               | 34      |
|     urem_31ns_3ns_2_35_seq_1_U71                             |     |        | result_7         | urem      | auto_seq               | 34      |
|     add_ln102_fu_182_p2                                      |     |        | add_ln102        | add       | fabric                 | 0       |
|    + sobel_Pipeline_VITIS_LOOP_89_1                          | 0   |        |                  |           |                        |         |
|      icmp_ln89_fu_137_p2                                     |     |        | icmp_ln89        | seteq     | auto                   | 0       |
|      add_ln89_fu_143_p2                                      |     |        | add_ln89         | add       | fabric                 | 0       |
|    + sobel_Pipeline_VITIS_LOOP_118_2                         | 4   |        |                  |           |                        |         |
|      icmp_ln118_fu_342_p2                                    |     |        | icmp_ln118       | seteq     | auto                   | 0       |
|      add_ln140_fu_387_p2                                     |     |        | add_ln140        | add       | fabric                 | 0       |
|      pixel_fu_460_p3                                         |     |        | pixel            | select    | auto_sel               | 0       |
|      select_ln143_fu_467_p3                                  |     |        | select_ln143     | select    | auto_sel               | 0       |
|      add_ln140_1_fu_415_p2                                   |     |        | add_ln140_1      | add       | fabric                 | 0       |
|      pixel_1_fu_490_p3                                       |     |        | pixel_1          | select    | auto_sel               | 0       |
|      grp_fu_320_p3                                           |     |        | select_ln143_2   | select    | auto_sel               | 0       |
|      grp_fu_327_p3                                           |     |        | select_ln143_3   | select    | auto_sel               | 0       |
|      grp_fu_320_p3                                           |     |        | pixel_2          | select    | auto_sel               | 0       |
|      sub_ln145_fu_548_p2                                     |     |        | sub_ln145        | sub       | fabric                 | 0       |
|      tmp_fu_618_p2                                           |     |        | tmp              | sub       | fabric                 | 0       |
|      select_ln143_5_fu_497_p3                                |     |        | select_ln143_5   | select    | auto_sel               | 0       |
|      tmp3_fu_508_p2                                          |     |        | tmp3             | sub       | fabric                 | 0       |
|      add_ln149_fu_565_p2                                     |     |        | add_ln149        | add       | fabric                 | 0       |
|      grp_fu_327_p3                                           |     |        | pixel_3          | select    | auto_sel               | 0       |
|      add_ln145_fu_636_p2                                     |     |        | add_ln145        | add       | fabric                 | 0       |
|      add_ln149_2_fu_595_p2                                   |     |        | add_ln149_2      | add       | fabric                 | 0       |
|      gradientY_fu_601_p2                                     |     |        | gradientY        | add       | fabric                 | 0       |
|      mul_11s_11s_22_1_1_U49                                  | 1   |        | mul_ln156        | mul       | auto                   | 0       |
|      mac_muladd_11s_11s_22s_22_4_1_U53                       | 1   |        | mul_ln156_1      | mul       | dsp_slice              | 3       |
|      mac_muladd_11s_11s_22s_22_4_1_U53                       | 1   |        | squaredMagnitude | add       | dsp_slice              | 3       |
|      sitodp_32s_64_6_no_dsp_1_U46                            |     |        | conv59_i         | sitodp    | auto                   | 5       |
|      dsqrt_64ns_64ns_64_57_no_dsp_1_U47                      |     |        | dc               | dsqrt     | fabric                 | 56      |
|      add_ln486_fu_960_p2                                     |     |        | add_ln486        | add       | fabric                 | 0       |
|      sub_ln18_fu_974_p2                                      |     |        | sub_ln18         | sub       | fabric                 | 0       |
|      select_ln18_fu_984_p3                                   |     |        | select_ln18      | select    | auto_sel               | 0       |
|      lshr_ln18_fu_1000_p2                                    |     |        | lshr_ln18        | lshr      | auto_pipe              | 0       |
|      shl_ln18_fu_1016_p2                                     |     |        | shl_ln18         | shl       | auto_pipe              | 0       |
|      val_fu_1030_p3                                          |     |        | val              | select    | auto_sel               | 0       |
|      result_2_fu_1036_p2                                     |     |        | result_2         | sub       | fabric                 | 0       |
|      result_4_fu_1042_p3                                     |     |        | result_4         | select    | auto_sel               | 0       |
|      icmp_ln166_fu_1063_p2                                   |     |        | icmp_ln166       | setgt     | auto                   | 0       |
|      select_ln171_fu_1068_p3                                 |     |        | select_ln171     | select    | auto_sel               | 0       |
|      sub_ln31_fu_721_p2                                      |     |        | sub_ln31         | sub       | fabric                 | 0       |
|      absoluteX_fu_727_p3                                     |     |        | absoluteX        | select    | auto_sel               | 0       |
|      sub_ln31_1_fu_656_p2                                    |     |        | sub_ln31_1       | sub       | fabric                 | 0       |
|      absoluteY_fu_661_p3                                     |     |        | absoluteY        | select    | auto_sel               | 0       |
|      or_ln41_fu_735_p2                                       |     |        | or_ln41          | or        | auto                   | 0       |
|      icmp_ln41_fu_740_p2                                     |     |        | icmp_ln41        | seteq     | auto                   | 0       |
|      mul_10ns_11ns_20_1_1_U48                                | 1   |        | mul_ln45         | mul       | auto                   | 0       |
|      mul_10ns_10ns_19_1_1_U50                                |     |        | mul_ln45_1       | mul       | auto                   | 0       |
|      icmp_ln45_fu_768_p2                                     |     |        | icmp_ln45        | setgt     | auto                   | 0       |
|      mul_10ns_13ns_22_1_1_U51                                | 1   |        | mul_ln49         | mul       | auto                   | 0       |
|      icmp_ln49_fu_784_p2                                     |     |        | icmp_ln49        | setlt     | auto                   | 0       |
|      or_ln54_fu_794_p2                                       |     |        | or_ln54          | or        | auto                   | 0       |
|      and_ln55_fu_802_p2                                      |     |        | and_ln55         | and       | auto                   | 0       |
|      xor_ln45_fu_810_p2                                      |     |        | xor_ln45         | xor       | auto                   | 0       |
|      or_ln45_fu_815_p2                                       |     |        | or_ln45          | or        | auto                   | 0       |
|      xor_ln41_fu_820_p2                                      |     |        | xor_ln41         | xor       | auto                   | 0       |
|      and_ln45_fu_825_p2                                      |     |        | and_ln45         | and       | auto                   | 0       |
|      xor_ln49_fu_830_p2                                      |     |        | xor_ln49         | xor       | auto                   | 0       |
|      and_ln49_fu_835_p2                                      |     |        | and_ln49         | and       | auto                   | 0       |
|      xor_ln55_fu_857_p2                                      |     |        | xor_ln55         | xor       | auto                   | 0       |
|      and_ln55_1_fu_863_p2                                    |     |        | and_ln55_1       | and       | auto                   | 0       |
|      and_ln55_2_fu_868_p2                                    |     |        | and_ln55_2       | and       | auto                   | 0       |
|      and_ln55_3_fu_874_p2                                    |     |        | and_ln55_3       | and       | auto                   | 0       |
|      sparsemux_9_3_2_1_1_U52                                 |     |        | retval_0_i_i     | sparsemux | onehotencoding_realdef | 0       |
|   + non_maximum_suppression                                  | 0   |        |                  |           |                        |         |
|     srem_32ns_3ns_2_36_seq_1_U94                             |     |        | writeSlot        | srem      | auto_seq               | 35      |
|     icmp_ln54_fu_138_p2                                      |     |        | icmp_ln54        | setlt     | auto                   | 0       |
|     outputRow_fu_158_p2                                      |     |        | outputRow        | add       | fabric                 | 0       |
|     icmp_ln66_fu_167_p2                                      |     |        | icmp_ln66        | setgt     | auto                   | 0       |
|     grp_fu_178_p0                                            |     |        | add_ln12         | add       | fabric                 | 0       |
|     urem_31ns_3ns_2_35_seq_1_U95                             |     |        | result           | urem      | auto_seq               | 34      |
|     urem_31ns_3ns_2_35_seq_1_U96                             |     |        | result_5         | urem      | auto_seq               | 34      |
|     add_ln55_fu_200_p2                                       |     |        | add_ln55         | add       | fabric                 | 0       |
|    + non_maximum_suppression_Pipeline_VITIS_LOOP_45_1        | 0   |        |                  |           |                        |         |
|      icmp_ln45_fu_160_p2                                     |     |        | icmp_ln45        | seteq     | auto                   | 0       |
|      add_ln45_fu_166_p2                                      |     |        | add_ln45         | add       | fabric                 | 0       |
|      add_ln46_fu_191_p2                                      |     |        | add_ln46         | add       | fabric                 | 0       |
|    + non_maximum_suppression_Pipeline_VITIS_LOOP_81_2        | 0   |        |                  |           |                        |         |
|      icmp_ln81_fu_352_p2                                     |     |        | icmp_ln81        | seteq     | auto                   | 0       |
|      centre_magnitude_fu_422_p3                              |     |        | centre_magnitude | select    | auto_sel               | 0       |
|      neighbourOne_3_fu_528_p3                                |     |        | neighbourOne_3   | select    | auto_sel               | 0       |
|      neighbourTwo_3_fu_536_p3                                |     |        | neighbourTwo_3   | select    | auto_sel               | 0       |
|      grp_fu_294_p2                                           |     |        | add_ln99         | add       | fabric                 | 0       |
|      grp_fu_324_p3                                           |     |        | neighbourOne_2   | select    | auto_sel               | 0       |
|      grp_fu_309_p2                                           |     |        | add_ln102        | add       | fabric                 | 0       |
|      grp_fu_334_p3                                           |     |        | neighbourTwo_2   | select    | auto_sel               | 0       |
|      grp_fu_309_p2                                           |     |        | add_ln115        | add       | fabric                 | 0       |
|      grp_fu_324_p3                                           |     |        | neighbourOne_1   | select    | auto_sel               | 0       |
|      grp_fu_294_p2                                           |     |        | add_ln118        | add       | fabric                 | 0       |
|      grp_fu_334_p3                                           |     |        | neighbourTwo_1   | select    | auto_sel               | 0       |
|      grp_fu_294_p2                                           |     |        | add_ln91         | add       | fabric                 | 0       |
|      grp_fu_324_p3                                           |     |        | neighbourOne     | select    | auto_sel               | 0       |
|      grp_fu_309_p2                                           |     |        | add_ln94         | add       | fabric                 | 0       |
|      grp_fu_334_p3                                           |     |        | neighbourTwo     | select    | auto_sel               | 0       |
|      icmp_ln123_fu_544_p2                                    |     |        | icmp_ln123       | setlt     | auto                   | 0       |
|      xor_ln123_fu_549_p2                                     |     |        | xor_ln123        | xor       | auto                   | 0       |
|      icmp_ln124_fu_555_p2                                    |     |        | icmp_ln124       | setlt     | auto                   | 0       |
|      xor_ln124_fu_560_p2                                     |     |        | xor_ln124        | xor       | auto                   | 0       |
|      and_ln123_fu_566_p2                                     |     |        | and_ln123        | and       | auto                   | 0       |
|      select_ln123_fu_572_p3                                  |     |        | select_ln123     | select    | auto_sel               | 0       |
|      add_ln81_fu_518_p2                                      |     |        | add_ln81         | add       | fabric                 | 0       |
|   + double_threshold                                         | 0   |        |                  |           |                        |         |
|    + double_threshold_Pipeline_VITIS_LOOP_16_1               | 0   |        |                  |           |                        |         |
|      icmp_ln16_fu_78_p2                                      |     |        | icmp_ln16        | seteq     | auto                   | 0       |
|      add_ln16_fu_84_p2                                       |     |        | add_ln16         | add       | fabric                 | 0       |
|      icmp_ln19_fu_100_p2                                     |     |        | icmp_ln19        | setgt     | auto                   | 0       |
|      icmp_ln22_fu_106_p2                                     |     |        | icmp_ln22        | setgt     | auto                   | 0       |
|      select_ln19_1_fu_112_p3                                 |     |        | select_ln19_1    | select    | auto_sel               | 0       |
|      select_ln19_fu_120_p3                                   |     |        | select_ln19      | select    | auto_sel               | 0       |
|   + hysteresis                                               | 0   |        |                  |           |                        |         |
|     srem_32ns_3ns_2_36_seq_1_U119                            |     |        | writeSlot        | srem      | auto_seq               | 35      |
|     icmp_ln69_fu_123_p2                                      |     |        | icmp_ln69        | setlt     | auto                   | 0       |
|     outputRow_fu_134_p2                                      |     |        | outputRow        | add       | fabric                 | 0       |
|     icmp_ln84_fu_143_p2                                      |     |        | icmp_ln84        | setgt     | auto                   | 0       |
|     grp_fu_154_p0                                            |     |        | add_ln12         | add       | fabric                 | 0       |
|     urem_31ns_3ns_2_35_seq_1_U120                            |     |        | result           | urem      | auto_seq               | 34      |
|     urem_31ns_3ns_2_35_seq_1_U121                            |     |        | result_6         | urem      | auto_seq               | 34      |
|     add_ln86_fu_176_p2                                       |     |        | add_ln86         | add       | fabric                 | 0       |
|    + hysteresis_Pipeline_VITIS_LOOP_60_1                     | 0   |        |                  |           |                        |         |
|      icmp_ln60_fu_119_p2                                     |     |        | icmp_ln60        | seteq     | auto                   | 0       |
|      add_ln60_fu_125_p2                                      |     |        | add_ln60         | add       | fabric                 | 0       |
|    + hysteresis_Pipeline_VITIS_LOOP_108_2                    | 0   |        |                  |           |                        |         |
|      icmp_ln108_fu_301_p2                                    |     |        | icmp_ln108       | seteq     | auto                   | 0       |
|      centre_fu_349_p3                                        |     |        | centre           | select    | auto_sel               | 0       |
|      add_ln24_fu_365_p2                                      |     |        | add_ln24         | add       | fabric                 | 0       |
|      grp_fu_267_p3                                           |     |        | select_ln24      | select    | auto_sel               | 0       |
|      grp_fu_274_p2                                           |     |        | icmp_ln24        | seteq     | auto                   | 0       |
|      select_ln25_fu_405_p3                                   |     |        | select_ln25      | select    | auto_sel               | 0       |
|      icmp_ln25_fu_412_p2                                     |     |        | icmp_ln25        | seteq     | auto                   | 0       |
|      add_ln26_fu_418_p2                                      |     |        | add_ln26         | add       | fabric                 | 0       |
|      grp_fu_267_p3                                           |     |        | select_ln26      | select    | auto_sel               | 0       |
|      grp_fu_274_p2                                           |     |        | icmp_ln26        | seteq     | auto                   | 0       |
|      grp_fu_280_p3                                           |     |        | select_ln27      | select    | auto_sel               | 0       |
|      grp_fu_287_p2                                           |     |        | icmp_ln27        | seteq     | auto                   | 0       |
|      grp_fu_280_p3                                           |     |        | select_ln28      | select    | auto_sel               | 0       |
|      grp_fu_287_p2                                           |     |        | icmp_ln28        | seteq     | auto                   | 0       |
|      grp_fu_280_p3                                           |     |        | select_ln29      | select    | auto_sel               | 0       |
|      grp_fu_287_p2                                           |     |        | icmp_ln29        | seteq     | auto                   | 0       |
|      select_ln30_fu_506_p3                                   |     |        | select_ln30      | select    | auto_sel               | 0       |
|      icmp_ln30_fu_513_p2                                     |     |        | icmp_ln30        | seteq     | auto                   | 0       |
|      grp_fu_280_p3                                           |     |        | select_ln31      | select    | auto_sel               | 0       |
|      grp_fu_287_p2                                           |     |        | icmp_ln31        | seteq     | auto                   | 0       |
|      add_ln108_fu_331_p2                                     |     |        | add_ln108        | add       | fabric                 | 0       |
|   + output_row                                               | 0   |        |                  |           |                        |         |
|     add_ln18_fu_97_p2                                        |     |        | add_ln18         | add       | fabric                 | 0       |
|     add_ln21_fu_115_p2                                       |     |        | add_ln21         | add       | fabric                 | 0       |
|     add_ln20_fu_125_p2                                       |     |        | add_ln20         | add       | fabric                 | 0       |
|    + output_row_Pipeline_VITIS_LOOP_20_1                     | 0   |        |                  |           |                        |         |
|      icmp_ln20_fu_116_p2                                     |     |        | icmp_ln20        | seteq     | auto                   | 0       |
|      add_ln20_fu_122_p2                                      |     |        | add_ln20         | add       | fabric                 | 0       |
|      icmp_ln21_fu_137_p2                                     |     |        | icmp_ln21        | seteq     | auto                   | 0       |
|      select_ln21_fu_177_p3                                   |     |        | select_ln21      | select    | auto_sel               | 0       |
+--------------------------------------------------------------+-----+--------+------------------+-----------+------------------------+---------+


================================================================
== Storage Report
================================================================
+-------------------------------------------------------+----------------+-------------+------+------+--------+-------------------------------------------------+------+---------+------------------+
| Name                                                  | Usage          | Type        | BRAM | URAM | Pragma | Variable                                        | Impl | Latency | Bitwidth, Depth, |
|                                                       |                |             |      |      |        |                                                 |      |         | Banks            |
+-------------------------------------------------------+----------------+-------------+------+------+--------+-------------------------------------------------+------+---------+------------------+
| + canny_top                                           |                |             | 18   | 0    |        |                                                 |      |         |                  |
|   control_s_axi_U                                     | interface      | s_axilite   |      |      |        |                                                 |      |         |                  |
|   gmem_in_m_axi_U                                     | interface      | m_axi       | 2    |      |        |                                                 |      |         |                  |
|   gmem_out_m_axi_U                                    | interface      | m_axi       |      |      |        |                                                 |      |         |                  |
|  + dataflow_in_loop_VITIS_LOOP_7_1_1                  |                |             | 16   | 0    |        |                                                 |      |         |                  |
|    out_c_U                                            | fifo channel   | scalar prop |      |      |        | out_c                                           | srl  | 0       | 64, 9, 1         |
|    cond_loc_channel_U                                 | fifo channel   | task level  |      |      |        | cond_loc_channel                                | srl  | 0       | 18, 2, 1         |
|    out_grayscale_U                                    | ram_1p channel | pipo        | 1    |      |        | out_grayscale                                   | auto | 1       | 8, 512, 2        |
|    out_gaussian_U                                     | ram_1p channel | pipo        | 1    |      |        | out_gaussian                                    | auto | 1       | 8, 512, 2        |
|    gaussian_valid_U                                   | fifo channel   | task level  |      |      |        | gaussian_valid                                  | srl  | 0       | 1, 2, 1          |
|    out_sobel_magnitude_U                              | ram_1p channel | pipo        | 1    |      |        | out_sobel_magnitude                             | auto | 1       | 8, 512, 2        |
|    out_sobel_direction_U                              | ram_1p channel | pipo        | 1    |      |        | out_sobel_direction                             | auto | 1       | 2, 512, 2        |
|    sobel_valid_U                                      | fifo channel   | task level  |      |      |        | sobel_valid                                     | srl  | 0       | 1, 2, 1          |
|    out_nonmax_U                                       | ram_1p channel | pipo        | 1    |      |        | out_nonmax                                      | auto | 1       | 8, 512, 2        |
|    nonmax_valid_U                                     | fifo channel   | task level  |      |      |        | nonmax_valid                                    | srl  | 0       | 1, 2, 1          |
|    out_double_U                                       | ram_1p channel | pipo        | 1    |      |        | out_double                                      | auto | 1       | 8, 512, 2        |
|    double_valid_U                                     | fifo channel   | task level  |      |      |        | double_valid                                    | srl  | 0       | 1, 2, 1          |
|    out_hysteresis_U                                   | ram_1p channel | pipo        | 1    |      |        | out_hysteresis                                  | auto | 1       | 2, 512, 2        |
|    hysteresis_valid_U                                 | fifo channel   | task level  |      |      |        | hysteresis_valid                                | srl  | 0       | 1, 2, 1          |
|   + gaussian_blur                                     |                |             | 2    | 0    |        |                                                 |      |         |                  |
|     p_ZN12_GLOBAL_N_110lineBufferE_0_U                | ram_2p         |             | 1    |      |        | p_ZN12_GLOBAL_N_110lineBufferE_0                | auto | 1       | 8, 1280, 1       |
|     p_ZN12_GLOBAL_N_110lineBufferE_1_U                | ram_2p         |             | 1    |      |        | p_ZN12_GLOBAL_N_110lineBufferE_1                | auto | 1       | 8, 1280, 1       |
|   + sobel                                             |                |             | 2    | 0    |        |                                                 |      |         |                  |
|     p_anonymous_namespace_lineBuffer_16_0_U           | ram_2p         |             | 1    |      |        | p_anonymous_namespace_lineBuffer_16_0           | auto | 1       | 8, 768, 1        |
|     p_anonymous_namespace_lineBuffer_16_1_U           | ram_2p         |             | 1    |      |        | p_anonymous_namespace_lineBuffer_16_1           | auto | 1       | 8, 768, 1        |
|   + non_maximum_suppression                           |                |             | 3    | 0    |        |                                                 |      |         |                  |
|     p_anonymous_namespace_lineBuffer_direction_U      | ram_1p         |             | 1    |      |        | p_anonymous_namespace_lineBuffer_direction      | auto | 1       | 2, 1536, 1       |
|     p_anonymous_namespace_lineBuffer_11_magnitude_0_U | ram_2p         |             | 1    |      |        | p_anonymous_namespace_lineBuffer_11_magnitude_0 | auto | 1       | 8, 768, 1        |
|     p_anonymous_namespace_lineBuffer_11_magnitude_1_U | ram_2p         |             | 1    |      |        | p_anonymous_namespace_lineBuffer_11_magnitude_1 | auto | 1       | 8, 768, 1        |
|   + hysteresis                                        |                |             | 2    | 0    |        |                                                 |      |         |                  |
|     p_anonymous_namespace_lineBuffer_6_0_U            | ram_2p         |             | 1    |      |        | p_anonymous_namespace_lineBuffer_6_0            | auto | 1       | 8, 768, 1        |
|     p_anonymous_namespace_lineBuffer_6_1_U            | ram_2p         |             | 1    |      |        | p_anonymous_namespace_lineBuffer_6_1            | auto | 1       | 8, 768, 1        |
+-------------------------------------------------------+----------------+-------------+------+------+--------+-------------------------------------------------+------+---------+------------------+


================================================================
== Pragma Report
================================================================
* Inferred Pragmas
+----------+---------+------------------------------------------------------------------------------------------------------------------------------------+-------------------------------+
| Type     | Options | Location                                                                                                                           | Inferred From                 |
+----------+---------+------------------------------------------------------------------------------------------------------------------------------------+-------------------------------+
| PIPELINE |         | loop VITIS_LOOP_20_1 (../src/output_row.cpp:20:22) in output_row (../src/output_row.cpp:20)                                        | syn.compile.pipeline_loops=64 |
| PIPELINE |         | loop VITIS_LOOP_60_1 (../src/hysteresis.cpp:60:22) in hysteresis (../src/hysteresis.cpp:60)                                        | syn.compile.pipeline_loops=64 |
| PIPELINE |         | loop VITIS_LOOP_108_2 (../src/hysteresis.cpp:108:23) in hysteresis (../src/hysteresis.cpp:108)                                     | syn.compile.pipeline_loops=64 |
| PIPELINE |         | loop VITIS_LOOP_16_1 (../src/double_threshold.cpp:16:22) in double_threshold (../src/double_threshold.cpp:16)                      | syn.compile.pipeline_loops=64 |
| PIPELINE |         | loop VITIS_LOOP_45_1 (../src/non_maximum_suppression.cpp:45:22) in non_maximum_suppression (../src/non_maximum_suppression.cpp:45) | syn.compile.pipeline_loops=64 |
| PIPELINE |         | loop VITIS_LOOP_81_2 (../src/non_maximum_suppression.cpp:81:22) in non_maximum_suppression (../src/non_maximum_suppression.cpp:81) | syn.compile.pipeline_loops=64 |
| PIPELINE |         | loop VITIS_LOOP_89_1 (../src/sobel.cpp:89:22) in sobel (../src/sobel.cpp:89)                                                       | syn.compile.pipeline_loops=64 |
| PIPELINE |         | loop VITIS_LOOP_118_2 (../src/sobel.cpp:118:23) in sobel (../src/sobel.cpp:118)                                                    | syn.compile.pipeline_loops=64 |
| PIPELINE |         | loop VITIS_LOOP_46_1 (../src/gaussian_blur.cpp:46:22) in gaussian_blur (../src/gaussian_blur.cpp:46)                               | syn.compile.pipeline_loops=64 |
| PIPELINE |         | loop VITIS_LOOP_64_2 (../src/gaussian_blur.cpp:64:22) in gaussian_blur (../src/gaussian_blur.cpp:64)                               | syn.compile.pipeline_loops=64 |
| PIPELINE |         | loop VITIS_LOOP_7_1 (../src/grayscale.cpp:7:21) in grayscale (../src/grayscale.cpp:7)                                              | syn.compile.pipeline_loops=64 |
+----------+---------+------------------------------------------------------------------------------------------------------------------------------------+-------------------------------+

* Valid Pragma Syntax
+-----------+--------------------------------+---------------------------------------+
| Type      | Options                        | Location                              |
+-----------+--------------------------------+---------------------------------------+
| INTERFACE | m_axi port=in bundle=gmem_in   | in canny_top (../src/canny_top.cpp:4) |
| INTERFACE | m_axi port=out bundle=gmem_out | in canny_top (../src/canny_top.cpp:5) |
| DATAFLOW  |                                | in canny_top (../src/canny_top.cpp:8) |
+-----------+--------------------------------+---------------------------------------+


