

================================================================
== Vitis HLS Report for 'canny_top_Pipeline_VITIS_LOOP_32_1_VITIS_LOOP_33_2'
================================================================
* Date:           Thu Jul 30 19:40:38 2026

* Version:        2025.2 (Build 6295257 on Nov 14 2025)
* Project:        canny_top
* Solution:       hls (Vitis Kernel Flow Target)
* Product family: zynquplus
* Target device:  xck26-sfvc784-2LV-c


================================================================
== Performance Estimates
================================================================
+ Timing: 
    * Summary: 
    +--------+---------+----------+------------+
    |  Clock |  Target | Estimated| Uncertainty|
    +--------+---------+----------+------------+
    |ap_clk  |  5.00 ns|  3.178 ns|     1.35 ns|
    +--------+---------+----------+------------+

+ Latency: 
    * Summary: 
    +---------+---------+----------+----------+-----+-----+-------------------+
    |  Latency (cycles) |  Latency (absolute) |  Interval |      Pipeline     |
    |   min   |   max   |    min   |    max   | min | max |        Type       |
    +---------+---------+----------+----------+-----+-----+-------------------+
    |     1538|     1538|  7.690 us|  7.690 us|    0|    0|  loop pipeline stp|
    +---------+---------+----------+----------+-----+-----+-------------------+

    + Detail: 
        * Instance: 
        N/A

        * Loop: 
        +-----------------------------------+---------+---------+----------+-----------+-----------+------+----------+
        |                                   |  Latency (cycles) | Iteration|  Initiation Interval  | Trip |          |
        |             Loop Name             |   min   |   max   |  Latency |  achieved |   target  | Count| Pipelined|
        +-----------------------------------+---------+---------+----------+-----------+-----------+------+----------+
        |- VITIS_LOOP_32_1_VITIS_LOOP_33_2  |     1536|     1536|         1|          1|          1|  1536|       yes|
        +-----------------------------------+---------+---------+----------+-----------+-----------+------+----------+



================================================================
== Utilization Estimates
================================================================
* Summary: 
+-----------------+---------+------+--------+--------+-----+
|       Name      | BRAM_18K|  DSP |   FF   |   LUT  | URAM|
+-----------------+---------+------+--------+--------+-----+
|DSP              |        -|     -|       -|       -|    -|
|Expression       |        -|     -|       0|      92|    -|
|FIFO             |        -|     -|       -|       -|    -|
|Instance         |        -|     -|       -|       -|    -|
|Memory           |        -|     -|       -|       -|    -|
|Multiplexer      |        -|     -|       0|      63|    -|
|Register         |        -|     -|      25|       -|    -|
+-----------------+---------+------+--------+--------+-----+
|Total            |        0|     0|      25|     155|    0|
+-----------------+---------+------+--------+--------+-----+
|Available        |      288|  1248|  234240|  117120|   64|
+-----------------+---------+------+--------+--------+-----+
|Utilization (%)  |        0|     0|      ~0|      ~0|    0|
+-----------------+---------+------+--------+--------+-----+

+ Detail: 
    * Instance: 
    N/A

    * DSP: 
    N/A

    * Memory: 
    N/A

    * FIFO: 
    N/A

    * Expression: 
    +-------------------------+----------+----+---+----+------------+------------+
    |      Variable Name      | Operation| DSP| FF| LUT| Bitwidth P0| Bitwidth P1|
    +-------------------------+----------+----+---+----+------------+------------+
    |add_ln32_1_fu_194_p2     |         +|   0|  0|   9|           2|           1|
    |add_ln32_fu_168_p2       |         +|   0|  0|  18|          11|           1|
    |add_ln33_fu_226_p2       |         +|   0|  0|  17|          10|           1|
    |icmp_ln32_fu_162_p2      |      icmp|   0|  0|  18|          11|          11|
    |icmp_ln33_fu_180_p2      |      icmp|   0|  0|  18|          10|          11|
    |select_ln32_2_fu_200_p3  |    select|   0|  0|   2|           1|           2|
    |select_ln32_fu_186_p3    |    select|   0|  0|  10|           1|           1|
    +-------------------------+----------+----+---+----+------------+------------+
    |Total                    |          |   0|  0|  92|          46|          28|
    +-------------------------+----------+----+---+----+------------+------------+

    * Multiplexer: 
    +----------------------------------------+----+-----------+-----+-----------+
    |                  Name                  | LUT| Input Size| Bits| Total Bits|
    +----------------------------------------+----+-----------+-----+-----------+
    |ap_done_int                             |   9|          2|    1|          2|
    |ap_sig_allocacmp_column_9_load          |   9|          2|   10|         20|
    |ap_sig_allocacmp_indvar_flatten13_load  |   9|          2|   11|         22|
    |ap_sig_allocacmp_row_load               |   9|          2|    2|          4|
    |column_9_fu_48                          |   9|          2|   10|         20|
    |indvar_flatten13_fu_56                  |   9|          2|   11|         22|
    |row_fu_52                               |   9|          2|    2|          4|
    +----------------------------------------+----+-----------+-----+-----------+
    |Total                                   |  63|         14|   47|         94|
    +----------------------------------------+----+-----------+-----+-----------+

    * Register: 
    +------------------------+----+----+-----+-----------+
    |          Name          | FF | LUT| Bits| Const Bits|
    +------------------------+----+----+-----+-----------+
    |ap_CS_fsm               |   1|   0|    1|          0|
    |ap_done_reg             |   1|   0|    1|          0|
    |column_9_fu_48          |  10|   0|   10|          0|
    |indvar_flatten13_fu_56  |  11|   0|   11|          0|
    |row_fu_52               |   2|   0|    2|          0|
    +------------------------+----+----+-----+-----------+
    |Total                   |  25|   0|   25|          0|
    +------------------------+----+----+-----+-----------+



================================================================
== Interface
================================================================
* Summary: 
+-------------------------------------------------------+-----+-----+------------+----------------------------------------------------+--------------+
|                       RTL Ports                       | Dir | Bits|  Protocol  |                    Source Object                   |    C Type    |
+-------------------------------------------------------+-----+-----+------------+----------------------------------------------------+--------------+
|ap_clk                                                 |   in|    1|  ap_ctrl_hs|  canny_top_Pipeline_VITIS_LOOP_32_1_VITIS_LOOP_33_2|  return value|
|ap_rst                                                 |   in|    1|  ap_ctrl_hs|  canny_top_Pipeline_VITIS_LOOP_32_1_VITIS_LOOP_33_2|  return value|
|ap_start                                               |   in|    1|  ap_ctrl_hs|  canny_top_Pipeline_VITIS_LOOP_32_1_VITIS_LOOP_33_2|  return value|
|ap_done                                                |  out|    1|  ap_ctrl_hs|  canny_top_Pipeline_VITIS_LOOP_32_1_VITIS_LOOP_33_2|  return value|
|ap_idle                                                |  out|    1|  ap_ctrl_hs|  canny_top_Pipeline_VITIS_LOOP_32_1_VITIS_LOOP_33_2|  return value|
|ap_ready                                               |  out|    1|  ap_ctrl_hs|  canny_top_Pipeline_VITIS_LOOP_32_1_VITIS_LOOP_33_2|  return value|
|p_anonymous_namespace_lineBuffer_magnitude_0_address0  |  out|    9|   ap_memory|        p_anonymous_namespace_lineBuffer_magnitude_0|         array|
|p_anonymous_namespace_lineBuffer_magnitude_0_ce0       |  out|    1|   ap_memory|        p_anonymous_namespace_lineBuffer_magnitude_0|         array|
|p_anonymous_namespace_lineBuffer_magnitude_0_we0       |  out|    1|   ap_memory|        p_anonymous_namespace_lineBuffer_magnitude_0|         array|
|p_anonymous_namespace_lineBuffer_magnitude_0_d0        |  out|   11|   ap_memory|        p_anonymous_namespace_lineBuffer_magnitude_0|         array|
|p_anonymous_namespace_lineBuffer_direction_0_address0  |  out|    9|   ap_memory|        p_anonymous_namespace_lineBuffer_direction_0|         array|
|p_anonymous_namespace_lineBuffer_direction_0_ce0       |  out|    1|   ap_memory|        p_anonymous_namespace_lineBuffer_direction_0|         array|
|p_anonymous_namespace_lineBuffer_direction_0_we0       |  out|    1|   ap_memory|        p_anonymous_namespace_lineBuffer_direction_0|         array|
|p_anonymous_namespace_lineBuffer_direction_0_d0        |  out|    2|   ap_memory|        p_anonymous_namespace_lineBuffer_direction_0|         array|
|p_anonymous_namespace_lineBuffer_magnitude_1_address0  |  out|    9|   ap_memory|        p_anonymous_namespace_lineBuffer_magnitude_1|         array|
|p_anonymous_namespace_lineBuffer_magnitude_1_ce0       |  out|    1|   ap_memory|        p_anonymous_namespace_lineBuffer_magnitude_1|         array|
|p_anonymous_namespace_lineBuffer_magnitude_1_we0       |  out|    1|   ap_memory|        p_anonymous_namespace_lineBuffer_magnitude_1|         array|
|p_anonymous_namespace_lineBuffer_magnitude_1_d0        |  out|   11|   ap_memory|        p_anonymous_namespace_lineBuffer_magnitude_1|         array|
|p_anonymous_namespace_lineBuffer_direction_1_address0  |  out|    9|   ap_memory|        p_anonymous_namespace_lineBuffer_direction_1|         array|
|p_anonymous_namespace_lineBuffer_direction_1_ce0       |  out|    1|   ap_memory|        p_anonymous_namespace_lineBuffer_direction_1|         array|
|p_anonymous_namespace_lineBuffer_direction_1_we0       |  out|    1|   ap_memory|        p_anonymous_namespace_lineBuffer_direction_1|         array|
|p_anonymous_namespace_lineBuffer_direction_1_d0        |  out|    2|   ap_memory|        p_anonymous_namespace_lineBuffer_direction_1|         array|
|p_anonymous_namespace_lineBuffer_magnitude_2_address0  |  out|    9|   ap_memory|        p_anonymous_namespace_lineBuffer_magnitude_2|         array|
|p_anonymous_namespace_lineBuffer_magnitude_2_ce0       |  out|    1|   ap_memory|        p_anonymous_namespace_lineBuffer_magnitude_2|         array|
|p_anonymous_namespace_lineBuffer_magnitude_2_we0       |  out|    1|   ap_memory|        p_anonymous_namespace_lineBuffer_magnitude_2|         array|
|p_anonymous_namespace_lineBuffer_magnitude_2_d0        |  out|   11|   ap_memory|        p_anonymous_namespace_lineBuffer_magnitude_2|         array|
|p_anonymous_namespace_lineBuffer_direction_2_address0  |  out|    9|   ap_memory|        p_anonymous_namespace_lineBuffer_direction_2|         array|
|p_anonymous_namespace_lineBuffer_direction_2_ce0       |  out|    1|   ap_memory|        p_anonymous_namespace_lineBuffer_direction_2|         array|
|p_anonymous_namespace_lineBuffer_direction_2_we0       |  out|    1|   ap_memory|        p_anonymous_namespace_lineBuffer_direction_2|         array|
|p_anonymous_namespace_lineBuffer_direction_2_d0        |  out|    2|   ap_memory|        p_anonymous_namespace_lineBuffer_direction_2|         array|
+-------------------------------------------------------+-----+-----+------------+----------------------------------------------------+--------------+

