

================================================================
== Vitis HLS Report for 'canny_top_Pipeline_VITIS_LOOP_41_1_VITIS_LOOP_42_2'
================================================================
* Date:           Sat Jul 25 12:05:03 2026

* Version:        2025.2 (Build 6295257 on Nov 14 2025)
* Project:        canny_top
* Solution:       hls (Vitis Kernel Flow Target)
* Product family: zynquplus
* Target device:  xck26-sfvc784-2LV-c


================================================================
== Performance Estimates
================================================================
+ Timing: 
    * Summary: 
    +--------+---------+----------+------------+
    |  Clock |  Target | Estimated| Uncertainty|
    +--------+---------+----------+------------+
    |ap_clk  |  5.00 ns|  3.236 ns|     1.35 ns|
    +--------+---------+----------+------------+

+ Latency: 
    * Summary: 
    +---------+---------+-----------+-----------+-----+-----+-------------------+
    |  Latency (cycles) |   Latency (absolute)  |  Interval |      Pipeline     |
    |   min   |   max   |    min    |    max    | min | max |        Type       |
    +---------+---------+-----------+-----------+-----+-----+-------------------+
    |     2562|     2562|  12.810 us|  12.810 us|    0|    0|  loop pipeline stp|
    +---------+---------+-----------+-----------+-----+-----+-------------------+

    + Detail: 
        * Instance: 
        N/A

        * Loop: 
        +-----------------------------------+---------+---------+----------+-----------+-----------+------+----------+
        |                                   |  Latency (cycles) | Iteration|  Initiation Interval  | Trip |          |
        |             Loop Name             |   min   |   max   |  Latency |  achieved |   target  | Count| Pipelined|
        +-----------------------------------+---------+---------+----------+-----------+-----------+------+----------+
        |- VITIS_LOOP_41_1_VITIS_LOOP_42_2  |     2560|     2560|         2|          1|          1|  2560|       yes|
        +-----------------------------------+---------+---------+----------+-----------+-----------+------+----------+



================================================================
== Utilization Estimates
================================================================
* Summary: 
+-----------------+---------+------+--------+--------+-----+
|       Name      | BRAM_18K|  DSP |   FF   |   LUT  | URAM|
+-----------------+---------+------+--------+--------+-----+
|DSP              |        -|     -|       -|       -|    -|
|Expression       |        -|     -|       0|     117|    -|
|FIFO             |        -|     -|       -|       -|    -|
|Instance         |        -|     -|       -|       -|    -|
|Memory           |        -|     -|       -|       -|    -|
|Multiplexer      |        -|     -|       0|      54|    -|
|Register         |        -|     -|      28|       -|    -|
+-----------------+---------+------+--------+--------+-----+
|Total            |        0|     0|      28|     171|    0|
+-----------------+---------+------+--------+--------+-----+
|Available        |      288|  1248|  234240|  117120|   64|
+-----------------+---------+------+--------+--------+-----+
|Utilization (%)  |        0|     0|      ~0|      ~0|    0|
+-----------------+---------+------+--------+--------+-----+

+ Detail: 
    * Instance: 
    N/A

    * DSP: 
    N/A

    * Memory: 
    N/A

    * FIFO: 
    N/A

    * Expression: 
    +-------------------------+----------+----+---+----+------------+------------+
    |      Variable Name      | Operation| DSP| FF| LUT| Bitwidth P0| Bitwidth P1|
    +-------------------------+----------+----+---+----+------------+------------+
    |add_ln41_1_fu_94_p2      |         +|   0|  0|  19|          12|           1|
    |add_ln41_fu_111_p2       |         +|   0|  0|  10|           3|           1|
    |add_ln42_fu_162_p2       |         +|   0|  0|  17|          10|           1|
    |add_ln43_fu_151_p2       |         +|   0|  0|  19|          12|          12|
    |icmp_ln41_fu_88_p2       |      icmp|   0|  0|  19|          12|          12|
    |icmp_ln42_fu_117_p2      |      icmp|   0|  0|  18|          10|          11|
    |select_ln41_1_fu_131_p3  |    select|   0|  0|   3|           1|           3|
    |select_ln41_fu_123_p3    |    select|   0|  0|  10|           1|           1|
    |ap_enable_pp0            |       xor|   0|  0|   2|           1|           2|
    +-------------------------+----------+----+---+----+------------+------------+
    |Total                    |          |   0|  0| 117|          62|          44|
    +-------------------------+----------+----+---+----+------------+------------+

    * Multiplexer: 
    +--------------------------------------+----+-----------+-----+-----------+
    |                 Name                 | LUT| Input Size| Bits| Total Bits|
    +--------------------------------------+----+-----------+-----+-----------+
    |ap_done_int                           |   9|          2|    1|          2|
    |ap_enable_reg_pp0_iter1               |   9|          2|    1|          2|
    |ap_sig_allocacmp_indvar_flatten_load  |   9|          2|   12|         24|
    |column_fu_44                          |   9|          2|   10|         20|
    |indvar_flatten_fu_52                  |   9|          2|   12|         24|
    |row_fu_48                             |   9|          2|    3|          6|
    +--------------------------------------+----+-----------+-----+-----------+
    |Total                                 |  54|         12|   39|         78|
    +--------------------------------------+----+-----------+-----+-----------+

    * Register: 
    +-------------------------+----+----+-----+-----------+
    |           Name          | FF | LUT| Bits| Const Bits|
    +-------------------------+----+----+-----+-----------+
    |ap_CS_fsm                |   1|   0|    1|          0|
    |ap_done_reg              |   1|   0|    1|          0|
    |ap_enable_reg_pp0_iter1  |   1|   0|    1|          0|
    |column_fu_44             |  10|   0|   10|          0|
    |indvar_flatten_fu_52     |  12|   0|   12|          0|
    |row_fu_48                |   3|   0|    3|          0|
    +-------------------------+----+----+-----+-----------+
    |Total                    |  28|   0|   28|          0|
    +-------------------------+----+----+-----+-----------+



================================================================
== Interface
================================================================
* Summary: 
+-----------------------+-----+-----+------------+----------------------------------------------------+--------------+
|       RTL Ports       | Dir | Bits|  Protocol  |                    Source Object                   |    C Type    |
+-----------------------+-----+-----+------------+----------------------------------------------------+--------------+
|ap_clk                 |   in|    1|  ap_ctrl_hs|  canny_top_Pipeline_VITIS_LOOP_41_1_VITIS_LOOP_42_2|  return value|
|ap_rst                 |   in|    1|  ap_ctrl_hs|  canny_top_Pipeline_VITIS_LOOP_41_1_VITIS_LOOP_42_2|  return value|
|ap_start               |   in|    1|  ap_ctrl_hs|  canny_top_Pipeline_VITIS_LOOP_41_1_VITIS_LOOP_42_2|  return value|
|ap_done                |  out|    1|  ap_ctrl_hs|  canny_top_Pipeline_VITIS_LOOP_41_1_VITIS_LOOP_42_2|  return value|
|ap_idle                |  out|    1|  ap_ctrl_hs|  canny_top_Pipeline_VITIS_LOOP_41_1_VITIS_LOOP_42_2|  return value|
|ap_ready               |  out|    1|  ap_ctrl_hs|  canny_top_Pipeline_VITIS_LOOP_41_1_VITIS_LOOP_42_2|  return value|
|lineBuffer_1_address0  |  out|   12|   ap_memory|                                        lineBuffer_1|         array|
|lineBuffer_1_ce0       |  out|    1|   ap_memory|                                        lineBuffer_1|         array|
|lineBuffer_1_we0       |  out|    1|   ap_memory|                                        lineBuffer_1|         array|
|lineBuffer_1_d0        |  out|    8|   ap_memory|                                        lineBuffer_1|         array|
+-----------------------+-----+-----+------------+----------------------------------------------------+--------------+

