

================================================================
== Vitis HLS Report for 'canny_top_Pipeline_VITIS_LOOP_47_1_VITIS_LOOP_48_2'
================================================================
* Date:           Wed Jul 29 23:33:20 2026

* Version:        2025.2 (Build 6295257 on Nov 14 2025)
* Project:        canny_top
* Solution:       hls (Vitis Kernel Flow Target)
* Product family: zynquplus
* Target device:  xck26-sfvc784-2LV-c


================================================================
== Performance Estimates
================================================================
+ Timing: 
    * Summary: 
    +--------+---------+----------+------------+
    |  Clock |  Target | Estimated| Uncertainty|
    +--------+---------+----------+------------+
    |ap_clk  |  5.00 ns|  3.332 ns|     1.35 ns|
    +--------+---------+----------+------------+

+ Latency: 
    * Summary: 
    +---------+---------+-----------+-----------+-----+-----+-------------------+
    |  Latency (cycles) |   Latency (absolute)  |  Interval |      Pipeline     |
    |   min   |   max   |    min    |    max    | min | max |        Type       |
    +---------+---------+-----------+-----------+-----+-----+-------------------+
    |     2562|     2562|  12.810 us|  12.810 us|    0|    0|  loop pipeline stp|
    +---------+---------+-----------+-----------+-----+-----+-------------------+

    + Detail: 
        * Instance: 
        N/A

        * Loop: 
        +-----------------------------------+---------+---------+----------+-----------+-----------+------+----------+
        |                                   |  Latency (cycles) | Iteration|  Initiation Interval  | Trip |          |
        |             Loop Name             |   min   |   max   |  Latency |  achieved |   target  | Count| Pipelined|
        +-----------------------------------+---------+---------+----------+-----------+-----------+------+----------+
        |- VITIS_LOOP_47_1_VITIS_LOOP_48_2  |     2560|     2560|         1|          1|          1|  2560|       yes|
        +-----------------------------------+---------+---------+----------+-----------+-----------+------+----------+



================================================================
== Utilization Estimates
================================================================
* Summary: 
+-----------------+---------+------+--------+--------+-----+
|       Name      | BRAM_18K|  DSP |   FF   |   LUT  | URAM|
+-----------------+---------+------+--------+--------+-----+
|DSP              |        -|     -|       -|       -|    -|
|Expression       |        -|     -|       0|      96|    -|
|FIFO             |        -|     -|       -|       -|    -|
|Instance         |        -|     -|       -|       -|    -|
|Memory           |        -|     -|       -|       -|    -|
|Multiplexer      |        -|     -|       0|      63|    -|
|Register         |        -|     -|      27|       -|    -|
+-----------------+---------+------+--------+--------+-----+
|Total            |        0|     0|      27|     159|    0|
+-----------------+---------+------+--------+--------+-----+
|Available        |      288|  1248|  234240|  117120|   64|
+-----------------+---------+------+--------+--------+-----+
|Utilization (%)  |        0|     0|      ~0|      ~0|    0|
+-----------------+---------+------+--------+--------+-----+

+ Detail: 
    * Instance: 
    N/A

    * DSP: 
    N/A

    * Memory: 
    N/A

    * FIFO: 
    N/A

    * Expression: 
    +-------------------------+----------+----+---+----+------------+------------+
    |      Variable Name      | Operation| DSP| FF| LUT| Bitwidth P0| Bitwidth P1|
    +-------------------------+----------+----+---+----+------------+------------+
    |add_ln47_1_fu_182_p2     |         +|   0|  0|  10|           3|           1|
    |add_ln47_fu_156_p2       |         +|   0|  0|  19|          12|           1|
    |add_ln48_fu_217_p2       |         +|   0|  0|  17|          10|           1|
    |icmp_ln47_fu_150_p2      |      icmp|   0|  0|  19|          12|          12|
    |icmp_ln48_fu_168_p2      |      icmp|   0|  0|  18|          10|          11|
    |select_ln47_1_fu_188_p3  |    select|   0|  0|   3|           1|           3|
    |select_ln47_fu_174_p3    |    select|   0|  0|  10|           1|           1|
    +-------------------------+----------+----+---+----+------------+------------+
    |Total                    |          |   0|  0|  96|          49|          30|
    +-------------------------+----------+----+---+----+------------+------------+

    * Multiplexer: 
    +--------------------------------------+----+-----------+-----+-----------+
    |                 Name                 | LUT| Input Size| Bits| Total Bits|
    +--------------------------------------+----+-----------+-----+-----------+
    |ap_done_int                           |   9|          2|    1|          2|
    |ap_sig_allocacmp_column_load          |   9|          2|   10|         20|
    |ap_sig_allocacmp_indvar_flatten_load  |   9|          2|   12|         24|
    |ap_sig_allocacmp_row_load             |   9|          2|    3|          6|
    |column_fu_50                          |   9|          2|   10|         20|
    |indvar_flatten_fu_58                  |   9|          2|   12|         24|
    |row_fu_54                             |   9|          2|    3|          6|
    +--------------------------------------+----+-----------+-----+-----------+
    |Total                                 |  63|         14|   51|        102|
    +--------------------------------------+----+-----------+-----+-----------+

    * Register: 
    +----------------------+----+----+-----+-----------+
    |         Name         | FF | LUT| Bits| Const Bits|
    +----------------------+----+----+-----+-----------+
    |ap_CS_fsm             |   1|   0|    1|          0|
    |ap_done_reg           |   1|   0|    1|          0|
    |column_fu_50          |  10|   0|   10|          0|
    |indvar_flatten_fu_58  |  12|   0|   12|          0|
    |row_fu_54             |   3|   0|    3|          0|
    +----------------------+----+----+-----+-----------+
    |Total                 |  27|   0|   27|          0|
    +----------------------+----+----+-----+-----------+



================================================================
== Interface
================================================================
* Summary: 
+------------------------------------------------+-----+-----+------------+----------------------------------------------------+--------------+
|                    RTL Ports                   | Dir | Bits|  Protocol  |                    Source Object                   |    C Type    |
+------------------------------------------------+-----+-----+------------+----------------------------------------------------+--------------+
|ap_clk                                          |   in|    1|  ap_ctrl_hs|  canny_top_Pipeline_VITIS_LOOP_47_1_VITIS_LOOP_48_2|  return value|
|ap_rst                                          |   in|    1|  ap_ctrl_hs|  canny_top_Pipeline_VITIS_LOOP_47_1_VITIS_LOOP_48_2|  return value|
|ap_start                                        |   in|    1|  ap_ctrl_hs|  canny_top_Pipeline_VITIS_LOOP_47_1_VITIS_LOOP_48_2|  return value|
|ap_done                                         |  out|    1|  ap_ctrl_hs|  canny_top_Pipeline_VITIS_LOOP_47_1_VITIS_LOOP_48_2|  return value|
|ap_idle                                         |  out|    1|  ap_ctrl_hs|  canny_top_Pipeline_VITIS_LOOP_47_1_VITIS_LOOP_48_2|  return value|
|ap_ready                                        |  out|    1|  ap_ctrl_hs|  canny_top_Pipeline_VITIS_LOOP_47_1_VITIS_LOOP_48_2|  return value|
|p_anonymous_namespace_lineBuffer_39_0_address0  |  out|    9|   ap_memory|               p_anonymous_namespace_lineBuffer_39_0|         array|
|p_anonymous_namespace_lineBuffer_39_0_ce0       |  out|    1|   ap_memory|               p_anonymous_namespace_lineBuffer_39_0|         array|
|p_anonymous_namespace_lineBuffer_39_0_we0       |  out|    1|   ap_memory|               p_anonymous_namespace_lineBuffer_39_0|         array|
|p_anonymous_namespace_lineBuffer_39_0_d0        |  out|   12|   ap_memory|               p_anonymous_namespace_lineBuffer_39_0|         array|
|p_anonymous_namespace_lineBuffer_39_1_address0  |  out|    9|   ap_memory|               p_anonymous_namespace_lineBuffer_39_1|         array|
|p_anonymous_namespace_lineBuffer_39_1_ce0       |  out|    1|   ap_memory|               p_anonymous_namespace_lineBuffer_39_1|         array|
|p_anonymous_namespace_lineBuffer_39_1_we0       |  out|    1|   ap_memory|               p_anonymous_namespace_lineBuffer_39_1|         array|
|p_anonymous_namespace_lineBuffer_39_1_d0        |  out|   12|   ap_memory|               p_anonymous_namespace_lineBuffer_39_1|         array|
|p_anonymous_namespace_lineBuffer_39_2_address0  |  out|    9|   ap_memory|               p_anonymous_namespace_lineBuffer_39_2|         array|
|p_anonymous_namespace_lineBuffer_39_2_ce0       |  out|    1|   ap_memory|               p_anonymous_namespace_lineBuffer_39_2|         array|
|p_anonymous_namespace_lineBuffer_39_2_we0       |  out|    1|   ap_memory|               p_anonymous_namespace_lineBuffer_39_2|         array|
|p_anonymous_namespace_lineBuffer_39_2_d0        |  out|   12|   ap_memory|               p_anonymous_namespace_lineBuffer_39_2|         array|
|p_anonymous_namespace_lineBuffer_39_3_address0  |  out|    9|   ap_memory|               p_anonymous_namespace_lineBuffer_39_3|         array|
|p_anonymous_namespace_lineBuffer_39_3_ce0       |  out|    1|   ap_memory|               p_anonymous_namespace_lineBuffer_39_3|         array|
|p_anonymous_namespace_lineBuffer_39_3_we0       |  out|    1|   ap_memory|               p_anonymous_namespace_lineBuffer_39_3|         array|
|p_anonymous_namespace_lineBuffer_39_3_d0        |  out|   12|   ap_memory|               p_anonymous_namespace_lineBuffer_39_3|         array|
|p_anonymous_namespace_lineBuffer_39_4_address0  |  out|    9|   ap_memory|               p_anonymous_namespace_lineBuffer_39_4|         array|
|p_anonymous_namespace_lineBuffer_39_4_ce0       |  out|    1|   ap_memory|               p_anonymous_namespace_lineBuffer_39_4|         array|
|p_anonymous_namespace_lineBuffer_39_4_we0       |  out|    1|   ap_memory|               p_anonymous_namespace_lineBuffer_39_4|         array|
|p_anonymous_namespace_lineBuffer_39_4_d0        |  out|   12|   ap_memory|               p_anonymous_namespace_lineBuffer_39_4|         array|
+------------------------------------------------+-----+-----+------------+----------------------------------------------------+--------------+

