

================================================================
== Vitis HLS Report for 'dataflow_parent_loop_proc'
================================================================
* Date:           Fri Jul 24 22:33:47 2026

* Version:        2025.2 (Build 6295257 on Nov 14 2025)
* Project:        canny_top
* Solution:       hls (Vitis Kernel Flow Target)
* Product family: zynquplus
* Target device:  xck26-sfvc784-2LV-c


================================================================
== Performance Estimates
================================================================
+ Timing: 
    * Summary: 
    +--------+---------+----------+------------+
    |  Clock |  Target | Estimated| Uncertainty|
    +--------+---------+----------+------------+
    |ap_clk  |  5.00 ns|  3.650 ns|     1.35 ns|
    +--------+---------+----------+------------+

+ Latency: 
    * Summary: 
    +---------+---------+----------+-----------+--------+---------+---------+
    |  Latency (cycles) |  Latency (absolute)  |     Interval     | Pipeline|
    |   min   |   max   |    min   |    max    |   min  |   max   |   Type  |
    +---------+---------+----------+-----------+--------+---------+---------+
    |   831194|  2411692|  4.156 ms|  12.058 ms|  831194|  2411692|       no|
    +---------+---------+----------+-----------+--------+---------+---------+

    + Detail: 
        * Instance: 
        +---------------------------------------+------------------------------------+---------+---------+-----------+----------+------+------+----------+
        |                                       |                                    |  Latency (cycles) |  Latency (absolute)  |   Interval  | Pipeline |
        |                Instance               |               Module               |   min   |   max   |    min    |    max   |  min |  max |   Type   |
        +---------------------------------------+------------------------------------+---------+---------+-----------+----------+------+------+----------+
        |dataflow_in_loop_VITIS_LOOP_12_1_1_U0  |dataflow_in_loop_VITIS_LOOP_12_1_1  |     2184|    23675|  10.920 us|  0.118 ms|  1616|  4655|  dataflow|
        +---------------------------------------+------------------------------------+---------+---------+-----------+----------+------+------+----------+

        * Loop: 
        +-------------------+---------+---------+--------------+-----------+-----------+------+----------+
        |                   |  Latency (cycles) |   Iteration  |  Initiation Interval  | Trip |          |
        |     Loop Name     |   min   |   max   |    Latency   |  achieved |   target  | Count| Pipelined|
        +-------------------+---------+---------+--------------+-----------+-----------+------+----------+
        |- VITIS_LOOP_12_1  |   831193|  2411691|  2186 ~ 23677|          -|          -|   514|        no|
        +-------------------+---------+---------+--------------+-----------+-----------+------+----------+



================================================================
== Utilization Estimates
================================================================
* Summary: 
+-----------------+---------+------+--------+--------+-----+
|       Name      | BRAM_18K|  DSP |   FF   |   LUT  | URAM|
+-----------------+---------+------+--------+--------+-----+
|DSP              |        -|     -|       -|       -|    -|
|Expression       |        -|     -|       0|      34|    -|
|FIFO             |        -|     -|       -|       -|    -|
|Instance         |       10|     4|   14190|   25193|    0|
|Memory           |        -|     -|       -|       -|    -|
|Multiplexer      |        -|     -|       0|      18|    -|
|Register         |        -|     -|      20|       -|    -|
+-----------------+---------+------+--------+--------+-----+
|Total            |       10|     4|   14210|   25245|    0|
+-----------------+---------+------+--------+--------+-----+
|Available        |      288|  1248|  234240|  117120|   64|
+-----------------+---------+------+--------+--------+-----+
|Utilization (%)  |        3|    ~0|       6|      21|    0|
+-----------------+---------+------+--------+--------+-----+

+ Detail: 
    * Instance: 
    +---------------------------------------+------------------------------------+---------+----+-------+-------+-----+
    |                Instance               |               Module               | BRAM_18K| DSP|   FF  |  LUT  | URAM|
    +---------------------------------------+------------------------------------+---------+----+-------+-------+-----+
    |dataflow_in_loop_VITIS_LOOP_12_1_1_U0  |dataflow_in_loop_VITIS_LOOP_12_1_1  |       10|   4|  14190|  25193|    0|
    +---------------------------------------+------------------------------------+---------+----+-------+-------+-----+
    |Total                                  |                                    |       10|   4|  14190|  25193|    0|
    +---------------------------------------+------------------------------------+---------+----+-------+-------+-----+

    * DSP: 
    N/A

    * Memory: 
    N/A

    * FIFO: 
    N/A

    * Expression: 
    +---------------------------+----------+----+---+----+------------+------------+
    |       Variable Name       | Operation| DSP| FF| LUT| Bitwidth P0| Bitwidth P1|
    +---------------------------+----------+----+---+----+------------+------------+
    |ap_input_count_plus_step   |         +|   0|  0|  17|          10|           1|
    |ap_output_count_plus_step  |         +|   0|  0|  17|          10|           1|
    +---------------------------+----------+----+---+----+------------+------------+
    |Total                      |          |   0|  0|  34|          20|           2|
    +---------------------------+----------+----+---+----+------------+------------+

    * Multiplexer: 
    +----------------------------+----+-----------+-----+-----------+
    |            Name            | LUT| Input Size| Bits| Total Bits|
    +----------------------------+----+-----------+-----+-----------+
    |loop_dataflow_input_count   |   9|          2|   10|         20|
    |loop_dataflow_output_count  |   9|          2|   10|         20|
    +----------------------------+----+-----------+-----+-----------+
    |Total                       |  18|          4|   20|         40|
    +----------------------------+----+-----------+-----+-----------+

    * Register: 
    +----------------------------+----+----+-----+-----------+
    |            Name            | FF | LUT| Bits| Const Bits|
    +----------------------------+----+----+-----+-----------+
    |loop_dataflow_input_count   |  10|   0|   10|          0|
    |loop_dataflow_output_count  |  10|   0|   10|          0|
    +----------------------------+----+----+-----+-----------+
    |Total                       |  20|   0|   20|          0|
    +----------------------------+----+----+-----+-----------+



================================================================
== Interface
================================================================
* Summary: 
+----------------------------------------------------------+-----+-----+------------+-------------------------------------------------+--------------+
|                         RTL Ports                        | Dir | Bits|  Protocol  |                  Source Object                  |    C Type    |
+----------------------------------------------------------+-----+-----+------------+-------------------------------------------------+--------------+
|m_axi_gmem_0_AWVALID                                      |  out|    1|       m_axi|                                             gmem|       pointer|
|m_axi_gmem_0_AWREADY                                      |   in|    1|       m_axi|                                             gmem|       pointer|
|m_axi_gmem_0_AWADDR                                       |  out|   64|       m_axi|                                             gmem|       pointer|
|m_axi_gmem_0_AWID                                         |  out|    1|       m_axi|                                             gmem|       pointer|
|m_axi_gmem_0_AWLEN                                        |  out|   32|       m_axi|                                             gmem|       pointer|
|m_axi_gmem_0_AWSIZE                                       |  out|    3|       m_axi|                                             gmem|       pointer|
|m_axi_gmem_0_AWBURST                                      |  out|    2|       m_axi|                                             gmem|       pointer|
|m_axi_gmem_0_AWLOCK                                       |  out|    2|       m_axi|                                             gmem|       pointer|
|m_axi_gmem_0_AWCACHE                                      |  out|    4|       m_axi|                                             gmem|       pointer|
|m_axi_gmem_0_AWPROT                                       |  out|    3|       m_axi|                                             gmem|       pointer|
|m_axi_gmem_0_AWQOS                                        |  out|    4|       m_axi|                                             gmem|       pointer|
|m_axi_gmem_0_AWREGION                                     |  out|    4|       m_axi|                                             gmem|       pointer|
|m_axi_gmem_0_AWUSER                                       |  out|    1|       m_axi|                                             gmem|       pointer|
|m_axi_gmem_0_WVALID                                       |  out|    1|       m_axi|                                             gmem|       pointer|
|m_axi_gmem_0_WREADY                                       |   in|    1|       m_axi|                                             gmem|       pointer|
|m_axi_gmem_0_WDATA                                        |  out|  512|       m_axi|                                             gmem|       pointer|
|m_axi_gmem_0_WSTRB                                        |  out|   64|       m_axi|                                             gmem|       pointer|
|m_axi_gmem_0_WLAST                                        |  out|    1|       m_axi|                                             gmem|       pointer|
|m_axi_gmem_0_WID                                          |  out|    1|       m_axi|                                             gmem|       pointer|
|m_axi_gmem_0_WUSER                                        |  out|    1|       m_axi|                                             gmem|       pointer|
|m_axi_gmem_0_ARVALID                                      |  out|    1|       m_axi|                                             gmem|       pointer|
|m_axi_gmem_0_ARREADY                                      |   in|    1|       m_axi|                                             gmem|       pointer|
|m_axi_gmem_0_ARADDR                                       |  out|   64|       m_axi|                                             gmem|       pointer|
|m_axi_gmem_0_ARID                                         |  out|    1|       m_axi|                                             gmem|       pointer|
|m_axi_gmem_0_ARLEN                                        |  out|   32|       m_axi|                                             gmem|       pointer|
|m_axi_gmem_0_ARSIZE                                       |  out|    3|       m_axi|                                             gmem|       pointer|
|m_axi_gmem_0_ARBURST                                      |  out|    2|       m_axi|                                             gmem|       pointer|
|m_axi_gmem_0_ARLOCK                                       |  out|    2|       m_axi|                                             gmem|       pointer|
|m_axi_gmem_0_ARCACHE                                      |  out|    4|       m_axi|                                             gmem|       pointer|
|m_axi_gmem_0_ARPROT                                       |  out|    3|       m_axi|                                             gmem|       pointer|
|m_axi_gmem_0_ARQOS                                        |  out|    4|       m_axi|                                             gmem|       pointer|
|m_axi_gmem_0_ARREGION                                     |  out|    4|       m_axi|                                             gmem|       pointer|
|m_axi_gmem_0_ARUSER                                       |  out|    1|       m_axi|                                             gmem|       pointer|
|m_axi_gmem_0_RVALID                                       |   in|    1|       m_axi|                                             gmem|       pointer|
|m_axi_gmem_0_RREADY                                       |  out|    1|       m_axi|                                             gmem|       pointer|
|m_axi_gmem_0_RDATA                                        |   in|  512|       m_axi|                                             gmem|       pointer|
|m_axi_gmem_0_RLAST                                        |   in|    1|       m_axi|                                             gmem|       pointer|
|m_axi_gmem_0_RID                                          |   in|    1|       m_axi|                                             gmem|       pointer|
|m_axi_gmem_0_RFIFONUM                                     |   in|    9|       m_axi|                                             gmem|       pointer|
|m_axi_gmem_0_RUSER                                        |   in|    1|       m_axi|                                             gmem|       pointer|
|m_axi_gmem_0_RRESP                                        |   in|    2|       m_axi|                                             gmem|       pointer|
|m_axi_gmem_0_BVALID                                       |   in|    1|       m_axi|                                             gmem|       pointer|
|m_axi_gmem_0_BREADY                                       |  out|    1|       m_axi|                                             gmem|       pointer|
|m_axi_gmem_0_BRESP                                        |   in|    2|       m_axi|                                             gmem|       pointer|
|m_axi_gmem_0_BID                                          |   in|    1|       m_axi|                                             gmem|       pointer|
|m_axi_gmem_0_BUSER                                        |   in|    1|       m_axi|                                             gmem|       pointer|
|in_r                                                      |   in|   64|     ap_none|                                             in_r|        scalar|
|in_r_ap_vld                                               |   in|    1|     ap_none|                                             in_r|        scalar|
|out_r                                                     |   in|   64|     ap_none|                                            out_r|        scalar|
|out_r_ap_vld                                              |   in|    1|     ap_none|                                            out_r|        scalar|
|p_anonymous_namespace_rowsReceived_i                      |   in|   32|     ap_ovld|               p_anonymous_namespace_rowsReceived|       pointer|
|p_anonymous_namespace_rowsReceived_o                      |  out|   32|     ap_ovld|               p_anonymous_namespace_rowsReceived|       pointer|
|p_anonymous_namespace_rowsReceived_i_ap_vld               |   in|    1|     ap_ovld|               p_anonymous_namespace_rowsReceived|       pointer|
|p_anonymous_namespace_rowsReceived_o_ap_vld               |  out|    1|     ap_ovld|               p_anonymous_namespace_rowsReceived|       pointer|
|p_ZN12_GLOBAL_N_110lineBufferE_0_address0                 |  out|   11|   ap_memory|                 p_ZN12_GLOBAL_N_110lineBufferE_0|         array|
|p_ZN12_GLOBAL_N_110lineBufferE_0_ce0                      |  out|    1|   ap_memory|                 p_ZN12_GLOBAL_N_110lineBufferE_0|         array|
|p_ZN12_GLOBAL_N_110lineBufferE_0_d0                       |  out|    8|   ap_memory|                 p_ZN12_GLOBAL_N_110lineBufferE_0|         array|
|p_ZN12_GLOBAL_N_110lineBufferE_0_q0                       |   in|    8|   ap_memory|                 p_ZN12_GLOBAL_N_110lineBufferE_0|         array|
|p_ZN12_GLOBAL_N_110lineBufferE_0_we0                      |  out|    1|   ap_memory|                 p_ZN12_GLOBAL_N_110lineBufferE_0|         array|
|p_ZN12_GLOBAL_N_110lineBufferE_0_address1                 |  out|   11|   ap_memory|                 p_ZN12_GLOBAL_N_110lineBufferE_0|         array|
|p_ZN12_GLOBAL_N_110lineBufferE_0_ce1                      |  out|    1|   ap_memory|                 p_ZN12_GLOBAL_N_110lineBufferE_0|         array|
|p_ZN12_GLOBAL_N_110lineBufferE_0_d1                       |  out|    8|   ap_memory|                 p_ZN12_GLOBAL_N_110lineBufferE_0|         array|
|p_ZN12_GLOBAL_N_110lineBufferE_0_q1                       |   in|    8|   ap_memory|                 p_ZN12_GLOBAL_N_110lineBufferE_0|         array|
|p_ZN12_GLOBAL_N_110lineBufferE_0_we1                      |  out|    1|   ap_memory|                 p_ZN12_GLOBAL_N_110lineBufferE_0|         array|
|p_ZN12_GLOBAL_N_110lineBufferE_1_address0                 |  out|   11|   ap_memory|                 p_ZN12_GLOBAL_N_110lineBufferE_1|         array|
|p_ZN12_GLOBAL_N_110lineBufferE_1_ce0                      |  out|    1|   ap_memory|                 p_ZN12_GLOBAL_N_110lineBufferE_1|         array|
|p_ZN12_GLOBAL_N_110lineBufferE_1_d0                       |  out|    8|   ap_memory|                 p_ZN12_GLOBAL_N_110lineBufferE_1|         array|
|p_ZN12_GLOBAL_N_110lineBufferE_1_q0                       |   in|    8|   ap_memory|                 p_ZN12_GLOBAL_N_110lineBufferE_1|         array|
|p_ZN12_GLOBAL_N_110lineBufferE_1_we0                      |  out|    1|   ap_memory|                 p_ZN12_GLOBAL_N_110lineBufferE_1|         array|
|p_ZN12_GLOBAL_N_110lineBufferE_1_address1                 |  out|   11|   ap_memory|                 p_ZN12_GLOBAL_N_110lineBufferE_1|         array|
|p_ZN12_GLOBAL_N_110lineBufferE_1_ce1                      |  out|    1|   ap_memory|                 p_ZN12_GLOBAL_N_110lineBufferE_1|         array|
|p_ZN12_GLOBAL_N_110lineBufferE_1_d1                       |  out|    8|   ap_memory|                 p_ZN12_GLOBAL_N_110lineBufferE_1|         array|
|p_ZN12_GLOBAL_N_110lineBufferE_1_q1                       |   in|    8|   ap_memory|                 p_ZN12_GLOBAL_N_110lineBufferE_1|         array|
|p_ZN12_GLOBAL_N_110lineBufferE_1_we1                      |  out|    1|   ap_memory|                 p_ZN12_GLOBAL_N_110lineBufferE_1|         array|
|p_anonymous_namespace_rowsReceived_1_i                    |   in|   32|     ap_ovld|             p_anonymous_namespace_rowsReceived_1|       pointer|
|p_anonymous_namespace_rowsReceived_1_o                    |  out|   32|     ap_ovld|             p_anonymous_namespace_rowsReceived_1|       pointer|
|p_anonymous_namespace_rowsReceived_1_i_ap_vld             |   in|    1|     ap_ovld|             p_anonymous_namespace_rowsReceived_1|       pointer|
|p_anonymous_namespace_rowsReceived_1_o_ap_vld             |  out|    1|     ap_ovld|             p_anonymous_namespace_rowsReceived_1|       pointer|
|p_anonymous_namespace_lineBuffer_32_0_address0            |  out|   10|   ap_memory|            p_anonymous_namespace_lineBuffer_32_0|         array|
|p_anonymous_namespace_lineBuffer_32_0_ce0                 |  out|    1|   ap_memory|            p_anonymous_namespace_lineBuffer_32_0|         array|
|p_anonymous_namespace_lineBuffer_32_0_d0                  |  out|    8|   ap_memory|            p_anonymous_namespace_lineBuffer_32_0|         array|
|p_anonymous_namespace_lineBuffer_32_0_q0                  |   in|    8|   ap_memory|            p_anonymous_namespace_lineBuffer_32_0|         array|
|p_anonymous_namespace_lineBuffer_32_0_we0                 |  out|    1|   ap_memory|            p_anonymous_namespace_lineBuffer_32_0|         array|
|p_anonymous_namespace_lineBuffer_32_0_address1            |  out|   10|   ap_memory|            p_anonymous_namespace_lineBuffer_32_0|         array|
|p_anonymous_namespace_lineBuffer_32_0_ce1                 |  out|    1|   ap_memory|            p_anonymous_namespace_lineBuffer_32_0|         array|
|p_anonymous_namespace_lineBuffer_32_0_d1                  |  out|    8|   ap_memory|            p_anonymous_namespace_lineBuffer_32_0|         array|
|p_anonymous_namespace_lineBuffer_32_0_q1                  |   in|    8|   ap_memory|            p_anonymous_namespace_lineBuffer_32_0|         array|
|p_anonymous_namespace_lineBuffer_32_0_we1                 |  out|    1|   ap_memory|            p_anonymous_namespace_lineBuffer_32_0|         array|
|p_anonymous_namespace_lineBuffer_32_1_address0            |  out|   10|   ap_memory|            p_anonymous_namespace_lineBuffer_32_1|         array|
|p_anonymous_namespace_lineBuffer_32_1_ce0                 |  out|    1|   ap_memory|            p_anonymous_namespace_lineBuffer_32_1|         array|
|p_anonymous_namespace_lineBuffer_32_1_d0                  |  out|    8|   ap_memory|            p_anonymous_namespace_lineBuffer_32_1|         array|
|p_anonymous_namespace_lineBuffer_32_1_q0                  |   in|    8|   ap_memory|            p_anonymous_namespace_lineBuffer_32_1|         array|
|p_anonymous_namespace_lineBuffer_32_1_we0                 |  out|    1|   ap_memory|            p_anonymous_namespace_lineBuffer_32_1|         array|
|p_anonymous_namespace_lineBuffer_32_1_address1            |  out|   10|   ap_memory|            p_anonymous_namespace_lineBuffer_32_1|         array|
|p_anonymous_namespace_lineBuffer_32_1_ce1                 |  out|    1|   ap_memory|            p_anonymous_namespace_lineBuffer_32_1|         array|
|p_anonymous_namespace_lineBuffer_32_1_d1                  |  out|    8|   ap_memory|            p_anonymous_namespace_lineBuffer_32_1|         array|
|p_anonymous_namespace_lineBuffer_32_1_q1                  |   in|    8|   ap_memory|            p_anonymous_namespace_lineBuffer_32_1|         array|
|p_anonymous_namespace_lineBuffer_32_1_we1                 |  out|    1|   ap_memory|            p_anonymous_namespace_lineBuffer_32_1|         array|
|p_anonymous_namespace_rowsReceived_2_i                    |   in|   32|     ap_ovld|             p_anonymous_namespace_rowsReceived_2|       pointer|
|p_anonymous_namespace_rowsReceived_2_o                    |  out|   32|     ap_ovld|             p_anonymous_namespace_rowsReceived_2|       pointer|
|p_anonymous_namespace_rowsReceived_2_i_ap_vld             |   in|    1|     ap_ovld|             p_anonymous_namespace_rowsReceived_2|       pointer|
|p_anonymous_namespace_rowsReceived_2_o_ap_vld             |  out|    1|     ap_ovld|             p_anonymous_namespace_rowsReceived_2|       pointer|
|p_anonymous_namespace_lineBuffer_direction_address0       |  out|   11|   ap_memory|       p_anonymous_namespace_lineBuffer_direction|         array|
|p_anonymous_namespace_lineBuffer_direction_ce0            |  out|    1|   ap_memory|       p_anonymous_namespace_lineBuffer_direction|         array|
|p_anonymous_namespace_lineBuffer_direction_d0             |  out|    2|   ap_memory|       p_anonymous_namespace_lineBuffer_direction|         array|
|p_anonymous_namespace_lineBuffer_direction_q0             |   in|    2|   ap_memory|       p_anonymous_namespace_lineBuffer_direction|         array|
|p_anonymous_namespace_lineBuffer_direction_we0            |  out|    1|   ap_memory|       p_anonymous_namespace_lineBuffer_direction|         array|
|p_anonymous_namespace_lineBuffer_direction_address1       |  out|   11|   ap_memory|       p_anonymous_namespace_lineBuffer_direction|         array|
|p_anonymous_namespace_lineBuffer_direction_ce1            |  out|    1|   ap_memory|       p_anonymous_namespace_lineBuffer_direction|         array|
|p_anonymous_namespace_lineBuffer_direction_d1             |  out|    2|   ap_memory|       p_anonymous_namespace_lineBuffer_direction|         array|
|p_anonymous_namespace_lineBuffer_direction_q1             |   in|    2|   ap_memory|       p_anonymous_namespace_lineBuffer_direction|         array|
|p_anonymous_namespace_lineBuffer_direction_we1            |  out|    1|   ap_memory|       p_anonymous_namespace_lineBuffer_direction|         array|
|p_anonymous_namespace_lineBuffer_25_magnitude_0_address0  |  out|   10|   ap_memory|  p_anonymous_namespace_lineBuffer_25_magnitude_0|         array|
|p_anonymous_namespace_lineBuffer_25_magnitude_0_ce0       |  out|    1|   ap_memory|  p_anonymous_namespace_lineBuffer_25_magnitude_0|         array|
|p_anonymous_namespace_lineBuffer_25_magnitude_0_d0        |  out|   11|   ap_memory|  p_anonymous_namespace_lineBuffer_25_magnitude_0|         array|
|p_anonymous_namespace_lineBuffer_25_magnitude_0_q0        |   in|   11|   ap_memory|  p_anonymous_namespace_lineBuffer_25_magnitude_0|         array|
|p_anonymous_namespace_lineBuffer_25_magnitude_0_we0       |  out|    1|   ap_memory|  p_anonymous_namespace_lineBuffer_25_magnitude_0|         array|
|p_anonymous_namespace_lineBuffer_25_magnitude_0_address1  |  out|   10|   ap_memory|  p_anonymous_namespace_lineBuffer_25_magnitude_0|         array|
|p_anonymous_namespace_lineBuffer_25_magnitude_0_ce1       |  out|    1|   ap_memory|  p_anonymous_namespace_lineBuffer_25_magnitude_0|         array|
|p_anonymous_namespace_lineBuffer_25_magnitude_0_d1        |  out|   11|   ap_memory|  p_anonymous_namespace_lineBuffer_25_magnitude_0|         array|
|p_anonymous_namespace_lineBuffer_25_magnitude_0_q1        |   in|   11|   ap_memory|  p_anonymous_namespace_lineBuffer_25_magnitude_0|         array|
|p_anonymous_namespace_lineBuffer_25_magnitude_0_we1       |  out|    1|   ap_memory|  p_anonymous_namespace_lineBuffer_25_magnitude_0|         array|
|p_anonymous_namespace_lineBuffer_25_magnitude_1_address0  |  out|   10|   ap_memory|  p_anonymous_namespace_lineBuffer_25_magnitude_1|         array|
|p_anonymous_namespace_lineBuffer_25_magnitude_1_ce0       |  out|    1|   ap_memory|  p_anonymous_namespace_lineBuffer_25_magnitude_1|         array|
|p_anonymous_namespace_lineBuffer_25_magnitude_1_d0        |  out|   11|   ap_memory|  p_anonymous_namespace_lineBuffer_25_magnitude_1|         array|
|p_anonymous_namespace_lineBuffer_25_magnitude_1_q0        |   in|   11|   ap_memory|  p_anonymous_namespace_lineBuffer_25_magnitude_1|         array|
|p_anonymous_namespace_lineBuffer_25_magnitude_1_we0       |  out|    1|   ap_memory|  p_anonymous_namespace_lineBuffer_25_magnitude_1|         array|
|p_anonymous_namespace_lineBuffer_25_magnitude_1_address1  |  out|   10|   ap_memory|  p_anonymous_namespace_lineBuffer_25_magnitude_1|         array|
|p_anonymous_namespace_lineBuffer_25_magnitude_1_ce1       |  out|    1|   ap_memory|  p_anonymous_namespace_lineBuffer_25_magnitude_1|         array|
|p_anonymous_namespace_lineBuffer_25_magnitude_1_d1        |  out|   11|   ap_memory|  p_anonymous_namespace_lineBuffer_25_magnitude_1|         array|
|p_anonymous_namespace_lineBuffer_25_magnitude_1_q1        |   in|   11|   ap_memory|  p_anonymous_namespace_lineBuffer_25_magnitude_1|         array|
|p_anonymous_namespace_lineBuffer_25_magnitude_1_we1       |  out|    1|   ap_memory|  p_anonymous_namespace_lineBuffer_25_magnitude_1|         array|
|p_anonymous_namespace_rowsReceived_1_s_i                  |   in|   32|     ap_ovld|           p_anonymous_namespace_rowsReceived_1_s|       pointer|
|p_anonymous_namespace_rowsReceived_1_s_o                  |  out|   32|     ap_ovld|           p_anonymous_namespace_rowsReceived_1_s|       pointer|
|p_anonymous_namespace_rowsReceived_1_s_i_ap_vld           |   in|    1|     ap_ovld|           p_anonymous_namespace_rowsReceived_1_s|       pointer|
|p_anonymous_namespace_rowsReceived_1_s_o_ap_vld           |  out|    1|     ap_ovld|           p_anonymous_namespace_rowsReceived_1_s|       pointer|
|p_ZN12_GLOBAL_N_110lineBufferILi1EEE_0_address0           |  out|   10|   ap_memory|           p_ZN12_GLOBAL_N_110lineBufferILi1EEE_0|         array|
|p_ZN12_GLOBAL_N_110lineBufferILi1EEE_0_ce0                |  out|    1|   ap_memory|           p_ZN12_GLOBAL_N_110lineBufferILi1EEE_0|         array|
|p_ZN12_GLOBAL_N_110lineBufferILi1EEE_0_d0                 |  out|    8|   ap_memory|           p_ZN12_GLOBAL_N_110lineBufferILi1EEE_0|         array|
|p_ZN12_GLOBAL_N_110lineBufferILi1EEE_0_q0                 |   in|    8|   ap_memory|           p_ZN12_GLOBAL_N_110lineBufferILi1EEE_0|         array|
|p_ZN12_GLOBAL_N_110lineBufferILi1EEE_0_we0                |  out|    1|   ap_memory|           p_ZN12_GLOBAL_N_110lineBufferILi1EEE_0|         array|
|p_ZN12_GLOBAL_N_110lineBufferILi1EEE_0_address1           |  out|   10|   ap_memory|           p_ZN12_GLOBAL_N_110lineBufferILi1EEE_0|         array|
|p_ZN12_GLOBAL_N_110lineBufferILi1EEE_0_ce1                |  out|    1|   ap_memory|           p_ZN12_GLOBAL_N_110lineBufferILi1EEE_0|         array|
|p_ZN12_GLOBAL_N_110lineBufferILi1EEE_0_d1                 |  out|    8|   ap_memory|           p_ZN12_GLOBAL_N_110lineBufferILi1EEE_0|         array|
|p_ZN12_GLOBAL_N_110lineBufferILi1EEE_0_q1                 |   in|    8|   ap_memory|           p_ZN12_GLOBAL_N_110lineBufferILi1EEE_0|         array|
|p_ZN12_GLOBAL_N_110lineBufferILi1EEE_0_we1                |  out|    1|   ap_memory|           p_ZN12_GLOBAL_N_110lineBufferILi1EEE_0|         array|
|p_ZN12_GLOBAL_N_110lineBufferILi1EEE_1_address0           |  out|   10|   ap_memory|           p_ZN12_GLOBAL_N_110lineBufferILi1EEE_1|         array|
|p_ZN12_GLOBAL_N_110lineBufferILi1EEE_1_ce0                |  out|    1|   ap_memory|           p_ZN12_GLOBAL_N_110lineBufferILi1EEE_1|         array|
|p_ZN12_GLOBAL_N_110lineBufferILi1EEE_1_d0                 |  out|    8|   ap_memory|           p_ZN12_GLOBAL_N_110lineBufferILi1EEE_1|         array|
|p_ZN12_GLOBAL_N_110lineBufferILi1EEE_1_q0                 |   in|    8|   ap_memory|           p_ZN12_GLOBAL_N_110lineBufferILi1EEE_1|         array|
|p_ZN12_GLOBAL_N_110lineBufferILi1EEE_1_we0                |  out|    1|   ap_memory|           p_ZN12_GLOBAL_N_110lineBufferILi1EEE_1|         array|
|p_ZN12_GLOBAL_N_110lineBufferILi1EEE_1_address1           |  out|   10|   ap_memory|           p_ZN12_GLOBAL_N_110lineBufferILi1EEE_1|         array|
|p_ZN12_GLOBAL_N_110lineBufferILi1EEE_1_ce1                |  out|    1|   ap_memory|           p_ZN12_GLOBAL_N_110lineBufferILi1EEE_1|         array|
|p_ZN12_GLOBAL_N_110lineBufferILi1EEE_1_d1                 |  out|    8|   ap_memory|           p_ZN12_GLOBAL_N_110lineBufferILi1EEE_1|         array|
|p_ZN12_GLOBAL_N_110lineBufferILi1EEE_1_q1                 |   in|    8|   ap_memory|           p_ZN12_GLOBAL_N_110lineBufferILi1EEE_1|         array|
|p_ZN12_GLOBAL_N_110lineBufferILi1EEE_1_we1                |  out|    1|   ap_memory|           p_ZN12_GLOBAL_N_110lineBufferILi1EEE_1|         array|
|p_anonymous_namespace_rowsReceived_2_s_i                  |   in|   32|     ap_ovld|           p_anonymous_namespace_rowsReceived_2_s|       pointer|
|p_anonymous_namespace_rowsReceived_2_s_o                  |  out|   32|     ap_ovld|           p_anonymous_namespace_rowsReceived_2_s|       pointer|
|p_anonymous_namespace_rowsReceived_2_s_i_ap_vld           |   in|    1|     ap_ovld|           p_anonymous_namespace_rowsReceived_2_s|       pointer|
|p_anonymous_namespace_rowsReceived_2_s_o_ap_vld           |  out|    1|     ap_ovld|           p_anonymous_namespace_rowsReceived_2_s|       pointer|
|p_ZN12_GLOBAL_N_110lineBufferILi2EEE_0_address0           |  out|   10|   ap_memory|           p_ZN12_GLOBAL_N_110lineBufferILi2EEE_0|         array|
|p_ZN12_GLOBAL_N_110lineBufferILi2EEE_0_ce0                |  out|    1|   ap_memory|           p_ZN12_GLOBAL_N_110lineBufferILi2EEE_0|         array|
|p_ZN12_GLOBAL_N_110lineBufferILi2EEE_0_d0                 |  out|    8|   ap_memory|           p_ZN12_GLOBAL_N_110lineBufferILi2EEE_0|         array|
|p_ZN12_GLOBAL_N_110lineBufferILi2EEE_0_q0                 |   in|    8|   ap_memory|           p_ZN12_GLOBAL_N_110lineBufferILi2EEE_0|         array|
|p_ZN12_GLOBAL_N_110lineBufferILi2EEE_0_we0                |  out|    1|   ap_memory|           p_ZN12_GLOBAL_N_110lineBufferILi2EEE_0|         array|
|p_ZN12_GLOBAL_N_110lineBufferILi2EEE_0_address1           |  out|   10|   ap_memory|           p_ZN12_GLOBAL_N_110lineBufferILi2EEE_0|         array|
|p_ZN12_GLOBAL_N_110lineBufferILi2EEE_0_ce1                |  out|    1|   ap_memory|           p_ZN12_GLOBAL_N_110lineBufferILi2EEE_0|         array|
|p_ZN12_GLOBAL_N_110lineBufferILi2EEE_0_d1                 |  out|    8|   ap_memory|           p_ZN12_GLOBAL_N_110lineBufferILi2EEE_0|         array|
|p_ZN12_GLOBAL_N_110lineBufferILi2EEE_0_q1                 |   in|    8|   ap_memory|           p_ZN12_GLOBAL_N_110lineBufferILi2EEE_0|         array|
|p_ZN12_GLOBAL_N_110lineBufferILi2EEE_0_we1                |  out|    1|   ap_memory|           p_ZN12_GLOBAL_N_110lineBufferILi2EEE_0|         array|
|p_ZN12_GLOBAL_N_110lineBufferILi2EEE_1_address0           |  out|   10|   ap_memory|           p_ZN12_GLOBAL_N_110lineBufferILi2EEE_1|         array|
|p_ZN12_GLOBAL_N_110lineBufferILi2EEE_1_ce0                |  out|    1|   ap_memory|           p_ZN12_GLOBAL_N_110lineBufferILi2EEE_1|         array|
|p_ZN12_GLOBAL_N_110lineBufferILi2EEE_1_d0                 |  out|    8|   ap_memory|           p_ZN12_GLOBAL_N_110lineBufferILi2EEE_1|         array|
|p_ZN12_GLOBAL_N_110lineBufferILi2EEE_1_q0                 |   in|    8|   ap_memory|           p_ZN12_GLOBAL_N_110lineBufferILi2EEE_1|         array|
|p_ZN12_GLOBAL_N_110lineBufferILi2EEE_1_we0                |  out|    1|   ap_memory|           p_ZN12_GLOBAL_N_110lineBufferILi2EEE_1|         array|
|p_ZN12_GLOBAL_N_110lineBufferILi2EEE_1_address1           |  out|   10|   ap_memory|           p_ZN12_GLOBAL_N_110lineBufferILi2EEE_1|         array|
|p_ZN12_GLOBAL_N_110lineBufferILi2EEE_1_ce1                |  out|    1|   ap_memory|           p_ZN12_GLOBAL_N_110lineBufferILi2EEE_1|         array|
|p_ZN12_GLOBAL_N_110lineBufferILi2EEE_1_d1                 |  out|    8|   ap_memory|           p_ZN12_GLOBAL_N_110lineBufferILi2EEE_1|         array|
|p_ZN12_GLOBAL_N_110lineBufferILi2EEE_1_q1                 |   in|    8|   ap_memory|           p_ZN12_GLOBAL_N_110lineBufferILi2EEE_1|         array|
|p_ZN12_GLOBAL_N_110lineBufferILi2EEE_1_we1                |  out|    1|   ap_memory|           p_ZN12_GLOBAL_N_110lineBufferILi2EEE_1|         array|
|p_anonymous_namespace_rowsReceived_3_s_i                  |   in|   32|     ap_ovld|           p_anonymous_namespace_rowsReceived_3_s|       pointer|
|p_anonymous_namespace_rowsReceived_3_s_o                  |  out|   32|     ap_ovld|           p_anonymous_namespace_rowsReceived_3_s|       pointer|
|p_anonymous_namespace_rowsReceived_3_s_i_ap_vld           |   in|    1|     ap_ovld|           p_anonymous_namespace_rowsReceived_3_s|       pointer|
|p_anonymous_namespace_rowsReceived_3_s_o_ap_vld           |  out|    1|     ap_ovld|           p_anonymous_namespace_rowsReceived_3_s|       pointer|
|p_ZN12_GLOBAL_N_110lineBufferILi3EEE_0_address0           |  out|   10|   ap_memory|           p_ZN12_GLOBAL_N_110lineBufferILi3EEE_0|         array|
|p_ZN12_GLOBAL_N_110lineBufferILi3EEE_0_ce0                |  out|    1|   ap_memory|           p_ZN12_GLOBAL_N_110lineBufferILi3EEE_0|         array|
|p_ZN12_GLOBAL_N_110lineBufferILi3EEE_0_d0                 |  out|    8|   ap_memory|           p_ZN12_GLOBAL_N_110lineBufferILi3EEE_0|         array|
|p_ZN12_GLOBAL_N_110lineBufferILi3EEE_0_q0                 |   in|    8|   ap_memory|           p_ZN12_GLOBAL_N_110lineBufferILi3EEE_0|         array|
|p_ZN12_GLOBAL_N_110lineBufferILi3EEE_0_we0                |  out|    1|   ap_memory|           p_ZN12_GLOBAL_N_110lineBufferILi3EEE_0|         array|
|p_ZN12_GLOBAL_N_110lineBufferILi3EEE_0_address1           |  out|   10|   ap_memory|           p_ZN12_GLOBAL_N_110lineBufferILi3EEE_0|         array|
|p_ZN12_GLOBAL_N_110lineBufferILi3EEE_0_ce1                |  out|    1|   ap_memory|           p_ZN12_GLOBAL_N_110lineBufferILi3EEE_0|         array|
|p_ZN12_GLOBAL_N_110lineBufferILi3EEE_0_d1                 |  out|    8|   ap_memory|           p_ZN12_GLOBAL_N_110lineBufferILi3EEE_0|         array|
|p_ZN12_GLOBAL_N_110lineBufferILi3EEE_0_q1                 |   in|    8|   ap_memory|           p_ZN12_GLOBAL_N_110lineBufferILi3EEE_0|         array|
|p_ZN12_GLOBAL_N_110lineBufferILi3EEE_0_we1                |  out|    1|   ap_memory|           p_ZN12_GLOBAL_N_110lineBufferILi3EEE_0|         array|
|p_ZN12_GLOBAL_N_110lineBufferILi3EEE_1_address0           |  out|   10|   ap_memory|           p_ZN12_GLOBAL_N_110lineBufferILi3EEE_1|         array|
|p_ZN12_GLOBAL_N_110lineBufferILi3EEE_1_ce0                |  out|    1|   ap_memory|           p_ZN12_GLOBAL_N_110lineBufferILi3EEE_1|         array|
|p_ZN12_GLOBAL_N_110lineBufferILi3EEE_1_d0                 |  out|    8|   ap_memory|           p_ZN12_GLOBAL_N_110lineBufferILi3EEE_1|         array|
|p_ZN12_GLOBAL_N_110lineBufferILi3EEE_1_q0                 |   in|    8|   ap_memory|           p_ZN12_GLOBAL_N_110lineBufferILi3EEE_1|         array|
|p_ZN12_GLOBAL_N_110lineBufferILi3EEE_1_we0                |  out|    1|   ap_memory|           p_ZN12_GLOBAL_N_110lineBufferILi3EEE_1|         array|
|p_ZN12_GLOBAL_N_110lineBufferILi3EEE_1_address1           |  out|   10|   ap_memory|           p_ZN12_GLOBAL_N_110lineBufferILi3EEE_1|         array|
|p_ZN12_GLOBAL_N_110lineBufferILi3EEE_1_ce1                |  out|    1|   ap_memory|           p_ZN12_GLOBAL_N_110lineBufferILi3EEE_1|         array|
|p_ZN12_GLOBAL_N_110lineBufferILi3EEE_1_d1                 |  out|    8|   ap_memory|           p_ZN12_GLOBAL_N_110lineBufferILi3EEE_1|         array|
|p_ZN12_GLOBAL_N_110lineBufferILi3EEE_1_q1                 |   in|    8|   ap_memory|           p_ZN12_GLOBAL_N_110lineBufferILi3EEE_1|         array|
|p_ZN12_GLOBAL_N_110lineBufferILi3EEE_1_we1                |  out|    1|   ap_memory|           p_ZN12_GLOBAL_N_110lineBufferILi3EEE_1|         array|
|p_anonymous_namespace_rowsReceived_4_s_i                  |   in|   32|     ap_ovld|           p_anonymous_namespace_rowsReceived_4_s|       pointer|
|p_anonymous_namespace_rowsReceived_4_s_o                  |  out|   32|     ap_ovld|           p_anonymous_namespace_rowsReceived_4_s|       pointer|
|p_anonymous_namespace_rowsReceived_4_s_i_ap_vld           |   in|    1|     ap_ovld|           p_anonymous_namespace_rowsReceived_4_s|       pointer|
|p_anonymous_namespace_rowsReceived_4_s_o_ap_vld           |  out|    1|     ap_ovld|           p_anonymous_namespace_rowsReceived_4_s|       pointer|
|p_ZN12_GLOBAL_N_110lineBufferILi4EEE_0_address0           |  out|   10|   ap_memory|           p_ZN12_GLOBAL_N_110lineBufferILi4EEE_0|         array|
|p_ZN12_GLOBAL_N_110lineBufferILi4EEE_0_ce0                |  out|    1|   ap_memory|           p_ZN12_GLOBAL_N_110lineBufferILi4EEE_0|         array|
|p_ZN12_GLOBAL_N_110lineBufferILi4EEE_0_d0                 |  out|    8|   ap_memory|           p_ZN12_GLOBAL_N_110lineBufferILi4EEE_0|         array|
|p_ZN12_GLOBAL_N_110lineBufferILi4EEE_0_q0                 |   in|    8|   ap_memory|           p_ZN12_GLOBAL_N_110lineBufferILi4EEE_0|         array|
|p_ZN12_GLOBAL_N_110lineBufferILi4EEE_0_we0                |  out|    1|   ap_memory|           p_ZN12_GLOBAL_N_110lineBufferILi4EEE_0|         array|
|p_ZN12_GLOBAL_N_110lineBufferILi4EEE_0_address1           |  out|   10|   ap_memory|           p_ZN12_GLOBAL_N_110lineBufferILi4EEE_0|         array|
|p_ZN12_GLOBAL_N_110lineBufferILi4EEE_0_ce1                |  out|    1|   ap_memory|           p_ZN12_GLOBAL_N_110lineBufferILi4EEE_0|         array|
|p_ZN12_GLOBAL_N_110lineBufferILi4EEE_0_d1                 |  out|    8|   ap_memory|           p_ZN12_GLOBAL_N_110lineBufferILi4EEE_0|         array|
|p_ZN12_GLOBAL_N_110lineBufferILi4EEE_0_q1                 |   in|    8|   ap_memory|           p_ZN12_GLOBAL_N_110lineBufferILi4EEE_0|         array|
|p_ZN12_GLOBAL_N_110lineBufferILi4EEE_0_we1                |  out|    1|   ap_memory|           p_ZN12_GLOBAL_N_110lineBufferILi4EEE_0|         array|
|p_ZN12_GLOBAL_N_110lineBufferILi4EEE_1_address0           |  out|   10|   ap_memory|           p_ZN12_GLOBAL_N_110lineBufferILi4EEE_1|         array|
|p_ZN12_GLOBAL_N_110lineBufferILi4EEE_1_ce0                |  out|    1|   ap_memory|           p_ZN12_GLOBAL_N_110lineBufferILi4EEE_1|         array|
|p_ZN12_GLOBAL_N_110lineBufferILi4EEE_1_d0                 |  out|    8|   ap_memory|           p_ZN12_GLOBAL_N_110lineBufferILi4EEE_1|         array|
|p_ZN12_GLOBAL_N_110lineBufferILi4EEE_1_q0                 |   in|    8|   ap_memory|           p_ZN12_GLOBAL_N_110lineBufferILi4EEE_1|         array|
|p_ZN12_GLOBAL_N_110lineBufferILi4EEE_1_we0                |  out|    1|   ap_memory|           p_ZN12_GLOBAL_N_110lineBufferILi4EEE_1|         array|
|p_ZN12_GLOBAL_N_110lineBufferILi4EEE_1_address1           |  out|   10|   ap_memory|           p_ZN12_GLOBAL_N_110lineBufferILi4EEE_1|         array|
|p_ZN12_GLOBAL_N_110lineBufferILi4EEE_1_ce1                |  out|    1|   ap_memory|           p_ZN12_GLOBAL_N_110lineBufferILi4EEE_1|         array|
|p_ZN12_GLOBAL_N_110lineBufferILi4EEE_1_d1                 |  out|    8|   ap_memory|           p_ZN12_GLOBAL_N_110lineBufferILi4EEE_1|         array|
|p_ZN12_GLOBAL_N_110lineBufferILi4EEE_1_q1                 |   in|    8|   ap_memory|           p_ZN12_GLOBAL_N_110lineBufferILi4EEE_1|         array|
|p_ZN12_GLOBAL_N_110lineBufferILi4EEE_1_we1                |  out|    1|   ap_memory|           p_ZN12_GLOBAL_N_110lineBufferILi4EEE_1|         array|
|rowsReceived_i                                            |   in|   32|     ap_ovld|                                     rowsReceived|       pointer|
|rowsReceived_o                                            |  out|   32|     ap_ovld|                                     rowsReceived|       pointer|
|rowsReceived_i_ap_vld                                     |   in|    1|     ap_ovld|                                     rowsReceived|       pointer|
|rowsReceived_o_ap_vld                                     |  out|    1|     ap_ovld|                                     rowsReceived|       pointer|
|ap_clk                                                    |   in|    1|  ap_ctrl_hs|                        dataflow_parent_loop_proc|  return value|
|ap_rst                                                    |   in|    1|  ap_ctrl_hs|                        dataflow_parent_loop_proc|  return value|
|ap_start                                                  |   in|    1|  ap_ctrl_hs|                        dataflow_parent_loop_proc|  return value|
|ap_done                                                   |  out|    1|  ap_ctrl_hs|                        dataflow_parent_loop_proc|  return value|
|ap_ready                                                  |  out|    1|  ap_ctrl_hs|                        dataflow_parent_loop_proc|  return value|
|ap_idle                                                   |  out|    1|  ap_ctrl_hs|                        dataflow_parent_loop_proc|  return value|
|ap_continue                                               |   in|    1|  ap_ctrl_hs|                        dataflow_parent_loop_proc|  return value|
+----------------------------------------------------------+-----+-----+------------+-------------------------------------------------+--------------+

