

================================================================
== Vitis HLS Report for 'double_threshold_Pipeline_VITIS_LOOP_16_1'
================================================================
* Date:           Thu Jul 23 23:06:32 2026

* Version:        2025.2 (Build 6295257 on Nov 14 2025)
* Project:        canny_top
* Solution:       hls (Vitis Kernel Flow Target)
* Product family: zynquplus
* Target device:  xck26-sfvc784-2LV-c


================================================================
== Performance Estimates
================================================================
+ Timing: 
    * Summary: 
    +--------+---------+----------+------------+
    |  Clock |  Target | Estimated| Uncertainty|
    +--------+---------+----------+------------+
    |ap_clk  |  5.00 ns|  3.632 ns|     1.35 ns|
    +--------+---------+----------+------------+

+ Latency: 
    * Summary: 
    +---------+---------+----------+----------+-----+-----+-------------------+
    |  Latency (cycles) |  Latency (absolute) |  Interval |      Pipeline     |
    |   min   |   max   |    min   |    max   | min | max |        Type       |
    +---------+---------+----------+----------+-----+-----+-------------------+
    |      514|      514|  2.570 us|  2.570 us|    0|    0|  loop pipeline stp|
    +---------+---------+----------+----------+-----+-----+-------------------+

    + Detail: 
        * Instance: 
        N/A

        * Loop: 
        +-------------------+---------+---------+----------+-----------+-----------+------+----------+
        |                   |  Latency (cycles) | Iteration|  Initiation Interval  | Trip |          |
        |     Loop Name     |   min   |   max   |  Latency |  achieved |   target  | Count| Pipelined|
        +-------------------+---------+---------+----------+-----------+-----------+------+----------+
        |- VITIS_LOOP_16_1  |      512|      512|         2|          1|          1|   512|       yes|
        +-------------------+---------+---------+----------+-----------+-----------+------+----------+



================================================================
== Utilization Estimates
================================================================
* Summary: 
+-----------------+---------+------+--------+--------+-----+
|       Name      | BRAM_18K|  DSP |   FF   |   LUT  | URAM|
+-----------------+---------+------+--------+--------+-----+
|DSP              |        -|     -|       -|       -|    -|
|Expression       |        -|     -|       0|      84|    -|
|FIFO             |        -|     -|       -|       -|    -|
|Instance         |        -|     -|       -|       -|    -|
|Memory           |        -|     -|       -|       -|    -|
|Multiplexer      |        -|     -|       0|      36|    -|
|Register         |        -|     -|      23|       -|    -|
+-----------------+---------+------+--------+--------+-----+
|Total            |        0|     0|      23|     120|    0|
+-----------------+---------+------+--------+--------+-----+
|Available        |      288|  1248|  234240|  117120|   64|
+-----------------+---------+------+--------+--------+-----+
|Utilization (%)  |        0|     0|      ~0|      ~0|    0|
+-----------------+---------+------+--------+--------+-----+

+ Detail: 
    * Instance: 
    N/A

    * DSP: 
    N/A

    * Memory: 
    N/A

    * FIFO: 
    N/A

    * Expression: 
    +-------------------------+----------+----+---+----+------------+------------+
    |      Variable Name      | Operation| DSP| FF| LUT| Bitwidth P0| Bitwidth P1|
    +-------------------------+----------+----+---+----+------------+------------+
    |add_ln16_fu_84_p2        |         +|   0|  0|  17|          10|           1|
    |icmp_ln16_fu_78_p2       |      icmp|   0|  0|  18|          10|          11|
    |icmp_ln19_fu_100_p2      |      icmp|   0|  0|  15|           8|           7|
    |icmp_ln22_fu_106_p2      |      icmp|   0|  0|  15|           8|           5|
    |select_ln19_1_fu_112_p3  |    select|   0|  0|   9|           1|           2|
    |select_ln19_fu_120_p3    |    select|   0|  0|   8|           1|           8|
    |ap_enable_pp0            |       xor|   0|  0|   2|           1|           2|
    +-------------------------+----------+----+---+----+------------+------------+
    |Total                    |          |   0|  0|  84|          39|          36|
    +-------------------------+----------+----+---+----+------------+------------+

    * Multiplexer: 
    +---------------------------+----+-----------+-----+-----------+
    |            Name           | LUT| Input Size| Bits| Total Bits|
    +---------------------------+----+-----------+-----+-----------+
    |ap_done_int                |   9|          2|    1|          2|
    |ap_enable_reg_pp0_iter1    |   9|          2|    1|          2|
    |ap_sig_allocacmp_column_8  |   9|          2|   10|         20|
    |column_fu_40               |   9|          2|   10|         20|
    +---------------------------+----+-----------+-----+-----------+
    |Total                      |  36|          8|   22|         44|
    +---------------------------+----+-----------+-----+-----------+

    * Register: 
    +-------------------------+----+----+-----+-----------+
    |           Name          | FF | LUT| Bits| Const Bits|
    +-------------------------+----+----+-----+-----------+
    |ap_CS_fsm                |   1|   0|    1|          0|
    |ap_done_reg              |   1|   0|    1|          0|
    |ap_enable_reg_pp0_iter1  |   1|   0|    1|          0|
    |column_fu_40             |  10|   0|   10|          0|
    |zext_ln16_reg_139        |  10|   0|   64|         54|
    +-------------------------+----+----+-----+-----------+
    |Total                    |  23|   0|   77|         54|
    +-------------------------+----+----+-----+-----------+



================================================================
== Interface
================================================================
* Summary: 
+---------------------+-----+-----+------------+-------------------------------------------+--------------+
|      RTL Ports      | Dir | Bits|  Protocol  |               Source Object               |    C Type    |
+---------------------+-----+-----+------------+-------------------------------------------+--------------+
|ap_clk               |   in|    1|  ap_ctrl_hs|  double_threshold_Pipeline_VITIS_LOOP_16_1|  return value|
|ap_rst               |   in|    1|  ap_ctrl_hs|  double_threshold_Pipeline_VITIS_LOOP_16_1|  return value|
|ap_start             |   in|    1|  ap_ctrl_hs|  double_threshold_Pipeline_VITIS_LOOP_16_1|  return value|
|ap_done              |  out|    1|  ap_ctrl_hs|  double_threshold_Pipeline_VITIS_LOOP_16_1|  return value|
|ap_idle              |  out|    1|  ap_ctrl_hs|  double_threshold_Pipeline_VITIS_LOOP_16_1|  return value|
|ap_ready             |  out|    1|  ap_ctrl_hs|  double_threshold_Pipeline_VITIS_LOOP_16_1|  return value|
|out_nonmax_address0  |  out|    9|   ap_memory|                                 out_nonmax|         array|
|out_nonmax_ce0       |  out|    1|   ap_memory|                                 out_nonmax|         array|
|out_nonmax_q0        |   in|    8|   ap_memory|                                 out_nonmax|         array|
|out_double_address0  |  out|    9|   ap_memory|                                 out_double|         array|
|out_double_ce0       |  out|    1|   ap_memory|                                 out_double|         array|
|out_double_we0       |  out|    1|   ap_memory|                                 out_double|         array|
|out_double_d0        |  out|    8|   ap_memory|                                 out_double|         array|
+---------------------+-----+-----+------------+-------------------------------------------+--------------+

