

================================================================
== Vitis HLS Report for 'double_threshold'
================================================================
* Date:           Sat Aug  1 15:48:52 2026

* Version:        2025.2 (Build 6295257 on Nov 14 2025)
* Project:        canny_top
* Solution:       hls (Vitis Kernel Flow Target)
* Product family: zynquplus
* Target device:  xck26-sfvc784-2LV-c


================================================================
== Performance Estimates
================================================================
+ Timing: 
    * Summary: 
    +--------+---------+----------+------------+
    |  Clock |  Target | Estimated| Uncertainty|
    +--------+---------+----------+------------+
    |ap_clk  |  5.00 ns|  2.603 ns|     1.35 ns|
    +--------+---------+----------+------------+

+ Latency: 
    * Summary: 
    +---------+---------+----------+----------+--------+--------+------------------------------------------------+
    |  Latency (cycles) |  Latency (absolute) |     Interval    |                    Pipeline                    |
    |   min   |   max   |    min   |    max   |   min  |   max  |                      Type                      |
    +---------+---------+----------+----------+--------+--------+------------------------------------------------+
    |   262146|   262146|  1.311 ms|  1.311 ms|  262144|  262144|  loop auto-rewind stp (delay=0 clock cycles(s))|
    +---------+---------+----------+----------+--------+--------+------------------------------------------------+

    + Detail: 
        * Instance: 
        N/A

        * Loop: 
        +-------------------+---------+---------+----------+-----------+-----------+--------+----------+
        |                   |  Latency (cycles) | Iteration|  Initiation Interval  |  Trip  |          |
        |     Loop Name     |   min   |   max   |  Latency |  achieved |   target  |  Count | Pipelined|
        +-------------------+---------+---------+----------+-----------+-----------+--------+----------+
        |- VITIS_LOOP_10_1  |   262144|   262144|         2|          1|          1|  262144|       yes|
        +-------------------+---------+---------+----------+-----------+-----------+--------+----------+



================================================================
== Utilization Estimates
================================================================
* Summary: 
+-----------------+---------+------+--------+--------+-----+
|       Name      | BRAM_18K|  DSP |   FF   |   LUT  | URAM|
+-----------------+---------+------+--------+--------+-----+
|DSP              |        -|     -|       -|       -|    -|
|Expression       |        -|     -|       0|     123|    -|
|FIFO             |        -|     -|       -|       -|    -|
|Instance         |        -|     -|       -|       -|    -|
|Memory           |        -|     -|       -|       -|    -|
|Multiplexer      |        -|     -|       0|      63|    -|
|Register         |        -|     -|      25|       -|    -|
+-----------------+---------+------+--------+--------+-----+
|Total            |        0|     0|      25|     186|    0|
+-----------------+---------+------+--------+--------+-----+
|Available        |      288|  1248|  234240|  117120|   64|
+-----------------+---------+------+--------+--------+-----+
|Utilization (%)  |        0|     0|      ~0|      ~0|    0|
+-----------------+---------+------+--------+--------+-----+

+ Detail: 
    * Instance: 
    N/A

    * DSP: 
    N/A

    * Memory: 
    N/A

    * FIFO: 
    N/A

    * Expression: 
    +---------------------------------------+----------+----+---+----+------------+------------+
    |             Variable Name             | Operation| DSP| FF| LUT| Bitwidth P0| Bitwidth P1|
    +---------------------------------------+----------+----+---+----+------------+------------+
    |i_3_fu_83_p2                           |         +|   0|  0|  25|          18|           1|
    |ap_condition_117                       |       and|   0|  0|   2|           1|           1|
    |icmp_ln10_fu_89_p2                     |      icmp|   0|  0|  25|          18|           2|
    |icmp_ln16_fu_71_p2                     |      icmp|   0|  0|  23|          16|           7|
    |icmp_ln19_fu_77_p2                     |      icmp|   0|  0|  23|          16|           5|
    |ap_block_pp0_stage0_01001_grp1         |        or|   0|  0|   2|           1|           1|
    |ap_block_pp0_stage0_11001              |        or|   0|  0|   2|           1|           1|
    |ap_block_state1_pp0_stage0_iter0_grp1  |        or|   0|  0|   2|           1|           1|
    |select_ln16_fu_100_p3                  |    select|   0|  0|   9|           1|           2|
    |thresh_out_din                         |    select|   0|  0|   8|           1|           8|
    |ap_enable_pp0                          |       xor|   0|  0|   2|           1|           2|
    +---------------------------------------+----------+----+---+----+------------+------------+
    |Total                                  |          |   0|  0| 123|          75|          31|
    +---------------------------------------+----------+----+---+----+------------+------------+

    * Multiplexer: 
    +----------------------------------+----+-----------+-----+-----------+
    |               Name               | LUT| Input Size| Bits| Total Bits|
    +----------------------------------+----+-----------+-----+-----------+
    |ap_done_int                       |   9|          2|    1|          2|
    |ap_loop_exit_ready_pp0_iter1_reg  |   9|          2|    1|          2|
    |ap_sig_allocacmp_i_2              |   9|          2|   18|         36|
    |i_fu_46                           |   9|          2|   18|         36|
    |nms_out_blk_n                     |   9|          2|    1|          2|
    |real_start                        |   9|          2|    1|          2|
    |thresh_out_blk_n                  |   9|          2|    1|          2|
    +----------------------------------+----+-----------+-----+-----------+
    |Total                             |  63|         14|   41|         82|
    +----------------------------------+----+-----------+-----+-----------+

    * Register: 
    +----------------------------------+----+----+-----+-----------+
    |               Name               | FF | LUT| Bits| Const Bits|
    +----------------------------------+----+----+-----+-----------+
    |ap_CS_fsm                         |   1|   0|    1|          0|
    |ap_done_reg                       |   1|   0|    1|          0|
    |ap_enable_reg_pp0_iter1           |   1|   0|    1|          0|
    |ap_loop_exit_ready_pp0_iter1_reg  |   1|   0|    1|          0|
    |i_fu_46                           |  18|   0|   18|          0|
    |icmp_ln16_reg_122                 |   1|   0|    1|          0|
    |icmp_ln19_reg_127                 |   1|   0|    1|          0|
    |start_once_reg                    |   1|   0|    1|          0|
    +----------------------------------+----+----+-----+-----------+
    |Total                             |  25|   0|   25|          0|
    +----------------------------------+----+----+-----+-----------+



================================================================
== Interface
================================================================
* Summary: 
+---------------------------+-----+-----+------------+------------------+--------------+
|         RTL Ports         | Dir | Bits|  Protocol  |   Source Object  |    C Type    |
+---------------------------+-----+-----+------------+------------------+--------------+
|ap_clk                     |   in|    1|  ap_ctrl_hs|  double_threshold|  return value|
|ap_rst                     |   in|    1|  ap_ctrl_hs|  double_threshold|  return value|
|ap_start                   |   in|    1|  ap_ctrl_hs|  double_threshold|  return value|
|start_full_n               |   in|    1|  ap_ctrl_hs|  double_threshold|  return value|
|ap_done                    |  out|    1|  ap_ctrl_hs|  double_threshold|  return value|
|ap_continue                |   in|    1|  ap_ctrl_hs|  double_threshold|  return value|
|ap_idle                    |  out|    1|  ap_ctrl_hs|  double_threshold|  return value|
|ap_ready                   |  out|    1|  ap_ctrl_hs|  double_threshold|  return value|
|start_out                  |  out|    1|  ap_ctrl_hs|  double_threshold|  return value|
|start_write                |  out|    1|  ap_ctrl_hs|  double_threshold|  return value|
|nms_out_dout               |   in|   16|     ap_fifo|           nms_out|       pointer|
|nms_out_empty_n            |   in|    1|     ap_fifo|           nms_out|       pointer|
|nms_out_read               |  out|    1|     ap_fifo|           nms_out|       pointer|
|nms_out_num_data_valid     |   in|   11|     ap_fifo|           nms_out|       pointer|
|nms_out_fifo_cap           |   in|   11|     ap_fifo|           nms_out|       pointer|
|thresh_out_din             |  out|    8|     ap_fifo|        thresh_out|       pointer|
|thresh_out_full_n          |   in|    1|     ap_fifo|        thresh_out|       pointer|
|thresh_out_write           |  out|    1|     ap_fifo|        thresh_out|       pointer|
|thresh_out_num_data_valid  |   in|   32|     ap_fifo|        thresh_out|       pointer|
|thresh_out_fifo_cap        |   in|   32|     ap_fifo|        thresh_out|       pointer|
+---------------------------+-----+-----+------------+------------------+--------------+

