

================================================================
== Vitis HLS Report for 'gaussian_blur_Pipeline_VITIS_LOOP_76_2'
================================================================
* Date:           Thu Jul 30 19:40:41 2026

* Version:        2025.2 (Build 6295257 on Nov 14 2025)
* Project:        canny_top
* Solution:       hls (Vitis Kernel Flow Target)
* Product family: zynquplus
* Target device:  xck26-sfvc784-2LV-c


================================================================
== Performance Estimates
================================================================
+ Timing: 
    * Summary: 
    +--------+---------+----------+------------+
    |  Clock |  Target | Estimated| Uncertainty|
    +--------+---------+----------+------------+
    |ap_clk  |  5.00 ns|  3.614 ns|     1.35 ns|
    +--------+---------+----------+------------+

+ Latency: 
    * Summary: 
    +---------+---------+----------+----------+-----+-----+-------------------+
    |  Latency (cycles) |  Latency (absolute) |  Interval |      Pipeline     |
    |   min   |   max   |    min   |    max   | min | max |        Type       |
    +---------+---------+----------+----------+-----+-----+-------------------+
    |      515|      515|  2.575 us|  2.575 us|    0|    0|  loop pipeline stp|
    +---------+---------+----------+----------+-----+-----+-------------------+

    + Detail: 
        * Instance: 
        N/A

        * Loop: 
        +-------------------+---------+---------+----------+-----------+-----------+------+----------+
        |                   |  Latency (cycles) | Iteration|  Initiation Interval  | Trip |          |
        |     Loop Name     |   min   |   max   |  Latency |  achieved |   target  | Count| Pipelined|
        +-------------------+---------+---------+----------+-----------+-----------+------+----------+
        |- VITIS_LOOP_76_2  |      513|      513|         3|          1|          1|   512|       yes|
        +-------------------+---------+---------+----------+-----------+-----------+------+----------+



================================================================
== Utilization Estimates
================================================================
* Summary: 
+-----------------+---------+------+--------+--------+-----+
|       Name      | BRAM_18K|  DSP |   FF   |   LUT  | URAM|
+-----------------+---------+------+--------+--------+-----+
|DSP              |        -|     -|       -|       -|    -|
|Expression       |        -|     -|       0|     164|    -|
|FIFO             |        -|     -|       -|       -|    -|
|Instance         |        -|     -|       -|       -|    -|
|Memory           |        -|     -|       -|       -|    -|
|Multiplexer      |        -|     -|       0|      81|    -|
|Register         |        -|     -|      88|       -|    -|
+-----------------+---------+------+--------+--------+-----+
|Total            |        0|     0|      88|     245|    0|
+-----------------+---------+------+--------+--------+-----+
|Available        |      288|  1248|  234240|  117120|   64|
+-----------------+---------+------+--------+--------+-----+
|Utilization (%)  |        0|     0|      ~0|      ~0|    0|
+-----------------+---------+------+--------+--------+-----+

+ Detail: 
    * Instance: 
    N/A

    * DSP: 
    N/A

    * Memory: 
    N/A

    * FIFO: 
    N/A

    * Expression: 
    +-----------------------+----------+----+---+----+------------+------------+
    |     Variable Name     | Operation| DSP| FF| LUT| Bitwidth P0| Bitwidth P1|
    +-----------------------+----------+----+---+----+------------+------------+
    |add_ln76_fu_245_p2     |         +|   0|  0|  17|          10|           1|
    |add_ln83_1_fu_400_p2   |         +|   0|  0|  17|          11|          11|
    |add_ln83_2_fu_410_p2   |         +|   0|  0|  19|          12|          12|
    |add_ln83_fu_390_p2     |         +|   0|  0|  16|           9|           9|
    |add_ln96_fu_273_p2     |         +|   0|  0|  17|          10|           2|
    |tmp4_fu_372_p2         |         +|   0|  0|  16|           9|           9|
    |sub_ln36_fu_291_p2     |         -|   0|  0|  16|           3|           9|
    |sub_ln83_fu_358_p2     |         -|   0|  0|  17|          11|          11|
    |icmp_ln76_fu_239_p2    |      icmp|   0|  0|  18|          10|          11|
    |select_ln35_fu_297_p3  |    select|   0|  0|   9|           1|           9|
    |ap_enable_pp0          |       xor|   0|  0|   2|           1|           2|
    +-----------------------+----------+----+---+----+------------+------------+
    |Total                  |          |   0|  0| 164|          87|          86|
    +-----------------------+----------+----+---+----+------------+------------+

    * Multiplexer: 
    +---------------------------+----+-----------+-----+-----------+
    |            Name           | LUT| Input Size| Bits| Total Bits|
    +---------------------------+----+-----------+-----+-----------+
    |ap_done_int                |   9|          2|    1|          2|
    |ap_enable_reg_pp0_iter2    |   9|          2|    1|          2|
    |ap_sig_allocacmp_column_9  |   9|          2|   10|         20|
    |column_fu_84               |   9|          2|   10|         20|
    |empty_100_fu_92            |   9|          2|    8|         16|
    |empty_101_fu_96            |   9|          2|    8|         16|
    |empty_102_fu_100           |   9|          2|    8|         16|
    |empty_98_fu_80             |   9|          2|    8|         16|
    |empty_99_fu_88             |   9|          2|    8|         16|
    +---------------------------+----+-----------+-----+-----------+
    |Total                      |  81|         18|   62|        124|
    +---------------------------+----+-----------+-----+-----------+

    * Register: 
    +----------------------------------+----+----+-----+-----------+
    |               Name               | FF | LUT| Bits| Const Bits|
    +----------------------------------+----+----+-----+-----------+
    |add_ln83_2_reg_509                |  12|   0|   12|          0|
    |ap_CS_fsm                         |   1|   0|    1|          0|
    |ap_done_reg                       |   1|   0|    1|          0|
    |ap_enable_reg_pp0_iter1           |   1|   0|    1|          0|
    |ap_enable_reg_pp0_iter2           |   1|   0|    1|          0|
    |ap_loop_exit_ready_pp0_iter1_reg  |   1|   0|    1|          0|
    |column_9_reg_495                  |  10|   0|   10|          0|
    |column_9_reg_495_pp0_iter1_reg    |  10|   0|   10|          0|
    |column_fu_84                      |  10|   0|   10|          0|
    |empty_100_fu_92                   |   8|   0|    8|          0|
    |empty_101_fu_96                   |   8|   0|    8|          0|
    |empty_102_fu_100                  |   8|   0|    8|          0|
    |empty_98_fu_80                    |   8|   0|    8|          0|
    |empty_99_fu_88                    |   8|   0|    8|          0|
    |icmp_ln76_reg_500                 |   1|   0|    1|          0|
    +----------------------------------+----+----+-----+-----------+
    |Total                             |  88|   0|   88|          0|
    +----------------------------------+----+----+-----+-----------+



================================================================
== Interface
================================================================
* Summary: 
+------------------------------------------------+-----+-----+------------+----------------------------------------+--------------+
|                    RTL Ports                   | Dir | Bits|  Protocol  |              Source Object             |    C Type    |
+------------------------------------------------+-----+-----+------------+----------------------------------------+--------------+
|ap_clk                                          |   in|    1|  ap_ctrl_hs|  gaussian_blur_Pipeline_VITIS_LOOP_76_2|  return value|
|ap_rst                                          |   in|    1|  ap_ctrl_hs|  gaussian_blur_Pipeline_VITIS_LOOP_76_2|  return value|
|ap_start                                        |   in|    1|  ap_ctrl_hs|  gaussian_blur_Pipeline_VITIS_LOOP_76_2|  return value|
|ap_done                                         |  out|    1|  ap_ctrl_hs|  gaussian_blur_Pipeline_VITIS_LOOP_76_2|  return value|
|ap_idle                                         |  out|    1|  ap_ctrl_hs|  gaussian_blur_Pipeline_VITIS_LOOP_76_2|  return value|
|ap_ready                                        |  out|    1|  ap_ctrl_hs|  gaussian_blur_Pipeline_VITIS_LOOP_76_2|  return value|
|input_load                                      |   in|    8|     ap_none|                              input_load|        scalar|
|input_load_1                                    |   in|    8|     ap_none|                            input_load_1|        scalar|
|input_load_2                                    |   in|    8|     ap_none|                            input_load_2|        scalar|
|input_r_address0                                |  out|    9|   ap_memory|                                 input_r|         array|
|input_r_ce0                                     |  out|    1|   ap_memory|                                 input_r|         array|
|input_r_q0                                      |   in|    8|   ap_memory|                                 input_r|         array|
|empty                                           |   in|    4|     ap_none|                                   empty|        scalar|
|p_anonymous_namespace_lineBuffer_39_0_address0  |  out|    9|   ap_memory|   p_anonymous_namespace_lineBuffer_39_0|         array|
|p_anonymous_namespace_lineBuffer_39_0_ce0       |  out|    1|   ap_memory|   p_anonymous_namespace_lineBuffer_39_0|         array|
|p_anonymous_namespace_lineBuffer_39_0_we0       |  out|    1|   ap_memory|   p_anonymous_namespace_lineBuffer_39_0|         array|
|p_anonymous_namespace_lineBuffer_39_0_d0        |  out|   12|   ap_memory|   p_anonymous_namespace_lineBuffer_39_0|         array|
|p_anonymous_namespace_lineBuffer_39_1_address0  |  out|    9|   ap_memory|   p_anonymous_namespace_lineBuffer_39_1|         array|
|p_anonymous_namespace_lineBuffer_39_1_ce0       |  out|    1|   ap_memory|   p_anonymous_namespace_lineBuffer_39_1|         array|
|p_anonymous_namespace_lineBuffer_39_1_we0       |  out|    1|   ap_memory|   p_anonymous_namespace_lineBuffer_39_1|         array|
|p_anonymous_namespace_lineBuffer_39_1_d0        |  out|   12|   ap_memory|   p_anonymous_namespace_lineBuffer_39_1|         array|
|p_anonymous_namespace_lineBuffer_39_2_address0  |  out|    9|   ap_memory|   p_anonymous_namespace_lineBuffer_39_2|         array|
|p_anonymous_namespace_lineBuffer_39_2_ce0       |  out|    1|   ap_memory|   p_anonymous_namespace_lineBuffer_39_2|         array|
|p_anonymous_namespace_lineBuffer_39_2_we0       |  out|    1|   ap_memory|   p_anonymous_namespace_lineBuffer_39_2|         array|
|p_anonymous_namespace_lineBuffer_39_2_d0        |  out|   12|   ap_memory|   p_anonymous_namespace_lineBuffer_39_2|         array|
|p_anonymous_namespace_lineBuffer_39_3_address0  |  out|    9|   ap_memory|   p_anonymous_namespace_lineBuffer_39_3|         array|
|p_anonymous_namespace_lineBuffer_39_3_ce0       |  out|    1|   ap_memory|   p_anonymous_namespace_lineBuffer_39_3|         array|
|p_anonymous_namespace_lineBuffer_39_3_we0       |  out|    1|   ap_memory|   p_anonymous_namespace_lineBuffer_39_3|         array|
|p_anonymous_namespace_lineBuffer_39_3_d0        |  out|   12|   ap_memory|   p_anonymous_namespace_lineBuffer_39_3|         array|
|p_anonymous_namespace_lineBuffer_39_4_address0  |  out|    9|   ap_memory|   p_anonymous_namespace_lineBuffer_39_4|         array|
|p_anonymous_namespace_lineBuffer_39_4_ce0       |  out|    1|   ap_memory|   p_anonymous_namespace_lineBuffer_39_4|         array|
|p_anonymous_namespace_lineBuffer_39_4_we0       |  out|    1|   ap_memory|   p_anonymous_namespace_lineBuffer_39_4|         array|
|p_anonymous_namespace_lineBuffer_39_4_d0        |  out|   12|   ap_memory|   p_anonymous_namespace_lineBuffer_39_4|         array|
+------------------------------------------------+-----+-----+------------+----------------------------------------+--------------+

