

================================================================
== Vitis HLS Report for 'gaussian_blur_Pipeline_VITIS_LOOP_125_6'
================================================================
* Date:           Wed Jul 29 23:33:22 2026

* Version:        2025.2 (Build 6295257 on Nov 14 2025)
* Project:        canny_top
* Solution:       hls (Vitis Kernel Flow Target)
* Product family: zynquplus
* Target device:  xck26-sfvc784-2LV-c


================================================================
== Performance Estimates
================================================================
+ Timing: 
    * Summary: 
    +--------+---------+----------+------------+
    |  Clock |  Target | Estimated| Uncertainty|
    +--------+---------+----------+------------+
    |ap_clk  |  5.00 ns|  3.353 ns|     1.35 ns|
    +--------+---------+----------+------------+

+ Latency: 
    * Summary: 
    +---------+---------+----------+----------+-----+-----+-------------------+
    |  Latency (cycles) |  Latency (absolute) |  Interval |      Pipeline     |
    |   min   |   max   |    min   |    max   | min | max |        Type       |
    +---------+---------+----------+----------+-----+-----+-------------------+
    |      515|      515|  2.575 us|  2.575 us|    0|    0|  loop pipeline stp|
    +---------+---------+----------+----------+-----+-----+-------------------+

    + Detail: 
        * Instance: 
        N/A

        * Loop: 
        +--------------------+---------+---------+----------+-----------+-----------+------+----------+
        |                    |  Latency (cycles) | Iteration|  Initiation Interval  | Trip |          |
        |      Loop Name     |   min   |   max   |  Latency |  achieved |   target  | Count| Pipelined|
        +--------------------+---------+---------+----------+-----------+-----------+------+----------+
        |- VITIS_LOOP_125_6  |      513|      513|         3|          1|          1|   512|       yes|
        +--------------------+---------+---------+----------+-----------+-----------+------+----------+



================================================================
== Utilization Estimates
================================================================
* Summary: 
+-----------------+---------+------+--------+--------+-----+
|       Name      | BRAM_18K|  DSP |   FF   |   LUT  | URAM|
+-----------------+---------+------+--------+--------+-----+
|DSP              |        -|     -|       -|       -|    -|
|Expression       |        -|     -|       0|     132|    -|
|FIFO             |        -|     -|       -|       -|    -|
|Instance         |        -|     -|       0|     130|    -|
|Memory           |        -|     -|       -|       -|    -|
|Multiplexer      |        -|     -|       0|      36|    -|
|Register         |        -|     -|      63|       -|    -|
+-----------------+---------+------+--------+--------+-----+
|Total            |        0|     0|      63|     298|    0|
+-----------------+---------+------+--------+--------+-----+
|Available        |      288|  1248|  234240|  117120|   64|
+-----------------+---------+------+--------+--------+-----+
|Utilization (%)  |        0|     0|      ~0|      ~0|    0|
+-----------------+---------+------+--------+--------+-----+

+ Detail: 
    * Instance: 
    +---------------------------+-----------------------+---------+----+---+----+-----+
    |          Instance         |         Module        | BRAM_18K| DSP| FF| LUT| URAM|
    +---------------------------+-----------------------+---------+----+---+----+-----+
    |sparsemux_11_3_12_1_1_U51  |sparsemux_11_3_12_1_1  |        0|   0|  0|  26|    0|
    |sparsemux_11_3_12_1_1_U52  |sparsemux_11_3_12_1_1  |        0|   0|  0|  26|    0|
    |sparsemux_11_3_12_1_1_U53  |sparsemux_11_3_12_1_1  |        0|   0|  0|  26|    0|
    |sparsemux_11_3_12_1_1_U54  |sparsemux_11_3_12_1_1  |        0|   0|  0|  26|    0|
    |sparsemux_11_3_12_1_1_U55  |sparsemux_11_3_12_1_1  |        0|   0|  0|  26|    0|
    +---------------------------+-----------------------+---------+----+---+----+-----+
    |Total                      |                       |        0|   0|  0| 130|    0|
    +---------------------------+-----------------------+---------+----+---+----+-----+

    * DSP: 
    N/A

    * Memory: 
    N/A

    * FIFO: 
    N/A

    * Expression: 
    +-----------------------+----------+----+---+----+------------+------------+
    |     Variable Name     | Operation| DSP| FF| LUT| Bitwidth P0| Bitwidth P1|
    +-----------------------+----------+----+---+----+------------+------------+
    |add_ln125_fu_206_p2    |         +|   0|  0|  17|          10|           1|
    |add_ln145_1_fu_419_p2  |         +|   0|  0|  16|          15|          15|
    |add_ln145_fu_409_p2    |         +|   0|  0|  20|          13|          13|
    |sum_fu_439_p2          |         +|   0|  0|  23|          16|          16|
    |tmp26_fu_403_p2        |         +|   0|  0|  20|          13|          13|
    |sub_ln145_fu_397_p2    |         -|   0|  0|  16|          15|          15|
    |icmp_ln125_fu_200_p2   |      icmp|   0|  0|  18|          10|          11|
    |ap_enable_pp0          |       xor|   0|  0|   2|           1|           2|
    +-----------------------+----------+----+---+----+------------+------------+
    |Total                  |          |   0|  0| 132|          93|          86|
    +-----------------------+----------+----+---+----+------------+------------+

    * Multiplexer: 
    +-------------------------+----+-----------+-----+-----------+
    |           Name          | LUT| Input Size| Bits| Total Bits|
    +-------------------------+----+-----------+-----+-----------+
    |ap_done_int              |   9|          2|    1|          2|
    |ap_enable_reg_pp0_iter1  |   9|          2|    1|          2|
    |ap_sig_allocacmp_column  |   9|          2|   10|         20|
    |column_7_fu_80           |   9|          2|   10|         20|
    +-------------------------+----+-----------+-----+-----------+
    |Total                    |  36|          8|   22|         44|
    +-------------------------+----+-----------+-----+-----------+

    * Register: 
    +----------------------------------+----+----+-----+-----------+
    |               Name               | FF | LUT| Bits| Const Bits|
    +----------------------------------+----+----+-----+-----------+
    |add_ln145_1_reg_527               |  15|   0|   15|          0|
    |ap_CS_fsm                         |   1|   0|    1|          0|
    |ap_done_reg                       |   1|   0|    1|          0|
    |ap_enable_reg_pp0_iter1           |   1|   0|    1|          0|
    |ap_enable_reg_pp0_iter2           |   1|   0|    1|          0|
    |ap_loop_exit_ready_pp0_iter1_reg  |   1|   0|    1|          0|
    |column_7_fu_80                    |  10|   0|   10|          0|
    |tmp26_reg_522                     |  13|   0|   13|          0|
    |zext_ln125_reg_492                |  10|   0|   64|         54|
    |zext_ln125_reg_492_pp0_iter1_reg  |  10|   0|   64|         54|
    +----------------------------------+----+----+-----+-----------+
    |Total                             |  63|   0|  171|        108|
    +----------------------------------+----+----+-----+-----------+



================================================================
== Interface
================================================================
* Summary: 
+------------------------------------------------+-----+-----+------------+-----------------------------------------+--------------+
|                    RTL Ports                   | Dir | Bits|  Protocol  |              Source Object              |    C Type    |
+------------------------------------------------+-----+-----+------------+-----------------------------------------+--------------+
|ap_clk                                          |   in|    1|  ap_ctrl_hs|  gaussian_blur_Pipeline_VITIS_LOOP_125_6|  return value|
|ap_rst                                          |   in|    1|  ap_ctrl_hs|  gaussian_blur_Pipeline_VITIS_LOOP_125_6|  return value|
|ap_start                                        |   in|    1|  ap_ctrl_hs|  gaussian_blur_Pipeline_VITIS_LOOP_125_6|  return value|
|ap_done                                         |  out|    1|  ap_ctrl_hs|  gaussian_blur_Pipeline_VITIS_LOOP_125_6|  return value|
|ap_idle                                         |  out|    1|  ap_ctrl_hs|  gaussian_blur_Pipeline_VITIS_LOOP_125_6|  return value|
|ap_ready                                        |  out|    1|  ap_ctrl_hs|  gaussian_blur_Pipeline_VITIS_LOOP_125_6|  return value|
|select_ln29                                     |   in|    3|     ap_none|                              select_ln29|        scalar|
|select_ln29_1                                   |   in|    3|     ap_none|                            select_ln29_1|        scalar|
|select_ln29_2                                   |   in|    3|     ap_none|                            select_ln29_2|        scalar|
|select_ln29_3                                   |   in|    3|     ap_none|                            select_ln29_3|        scalar|
|select_ln29_4                                   |   in|    3|     ap_none|                            select_ln29_4|        scalar|
|output_r_address0                               |  out|    9|   ap_memory|                                 output_r|         array|
|output_r_ce0                                    |  out|    1|   ap_memory|                                 output_r|         array|
|output_r_we0                                    |  out|    1|   ap_memory|                                 output_r|         array|
|output_r_d0                                     |  out|    8|   ap_memory|                                 output_r|         array|
|p_anonymous_namespace_lineBuffer_39_0_address0  |  out|    9|   ap_memory|    p_anonymous_namespace_lineBuffer_39_0|         array|
|p_anonymous_namespace_lineBuffer_39_0_ce0       |  out|    1|   ap_memory|    p_anonymous_namespace_lineBuffer_39_0|         array|
|p_anonymous_namespace_lineBuffer_39_0_q0        |   in|   12|   ap_memory|    p_anonymous_namespace_lineBuffer_39_0|         array|
|p_anonymous_namespace_lineBuffer_39_1_address0  |  out|    9|   ap_memory|    p_anonymous_namespace_lineBuffer_39_1|         array|
|p_anonymous_namespace_lineBuffer_39_1_ce0       |  out|    1|   ap_memory|    p_anonymous_namespace_lineBuffer_39_1|         array|
|p_anonymous_namespace_lineBuffer_39_1_q0        |   in|   12|   ap_memory|    p_anonymous_namespace_lineBuffer_39_1|         array|
|p_anonymous_namespace_lineBuffer_39_2_address0  |  out|    9|   ap_memory|    p_anonymous_namespace_lineBuffer_39_2|         array|
|p_anonymous_namespace_lineBuffer_39_2_ce0       |  out|    1|   ap_memory|    p_anonymous_namespace_lineBuffer_39_2|         array|
|p_anonymous_namespace_lineBuffer_39_2_q0        |   in|   12|   ap_memory|    p_anonymous_namespace_lineBuffer_39_2|         array|
|p_anonymous_namespace_lineBuffer_39_3_address0  |  out|    9|   ap_memory|    p_anonymous_namespace_lineBuffer_39_3|         array|
|p_anonymous_namespace_lineBuffer_39_3_ce0       |  out|    1|   ap_memory|    p_anonymous_namespace_lineBuffer_39_3|         array|
|p_anonymous_namespace_lineBuffer_39_3_q0        |   in|   12|   ap_memory|    p_anonymous_namespace_lineBuffer_39_3|         array|
|p_anonymous_namespace_lineBuffer_39_4_address0  |  out|    9|   ap_memory|    p_anonymous_namespace_lineBuffer_39_4|         array|
|p_anonymous_namespace_lineBuffer_39_4_ce0       |  out|    1|   ap_memory|    p_anonymous_namespace_lineBuffer_39_4|         array|
|p_anonymous_namespace_lineBuffer_39_4_q0        |   in|   12|   ap_memory|    p_anonymous_namespace_lineBuffer_39_4|         array|
+------------------------------------------------+-----+-----+------------+-----------------------------------------+--------------+

