

================================================================
== Vitis HLS Report for 'gaussian_blur_Pipeline_VITIS_LOOP_82_4'
================================================================
* Date:           Sat Aug  1 12:52:07 2026

* Version:        2025.2 (Build 6295257 on Nov 14 2025)
* Project:        canny_top
* Solution:       hls (Vitis Kernel Flow Target)
* Product family: zynquplus
* Target device:  xck26-sfvc784-2LV-c


================================================================
== Performance Estimates
================================================================
+ Timing: 
    * Summary: 
    +--------+---------+----------+------------+
    |  Clock |  Target | Estimated| Uncertainty|
    +--------+---------+----------+------------+
    |ap_clk  |  5.00 ns|  3.614 ns|     1.35 ns|
    +--------+---------+----------+------------+

+ Latency: 
    * Summary: 
    +---------+---------+----------+----------+-----+-----+-------------------+
    |  Latency (cycles) |  Latency (absolute) |  Interval |      Pipeline     |
    |   min   |   max   |    min   |    max   | min | max |        Type       |
    +---------+---------+----------+----------+-----+-----+-------------------+
    |      515|      515|  2.575 us|  2.575 us|    0|    0|  loop pipeline stp|
    +---------+---------+----------+----------+-----+-----+-------------------+

    + Detail: 
        * Instance: 
        N/A

        * Loop: 
        +-------------------+---------+---------+----------+-----------+-----------+------+----------+
        |                   |  Latency (cycles) | Iteration|  Initiation Interval  | Trip |          |
        |     Loop Name     |   min   |   max   |  Latency |  achieved |   target  | Count| Pipelined|
        +-------------------+---------+---------+----------+-----------+-----------+------+----------+
        |- VITIS_LOOP_82_4  |      513|      513|         3|          1|          1|   512|       yes|
        +-------------------+---------+---------+----------+-----------+-----------+------+----------+



================================================================
== Utilization Estimates
================================================================
* Summary: 
+-----------------+---------+------+--------+--------+-----+
|       Name      | BRAM_18K|  DSP |   FF   |   LUT  | URAM|
+-----------------+---------+------+--------+--------+-----+
|DSP              |        -|     -|       -|       -|    -|
|Expression       |        -|     -|       0|     164|    -|
|FIFO             |        -|     -|       -|       -|    -|
|Instance         |        -|     -|       -|       -|    -|
|Memory           |        -|     -|       -|       -|    -|
|Multiplexer      |        -|     -|       0|      81|    -|
|Register         |        -|     -|      88|       -|    -|
+-----------------+---------+------+--------+--------+-----+
|Total            |        0|     0|      88|     245|    0|
+-----------------+---------+------+--------+--------+-----+
|Available        |      288|  1248|  234240|  117120|   64|
+-----------------+---------+------+--------+--------+-----+
|Utilization (%)  |        0|     0|      ~0|      ~0|    0|
+-----------------+---------+------+--------+--------+-----+

+ Detail: 
    * Instance: 
    N/A

    * DSP: 
    N/A

    * Memory: 
    N/A

    * FIFO: 
    N/A

    * Expression: 
    +-----------------------+----------+----+---+----+------------+------------+
    |     Variable Name     | Operation| DSP| FF| LUT| Bitwidth P0| Bitwidth P1|
    +-----------------------+----------+----+---+----+------------+------------+
    |add_ln102_fu_267_p2    |         +|   0|  0|  17|          10|           2|
    |add_ln82_fu_241_p2     |         +|   0|  0|  17|          10|           1|
    |add_ln89_1_fu_394_p2   |         +|   0|  0|  17|          11|          11|
    |add_ln89_2_fu_404_p2   |         +|   0|  0|  19|          12|          12|
    |add_ln89_fu_384_p2     |         +|   0|  0|  16|           9|           9|
    |tmp4_fu_366_p2         |         +|   0|  0|  16|           9|           9|
    |sub_ln28_fu_285_p2     |         -|   0|  0|  16|           3|           9|
    |sub_ln89_fu_352_p2     |         -|   0|  0|  17|          11|          11|
    |icmp_ln82_fu_235_p2    |      icmp|   0|  0|  18|          10|          11|
    |select_ln27_fu_291_p3  |    select|   0|  0|   9|           1|           9|
    |ap_enable_pp0          |       xor|   0|  0|   2|           1|           2|
    +-----------------------+----------+----+---+----+------------+------------+
    |Total                  |          |   0|  0| 164|          87|          86|
    +-----------------------+----------+----+---+----+------------+------------+

    * Multiplexer: 
    +-------------------------+----+-----------+-----+-----------+
    |           Name          | LUT| Input Size| Bits| Total Bits|
    +-------------------------+----+-----------+-----+-----------+
    |ap_done_int              |   9|          2|    1|          2|
    |ap_enable_reg_pp0_iter2  |   9|          2|    1|          2|
    |ap_sig_allocacmp_column  |   9|          2|   10|         20|
    |column_13_fu_80          |   9|          2|   10|         20|
    |empty_100_fu_96          |   9|          2|    8|         16|
    |empty_96_fu_76           |   9|          2|    8|         16|
    |empty_97_fu_84           |   9|          2|    8|         16|
    |empty_98_fu_88           |   9|          2|    8|         16|
    |empty_99_fu_92           |   9|          2|    8|         16|
    +-------------------------+----+-----------+-----+-----------+
    |Total                    |  81|         18|   62|        124|
    +-------------------------+----+-----------+-----+-----------+

    * Register: 
    +----------------------------------+----+----+-----+-----------+
    |               Name               | FF | LUT| Bits| Const Bits|
    +----------------------------------+----+----+-----+-----------+
    |add_ln89_2_reg_503                |  12|   0|   12|          0|
    |ap_CS_fsm                         |   1|   0|    1|          0|
    |ap_done_reg                       |   1|   0|    1|          0|
    |ap_enable_reg_pp0_iter1           |   1|   0|    1|          0|
    |ap_enable_reg_pp0_iter2           |   1|   0|    1|          0|
    |ap_loop_exit_ready_pp0_iter1_reg  |   1|   0|    1|          0|
    |column_13_fu_80                   |  10|   0|   10|          0|
    |column_reg_489                    |  10|   0|   10|          0|
    |column_reg_489_pp0_iter1_reg      |  10|   0|   10|          0|
    |empty_100_fu_96                   |   8|   0|    8|          0|
    |empty_96_fu_76                    |   8|   0|    8|          0|
    |empty_97_fu_84                    |   8|   0|    8|          0|
    |empty_98_fu_88                    |   8|   0|    8|          0|
    |empty_99_fu_92                    |   8|   0|    8|          0|
    |icmp_ln82_reg_494                 |   1|   0|    1|          0|
    +----------------------------------+----+----+-----+-----------+
    |Total                             |  88|   0|   88|          0|
    +----------------------------------+----+----+-----+-----------+



================================================================
== Interface
================================================================
* Summary: 
+-----------------------+-----+-----+------------+----------------------------------------+--------------+
|       RTL Ports       | Dir | Bits|  Protocol  |              Source Object             |    C Type    |
+-----------------------+-----+-----+------------+----------------------------------------+--------------+
|ap_clk                 |   in|    1|  ap_ctrl_hs|  gaussian_blur_Pipeline_VITIS_LOOP_82_4|  return value|
|ap_rst                 |   in|    1|  ap_ctrl_hs|  gaussian_blur_Pipeline_VITIS_LOOP_82_4|  return value|
|ap_start               |   in|    1|  ap_ctrl_hs|  gaussian_blur_Pipeline_VITIS_LOOP_82_4|  return value|
|ap_done                |  out|    1|  ap_ctrl_hs|  gaussian_blur_Pipeline_VITIS_LOOP_82_4|  return value|
|ap_idle                |  out|    1|  ap_ctrl_hs|  gaussian_blur_Pipeline_VITIS_LOOP_82_4|  return value|
|ap_ready               |  out|    1|  ap_ctrl_hs|  gaussian_blur_Pipeline_VITIS_LOOP_82_4|  return value|
|row_in_load            |   in|    8|     ap_none|                             row_in_load|        scalar|
|row_in_load_1          |   in|    8|     ap_none|                           row_in_load_1|        scalar|
|row_in_load_2          |   in|    8|     ap_none|                           row_in_load_2|        scalar|
|row_in_address0        |  out|    9|   ap_memory|                                  row_in|         array|
|row_in_ce0             |  out|    1|   ap_memory|                                  row_in|         array|
|row_in_q0              |   in|    8|   ap_memory|                                  row_in|         array|
|lineBuffer_4_address0  |  out|    9|   ap_memory|                            lineBuffer_4|         array|
|lineBuffer_4_ce0       |  out|    1|   ap_memory|                            lineBuffer_4|         array|
|lineBuffer_4_we0       |  out|    1|   ap_memory|                            lineBuffer_4|         array|
|lineBuffer_4_d0        |  out|   12|   ap_memory|                            lineBuffer_4|         array|
|lineBuffer_3_address0  |  out|    9|   ap_memory|                            lineBuffer_3|         array|
|lineBuffer_3_ce0       |  out|    1|   ap_memory|                            lineBuffer_3|         array|
|lineBuffer_3_we0       |  out|    1|   ap_memory|                            lineBuffer_3|         array|
|lineBuffer_3_d0        |  out|   12|   ap_memory|                            lineBuffer_3|         array|
|lineBuffer_2_address0  |  out|    9|   ap_memory|                            lineBuffer_2|         array|
|lineBuffer_2_ce0       |  out|    1|   ap_memory|                            lineBuffer_2|         array|
|lineBuffer_2_we0       |  out|    1|   ap_memory|                            lineBuffer_2|         array|
|lineBuffer_2_d0        |  out|   12|   ap_memory|                            lineBuffer_2|         array|
|lineBuffer_1_address0  |  out|    9|   ap_memory|                            lineBuffer_1|         array|
|lineBuffer_1_ce0       |  out|    1|   ap_memory|                            lineBuffer_1|         array|
|lineBuffer_1_we0       |  out|    1|   ap_memory|                            lineBuffer_1|         array|
|lineBuffer_1_d0        |  out|   12|   ap_memory|                            lineBuffer_1|         array|
|lineBuffer_address0    |  out|    9|   ap_memory|                              lineBuffer|         array|
|lineBuffer_ce0         |  out|    1|   ap_memory|                              lineBuffer|         array|
|lineBuffer_we0         |  out|    1|   ap_memory|                              lineBuffer|         array|
|lineBuffer_d0          |  out|   12|   ap_memory|                              lineBuffer|         array|
|empty                  |   in|    3|     ap_none|                                   empty|        scalar|
+-----------------------+-----+-----+------------+----------------------------------------+--------------+

