

================================================================
== Vitis HLS Report for 'gaussian_blur'
================================================================
* Date:           Sat Aug  1 15:48:52 2026

* Version:        2025.2 (Build 6295257 on Nov 14 2025)
* Project:        canny_top
* Solution:       hls (Vitis Kernel Flow Target)
* Product family: zynquplus
* Target device:  xck26-sfvc784-2LV-c


================================================================
== Performance Estimates
================================================================
+ Timing: 
    * Summary: 
    +--------+---------+----------+------------+
    |  Clock |  Target | Estimated| Uncertainty|
    +--------+---------+----------+------------+
    |ap_clk  |  5.00 ns|  3.353 ns|     1.35 ns|
    +--------+---------+----------+------------+

+ Latency: 
    * Summary: 
    +---------+---------+----------+----------+------+--------+---------+
    |  Latency (cycles) |  Latency (absolute) |    Interval   | Pipeline|
    |   min   |   max   |    min   |    max   |  min |   max  |   Type  |
    +---------+---------+----------+----------+------+--------+---------+
    |     1543|   539701|  7.715 us|  2.699 ms|  1543|  539701|       no|
    +---------+---------+----------+----------+------+--------+---------+

    + Detail: 
        * Instance: 
        +----------------------------------------------------+-----------------------------------------+---------+---------+----------+----------+-----+-----+-------------------+
        |                                                    |                                         |  Latency (cycles) |  Latency (absolute) |  Interval |      Pipeline     |
        |                      Instance                      |                  Module                 |   min   |   max   |    min   |    max   | min | max |        Type       |
        +----------------------------------------------------+-----------------------------------------+---------+---------+----------+----------+-----+-----+-------------------+
        |grp_gaussian_blur_Pipeline_VITIS_LOOP_94_2_fu_114   |gaussian_blur_Pipeline_VITIS_LOOP_94_2   |      515|      515|  2.575 us|  2.575 us|    0|    0|  loop pipeline stp|
        |grp_gaussian_blur_Pipeline_VITIS_LOOP_157_7_fu_129  |gaussian_blur_Pipeline_VITIS_LOOP_157_7  |      515|      515|  2.575 us|  2.575 us|    0|    0|  loop pipeline stp|
        +----------------------------------------------------+-----------------------------------------+---------+---------+----------+----------+-----+-----+-------------------+

        * Loop: 
        +-------------------+---------+---------+----------+-----------+-----------+------+----------+
        |                   |  Latency (cycles) | Iteration|  Initiation Interval  | Trip |          |
        |     Loop Name     |   min   |   max   |  Latency |  achieved |   target  | Count| Pipelined|
        +-------------------+---------+---------+----------+-----------+-----------+------+----------+
        |- VITIS_LOOP_59_1  |     1542|   539700|  3 ~ 1050|          -|          -|   514|        no|
        +-------------------+---------+---------+----------+-----------+-----------+------+----------+



================================================================
== Utilization Estimates
================================================================
* Summary: 
+-----------------+---------+------+--------+--------+-----+
|       Name      | BRAM_18K|  DSP |   FF   |   LUT  | URAM|
+-----------------+---------+------+--------+--------+-----+
|DSP              |        -|     -|       -|       -|    -|
|Expression       |        -|     -|       0|     375|    -|
|FIFO             |        -|     -|       -|       -|    -|
|Instance         |        -|     -|     689|     843|    -|
|Memory           |        5|     -|       0|       0|    0|
|Multiplexer      |        -|     -|       0|     364|    -|
|Register         |        -|     -|     131|       -|    -|
+-----------------+---------+------+--------+--------+-----+
|Total            |        5|     0|     820|    1582|    0|
+-----------------+---------+------+--------+--------+-----+
|Available        |      288|  1248|  234240|  117120|   64|
+-----------------+---------+------+--------+--------+-----+
|Utilization (%)  |        1|     0|      ~0|       1|    0|
+-----------------+---------+------+--------+--------+-----+

+ Detail: 
    * Instance: 
    +----------------------------------------------------+-----------------------------------------+---------+----+-----+-----+-----+
    |                      Instance                      |                  Module                 | BRAM_18K| DSP|  FF | LUT | URAM|
    +----------------------------------------------------+-----------------------------------------+---------+----+-----+-----+-----+
    |grp_gaussian_blur_Pipeline_VITIS_LOOP_157_7_fu_129  |gaussian_blur_Pipeline_VITIS_LOOP_157_7  |        0|   0|   43|  309|    0|
    |grp_gaussian_blur_Pipeline_VITIS_LOOP_94_2_fu_114   |gaussian_blur_Pipeline_VITIS_LOOP_94_2   |        0|   0|  122|  309|    0|
    |srem_10ns_4ns_10_14_seq_1_U118                      |srem_10ns_4ns_10_14_seq_1                |        0|   0|  131|   56|    0|
    |srem_10ns_4ns_10_14_seq_1_U119                      |srem_10ns_4ns_10_14_seq_1                |        0|   0|  131|   56|    0|
    |srem_11ns_4ns_11_15_seq_1_U120                      |srem_11ns_4ns_11_15_seq_1                |        0|   0|  143|   64|    0|
    |urem_9ns_4ns_3_13_seq_1_U121                        |urem_9ns_4ns_3_13_seq_1                  |        0|   0|  119|   49|    0|
    +----------------------------------------------------+-----------------------------------------+---------+----+-----+-----+-----+
    |Total                                               |                                         |        0|   0|  689|  843|    0|
    +----------------------------------------------------+-----------------------------------------+---------+----+-----+-----+-----+

    * DSP: 
    N/A

    * Memory: 
    +----------------+----------------------------------------+---------+---+----+-----+------+-----+------+-------------+
    |     Memory     |                 Module                 | BRAM_18K| FF| LUT| URAM| Words| Bits| Banks| W*Bits*Banks|
    +----------------+----------------------------------------+---------+---+----+-----+------+-----+------+-------------+
    |lineBuffer_U    |gaussian_blur_lineBuffer_RAM_AUTO_1R1W  |        1|  0|   0|    0|   512|   12|     1|         6144|
    |lineBuffer_1_U  |gaussian_blur_lineBuffer_RAM_AUTO_1R1W  |        1|  0|   0|    0|   512|   12|     1|         6144|
    |lineBuffer_2_U  |gaussian_blur_lineBuffer_RAM_AUTO_1R1W  |        1|  0|   0|    0|   512|   12|     1|         6144|
    |lineBuffer_3_U  |gaussian_blur_lineBuffer_RAM_AUTO_1R1W  |        1|  0|   0|    0|   512|   12|     1|         6144|
    |lineBuffer_4_U  |gaussian_blur_lineBuffer_RAM_AUTO_1R1W  |        1|  0|   0|    0|   512|   12|     1|         6144|
    +----------------+----------------------------------------+---------+---+----+-----+------+-----+------+-------------+
    |Total           |                                        |        5|  0|   0|    0|  2560|   60|     5|        30720|
    +----------------+----------------------------------------+---------+---+----+-----+------+-----+------+-------------+

    * FIFO: 
    N/A

    * Expression: 
    +----------------------------------+----------+----+---+----+------------+------------+
    |           Variable Name          | Operation| DSP| FF| LUT| Bitwidth P0| Bitwidth P1|
    +----------------------------------+----------+----+---+----+------------+------------+
    |add_ln152_1_fu_247_p2             |         +|   0|  0|  17|          10|           3|
    |add_ln152_2_fu_279_p2             |         +|   0|  0|  18|          11|           2|
    |add_ln152_fu_215_p2               |         +|   0|  0|  17|          10|           4|
    |add_ln21_1_fu_407_p2              |         +|   0|  0|  10|           3|           3|
    |add_ln21_2_fu_438_p2              |         +|   0|  0|  10|           3|           3|
    |add_ln21_fu_381_p2                |         +|   0|  0|  10|           3|           3|
    |add_ln57_1_fu_477_p2              |         +|   0|  0|  17|          10|           1|
    |add_ln57_fu_457_p2                |         +|   0|  0|  17|          10|           1|
    |outputRow_fu_202_p2               |         +|   0|  0|  17|          10|           3|
    |rowsReceived_fu_175_p2            |         +|   0|  0|  17|          10|           1|
    |sub_ln26_1_fu_260_p2              |         -|   0|  0|  17|           2|          10|
    |sub_ln26_2_fu_296_p2              |         -|   0|  0|  17|           1|          10|
    |sub_ln26_fu_228_p2                |         -|   0|  0|  17|           3|          10|
    |sub_ln28_fu_352_p2                |         -|   0|  0|  16|           3|           9|
    |ap_block_state2                   |       and|   0|  0|   2|           1|           1|
    |ap_block_state21_on_subcall_done  |       and|   0|  0|   2|           1|           1|
    |ap_block_state6_on_subcall_done   |       and|   0|  0|   2|           1|           1|
    |ap_predicate_op46_read_state2     |       and|   0|  0|   2|           1|           1|
    |icmp_ln27_fu_315_p2               |      icmp|   0|  0|   9|           2|           1|
    |icmp_ln57_1_fu_483_p2             |      icmp|   0|  0|  17|          10|           3|
    |icmp_ln57_fu_463_p2               |      icmp|   0|  0|  17|          10|           3|
    |icmp_ln59_fu_169_p2               |      icmp|   0|  0|  17|          10|          10|
    |ap_block_state1                   |        or|   0|  0|   2|           1|           1|
    |grp_fu_241_p0                     |    select|   0|  0|  10|           1|          10|
    |grp_fu_273_p0                     |    select|   0|  0|  10|           1|          10|
    |grp_fu_346_p0                     |    select|   0|  0|  10|           1|          11|
    |grp_fu_363_p0                     |    select|   0|  0|   9|           1|           9|
    |select_ln21_1_fu_413_p3           |    select|   0|  0|   3|           1|           3|
    |select_ln21_2_fu_444_p3           |    select|   0|  0|   3|           1|           3|
    |select_ln21_fu_387_p3             |    select|   0|  0|   3|           1|           3|
    |select_ln27_fu_326_p3             |    select|   0|  0|  10|           1|          10|
    |select_ln57_1_fu_489_p3           |    select|   0|  0|  10|           1|           1|
    |select_ln57_fu_469_p3             |    select|   0|  0|  10|           1|           1|
    |xor_ln28_fu_321_p2                |       xor|   0|  0|  10|          10|           2|
    +----------------------------------+----------+----+---+----+------------+------------+
    |Total                             |          |   0|  0| 375|         146|         148|
    +----------------------------------+----------+----+---+----+------------+------------+

    * Multiplexer: 
    +-----------------------+-----+-----------+-----+-----------+
    |          Name         | LUT | Input Size| Bits| Total Bits|
    +-----------------------+-----+-----------+-----+-----------+
    |ap_NS_fsm              |  111|         22|    1|         22|
    |ap_done                |    9|          2|    1|          2|
    |gray_out_blk_n         |    9|          2|    1|          2|
    |gray_out_read          |   14|          3|    1|          3|
    |lineBuffer_1_address0  |   14|          3|    9|         27|
    |lineBuffer_1_ce0       |   14|          3|    1|          3|
    |lineBuffer_1_we0       |    9|          2|    1|          2|
    |lineBuffer_2_address0  |   14|          3|    9|         27|
    |lineBuffer_2_ce0       |   14|          3|    1|          3|
    |lineBuffer_2_we0       |    9|          2|    1|          2|
    |lineBuffer_3_address0  |   14|          3|    9|         27|
    |lineBuffer_3_ce0       |   14|          3|    1|          3|
    |lineBuffer_3_we0       |    9|          2|    1|          2|
    |lineBuffer_4_address0  |   14|          3|    9|         27|
    |lineBuffer_4_ce0       |   14|          3|    1|          3|
    |lineBuffer_4_we0       |    9|          2|    1|          2|
    |lineBuffer_address0    |   14|          3|    9|         27|
    |lineBuffer_ce0         |   14|          3|    1|          3|
    |lineBuffer_we0         |    9|          2|    1|          2|
    |phi_urem57_fu_76       |    9|          2|   10|         20|
    |phi_urem_fu_80         |    9|          2|   10|         20|
    |real_start             |    9|          2|    1|          2|
    |row_7_fu_84            |    9|          2|   10|         20|
    +-----------------------+-----+-----------+-----+-----------+
    |Total                  |  364|         77|   90|        251|
    +-----------------------+-----+-----------+-----+-----------+

    * Register: 
    +-----------------------------------------------------------------+----+----+-----+-----------+
    |                               Name                              | FF | LUT| Bits| Const Bits|
    +-----------------------------------------------------------------+----+----+-----+-----------+
    |ap_CS_fsm                                                        |  21|   0|   21|          0|
    |ap_done_reg                                                      |   1|   0|    1|          0|
    |grp_gaussian_blur_Pipeline_VITIS_LOOP_157_7_fu_129_ap_start_reg  |   1|   0|    1|          0|
    |grp_gaussian_blur_Pipeline_VITIS_LOOP_94_2_fu_114_ap_start_reg   |   1|   0|    1|          0|
    |phi_urem57_fu_76                                                 |  10|   0|   10|          0|
    |phi_urem_fu_80                                                   |  10|   0|   10|          0|
    |result_3_reg_603                                                 |   3|   0|    3|          0|
    |row_7_fu_84                                                      |  10|   0|   10|          0|
    |rowsReceived_reg_538                                             |  10|   0|   10|          0|
    |sample0_reg_559                                                  |   8|   0|    8|          0|
    |sample1_reg_564                                                  |   8|   0|    8|          0|
    |sample2_reg_569                                                  |   8|   0|    8|          0|
    |select_ln21_1_reg_613                                            |   3|   0|    3|          0|
    |select_ln21_2_reg_623                                            |   3|   0|    3|          0|
    |select_ln21_reg_608                                              |   3|   0|    3|          0|
    |start_once_reg                                                   |   1|   0|    1|          0|
    |tmp_49_reg_579                                                   |   1|   0|    1|          0|
    |tmp_reg_554                                                      |   1|   0|    1|          0|
    |trunc_ln152_reg_618                                              |   3|   0|    3|          0|
    |trunc_ln20_3_reg_628                                             |   3|   0|    3|          0|
    |trunc_ln59_reg_548                                               |   9|   0|    9|          0|
    |trunc_ln79_reg_574                                               |   3|   0|    3|          0|
    |zext_ln59_reg_543                                                |  10|   0|   11|          1|
    +-----------------------------------------------------------------+----+----+-----+-----------+
    |Total                                                            | 131|   0|  132|          1|
    +-----------------------------------------------------------------+----+----+-----+-----------+



================================================================
== Interface
================================================================
* Summary: 
+--------------------------+-----+-----+------------+---------------+--------------+
|         RTL Ports        | Dir | Bits|  Protocol  | Source Object |    C Type    |
+--------------------------+-----+-----+------------+---------------+--------------+
|ap_clk                    |   in|    1|  ap_ctrl_hs|  gaussian_blur|  return value|
|ap_rst                    |   in|    1|  ap_ctrl_hs|  gaussian_blur|  return value|
|ap_start                  |   in|    1|  ap_ctrl_hs|  gaussian_blur|  return value|
|start_full_n              |   in|    1|  ap_ctrl_hs|  gaussian_blur|  return value|
|ap_done                   |  out|    1|  ap_ctrl_hs|  gaussian_blur|  return value|
|ap_continue               |   in|    1|  ap_ctrl_hs|  gaussian_blur|  return value|
|ap_idle                   |  out|    1|  ap_ctrl_hs|  gaussian_blur|  return value|
|ap_ready                  |  out|    1|  ap_ctrl_hs|  gaussian_blur|  return value|
|start_out                 |  out|    1|  ap_ctrl_hs|  gaussian_blur|  return value|
|start_write               |  out|    1|  ap_ctrl_hs|  gaussian_blur|  return value|
|gray_out_dout             |   in|    8|     ap_fifo|       gray_out|       pointer|
|gray_out_empty_n          |   in|    1|     ap_fifo|       gray_out|       pointer|
|gray_out_read             |  out|    1|     ap_fifo|       gray_out|       pointer|
|gray_out_num_data_valid   |   in|   11|     ap_fifo|       gray_out|       pointer|
|gray_out_fifo_cap         |   in|   11|     ap_fifo|       gray_out|       pointer|
|gauss_out_din             |  out|    8|     ap_fifo|      gauss_out|       pointer|
|gauss_out_full_n          |   in|    1|     ap_fifo|      gauss_out|       pointer|
|gauss_out_write           |  out|    1|     ap_fifo|      gauss_out|       pointer|
|gauss_out_num_data_valid  |   in|   32|     ap_fifo|      gauss_out|       pointer|
|gauss_out_fifo_cap        |   in|   32|     ap_fifo|      gauss_out|       pointer|
+--------------------------+-----+-----+------------+---------------+--------------+

