

================================================================
== Vitis HLS Report for 'grayscale_Pipeline_VITIS_LOOP_22_1'
================================================================
* Date:           Thu Jul 30 19:40:40 2026

* Version:        2025.2 (Build 6295257 on Nov 14 2025)
* Project:        canny_top
* Solution:       hls (Vitis Kernel Flow Target)
* Product family: zynquplus
* Target device:  xck26-sfvc784-2LV-c


================================================================
== Performance Estimates
================================================================
+ Timing: 
    * Summary: 
    +--------+---------+----------+------------+
    |  Clock |  Target | Estimated| Uncertainty|
    +--------+---------+----------+------------+
    |ap_clk  |  5.00 ns|  3.532 ns|     1.35 ns|
    +--------+---------+----------+------------+

+ Latency: 
    * Summary: 
    +---------+---------+----------+----------+-----+-----+-------------------+
    |  Latency (cycles) |  Latency (absolute) |  Interval |      Pipeline     |
    |   min   |   max   |    min   |    max   | min | max |        Type       |
    +---------+---------+----------+----------+-----+-----+-------------------+
    |      518|      518|  2.590 us|  2.590 us|    0|    0|  loop pipeline stp|
    +---------+---------+----------+----------+-----+-----+-------------------+

    + Detail: 
        * Instance: 
        N/A

        * Loop: 
        +-------------------+---------+---------+----------+-----------+-----------+------+----------+
        |                   |  Latency (cycles) | Iteration|  Initiation Interval  | Trip |          |
        |     Loop Name     |   min   |   max   |  Latency |  achieved |   target  | Count| Pipelined|
        +-------------------+---------+---------+----------+-----------+-----------+------+----------+
        |- VITIS_LOOP_22_1  |      516|      516|         6|          1|          1|   512|       yes|
        +-------------------+---------+---------+----------+-----------+-----------+------+----------+



================================================================
== Utilization Estimates
================================================================
* Summary: 
+-----------------+---------+------+--------+--------+-----+
|       Name      | BRAM_18K|  DSP |   FF   |   LUT  | URAM|
+-----------------+---------+------+--------+--------+-----+
|DSP              |        -|     2|       -|       -|    -|
|Expression       |        -|     -|       0|      37|    -|
|FIFO             |        -|     -|       -|       -|    -|
|Instance         |        -|     0|       0|      40|    -|
|Memory           |        -|     -|       -|       -|    -|
|Multiplexer      |        -|     -|       0|      36|    -|
|Register         |        -|     -|      95|      32|    -|
+-----------------+---------+------+--------+--------+-----+
|Total            |        0|     2|      95|     145|    0|
+-----------------+---------+------+--------+--------+-----+
|Available        |      288|  1248|  234240|  117120|   64|
+-----------------+---------+------+--------+--------+-----+
|Utilization (%)  |        0|    ~0|      ~0|      ~0|    0|
+-----------------+---------+------+--------+--------+-----+

+ Detail: 
    * Instance: 
    +------------------------+--------------------+---------+----+---+----+-----+
    |        Instance        |       Module       | BRAM_18K| DSP| FF| LUT| URAM|
    +------------------------+--------------------+---------+----+---+----+-----+
    |mul_8ns_8ns_15_1_1_U33  |mul_8ns_8ns_15_1_1  |        0|   0|  0|  40|    0|
    +------------------------+--------------------+---------+----+---+----+-----+
    |Total                   |                    |        0|   0|  0|  40|    0|
    +------------------------+--------------------+---------+----+---+----+-----+

    * DSP: 
    +------------------------------------+--------------------------------+--------------+
    |              Instance              |             Module             |  Expression  |
    +------------------------------------+--------------------------------+--------------+
    |mac_muladd_8ns_5ns_15s_15_4_1_U34   |mac_muladd_8ns_5ns_15s_15_4_1   |  i0 + i1 * i2|
    |mac_muladd_8ns_8ns_15ns_16_4_1_U35  |mac_muladd_8ns_8ns_15ns_16_4_1  |  i0 + i1 * i2|
    +------------------------------------+--------------------------------+--------------+

    * Memory: 
    N/A

    * FIFO: 
    N/A

    * Expression: 
    +---------------------+----------+----+---+----+------------+------------+
    |    Variable Name    | Operation| DSP| FF| LUT| Bitwidth P0| Bitwidth P1|
    +---------------------+----------+----+---+----+------------+------------+
    |add_ln22_fu_116_p2   |         +|   0|  0|  17|          10|           1|
    |icmp_ln22_fu_110_p2  |      icmp|   0|  0|  18|          10|          11|
    |ap_enable_pp0        |       xor|   0|  0|   2|           1|           2|
    +---------------------+----------+----+---+----+------------+------------+
    |Total                |          |   0|  0|  37|          21|          14|
    +---------------------+----------+----+---+----+------------+------------+

    * Multiplexer: 
    +---------------------------+----+-----------+-----+-----------+
    |            Name           | LUT| Input Size| Bits| Total Bits|
    +---------------------------+----+-----------+-----+-----------+
    |ap_done_int                |   9|          2|    1|          2|
    |ap_enable_reg_pp0_iter1    |   9|          2|    1|          2|
    |ap_sig_allocacmp_column_8  |   9|          2|   10|         20|
    |column_fu_46               |   9|          2|   10|         20|
    +---------------------------+----+-----------+-----+-----------+
    |Total                      |  36|          8|   22|         44|
    +---------------------------+----+-----------+-----+-----------+

    * Register: 
    +----------------------------------+----+----+-----+-----------+
    |               Name               | FF | LUT| Bits| Const Bits|
    +----------------------------------+----+----+-----+-----------+
    |ap_CS_fsm                         |   1|   0|    1|          0|
    |ap_done_reg                       |   1|   0|    1|          0|
    |ap_enable_reg_pp0_iter1           |   1|   0|    1|          0|
    |ap_enable_reg_pp0_iter2           |   1|   0|    1|          0|
    |ap_enable_reg_pp0_iter3           |   1|   0|    1|          0|
    |ap_enable_reg_pp0_iter4           |   1|   0|    1|          0|
    |ap_enable_reg_pp0_iter5           |   1|   0|    1|          0|
    |ap_loop_exit_ready_pp0_iter1_reg  |   1|   0|    1|          0|
    |ap_loop_exit_ready_pp0_iter2_reg  |   1|   0|    1|          0|
    |ap_loop_exit_ready_pp0_iter3_reg  |   1|   0|    1|          0|
    |ap_loop_exit_ready_pp0_iter4_reg  |   1|   0|    1|          0|
    |column_fu_46                      |  10|   0|   10|          0|
    |zext_ln22_reg_192                 |  10|   0|   64|         54|
    |zext_ln22_reg_192                 |  64|  32|   64|         54|
    +----------------------------------+----+----+-----+-----------+
    |Total                             |  95|  32|  149|        108|
    +----------------------------------+----+----+-----+-----------+



================================================================
== Interface
================================================================
* Summary: 
+------------------------+-----+-----+------------+------------------------------------+--------------+
|        RTL Ports       | Dir | Bits|  Protocol  |            Source Object           |    C Type    |
+------------------------+-----+-----+------------+------------------------------------+--------------+
|ap_clk                  |   in|    1|  ap_ctrl_hs|  grayscale_Pipeline_VITIS_LOOP_22_1|  return value|
|ap_rst                  |   in|    1|  ap_ctrl_hs|  grayscale_Pipeline_VITIS_LOOP_22_1|  return value|
|ap_start                |   in|    1|  ap_ctrl_hs|  grayscale_Pipeline_VITIS_LOOP_22_1|  return value|
|ap_done                 |  out|    1|  ap_ctrl_hs|  grayscale_Pipeline_VITIS_LOOP_22_1|  return value|
|ap_idle                 |  out|    1|  ap_ctrl_hs|  grayscale_Pipeline_VITIS_LOOP_22_1|  return value|
|ap_ready                |  out|    1|  ap_ctrl_hs|  grayscale_Pipeline_VITIS_LOOP_22_1|  return value|
|local_blue_address0     |  out|    9|   ap_memory|                          local_blue|         array|
|local_blue_ce0          |  out|    1|   ap_memory|                          local_blue|         array|
|local_blue_q0           |   in|    8|   ap_memory|                          local_blue|         array|
|local_green_address0    |  out|    9|   ap_memory|                         local_green|         array|
|local_green_ce0         |  out|    1|   ap_memory|                         local_green|         array|
|local_green_q0          |   in|    8|   ap_memory|                         local_green|         array|
|local_red_address0      |  out|    9|   ap_memory|                           local_red|         array|
|local_red_ce0           |  out|    1|   ap_memory|                           local_red|         array|
|local_red_q0            |   in|    8|   ap_memory|                           local_red|         array|
|out_grayscale_address0  |  out|    9|   ap_memory|                       out_grayscale|         array|
|out_grayscale_ce0       |  out|    1|   ap_memory|                       out_grayscale|         array|
|out_grayscale_we0       |  out|    1|   ap_memory|                       out_grayscale|         array|
|out_grayscale_d0        |  out|    8|   ap_memory|                       out_grayscale|         array|
+------------------------+-----+-----+------------+------------------------------------+--------------+

