

================================================================
== Vitis HLS Report for 'grayscale_Pipeline_1'
================================================================
* Date:           Thu Jul 30 19:40:40 2026

* Version:        2025.2 (Build 6295257 on Nov 14 2025)
* Project:        canny_top
* Solution:       hls (Vitis Kernel Flow Target)
* Product family: zynquplus
* Target device:  xck26-sfvc784-2LV-c


================================================================
== Performance Estimates
================================================================
+ Timing: 
    * Summary: 
    +--------+---------+----------+------------+
    |  Clock |  Target | Estimated| Uncertainty|
    +--------+---------+----------+------------+
    |ap_clk  |  5.00 ns|  3.650 ns|     1.35 ns|
    +--------+---------+----------+------------+

+ Latency: 
    * Summary: 
    +---------+---------+----------+----------+-----+-----+-------------------+
    |  Latency (cycles) |  Latency (absolute) |  Interval |      Pipeline     |
    |   min   |   max   |    min   |    max   | min | max |        Type       |
    +---------+---------+----------+----------+-----+-----+-------------------+
    |     1610|     1610|  8.050 us|  8.050 us|    0|    0|  loop pipeline stp|
    +---------+---------+----------+----------+-----+-----+-------------------+

    + Detail: 
        * Instance: 
        N/A

        * Loop: 
        +----------+---------+---------+----------+-----------+-----------+------+----------+
        |          |  Latency (cycles) | Iteration|  Initiation Interval  | Trip |          |
        | Loop Name|   min   |   max   |  Latency |  achieved |   target  | Count| Pipelined|
        +----------+---------+---------+----------+-----------+-----------+------+----------+
        |- Loop 1  |     1608|     1608|        76|          3|          1|   512|       yes|
        +----------+---------+---------+----------+-----------+-----------+------+----------+



================================================================
== Utilization Estimates
================================================================
* Summary: 
+-----------------+---------+------+--------+--------+-----+
|       Name      | BRAM_18K|  DSP |   FF   |   LUT  | URAM|
+-----------------+---------+------+--------+--------+-----+
|DSP              |        -|     -|       -|       -|    -|
|Expression       |        -|     -|       0|    6837|    -|
|FIFO             |        -|     -|       -|       -|    -|
|Instance         |        -|     -|       -|       -|    -|
|Memory           |        -|     -|       -|       -|    -|
|Multiplexer      |        -|     -|       0|     328|    -|
|Register         |        -|     -|    1129|     160|    -|
+-----------------+---------+------+--------+--------+-----+
|Total            |        0|     0|    1129|    7325|    0|
+-----------------+---------+------+--------+--------+-----+
|Available        |      288|  1248|  234240|  117120|   64|
+-----------------+---------+------+--------+--------+-----+
|Utilization (%)  |        0|     0|      ~0|       6|    0|
+-----------------+---------+------+--------+--------+-----+

+ Detail: 
    * Instance: 
    N/A

    * DSP: 
    N/A

    * Memory: 
    N/A

    * FIFO: 
    N/A

    * Expression: 
    +--------------------------------+----------+----+---+------+------------+------------+
    |          Variable Name         | Operation| DSP| FF|  LUT | Bitwidth P0| Bitwidth P1|
    +--------------------------------+----------+----+---+------+------------+------------+
    |empty_82_fu_233_p2              |         +|   0|  0|    17|          10|           1|
    |empty_85_fu_175_p2              |         +|   0|  0|    71|          64|          64|
    |empty_89_fu_214_p2              |         +|   0|  0|    71|          64|          64|
    |empty_93_fu_257_p2              |         +|   0|  0|    71|          64|          64|
    |tmp1_fu_248_p2                  |         +|   0|  0|    18|          11|           2|
    |tmp_fu_205_p2                   |         +|   0|  0|    18|          11|           1|
    |empty_84_fu_165_p2              |         -|   0|  0|    18|          11|          11|
    |ap_block_pp0_stage0_11001_grp3  |       and|   0|  0|     2|           1|           1|
    |ap_block_pp0_stage0_11001_grp4  |       and|   0|  0|     2|           1|           1|
    |ap_block_pp0_stage1_11001_grp1  |       and|   0|  0|     2|           1|           1|
    |ap_block_pp0_stage1_11001_grp5  |       and|   0|  0|     2|           1|           1|
    |ap_block_pp0_stage2_11001_grp2  |       and|   0|  0|     2|           1|           1|
    |ap_block_pp0_stage2_11001_grp6  |       and|   0|  0|     2|           1|           1|
    |ap_block_state2_io_grp1         |       and|   0|  0|     2|           1|           1|
    |exitcond201_i_fu_143_p2         |      icmp|   0|  0|    18|          10|          11|
    |empty_87_fu_306_p2              |      lshr|   0|  0|  2171|         512|         512|
    |empty_91_fu_328_p2              |      lshr|   0|  0|  2171|         512|         512|
    |empty_95_fu_350_p2              |      lshr|   0|  0|  2171|         512|         512|
    |ap_block_pp0_stage0_11001       |        or|   0|  0|     2|           1|           1|
    |ap_block_pp0_stage1_subdone     |        or|   0|  0|     2|           1|           1|
    |ap_block_pp0_stage2_11001       |        or|   0|  0|     2|           1|           1|
    |ap_enable_pp0                   |       xor|   0|  0|     2|           1|           2|
    +--------------------------------+----------+----+---+------+------------+------------+
    |Total                           |          |   0|  0|  6837|        1792|        1766|
    +--------------------------------+----------+----+---+------+------------+------------+

    * Multiplexer: 
    +------------------------------------+----+-----------+-----+-----------+
    |                Name                | LUT| Input Size| Bits| Total Bits|
    +------------------------------------+----+-----------+-----+-----------+
    |ap_NS_fsm                           |  20|          4|    1|          4|
    |ap_done_int                         |   9|          2|    1|          2|
    |ap_enable_reg_pp0_iter0             |   9|          2|    1|          2|
    |ap_enable_reg_pp0_iter1             |   9|          2|    1|          2|
    |ap_enable_reg_pp0_iter25            |   9|          2|    1|          2|
    |ap_loop_exit_ready_pp0_iter10_reg   |   9|          2|    1|          2|
    |ap_loop_exit_ready_pp0_iter11_reg   |   9|          2|    1|          2|
    |ap_loop_exit_ready_pp0_iter12_reg   |   9|          2|    1|          2|
    |ap_loop_exit_ready_pp0_iter13_reg   |   9|          2|    1|          2|
    |ap_loop_exit_ready_pp0_iter14_reg   |   9|          2|    1|          2|
    |ap_loop_exit_ready_pp0_iter15_reg   |   9|          2|    1|          2|
    |ap_loop_exit_ready_pp0_iter16_reg   |   9|          2|    1|          2|
    |ap_loop_exit_ready_pp0_iter17_reg   |   9|          2|    1|          2|
    |ap_loop_exit_ready_pp0_iter18_reg   |   9|          2|    1|          2|
    |ap_loop_exit_ready_pp0_iter19_reg   |   9|          2|    1|          2|
    |ap_loop_exit_ready_pp0_iter1_reg    |   9|          2|    1|          2|
    |ap_loop_exit_ready_pp0_iter20_reg   |   9|          2|    1|          2|
    |ap_loop_exit_ready_pp0_iter21_reg   |   9|          2|    1|          2|
    |ap_loop_exit_ready_pp0_iter22_reg   |   9|          2|    1|          2|
    |ap_loop_exit_ready_pp0_iter23_reg   |   9|          2|    1|          2|
    |ap_loop_exit_ready_pp0_iter24_reg   |   9|          2|    1|          2|
    |ap_loop_exit_ready_pp0_iter2_reg    |   9|          2|    1|          2|
    |ap_loop_exit_ready_pp0_iter3_reg    |   9|          2|    1|          2|
    |ap_loop_exit_ready_pp0_iter4_reg    |   9|          2|    1|          2|
    |ap_loop_exit_ready_pp0_iter5_reg    |   9|          2|    1|          2|
    |ap_loop_exit_ready_pp0_iter6_reg    |   9|          2|    1|          2|
    |ap_loop_exit_ready_pp0_iter7_reg    |   9|          2|    1|          2|
    |ap_loop_exit_ready_pp0_iter8_reg    |   9|          2|    1|          2|
    |ap_loop_exit_ready_pp0_iter9_reg    |   9|          2|    1|          2|
    |ap_sig_allocacmp_loop_index_i_load  |   9|          2|   10|         20|
    |gmem_blk_n_AR                       |   9|          2|    1|          2|
    |gmem_blk_n_R                        |   9|          2|    1|          2|
    |loop_index_i_fu_70                  |   9|          2|   10|         20|
    |m_axi_gmem_0_ARADDR                 |  20|          4|   64|        256|
    +------------------------------------+----+-----------+-----+-----------+
    |Total                               | 328|         72|  115|        360|
    +------------------------------------+----+-----------+-----+-----------+

    * Register: 
    +-------------------------------------------+-----+----+-----+-----------+
    |                    Name                   |  FF | LUT| Bits| Const Bits|
    +-------------------------------------------+-----+----+-----+-----------+
    |ap_CS_fsm                                  |    3|   0|    3|          0|
    |ap_block_pp0_stage0_subdone_grp0_done_reg  |    1|   0|    1|          0|
    |ap_block_pp0_stage0_subdone_grp3_done_reg  |    1|   0|    1|          0|
    |ap_block_pp0_stage0_subdone_grp4_done_reg  |    1|   0|    1|          0|
    |ap_block_pp0_stage1_subdone_grp0_done_reg  |    1|   0|    1|          0|
    |ap_block_pp0_stage1_subdone_grp1_done_reg  |    1|   0|    1|          0|
    |ap_block_pp0_stage1_subdone_grp5_done_reg  |    1|   0|    1|          0|
    |ap_block_pp0_stage2_subdone_grp0_done_reg  |    1|   0|    1|          0|
    |ap_block_pp0_stage2_subdone_grp2_done_reg  |    1|   0|    1|          0|
    |ap_block_pp0_stage2_subdone_grp6_done_reg  |    1|   0|    1|          0|
    |ap_done_reg                                |    1|   0|    1|          0|
    |ap_enable_reg_pp0_iter0_reg                |    1|   0|    1|          0|
    |ap_enable_reg_pp0_iter1                    |    1|   0|    1|          0|
    |ap_enable_reg_pp0_iter10                   |    1|   0|    1|          0|
    |ap_enable_reg_pp0_iter11                   |    1|   0|    1|          0|
    |ap_enable_reg_pp0_iter12                   |    1|   0|    1|          0|
    |ap_enable_reg_pp0_iter13                   |    1|   0|    1|          0|
    |ap_enable_reg_pp0_iter14                   |    1|   0|    1|          0|
    |ap_enable_reg_pp0_iter15                   |    1|   0|    1|          0|
    |ap_enable_reg_pp0_iter16                   |    1|   0|    1|          0|
    |ap_enable_reg_pp0_iter17                   |    1|   0|    1|          0|
    |ap_enable_reg_pp0_iter18                   |    1|   0|    1|          0|
    |ap_enable_reg_pp0_iter19                   |    1|   0|    1|          0|
    |ap_enable_reg_pp0_iter2                    |    1|   0|    1|          0|
    |ap_enable_reg_pp0_iter20                   |    1|   0|    1|          0|
    |ap_enable_reg_pp0_iter21                   |    1|   0|    1|          0|
    |ap_enable_reg_pp0_iter22                   |    1|   0|    1|          0|
    |ap_enable_reg_pp0_iter23                   |    1|   0|    1|          0|
    |ap_enable_reg_pp0_iter24                   |    1|   0|    1|          0|
    |ap_enable_reg_pp0_iter25                   |    1|   0|    1|          0|
    |ap_enable_reg_pp0_iter3                    |    1|   0|    1|          0|
    |ap_enable_reg_pp0_iter4                    |    1|   0|    1|          0|
    |ap_enable_reg_pp0_iter5                    |    1|   0|    1|          0|
    |ap_enable_reg_pp0_iter6                    |    1|   0|    1|          0|
    |ap_enable_reg_pp0_iter7                    |    1|   0|    1|          0|
    |ap_enable_reg_pp0_iter8                    |    1|   0|    1|          0|
    |ap_enable_reg_pp0_iter9                    |    1|   0|    1|          0|
    |ap_loop_exit_ready_pp0_iter10_reg          |    1|   0|    1|          0|
    |ap_loop_exit_ready_pp0_iter11_reg          |    1|   0|    1|          0|
    |ap_loop_exit_ready_pp0_iter12_reg          |    1|   0|    1|          0|
    |ap_loop_exit_ready_pp0_iter13_reg          |    1|   0|    1|          0|
    |ap_loop_exit_ready_pp0_iter14_reg          |    1|   0|    1|          0|
    |ap_loop_exit_ready_pp0_iter15_reg          |    1|   0|    1|          0|
    |ap_loop_exit_ready_pp0_iter16_reg          |    1|   0|    1|          0|
    |ap_loop_exit_ready_pp0_iter17_reg          |    1|   0|    1|          0|
    |ap_loop_exit_ready_pp0_iter18_reg          |    1|   0|    1|          0|
    |ap_loop_exit_ready_pp0_iter19_reg          |    1|   0|    1|          0|
    |ap_loop_exit_ready_pp0_iter1_reg           |    1|   0|    1|          0|
    |ap_loop_exit_ready_pp0_iter20_reg          |    1|   0|    1|          0|
    |ap_loop_exit_ready_pp0_iter21_reg          |    1|   0|    1|          0|
    |ap_loop_exit_ready_pp0_iter22_reg          |    1|   0|    1|          0|
    |ap_loop_exit_ready_pp0_iter23_reg          |    1|   0|    1|          0|
    |ap_loop_exit_ready_pp0_iter24_reg          |    1|   0|    1|          0|
    |ap_loop_exit_ready_pp0_iter2_reg           |    1|   0|    1|          0|
    |ap_loop_exit_ready_pp0_iter3_reg           |    1|   0|    1|          0|
    |ap_loop_exit_ready_pp0_iter4_reg           |    1|   0|    1|          0|
    |ap_loop_exit_ready_pp0_iter5_reg           |    1|   0|    1|          0|
    |ap_loop_exit_ready_pp0_iter6_reg           |    1|   0|    1|          0|
    |ap_loop_exit_ready_pp0_iter7_reg           |    1|   0|    1|          0|
    |ap_loop_exit_ready_pp0_iter8_reg           |    1|   0|    1|          0|
    |ap_loop_exit_ready_pp0_iter9_reg           |    1|   0|    1|          0|
    |empty_84_reg_384                           |   11|   0|   11|          0|
    |empty_86_reg_395                           |    6|   0|    6|          0|
    |empty_90_reg_411                           |    6|   0|    6|          0|
    |empty_94_reg_427                           |    6|   0|    6|          0|
    |exitcond201_i_reg_380                      |    1|   0|    1|          0|
    |loop_index_i_cast10_reg_438                |   10|   0|   64|         54|
    |loop_index_i_fu_70                         |   10|   0|   10|          0|
    |loop_index_i_load_reg_374                  |   10|   0|   10|          0|
    |p_cast3_reg_406                            |   58|   0|   58|          0|
    |p_cast6_reg_422                            |   58|   0|   58|          0|
    |p_cast_reg_390                             |   58|   0|   58|          0|
    |reg_131                                    |  512|   0|  512|          0|
    |empty_86_reg_395                           |   64|  32|    6|          0|
    |empty_90_reg_411                           |   64|  32|    6|          0|
    |empty_94_reg_427                           |   64|  32|    6|          0|
    |exitcond201_i_reg_380                      |   64|  32|    1|          0|
    |loop_index_i_load_reg_374                  |   64|  32|   10|          0|
    +-------------------------------------------+-----+----+-----+-----------+
    |Total                                      | 1129| 160|  892|         54|
    +-------------------------------------------+-----+----+-----+-----------+



================================================================
== Interface
================================================================
* Summary: 
+-----------------------+-----+-----+------------+----------------------+--------------+
|       RTL Ports       | Dir | Bits|  Protocol  |     Source Object    |    C Type    |
+-----------------------+-----+-----+------------+----------------------+--------------+
|ap_clk                 |   in|    1|  ap_ctrl_hs|  grayscale_Pipeline_1|  return value|
|ap_rst                 |   in|    1|  ap_ctrl_hs|  grayscale_Pipeline_1|  return value|
|ap_start               |   in|    1|  ap_ctrl_hs|  grayscale_Pipeline_1|  return value|
|ap_done                |  out|    1|  ap_ctrl_hs|  grayscale_Pipeline_1|  return value|
|ap_idle                |  out|    1|  ap_ctrl_hs|  grayscale_Pipeline_1|  return value|
|ap_ready               |  out|    1|  ap_ctrl_hs|  grayscale_Pipeline_1|  return value|
|m_axi_gmem_0_AWVALID   |  out|    1|       m_axi|                  gmem|       pointer|
|m_axi_gmem_0_AWREADY   |   in|    1|       m_axi|                  gmem|       pointer|
|m_axi_gmem_0_AWADDR    |  out|   64|       m_axi|                  gmem|       pointer|
|m_axi_gmem_0_AWID      |  out|    1|       m_axi|                  gmem|       pointer|
|m_axi_gmem_0_AWLEN     |  out|   32|       m_axi|                  gmem|       pointer|
|m_axi_gmem_0_AWSIZE    |  out|    3|       m_axi|                  gmem|       pointer|
|m_axi_gmem_0_AWBURST   |  out|    2|       m_axi|                  gmem|       pointer|
|m_axi_gmem_0_AWLOCK    |  out|    2|       m_axi|                  gmem|       pointer|
|m_axi_gmem_0_AWCACHE   |  out|    4|       m_axi|                  gmem|       pointer|
|m_axi_gmem_0_AWPROT    |  out|    3|       m_axi|                  gmem|       pointer|
|m_axi_gmem_0_AWQOS     |  out|    4|       m_axi|                  gmem|       pointer|
|m_axi_gmem_0_AWREGION  |  out|    4|       m_axi|                  gmem|       pointer|
|m_axi_gmem_0_AWUSER    |  out|    1|       m_axi|                  gmem|       pointer|
|m_axi_gmem_0_WVALID    |  out|    1|       m_axi|                  gmem|       pointer|
|m_axi_gmem_0_WREADY    |   in|    1|       m_axi|                  gmem|       pointer|
|m_axi_gmem_0_WDATA     |  out|  512|       m_axi|                  gmem|       pointer|
|m_axi_gmem_0_WSTRB     |  out|   64|       m_axi|                  gmem|       pointer|
|m_axi_gmem_0_WLAST     |  out|    1|       m_axi|                  gmem|       pointer|
|m_axi_gmem_0_WID       |  out|    1|       m_axi|                  gmem|       pointer|
|m_axi_gmem_0_WUSER     |  out|    1|       m_axi|                  gmem|       pointer|
|m_axi_gmem_0_ARVALID   |  out|    1|       m_axi|                  gmem|       pointer|
|m_axi_gmem_0_ARREADY   |   in|    1|       m_axi|                  gmem|       pointer|
|m_axi_gmem_0_ARADDR    |  out|   64|       m_axi|                  gmem|       pointer|
|m_axi_gmem_0_ARID      |  out|    1|       m_axi|                  gmem|       pointer|
|m_axi_gmem_0_ARLEN     |  out|   32|       m_axi|                  gmem|       pointer|
|m_axi_gmem_0_ARSIZE    |  out|    3|       m_axi|                  gmem|       pointer|
|m_axi_gmem_0_ARBURST   |  out|    2|       m_axi|                  gmem|       pointer|
|m_axi_gmem_0_ARLOCK    |  out|    2|       m_axi|                  gmem|       pointer|
|m_axi_gmem_0_ARCACHE   |  out|    4|       m_axi|                  gmem|       pointer|
|m_axi_gmem_0_ARPROT    |  out|    3|       m_axi|                  gmem|       pointer|
|m_axi_gmem_0_ARQOS     |  out|    4|       m_axi|                  gmem|       pointer|
|m_axi_gmem_0_ARREGION  |  out|    4|       m_axi|                  gmem|       pointer|
|m_axi_gmem_0_ARUSER    |  out|    1|       m_axi|                  gmem|       pointer|
|m_axi_gmem_0_RVALID    |   in|    1|       m_axi|                  gmem|       pointer|
|m_axi_gmem_0_RREADY    |  out|    1|       m_axi|                  gmem|       pointer|
|m_axi_gmem_0_RDATA     |   in|  512|       m_axi|                  gmem|       pointer|
|m_axi_gmem_0_RLAST     |   in|    1|       m_axi|                  gmem|       pointer|
|m_axi_gmem_0_RID       |   in|    1|       m_axi|                  gmem|       pointer|
|m_axi_gmem_0_RFIFONUM  |   in|    9|       m_axi|                  gmem|       pointer|
|m_axi_gmem_0_RUSER     |   in|    1|       m_axi|                  gmem|       pointer|
|m_axi_gmem_0_RRESP     |   in|    2|       m_axi|                  gmem|       pointer|
|m_axi_gmem_0_BVALID    |   in|    1|       m_axi|                  gmem|       pointer|
|m_axi_gmem_0_BREADY    |  out|    1|       m_axi|                  gmem|       pointer|
|m_axi_gmem_0_BRESP     |   in|    2|       m_axi|                  gmem|       pointer|
|m_axi_gmem_0_BID       |   in|    1|       m_axi|                  gmem|       pointer|
|m_axi_gmem_0_BUSER     |   in|    1|       m_axi|                  gmem|       pointer|
|empty                  |   in|   64|     ap_none|                 empty|        scalar|
|local_blue_address0    |  out|    9|   ap_memory|            local_blue|         array|
|local_blue_ce0         |  out|    1|   ap_memory|            local_blue|         array|
|local_blue_we0         |  out|    1|   ap_memory|            local_blue|         array|
|local_blue_d0          |  out|    8|   ap_memory|            local_blue|         array|
|local_green_address0   |  out|    9|   ap_memory|           local_green|         array|
|local_green_ce0        |  out|    1|   ap_memory|           local_green|         array|
|local_green_we0        |  out|    1|   ap_memory|           local_green|         array|
|local_green_d0         |  out|    8|   ap_memory|           local_green|         array|
|local_red_address0     |  out|    9|   ap_memory|             local_red|         array|
|local_red_ce0          |  out|    1|   ap_memory|             local_red|         array|
|local_red_we0          |  out|    1|   ap_memory|             local_red|         array|
|local_red_d0           |  out|    8|   ap_memory|             local_red|         array|
+-----------------------+-----+-----+------------+----------------------+--------------+

