

================================================================
== Vitis HLS Report for 'grayscale_Pipeline_VITIS_LOOP_7_1'
================================================================
* Date:           Thu Jul 23 23:06:28 2026

* Version:        2025.2 (Build 6295257 on Nov 14 2025)
* Project:        canny_top
* Solution:       hls (Vitis Kernel Flow Target)
* Product family: zynquplus
* Target device:  xck26-sfvc784-2LV-c


================================================================
== Performance Estimates
================================================================
+ Timing: 
    * Summary: 
    +--------+---------+----------+------------+
    |  Clock |  Target | Estimated| Uncertainty|
    +--------+---------+----------+------------+
    |ap_clk  |  5.00 ns|  3.650 ns|     1.35 ns|
    +--------+---------+----------+------------+

+ Latency: 
    * Summary: 
    +---------+---------+----------+----------+-----+-----+-------------------+
    |  Latency (cycles) |  Latency (absolute) |  Interval |      Pipeline     |
    |   min   |   max   |    min   |    max   | min | max |        Type       |
    +---------+---------+----------+----------+-----+-----+-------------------+
    |     1614|     1614|  8.070 us|  8.070 us|    0|    0|  loop pipeline stp|
    +---------+---------+----------+----------+-----+-----+-------------------+

    + Detail: 
        * Instance: 
        N/A

        * Loop: 
        +------------------+---------+---------+----------+-----------+-----------+------+----------+
        |                  |  Latency (cycles) | Iteration|  Initiation Interval  | Trip |          |
        |     Loop Name    |   min   |   max   |  Latency |  achieved |   target  | Count| Pipelined|
        +------------------+---------+---------+----------+-----------+-----------+------+----------+
        |- VITIS_LOOP_7_1  |     1612|     1612|        80|          3|          1|   512|       yes|
        +------------------+---------+---------+----------+-----------+-----------+------+----------+



================================================================
== Utilization Estimates
================================================================
* Summary: 
+-----------------+---------+------+--------+--------+-----+
|       Name      | BRAM_18K|  DSP |   FF   |   LUT  | URAM|
+-----------------+---------+------+--------+--------+-----+
|DSP              |        -|     2|       -|       -|    -|
|Expression       |        -|     -|       0|     607|    -|
|FIFO             |        -|     -|       -|       -|    -|
|Instance         |        -|     0|       0|      40|    -|
|Memory           |        -|     -|       -|       -|    -|
|Multiplexer      |        -|     -|       0|     337|    -|
|Register         |        -|     -|     670|     160|    -|
+-----------------+---------+------+--------+--------+-----+
|Total            |        0|     2|     670|    1144|    0|
+-----------------+---------+------+--------+--------+-----+
|Available        |      288|  1248|  234240|  117120|   64|
+-----------------+---------+------+--------+--------+-----+
|Utilization (%)  |        0|    ~0|      ~0|      ~0|    0|
+-----------------+---------+------+--------+--------+-----+

+ Detail: 
    * Instance: 
    +-----------------------+--------------------+---------+----+---+----+-----+
    |        Instance       |       Module       | BRAM_18K| DSP| FF| LUT| URAM|
    +-----------------------+--------------------+---------+----+---+----+-----+
    |mul_8ns_8ns_15_1_1_U4  |mul_8ns_8ns_15_1_1  |        0|   0|  0|  40|    0|
    +-----------------------+--------------------+---------+----+---+----+-----+
    |Total                  |                    |        0|   0|  0|  40|    0|
    +-----------------------+--------------------+---------+----+---+----+-----+

    * DSP: 
    +-----------------------------------+--------------------------------+--------------+
    |              Instance             |             Module             |  Expression  |
    +-----------------------------------+--------------------------------+--------------+
    |mac_muladd_8ns_5ns_15s_15_4_1_U5   |mac_muladd_8ns_5ns_15s_15_4_1   |  i0 + i1 * i2|
    |mac_muladd_8ns_8ns_15ns_16_4_1_U6  |mac_muladd_8ns_8ns_15ns_16_4_1  |  i0 + i1 * i2|
    +-----------------------------------+--------------------------------+--------------+

    * Memory: 
    N/A

    * FIFO: 
    N/A

    * Expression: 
    +--------------------------------+----------+----+---+----+------------+------------+
    |          Variable Name         | Operation| DSP| FF| LUT| Bitwidth P0| Bitwidth P1|
    +--------------------------------+----------+----+---+----+------------+------------+
    |add_ln9_1_fu_189_p2             |         +|   0|  0|  18|          11|           1|
    |add_ln9_2_fu_198_p2             |         +|   0|  0|  71|          64|          64|
    |add_ln9_3_fu_227_p2             |         +|   0|  0|  18|          11|           2|
    |add_ln9_4_fu_236_p2             |         +|   0|  0|  71|          64|          64|
    |add_ln9_fu_153_p2               |         +|   0|  0|  71|          64|          64|
    |column_6_fu_265_p2              |         +|   0|  0|  16|           9|           1|
    |sub_ln9_fu_143_p2               |         -|   0|  0|  18|          11|          11|
    |ap_block_pp0_stage0_11001_grp3  |       and|   0|  0|   2|           1|           1|
    |ap_block_pp0_stage0_11001_grp4  |       and|   0|  0|   2|           1|           1|
    |ap_block_pp0_stage1_11001_grp1  |       and|   0|  0|   2|           1|           1|
    |ap_block_pp0_stage1_11001_grp5  |       and|   0|  0|   2|           1|           1|
    |ap_block_pp0_stage2_11001_grp2  |       and|   0|  0|   2|           1|           1|
    |ap_block_pp0_stage2_11001_grp6  |       and|   0|  0|   2|           1|           1|
    |icmp_ln7_fu_183_p2              |      icmp|   0|  0|  16|           9|           2|
    |lshr_ln9_1_fu_307_p2            |      lshr|   0|  0|  96|          32|          32|
    |lshr_ln9_2_fu_328_p2            |      lshr|   0|  0|  96|          32|          32|
    |lshr_ln9_fu_286_p2              |      lshr|   0|  0|  96|          32|          32|
    |ap_block_pp0_stage0_11001       |        or|   0|  0|   2|           1|           1|
    |ap_block_pp0_stage1_11001       |        or|   0|  0|   2|           1|           1|
    |ap_block_pp0_stage2_11001       |        or|   0|  0|   2|           1|           1|
    |ap_enable_pp0                   |       xor|   0|  0|   2|           1|           2|
    +--------------------------------+----------+----+---+----+------------+------------+
    |Total                           |          |   0|  0| 607|         349|         316|
    +--------------------------------+----------+----+---+----+------------+------------+

    * Multiplexer: 
    +-----------------------------------+----+-----------+-----+-----------+
    |                Name               | LUT| Input Size| Bits| Total Bits|
    +-----------------------------------+----+-----------+-----+-----------+
    |ap_NS_fsm                          |  20|          4|    1|          4|
    |ap_done_int                        |   9|          2|    1|          2|
    |ap_enable_reg_pp0_iter0            |   9|          2|    1|          2|
    |ap_enable_reg_pp0_iter26           |   9|          2|    1|          2|
    |ap_loop_exit_ready_pp0_iter10_reg  |   9|          2|    1|          2|
    |ap_loop_exit_ready_pp0_iter11_reg  |   9|          2|    1|          2|
    |ap_loop_exit_ready_pp0_iter12_reg  |   9|          2|    1|          2|
    |ap_loop_exit_ready_pp0_iter13_reg  |   9|          2|    1|          2|
    |ap_loop_exit_ready_pp0_iter14_reg  |   9|          2|    1|          2|
    |ap_loop_exit_ready_pp0_iter15_reg  |   9|          2|    1|          2|
    |ap_loop_exit_ready_pp0_iter16_reg  |   9|          2|    1|          2|
    |ap_loop_exit_ready_pp0_iter17_reg  |   9|          2|    1|          2|
    |ap_loop_exit_ready_pp0_iter18_reg  |   9|          2|    1|          2|
    |ap_loop_exit_ready_pp0_iter19_reg  |   9|          2|    1|          2|
    |ap_loop_exit_ready_pp0_iter1_reg   |   9|          2|    1|          2|
    |ap_loop_exit_ready_pp0_iter20_reg  |   9|          2|    1|          2|
    |ap_loop_exit_ready_pp0_iter21_reg  |   9|          2|    1|          2|
    |ap_loop_exit_ready_pp0_iter22_reg  |   9|          2|    1|          2|
    |ap_loop_exit_ready_pp0_iter23_reg  |   9|          2|    1|          2|
    |ap_loop_exit_ready_pp0_iter24_reg  |   9|          2|    1|          2|
    |ap_loop_exit_ready_pp0_iter25_reg  |   9|          2|    1|          2|
    |ap_loop_exit_ready_pp0_iter26_reg  |   9|          2|    1|          2|
    |ap_loop_exit_ready_pp0_iter2_reg   |   9|          2|    1|          2|
    |ap_loop_exit_ready_pp0_iter3_reg   |   9|          2|    1|          2|
    |ap_loop_exit_ready_pp0_iter4_reg   |   9|          2|    1|          2|
    |ap_loop_exit_ready_pp0_iter5_reg   |   9|          2|    1|          2|
    |ap_loop_exit_ready_pp0_iter6_reg   |   9|          2|    1|          2|
    |ap_loop_exit_ready_pp0_iter7_reg   |   9|          2|    1|          2|
    |ap_loop_exit_ready_pp0_iter8_reg   |   9|          2|    1|          2|
    |ap_loop_exit_ready_pp0_iter9_reg   |   9|          2|    1|          2|
    |ap_sig_allocacmp_column            |   9|          2|    9|         18|
    |column12_fu_84                     |   9|          2|    9|         18|
    |gmem_in_blk_n_AR                   |   9|          2|    1|          2|
    |gmem_in_blk_n_R                    |   9|          2|    1|          2|
    |m_axi_gmem_in_0_ARADDR             |  20|          4|   64|        256|
    +-----------------------------------+----+-----------+-----+-----------+
    |Total                              | 337|         74|  114|        358|
    +-----------------------------------+----+-----------+-----+-----------+

    * Register: 
    +-------------------------------------------+----+----+-----+-----------+
    |                    Name                   | FF | LUT| Bits| Const Bits|
    +-------------------------------------------+----+----+-----+-----------+
    |ap_CS_fsm                                  |   3|   0|    3|          0|
    |ap_block_pp0_stage0_subdone_grp0_done_reg  |   1|   0|    1|          0|
    |ap_block_pp0_stage0_subdone_grp3_done_reg  |   1|   0|    1|          0|
    |ap_block_pp0_stage0_subdone_grp4_done_reg  |   1|   0|    1|          0|
    |ap_block_pp0_stage1_subdone_grp0_done_reg  |   1|   0|    1|          0|
    |ap_block_pp0_stage1_subdone_grp1_done_reg  |   1|   0|    1|          0|
    |ap_block_pp0_stage1_subdone_grp5_done_reg  |   1|   0|    1|          0|
    |ap_block_pp0_stage2_subdone_grp0_done_reg  |   1|   0|    1|          0|
    |ap_block_pp0_stage2_subdone_grp2_done_reg  |   1|   0|    1|          0|
    |ap_block_pp0_stage2_subdone_grp6_done_reg  |   1|   0|    1|          0|
    |ap_done_reg                                |   1|   0|    1|          0|
    |ap_enable_reg_pp0_iter0_reg                |   1|   0|    1|          0|
    |ap_enable_reg_pp0_iter1                    |   1|   0|    1|          0|
    |ap_enable_reg_pp0_iter10                   |   1|   0|    1|          0|
    |ap_enable_reg_pp0_iter11                   |   1|   0|    1|          0|
    |ap_enable_reg_pp0_iter12                   |   1|   0|    1|          0|
    |ap_enable_reg_pp0_iter13                   |   1|   0|    1|          0|
    |ap_enable_reg_pp0_iter14                   |   1|   0|    1|          0|
    |ap_enable_reg_pp0_iter15                   |   1|   0|    1|          0|
    |ap_enable_reg_pp0_iter16                   |   1|   0|    1|          0|
    |ap_enable_reg_pp0_iter17                   |   1|   0|    1|          0|
    |ap_enable_reg_pp0_iter18                   |   1|   0|    1|          0|
    |ap_enable_reg_pp0_iter19                   |   1|   0|    1|          0|
    |ap_enable_reg_pp0_iter2                    |   1|   0|    1|          0|
    |ap_enable_reg_pp0_iter20                   |   1|   0|    1|          0|
    |ap_enable_reg_pp0_iter21                   |   1|   0|    1|          0|
    |ap_enable_reg_pp0_iter22                   |   1|   0|    1|          0|
    |ap_enable_reg_pp0_iter23                   |   1|   0|    1|          0|
    |ap_enable_reg_pp0_iter24                   |   1|   0|    1|          0|
    |ap_enable_reg_pp0_iter25                   |   1|   0|    1|          0|
    |ap_enable_reg_pp0_iter26                   |   1|   0|    1|          0|
    |ap_enable_reg_pp0_iter3                    |   1|   0|    1|          0|
    |ap_enable_reg_pp0_iter4                    |   1|   0|    1|          0|
    |ap_enable_reg_pp0_iter5                    |   1|   0|    1|          0|
    |ap_enable_reg_pp0_iter6                    |   1|   0|    1|          0|
    |ap_enable_reg_pp0_iter7                    |   1|   0|    1|          0|
    |ap_enable_reg_pp0_iter8                    |   1|   0|    1|          0|
    |ap_enable_reg_pp0_iter9                    |   1|   0|    1|          0|
    |ap_loop_exit_ready_pp0_iter10_reg          |   1|   0|    1|          0|
    |ap_loop_exit_ready_pp0_iter11_reg          |   1|   0|    1|          0|
    |ap_loop_exit_ready_pp0_iter12_reg          |   1|   0|    1|          0|
    |ap_loop_exit_ready_pp0_iter13_reg          |   1|   0|    1|          0|
    |ap_loop_exit_ready_pp0_iter14_reg          |   1|   0|    1|          0|
    |ap_loop_exit_ready_pp0_iter15_reg          |   1|   0|    1|          0|
    |ap_loop_exit_ready_pp0_iter16_reg          |   1|   0|    1|          0|
    |ap_loop_exit_ready_pp0_iter17_reg          |   1|   0|    1|          0|
    |ap_loop_exit_ready_pp0_iter18_reg          |   1|   0|    1|          0|
    |ap_loop_exit_ready_pp0_iter19_reg          |   1|   0|    1|          0|
    |ap_loop_exit_ready_pp0_iter1_reg           |   1|   0|    1|          0|
    |ap_loop_exit_ready_pp0_iter20_reg          |   1|   0|    1|          0|
    |ap_loop_exit_ready_pp0_iter21_reg          |   1|   0|    1|          0|
    |ap_loop_exit_ready_pp0_iter22_reg          |   1|   0|    1|          0|
    |ap_loop_exit_ready_pp0_iter23_reg          |   1|   0|    1|          0|
    |ap_loop_exit_ready_pp0_iter24_reg          |   1|   0|    1|          0|
    |ap_loop_exit_ready_pp0_iter25_reg          |   1|   0|    1|          0|
    |ap_loop_exit_ready_pp0_iter26_reg          |   1|   0|    1|          0|
    |ap_loop_exit_ready_pp0_iter2_reg           |   1|   0|    1|          0|
    |ap_loop_exit_ready_pp0_iter3_reg           |   1|   0|    1|          0|
    |ap_loop_exit_ready_pp0_iter4_reg           |   1|   0|    1|          0|
    |ap_loop_exit_ready_pp0_iter5_reg           |   1|   0|    1|          0|
    |ap_loop_exit_ready_pp0_iter6_reg           |   1|   0|    1|          0|
    |ap_loop_exit_ready_pp0_iter7_reg           |   1|   0|    1|          0|
    |ap_loop_exit_ready_pp0_iter8_reg           |   1|   0|    1|          0|
    |ap_loop_exit_ready_pp0_iter9_reg           |   1|   0|    1|          0|
    |column12_fu_84                             |   9|   0|    9|          0|
    |column_reg_402                             |   9|   0|    9|          0|
    |gmem_in_addr_1_reg_429                     |  64|   0|   64|          0|
    |gmem_in_addr_2_reg_440                     |  64|   0|   64|          0|
    |gmem_in_addr_reg_414                       |  64|   0|   64|          0|
    |icmp_ln7_reg_425                           |   1|   0|    1|          0|
    |reg_119                                    |  32|   0|   32|          0|
    |sub_ln9_reg_408                            |  11|   0|   11|          0|
    |trunc_ln9_1_reg_451                        |   8|   0|    8|          0|
    |trunc_ln9_1_reg_451_pp0_iter25_reg         |   8|   0|    8|          0|
    |trunc_ln9_2_reg_435                        |   2|   0|    2|          0|
    |trunc_ln9_3_reg_456                        |   8|   0|    8|          0|
    |trunc_ln9_4_reg_446                        |   2|   0|    2|          0|
    |trunc_ln9_reg_420                          |   2|   0|    2|          0|
    |column_reg_402                             |  64|  32|    9|          0|
    |icmp_ln7_reg_425                           |  64|  32|    1|          0|
    |trunc_ln9_2_reg_435                        |  64|  32|    2|          0|
    |trunc_ln9_4_reg_446                        |  64|  32|    2|          0|
    |trunc_ln9_reg_420                          |  64|  32|    2|          0|
    +-------------------------------------------+----+----+-----+-----------+
    |Total                                      | 670| 160|  366|          0|
    +-------------------------------------------+----+----+-----+-----------+



================================================================
== Interface
================================================================
* Summary: 
+--------------------------+-----+-----+------------+-----------------------------------+--------------+
|         RTL Ports        | Dir | Bits|  Protocol  |           Source Object           |    C Type    |
+--------------------------+-----+-----+------------+-----------------------------------+--------------+
|ap_clk                    |   in|    1|  ap_ctrl_hs|  grayscale_Pipeline_VITIS_LOOP_7_1|  return value|
|ap_rst                    |   in|    1|  ap_ctrl_hs|  grayscale_Pipeline_VITIS_LOOP_7_1|  return value|
|ap_start                  |   in|    1|  ap_ctrl_hs|  grayscale_Pipeline_VITIS_LOOP_7_1|  return value|
|ap_done                   |  out|    1|  ap_ctrl_hs|  grayscale_Pipeline_VITIS_LOOP_7_1|  return value|
|ap_idle                   |  out|    1|  ap_ctrl_hs|  grayscale_Pipeline_VITIS_LOOP_7_1|  return value|
|ap_ready                  |  out|    1|  ap_ctrl_hs|  grayscale_Pipeline_VITIS_LOOP_7_1|  return value|
|m_axi_gmem_in_0_AWVALID   |  out|    1|       m_axi|                            gmem_in|       pointer|
|m_axi_gmem_in_0_AWREADY   |   in|    1|       m_axi|                            gmem_in|       pointer|
|m_axi_gmem_in_0_AWADDR    |  out|   64|       m_axi|                            gmem_in|       pointer|
|m_axi_gmem_in_0_AWID      |  out|    1|       m_axi|                            gmem_in|       pointer|
|m_axi_gmem_in_0_AWLEN     |  out|   32|       m_axi|                            gmem_in|       pointer|
|m_axi_gmem_in_0_AWSIZE    |  out|    3|       m_axi|                            gmem_in|       pointer|
|m_axi_gmem_in_0_AWBURST   |  out|    2|       m_axi|                            gmem_in|       pointer|
|m_axi_gmem_in_0_AWLOCK    |  out|    2|       m_axi|                            gmem_in|       pointer|
|m_axi_gmem_in_0_AWCACHE   |  out|    4|       m_axi|                            gmem_in|       pointer|
|m_axi_gmem_in_0_AWPROT    |  out|    3|       m_axi|                            gmem_in|       pointer|
|m_axi_gmem_in_0_AWQOS     |  out|    4|       m_axi|                            gmem_in|       pointer|
|m_axi_gmem_in_0_AWREGION  |  out|    4|       m_axi|                            gmem_in|       pointer|
|m_axi_gmem_in_0_AWUSER    |  out|    1|       m_axi|                            gmem_in|       pointer|
|m_axi_gmem_in_0_WVALID    |  out|    1|       m_axi|                            gmem_in|       pointer|
|m_axi_gmem_in_0_WREADY    |   in|    1|       m_axi|                            gmem_in|       pointer|
|m_axi_gmem_in_0_WDATA     |  out|   32|       m_axi|                            gmem_in|       pointer|
|m_axi_gmem_in_0_WSTRB     |  out|    4|       m_axi|                            gmem_in|       pointer|
|m_axi_gmem_in_0_WLAST     |  out|    1|       m_axi|                            gmem_in|       pointer|
|m_axi_gmem_in_0_WID       |  out|    1|       m_axi|                            gmem_in|       pointer|
|m_axi_gmem_in_0_WUSER     |  out|    1|       m_axi|                            gmem_in|       pointer|
|m_axi_gmem_in_0_ARVALID   |  out|    1|       m_axi|                            gmem_in|       pointer|
|m_axi_gmem_in_0_ARREADY   |   in|    1|       m_axi|                            gmem_in|       pointer|
|m_axi_gmem_in_0_ARADDR    |  out|   64|       m_axi|                            gmem_in|       pointer|
|m_axi_gmem_in_0_ARID      |  out|    1|       m_axi|                            gmem_in|       pointer|
|m_axi_gmem_in_0_ARLEN     |  out|   32|       m_axi|                            gmem_in|       pointer|
|m_axi_gmem_in_0_ARSIZE    |  out|    3|       m_axi|                            gmem_in|       pointer|
|m_axi_gmem_in_0_ARBURST   |  out|    2|       m_axi|                            gmem_in|       pointer|
|m_axi_gmem_in_0_ARLOCK    |  out|    2|       m_axi|                            gmem_in|       pointer|
|m_axi_gmem_in_0_ARCACHE   |  out|    4|       m_axi|                            gmem_in|       pointer|
|m_axi_gmem_in_0_ARPROT    |  out|    3|       m_axi|                            gmem_in|       pointer|
|m_axi_gmem_in_0_ARQOS     |  out|    4|       m_axi|                            gmem_in|       pointer|
|m_axi_gmem_in_0_ARREGION  |  out|    4|       m_axi|                            gmem_in|       pointer|
|m_axi_gmem_in_0_ARUSER    |  out|    1|       m_axi|                            gmem_in|       pointer|
|m_axi_gmem_in_0_RVALID    |   in|    1|       m_axi|                            gmem_in|       pointer|
|m_axi_gmem_in_0_RREADY    |  out|    1|       m_axi|                            gmem_in|       pointer|
|m_axi_gmem_in_0_RDATA     |   in|   32|       m_axi|                            gmem_in|       pointer|
|m_axi_gmem_in_0_RLAST     |   in|    1|       m_axi|                            gmem_in|       pointer|
|m_axi_gmem_in_0_RID       |   in|    1|       m_axi|                            gmem_in|       pointer|
|m_axi_gmem_in_0_RFIFONUM  |   in|    9|       m_axi|                            gmem_in|       pointer|
|m_axi_gmem_in_0_RUSER     |   in|    1|       m_axi|                            gmem_in|       pointer|
|m_axi_gmem_in_0_RRESP     |   in|    2|       m_axi|                            gmem_in|       pointer|
|m_axi_gmem_in_0_BVALID    |   in|    1|       m_axi|                            gmem_in|       pointer|
|m_axi_gmem_in_0_BREADY    |  out|    1|       m_axi|                            gmem_in|       pointer|
|m_axi_gmem_in_0_BRESP     |   in|    2|       m_axi|                            gmem_in|       pointer|
|m_axi_gmem_in_0_BID       |   in|    1|       m_axi|                            gmem_in|       pointer|
|m_axi_gmem_in_0_BUSER     |   in|    1|       m_axi|                            gmem_in|       pointer|
|empty                     |   in|   64|     ap_none|                              empty|        scalar|
|out_grayscale_address0    |  out|    9|   ap_memory|                      out_grayscale|         array|
|out_grayscale_ce0         |  out|    1|   ap_memory|                      out_grayscale|         array|
|out_grayscale_we0         |  out|    1|   ap_memory|                      out_grayscale|         array|
|out_grayscale_d0          |  out|    8|   ap_memory|                      out_grayscale|         array|
+--------------------------+-----+-----+------------+-----------------------------------+--------------+

