

================================================================
== Vitis HLS Report for 'grayscale'
================================================================
* Date:           Thu Jul 23 23:06:28 2026

* Version:        2025.2 (Build 6295257 on Nov 14 2025)
* Project:        canny_top
* Solution:       hls (Vitis Kernel Flow Target)
* Product family: zynquplus
* Target device:  xck26-sfvc784-2LV-c


================================================================
== Performance Estimates
================================================================
+ Timing: 
    * Summary: 
    +--------+---------+----------+------------+
    |  Clock |  Target | Estimated| Uncertainty|
    +--------+---------+----------+------------+
    |ap_clk  |  5.00 ns|  3.650 ns|     1.35 ns|
    +--------+---------+----------+------------+

+ Latency: 
    * Summary: 
    +---------+---------+----------+----------+------+------+---------+
    |  Latency (cycles) |  Latency (absolute) |   Interval  | Pipeline|
    |   min   |   max   |    min   |    max   |  min |  max |   Type  |
    +---------+---------+----------+----------+------+------+---------+
    |     1616|     1616|  8.080 us|  8.080 us|  1616|  1616|       no|
    +---------+---------+----------+----------+------+------+---------+

    + Detail: 
        * Instance: 
        +---------------------------------------------+-----------------------------------+---------+---------+----------+----------+-----+-----+-------------------+
        |                                             |                                   |  Latency (cycles) |  Latency (absolute) |  Interval |      Pipeline     |
        |                   Instance                  |               Module              |   min   |   max   |    min   |    max   | min | max |        Type       |
        +---------------------------------------------+-----------------------------------+---------+---------+----------+----------+-----+-----+-------------------+
        |grp_grayscale_Pipeline_VITIS_LOOP_7_1_fu_50  |grayscale_Pipeline_VITIS_LOOP_7_1  |     1614|     1614|  8.070 us|  8.070 us|    0|    0|  loop pipeline stp|
        +---------------------------------------------+-----------------------------------+---------+---------+----------+----------+-----+-----+-------------------+

        * Loop: 
        N/A



================================================================
== Utilization Estimates
================================================================
* Summary: 
+-----------------+---------+------+--------+--------+-----+
|       Name      | BRAM_18K|  DSP |   FF   |   LUT  | URAM|
+-----------------+---------+------+--------+--------+-----+
|DSP              |        -|     -|       -|       -|    -|
|Expression       |        -|     -|       0|     100|    -|
|FIFO             |        -|     -|       -|       -|    -|
|Instance         |        -|     2|     670|    1144|    -|
|Memory           |        -|     -|       -|       -|    -|
|Multiplexer      |        -|     -|       0|      29|    -|
|Register         |        -|     -|      87|       -|    -|
+-----------------+---------+------+--------+--------+-----+
|Total            |        0|     2|     757|    1273|    0|
+-----------------+---------+------+--------+--------+-----+
|Available        |      288|  1248|  234240|  117120|   64|
+-----------------+---------+------+--------+--------+-----+
|Utilization (%)  |        0|    ~0|      ~0|       1|    0|
+-----------------+---------+------+--------+--------+-----+

+ Detail: 
    * Instance: 
    +---------------------------------------------+-----------------------------------+---------+----+-----+------+-----+
    |                   Instance                  |               Module              | BRAM_18K| DSP|  FF |  LUT | URAM|
    +---------------------------------------------+-----------------------------------+---------+----+-----+------+-----+
    |grp_grayscale_Pipeline_VITIS_LOOP_7_1_fu_50  |grayscale_Pipeline_VITIS_LOOP_7_1  |        0|   2|  670|  1144|    0|
    +---------------------------------------------+-----------------------------------+---------+----+-----+------+-----+
    |Total                                        |                                   |        0|   2|  670|  1144|    0|
    +---------------------------------------------+-----------------------------------+---------+----+-----+------+-----+

    * DSP: 
    N/A

    * Memory: 
    N/A

    * FIFO: 
    N/A

    * Expression: 
    +-------------------+----------+----+---+----+------------+------------+
    |   Variable Name   | Operation| DSP| FF| LUT| Bitwidth P0| Bitwidth P1|
    +-------------------+----------+----+---+----+------------+------------+
    |empty_42_fu_79_p2  |         +|   0|  0|  71|          64|          64|
    |empty_fu_69_p2     |         -|   0|  0|  27|          20|          20|
    |ap_block_state1    |        or|   0|  0|   2|           1|           1|
    +-------------------+----------+----+---+----+------------+------------+
    |Total              |          |   0|  0| 100|          85|          85|
    +-------------------+----------+----+---+----+------------+------------+

    * Multiplexer: 
    +-----------+----+-----------+-----+-----------+
    |    Name   | LUT| Input Size| Bits| Total Bits|
    +-----------+----+-----------+-----+-----------+
    |ap_NS_fsm  |  20|          4|    1|          4|
    |ap_done    |   9|          2|    1|          2|
    +-----------+----+-----------+-----+-----------+
    |Total      |  29|          6|    2|          6|
    +-----------+----+-----------+-----+-----------+

    * Register: 
    +----------------------------------------------------------+----+----+-----+-----------+
    |                           Name                           | FF | LUT| Bits| Const Bits|
    +----------------------------------------------------------+----+----+-----+-----------+
    |ap_CS_fsm                                                 |   3|   0|    3|          0|
    |ap_done_reg                                               |   1|   0|    1|          0|
    |empty_42_reg_92                                           |  64|   0|   64|          0|
    |grp_grayscale_Pipeline_VITIS_LOOP_7_1_fu_50_ap_start_reg  |   1|   0|    1|          0|
    |p_read_5_reg_86                                           |  18|   0|   18|          0|
    +----------------------------------------------------------+----+----+-----+-----------+
    |Total                                                     |  87|   0|   87|          0|
    +----------------------------------------------------------+----+----+-----+-----------+



================================================================
== Interface
================================================================
* Summary: 
+--------------------------+-----+-----+------------+---------------+--------------+
|         RTL Ports        | Dir | Bits|  Protocol  | Source Object |    C Type    |
+--------------------------+-----+-----+------------+---------------+--------------+
|ap_clk                    |   in|    1|  ap_ctrl_hs|      grayscale|  return value|
|ap_rst                    |   in|    1|  ap_ctrl_hs|      grayscale|  return value|
|ap_start                  |   in|    1|  ap_ctrl_hs|      grayscale|  return value|
|ap_done                   |  out|    1|  ap_ctrl_hs|      grayscale|  return value|
|ap_continue               |   in|    1|  ap_ctrl_hs|      grayscale|  return value|
|ap_idle                   |  out|    1|  ap_ctrl_hs|      grayscale|  return value|
|ap_ready                  |  out|    1|  ap_ctrl_hs|      grayscale|  return value|
|p_read                    |   in|   18|     ap_none|         p_read|        scalar|
|m_axi_gmem_in_0_AWVALID   |  out|    1|       m_axi|        gmem_in|       pointer|
|m_axi_gmem_in_0_AWREADY   |   in|    1|       m_axi|        gmem_in|       pointer|
|m_axi_gmem_in_0_AWADDR    |  out|   64|       m_axi|        gmem_in|       pointer|
|m_axi_gmem_in_0_AWID      |  out|    1|       m_axi|        gmem_in|       pointer|
|m_axi_gmem_in_0_AWLEN     |  out|   32|       m_axi|        gmem_in|       pointer|
|m_axi_gmem_in_0_AWSIZE    |  out|    3|       m_axi|        gmem_in|       pointer|
|m_axi_gmem_in_0_AWBURST   |  out|    2|       m_axi|        gmem_in|       pointer|
|m_axi_gmem_in_0_AWLOCK    |  out|    2|       m_axi|        gmem_in|       pointer|
|m_axi_gmem_in_0_AWCACHE   |  out|    4|       m_axi|        gmem_in|       pointer|
|m_axi_gmem_in_0_AWPROT    |  out|    3|       m_axi|        gmem_in|       pointer|
|m_axi_gmem_in_0_AWQOS     |  out|    4|       m_axi|        gmem_in|       pointer|
|m_axi_gmem_in_0_AWREGION  |  out|    4|       m_axi|        gmem_in|       pointer|
|m_axi_gmem_in_0_AWUSER    |  out|    1|       m_axi|        gmem_in|       pointer|
|m_axi_gmem_in_0_WVALID    |  out|    1|       m_axi|        gmem_in|       pointer|
|m_axi_gmem_in_0_WREADY    |   in|    1|       m_axi|        gmem_in|       pointer|
|m_axi_gmem_in_0_WDATA     |  out|   32|       m_axi|        gmem_in|       pointer|
|m_axi_gmem_in_0_WSTRB     |  out|    4|       m_axi|        gmem_in|       pointer|
|m_axi_gmem_in_0_WLAST     |  out|    1|       m_axi|        gmem_in|       pointer|
|m_axi_gmem_in_0_WID       |  out|    1|       m_axi|        gmem_in|       pointer|
|m_axi_gmem_in_0_WUSER     |  out|    1|       m_axi|        gmem_in|       pointer|
|m_axi_gmem_in_0_ARVALID   |  out|    1|       m_axi|        gmem_in|       pointer|
|m_axi_gmem_in_0_ARREADY   |   in|    1|       m_axi|        gmem_in|       pointer|
|m_axi_gmem_in_0_ARADDR    |  out|   64|       m_axi|        gmem_in|       pointer|
|m_axi_gmem_in_0_ARID      |  out|    1|       m_axi|        gmem_in|       pointer|
|m_axi_gmem_in_0_ARLEN     |  out|   32|       m_axi|        gmem_in|       pointer|
|m_axi_gmem_in_0_ARSIZE    |  out|    3|       m_axi|        gmem_in|       pointer|
|m_axi_gmem_in_0_ARBURST   |  out|    2|       m_axi|        gmem_in|       pointer|
|m_axi_gmem_in_0_ARLOCK    |  out|    2|       m_axi|        gmem_in|       pointer|
|m_axi_gmem_in_0_ARCACHE   |  out|    4|       m_axi|        gmem_in|       pointer|
|m_axi_gmem_in_0_ARPROT    |  out|    3|       m_axi|        gmem_in|       pointer|
|m_axi_gmem_in_0_ARQOS     |  out|    4|       m_axi|        gmem_in|       pointer|
|m_axi_gmem_in_0_ARREGION  |  out|    4|       m_axi|        gmem_in|       pointer|
|m_axi_gmem_in_0_ARUSER    |  out|    1|       m_axi|        gmem_in|       pointer|
|m_axi_gmem_in_0_RVALID    |   in|    1|       m_axi|        gmem_in|       pointer|
|m_axi_gmem_in_0_RREADY    |  out|    1|       m_axi|        gmem_in|       pointer|
|m_axi_gmem_in_0_RDATA     |   in|   32|       m_axi|        gmem_in|       pointer|
|m_axi_gmem_in_0_RLAST     |   in|    1|       m_axi|        gmem_in|       pointer|
|m_axi_gmem_in_0_RID       |   in|    1|       m_axi|        gmem_in|       pointer|
|m_axi_gmem_in_0_RFIFONUM  |   in|    9|       m_axi|        gmem_in|       pointer|
|m_axi_gmem_in_0_RUSER     |   in|    1|       m_axi|        gmem_in|       pointer|
|m_axi_gmem_in_0_RRESP     |   in|    2|       m_axi|        gmem_in|       pointer|
|m_axi_gmem_in_0_BVALID    |   in|    1|       m_axi|        gmem_in|       pointer|
|m_axi_gmem_in_0_BREADY    |  out|    1|       m_axi|        gmem_in|       pointer|
|m_axi_gmem_in_0_BRESP     |   in|    2|       m_axi|        gmem_in|       pointer|
|m_axi_gmem_in_0_BID       |   in|    1|       m_axi|        gmem_in|       pointer|
|m_axi_gmem_in_0_BUSER     |   in|    1|       m_axi|        gmem_in|       pointer|
|in_r                      |   in|   64|     ap_none|           in_r|        scalar|
|out_grayscale_address0    |  out|    9|   ap_memory|  out_grayscale|         array|
|out_grayscale_ce0         |  out|    1|   ap_memory|  out_grayscale|         array|
|out_grayscale_we0         |  out|    1|   ap_memory|  out_grayscale|         array|
|out_grayscale_d0          |  out|    8|   ap_memory|  out_grayscale|         array|
+--------------------------+-----+-----+------------+---------------+--------------+

