

================================================================
== Vitis HLS Report for 'hysteresis'
================================================================
* Date:           Thu Jul 23 23:06:34 2026

* Version:        2025.2 (Build 6295257 on Nov 14 2025)
* Project:        canny_top
* Solution:       hls (Vitis Kernel Flow Target)
* Product family: zynquplus
* Target device:  xck26-sfvc784-2LV-c


================================================================
== Performance Estimates
================================================================
+ Timing: 
    * Summary: 
    +--------+---------+----------+------------+
    |  Clock |  Target | Estimated| Uncertainty|
    +--------+---------+----------+------------+
    |ap_clk  |  5.00 ns|  3.632 ns|     1.35 ns|
    +--------+---------+----------+------------+

+ Latency: 
    * Summary: 
    +---------+---------+----------+-----------+-----+------+---------+
    |  Latency (cycles) |  Latency (absolute)  |  Interval  | Pipeline|
    |   min   |   max   |    min   |    max    | min |  max |   Type  |
    +---------+---------+----------+-----------+-----+------+---------+
    |        1|     3141|  5.000 ns|  15.705 us|    1|  3141|       no|
    +---------+---------+----------+-----------+-----+------+---------+

    + Detail: 
        * Instance: 
        +------------------------------------------------+--------------------------------------+---------+---------+-----------+-----------+-----+-----+-------------------+
        |                                                |                                      |  Latency (cycles) |   Latency (absolute)  |  Interval |      Pipeline     |
        |                    Instance                    |                Module                |   min   |   max   |    min    |    max    | min | max |        Type       |
        +------------------------------------------------+--------------------------------------+---------+---------+-----------+-----------+-----+-----+-------------------+
        |grp_hysteresis_Pipeline_VITIS_LOOP_60_1_fu_73   |hysteresis_Pipeline_VITIS_LOOP_60_1   |      514|      514|   2.570 us|   2.570 us|    0|    0|  loop pipeline stp|
        |grp_hysteresis_Pipeline_VITIS_LOOP_108_2_fu_86  |hysteresis_Pipeline_VITIS_LOOP_108_2  |     2556|     2556|  12.780 us|  12.780 us|    0|    0|  loop pipeline stp|
        +------------------------------------------------+--------------------------------------+---------+---------+-----------+-----------+-----+-----+-------------------+

        * Loop: 
        N/A



================================================================
== Utilization Estimates
================================================================
* Summary: 
+-----------------+---------+------+--------+--------+-----+
|       Name      | BRAM_18K|  DSP |   FF   |   LUT  | URAM|
+-----------------+---------+------+--------+--------+-----+
|DSP              |        -|     -|       -|       -|    -|
|Expression       |        -|     -|       0|     199|    -|
|FIFO             |        -|     -|       -|       -|    -|
|Instance         |        -|     -|    1284|    1171|    -|
|Memory           |        2|     -|       0|       0|    0|
|Multiplexer      |        -|     -|       0|     561|    -|
|Register         |        -|     -|     149|       -|    -|
+-----------------+---------+------+--------+--------+-----+
|Total            |        2|     0|    1433|    1931|    0|
+-----------------+---------+------+--------+--------+-----+
|Available        |      288|  1248|  234240|  117120|   64|
+-----------------+---------+------+--------+--------+-----+
|Utilization (%)  |       ~0|     0|      ~0|       1|    0|
+-----------------+---------+------+--------+--------+-----+

+ Detail: 
    * Instance: 
    +------------------------------------------------+--------------------------------------+---------+----+-----+-----+-----+
    |                    Instance                    |                Module                | BRAM_18K| DSP|  FF | LUT | URAM|
    +------------------------------------------------+--------------------------------------+---------+----+-----+-----+-----+
    |grp_hysteresis_Pipeline_VITIS_LOOP_108_2_fu_86  |hysteresis_Pipeline_VITIS_LOOP_108_2  |        0|   0|  104|  404|    0|
    |grp_hysteresis_Pipeline_VITIS_LOOP_60_1_fu_73   |hysteresis_Pipeline_VITIS_LOOP_60_1   |        0|   0|   22|   73|    0|
    |srem_32ns_3ns_2_36_seq_1_U119                   |srem_32ns_3ns_2_36_seq_1              |        0|   0|  394|  238|    0|
    |urem_31ns_3ns_2_35_seq_1_U120                   |urem_31ns_3ns_2_35_seq_1              |        0|   0|  382|  228|    0|
    |urem_31ns_3ns_2_35_seq_1_U121                   |urem_31ns_3ns_2_35_seq_1              |        0|   0|  382|  228|    0|
    +------------------------------------------------+--------------------------------------+---------+----+-----+-----+-----+
    |Total                                           |                                      |        0|   0| 1284| 1171|    0|
    +------------------------------------------------+--------------------------------------+---------+----+-----+-----+-----+

    * DSP: 
    N/A

    * Memory: 
    +----------------------------------------+---------------------------------------------------------------+---------+---+----+-----+------+-----+------+-------------+
    |                 Memory                 |                             Module                            | BRAM_18K| FF| LUT| URAM| Words| Bits| Banks| W*Bits*Banks|
    +----------------------------------------+---------------------------------------------------------------+---------+---+----+-----+------+-----+------+-------------+
    |p_anonymous_namespace_lineBuffer_6_0_U  |hysteresis_p_anonymous_namespace_lineBuffer_6_0_RAM_AUTO_1R1W  |        1|  0|   0|    0|   768|    8|     1|         6144|
    |p_anonymous_namespace_lineBuffer_6_1_U  |hysteresis_p_anonymous_namespace_lineBuffer_6_0_RAM_AUTO_1R1W  |        1|  0|   0|    0|   768|    8|     1|         6144|
    +----------------------------------------+---------------------------------------------------------------+---------+---+----+-----+------+-----+------+-------------+
    |Total                                   |                                                               |        2|  0|   0|    0|  1536|   16|     2|        12288|
    +----------------------------------------+---------------------------------------------------------------+---------+---+----+-----+------+-----+------+-------------+

    * FIFO: 
    N/A

    * Expression: 
    +----------------------------------+----------+----+---+----+------------+------------+
    |           Variable Name          | Operation| DSP| FF| LUT| Bitwidth P0| Bitwidth P1|
    +----------------------------------+----------+----+---+----+------------+------------+
    |add_ln86_fu_176_p2                |         +|   0|  0|  39|          32|           1|
    |grp_fu_154_p0                     |         +|   0|  0|  38|          31|           3|
    |outputRow_fu_134_p2               |         +|   0|  0|  39|          32|           2|
    |ap_block_state72_on_subcall_done  |       and|   0|  0|   2|           1|           1|
    |ap_predicate_op197_call_state72   |       and|   0|  0|   2|           1|           1|
    |icmp_ln69_fu_123_p2               |      icmp|   0|  0|  38|          31|           1|
    |icmp_ln84_fu_143_p2               |      icmp|   0|  0|  39|          32|           9|
    |ap_block_state1                   |        or|   0|  0|   2|           1|           1|
    +----------------------------------+----------+----+---+----+------------+------------+
    |Total                             |          |   0|  0| 199|         161|          19|
    +----------------------------------+----------+----+---+----+------------+------------+

    * Multiplexer: 
    +------------------------------------------------+-----+-----------+-----+-----------+
    |                      Name                      | LUT | Input Size| Bits| Total Bits|
    +------------------------------------------------+-----+-----------+-----+-----------+
    |ap_NS_fsm                                       |  377|         73|    1|         73|
    |ap_done                                         |    9|          2|    1|          2|
    |ap_phi_mux_hysteresis_valid_1_phi_fu_50_p6      |    9|          2|    1|          2|
    |ap_phi_mux_valid_out_write_assign_phi_fu_65_p4  |    9|          2|    1|          2|
    |out_hysteresis_address0                         |   14|          3|    9|         27|
    |out_hysteresis_ce0                              |   14|          3|    1|          3|
    |out_hysteresis_d0                               |   14|          3|    2|          6|
    |out_hysteresis_we0                              |   14|          3|    1|          3|
    |p_anonymous_namespace_lineBuffer_6_0_address0   |   14|          3|   10|         30|
    |p_anonymous_namespace_lineBuffer_6_0_ce0        |   14|          3|    1|          3|
    |p_anonymous_namespace_lineBuffer_6_0_ce1        |    9|          2|    1|          2|
    |p_anonymous_namespace_lineBuffer_6_0_we0        |    9|          2|    1|          2|
    |p_anonymous_namespace_lineBuffer_6_1_address0   |   14|          3|   10|         30|
    |p_anonymous_namespace_lineBuffer_6_1_ce0        |   14|          3|    1|          3|
    |p_anonymous_namespace_lineBuffer_6_1_ce1        |    9|          2|    1|          2|
    |p_anonymous_namespace_lineBuffer_6_1_we0        |    9|          2|    1|          2|
    |valid_out_write_assign_reg_61                   |    9|          2|    1|          2|
    +------------------------------------------------+-----+-----------+-----+-----------+
    |Total                                           |  561|        113|   44|        194|
    +------------------------------------------------+-----+-----------+-----+-----------+

    * Register: 
    +-------------------------------------------------------------+----+----+-----+-----------+
    |                             Name                            | FF | LUT| Bits| Const Bits|
    +-------------------------------------------------------------+----+----+-----+-----------+
    |ap_CS_fsm                                                    |  72|   0|   72|          0|
    |ap_done_reg                                                  |   1|   0|    1|          0|
    |grp_hysteresis_Pipeline_VITIS_LOOP_108_2_fu_86_ap_start_reg  |   1|   0|    1|          0|
    |grp_hysteresis_Pipeline_VITIS_LOOP_60_1_fu_73_ap_start_reg   |   1|   0|    1|          0|
    |hysteresis_valid_1_reg_46                                    |   1|   0|    1|          0|
    |icmp_ln69_reg_199                                            |   1|   0|    1|          0|
    |icmp_ln84_reg_214                                            |   1|   0|    1|          0|
    |p_anonymous_namespace_rowsReceived_1                         |  32|   0|   32|          0|
    |p_read_4_reg_187                                             |   1|   0|    1|          0|
    |trunc_ln13_2_reg_228                                         |   2|   0|    2|          0|
    |trunc_ln13_reg_223                                           |   2|   0|    2|          0|
    |trunc_ln57_reg_203                                           |   2|   0|    2|          0|
    |trunc_ln58_reg_194                                           |  31|   0|   31|          0|
    |valid_out_write_assign_reg_61                                |   1|   0|    1|          0|
    +-------------------------------------------------------------+----+----+-----+-----------+
    |Total                                                        | 149|   0|  149|          0|
    +-------------------------------------------------------------+----+----+-----+-----------+



================================================================
== Interface
================================================================
* Summary: 
+-------------------------+-----+-----+------------+----------------+--------------+
|        RTL Ports        | Dir | Bits|  Protocol  |  Source Object |    C Type    |
+-------------------------+-----+-----+------------+----------------+--------------+
|ap_clk                   |   in|    1|  ap_ctrl_hs|      hysteresis|  return value|
|ap_rst                   |   in|    1|  ap_ctrl_hs|      hysteresis|  return value|
|ap_start                 |   in|    1|  ap_ctrl_hs|      hysteresis|  return value|
|ap_done                  |  out|    1|  ap_ctrl_hs|      hysteresis|  return value|
|ap_continue              |   in|    1|  ap_ctrl_hs|      hysteresis|  return value|
|ap_idle                  |  out|    1|  ap_ctrl_hs|      hysteresis|  return value|
|ap_ready                 |  out|    1|  ap_ctrl_hs|      hysteresis|  return value|
|ap_return                |  out|    1|  ap_ctrl_hs|      hysteresis|  return value|
|p_read                   |   in|    1|     ap_none|          p_read|        scalar|
|out_double_address0      |  out|    9|   ap_memory|      out_double|         array|
|out_double_ce0           |  out|    1|   ap_memory|      out_double|         array|
|out_double_q0            |   in|    8|   ap_memory|      out_double|         array|
|out_hysteresis_address0  |  out|    9|   ap_memory|  out_hysteresis|         array|
|out_hysteresis_ce0       |  out|    1|   ap_memory|  out_hysteresis|         array|
|out_hysteresis_we0       |  out|    1|   ap_memory|  out_hysteresis|         array|
|out_hysteresis_d0        |  out|    2|   ap_memory|  out_hysteresis|         array|
+-------------------------+-----+-----+------------+----------------+--------------+

