

================================================================
== Vitis HLS Report for 'hysteresis_2_Pipeline_VITIS_LOOP_154_4'
================================================================
* Date:           Thu Jul 30 19:40:46 2026

* Version:        2025.2 (Build 6295257 on Nov 14 2025)
* Project:        canny_top
* Solution:       hls (Vitis Kernel Flow Target)
* Product family: zynquplus
* Target device:  xck26-sfvc784-2LV-c


================================================================
== Performance Estimates
================================================================
+ Timing: 
    * Summary: 
    +--------+---------+----------+------------+
    |  Clock |  Target | Estimated| Uncertainty|
    +--------+---------+----------+------------+
    |ap_clk  |  5.00 ns|  2.838 ns|     1.35 ns|
    +--------+---------+----------+------------+

+ Latency: 
    * Summary: 
    +---------+---------+----------+----------+-----+-----+-------------------+
    |  Latency (cycles) |  Latency (absolute) |  Interval |      Pipeline     |
    |   min   |   max   |    min   |    max   | min | max |        Type       |
    +---------+---------+----------+----------+-----+-----+-------------------+
    |      515|      515|  2.575 us|  2.575 us|    0|    0|  loop pipeline stp|
    +---------+---------+----------+----------+-----+-----+-------------------+

    + Detail: 
        * Instance: 
        N/A

        * Loop: 
        +--------------------+---------+---------+----------+-----------+-----------+------+----------+
        |                    |  Latency (cycles) | Iteration|  Initiation Interval  | Trip |          |
        |      Loop Name     |   min   |   max   |  Latency |  achieved |   target  | Count| Pipelined|
        +--------------------+---------+---------+----------+-----------+-----------+------+----------+
        |- VITIS_LOOP_154_4  |      513|      513|         2|          1|          1|   512|       yes|
        +--------------------+---------+---------+----------+-----------+-----------+------+----------+



================================================================
== Utilization Estimates
================================================================
* Summary: 
+-----------------+---------+------+--------+--------+-----+
|       Name      | BRAM_18K|  DSP |   FF   |   LUT  | URAM|
+-----------------+---------+------+--------+--------+-----+
|DSP              |        -|     -|       -|       -|    -|
|Expression       |        -|     -|       0|     325|    -|
|FIFO             |        -|     -|       -|       -|    -|
|Instance         |        -|     -|       0|      27|    -|
|Memory           |        -|     -|       -|       -|    -|
|Multiplexer      |        -|     -|       0|     163|    -|
|Register         |        -|     -|      99|       -|    -|
+-----------------+---------+------+--------+--------+-----+
|Total            |        0|     0|      99|     515|    0|
+-----------------+---------+------+--------+--------+-----+
|Available        |      288|  1248|  234240|  117120|   64|
+-----------------+---------+------+--------+--------+-----+
|Utilization (%)  |        0|     0|      ~0|      ~0|    0|
+-----------------+---------+------+--------+--------+-----+

+ Detail: 
    * Instance: 
    +----------------------------+-----------------------+---------+----+---+----+-----+
    |          Instance          |         Module        | BRAM_18K| DSP| FF| LUT| URAM|
    +----------------------------+-----------------------+---------+----+---+----+-----+
    |sparsemux_7_2_8_1_1_U249    |sparsemux_7_2_8_1_1    |        0|   0|  0|   9|    0|
    |sparsemux_7_2_8_1_1_U251    |sparsemux_7_2_8_1_1    |        0|   0|  0|   9|    0|
    |sparsemux_7_2_8_1_1_x_U250  |sparsemux_7_2_8_1_1_x  |        0|   0|  0|   9|    0|
    +----------------------------+-----------------------+---------+----+---+----+-----+
    |Total                       |                       |        0|   0|  0|  27|    0|
    +----------------------------+-----------------------+---------+----+---+----+-----+

    * DSP: 
    N/A

    * Memory: 
    N/A

    * FIFO: 
    N/A

    * Expression: 
    +----------------------+----------+----+---+----+------------+------------+
    |     Variable Name    | Operation| DSP| FF| LUT| Bitwidth P0| Bitwidth P1|
    +----------------------+----------+----+---+----+------------+------------+
    |add_ln154_fu_345_p2   |         +|   0|  0|  17|          10|           1|
    |add_ln184_fu_359_p2   |         +|   0|  0|  17|          10|           2|
    |and_ln43_3_fu_456_p2  |       and|   0|  0|   2|           1|           1|
    |and_ln43_fu_450_p2    |       and|   0|  0|   2|           1|           1|
    |and_ln44_5_fu_482_p2  |       and|   0|  0|   2|           1|           1|
    |and_ln44_6_fu_506_p2  |       and|   0|  0|   2|           1|           1|
    |and_ln44_fu_476_p2    |       and|   0|  0|   2|           1|           1|
    |and_ln48_fu_524_p2    |       and|   0|  0|   2|           1|           1|
    |and_ln50_3_fu_555_p2  |       and|   0|  0|   2|           1|           1|
    |and_ln50_fu_550_p2    |       and|   0|  0|   2|           1|           1|
    |ap_condition_114      |       and|   0|  0|   2|           1|           1|
    |ap_condition_205      |       and|   0|  0|   2|           1|           1|
    |grp_fu_269_p2         |      icmp|   0|  0|  15|           8|           2|
    |hasBottom_fu_274_p2   |      icmp|   0|  0|  38|          31|           9|
    |hasLeft_fu_423_p2     |      icmp|   0|  0|  17|          10|           1|
    |hasRight_fu_428_p2    |      icmp|   0|  0|  17|          10|           9|
    |hasTop_fu_280_p2      |      icmp|   0|  0|  38|          31|           1|
    |icmp_ln154_fu_339_p2  |      icmp|   0|  0|  18|          10|          11|
    |icmp_ln43_fu_444_p2   |      icmp|   0|  0|  15|           8|           2|
    |icmp_ln44_fu_494_p2   |      icmp|   0|  0|  15|           8|           2|
    |icmp_ln45_fu_500_p2   |      icmp|   0|  0|  15|           8|           2|
    |icmp_ln46_fu_464_p2   |      icmp|   0|  0|  15|           8|           2|
    |icmp_ln47_fu_470_p2   |      icmp|   0|  0|  15|           8|           2|
    |icmp_ln48_fu_532_p2   |      icmp|   0|  0|  15|           8|           2|
    |icmp_ln50_fu_544_p2   |      icmp|   0|  0|  15|           8|           2|
    |ap_condition_161      |        or|   0|  0|   2|           1|           1|
    |ap_condition_194      |        or|   0|  0|   2|           1|           1|
    |or_ln44_5_fu_512_p2   |        or|   0|  0|   2|           1|           1|
    |or_ln44_6_fu_518_p2   |        or|   0|  0|   2|           1|           1|
    |or_ln44_fu_488_p2     |        or|   0|  0|   2|           1|           1|
    |or_ln48_fu_538_p2     |        or|   0|  0|   2|           1|           1|
    |nextColumn_fu_377_p3  |    select|   0|  0|   9|           1|           2|
    |ap_enable_pp0         |       xor|   0|  0|   2|           1|           2|
    +----------------------+----------+----+---+----+------------+------------+
    |Total                 |          |   0|  0| 325|         194|          70|
    +----------------------+----------+----+---+----+------------+------------+

    * Multiplexer: 
    +----------------------------------+----+-----------+-----+-----------+
    |               Name               | LUT| Input Size| Bits| Total Bits|
    +----------------------------------+----+-----------+-----+-----------+
    |ap_done_int                       |   9|          2|    1|          2|
    |ap_loop_exit_ready_pp0_iter1_reg  |   9|          2|    1|          2|
    |ap_sig_allocacmp_column           |   9|          2|   10|         20|
    |centre_fu_106                     |   9|          2|    8|         16|
    |column_5_fu_90                    |   9|          2|   10|         20|
    |empty_62_fu_98                    |   9|          2|    8|         16|
    |empty_63_fu_102                   |   9|          2|    8|         16|
    |empty_64_fu_110                   |   9|          2|    8|         16|
    |empty_65_fu_114                   |   9|          2|    8|         16|
    |empty_66_fu_118                   |   9|          2|    8|         16|
    |empty_67_fu_122                   |   9|          2|    8|         16|
    |empty_68_fu_126                   |   9|          2|    8|         16|
    |empty_fu_94                       |   9|          2|    8|         16|
    |out_hysteresis2_address0_local    |  26|          5|    9|         45|
    |out_hysteresis2_d0_local          |  20|          4|    8|         32|
    +----------------------------------+----+-----------+-----+-----------+
    |Total                             | 163|         35|  111|        265|
    +----------------------------------+----+-----------+-----+-----------+

    * Register: 
    +----------------------------------+----+----+-----+-----------+
    |               Name               | FF | LUT| Bits| Const Bits|
    +----------------------------------+----+----+-----+-----------+
    |ap_CS_fsm                         |   1|   0|    1|          0|
    |ap_done_reg                       |   1|   0|    1|          0|
    |ap_enable_reg_pp0_iter1           |   1|   0|    1|          0|
    |ap_loop_exit_ready_pp0_iter1_reg  |   1|   0|    1|          0|
    |centre_fu_106                     |   8|   0|    8|          0|
    |column_5_fu_90                    |  10|   0|   10|          0|
    |column_reg_759                    |  10|   0|   10|          0|
    |empty_62_fu_98                    |   8|   0|    8|          0|
    |empty_63_fu_102                   |   8|   0|    8|          0|
    |empty_64_fu_110                   |   8|   0|    8|          0|
    |empty_65_fu_114                   |   8|   0|    8|          0|
    |empty_66_fu_118                   |   8|   0|    8|          0|
    |empty_67_fu_122                   |   8|   0|    8|          0|
    |empty_68_fu_126                   |   8|   0|    8|          0|
    |empty_fu_94                       |   8|   0|    8|          0|
    |hasBottom_reg_748                 |   1|   0|    1|          0|
    |hasTop_reg_754                    |   1|   0|    1|          0|
    |icmp_ln154_reg_766                |   1|   0|    1|          0|
    +----------------------------------+----+----+-----+-----------+
    |Total                             |  99|   0|   99|          0|
    +----------------------------------+----+----+-----+-----------+



================================================================
== Interface
================================================================
* Summary: 
+-------------------------------------------------+-----+-----+------------+-----------------------------------------+--------------+
|                    RTL Ports                    | Dir | Bits|  Protocol  |              Source Object              |    C Type    |
+-------------------------------------------------+-----+-----+------------+-----------------------------------------+--------------+
|ap_clk                                           |   in|    1|  ap_ctrl_hs|  hysteresis<2>_Pipeline_VITIS_LOOP_154_4|  return value|
|ap_rst                                           |   in|    1|  ap_ctrl_hs|  hysteresis<2>_Pipeline_VITIS_LOOP_154_4|  return value|
|ap_start                                         |   in|    1|  ap_ctrl_hs|  hysteresis<2>_Pipeline_VITIS_LOOP_154_4|  return value|
|ap_done                                          |  out|    1|  ap_ctrl_hs|  hysteresis<2>_Pipeline_VITIS_LOOP_154_4|  return value|
|ap_idle                                          |  out|    1|  ap_ctrl_hs|  hysteresis<2>_Pipeline_VITIS_LOOP_154_4|  return value|
|ap_ready                                         |  out|    1|  ap_ctrl_hs|  hysteresis<2>_Pipeline_VITIS_LOOP_154_4|  return value|
|tmp_28                                           |   in|    8|     ap_none|                                   tmp_28|        scalar|
|tmp_25                                           |   in|    8|     ap_none|                                   tmp_25|        scalar|
|tmp_27                                           |   in|    8|     ap_none|                                   tmp_27|        scalar|
|tmp_s                                            |   in|    8|     ap_none|                                    tmp_s|        scalar|
|tmp_26                                           |   in|    8|     ap_none|                                   tmp_26|        scalar|
|tmp                                              |   in|    8|     ap_none|                                      tmp|        scalar|
|outputRow                                        |   in|   31|     ap_none|                                outputRow|        scalar|
|select_ln18                                      |   in|    2|     ap_none|                              select_ln18|        scalar|
|p_smodpost                                       |   in|    2|     ap_none|                               p_smodpost|        scalar|
|select_ln18_3                                    |   in|    2|     ap_none|                            select_ln18_3|        scalar|
|out_hysteresis2_address0                         |  out|    9|   ap_memory|                          out_hysteresis2|         array|
|out_hysteresis2_ce0                              |  out|    1|   ap_memory|                          out_hysteresis2|         array|
|out_hysteresis2_we0                              |  out|    1|   ap_memory|                          out_hysteresis2|         array|
|out_hysteresis2_d0                               |  out|    8|   ap_memory|                          out_hysteresis2|         array|
|p_ZN12_GLOBAL_N_110lineBufferILi2EEE_0_address0  |  out|    9|   ap_memory|   p_ZN12_GLOBAL_N_110lineBufferILi2EEE_0|         array|
|p_ZN12_GLOBAL_N_110lineBufferILi2EEE_0_ce0       |  out|    1|   ap_memory|   p_ZN12_GLOBAL_N_110lineBufferILi2EEE_0|         array|
|p_ZN12_GLOBAL_N_110lineBufferILi2EEE_0_q0        |   in|    8|   ap_memory|   p_ZN12_GLOBAL_N_110lineBufferILi2EEE_0|         array|
|p_ZN12_GLOBAL_N_110lineBufferILi2EEE_1_address0  |  out|    9|   ap_memory|   p_ZN12_GLOBAL_N_110lineBufferILi2EEE_1|         array|
|p_ZN12_GLOBAL_N_110lineBufferILi2EEE_1_ce0       |  out|    1|   ap_memory|   p_ZN12_GLOBAL_N_110lineBufferILi2EEE_1|         array|
|p_ZN12_GLOBAL_N_110lineBufferILi2EEE_1_q0        |   in|    8|   ap_memory|   p_ZN12_GLOBAL_N_110lineBufferILi2EEE_1|         array|
|p_ZN12_GLOBAL_N_110lineBufferILi2EEE_2_address0  |  out|    9|   ap_memory|   p_ZN12_GLOBAL_N_110lineBufferILi2EEE_2|         array|
|p_ZN12_GLOBAL_N_110lineBufferILi2EEE_2_ce0       |  out|    1|   ap_memory|   p_ZN12_GLOBAL_N_110lineBufferILi2EEE_2|         array|
|p_ZN12_GLOBAL_N_110lineBufferILi2EEE_2_q0        |   in|    8|   ap_memory|   p_ZN12_GLOBAL_N_110lineBufferILi2EEE_2|         array|
+-------------------------------------------------+-----+-----+------------+-----------------------------------------+--------------+

