

================================================================
== Vitis HLS Report for 'hysteresis_1_Pipeline_VITIS_LOOP_143_5'
================================================================
* Date:           Sat Aug  1 15:48:52 2026

* Version:        2025.2 (Build 6295257 on Nov 14 2025)
* Project:        canny_top
* Solution:       hls (Vitis Kernel Flow Target)
* Product family: zynquplus
* Target device:  xck26-sfvc784-2LV-c


================================================================
== Performance Estimates
================================================================
+ Timing: 
    * Summary: 
    +--------+---------+----------+------------+
    |  Clock |  Target | Estimated| Uncertainty|
    +--------+---------+----------+------------+
    |ap_clk  |  5.00 ns|  2.849 ns|     1.35 ns|
    +--------+---------+----------+------------+

+ Latency: 
    * Summary: 
    +---------+---------+----------+----------+-----+-----+-------------------+
    |  Latency (cycles) |  Latency (absolute) |  Interval |      Pipeline     |
    |   min   |   max   |    min   |    max   | min | max |        Type       |
    +---------+---------+----------+----------+-----+-----+-------------------+
    |      515|      515|  2.575 us|  2.575 us|    0|    0|  loop pipeline stp|
    +---------+---------+----------+----------+-----+-----+-------------------+

    + Detail: 
        * Instance: 
        N/A

        * Loop: 
        +--------------------+---------+---------+----------+-----------+-----------+------+----------+
        |                    |  Latency (cycles) | Iteration|  Initiation Interval  | Trip |          |
        |      Loop Name     |   min   |   max   |  Latency |  achieved |   target  | Count| Pipelined|
        +--------------------+---------+---------+----------+-----------+-----------+------+----------+
        |- VITIS_LOOP_143_5  |      513|      513|         3|          1|          1|   512|       yes|
        +--------------------+---------+---------+----------+-----------+-----------+------+----------+



================================================================
== Utilization Estimates
================================================================
* Summary: 
+-----------------+---------+------+--------+--------+-----+
|       Name      | BRAM_18K|  DSP |   FF   |   LUT  | URAM|
+-----------------+---------+------+--------+--------+-----+
|DSP              |        -|     -|       -|       -|    -|
|Expression       |        -|     -|       0|     335|    -|
|FIFO             |        -|     -|       -|       -|    -|
|Instance         |        -|     -|       0|      36|    -|
|Memory           |        -|     -|       -|       -|    -|
|Multiplexer      |        -|     -|       0|     126|    -|
|Register         |        -|     -|      94|       -|    -|
+-----------------+---------+------+--------+--------+-----+
|Total            |        0|     0|      94|     497|    0|
+-----------------+---------+------+--------+--------+-----+
|Available        |      288|  1248|  234240|  117120|   64|
+-----------------+---------+------+--------+--------+-----+
|Utilization (%)  |        0|     0|      ~0|      ~0|    0|
+-----------------+---------+------+--------+--------+-----+

+ Detail: 
    * Instance: 
    +----------------------------+-----------------------+---------+----+---+----+-----+
    |          Instance          |         Module        | BRAM_18K| DSP| FF| LUT| URAM|
    +----------------------------+-----------------------+---------+----+---+----+-----+
    |sparsemux_7_2_8_1_1_U225    |sparsemux_7_2_8_1_1    |        0|   0|  0|   9|    0|
    |sparsemux_7_2_8_1_1_U226    |sparsemux_7_2_8_1_1    |        0|   0|  0|   9|    0|
    |sparsemux_7_2_8_1_1_U227    |sparsemux_7_2_8_1_1    |        0|   0|  0|   9|    0|
    |sparsemux_7_2_8_1_1_x_U228  |sparsemux_7_2_8_1_1_x  |        0|   0|  0|   9|    0|
    +----------------------------+-----------------------+---------+----+---+----+-----+
    |Total                       |                       |        0|   0|  0|  36|    0|
    +----------------------------+-----------------------+---------+----+---+----+-----+

    * DSP: 
    N/A

    * Memory: 
    N/A

    * FIFO: 
    N/A

    * Expression: 
    +--------------------------------+----------+----+---+----+------------+------------+
    |          Variable Name         | Operation| DSP| FF| LUT| Bitwidth P0| Bitwidth P1|
    +--------------------------------+----------+----+---+----+------------+------------+
    |add_ln177_fu_319_p2             |         +|   0|  0|  17|          10|           2|
    |column_12_fu_301_p2             |         +|   0|  0|  17|          10|           1|
    |and_ln153_fu_697_p2             |       and|   0|  0|   2|           1|           1|
    |and_ln37_fu_390_p2              |       and|   0|  0|   2|           1|           1|
    |and_ln38_7_fu_412_p2            |       and|   0|  0|   2|           1|           1|
    |and_ln38_8_fu_435_p2            |       and|   0|  0|   2|           1|           1|
    |and_ln38_9_fu_513_p2            |       and|   0|  0|   2|           1|           1|
    |and_ln38_fu_407_p2              |       and|   0|  0|   2|           1|           1|
    |and_ln42_fu_452_p2              |       and|   0|  0|   2|           1|           1|
    |and_ln43_fu_543_p2              |       and|   0|  0|   2|           1|           1|
    |and_ln44_14_fu_531_p2           |       and|   0|  0|   2|           1|           1|
    |and_ln44_15_fu_555_p2           |       and|   0|  0|   2|           1|           1|
    |and_ln44_16_fu_566_p2           |       and|   0|  0|   2|           1|           1|
    |and_ln44_17_fu_589_p2           |       and|   0|  0|   2|           1|           1|
    |and_ln44_4_fu_479_p2            |       and|   0|  0|   2|           1|           1|
    |and_ln44_fu_474_p2              |       and|   0|  0|   2|           1|           1|
    |ap_block_pp0_stage0_01001_grp1  |       and|   0|  0|   2|           1|           1|
    |hasLeft_fu_307_p2               |      icmp|   0|  0|  17|          10|           1|
    |hasRight_fu_313_p2              |      icmp|   0|  0|  17|          10|           9|
    |icmp_ln143_fu_295_p2            |      icmp|   0|  0|  18|          10|          11|
    |icmp_ln153_10_fu_502_p2         |      icmp|   0|  0|  16|           8|           9|
    |icmp_ln153_8_fu_490_p2          |      icmp|   0|  0|  16|           8|           9|
    |icmp_ln153_9_fu_496_p2          |      icmp|   0|  0|  15|           8|           2|
    |icmp_ln153_fu_484_p2            |      icmp|   0|  0|  15|           8|           2|
    |icmp_ln37_fu_384_p2             |      icmp|   0|  0|  15|           8|           2|
    |icmp_ln38_fu_423_p2             |      icmp|   0|  0|  15|           8|           2|
    |icmp_ln39_fu_429_p2             |      icmp|   0|  0|  15|           8|           2|
    |icmp_ln40_fu_395_p2             |      icmp|   0|  0|  15|           8|           2|
    |icmp_ln41_fu_401_p2             |      icmp|   0|  0|  15|           8|           2|
    |icmp_ln42_fu_456_p2             |      icmp|   0|  0|  15|           8|           2|
    |icmp_ln43_fu_462_p2             |      icmp|   0|  0|  15|           8|           2|
    |icmp_ln44_fu_468_p2             |      icmp|   0|  0|  15|           8|           2|
    |or_ln38_7_fu_440_p2             |        or|   0|  0|   2|           1|           1|
    |or_ln38_8_fu_446_p2             |        or|   0|  0|   2|           1|           1|
    |or_ln38_fu_417_p2               |        or|   0|  0|   2|           1|           1|
    |or_ln44_21_fu_525_p2            |        or|   0|  0|   2|           1|           1|
    |or_ln44_22_fu_549_p2            |        or|   0|  0|   2|           1|           1|
    |or_ln44_23_fu_560_p2            |        or|   0|  0|   2|           1|           1|
    |or_ln44_24_fu_571_p2            |        or|   0|  0|   2|           1|           1|
    |or_ln44_25_fu_577_p2            |        or|   0|  0|   2|           1|           1|
    |or_ln44_26_fu_583_p2            |        or|   0|  0|   2|           1|           1|
    |or_ln44_27_fu_701_p2            |        or|   0|  0|   2|           1|           1|
    |or_ln44_fu_519_p2               |        or|   0|  0|   2|           1|           1|
    |nextColumn_fu_337_p3            |    select|   0|  0|   9|           1|           2|
    |ap_enable_pp0                   |       xor|   0|  0|   2|           1|           2|
    |xor_ln42_fu_537_p2              |       xor|   0|  0|   2|           2|           1|
    |xor_ln91_fu_508_p2              |       xor|   0|  0|   2|           1|           2|
    +--------------------------------+----------+----+---+----+------------+------------+
    |Total                           |          |   0|  0| 335|         177|          95|
    +--------------------------------+----------+----+---+----+------------+------------+

    * Multiplexer: 
    +-------------------------+----+-----------+-----+-----------+
    |           Name          | LUT| Input Size| Bits| Total Bits|
    +-------------------------+----+-----------+-----+-----------+
    |ap_done_int              |   9|          2|    1|          2|
    |ap_enable_reg_pp0_iter2  |   9|          2|    1|          2|
    |ap_sig_allocacmp_column  |   9|          2|   10|         20|
    |centre_fu_112            |   9|          2|    8|         16|
    |column_11_fu_96          |   9|          2|   10|         20|
    |empty_83_fu_100          |   9|          2|    8|         16|
    |empty_84_fu_104          |   9|          2|    8|         16|
    |empty_85_fu_108          |   9|          2|    8|         16|
    |empty_86_fu_116          |   9|          2|    8|         16|
    |empty_87_fu_120          |   9|          2|    8|         16|
    |empty_88_fu_124          |   9|          2|    8|         16|
    |empty_89_fu_128          |   9|          2|    8|         16|
    |empty_90_fu_132          |   9|          2|    8|         16|
    |hyst1_out_blk_n          |   9|          2|    1|          2|
    +-------------------------+----+-----------+-----+-----------+
    |Total                    | 126|         28|   95|        190|
    +-------------------------+----+-----------+-----+-----------+

    * Register: 
    +----------------------------------+----+----+-----+-----------+
    |               Name               | FF | LUT| Bits| Const Bits|
    +----------------------------------+----+----+-----+-----------+
    |and_ln44_17_reg_876               |   1|   0|    1|          0|
    |ap_CS_fsm                         |   1|   0|    1|          0|
    |ap_done_reg                       |   1|   0|    1|          0|
    |ap_enable_reg_pp0_iter1           |   1|   0|    1|          0|
    |ap_enable_reg_pp0_iter2           |   1|   0|    1|          0|
    |ap_loop_exit_ready_pp0_iter1_reg  |   1|   0|    1|          0|
    |centre_fu_112                     |   8|   0|    8|          0|
    |column_11_fu_96                   |  10|   0|   10|          0|
    |empty_83_fu_100                   |   8|   0|    8|          0|
    |empty_84_fu_104                   |   8|   0|    8|          0|
    |empty_85_fu_108                   |   8|   0|    8|          0|
    |empty_86_fu_116                   |   8|   0|    8|          0|
    |empty_87_fu_120                   |   8|   0|    8|          0|
    |empty_88_fu_124                   |   8|   0|    8|          0|
    |empty_89_fu_128                   |   8|   0|    8|          0|
    |empty_90_fu_132                   |   8|   0|    8|          0|
    |hasLeft_reg_832                   |   1|   0|    1|          0|
    |hasRight_reg_839                  |   1|   0|    1|          0|
    |icmp_ln143_reg_828                |   1|   0|    1|          0|
    |icmp_ln153_8_reg_866              |   1|   0|    1|          0|
    |icmp_ln153_9_reg_871              |   1|   0|    1|          0|
    |icmp_ln153_reg_861                |   1|   0|    1|          0|
    +----------------------------------+----+----+-----+-----------+
    |Total                             |  94|   0|   94|          0|
    +----------------------------------+----+----+-----+-----------+



================================================================
== Interface
================================================================
* Summary: 
+--------------------------+-----+-----+------------+-----------------------------------------+--------------+
|         RTL Ports        | Dir | Bits|  Protocol  |              Source Object              |    C Type    |
+--------------------------+-----+-----+------------+-----------------------------------------+--------------+
|ap_clk                    |   in|    1|  ap_ctrl_hs|  hysteresis<1>_Pipeline_VITIS_LOOP_143_5|  return value|
|ap_rst                    |   in|    1|  ap_ctrl_hs|  hysteresis<1>_Pipeline_VITIS_LOOP_143_5|  return value|
|ap_start                  |   in|    1|  ap_ctrl_hs|  hysteresis<1>_Pipeline_VITIS_LOOP_143_5|  return value|
|ap_done                   |  out|    1|  ap_ctrl_hs|  hysteresis<1>_Pipeline_VITIS_LOOP_143_5|  return value|
|ap_idle                   |  out|    1|  ap_ctrl_hs|  hysteresis<1>_Pipeline_VITIS_LOOP_143_5|  return value|
|ap_ready                  |  out|    1|  ap_ctrl_hs|  hysteresis<1>_Pipeline_VITIS_LOOP_143_5|  return value|
|hyst1_out_din             |  out|    8|     ap_fifo|                                hyst1_out|       pointer|
|hyst1_out_full_n          |   in|    1|     ap_fifo|                                hyst1_out|       pointer|
|hyst1_out_write           |  out|    1|     ap_fifo|                                hyst1_out|       pointer|
|hyst1_out_num_data_valid  |   in|   32|     ap_fifo|                                hyst1_out|       pointer|
|hyst1_out_fifo_cap        |   in|   32|     ap_fifo|                                hyst1_out|       pointer|
|tmp_36                    |   in|    8|     ap_none|                                   tmp_36|        scalar|
|tmp_33                    |   in|    8|     ap_none|                                   tmp_33|        scalar|
|tmp_35                    |   in|    8|     ap_none|                                   tmp_35|        scalar|
|tmp_s                     |   in|    8|     ap_none|                                    tmp_s|        scalar|
|tmp_34                    |   in|    8|     ap_none|                                   tmp_34|        scalar|
|tmp                       |   in|    8|     ap_none|                                      tmp|        scalar|
|hasBottom                 |   in|    1|     ap_none|                                hasBottom|        scalar|
|hasTop                    |   in|    1|     ap_none|                                   hasTop|        scalar|
|buffer_r_address0         |  out|    9|   ap_memory|                                 buffer_r|         array|
|buffer_r_ce0              |  out|    1|   ap_memory|                                 buffer_r|         array|
|buffer_r_q0               |   in|    8|   ap_memory|                                 buffer_r|         array|
|buffer_1_address0         |  out|    9|   ap_memory|                                 buffer_1|         array|
|buffer_1_ce0              |  out|    1|   ap_memory|                                 buffer_1|         array|
|buffer_1_q0               |   in|    8|   ap_memory|                                 buffer_1|         array|
|buffer_2_address0         |  out|    9|   ap_memory|                                 buffer_2|         array|
|buffer_2_ce0              |  out|    1|   ap_memory|                                 buffer_2|         array|
|buffer_2_q0               |   in|    8|   ap_memory|                                 buffer_2|         array|
|select_ln12               |   in|    2|     ap_none|                              select_ln12|        scalar|
|empty                     |   in|    2|     ap_none|                                    empty|        scalar|
+--------------------------+-----+-----+------------+-----------------------------------------+--------------+

