

================================================================
== Vitis HLS Report for 'hysteresis_4_Pipeline_VITIS_LOOP_154_4'
================================================================
* Date:           Thu Jul 30 19:40:48 2026

* Version:        2025.2 (Build 6295257 on Nov 14 2025)
* Project:        canny_top
* Solution:       hls (Vitis Kernel Flow Target)
* Product family: zynquplus
* Target device:  xck26-sfvc784-2LV-c


================================================================
== Performance Estimates
================================================================
+ Timing: 
    * Summary: 
    +--------+---------+----------+------------+
    |  Clock |  Target | Estimated| Uncertainty|
    +--------+---------+----------+------------+
    |ap_clk  |  5.00 ns|  2.838 ns|     1.35 ns|
    +--------+---------+----------+------------+

+ Latency: 
    * Summary: 
    +---------+---------+----------+----------+-----+-----+-------------------+
    |  Latency (cycles) |  Latency (absolute) |  Interval |      Pipeline     |
    |   min   |   max   |    min   |    max   | min | max |        Type       |
    +---------+---------+----------+----------+-----+-----+-------------------+
    |      515|      515|  2.575 us|  2.575 us|    0|    0|  loop pipeline stp|
    +---------+---------+----------+----------+-----+-----+-------------------+

    + Detail: 
        * Instance: 
        N/A

        * Loop: 
        +--------------------+---------+---------+----------+-----------+-----------+------+----------+
        |                    |  Latency (cycles) | Iteration|  Initiation Interval  | Trip |          |
        |      Loop Name     |   min   |   max   |  Latency |  achieved |   target  | Count| Pipelined|
        +--------------------+---------+---------+----------+-----------+-----------+------+----------+
        |- VITIS_LOOP_154_4  |      513|      513|         2|          1|          1|   512|       yes|
        +--------------------+---------+---------+----------+-----------+-----------+------+----------+



================================================================
== Utilization Estimates
================================================================
* Summary: 
+-----------------+---------+------+--------+--------+-----+
|       Name      | BRAM_18K|  DSP |   FF   |   LUT  | URAM|
+-----------------+---------+------+--------+--------+-----+
|DSP              |        -|     -|       -|       -|    -|
|Expression       |        -|     -|       0|     325|    -|
|FIFO             |        -|     -|       -|       -|    -|
|Instance         |        -|     -|       0|      27|    -|
|Memory           |        -|     -|       -|       -|    -|
|Multiplexer      |        -|     -|       0|     157|    -|
|Register         |        -|     -|      99|       -|    -|
+-----------------+---------+------+--------+--------+-----+
|Total            |        0|     0|      99|     509|    0|
+-----------------+---------+------+--------+--------+-----+
|Available        |      288|  1248|  234240|  117120|   64|
+-----------------+---------+------+--------+--------+-----+
|Utilization (%)  |        0|     0|      ~0|      ~0|    0|
+-----------------+---------+------+--------+--------+-----+

+ Detail: 
    * Instance: 
    +----------------------------+-----------------------+---------+----+---+----+-----+
    |          Instance          |         Module        | BRAM_18K| DSP| FF| LUT| URAM|
    +----------------------------+-----------------------+---------+----+---+----+-----+
    |sparsemux_7_2_8_1_1_U325    |sparsemux_7_2_8_1_1    |        0|   0|  0|   9|    0|
    |sparsemux_7_2_8_1_1_U327    |sparsemux_7_2_8_1_1    |        0|   0|  0|   9|    0|
    |sparsemux_7_2_8_1_1_x_U326  |sparsemux_7_2_8_1_1_x  |        0|   0|  0|   9|    0|
    +----------------------------+-----------------------+---------+----+---+----+-----+
    |Total                       |                       |        0|   0|  0|  27|    0|
    +----------------------------+-----------------------+---------+----+---+----+-----+

    * DSP: 
    N/A

    * Memory: 
    N/A

    * FIFO: 
    N/A

    * Expression: 
    +----------------------+----------+----+---+----+------------+------------+
    |     Variable Name    | Operation| DSP| FF| LUT| Bitwidth P0| Bitwidth P1|
    +----------------------+----------+----+---+----+------------+------------+
    |add_ln154_fu_344_p2   |         +|   0|  0|  17|          10|           1|
    |add_ln184_fu_358_p2   |         +|   0|  0|  17|          10|           2|
    |and_ln43_1_fu_455_p2  |       and|   0|  0|   2|           1|           1|
    |and_ln43_fu_449_p2    |       and|   0|  0|   2|           1|           1|
    |and_ln44_1_fu_481_p2  |       and|   0|  0|   2|           1|           1|
    |and_ln44_2_fu_505_p2  |       and|   0|  0|   2|           1|           1|
    |and_ln44_fu_475_p2    |       and|   0|  0|   2|           1|           1|
    |and_ln48_fu_523_p2    |       and|   0|  0|   2|           1|           1|
    |and_ln50_1_fu_554_p2  |       and|   0|  0|   2|           1|           1|
    |and_ln50_fu_549_p2    |       and|   0|  0|   2|           1|           1|
    |ap_condition_114      |       and|   0|  0|   2|           1|           1|
    |ap_condition_205      |       and|   0|  0|   2|           1|           1|
    |grp_fu_268_p2         |      icmp|   0|  0|  15|           8|           2|
    |hasBottom_fu_273_p2   |      icmp|   0|  0|  38|          31|           9|
    |hasLeft_fu_422_p2     |      icmp|   0|  0|  17|          10|           1|
    |hasRight_fu_427_p2    |      icmp|   0|  0|  17|          10|           9|
    |hasTop_fu_279_p2      |      icmp|   0|  0|  38|          31|           1|
    |icmp_ln154_fu_338_p2  |      icmp|   0|  0|  18|          10|          11|
    |icmp_ln43_fu_443_p2   |      icmp|   0|  0|  15|           8|           2|
    |icmp_ln44_fu_493_p2   |      icmp|   0|  0|  15|           8|           2|
    |icmp_ln45_fu_499_p2   |      icmp|   0|  0|  15|           8|           2|
    |icmp_ln46_fu_463_p2   |      icmp|   0|  0|  15|           8|           2|
    |icmp_ln47_fu_469_p2   |      icmp|   0|  0|  15|           8|           2|
    |icmp_ln48_fu_531_p2   |      icmp|   0|  0|  15|           8|           2|
    |icmp_ln50_fu_543_p2   |      icmp|   0|  0|  15|           8|           2|
    |ap_condition_161      |        or|   0|  0|   2|           1|           1|
    |ap_condition_194      |        or|   0|  0|   2|           1|           1|
    |or_ln44_1_fu_511_p2   |        or|   0|  0|   2|           1|           1|
    |or_ln44_2_fu_517_p2   |        or|   0|  0|   2|           1|           1|
    |or_ln44_fu_487_p2     |        or|   0|  0|   2|           1|           1|
    |or_ln48_fu_537_p2     |        or|   0|  0|   2|           1|           1|
    |nextColumn_fu_376_p3  |    select|   0|  0|   9|           1|           2|
    |ap_enable_pp0         |       xor|   0|  0|   2|           1|           2|
    +----------------------+----------+----+---+----+------------+------------+
    |Total                 |          |   0|  0| 325|         194|          70|
    +----------------------+----------+----+---+----+------------+------------+

    * Multiplexer: 
    +----------------------------------+----+-----------+-----+-----------+
    |               Name               | LUT| Input Size| Bits| Total Bits|
    +----------------------------------+----+-----------+-----+-----------+
    |ap_done_int                       |   9|          2|    1|          2|
    |ap_loop_exit_ready_pp0_iter1_reg  |   9|          2|    1|          2|
    |ap_sig_allocacmp_column           |   9|          2|   10|         20|
    |centre_fu_106                     |   9|          2|    8|         16|
    |column_3_fu_90                    |   9|          2|   10|         20|
    |empty_42_fu_98                    |   9|          2|    8|         16|
    |empty_43_fu_102                   |   9|          2|    8|         16|
    |empty_44_fu_110                   |   9|          2|    8|         16|
    |empty_45_fu_114                   |   9|          2|    8|         16|
    |empty_46_fu_118                   |   9|          2|    8|         16|
    |empty_47_fu_122                   |   9|          2|    8|         16|
    |empty_48_fu_126                   |   9|          2|    8|         16|
    |empty_fu_94                       |   9|          2|    8|         16|
    |out_hysteresis4_address0_local    |  26|          5|    9|         45|
    |out_hysteresis4_d0_local          |  14|          3|    2|          6|
    +----------------------------------+----+-----------+-----+-----------+
    |Total                             | 157|         34|  105|        239|
    +----------------------------------+----+-----------+-----+-----------+

    * Register: 
    +----------------------------------+----+----+-----+-----------+
    |               Name               | FF | LUT| Bits| Const Bits|
    +----------------------------------+----+----+-----+-----------+
    |ap_CS_fsm                         |   1|   0|    1|          0|
    |ap_done_reg                       |   1|   0|    1|          0|
    |ap_enable_reg_pp0_iter1           |   1|   0|    1|          0|
    |ap_loop_exit_ready_pp0_iter1_reg  |   1|   0|    1|          0|
    |centre_fu_106                     |   8|   0|    8|          0|
    |column_3_fu_90                    |  10|   0|   10|          0|
    |column_reg_758                    |  10|   0|   10|          0|
    |empty_42_fu_98                    |   8|   0|    8|          0|
    |empty_43_fu_102                   |   8|   0|    8|          0|
    |empty_44_fu_110                   |   8|   0|    8|          0|
    |empty_45_fu_114                   |   8|   0|    8|          0|
    |empty_46_fu_118                   |   8|   0|    8|          0|
    |empty_47_fu_122                   |   8|   0|    8|          0|
    |empty_48_fu_126                   |   8|   0|    8|          0|
    |empty_fu_94                       |   8|   0|    8|          0|
    |hasBottom_reg_747                 |   1|   0|    1|          0|
    |hasTop_reg_753                    |   1|   0|    1|          0|
    |icmp_ln154_reg_765                |   1|   0|    1|          0|
    +----------------------------------+----+----+-----+-----------+
    |Total                             |  99|   0|   99|          0|
    +----------------------------------+----+----+-----+-----------+



================================================================
== Interface
================================================================
* Summary: 
+-------------------------------------------------+-----+-----+------------+-----------------------------------------+--------------+
|                    RTL Ports                    | Dir | Bits|  Protocol  |              Source Object              |    C Type    |
+-------------------------------------------------+-----+-----+------------+-----------------------------------------+--------------+
|ap_clk                                           |   in|    1|  ap_ctrl_hs|  hysteresis<4>_Pipeline_VITIS_LOOP_154_4|  return value|
|ap_rst                                           |   in|    1|  ap_ctrl_hs|  hysteresis<4>_Pipeline_VITIS_LOOP_154_4|  return value|
|ap_start                                         |   in|    1|  ap_ctrl_hs|  hysteresis<4>_Pipeline_VITIS_LOOP_154_4|  return value|
|ap_done                                          |  out|    1|  ap_ctrl_hs|  hysteresis<4>_Pipeline_VITIS_LOOP_154_4|  return value|
|ap_idle                                          |  out|    1|  ap_ctrl_hs|  hysteresis<4>_Pipeline_VITIS_LOOP_154_4|  return value|
|ap_ready                                         |  out|    1|  ap_ctrl_hs|  hysteresis<4>_Pipeline_VITIS_LOOP_154_4|  return value|
|tmp_14                                           |   in|    8|     ap_none|                                   tmp_14|        scalar|
|tmp_11                                           |   in|    8|     ap_none|                                   tmp_11|        scalar|
|tmp_13                                           |   in|    8|     ap_none|                                   tmp_13|        scalar|
|tmp_s                                            |   in|    8|     ap_none|                                    tmp_s|        scalar|
|tmp_12                                           |   in|    8|     ap_none|                                   tmp_12|        scalar|
|tmp                                              |   in|    8|     ap_none|                                      tmp|        scalar|
|outputRow                                        |   in|   31|     ap_none|                                outputRow|        scalar|
|select_ln18                                      |   in|    2|     ap_none|                              select_ln18|        scalar|
|p_smodpost                                       |   in|    2|     ap_none|                               p_smodpost|        scalar|
|select_ln18_1                                    |   in|    2|     ap_none|                            select_ln18_1|        scalar|
|out_hysteresis4_address0                         |  out|    9|   ap_memory|                          out_hysteresis4|         array|
|out_hysteresis4_ce0                              |  out|    1|   ap_memory|                          out_hysteresis4|         array|
|out_hysteresis4_we0                              |  out|    1|   ap_memory|                          out_hysteresis4|         array|
|out_hysteresis4_d0                               |  out|    2|   ap_memory|                          out_hysteresis4|         array|
|p_ZN12_GLOBAL_N_110lineBufferILi4EEE_0_address0  |  out|    9|   ap_memory|   p_ZN12_GLOBAL_N_110lineBufferILi4EEE_0|         array|
|p_ZN12_GLOBAL_N_110lineBufferILi4EEE_0_ce0       |  out|    1|   ap_memory|   p_ZN12_GLOBAL_N_110lineBufferILi4EEE_0|         array|
|p_ZN12_GLOBAL_N_110lineBufferILi4EEE_0_q0        |   in|    8|   ap_memory|   p_ZN12_GLOBAL_N_110lineBufferILi4EEE_0|         array|
|p_ZN12_GLOBAL_N_110lineBufferILi4EEE_1_address0  |  out|    9|   ap_memory|   p_ZN12_GLOBAL_N_110lineBufferILi4EEE_1|         array|
|p_ZN12_GLOBAL_N_110lineBufferILi4EEE_1_ce0       |  out|    1|   ap_memory|   p_ZN12_GLOBAL_N_110lineBufferILi4EEE_1|         array|
|p_ZN12_GLOBAL_N_110lineBufferILi4EEE_1_q0        |   in|    8|   ap_memory|   p_ZN12_GLOBAL_N_110lineBufferILi4EEE_1|         array|
|p_ZN12_GLOBAL_N_110lineBufferILi4EEE_2_address0  |  out|    9|   ap_memory|   p_ZN12_GLOBAL_N_110lineBufferILi4EEE_2|         array|
|p_ZN12_GLOBAL_N_110lineBufferILi4EEE_2_ce0       |  out|    1|   ap_memory|   p_ZN12_GLOBAL_N_110lineBufferILi4EEE_2|         array|
|p_ZN12_GLOBAL_N_110lineBufferILi4EEE_2_q0        |   in|    8|   ap_memory|   p_ZN12_GLOBAL_N_110lineBufferILi4EEE_2|         array|
+-------------------------------------------------+-----+-----+------------+-----------------------------------------+--------------+

