

================================================================
== Vitis HLS Report for 'hysteresis_1_s'
================================================================
* Date:           Wed Jul 29 23:33:26 2026

* Version:        2025.2 (Build 6295257 on Nov 14 2025)
* Project:        canny_top
* Solution:       hls (Vitis Kernel Flow Target)
* Product family: zynquplus
* Target device:  xck26-sfvc784-2LV-c


================================================================
== Performance Estimates
================================================================
+ Timing: 
    * Summary: 
    +--------+---------+----------+------------+
    |  Clock |  Target | Estimated| Uncertainty|
    +--------+---------+----------+------------+
    |ap_clk  |  5.00 ns|  3.636 ns|     1.35 ns|
    +--------+---------+----------+------------+

+ Latency: 
    * Summary: 
    +---------+---------+----------+----------+-----+------+---------+
    |  Latency (cycles) |  Latency (absolute) |  Interval  | Pipeline|
    |   min   |   max   |    min   |    max   | min |  max |   Type  |
    +---------+---------+----------+----------+-----+------+---------+
    |        1|     1101|  5.000 ns|  5.505 us|    1|  1101|       no|
    +---------+---------+----------+----------+-----+------+---------+

    + Detail: 
        * Instance: 
        +---------------------------------------------------+----------------------------------------+---------+---------+----------+----------+-----+-----+-------------------+
        |                                                   |                                        |  Latency (cycles) |  Latency (absolute) |  Interval |      Pipeline     |
        |                      Instance                     |                 Module                 |   min   |   max   |    min   |    max   | min | max |        Type       |
        +---------------------------------------------------+----------------------------------------+---------+---------+----------+----------+-----+-----+-------------------+
        |grp_hysteresis_1_Pipeline_VITIS_LOOP_89_1_fu_118   |hysteresis_1_Pipeline_VITIS_LOOP_89_1   |      514|      514|  2.570 us|  2.570 us|    0|    0|  loop pipeline stp|
        |grp_hysteresis_1_Pipeline_VITIS_LOOP_154_4_fu_131  |hysteresis_1_Pipeline_VITIS_LOOP_154_4  |      515|      515|  2.575 us|  2.575 us|    0|    0|  loop pipeline stp|
        +---------------------------------------------------+----------------------------------------+---------+---------+----------+----------+-----+-----+-------------------+

        * Loop: 
        N/A



================================================================
== Utilization Estimates
================================================================
* Summary: 
+-----------------+---------+------+--------+--------+-----+
|       Name      | BRAM_18K|  DSP |   FF   |   LUT  | URAM|
+-----------------+---------+------+--------+--------+-----+
|DSP              |        -|     -|       -|       -|    -|
|Expression       |        -|     -|       0|     191|    -|
|FIFO             |        -|     -|       -|       -|    -|
|Instance         |        -|     -|    1321|    1356|    -|
|Memory           |        -|     -|       -|       -|    -|
|Multiplexer      |        -|     -|       0|     527|    -|
|Register         |        -|     -|     282|       -|    -|
+-----------------+---------+------+--------+--------+-----+
|Total            |        0|     0|    1603|    2074|    0|
+-----------------+---------+------+--------+--------+-----+
|Available        |      288|  1248|  234240|  117120|   64|
+-----------------+---------+------+--------+--------+-----+
|Utilization (%)  |        0|     0|      ~0|       1|    0|
+-----------------+---------+------+--------+--------+-----+

+ Detail: 
    * Instance: 
    +---------------------------------------------------+----------------------------------------+---------+----+-----+-----+-----+
    |                      Instance                     |                 Module                 | BRAM_18K| DSP|  FF | LUT | URAM|
    +---------------------------------------------------+----------------------------------------+---------+----+-----+-----+-----+
    |grp_hysteresis_1_Pipeline_VITIS_LOOP_154_4_fu_131  |hysteresis_1_Pipeline_VITIS_LOOP_154_4  |        0|   0|   99|  515|    0|
    |grp_hysteresis_1_Pipeline_VITIS_LOOP_89_1_fu_118   |hysteresis_1_Pipeline_VITIS_LOOP_89_1   |        0|   0|   40|   73|    0|
    |sparsemux_7_2_8_1_1_U224                           |sparsemux_7_2_8_1_1                     |        0|   0|    0|    9|    0|
    |sparsemux_7_2_8_1_1_U226                           |sparsemux_7_2_8_1_1                     |        0|   0|    0|    9|    0|
    |sparsemux_7_2_8_1_1_U227                           |sparsemux_7_2_8_1_1                     |        0|   0|    0|    9|    0|
    |sparsemux_7_2_8_1_1_U229                           |sparsemux_7_2_8_1_1                     |        0|   0|    0|    9|    0|
    |sparsemux_7_2_8_1_1_x_U225                         |sparsemux_7_2_8_1_1_x                   |        0|   0|    0|    9|    0|
    |sparsemux_7_2_8_1_1_x_U228                         |sparsemux_7_2_8_1_1_x                   |        0|   0|    0|    9|    0|
    |srem_32ns_3ns_32_36_seq_1_U221                     |srem_32ns_3ns_32_36_seq_1               |        0|   0|  394|  238|    0|
    |srem_32ns_3ns_32_36_seq_1_U222                     |srem_32ns_3ns_32_36_seq_1               |        0|   0|  394|  238|    0|
    |urem_32ns_3ns_2_36_seq_1_U223                      |urem_32ns_3ns_2_36_seq_1                |        0|   0|  394|  238|    0|
    +---------------------------------------------------+----------------------------------------+---------+----+-----+-----+-----+
    |Total                                              |                                        |        0|   0| 1321| 1356|    0|
    +---------------------------------------------------+----------------------------------------+---------+----+-----+-----+-----+

    * DSP: 
    N/A

    * Memory: 
    N/A

    * FIFO: 
    N/A

    * Expression: 
    +----------------------------------+----------+----+---+----+------------+------------+
    |           Variable Name          | Operation| DSP| FF| LUT| Bitwidth P0| Bitwidth P1|
    +----------------------------------+----------+----+---+----+------------+------------+
    |add_ln18_4_fu_245_p2              |         +|   0|  0|   9|           2|           2|
    |add_ln18_fu_269_p2                |         +|   0|  0|   9|           2|           2|
    |add_ln93_fu_163_p2                |         +|   0|  0|  39|          32|           1|
    |grp_fu_206_p0                     |         +|   0|  0|  39|          32|           3|
    |outputRow_fu_184_p2               |         +|   0|  0|  39|          32|           2|
    |empty_81_fu_288_p2                |         -|   0|  0|  10|           3|           2|
    |ap_block_state73_on_subcall_done  |       and|   0|  0|   2|           1|           1|
    |ap_predicate_op228_call_state73   |       and|   0|  0|   2|           1|           1|
    |ap_block_state1                   |        or|   0|  0|   2|           1|           1|
    |p_cast6_fu_219_p3                 |    select|   0|  0|   2|           1|           2|
    |p_smodpost_fu_294_p3              |    select|   0|  0|   2|           1|           2|
    |select_ln18_4_fu_250_p3           |    select|   0|  0|   2|           1|           2|
    |select_ln18_fu_275_p3             |    select|   0|  0|   2|           1|           2|
    |grp_fu_232_p0                     |       xor|   0|  0|  32|          32|          32|
    +----------------------------------+----------+----+---+----+------------+------------+
    |Total                             |          |   0|  0| 191|         142|          55|
    +----------------------------------+----------+----+---+----+------------+------------+

    * Multiplexer: 
    +-------------------------------------------------+-----+-----------+-----+-----------+
    |                       Name                      | LUT | Input Size| Bits| Total Bits|
    +-------------------------------------------------+-----+-----------+-----+-----------+
    |ap_NS_fsm                                        |  389|         74|    1|         74|
    |ap_done                                          |    9|          2|    1|          2|
    |ap_phi_mux_valid_out_write_assign_phi_fu_107_p6  |    9|          2|    1|          2|
    |p_ZN12_GLOBAL_N_110lineBufferILi1EEE_0_address0  |   14|          3|    9|         27|
    |p_ZN12_GLOBAL_N_110lineBufferILi1EEE_0_ce0       |   14|          3|    1|          3|
    |p_ZN12_GLOBAL_N_110lineBufferILi1EEE_0_we0       |    9|          2|    1|          2|
    |p_ZN12_GLOBAL_N_110lineBufferILi1EEE_1_address0  |   14|          3|    9|         27|
    |p_ZN12_GLOBAL_N_110lineBufferILi1EEE_1_ce0       |   14|          3|    1|          3|
    |p_ZN12_GLOBAL_N_110lineBufferILi1EEE_1_we0       |    9|          2|    1|          2|
    |p_ZN12_GLOBAL_N_110lineBufferILi1EEE_2_address0  |   14|          3|    9|         27|
    |p_ZN12_GLOBAL_N_110lineBufferILi1EEE_2_ce0       |   14|          3|    1|          3|
    |p_ZN12_GLOBAL_N_110lineBufferILi1EEE_2_we0       |    9|          2|    1|          2|
    |p_anonymous_namespace_rowsReceived_1_s_o         |    9|          2|   32|         64|
    +-------------------------------------------------+-----+-----------+-----+-----------+
    |Total                                            |  527|        104|   68|        238|
    +-------------------------------------------------+-----+-----------+-----+-----------+

    * Register: 
    +----------------------------------------------------------------+----+----+-----+-----------+
    |                              Name                              | FF | LUT| Bits| Const Bits|
    +----------------------------------------------------------------+----+----+-----+-----------+
    |ap_CS_fsm                                                       |  73|   0|   73|          0|
    |ap_done_reg                                                     |   1|   0|    1|          0|
    |grp_hysteresis_1_Pipeline_VITIS_LOOP_154_4_fu_131_ap_start_reg  |   1|   0|    1|          0|
    |grp_hysteresis_1_Pipeline_VITIS_LOOP_89_1_fu_118_ap_start_reg   |   1|   0|    1|          0|
    |p_ZN12_GLOBAL_N_110lineBufferILi1EEE_0_load_1_reg_489           |   8|   0|    8|          0|
    |p_ZN12_GLOBAL_N_110lineBufferILi1EEE_0_load_reg_468             |   8|   0|    8|          0|
    |p_ZN12_GLOBAL_N_110lineBufferILi1EEE_1_load_1_reg_496           |   8|   0|    8|          0|
    |p_ZN12_GLOBAL_N_110lineBufferILi1EEE_1_load_reg_475             |   8|   0|    8|          0|
    |p_ZN12_GLOBAL_N_110lineBufferILi1EEE_2_load_1_reg_503           |   8|   0|    8|          0|
    |p_ZN12_GLOBAL_N_110lineBufferILi1EEE_2_load_reg_482             |   8|   0|    8|          0|
    |p_anonymous_namespace_rowsReceived_1_load_reg_412               |  32|   0|   32|          0|
    |p_read_7_reg_408                                                |   1|   0|    1|          0|
    |p_smodpost_reg_515                                              |   2|   0|    2|          0|
    |select_ln18_4_reg_461                                           |   2|   0|    2|          0|
    |select_ln18_reg_510                                             |   2|   0|    2|          0|
    |tmp_32_reg_530                                                  |   8|   0|    8|          0|
    |tmp_33_reg_535                                                  |   8|   0|    8|          0|
    |tmp_34_reg_540                                                  |   8|   0|    8|          0|
    |tmp_35_reg_545                                                  |   8|   0|    8|          0|
    |tmp_43_reg_442                                                  |   1|   0|    1|          0|
    |tmp_45_reg_451                                                  |   1|   0|    1|          0|
    |tmp_reg_520                                                     |   8|   0|    8|          0|
    |tmp_s_reg_525                                                   |   8|   0|    8|          0|
    |trunc_ln86_4_reg_432                                            |   3|   0|    3|          0|
    |trunc_ln86_reg_426                                              |   2|   0|    2|          0|
    |trunc_ln95_reg_437                                              |  31|   0|   31|          0|
    |valid_out_write_assign_reg_103                                  |   1|   0|    1|          0|
    |writeSlot_reg_421                                               |  32|   0|   32|          0|
    +----------------------------------------------------------------+----+----+-----+-----------+
    |Total                                                           | 282|   0|  282|          0|
    +----------------------------------------------------------------+----+----+-----+-----------+



================================================================
== Interface
================================================================
* Summary: 
+-------------------------------------------------+-----+-----+------------+----------------------------------------+--------------+
|                    RTL Ports                    | Dir | Bits|  Protocol  |              Source Object             |    C Type    |
+-------------------------------------------------+-----+-----+------------+----------------------------------------+--------------+
|ap_clk                                           |   in|    1|  ap_ctrl_hs|                           hysteresis<1>|  return value|
|ap_rst                                           |   in|    1|  ap_ctrl_hs|                           hysteresis<1>|  return value|
|ap_start                                         |   in|    1|  ap_ctrl_hs|                           hysteresis<1>|  return value|
|ap_done                                          |  out|    1|  ap_ctrl_hs|                           hysteresis<1>|  return value|
|ap_continue                                      |   in|    1|  ap_ctrl_hs|                           hysteresis<1>|  return value|
|ap_idle                                          |  out|    1|  ap_ctrl_hs|                           hysteresis<1>|  return value|
|ap_ready                                         |  out|    1|  ap_ctrl_hs|                           hysteresis<1>|  return value|
|ap_return                                        |  out|    1|  ap_ctrl_hs|                           hysteresis<1>|  return value|
|p_read                                           |   in|    1|     ap_none|                                  p_read|        scalar|
|out_double_address0                              |  out|    9|   ap_memory|                              out_double|         array|
|out_double_ce0                                   |  out|    1|   ap_memory|                              out_double|         array|
|out_double_q0                                    |   in|    8|   ap_memory|                              out_double|         array|
|out_hysteresis1_address0                         |  out|    9|   ap_memory|                         out_hysteresis1|         array|
|out_hysteresis1_ce0                              |  out|    1|   ap_memory|                         out_hysteresis1|         array|
|out_hysteresis1_we0                              |  out|    1|   ap_memory|                         out_hysteresis1|         array|
|out_hysteresis1_d0                               |  out|    8|   ap_memory|                         out_hysteresis1|         array|
|p_anonymous_namespace_rowsReceived_1_s_i         |   in|   32|     ap_ovld|  p_anonymous_namespace_rowsReceived_1_s|       pointer|
|p_anonymous_namespace_rowsReceived_1_s_o         |  out|   32|     ap_ovld|  p_anonymous_namespace_rowsReceived_1_s|       pointer|
|p_anonymous_namespace_rowsReceived_1_s_o_ap_vld  |  out|    1|     ap_ovld|  p_anonymous_namespace_rowsReceived_1_s|       pointer|
|p_ZN12_GLOBAL_N_110lineBufferILi1EEE_0_address0  |  out|    9|   ap_memory|  p_ZN12_GLOBAL_N_110lineBufferILi1EEE_0|         array|
|p_ZN12_GLOBAL_N_110lineBufferILi1EEE_0_ce0       |  out|    1|   ap_memory|  p_ZN12_GLOBAL_N_110lineBufferILi1EEE_0|         array|
|p_ZN12_GLOBAL_N_110lineBufferILi1EEE_0_we0       |  out|    1|   ap_memory|  p_ZN12_GLOBAL_N_110lineBufferILi1EEE_0|         array|
|p_ZN12_GLOBAL_N_110lineBufferILi1EEE_0_d0        |  out|    8|   ap_memory|  p_ZN12_GLOBAL_N_110lineBufferILi1EEE_0|         array|
|p_ZN12_GLOBAL_N_110lineBufferILi1EEE_0_q0        |   in|    8|   ap_memory|  p_ZN12_GLOBAL_N_110lineBufferILi1EEE_0|         array|
|p_ZN12_GLOBAL_N_110lineBufferILi1EEE_0_address1  |  out|    9|   ap_memory|  p_ZN12_GLOBAL_N_110lineBufferILi1EEE_0|         array|
|p_ZN12_GLOBAL_N_110lineBufferILi1EEE_0_ce1       |  out|    1|   ap_memory|  p_ZN12_GLOBAL_N_110lineBufferILi1EEE_0|         array|
|p_ZN12_GLOBAL_N_110lineBufferILi1EEE_0_q1        |   in|    8|   ap_memory|  p_ZN12_GLOBAL_N_110lineBufferILi1EEE_0|         array|
|p_ZN12_GLOBAL_N_110lineBufferILi1EEE_1_address0  |  out|    9|   ap_memory|  p_ZN12_GLOBAL_N_110lineBufferILi1EEE_1|         array|
|p_ZN12_GLOBAL_N_110lineBufferILi1EEE_1_ce0       |  out|    1|   ap_memory|  p_ZN12_GLOBAL_N_110lineBufferILi1EEE_1|         array|
|p_ZN12_GLOBAL_N_110lineBufferILi1EEE_1_we0       |  out|    1|   ap_memory|  p_ZN12_GLOBAL_N_110lineBufferILi1EEE_1|         array|
|p_ZN12_GLOBAL_N_110lineBufferILi1EEE_1_d0        |  out|    8|   ap_memory|  p_ZN12_GLOBAL_N_110lineBufferILi1EEE_1|         array|
|p_ZN12_GLOBAL_N_110lineBufferILi1EEE_1_q0        |   in|    8|   ap_memory|  p_ZN12_GLOBAL_N_110lineBufferILi1EEE_1|         array|
|p_ZN12_GLOBAL_N_110lineBufferILi1EEE_1_address1  |  out|    9|   ap_memory|  p_ZN12_GLOBAL_N_110lineBufferILi1EEE_1|         array|
|p_ZN12_GLOBAL_N_110lineBufferILi1EEE_1_ce1       |  out|    1|   ap_memory|  p_ZN12_GLOBAL_N_110lineBufferILi1EEE_1|         array|
|p_ZN12_GLOBAL_N_110lineBufferILi1EEE_1_q1        |   in|    8|   ap_memory|  p_ZN12_GLOBAL_N_110lineBufferILi1EEE_1|         array|
|p_ZN12_GLOBAL_N_110lineBufferILi1EEE_2_address0  |  out|    9|   ap_memory|  p_ZN12_GLOBAL_N_110lineBufferILi1EEE_2|         array|
|p_ZN12_GLOBAL_N_110lineBufferILi1EEE_2_ce0       |  out|    1|   ap_memory|  p_ZN12_GLOBAL_N_110lineBufferILi1EEE_2|         array|
|p_ZN12_GLOBAL_N_110lineBufferILi1EEE_2_we0       |  out|    1|   ap_memory|  p_ZN12_GLOBAL_N_110lineBufferILi1EEE_2|         array|
|p_ZN12_GLOBAL_N_110lineBufferILi1EEE_2_d0        |  out|    8|   ap_memory|  p_ZN12_GLOBAL_N_110lineBufferILi1EEE_2|         array|
|p_ZN12_GLOBAL_N_110lineBufferILi1EEE_2_q0        |   in|    8|   ap_memory|  p_ZN12_GLOBAL_N_110lineBufferILi1EEE_2|         array|
|p_ZN12_GLOBAL_N_110lineBufferILi1EEE_2_address1  |  out|    9|   ap_memory|  p_ZN12_GLOBAL_N_110lineBufferILi1EEE_2|         array|
|p_ZN12_GLOBAL_N_110lineBufferILi1EEE_2_ce1       |  out|    1|   ap_memory|  p_ZN12_GLOBAL_N_110lineBufferILi1EEE_2|         array|
|p_ZN12_GLOBAL_N_110lineBufferILi1EEE_2_q1        |   in|    8|   ap_memory|  p_ZN12_GLOBAL_N_110lineBufferILi1EEE_2|         array|
+-------------------------------------------------+-----+-----+------------+----------------------------------------+--------------+

