

================================================================
== Vitis HLS Report for 'hysteresis_4_Pipeline_VITIS_LOOP_110_2'
================================================================
* Date:           Sat Jul 25 12:05:05 2026

* Version:        2025.2 (Build 6295257 on Nov 14 2025)
* Project:        canny_top
* Solution:       hls (Vitis Kernel Flow Target)
* Product family: zynquplus
* Target device:  xck26-sfvc784-2LV-c


================================================================
== Performance Estimates
================================================================
+ Timing: 
    * Summary: 
    +--------+---------+----------+------------+
    |  Clock |  Target | Estimated| Uncertainty|
    +--------+---------+----------+------------+
    |ap_clk  |  5.00 ns|  3.632 ns|     1.35 ns|
    +--------+---------+----------+------------+

+ Latency: 
    * Summary: 
    +---------+---------+-----------+-----------+-----+-----+-------------------+
    |  Latency (cycles) |   Latency (absolute)  |  Interval |      Pipeline     |
    |   min   |   max   |    min    |    max    | min | max |        Type       |
    +---------+---------+-----------+-----------+-----+-----+-------------------+
    |     2566|     2566|  12.830 us|  12.830 us|    0|    0|  loop pipeline stp|
    +---------+---------+-----------+-----------+-----+-----+-------------------+

    + Detail: 
        * Instance: 
        N/A

        * Loop: 
        +--------------------+---------+---------+----------+-----------+-----------+------+----------+
        |                    |  Latency (cycles) | Iteration|  Initiation Interval  | Trip |          |
        |      Loop Name     |   min   |   max   |  Latency |  achieved |   target  | Count| Pipelined|
        +--------------------+---------+---------+----------+-----------+-----------+------+----------+
        |- VITIS_LOOP_110_2  |     2564|     2564|        10|          5|          1|   512|       yes|
        +--------------------+---------+---------+----------+-----------+-----------+------+----------+



================================================================
== Utilization Estimates
================================================================
* Summary: 
+-----------------+---------+------+--------+--------+-----+
|       Name      | BRAM_18K|  DSP |   FF   |   LUT  | URAM|
+-----------------+---------+------+--------+--------+-----+
|DSP              |        -|     -|       -|       -|    -|
|Expression       |        -|     -|       0|     407|    -|
|FIFO             |        -|     -|       -|       -|    -|
|Instance         |        -|     -|       -|       -|    -|
|Memory           |        -|     -|       -|       -|    -|
|Multiplexer      |        -|     -|       0|     244|    -|
|Register         |        -|     -|     130|       -|    -|
+-----------------+---------+------+--------+--------+-----+
|Total            |        0|     0|     130|     651|    0|
+-----------------+---------+------+--------+--------+-----+
|Available        |      288|  1248|  234240|  117120|   64|
+-----------------+---------+------+--------+--------+-----+
|Utilization (%)  |        0|     0|      ~0|      ~0|    0|
+-----------------+---------+------+--------+--------+-----+

+ Detail: 
    * Instance: 
    N/A

    * DSP: 
    N/A

    * Memory: 
    N/A

    * FIFO: 
    N/A

    * Expression: 
    +-----------------------+----------+----+---+----+------------+------------+
    |     Variable Name     | Operation| DSP| FF| LUT| Bitwidth P0| Bitwidth P1|
    +-----------------------+----------+----+---+----+------------+------------+
    |add_ln110_fu_509_p2    |         +|   0|  0|  17|          10|           1|
    |add_ln33_1_fu_486_p2   |         +|   0|  0|  17|          10|          10|
    |add_ln33_fu_466_p2     |         +|   0|  0|  17|          10|           2|
    |add_ln35_fu_532_p2     |         +|   0|  0|  16|           9|           1|
    |add_ln36_fu_565_p2     |         +|   0|  0|  16|           9|           2|
    |add_ln37_fu_593_p2     |         +|   0|  0|  16|           9|           1|
    |add_ln38_1_fu_644_p2   |         +|   0|  0|  17|          10|          10|
    |add_ln38_fu_625_p2     |         +|   0|  0|  17|          10|           2|
    |add_ln40_1_fu_709_p2   |         +|   0|  0|  17|          10|          10|
    |add_ln40_fu_690_p2     |         +|   0|  0|  17|          10|           1|
    |grp_fu_350_p2          |      icmp|   0|  0|  15|           8|           2|
    |grp_fu_363_p2          |      icmp|   0|  0|  15|           8|           2|
    |hasLeft_fu_438_p2      |      icmp|   0|  0|  17|          10|           1|
    |hasRight_fu_514_p2     |      icmp|   0|  0|  17|          10|           9|
    |icmp_ln110_fu_389_p2   |      icmp|   0|  0|  18|          10|          11|
    |icmp_ln34_fu_526_p2    |      icmp|   0|  0|  15|           8|           2|
    |icmp_ln39_fu_674_p2    |      icmp|   0|  0|  15|           8|           2|
    |icmp_ln89_fu_375_p2    |      icmp|   0|  0|  38|          31|           1|
    |icmp_ln90_fu_369_p2    |      icmp|   0|  0|  38|          31|           9|
    |or_ln33_fu_461_p2      |        or|   0|  0|   2|           1|           1|
    |or_ln38_fu_621_p2      |        or|   0|  0|   2|           1|           1|
    |or_ln40_fu_685_p2      |        or|   0|  0|   2|           1|           1|
    |centre_fu_430_p3       |    select|   0|  0|   8|           1|           8|
    |grp_fu_343_p3          |    select|   0|  0|   8|           1|           8|
    |grp_fu_356_p3          |    select|   0|  0|   8|           1|           8|
    |select_ln34_fu_519_p3  |    select|   0|  0|   8|           1|           8|
    |select_ln39_fu_667_p3  |    select|   0|  0|   8|           1|           8|
    |ap_enable_pp0          |       xor|   0|  0|   2|           1|           2|
    |xor_ln33_1_fu_455_p2   |       xor|   0|  0|   2|           1|           2|
    |xor_ln40_fu_680_p2     |       xor|   0|  0|   2|           1|           2|
    +-----------------------+----------+----+---+----+------------+------------+
    |Total                  |          |   0|  0| 407|         232|         128|
    +-----------------------+----------+----+---+----+------------+------------+

    * Multiplexer: 
    +-------------------------------------------------------+----+-----------+-----+-----------+
    |                          Name                         | LUT| Input Size| Bits| Total Bits|
    +-------------------------------------------------------+----+-----------+-----+-----------+
    |ap_NS_fsm                                              |  31|          6|    1|          6|
    |ap_done_int                                            |   9|          2|    1|          2|
    |ap_enable_reg_pp0_iter0                                |   9|          2|    1|          2|
    |ap_enable_reg_pp0_iter1                                |   9|          2|    1|          2|
    |ap_sig_allocacmp_column                                |   9|          2|   10|         20|
    |column_3_fu_90                                         |   9|          2|   10|         20|
    |grp_fu_356_p0                                          |  14|          3|    1|          3|
    |out_hysteresis4_address0_local                         |  26|          5|    9|         45|
    |out_hysteresis4_d0_local                               |  14|          3|    2|          6|
    |p_ZN12_GLOBAL_N_110lineBufferILi4EEE_0_address0_local  |  31|          6|   10|         60|
    |p_ZN12_GLOBAL_N_110lineBufferILi4EEE_0_address1_local  |  26|          5|   10|         50|
    |p_ZN12_GLOBAL_N_110lineBufferILi4EEE_1_address0_local  |  31|          6|   10|         60|
    |p_ZN12_GLOBAL_N_110lineBufferILi4EEE_1_address1_local  |  26|          5|   10|         50|
    +-------------------------------------------------------+----+-----------+-----+-----------+
    |Total                                                  | 244|         49|   76|        326|
    +-------------------------------------------------------+----+-----------+-----+-----------+

    * Register: 
    +-------------------------------------+----+----+-----+-----------+
    |                 Name                | FF | LUT| Bits| Const Bits|
    +-------------------------------------+----+----+-----+-----------+
    |ap_CS_fsm                            |   5|   0|    5|          0|
    |ap_done_reg                          |   1|   0|    1|          0|
    |ap_enable_reg_pp0_iter0_reg          |   1|   0|    1|          0|
    |ap_enable_reg_pp0_iter1              |   1|   0|    1|          0|
    |centre_reg_825                       |   8|   0|    8|          0|
    |centre_reg_825_pp0_iter1_reg         |   8|   0|    8|          0|
    |column_3_fu_90                       |  10|   0|   10|          0|
    |column_reg_774                       |  10|   0|   10|          0|
    |hasLeft_reg_829                      |   1|   0|    1|          0|
    |hasLeft_reg_829_pp0_iter1_reg        |   1|   0|    1|          0|
    |hasRight_reg_872                     |   1|   0|    1|          0|
    |hasRight_reg_872_pp0_iter1_reg       |   1|   0|    1|          0|
    |icmp_ln110_reg_784                   |   1|   0|    1|          0|
    |icmp_ln33_reg_868                    |   1|   0|    1|          0|
    |icmp_ln33_reg_868_pp0_iter1_reg      |   1|   0|    1|          0|
    |icmp_ln34_reg_877                    |   1|   0|    1|          0|
    |icmp_ln34_reg_877_pp0_iter1_reg      |   1|   0|    1|          0|
    |icmp_ln35_reg_891                    |   1|   0|    1|          0|
    |icmp_ln36_reg_905                    |   1|   0|    1|          0|
    |icmp_ln37_reg_919                    |   1|   0|    1|          0|
    |icmp_ln38_reg_947                    |   1|   0|    1|          0|
    |icmp_ln39_reg_951                    |   1|   0|    1|          0|
    |icmp_ln89_reg_770                    |   1|   0|    1|          0|
    |icmp_ln90_reg_766                    |   1|   0|    1|          0|
    |lshr_ln8_reg_788                     |   8|   0|    8|          0|
    |lshr_ln8_reg_788_pp0_iter1_reg       |   8|   0|    8|          0|
    |or_ln33_reg_844                      |   1|   0|    1|          0|
    |or_ln33_reg_844_pp0_iter1_reg        |   1|   0|    1|          0|
    |or_ln38_reg_923                      |   1|   0|    1|          0|
    |or_ln40_reg_955                      |   1|   0|    1|          0|
    |trunc_ln110_1_reg_817                |   1|   0|    1|          0|
    |trunc_ln110_1_reg_817_pp0_iter1_reg  |   1|   0|    1|          0|
    |trunc_ln110_reg_810                  |   9|   0|    9|          0|
    |xor_ln33_1_reg_839                   |   1|   0|    1|          0|
    |zext_ln110_reg_804                   |  10|   0|   64|         54|
    |zext_ln110_reg_804_pp0_iter1_reg     |  10|   0|   64|         54|
    |zext_ln23_reg_833                    |   9|   0|   10|          1|
    |zext_ln23_reg_833_pp0_iter1_reg      |   9|   0|   10|          1|
    +-------------------------------------+----+----+-----+-----------+
    |Total                                | 130|   0|  240|        110|
    +-------------------------------------+----+----+-----+-----------+



================================================================
== Interface
================================================================
* Summary: 
+-------------------------------------------------+-----+-----+------------+-----------------------------------------+--------------+
|                    RTL Ports                    | Dir | Bits|  Protocol  |              Source Object              |    C Type    |
+-------------------------------------------------+-----+-----+------------+-----------------------------------------+--------------+
|ap_clk                                           |   in|    1|  ap_ctrl_hs|  hysteresis<4>_Pipeline_VITIS_LOOP_110_2|  return value|
|ap_rst                                           |   in|    1|  ap_ctrl_hs|  hysteresis<4>_Pipeline_VITIS_LOOP_110_2|  return value|
|ap_start                                         |   in|    1|  ap_ctrl_hs|  hysteresis<4>_Pipeline_VITIS_LOOP_110_2|  return value|
|ap_done                                          |  out|    1|  ap_ctrl_hs|  hysteresis<4>_Pipeline_VITIS_LOOP_110_2|  return value|
|ap_idle                                          |  out|    1|  ap_ctrl_hs|  hysteresis<4>_Pipeline_VITIS_LOOP_110_2|  return value|
|ap_ready                                         |  out|    1|  ap_ctrl_hs|  hysteresis<4>_Pipeline_VITIS_LOOP_110_2|  return value|
|outputRow                                        |   in|   31|     ap_none|                                outputRow|        scalar|
|out_hysteresis4_address0                         |  out|    9|   ap_memory|                          out_hysteresis4|         array|
|out_hysteresis4_ce0                              |  out|    1|   ap_memory|                          out_hysteresis4|         array|
|out_hysteresis4_we0                              |  out|    1|   ap_memory|                          out_hysteresis4|         array|
|out_hysteresis4_d0                               |  out|    2|   ap_memory|                          out_hysteresis4|         array|
|select_ln18                                      |   in|    2|     ap_none|                              select_ln18|        scalar|
|result                                           |   in|    2|     ap_none|                                   result|        scalar|
|select_ln18_1                                    |   in|    2|     ap_none|                            select_ln18_1|        scalar|
|zext_ln38_1                                      |   in|   10|     ap_none|                              zext_ln38_1|        scalar|
|xor_ln38                                         |   in|    1|     ap_none|                                 xor_ln38|        scalar|
|xor_ln33                                         |   in|    1|     ap_none|                                 xor_ln33|        scalar|
|zext_ln33                                        |   in|   10|     ap_none|                                zext_ln33|        scalar|
|p_ZN12_GLOBAL_N_110lineBufferILi4EEE_0_address0  |  out|   10|   ap_memory|   p_ZN12_GLOBAL_N_110lineBufferILi4EEE_0|         array|
|p_ZN12_GLOBAL_N_110lineBufferILi4EEE_0_ce0       |  out|    1|   ap_memory|   p_ZN12_GLOBAL_N_110lineBufferILi4EEE_0|         array|
|p_ZN12_GLOBAL_N_110lineBufferILi4EEE_0_q0        |   in|    8|   ap_memory|   p_ZN12_GLOBAL_N_110lineBufferILi4EEE_0|         array|
|p_ZN12_GLOBAL_N_110lineBufferILi4EEE_0_address1  |  out|   10|   ap_memory|   p_ZN12_GLOBAL_N_110lineBufferILi4EEE_0|         array|
|p_ZN12_GLOBAL_N_110lineBufferILi4EEE_0_ce1       |  out|    1|   ap_memory|   p_ZN12_GLOBAL_N_110lineBufferILi4EEE_0|         array|
|p_ZN12_GLOBAL_N_110lineBufferILi4EEE_0_q1        |   in|    8|   ap_memory|   p_ZN12_GLOBAL_N_110lineBufferILi4EEE_0|         array|
|p_ZN12_GLOBAL_N_110lineBufferILi4EEE_1_address0  |  out|   10|   ap_memory|   p_ZN12_GLOBAL_N_110lineBufferILi4EEE_1|         array|
|p_ZN12_GLOBAL_N_110lineBufferILi4EEE_1_ce0       |  out|    1|   ap_memory|   p_ZN12_GLOBAL_N_110lineBufferILi4EEE_1|         array|
|p_ZN12_GLOBAL_N_110lineBufferILi4EEE_1_q0        |   in|    8|   ap_memory|   p_ZN12_GLOBAL_N_110lineBufferILi4EEE_1|         array|
|p_ZN12_GLOBAL_N_110lineBufferILi4EEE_1_address1  |  out|   10|   ap_memory|   p_ZN12_GLOBAL_N_110lineBufferILi4EEE_1|         array|
|p_ZN12_GLOBAL_N_110lineBufferILi4EEE_1_ce1       |  out|    1|   ap_memory|   p_ZN12_GLOBAL_N_110lineBufferILi4EEE_1|         array|
|p_ZN12_GLOBAL_N_110lineBufferILi4EEE_1_q1        |   in|    8|   ap_memory|   p_ZN12_GLOBAL_N_110lineBufferILi4EEE_1|         array|
+-------------------------------------------------+-----+-----+------------+-----------------------------------------+--------------+

