

================================================================
== Vitis HLS Report for 'hysteresis_3_Pipeline_VITIS_LOOP_114_2'
================================================================
* Date:           Fri Jul 24 16:27:51 2026

* Version:        2025.2 (Build 6295257 on Nov 14 2025)
* Project:        canny_top
* Solution:       hls (Vitis Kernel Flow Target)
* Product family: zynquplus
* Target device:  xck26-sfvc784-2LV-c


================================================================
== Performance Estimates
================================================================
+ Timing: 
    * Summary: 
    +--------+---------+----------+------------+
    |  Clock |  Target | Estimated| Uncertainty|
    +--------+---------+----------+------------+
    |ap_clk  |  5.00 ns|  3.380 ns|     1.35 ns|
    +--------+---------+----------+------------+

+ Latency: 
    * Summary: 
    +---------+---------+----------+----------+-----+-----+-------------------+
    |  Latency (cycles) |  Latency (absolute) |  Interval |      Pipeline     |
    |   min   |   max   |    min   |    max   | min | max |        Type       |
    +---------+---------+----------+----------+-----+-----+-------------------+
    |      512|      512|  2.560 us|  2.560 us|    0|    0|  loop pipeline stp|
    +---------+---------+----------+----------+-----+-----+-------------------+

    + Detail: 
        * Instance: 
        N/A

        * Loop: 
        +--------------------+---------+---------+----------+-----------+-----------+------+----------+
        |                    |  Latency (cycles) | Iteration|  Initiation Interval  | Trip |          |
        |      Loop Name     |   min   |   max   |  Latency |  achieved |   target  | Count| Pipelined|
        +--------------------+---------+---------+----------+-----------+-----------+------+----------+
        |- VITIS_LOOP_114_2  |      510|      510|         2|          1|          1|   510|       yes|
        +--------------------+---------+---------+----------+-----------+-----------+------+----------+



================================================================
== Utilization Estimates
================================================================
* Summary: 
+-----------------+---------+------+--------+--------+-----+
|       Name      | BRAM_18K|  DSP |   FF   |   LUT  | URAM|
+-----------------+---------+------+--------+--------+-----+
|DSP              |        -|     -|       -|       -|    -|
|Expression       |        -|     -|       0|      47|    -|
|FIFO             |        -|     -|       -|       -|    -|
|Instance         |        -|     -|       -|       -|    -|
|Memory           |        -|     -|       -|       -|    -|
|Multiplexer      |        -|     -|       0|      36|    -|
|Register         |        -|     -|      21|       -|    -|
+-----------------+---------+------+--------+--------+-----+
|Total            |        0|     0|      21|      83|    0|
+-----------------+---------+------+--------+--------+-----+
|Available        |      288|  1248|  234240|  117120|   64|
+-----------------+---------+------+--------+--------+-----+
|Utilization (%)  |        0|     0|      ~0|      ~0|    0|
+-----------------+---------+------+--------+--------+-----+

+ Detail: 
    * Instance: 
    N/A

    * DSP: 
    N/A

    * Memory: 
    N/A

    * FIFO: 
    N/A

    * Expression: 
    +------------------------+----------+----+---+----+------------+------------+
    |      Variable Name     | Operation| DSP| FF| LUT| Bitwidth P0| Bitwidth P1|
    +------------------------+----------+----+---+----+------------+------------+
    |add_ln114_fu_131_p2     |         +|   0|  0|  16|           9|           1|
    |icmp_ln114_fu_101_p2    |      icmp|   0|  0|  16|           9|           2|
    |icmp_ln118_fu_157_p2    |      icmp|   0|  0|   9|           2|           2|
    |centre_fu_149_p3        |    select|   0|  0|   2|           1|           2|
    |select_ln120_fu_163_p3  |    select|   0|  0|   2|           1|           2|
    |ap_enable_pp0           |       xor|   0|  0|   2|           1|           2|
    +------------------------+----------+----+---+----+------------+------------+
    |Total                   |          |   0|  0|  47|          23|          11|
    +------------------------+----------+----+---+----+------------+------------+

    * Multiplexer: 
    +-------------------------+----+-----------+-----+-----------+
    |           Name          | LUT| Input Size| Bits| Total Bits|
    +-------------------------+----+-----------+-----+-----------+
    |ap_done_int              |   9|          2|    1|          2|
    |ap_enable_reg_pp0_iter1  |   9|          2|    1|          2|
    |ap_sig_allocacmp_column  |   9|          2|    9|         18|
    |column_4_fu_44           |   9|          2|    9|         18|
    +-------------------------+----+-----------+-----+-----------+
    |Total                    |  36|          8|   20|         40|
    +-------------------------+----+-----------+-----+-----------+

    * Register: 
    +-------------------------+---+----+-----+-----------+
    |           Name          | FF| LUT| Bits| Const Bits|
    +-------------------------+---+----+-----+-----------+
    |ap_CS_fsm                |  1|   0|    1|          0|
    |ap_done_reg              |  1|   0|    1|          0|
    |ap_enable_reg_pp0_iter1  |  1|   0|    1|          0|
    |column_4_fu_44           |  9|   0|    9|          0|
    |column_reg_179           |  9|   0|    9|          0|
    +-------------------------+---+----+-----+-----------+
    |Total                    | 21|   0|   21|          0|
    +-------------------------+---+----+-----+-----------+



================================================================
== Interface
================================================================
* Summary: 
+-------------------------------------------------+-----+-----+------------+-----------------------------------------+--------------+
|                    RTL Ports                    | Dir | Bits|  Protocol  |              Source Object              |    C Type    |
+-------------------------------------------------+-----+-----+------------+-----------------------------------------+--------------+
|ap_clk                                           |   in|    1|  ap_ctrl_hs|  hysteresis<3>_Pipeline_VITIS_LOOP_114_2|  return value|
|ap_rst                                           |   in|    1|  ap_ctrl_hs|  hysteresis<3>_Pipeline_VITIS_LOOP_114_2|  return value|
|ap_start                                         |   in|    1|  ap_ctrl_hs|  hysteresis<3>_Pipeline_VITIS_LOOP_114_2|  return value|
|ap_done                                          |  out|    1|  ap_ctrl_hs|  hysteresis<3>_Pipeline_VITIS_LOOP_114_2|  return value|
|ap_idle                                          |  out|    1|  ap_ctrl_hs|  hysteresis<3>_Pipeline_VITIS_LOOP_114_2|  return value|
|ap_ready                                         |  out|    1|  ap_ctrl_hs|  hysteresis<3>_Pipeline_VITIS_LOOP_114_2|  return value|
|result                                           |   in|    2|     ap_none|                                   result|        scalar|
|out_hysteresis3_address0                         |  out|    9|   ap_memory|                          out_hysteresis3|         array|
|out_hysteresis3_ce0                              |  out|    1|   ap_memory|                          out_hysteresis3|         array|
|out_hysteresis3_we0                              |  out|    1|   ap_memory|                          out_hysteresis3|         array|
|out_hysteresis3_d0                               |  out|    2|   ap_memory|                          out_hysteresis3|         array|
|p_ZN12_GLOBAL_N_110lineBufferILi3EEE_0_address0  |  out|   10|   ap_memory|   p_ZN12_GLOBAL_N_110lineBufferILi3EEE_0|         array|
|p_ZN12_GLOBAL_N_110lineBufferILi3EEE_0_ce0       |  out|    1|   ap_memory|   p_ZN12_GLOBAL_N_110lineBufferILi3EEE_0|         array|
|p_ZN12_GLOBAL_N_110lineBufferILi3EEE_0_q0        |   in|    2|   ap_memory|   p_ZN12_GLOBAL_N_110lineBufferILi3EEE_0|         array|
|p_ZN12_GLOBAL_N_110lineBufferILi3EEE_1_address0  |  out|   10|   ap_memory|   p_ZN12_GLOBAL_N_110lineBufferILi3EEE_1|         array|
|p_ZN12_GLOBAL_N_110lineBufferILi3EEE_1_ce0       |  out|    1|   ap_memory|   p_ZN12_GLOBAL_N_110lineBufferILi3EEE_1|         array|
|p_ZN12_GLOBAL_N_110lineBufferILi3EEE_1_q0        |   in|    2|   ap_memory|   p_ZN12_GLOBAL_N_110lineBufferILi3EEE_1|         array|
+-------------------------------------------------+-----+-----+------------+-----------------------------------------+--------------+

