

================================================================
== Vitis HLS Report for 'non_maximum_suppression_Pipeline_VITIS_LOOP_74_2'
================================================================
* Date:           Sat Jul 25 12:05:04 2026

* Version:        2025.2 (Build 6295257 on Nov 14 2025)
* Project:        canny_top
* Solution:       hls (Vitis Kernel Flow Target)
* Product family: zynquplus
* Target device:  xck26-sfvc784-2LV-c


================================================================
== Performance Estimates
================================================================
+ Timing: 
    * Summary: 
    +--------+---------+----------+------------+
    |  Clock |  Target | Estimated| Uncertainty|
    +--------+---------+----------+------------+
    |ap_clk  |  5.00 ns|  2.813 ns|     1.35 ns|
    +--------+---------+----------+------------+

+ Latency: 
    * Summary: 
    +---------+---------+----------+----------+-----+-----+-------------------+
    |  Latency (cycles) |  Latency (absolute) |  Interval |      Pipeline     |
    |   min   |   max   |    min   |    max   | min | max |        Type       |
    +---------+---------+----------+----------+-----+-----+-------------------+
    |     1027|     1027|  5.135 us|  5.135 us|    0|    0|  loop pipeline stp|
    +---------+---------+----------+----------+-----+-----+-------------------+

    + Detail: 
        * Instance: 
        N/A

        * Loop: 
        +-------------------+---------+---------+----------+-----------+-----------+------+----------+
        |                   |  Latency (cycles) | Iteration|  Initiation Interval  | Trip |          |
        |     Loop Name     |   min   |   max   |  Latency |  achieved |   target  | Count| Pipelined|
        +-------------------+---------+---------+----------+-----------+-----------+------+----------+
        |- VITIS_LOOP_74_2  |     1025|     1025|         4|          2|          1|   512|       yes|
        +-------------------+---------+---------+----------+-----------+-----------+------+----------+



================================================================
== Utilization Estimates
================================================================
* Summary: 
+-----------------+---------+------+--------+--------+-----+
|       Name      | BRAM_18K|  DSP |   FF   |   LUT  | URAM|
+-----------------+---------+------+--------+--------+-----+
|DSP              |        -|     -|       -|       -|    -|
|Expression       |        -|     -|       0|     349|    -|
|FIFO             |        -|     -|       -|       -|    -|
|Instance         |        -|     -|       -|       -|    -|
|Memory           |        -|     -|       -|       -|    -|
|Multiplexer      |        -|     -|       0|     222|    -|
|Register         |        -|     -|      77|       -|    -|
+-----------------+---------+------+--------+--------+-----+
|Total            |        0|     0|      77|     571|    0|
+-----------------+---------+------+--------+--------+-----+
|Available        |      288|  1248|  234240|  117120|   64|
+-----------------+---------+------+--------+--------+-----+
|Utilization (%)  |        0|     0|      ~0|      ~0|    0|
+-----------------+---------+------+--------+--------+-----+

+ Detail: 
    * Instance: 
    N/A

    * DSP: 
    N/A

    * Memory: 
    N/A

    * FIFO: 
    N/A

    * Expression: 
    +----------------------------+----------+----+---+----+------------+------------+
    |        Variable Name       | Operation| DSP| FF| LUT| Bitwidth P0| Bitwidth P1|
    +----------------------------+----------+----+---+----+------------+------------+
    |add_ln74_fu_420_p2          |         +|   0|  0|  17|          10|           1|
    |add_ln76_fu_430_p2          |         +|   0|  0|  18|          11|          11|
    |grp_fu_347_p2               |         +|   0|  0|  16|           9|           2|
    |grp_fu_362_p2               |         +|   0|  0|  16|           9|           1|
    |and_ln110_fu_656_p2         |       and|   0|  0|   2|           1|           1|
    |and_ln113_fu_574_p2         |       and|   0|  0|   2|           1|           1|
    |and_ln119_fu_703_p2         |       and|   0|  0|   2|           1|           1|
    |and_ln94_fu_642_p2          |       and|   0|  0|   2|           1|           1|
    |and_ln97_fu_543_p2          |       and|   0|  0|   2|           1|           1|
    |ap_condition_286            |       and|   0|  0|   2|           1|           1|
    |hasBottom_fu_394_p2         |      icmp|   0|  0|  38|          31|           9|
    |hasLeft_fu_510_p2           |      icmp|   0|  0|  17|          10|           1|
    |hasRight_fu_515_p2          |      icmp|   0|  0|  17|          10|           9|
    |hasTop_fu_400_p2            |      icmp|   0|  0|  38|          31|           1|
    |icmp_ln119_fu_679_p2        |      icmp|   0|  0|  18|          11|          11|
    |icmp_ln120_fu_684_p2        |      icmp|   0|  0|  18|          11|          11|
    |icmp_ln74_fu_414_p2         |      icmp|   0|  0|  18|          10|          11|
    |centre_magnitude_fu_502_p3  |    select|   0|  0|  10|           1|          11|
    |grp_fu_377_p3               |    select|   0|  0|  10|           1|          11|
    |grp_fu_384_p3               |    select|   0|  0|  10|           1|          11|
    |neighbourOne_1_fu_646_p3    |    select|   0|  0|  10|           1|          11|
    |neighbourOne_2_fu_625_p3    |    select|   0|  0|  10|           1|          11|
    |neighbourOne_3_fu_660_p3    |    select|   0|  0|  10|           1|          11|
    |neighbourOne_fu_670_p3      |    select|   0|  0|  10|           1|          11|
    |select_ln103_fu_618_p3      |    select|   0|  0|  10|           1|          11|
    |select_ln106_fu_634_p3      |    select|   0|  0|  10|           1|          11|
    |select_ln119_fu_709_p3      |    select|   0|  0|  10|           1|          11|
    |ap_enable_pp0               |       xor|   0|  0|   2|           1|           2|
    |xor_ln119_fu_693_p2         |       xor|   0|  0|   2|           1|           2|
    |xor_ln120_fu_698_p2         |       xor|   0|  0|   2|           1|           2|
    +----------------------------+----------+----+---+----+------------+------------+
    |Total                       |          |   0|  0| 349|         172|         190|
    +----------------------------+----------+----+---+----+------------+------------+

    * Multiplexer: 
    +----------------------------------------------------------------+----+-----------+-----+-----------+
    |                              Name                              | LUT| Input Size| Bits| Total Bits|
    +----------------------------------------------------------------+----+-----------+-----+-----------+
    |ap_NS_fsm                                                       |  14|          3|    1|          3|
    |ap_done_int                                                     |   9|          2|    1|          2|
    |ap_enable_reg_pp0_iter0                                         |   9|          2|    1|          2|
    |ap_enable_reg_pp0_iter1                                         |   9|          2|    1|          2|
    |ap_phi_mux_neighbourOne_4_phi_fu_303_p16                        |  26|          5|   11|         55|
    |ap_phi_mux_neighbourTwo_phi_fu_325_p16                          |  14|          3|   11|         33|
    |ap_phi_reg_pp0_iter1_neighbourTwo_reg_321                       |   9|          2|   11|         22|
    |ap_sig_allocacmp_column                                         |   9|          2|   10|         20|
    |column_2_fu_78                                                  |   9|          2|   10|         20|
    |p_anonymous_namespace_lineBuffer_25_magnitude_0_address0_local  |  31|          6|   10|         60|
    |p_anonymous_namespace_lineBuffer_25_magnitude_0_address1_local  |  26|          5|   10|         50|
    |p_anonymous_namespace_lineBuffer_25_magnitude_1_address0_local  |  31|          6|   10|         60|
    |p_anonymous_namespace_lineBuffer_25_magnitude_1_address1_local  |  26|          5|   10|         50|
    +----------------------------------------------------------------+----+-----------+-----+-----------+
    |Total                                                           | 222|         45|   97|        379|
    +----------------------------------------------------------------+----+-----------+-----+-----------+

    * Register: 
    +-------------------------------------------+----+----+-----+-----------+
    |                    Name                   | FF | LUT| Bits| Const Bits|
    +-------------------------------------------+----+----+-----+-----------+
    |and_ln113_reg_875                          |   1|   0|    1|          0|
    |and_ln97_reg_851                           |   1|   0|    1|          0|
    |ap_CS_fsm                                  |   2|   0|    2|          0|
    |ap_done_reg                                |   1|   0|    1|          0|
    |ap_enable_reg_pp0_iter0_reg                |   1|   0|    1|          0|
    |ap_enable_reg_pp0_iter1                    |   1|   0|    1|          0|
    |ap_phi_reg_pp0_iter1_neighbourTwo_reg_321  |  11|   0|   11|          0|
    |centre_direction_reg_826                   |   2|   0|    2|          0|
    |centre_magnitude_reg_819                   |  11|   0|   11|          0|
    |column_2_fu_78                             |  10|   0|   10|          0|
    |column_reg_757                             |  10|   0|   10|          0|
    |column_reg_757_pp0_iter1_reg               |  10|   0|   10|          0|
    |hasBottom_reg_744                          |   1|   0|    1|          0|
    |hasLeft_reg_830                            |   1|   0|    1|          0|
    |hasRight_reg_836                           |   1|   0|    1|          0|
    |hasTop_reg_750                             |   1|   0|    1|          0|
    |icmp_ln119_reg_909                         |   1|   0|    1|          0|
    |icmp_ln120_reg_914                         |   1|   0|    1|          0|
    |icmp_ln74_reg_766                          |   1|   0|    1|          0|
    |lshr_ln1_reg_775                           |   8|   0|    8|          0|
    |trunc_ln74_1_reg_791                       |   1|   0|    1|          0|
    +-------------------------------------------+----+----+-----+-----------+
    |Total                                      |  77|   0|   77|          0|
    +-------------------------------------------+----+----+-----+-----------+



================================================================
== Interface
================================================================
* Summary: 
+----------------------------------------------------------+-----+-----+------------+--------------------------------------------------+--------------+
|                         RTL Ports                        | Dir | Bits|  Protocol  |                   Source Object                  |    C Type    |
+----------------------------------------------------------+-----+-----+------------+--------------------------------------------------+--------------+
|ap_clk                                                    |   in|    1|  ap_ctrl_hs|  non_maximum_suppression_Pipeline_VITIS_LOOP_74_2|  return value|
|ap_rst                                                    |   in|    1|  ap_ctrl_hs|  non_maximum_suppression_Pipeline_VITIS_LOOP_74_2|  return value|
|ap_start                                                  |   in|    1|  ap_ctrl_hs|  non_maximum_suppression_Pipeline_VITIS_LOOP_74_2|  return value|
|ap_done                                                   |  out|    1|  ap_ctrl_hs|  non_maximum_suppression_Pipeline_VITIS_LOOP_74_2|  return value|
|ap_idle                                                   |  out|    1|  ap_ctrl_hs|  non_maximum_suppression_Pipeline_VITIS_LOOP_74_2|  return value|
|ap_ready                                                  |  out|    1|  ap_ctrl_hs|  non_maximum_suppression_Pipeline_VITIS_LOOP_74_2|  return value|
|outputRow                                                 |   in|   31|     ap_none|                                         outputRow|        scalar|
|out_nonmax_address0                                       |  out|    9|   ap_memory|                                        out_nonmax|         array|
|out_nonmax_ce0                                            |  out|    1|   ap_memory|                                        out_nonmax|         array|
|out_nonmax_we0                                            |  out|    1|   ap_memory|                                        out_nonmax|         array|
|out_nonmax_d0                                             |  out|   11|   ap_memory|                                        out_nonmax|         array|
|result_3                                                  |   in|    2|     ap_none|                                          result_3|        scalar|
|zext_ln76                                                 |   in|   11|     ap_none|                                         zext_ln76|        scalar|
|select_ln14                                               |   in|    2|     ap_none|                                       select_ln14|        scalar|
|select_ln14_1                                             |   in|    2|     ap_none|                                     select_ln14_1|        scalar|
|p_anonymous_namespace_lineBuffer_25_magnitude_0_address0  |  out|   10|   ap_memory|   p_anonymous_namespace_lineBuffer_25_magnitude_0|         array|
|p_anonymous_namespace_lineBuffer_25_magnitude_0_ce0       |  out|    1|   ap_memory|   p_anonymous_namespace_lineBuffer_25_magnitude_0|         array|
|p_anonymous_namespace_lineBuffer_25_magnitude_0_q0        |   in|   11|   ap_memory|   p_anonymous_namespace_lineBuffer_25_magnitude_0|         array|
|p_anonymous_namespace_lineBuffer_25_magnitude_0_address1  |  out|   10|   ap_memory|   p_anonymous_namespace_lineBuffer_25_magnitude_0|         array|
|p_anonymous_namespace_lineBuffer_25_magnitude_0_ce1       |  out|    1|   ap_memory|   p_anonymous_namespace_lineBuffer_25_magnitude_0|         array|
|p_anonymous_namespace_lineBuffer_25_magnitude_0_q1        |   in|   11|   ap_memory|   p_anonymous_namespace_lineBuffer_25_magnitude_0|         array|
|p_anonymous_namespace_lineBuffer_25_magnitude_1_address0  |  out|   10|   ap_memory|   p_anonymous_namespace_lineBuffer_25_magnitude_1|         array|
|p_anonymous_namespace_lineBuffer_25_magnitude_1_ce0       |  out|    1|   ap_memory|   p_anonymous_namespace_lineBuffer_25_magnitude_1|         array|
|p_anonymous_namespace_lineBuffer_25_magnitude_1_q0        |   in|   11|   ap_memory|   p_anonymous_namespace_lineBuffer_25_magnitude_1|         array|
|p_anonymous_namespace_lineBuffer_25_magnitude_1_address1  |  out|   10|   ap_memory|   p_anonymous_namespace_lineBuffer_25_magnitude_1|         array|
|p_anonymous_namespace_lineBuffer_25_magnitude_1_ce1       |  out|    1|   ap_memory|   p_anonymous_namespace_lineBuffer_25_magnitude_1|         array|
|p_anonymous_namespace_lineBuffer_25_magnitude_1_q1        |   in|   11|   ap_memory|   p_anonymous_namespace_lineBuffer_25_magnitude_1|         array|
|p_anonymous_namespace_lineBuffer_direction_address0       |  out|   11|   ap_memory|        p_anonymous_namespace_lineBuffer_direction|         array|
|p_anonymous_namespace_lineBuffer_direction_ce0            |  out|    1|   ap_memory|        p_anonymous_namespace_lineBuffer_direction|         array|
|p_anonymous_namespace_lineBuffer_direction_q0             |   in|    2|   ap_memory|        p_anonymous_namespace_lineBuffer_direction|         array|
+----------------------------------------------------------+-----+-----+------------+--------------------------------------------------+--------------+

