

================================================================
== Vitis HLS Report for 'non_maximum_suppression'
================================================================
* Date:           Thu Jul 30 19:40:44 2026

* Version:        2025.2 (Build 6295257 on Nov 14 2025)
* Project:        canny_top
* Solution:       hls (Vitis Kernel Flow Target)
* Product family: zynquplus
* Target device:  xck26-sfvc784-2LV-c


================================================================
== Performance Estimates
================================================================
+ Timing: 
    * Summary: 
    +--------+---------+----------+------------+
    |  Clock |  Target | Estimated| Uncertainty|
    +--------+---------+----------+------------+
    |ap_clk  |  5.00 ns|  3.636 ns|     1.35 ns|
    +--------+---------+----------+------------+

+ Latency: 
    * Summary: 
    +---------+---------+----------+----------+-----+------+---------+
    |  Latency (cycles) |  Latency (absolute) |  Interval  | Pipeline|
    |   min   |   max   |    min   |    max   | min |  max |   Type  |
    +---------+---------+----------+----------+-----+------+---------+
    |        1|     1101|  5.000 ns|  5.505 us|    1|  1101|       no|
    +---------+---------+----------+----------+-----+------+---------+

    + Detail: 
        * Instance: 
        +--------------------------------------------------------------+---------------------------------------------------+---------+---------+----------+----------+-----+-----+-------------------+
        |                                                              |                                                   |  Latency (cycles) |  Latency (absolute) |  Interval |      Pipeline     |
        |                           Instance                           |                       Module                      |   min   |   max   |    min   |    max   | min | max |        Type       |
        +--------------------------------------------------------------+---------------------------------------------------+---------+---------+----------+----------+-----+-----+-------------------+
        |grp_non_maximum_suppression_Pipeline_VITIS_LOOP_57_1_fu_175   |non_maximum_suppression_Pipeline_VITIS_LOOP_57_1   |      514|      514|  2.570 us|  2.570 us|    0|    0|  loop pipeline stp|
        |grp_non_maximum_suppression_Pipeline_VITIS_LOOP_112_4_fu_196  |non_maximum_suppression_Pipeline_VITIS_LOOP_112_4  |      515|      515|  2.575 us|  2.575 us|    0|    0|  loop pipeline stp|
        +--------------------------------------------------------------+---------------------------------------------------+---------+---------+----------+----------+-----+-----+-------------------+

        * Loop: 
        N/A



================================================================
== Utilization Estimates
================================================================
* Summary: 
+-----------------+---------+------+--------+--------+-----+
|       Name      | BRAM_18K|  DSP |   FF   |   LUT  | URAM|
+-----------------+---------+------+--------+--------+-----+
|DSP              |        -|     -|       -|       -|    -|
|Expression       |        -|     -|       0|     191|    -|
|FIFO             |        -|     -|       -|       -|    -|
|Instance         |        -|     -|    1381|    1395|    -|
|Memory           |        -|     -|       -|       -|    -|
|Multiplexer      |        -|     -|       0|     638|    -|
|Register         |        -|     -|     334|       -|    -|
+-----------------+---------+------+--------+--------+-----+
|Total            |        0|     0|    1715|    2224|    0|
+-----------------+---------+------+--------+--------+-----+
|Available        |      288|  1248|  234240|  117120|   64|
+-----------------+---------+------+--------+--------+-----+
|Utilization (%)  |        0|     0|      ~0|       1|    0|
+-----------------+---------+------+--------+--------+-----+

+ Detail: 
    * Instance: 
    +--------------------------------------------------------------+---------------------------------------------------+---------+----+-----+-----+-----+
    |                           Instance                           |                       Module                      | BRAM_18K| DSP|  FF | LUT | URAM|
    +--------------------------------------------------------------+---------------------------------------------------+---------+----+-----+-----+-----+
    |grp_non_maximum_suppression_Pipeline_VITIS_LOOP_112_4_fu_196  |non_maximum_suppression_Pipeline_VITIS_LOOP_112_4  |        0|   0|  132|  536|    0|
    |grp_non_maximum_suppression_Pipeline_VITIS_LOOP_57_1_fu_175   |non_maximum_suppression_Pipeline_VITIS_LOOP_57_1   |        0|   0|   67|   73|    0|
    |sparsemux_7_2_11_1_1_U180                                     |sparsemux_7_2_11_1_1                               |        0|   0|    0|    9|    0|
    |sparsemux_7_2_11_1_1_U181                                     |sparsemux_7_2_11_1_1                               |        0|   0|    0|    9|    0|
    |sparsemux_7_2_11_1_1_U183                                     |sparsemux_7_2_11_1_1                               |        0|   0|    0|    9|    0|
    |sparsemux_7_2_11_1_1_U184                                     |sparsemux_7_2_11_1_1                               |        0|   0|    0|    9|    0|
    |sparsemux_7_2_11_1_1_U185                                     |sparsemux_7_2_11_1_1                               |        0|   0|    0|    9|    0|
    |sparsemux_7_2_11_1_1_U187                                     |sparsemux_7_2_11_1_1                               |        0|   0|    0|    9|    0|
    |sparsemux_7_2_2_1_1_U182                                      |sparsemux_7_2_2_1_1                                |        0|   0|    0|    9|    0|
    |sparsemux_7_2_2_1_1_U186                                      |sparsemux_7_2_2_1_1                                |        0|   0|    0|    9|    0|
    |srem_32ns_3ns_32_36_seq_1_U177                                |srem_32ns_3ns_32_36_seq_1                          |        0|   0|  394|  238|    0|
    |srem_32ns_3ns_32_36_seq_1_U178                                |srem_32ns_3ns_32_36_seq_1                          |        0|   0|  394|  238|    0|
    |urem_32ns_3ns_2_36_seq_1_U179                                 |urem_32ns_3ns_2_36_seq_1                           |        0|   0|  394|  238|    0|
    +--------------------------------------------------------------+---------------------------------------------------+---------+----+-----+-----+-----+
    |Total                                                         |                                                   |        0|   0| 1381| 1395|    0|
    +--------------------------------------------------------------+---------------------------------------------------+---------+----+-----+-----+-----+

    * DSP: 
    N/A

    * Memory: 
    N/A

    * FIFO: 
    N/A

    * Expression: 
    +----------------------------------+----------+----+---+----+------------+------------+
    |           Variable Name          | Operation| DSP| FF| LUT| Bitwidth P0| Bitwidth P1|
    +----------------------------------+----------+----+---+----+------------+------------+
    |add_ln14_1_fu_318_p2              |         +|   0|  0|   9|           2|           2|
    |add_ln14_fu_342_p2                |         +|   0|  0|   9|           2|           2|
    |add_ln61_fu_236_p2                |         +|   0|  0|  39|          32|           1|
    |grp_fu_279_p0                     |         +|   0|  0|  39|          32|           3|
    |outputRow_fu_257_p2               |         +|   0|  0|  39|          32|           2|
    |empty_41_fu_361_p2                |         -|   0|  0|  10|           3|           2|
    |ap_block_state73_on_subcall_done  |       and|   0|  0|   2|           1|           1|
    |ap_predicate_op242_call_state73   |       and|   0|  0|   2|           1|           1|
    |ap_block_state1                   |        or|   0|  0|   2|           1|           1|
    |p_cast6_fu_292_p3                 |    select|   0|  0|   2|           1|           2|
    |p_smodpost_fu_367_p3              |    select|   0|  0|   2|           1|           2|
    |select_ln14_1_fu_323_p3           |    select|   0|  0|   2|           1|           2|
    |select_ln14_fu_348_p3             |    select|   0|  0|   2|           1|           2|
    |grp_fu_305_p0                     |       xor|   0|  0|  32|          32|          32|
    +----------------------------------+----------+----+---+----+------------+------------+
    |Total                             |          |   0|  0| 191|         142|          55|
    +----------------------------------+----------+----+---+----+------------+------------+

    * Multiplexer: 
    +-------------------------------------------------------+-----+-----------+-----+-----------+
    |                          Name                         | LUT | Input Size| Bits| Total Bits|
    +-------------------------------------------------------+-----+-----------+-----+-----------+
    |ap_NS_fsm                                              |  389|         74|    1|         74|
    |ap_done                                                |    9|          2|    1|          2|
    |ap_phi_mux_valid_out_write_assign_phi_fu_164_p6        |    9|          2|    1|          2|
    |p_anonymous_namespace_lineBuffer_direction_0_address0  |   14|          3|    9|         27|
    |p_anonymous_namespace_lineBuffer_direction_0_ce0       |   14|          3|    1|          3|
    |p_anonymous_namespace_lineBuffer_direction_0_we0       |    9|          2|    1|          2|
    |p_anonymous_namespace_lineBuffer_direction_1_address0  |   14|          3|    9|         27|
    |p_anonymous_namespace_lineBuffer_direction_1_ce0       |   14|          3|    1|          3|
    |p_anonymous_namespace_lineBuffer_direction_1_we0       |    9|          2|    1|          2|
    |p_anonymous_namespace_lineBuffer_direction_2_address0  |   14|          3|    9|         27|
    |p_anonymous_namespace_lineBuffer_direction_2_ce0       |   14|          3|    1|          3|
    |p_anonymous_namespace_lineBuffer_direction_2_we0       |    9|          2|    1|          2|
    |p_anonymous_namespace_lineBuffer_magnitude_0_address0  |   14|          3|    9|         27|
    |p_anonymous_namespace_lineBuffer_magnitude_0_ce0       |   14|          3|    1|          3|
    |p_anonymous_namespace_lineBuffer_magnitude_0_we0       |    9|          2|    1|          2|
    |p_anonymous_namespace_lineBuffer_magnitude_1_address0  |   14|          3|    9|         27|
    |p_anonymous_namespace_lineBuffer_magnitude_1_ce0       |   14|          3|    1|          3|
    |p_anonymous_namespace_lineBuffer_magnitude_1_we0       |    9|          2|    1|          2|
    |p_anonymous_namespace_lineBuffer_magnitude_2_address0  |   14|          3|    9|         27|
    |p_anonymous_namespace_lineBuffer_magnitude_2_ce0       |   14|          3|    1|          3|
    |p_anonymous_namespace_lineBuffer_magnitude_2_we0       |    9|          2|    1|          2|
    |p_anonymous_namespace_rowsReceived_o                   |    9|          2|   32|         64|
    +-------------------------------------------------------+-----+-----------+-----+-----------+
    |Total                                                  |  638|        128|  101|        334|
    +-------------------------------------------------------+-----+-----------+-----+-----------+

    * Register: 
    +---------------------------------------------------------------------------+----+----+-----+-----------+
    |                                    Name                                   | FF | LUT| Bits| Const Bits|
    +---------------------------------------------------------------------------+----+----+-----+-----------+
    |ap_CS_fsm                                                                  |  73|   0|   73|          0|
    |ap_done_reg                                                                |   1|   0|    1|          0|
    |grp_non_maximum_suppression_Pipeline_VITIS_LOOP_112_4_fu_196_ap_start_reg  |   1|   0|    1|          0|
    |grp_non_maximum_suppression_Pipeline_VITIS_LOOP_57_1_fu_175_ap_start_reg   |   1|   0|    1|          0|
    |p_anonymous_namespace_lineBuffer_direction_0_load_1_reg_634                |   2|   0|    2|          0|
    |p_anonymous_namespace_lineBuffer_direction_0_load_reg_598                  |   2|   0|    2|          0|
    |p_anonymous_namespace_lineBuffer_direction_1_load_1_reg_639                |   2|   0|    2|          0|
    |p_anonymous_namespace_lineBuffer_direction_1_load_reg_603                  |   2|   0|    2|          0|
    |p_anonymous_namespace_lineBuffer_direction_2_load_1_reg_644                |   2|   0|    2|          0|
    |p_anonymous_namespace_lineBuffer_direction_2_load_reg_608                  |   2|   0|    2|          0|
    |p_anonymous_namespace_lineBuffer_magnitude_0_load_1_reg_613                |  11|   0|   11|          0|
    |p_anonymous_namespace_lineBuffer_magnitude_0_load_reg_577                  |  11|   0|   11|          0|
    |p_anonymous_namespace_lineBuffer_magnitude_1_load_1_reg_620                |  11|   0|   11|          0|
    |p_anonymous_namespace_lineBuffer_magnitude_1_load_reg_584                  |  11|   0|   11|          0|
    |p_anonymous_namespace_lineBuffer_magnitude_2_load_1_reg_627                |  11|   0|   11|          0|
    |p_anonymous_namespace_lineBuffer_magnitude_2_load_reg_591                  |  11|   0|   11|          0|
    |p_anonymous_namespace_rowsReceived_load_reg_521                            |  32|   0|   32|          0|
    |p_read_3_reg_517                                                           |   1|   0|    1|          0|
    |p_smodpost_reg_654                                                         |   2|   0|    2|          0|
    |select_ln14_1_reg_570                                                      |   2|   0|    2|          0|
    |select_ln14_reg_649                                                        |   2|   0|    2|          0|
    |tmp_1_reg_669                                                              |   2|   0|    2|          0|
    |tmp_23_reg_551                                                             |   1|   0|    1|          0|
    |tmp_25_reg_560                                                             |   1|   0|    1|          0|
    |tmp_2_reg_674                                                              |  11|   0|   11|          0|
    |tmp_3_reg_679                                                              |  11|   0|   11|          0|
    |tmp_4_reg_684                                                              |  11|   0|   11|          0|
    |tmp_5_reg_689                                                              |   2|   0|    2|          0|
    |tmp_6_reg_694                                                              |  11|   0|   11|          0|
    |tmp_reg_659                                                                |  11|   0|   11|          0|
    |tmp_s_reg_664                                                              |  11|   0|   11|          0|
    |trunc_ln54_1_reg_541                                                       |   3|   0|    3|          0|
    |trunc_ln54_reg_535                                                         |   2|   0|    2|          0|
    |trunc_ln67_reg_546                                                         |  31|   0|   31|          0|
    |valid_out_write_assign_reg_160                                             |   1|   0|    1|          0|
    |writeSlot_reg_530                                                          |  32|   0|   32|          0|
    +---------------------------------------------------------------------------+----+----+-----+-----------+
    |Total                                                                      | 334|   0|  334|          0|
    +---------------------------------------------------------------------------+----+----+-----+-----------+



================================================================
== Interface
================================================================
* Summary: 
+-------------------------------------------------------+-----+-----+------------+----------------------------------------------+--------------+
|                       RTL Ports                       | Dir | Bits|  Protocol  |                 Source Object                |    C Type    |
+-------------------------------------------------------+-----+-----+------------+----------------------------------------------+--------------+
|ap_clk                                                 |   in|    1|  ap_ctrl_hs|                       non_maximum_suppression|  return value|
|ap_rst                                                 |   in|    1|  ap_ctrl_hs|                       non_maximum_suppression|  return value|
|ap_start                                               |   in|    1|  ap_ctrl_hs|                       non_maximum_suppression|  return value|
|ap_done                                                |  out|    1|  ap_ctrl_hs|                       non_maximum_suppression|  return value|
|ap_continue                                            |   in|    1|  ap_ctrl_hs|                       non_maximum_suppression|  return value|
|ap_idle                                                |  out|    1|  ap_ctrl_hs|                       non_maximum_suppression|  return value|
|ap_ready                                               |  out|    1|  ap_ctrl_hs|                       non_maximum_suppression|  return value|
|ap_return                                              |  out|    1|  ap_ctrl_hs|                       non_maximum_suppression|  return value|
|p_read                                                 |   in|    1|     ap_none|                                        p_read|        scalar|
|out_sobel_magnitude_address0                           |  out|    9|   ap_memory|                           out_sobel_magnitude|         array|
|out_sobel_magnitude_ce0                                |  out|    1|   ap_memory|                           out_sobel_magnitude|         array|
|out_sobel_magnitude_q0                                 |   in|   11|   ap_memory|                           out_sobel_magnitude|         array|
|out_sobel_direction_address0                           |  out|    9|   ap_memory|                           out_sobel_direction|         array|
|out_sobel_direction_ce0                                |  out|    1|   ap_memory|                           out_sobel_direction|         array|
|out_sobel_direction_q0                                 |   in|    2|   ap_memory|                           out_sobel_direction|         array|
|out_nonmax_address0                                    |  out|    9|   ap_memory|                                    out_nonmax|         array|
|out_nonmax_ce0                                         |  out|    1|   ap_memory|                                    out_nonmax|         array|
|out_nonmax_we0                                         |  out|    1|   ap_memory|                                    out_nonmax|         array|
|out_nonmax_d0                                          |  out|   11|   ap_memory|                                    out_nonmax|         array|
|p_anonymous_namespace_rowsReceived_i                   |   in|   32|     ap_ovld|            p_anonymous_namespace_rowsReceived|       pointer|
|p_anonymous_namespace_rowsReceived_o                   |  out|   32|     ap_ovld|            p_anonymous_namespace_rowsReceived|       pointer|
|p_anonymous_namespace_rowsReceived_o_ap_vld            |  out|    1|     ap_ovld|            p_anonymous_namespace_rowsReceived|       pointer|
|p_anonymous_namespace_lineBuffer_magnitude_0_address0  |  out|    9|   ap_memory|  p_anonymous_namespace_lineBuffer_magnitude_0|         array|
|p_anonymous_namespace_lineBuffer_magnitude_0_ce0       |  out|    1|   ap_memory|  p_anonymous_namespace_lineBuffer_magnitude_0|         array|
|p_anonymous_namespace_lineBuffer_magnitude_0_we0       |  out|    1|   ap_memory|  p_anonymous_namespace_lineBuffer_magnitude_0|         array|
|p_anonymous_namespace_lineBuffer_magnitude_0_d0        |  out|   11|   ap_memory|  p_anonymous_namespace_lineBuffer_magnitude_0|         array|
|p_anonymous_namespace_lineBuffer_magnitude_0_q0        |   in|   11|   ap_memory|  p_anonymous_namespace_lineBuffer_magnitude_0|         array|
|p_anonymous_namespace_lineBuffer_magnitude_0_address1  |  out|    9|   ap_memory|  p_anonymous_namespace_lineBuffer_magnitude_0|         array|
|p_anonymous_namespace_lineBuffer_magnitude_0_ce1       |  out|    1|   ap_memory|  p_anonymous_namespace_lineBuffer_magnitude_0|         array|
|p_anonymous_namespace_lineBuffer_magnitude_0_q1        |   in|   11|   ap_memory|  p_anonymous_namespace_lineBuffer_magnitude_0|         array|
|p_anonymous_namespace_lineBuffer_direction_0_address0  |  out|    9|   ap_memory|  p_anonymous_namespace_lineBuffer_direction_0|         array|
|p_anonymous_namespace_lineBuffer_direction_0_ce0       |  out|    1|   ap_memory|  p_anonymous_namespace_lineBuffer_direction_0|         array|
|p_anonymous_namespace_lineBuffer_direction_0_we0       |  out|    1|   ap_memory|  p_anonymous_namespace_lineBuffer_direction_0|         array|
|p_anonymous_namespace_lineBuffer_direction_0_d0        |  out|    2|   ap_memory|  p_anonymous_namespace_lineBuffer_direction_0|         array|
|p_anonymous_namespace_lineBuffer_direction_0_q0        |   in|    2|   ap_memory|  p_anonymous_namespace_lineBuffer_direction_0|         array|
|p_anonymous_namespace_lineBuffer_direction_0_address1  |  out|    9|   ap_memory|  p_anonymous_namespace_lineBuffer_direction_0|         array|
|p_anonymous_namespace_lineBuffer_direction_0_ce1       |  out|    1|   ap_memory|  p_anonymous_namespace_lineBuffer_direction_0|         array|
|p_anonymous_namespace_lineBuffer_direction_0_q1        |   in|    2|   ap_memory|  p_anonymous_namespace_lineBuffer_direction_0|         array|
|p_anonymous_namespace_lineBuffer_magnitude_1_address0  |  out|    9|   ap_memory|  p_anonymous_namespace_lineBuffer_magnitude_1|         array|
|p_anonymous_namespace_lineBuffer_magnitude_1_ce0       |  out|    1|   ap_memory|  p_anonymous_namespace_lineBuffer_magnitude_1|         array|
|p_anonymous_namespace_lineBuffer_magnitude_1_we0       |  out|    1|   ap_memory|  p_anonymous_namespace_lineBuffer_magnitude_1|         array|
|p_anonymous_namespace_lineBuffer_magnitude_1_d0        |  out|   11|   ap_memory|  p_anonymous_namespace_lineBuffer_magnitude_1|         array|
|p_anonymous_namespace_lineBuffer_magnitude_1_q0        |   in|   11|   ap_memory|  p_anonymous_namespace_lineBuffer_magnitude_1|         array|
|p_anonymous_namespace_lineBuffer_magnitude_1_address1  |  out|    9|   ap_memory|  p_anonymous_namespace_lineBuffer_magnitude_1|         array|
|p_anonymous_namespace_lineBuffer_magnitude_1_ce1       |  out|    1|   ap_memory|  p_anonymous_namespace_lineBuffer_magnitude_1|         array|
|p_anonymous_namespace_lineBuffer_magnitude_1_q1        |   in|   11|   ap_memory|  p_anonymous_namespace_lineBuffer_magnitude_1|         array|
|p_anonymous_namespace_lineBuffer_direction_1_address0  |  out|    9|   ap_memory|  p_anonymous_namespace_lineBuffer_direction_1|         array|
|p_anonymous_namespace_lineBuffer_direction_1_ce0       |  out|    1|   ap_memory|  p_anonymous_namespace_lineBuffer_direction_1|         array|
|p_anonymous_namespace_lineBuffer_direction_1_we0       |  out|    1|   ap_memory|  p_anonymous_namespace_lineBuffer_direction_1|         array|
|p_anonymous_namespace_lineBuffer_direction_1_d0        |  out|    2|   ap_memory|  p_anonymous_namespace_lineBuffer_direction_1|         array|
|p_anonymous_namespace_lineBuffer_direction_1_q0        |   in|    2|   ap_memory|  p_anonymous_namespace_lineBuffer_direction_1|         array|
|p_anonymous_namespace_lineBuffer_direction_1_address1  |  out|    9|   ap_memory|  p_anonymous_namespace_lineBuffer_direction_1|         array|
|p_anonymous_namespace_lineBuffer_direction_1_ce1       |  out|    1|   ap_memory|  p_anonymous_namespace_lineBuffer_direction_1|         array|
|p_anonymous_namespace_lineBuffer_direction_1_q1        |   in|    2|   ap_memory|  p_anonymous_namespace_lineBuffer_direction_1|         array|
|p_anonymous_namespace_lineBuffer_magnitude_2_address0  |  out|    9|   ap_memory|  p_anonymous_namespace_lineBuffer_magnitude_2|         array|
|p_anonymous_namespace_lineBuffer_magnitude_2_ce0       |  out|    1|   ap_memory|  p_anonymous_namespace_lineBuffer_magnitude_2|         array|
|p_anonymous_namespace_lineBuffer_magnitude_2_we0       |  out|    1|   ap_memory|  p_anonymous_namespace_lineBuffer_magnitude_2|         array|
|p_anonymous_namespace_lineBuffer_magnitude_2_d0        |  out|   11|   ap_memory|  p_anonymous_namespace_lineBuffer_magnitude_2|         array|
|p_anonymous_namespace_lineBuffer_magnitude_2_q0        |   in|   11|   ap_memory|  p_anonymous_namespace_lineBuffer_magnitude_2|         array|
|p_anonymous_namespace_lineBuffer_magnitude_2_address1  |  out|    9|   ap_memory|  p_anonymous_namespace_lineBuffer_magnitude_2|         array|
|p_anonymous_namespace_lineBuffer_magnitude_2_ce1       |  out|    1|   ap_memory|  p_anonymous_namespace_lineBuffer_magnitude_2|         array|
|p_anonymous_namespace_lineBuffer_magnitude_2_q1        |   in|   11|   ap_memory|  p_anonymous_namespace_lineBuffer_magnitude_2|         array|
|p_anonymous_namespace_lineBuffer_direction_2_address0  |  out|    9|   ap_memory|  p_anonymous_namespace_lineBuffer_direction_2|         array|
|p_anonymous_namespace_lineBuffer_direction_2_ce0       |  out|    1|   ap_memory|  p_anonymous_namespace_lineBuffer_direction_2|         array|
|p_anonymous_namespace_lineBuffer_direction_2_we0       |  out|    1|   ap_memory|  p_anonymous_namespace_lineBuffer_direction_2|         array|
|p_anonymous_namespace_lineBuffer_direction_2_d0        |  out|    2|   ap_memory|  p_anonymous_namespace_lineBuffer_direction_2|         array|
|p_anonymous_namespace_lineBuffer_direction_2_q0        |   in|    2|   ap_memory|  p_anonymous_namespace_lineBuffer_direction_2|         array|
|p_anonymous_namespace_lineBuffer_direction_2_address1  |  out|    9|   ap_memory|  p_anonymous_namespace_lineBuffer_direction_2|         array|
|p_anonymous_namespace_lineBuffer_direction_2_ce1       |  out|    1|   ap_memory|  p_anonymous_namespace_lineBuffer_direction_2|         array|
|p_anonymous_namespace_lineBuffer_direction_2_q1        |   in|    2|   ap_memory|  p_anonymous_namespace_lineBuffer_direction_2|         array|
+-------------------------------------------------------+-----+-----+------------+----------------------------------------------+--------------+

