

================================================================
== Vitis HLS Report for 'non_maximum_suppression_Pipeline_VITIS_LOOP_57_1'
================================================================
* Date:           Wed Jul 29 23:33:24 2026

* Version:        2025.2 (Build 6295257 on Nov 14 2025)
* Project:        canny_top
* Solution:       hls (Vitis Kernel Flow Target)
* Product family: zynquplus
* Target device:  xck26-sfvc784-2LV-c


================================================================
== Performance Estimates
================================================================
+ Timing: 
    * Summary: 
    +--------+---------+----------+------------+
    |  Clock |  Target | Estimated| Uncertainty|
    +--------+---------+----------+------------+
    |ap_clk  |  5.00 ns|  2.474 ns|     1.35 ns|
    +--------+---------+----------+------------+

+ Latency: 
    * Summary: 
    +---------+---------+----------+----------+-----+-----+-------------------+
    |  Latency (cycles) |  Latency (absolute) |  Interval |      Pipeline     |
    |   min   |   max   |    min   |    max   | min | max |        Type       |
    +---------+---------+----------+----------+-----+-----+-------------------+
    |      514|      514|  2.570 us|  2.570 us|    0|    0|  loop pipeline stp|
    +---------+---------+----------+----------+-----+-----+-------------------+

    + Detail: 
        * Instance: 
        N/A

        * Loop: 
        +-------------------+---------+---------+----------+-----------+-----------+------+----------+
        |                   |  Latency (cycles) | Iteration|  Initiation Interval  | Trip |          |
        |     Loop Name     |   min   |   max   |  Latency |  achieved |   target  | Count| Pipelined|
        +-------------------+---------+---------+----------+-----------+-----------+------+----------+
        |- VITIS_LOOP_57_1  |      512|      512|         2|          1|          1|   512|       yes|
        +-------------------+---------+---------+----------+-----------+-----------+------+----------+



================================================================
== Utilization Estimates
================================================================
* Summary: 
+-----------------+---------+------+--------+--------+-----+
|       Name      | BRAM_18K|  DSP |   FF   |   LUT  | URAM|
+-----------------+---------+------+--------+--------+-----+
|DSP              |        -|     -|       -|       -|    -|
|Expression       |        -|     -|       0|      37|    -|
|FIFO             |        -|     -|       -|       -|    -|
|Instance         |        -|     -|       -|       -|    -|
|Memory           |        -|     -|       -|       -|    -|
|Multiplexer      |        -|     -|       0|      36|    -|
|Register         |        -|     -|      67|       -|    -|
+-----------------+---------+------+--------+--------+-----+
|Total            |        0|     0|      67|      73|    0|
+-----------------+---------+------+--------+--------+-----+
|Available        |      288|  1248|  234240|  117120|   64|
+-----------------+---------+------+--------+--------+-----+
|Utilization (%)  |        0|     0|      ~0|      ~0|    0|
+-----------------+---------+------+--------+--------+-----+

+ Detail: 
    * Instance: 
    N/A

    * DSP: 
    N/A

    * Memory: 
    N/A

    * FIFO: 
    N/A

    * Expression: 
    +---------------------+----------+----+---+----+------------+------------+
    |    Variable Name    | Operation| DSP| FF| LUT| Bitwidth P0| Bitwidth P1|
    +---------------------+----------+----+---+----+------------+------------+
    |add_ln57_fu_180_p2   |         +|   0|  0|  17|          10|           1|
    |icmp_ln57_fu_174_p2  |      icmp|   0|  0|  18|          10|          11|
    |ap_enable_pp0        |       xor|   0|  0|   2|           1|           2|
    +---------------------+----------+----+---+----+------------+------------+
    |Total                |          |   0|  0|  37|          21|          14|
    +---------------------+----------+----+---+----+------------+------------+

    * Multiplexer: 
    +---------------------------+----+-----------+-----+-----------+
    |            Name           | LUT| Input Size| Bits| Total Bits|
    +---------------------------+----+-----------+-----+-----------+
    |ap_done_int                |   9|          2|    1|          2|
    |ap_enable_reg_pp0_iter1    |   9|          2|    1|          2|
    |ap_sig_allocacmp_column_3  |   9|          2|   10|         20|
    |column_fu_52               |   9|          2|   10|         20|
    +---------------------------+----+-----------+-----+-----------+
    |Total                      |  36|          8|   22|         44|
    +---------------------------+----+-----------+-----+-----------+

    * Register: 
    +-----------------------------------------------------------+----+----+-----+-----------+
    |                            Name                           | FF | LUT| Bits| Const Bits|
    +-----------------------------------------------------------+----+----+-----+-----------+
    |ap_CS_fsm                                                  |   1|   0|    1|          0|
    |ap_done_reg                                                |   1|   0|    1|          0|
    |ap_enable_reg_pp0_iter1                                    |   1|   0|    1|          0|
    |column_fu_52                                               |  10|   0|   10|          0|
    |p_anonymous_namespace_lineBuffer_direction_0_addr_reg_252  |   9|   0|    9|          0|
    |p_anonymous_namespace_lineBuffer_direction_1_addr_reg_257  |   9|   0|    9|          0|
    |p_anonymous_namespace_lineBuffer_direction_2_addr_reg_262  |   9|   0|    9|          0|
    |p_anonymous_namespace_lineBuffer_magnitude_0_addr_reg_237  |   9|   0|    9|          0|
    |p_anonymous_namespace_lineBuffer_magnitude_1_addr_reg_242  |   9|   0|    9|          0|
    |p_anonymous_namespace_lineBuffer_magnitude_2_addr_reg_247  |   9|   0|    9|          0|
    +-----------------------------------------------------------+----+----+-----+-----------+
    |Total                                                      |  67|   0|   67|          0|
    +-----------------------------------------------------------+----+----+-----+-----------+



================================================================
== Interface
================================================================
* Summary: 
+-------------------------------------------------------+-----+-----+------------+--------------------------------------------------+--------------+
|                       RTL Ports                       | Dir | Bits|  Protocol  |                   Source Object                  |    C Type    |
+-------------------------------------------------------+-----+-----+------------+--------------------------------------------------+--------------+
|ap_clk                                                 |   in|    1|  ap_ctrl_hs|  non_maximum_suppression_Pipeline_VITIS_LOOP_57_1|  return value|
|ap_rst                                                 |   in|    1|  ap_ctrl_hs|  non_maximum_suppression_Pipeline_VITIS_LOOP_57_1|  return value|
|ap_start                                               |   in|    1|  ap_ctrl_hs|  non_maximum_suppression_Pipeline_VITIS_LOOP_57_1|  return value|
|ap_done                                                |  out|    1|  ap_ctrl_hs|  non_maximum_suppression_Pipeline_VITIS_LOOP_57_1|  return value|
|ap_idle                                                |  out|    1|  ap_ctrl_hs|  non_maximum_suppression_Pipeline_VITIS_LOOP_57_1|  return value|
|ap_ready                                               |  out|    1|  ap_ctrl_hs|  non_maximum_suppression_Pipeline_VITIS_LOOP_57_1|  return value|
|out_sobel_magnitude_address0                           |  out|    9|   ap_memory|                               out_sobel_magnitude|         array|
|out_sobel_magnitude_ce0                                |  out|    1|   ap_memory|                               out_sobel_magnitude|         array|
|out_sobel_magnitude_q0                                 |   in|   11|   ap_memory|                               out_sobel_magnitude|         array|
|out_sobel_direction_address0                           |  out|    9|   ap_memory|                               out_sobel_direction|         array|
|out_sobel_direction_ce0                                |  out|    1|   ap_memory|                               out_sobel_direction|         array|
|out_sobel_direction_q0                                 |   in|    2|   ap_memory|                               out_sobel_direction|         array|
|empty                                                  |   in|    3|     ap_none|                                             empty|        scalar|
|p_anonymous_namespace_lineBuffer_magnitude_0_address0  |  out|    9|   ap_memory|      p_anonymous_namespace_lineBuffer_magnitude_0|         array|
|p_anonymous_namespace_lineBuffer_magnitude_0_ce0       |  out|    1|   ap_memory|      p_anonymous_namespace_lineBuffer_magnitude_0|         array|
|p_anonymous_namespace_lineBuffer_magnitude_0_we0       |  out|    1|   ap_memory|      p_anonymous_namespace_lineBuffer_magnitude_0|         array|
|p_anonymous_namespace_lineBuffer_magnitude_0_d0        |  out|   11|   ap_memory|      p_anonymous_namespace_lineBuffer_magnitude_0|         array|
|p_anonymous_namespace_lineBuffer_direction_0_address0  |  out|    9|   ap_memory|      p_anonymous_namespace_lineBuffer_direction_0|         array|
|p_anonymous_namespace_lineBuffer_direction_0_ce0       |  out|    1|   ap_memory|      p_anonymous_namespace_lineBuffer_direction_0|         array|
|p_anonymous_namespace_lineBuffer_direction_0_we0       |  out|    1|   ap_memory|      p_anonymous_namespace_lineBuffer_direction_0|         array|
|p_anonymous_namespace_lineBuffer_direction_0_d0        |  out|    2|   ap_memory|      p_anonymous_namespace_lineBuffer_direction_0|         array|
|p_anonymous_namespace_lineBuffer_magnitude_1_address0  |  out|    9|   ap_memory|      p_anonymous_namespace_lineBuffer_magnitude_1|         array|
|p_anonymous_namespace_lineBuffer_magnitude_1_ce0       |  out|    1|   ap_memory|      p_anonymous_namespace_lineBuffer_magnitude_1|         array|
|p_anonymous_namespace_lineBuffer_magnitude_1_we0       |  out|    1|   ap_memory|      p_anonymous_namespace_lineBuffer_magnitude_1|         array|
|p_anonymous_namespace_lineBuffer_magnitude_1_d0        |  out|   11|   ap_memory|      p_anonymous_namespace_lineBuffer_magnitude_1|         array|
|p_anonymous_namespace_lineBuffer_direction_1_address0  |  out|    9|   ap_memory|      p_anonymous_namespace_lineBuffer_direction_1|         array|
|p_anonymous_namespace_lineBuffer_direction_1_ce0       |  out|    1|   ap_memory|      p_anonymous_namespace_lineBuffer_direction_1|         array|
|p_anonymous_namespace_lineBuffer_direction_1_we0       |  out|    1|   ap_memory|      p_anonymous_namespace_lineBuffer_direction_1|         array|
|p_anonymous_namespace_lineBuffer_direction_1_d0        |  out|    2|   ap_memory|      p_anonymous_namespace_lineBuffer_direction_1|         array|
|p_anonymous_namespace_lineBuffer_magnitude_2_address0  |  out|    9|   ap_memory|      p_anonymous_namespace_lineBuffer_magnitude_2|         array|
|p_anonymous_namespace_lineBuffer_magnitude_2_ce0       |  out|    1|   ap_memory|      p_anonymous_namespace_lineBuffer_magnitude_2|         array|
|p_anonymous_namespace_lineBuffer_magnitude_2_we0       |  out|    1|   ap_memory|      p_anonymous_namespace_lineBuffer_magnitude_2|         array|
|p_anonymous_namespace_lineBuffer_magnitude_2_d0        |  out|   11|   ap_memory|      p_anonymous_namespace_lineBuffer_magnitude_2|         array|
|p_anonymous_namespace_lineBuffer_direction_2_address0  |  out|    9|   ap_memory|      p_anonymous_namespace_lineBuffer_direction_2|         array|
|p_anonymous_namespace_lineBuffer_direction_2_ce0       |  out|    1|   ap_memory|      p_anonymous_namespace_lineBuffer_direction_2|         array|
|p_anonymous_namespace_lineBuffer_direction_2_we0       |  out|    1|   ap_memory|      p_anonymous_namespace_lineBuffer_direction_2|         array|
|p_anonymous_namespace_lineBuffer_direction_2_d0        |  out|    2|   ap_memory|      p_anonymous_namespace_lineBuffer_direction_2|         array|
+-------------------------------------------------------+-----+-----+------------+--------------------------------------------------+--------------+

