

================================================================
== Vitis HLS Report for 'output_row'
================================================================
* Date:           Thu Jul 23 23:06:36 2026

* Version:        2025.2 (Build 6295257 on Nov 14 2025)
* Project:        canny_top
* Solution:       hls (Vitis Kernel Flow Target)
* Product family: zynquplus
* Target device:  xck26-sfvc784-2LV-c


================================================================
== Performance Estimates
================================================================
+ Timing: 
    * Summary: 
    +--------+---------+----------+------------+
    |  Clock |  Target | Estimated| Uncertainty|
    +--------+---------+----------+------------+
    |ap_clk  |  5.00 ns|  3.650 ns|     1.35 ns|
    +--------+---------+----------+------------+

+ Latency: 
    * Summary: 
    +---------+---------+----------+----------+-----+-----+---------+
    |  Latency (cycles) |  Latency (absolute) |  Interval | Pipeline|
    |   min   |   max   |    min   |    max   | min | max |   Type  |
    +---------+---------+----------+----------+-----+-----+---------+
    |        1|      586|  5.000 ns|  2.930 us|    1|  586|       no|
    +---------+---------+----------+----------+-----+-----+---------+

    + Detail: 
        * Instance: 
        +-----------------------------------------------+-------------------------------------+---------+---------+----------+----------+-----+-----+-------------------+
        |                                               |                                     |  Latency (cycles) |  Latency (absolute) |  Interval |      Pipeline     |
        |                    Instance                   |                Module               |   min   |   max   |    min   |    max   | min | max |        Type       |
        +-----------------------------------------------+-------------------------------------+---------+---------+----------+----------+-----+-----+-------------------+
        |grp_output_row_Pipeline_VITIS_LOOP_20_1_fu_84  |output_row_Pipeline_VITIS_LOOP_20_1  |      515|      515|  2.575 us|  2.575 us|    0|    0|  loop pipeline stp|
        +-----------------------------------------------+-------------------------------------+---------+---------+----------+----------+-----+-----+-------------------+

        * Loop: 
        N/A



================================================================
== Utilization Estimates
================================================================
* Summary: 
+-----------------+---------+------+--------+--------+-----+
|       Name      | BRAM_18K|  DSP |   FF   |   LUT  | URAM|
+-----------------+---------+------+--------+--------+-----+
|DSP              |        -|     -|       -|       -|    -|
|Expression       |        -|     -|       0|     153|    -|
|FIFO             |        -|     -|       -|       -|    -|
|Instance         |        -|     -|    1022|     599|    -|
|Memory           |        -|     -|       -|       -|    -|
|Multiplexer      |        -|     -|       0|     559|    -|
|Register         |        -|     -|     165|       -|    -|
+-----------------+---------+------+--------+--------+-----+
|Total            |        0|     0|    1187|    1311|    0|
+-----------------+---------+------+--------+--------+-----+
|Available        |      288|  1248|  234240|  117120|   64|
+-----------------+---------+------+--------+--------+-----+
|Utilization (%)  |        0|     0|      ~0|       1|    0|
+-----------------+---------+------+--------+--------+-----+

+ Detail: 
    * Instance: 
    +-----------------------------------------------+-------------------------------------+---------+----+------+-----+-----+
    |                    Instance                   |                Module               | BRAM_18K| DSP|  FF  | LUT | URAM|
    +-----------------------------------------------+-------------------------------------+---------+----+------+-----+-----+
    |grp_output_row_Pipeline_VITIS_LOOP_20_1_fu_84  |output_row_Pipeline_VITIS_LOOP_20_1  |        0|   0|  1022|  599|    0|
    +-----------------------------------------------+-------------------------------------+---------+----+------+-----+-----+
    |Total                                          |                                     |        0|   0|  1022|  599|    0|
    +-----------------------------------------------+-------------------------------------+---------+----+------+-----+-----+

    * DSP: 
    N/A

    * Memory: 
    N/A

    * FIFO: 
    N/A

    * Expression: 
    +--------------------+----------+----+---+----+------------+------------+
    |    Variable Name   | Operation| DSP| FF| LUT| Bitwidth P0| Bitwidth P1|
    +--------------------+----------+----+---+----+------------+------------+
    |add_ln18_fu_97_p2   |         +|   0|  0|  39|          32|           1|
    |add_ln20_fu_125_p2  |         +|   0|  0|  71|          64|          64|
    |add_ln21_fu_115_p2  |         +|   0|  0|  39|          32|          11|
    |ap_block_state72    |       and|   0|  0|   2|           1|           1|
    |ap_block_state1     |        or|   0|  0|   2|           1|           1|
    +--------------------+----------+----+---+----+------------+------------+
    |Total               |          |   0|  0| 153|         130|          78|
    +--------------------+----------+----+---+----+------------+------------+

    * Multiplexer: 
    +---------------------------+-----+-----------+-----+-----------+
    |            Name           | LUT | Input Size| Bits| Total Bits|
    +---------------------------+-----+-----------+-----+-----------+
    |ap_NS_fsm                  |  377|         73|    1|         73|
    |ap_done                    |    9|          2|    1|          2|
    |gmem_out_blk_n_AW          |    9|          2|    1|          2|
    |gmem_out_blk_n_B           |    9|          2|    1|          2|
    |m_axi_gmem_out_0_AWADDR    |   14|          3|   64|        192|
    |m_axi_gmem_out_0_AWBURST   |    9|          2|    2|          4|
    |m_axi_gmem_out_0_AWCACHE   |    9|          2|    4|          8|
    |m_axi_gmem_out_0_AWID      |    9|          2|    1|          2|
    |m_axi_gmem_out_0_AWLEN     |   14|          3|   32|         96|
    |m_axi_gmem_out_0_AWLOCK    |    9|          2|    2|          4|
    |m_axi_gmem_out_0_AWPROT    |    9|          2|    3|          6|
    |m_axi_gmem_out_0_AWQOS     |    9|          2|    4|          8|
    |m_axi_gmem_out_0_AWREGION  |    9|          2|    4|          8|
    |m_axi_gmem_out_0_AWSIZE    |    9|          2|    3|          6|
    |m_axi_gmem_out_0_AWUSER    |    9|          2|    1|          2|
    |m_axi_gmem_out_0_AWVALID   |   14|          3|    1|          3|
    |m_axi_gmem_out_0_BREADY    |   14|          3|    1|          3|
    |m_axi_gmem_out_0_WVALID    |    9|          2|    1|          2|
    |out_r_blk_n                |    9|          2|    1|          2|
    +---------------------------+-----+-----------+-----+-----------+
    |Total                      |  559|        113|  128|        425|
    +---------------------------+-----+-----------+-----+-----------+

    * Register: 
    +------------------------------------------------------------+----+----+-----+-----------+
    |                            Name                            | FF | LUT| Bits| Const Bits|
    +------------------------------------------------------------+----+----+-----+-----------+
    |ap_CS_fsm                                                   |  72|   0|   72|          0|
    |ap_done_reg                                                 |   1|   0|    1|          0|
    |grp_output_row_Pipeline_VITIS_LOOP_20_1_fu_84_ap_start_reg  |   1|   0|    1|          0|
    |p_read_2_reg_151                                            |   1|   0|    1|          0|
    |rowsReceived                                                |  32|   0|   32|          0|
    |trunc_ln_reg_155                                            |  58|   0|   58|          0|
    +------------------------------------------------------------+----+----+-----+-----------+
    |Total                                                       | 165|   0|  165|          0|
    +------------------------------------------------------------+----+----+-----+-----------+



================================================================
== Interface
================================================================
* Summary: 
+---------------------------+-----+-----+------------+----------------+--------------+
|         RTL Ports         | Dir | Bits|  Protocol  |  Source Object |    C Type    |
+---------------------------+-----+-----+------------+----------------+--------------+
|ap_clk                     |   in|    1|  ap_ctrl_hs|      output_row|  return value|
|ap_rst                     |   in|    1|  ap_ctrl_hs|      output_row|  return value|
|ap_start                   |   in|    1|  ap_ctrl_hs|      output_row|  return value|
|ap_done                    |  out|    1|  ap_ctrl_hs|      output_row|  return value|
|ap_continue                |   in|    1|  ap_ctrl_hs|      output_row|  return value|
|ap_idle                    |  out|    1|  ap_ctrl_hs|      output_row|  return value|
|ap_ready                   |  out|    1|  ap_ctrl_hs|      output_row|  return value|
|p_read                     |   in|    1|     ap_none|          p_read|        scalar|
|out_hysteresis_address0    |  out|    9|   ap_memory|  out_hysteresis|         array|
|out_hysteresis_ce0         |  out|    1|   ap_memory|  out_hysteresis|         array|
|out_hysteresis_q0          |   in|    2|   ap_memory|  out_hysteresis|         array|
|m_axi_gmem_out_0_AWVALID   |  out|    1|       m_axi|        gmem_out|       pointer|
|m_axi_gmem_out_0_AWREADY   |   in|    1|       m_axi|        gmem_out|       pointer|
|m_axi_gmem_out_0_AWADDR    |  out|   64|       m_axi|        gmem_out|       pointer|
|m_axi_gmem_out_0_AWID      |  out|    1|       m_axi|        gmem_out|       pointer|
|m_axi_gmem_out_0_AWLEN     |  out|   32|       m_axi|        gmem_out|       pointer|
|m_axi_gmem_out_0_AWSIZE    |  out|    3|       m_axi|        gmem_out|       pointer|
|m_axi_gmem_out_0_AWBURST   |  out|    2|       m_axi|        gmem_out|       pointer|
|m_axi_gmem_out_0_AWLOCK    |  out|    2|       m_axi|        gmem_out|       pointer|
|m_axi_gmem_out_0_AWCACHE   |  out|    4|       m_axi|        gmem_out|       pointer|
|m_axi_gmem_out_0_AWPROT    |  out|    3|       m_axi|        gmem_out|       pointer|
|m_axi_gmem_out_0_AWQOS     |  out|    4|       m_axi|        gmem_out|       pointer|
|m_axi_gmem_out_0_AWREGION  |  out|    4|       m_axi|        gmem_out|       pointer|
|m_axi_gmem_out_0_AWUSER    |  out|    1|       m_axi|        gmem_out|       pointer|
|m_axi_gmem_out_0_WVALID    |  out|    1|       m_axi|        gmem_out|       pointer|
|m_axi_gmem_out_0_WREADY    |   in|    1|       m_axi|        gmem_out|       pointer|
|m_axi_gmem_out_0_WDATA     |  out|  512|       m_axi|        gmem_out|       pointer|
|m_axi_gmem_out_0_WSTRB     |  out|   64|       m_axi|        gmem_out|       pointer|
|m_axi_gmem_out_0_WLAST     |  out|    1|       m_axi|        gmem_out|       pointer|
|m_axi_gmem_out_0_WID       |  out|    1|       m_axi|        gmem_out|       pointer|
|m_axi_gmem_out_0_WUSER     |  out|    1|       m_axi|        gmem_out|       pointer|
|m_axi_gmem_out_0_ARVALID   |  out|    1|       m_axi|        gmem_out|       pointer|
|m_axi_gmem_out_0_ARREADY   |   in|    1|       m_axi|        gmem_out|       pointer|
|m_axi_gmem_out_0_ARADDR    |  out|   64|       m_axi|        gmem_out|       pointer|
|m_axi_gmem_out_0_ARID      |  out|    1|       m_axi|        gmem_out|       pointer|
|m_axi_gmem_out_0_ARLEN     |  out|   32|       m_axi|        gmem_out|       pointer|
|m_axi_gmem_out_0_ARSIZE    |  out|    3|       m_axi|        gmem_out|       pointer|
|m_axi_gmem_out_0_ARBURST   |  out|    2|       m_axi|        gmem_out|       pointer|
|m_axi_gmem_out_0_ARLOCK    |  out|    2|       m_axi|        gmem_out|       pointer|
|m_axi_gmem_out_0_ARCACHE   |  out|    4|       m_axi|        gmem_out|       pointer|
|m_axi_gmem_out_0_ARPROT    |  out|    3|       m_axi|        gmem_out|       pointer|
|m_axi_gmem_out_0_ARQOS     |  out|    4|       m_axi|        gmem_out|       pointer|
|m_axi_gmem_out_0_ARREGION  |  out|    4|       m_axi|        gmem_out|       pointer|
|m_axi_gmem_out_0_ARUSER    |  out|    1|       m_axi|        gmem_out|       pointer|
|m_axi_gmem_out_0_RVALID    |   in|    1|       m_axi|        gmem_out|       pointer|
|m_axi_gmem_out_0_RREADY    |  out|    1|       m_axi|        gmem_out|       pointer|
|m_axi_gmem_out_0_RDATA     |   in|  512|       m_axi|        gmem_out|       pointer|
|m_axi_gmem_out_0_RLAST     |   in|    1|       m_axi|        gmem_out|       pointer|
|m_axi_gmem_out_0_RID       |   in|    1|       m_axi|        gmem_out|       pointer|
|m_axi_gmem_out_0_RFIFONUM  |   in|    9|       m_axi|        gmem_out|       pointer|
|m_axi_gmem_out_0_RUSER     |   in|    1|       m_axi|        gmem_out|       pointer|
|m_axi_gmem_out_0_RRESP     |   in|    2|       m_axi|        gmem_out|       pointer|
|m_axi_gmem_out_0_BVALID    |   in|    1|       m_axi|        gmem_out|       pointer|
|m_axi_gmem_out_0_BREADY    |  out|    1|       m_axi|        gmem_out|       pointer|
|m_axi_gmem_out_0_BRESP     |   in|    2|       m_axi|        gmem_out|       pointer|
|m_axi_gmem_out_0_BID       |   in|    1|       m_axi|        gmem_out|       pointer|
|m_axi_gmem_out_0_BUSER     |   in|    1|       m_axi|        gmem_out|       pointer|
|out_r_dout                 |   in|   64|     ap_fifo|           out_r|       pointer|
|out_r_empty_n              |   in|    1|     ap_fifo|           out_r|       pointer|
|out_r_read                 |  out|    1|     ap_fifo|           out_r|       pointer|
|out_r_num_data_valid       |   in|    5|     ap_fifo|           out_r|       pointer|
|out_r_fifo_cap             |   in|    5|     ap_fifo|           out_r|       pointer|
+---------------------------+-----+-----+------------+----------------+--------------+

