

================================================================
== Vitis HLS Report for 'sobel_Pipeline_VITIS_LOOP_116_2'
================================================================
* Date:           Sat Jul 25 12:05:04 2026

* Version:        2025.2 (Build 6295257 on Nov 14 2025)
* Project:        canny_top
* Solution:       hls (Vitis Kernel Flow Target)
* Product family: zynquplus
* Target device:  xck26-sfvc784-2LV-c


================================================================
== Performance Estimates
================================================================
+ Timing: 
    * Summary: 
    +--------+---------+----------+------------+
    |  Clock |  Target | Estimated| Uncertainty|
    +--------+---------+----------+------------+
    |ap_clk  |  5.00 ns|  3.626 ns|     1.35 ns|
    +--------+---------+----------+------------+

+ Latency: 
    * Summary: 
    +---------+---------+-----------+-----------+-----+-----+-------------------+
    |  Latency (cycles) |   Latency (absolute)  |  Interval |      Pipeline     |
    |   min   |   max   |    min    |    max    | min | max |        Type       |
    +---------+---------+-----------+-----------+-----+-----+-------------------+
    |     2054|     2054|  10.270 us|  10.270 us|    0|    0|  loop pipeline stp|
    +---------+---------+-----------+-----------+-----+-----+-------------------+

    + Detail: 
        * Instance: 
        N/A

        * Loop: 
        +--------------------+---------+---------+----------+-----------+-----------+------+----------+
        |                    |  Latency (cycles) | Iteration|  Initiation Interval  | Trip |          |
        |      Loop Name     |   min   |   max   |  Latency |  achieved |   target  | Count| Pipelined|
        +--------------------+---------+---------+----------+-----------+-----------+------+----------+
        |- VITIS_LOOP_116_2  |     2052|     2052|         9|          4|          1|   512|       yes|
        +--------------------+---------+---------+----------+-----------+-----------+------+----------+



================================================================
== Utilization Estimates
================================================================
* Summary: 
+-----------------+---------+------+--------+--------+-----+
|       Name      | BRAM_18K|  DSP |   FF   |   LUT  | URAM|
+-----------------+---------+------+--------+--------+-----+
|DSP              |        -|     -|       -|       -|    -|
|Expression       |        -|     -|       0|     494|    -|
|FIFO             |        -|     -|       -|       -|    -|
|Instance         |        -|     2|       0|      86|    -|
|Memory           |        -|     -|       -|       -|    -|
|Multiplexer      |        -|     -|       0|     141|    -|
|Register         |        -|     -|     194|       -|    -|
+-----------------+---------+------+--------+--------+-----+
|Total            |        0|     2|     194|     721|    0|
+-----------------+---------+------+--------+--------+-----+
|Available        |      288|  1248|  234240|  117120|   64|
+-----------------+---------+------+--------+--------+-----+
|Utilization (%)  |        0|    ~0|      ~0|      ~0|    0|
+-----------------+---------+------+--------+--------+-----+

+ Detail: 
    * Instance: 
    +--------------------------+----------------------+---------+----+---+----+-----+
    |         Instance         |        Module        | BRAM_18K| DSP| FF| LUT| URAM|
    +--------------------------+----------------------+---------+----+---+----+-----+
    |mul_10ns_10ns_19_1_1_U75  |mul_10ns_10ns_19_1_1  |        0|   0|  0|  62|    0|
    |mul_10ns_11ns_20_1_1_U74  |mul_10ns_11ns_20_1_1  |        0|   1|  0|   5|    0|
    |mul_10ns_13ns_22_1_1_U76  |mul_10ns_13ns_22_1_1  |        0|   1|  0|   5|    0|
    |sparsemux_9_3_2_1_1_U77   |sparsemux_9_3_2_1_1   |        0|   0|  0|  14|    0|
    +--------------------------+----------------------+---------+----+---+----+-----+
    |Total                     |                      |        0|   2|  0|  86|    0|
    +--------------------------+----------------------+---------+----+---+----+-----+

    * DSP: 
    N/A

    * Memory: 
    N/A

    * FIFO: 
    N/A

    * Expression: 
    +--------------------------+----------+----+---+----+------------+------------+
    |       Variable Name      | Operation| DSP| FF| LUT| Bitwidth P0| Bitwidth P1|
    +--------------------------+----------+----+---+----+------------+------------+
    |add_ln116_fu_229_p2       |         +|   0|  0|  17|          10|           1|
    |add_ln138_1_fu_282_p2     |         +|   0|  0|  17|          10|           1|
    |add_ln138_fu_243_p2       |         +|   0|  0|  17|          10|           2|
    |add_ln143_1_fu_498_p2     |         +|   0|  0|  17|          10|          10|
    |add_ln143_fu_488_p2       |         +|   0|  0|  18|          10|          10|
    |add_ln147_2_fu_520_p2     |         +|   0|  0|  17|          10|          10|
    |add_ln147_fu_468_p2       |         +|   0|  0|  16|           9|           9|
    |add_ln154_fu_594_p2       |         +|   0|  0|  18|          11|          11|
    |gradientX_fu_504_p2       |         +|   0|  0|  18|          11|          11|
    |gradientY_2_fu_510_p2     |         +|   0|  0|  18|          10|          10|
    |gradientY_fu_526_p2       |         +|   0|  0|  18|          11|          11|
    |sub_ln143_1_fu_440_p2     |         -|   0|  0|  18|          10|          10|
    |sub_ln143_fu_419_p2       |         -|   0|  0|  16|           9|           9|
    |sub_ln147_fu_478_p2       |         -|   0|  0|  18|          10|          10|
    |sub_ln32_1_fu_570_p2      |         -|   0|  0|  17|           1|          10|
    |sub_ln32_fu_550_p2        |         -|   0|  0|  17|           1|          10|
    |tmp3_fu_450_p2            |         -|   0|  0|  16|           9|           9|
    |tmp_fu_400_p2             |         -|   0|  0|  16|           9|           9|
    |and_ln46_fu_694_p2        |       and|   0|  0|   2|           1|           1|
    |and_ln50_fu_705_p2        |       and|   0|  0|   2|           1|           1|
    |and_ln56_1_fu_733_p2      |       and|   0|  0|   2|           1|           1|
    |and_ln56_2_fu_739_p2      |       and|   0|  0|   2|           1|           1|
    |and_ln56_3_fu_745_p2      |       and|   0|  0|   2|           1|           1|
    |and_ln56_fu_671_p2        |       and|   0|  0|  11|          11|          11|
    |icmp_ln116_fu_223_p2      |      icmp|   0|  0|  18|          10|          11|
    |icmp_ln42_fu_607_p2       |      icmp|   0|  0|  17|          10|           1|
    |icmp_ln46_fu_635_p2       |      icmp|   0|  0|  28|          21|          21|
    |icmp_ln50_fu_657_p2       |      icmp|   0|  0|  30|          23|          23|
    |or_ln42_fu_601_p2         |        or|   0|  0|  10|          10|          10|
    |or_ln46_fu_684_p2         |        or|   0|  0|   2|           1|           1|
    |or_ln55_fu_663_p2         |        or|   0|  0|  11|          11|          11|
    |absoluteX_fu_555_p3       |    select|   0|  0|  10|           1|          10|
    |absoluteY_fu_575_p3       |    select|   0|  0|  10|           1|          10|
    |sourceColumn_2_fu_300_p3  |    select|   0|  0|   9|           1|           2|
    |sourceColumn_fu_261_p3    |    select|   0|  0|   9|           1|           1|
    |ap_enable_pp0             |       xor|   0|  0|   2|           1|           2|
    |xor_ln42_fu_689_p2        |       xor|   0|  0|   2|           1|           2|
    |xor_ln46_fu_679_p2        |       xor|   0|  0|   2|           1|           2|
    |xor_ln50_fu_699_p2        |       xor|   0|  0|   2|           1|           2|
    |xor_ln56_fu_727_p2        |       xor|   0|  0|   2|           1|           2|
    +--------------------------+----------+----+---+----+------------+------------+
    |Total                     |          |   0|  0| 494|         272|         280|
    +--------------------------+----------+----+---+----+------------+------------+

    * Multiplexer: 
    +----------------------------------+----+-----------+-----+-----------+
    |               Name               | LUT| Input Size| Bits| Total Bits|
    +----------------------------------+----+-----------+-----+-----------+
    |ap_NS_fsm                         |  26|          5|    1|          5|
    |ap_done_int                       |   9|          2|    1|          2|
    |ap_enable_reg_pp0_iter0           |   9|          2|    1|          2|
    |ap_enable_reg_pp0_iter1           |   9|          2|    1|          2|
    |ap_enable_reg_pp0_iter2           |   9|          2|    1|          2|
    |ap_loop_exit_ready_pp0_iter1_reg  |   9|          2|    1|          2|
    |ap_sig_allocacmp_column_1         |   9|          2|   10|         20|
    |column_fu_90                      |   9|          2|   10|         20|
    |lineBuffer_address0_local         |  26|          5|   11|         55|
    |lineBuffer_address1_local         |  26|          5|   11|         55|
    +----------------------------------+----+-----------+-----+-----------+
    |Total                             | 141|         29|   48|        165|
    +----------------------------------+----+-----------+-----+-----------+

    * Register: 
    +----------------------------------+----+----+-----+-----------+
    |               Name               | FF | LUT| Bits| Const Bits|
    +----------------------------------+----+----+-----+-----------+
    |absoluteX_reg_928                 |  10|   0|   10|          0|
    |add_ln143_1_reg_897               |  10|   0|   10|          0|
    |add_ln147_2_reg_910               |  10|   0|   10|          0|
    |ap_CS_fsm                         |   4|   0|    4|          0|
    |ap_done_reg                       |   1|   0|    1|          0|
    |ap_enable_reg_pp0_iter0_reg       |   1|   0|    1|          0|
    |ap_enable_reg_pp0_iter1           |   1|   0|    1|          0|
    |ap_enable_reg_pp0_iter2           |   1|   0|    1|          0|
    |ap_loop_exit_ready_pp0_iter1_reg  |   1|   0|    1|          0|
    |column_1_reg_810                  |  10|   0|   10|          0|
    |column_1_reg_810_pp0_iter1_reg    |  10|   0|   10|          0|
    |column_fu_90                      |  10|   0|   10|          0|
    |gradientX_reg_903                 |  11|   0|   11|          0|
    |gradientY_reg_916                 |  11|   0|   11|          0|
    |icmp_ln116_reg_815                |   1|   0|    1|          0|
    |icmp_ln42_reg_934                 |   1|   0|    1|          0|
    |icmp_ln46_reg_946                 |   1|   0|    1|          0|
    |lineBuffer_load_reg_872           |   8|   0|    8|          0|
    |mul_ln46_reg_940                  |  20|   0|   20|          0|
    |pixel_1_reg_862                   |   8|   0|    8|          0|
    |pixel_reg_852                     |   8|   0|    8|          0|
    |reg_211                           |   8|   0|    8|          0|
    |retval_0_i31_i_reg_952            |   2|   0|    2|          0|
    |sourceColumn_1_reg_819            |   9|   0|    9|          0|
    |sourceColumn_2_reg_836            |   9|   0|    9|          0|
    |sourceColumn_reg_825              |   9|   0|    9|          0|
    |tmp_reg_892                       |   9|   0|    9|          0|
    |zext_ln116_reg_923                |  10|   0|   64|         54|
    +----------------------------------+----+----+-----+-----------+
    |Total                             | 194|   0|  248|         54|
    +----------------------------------+----+----+-----+-----------+



================================================================
== Interface
================================================================
* Summary: 
+------------------------------+-----+-----+------------+---------------------------------+--------------+
|           RTL Ports          | Dir | Bits|  Protocol  |          Source Object          |    C Type    |
+------------------------------+-----+-----+------------+---------------------------------+--------------+
|ap_clk                        |   in|    1|  ap_ctrl_hs|  sobel_Pipeline_VITIS_LOOP_116_2|  return value|
|ap_rst                        |   in|    1|  ap_ctrl_hs|  sobel_Pipeline_VITIS_LOOP_116_2|  return value|
|ap_start                      |   in|    1|  ap_ctrl_hs|  sobel_Pipeline_VITIS_LOOP_116_2|  return value|
|ap_done                       |  out|    1|  ap_ctrl_hs|  sobel_Pipeline_VITIS_LOOP_116_2|  return value|
|ap_idle                       |  out|    1|  ap_ctrl_hs|  sobel_Pipeline_VITIS_LOOP_116_2|  return value|
|ap_ready                      |  out|    1|  ap_ctrl_hs|  sobel_Pipeline_VITIS_LOOP_116_2|  return value|
|select_ln27                   |   in|    2|     ap_none|                      select_ln27|        scalar|
|select_ln27_1                 |   in|    2|     ap_none|                    select_ln27_1|        scalar|
|select_ln27_2                 |   in|    2|     ap_none|                    select_ln27_2|        scalar|
|out_sobel_magnitude_address0  |  out|    9|   ap_memory|              out_sobel_magnitude|         array|
|out_sobel_magnitude_ce0       |  out|    1|   ap_memory|              out_sobel_magnitude|         array|
|out_sobel_magnitude_we0       |  out|    1|   ap_memory|              out_sobel_magnitude|         array|
|out_sobel_magnitude_d0        |  out|   11|   ap_memory|              out_sobel_magnitude|         array|
|out_sobel_direction_address0  |  out|    9|   ap_memory|              out_sobel_direction|         array|
|out_sobel_direction_ce0       |  out|    1|   ap_memory|              out_sobel_direction|         array|
|out_sobel_direction_we0       |  out|    1|   ap_memory|              out_sobel_direction|         array|
|out_sobel_direction_d0        |  out|    2|   ap_memory|              out_sobel_direction|         array|
|lineBuffer_address0           |  out|   11|   ap_memory|                       lineBuffer|         array|
|lineBuffer_ce0                |  out|    1|   ap_memory|                       lineBuffer|         array|
|lineBuffer_q0                 |   in|    8|   ap_memory|                       lineBuffer|         array|
|lineBuffer_address1           |  out|   11|   ap_memory|                       lineBuffer|         array|
|lineBuffer_ce1                |  out|    1|   ap_memory|                       lineBuffer|         array|
|lineBuffer_q1                 |   in|    8|   ap_memory|                       lineBuffer|         array|
+------------------------------+-----+-----+------------+---------------------------------+--------------+

