

================================================================
== Vitis HLS Report for 'sobel_Pipeline_VITIS_LOOP_155_5'
================================================================
* Date:           Wed Jul 29 23:33:24 2026

* Version:        2025.2 (Build 6295257 on Nov 14 2025)
* Project:        canny_top
* Solution:       hls (Vitis Kernel Flow Target)
* Product family: zynquplus
* Target device:  xck26-sfvc784-2LV-c


================================================================
== Performance Estimates
================================================================
+ Timing: 
    * Summary: 
    +--------+---------+----------+------------+
    |  Clock |  Target | Estimated| Uncertainty|
    +--------+---------+----------+------------+
    |ap_clk  |  5.00 ns|  3.645 ns|     1.35 ns|
    +--------+---------+----------+------------+

+ Latency: 
    * Summary: 
    +---------+---------+----------+----------+-----+-----+-------------------+
    |  Latency (cycles) |  Latency (absolute) |  Interval |      Pipeline     |
    |   min   |   max   |    min   |    max   | min | max |        Type       |
    +---------+---------+----------+----------+-----+-----+-------------------+
    |      516|      516|  2.580 us|  2.580 us|    0|    0|  loop pipeline stp|
    +---------+---------+----------+----------+-----+-----+-------------------+

    + Detail: 
        * Instance: 
        N/A

        * Loop: 
        +--------------------+---------+---------+----------+-----------+-----------+------+----------+
        |                    |  Latency (cycles) | Iteration|  Initiation Interval  | Trip |          |
        |      Loop Name     |   min   |   max   |  Latency |  achieved |   target  | Count| Pipelined|
        +--------------------+---------+---------+----------+-----------+-----------+------+----------+
        |- VITIS_LOOP_155_5  |      514|      514|         4|          1|          1|   512|       yes|
        +--------------------+---------+---------+----------+-----------+-----------+------+----------+



================================================================
== Utilization Estimates
================================================================
* Summary: 
+-----------------+---------+------+--------+--------+-----+
|       Name      | BRAM_18K|  DSP |   FF   |   LUT  | URAM|
+-----------------+---------+------+--------+--------+-----+
|DSP              |        -|     -|       -|       -|    -|
|Expression       |        -|     -|       0|     448|    -|
|FIFO             |        -|     -|       -|       -|    -|
|Instance         |        -|     2|       0|     113|    -|
|Memory           |        -|     -|       -|       -|    -|
|Multiplexer      |        -|     -|       0|     117|    -|
|Register         |        -|     -|     197|       -|    -|
+-----------------+---------+------+--------+--------+-----+
|Total            |        0|     2|     197|     678|    0|
+-----------------+---------+------+--------+--------+-----+
|Available        |      288|  1248|  234240|  117120|   64|
+-----------------+---------+------+--------+--------+-----+
|Utilization (%)  |        0|    ~0|      ~0|      ~0|    0|
+-----------------+---------+------+--------+--------+-----+

+ Detail: 
    * Instance: 
    +--------------------------+----------------------+---------+----+---+----+-----+
    |         Instance         |        Module        | BRAM_18K| DSP| FF| LUT| URAM|
    +--------------------------+----------------------+---------+----+---+----+-----+
    |mul_10ns_10ns_19_1_1_U93  |mul_10ns_10ns_19_1_1  |        0|   0|  0|  62|    0|
    |mul_10ns_11ns_20_1_1_U92  |mul_10ns_11ns_20_1_1  |        0|   1|  0|   5|    0|
    |mul_10ns_13ns_22_1_1_U94  |mul_10ns_13ns_22_1_1  |        0|   1|  0|   5|    0|
    |sparsemux_7_2_8_1_1_U89   |sparsemux_7_2_8_1_1   |        0|   0|  0|   9|    0|
    |sparsemux_7_2_8_1_1_U90   |sparsemux_7_2_8_1_1   |        0|   0|  0|   9|    0|
    |sparsemux_7_2_8_1_1_U91   |sparsemux_7_2_8_1_1   |        0|   0|  0|   9|    0|
    |sparsemux_9_3_2_1_1_U95   |sparsemux_9_3_2_1_1   |        0|   0|  0|  14|    0|
    +--------------------------+----------------------+---------+----+---+----+-----+
    |Total                     |                      |        0|   2|  0| 113|    0|
    +--------------------------+----------------------+---------+----+---+----+-----+

    * DSP: 
    N/A

    * Memory: 
    N/A

    * FIFO: 
    N/A

    * Expression: 
    +-----------------------+----------+----+---+----+------------+------------+
    |     Variable Name     | Operation| DSP| FF| LUT| Bitwidth P0| Bitwidth P1|
    +-----------------------+----------+----+---+----+------------+------------+
    |add_ln155_fu_326_p2    |         +|   0|  0|  17|          10|           1|
    |add_ln174_fu_487_p2    |         +|   0|  0|  17|          10|          10|
    |add_ln178_1_fu_543_p2  |         +|   0|  0|  17|          10|          10|
    |add_ln178_fu_517_p2    |         +|   0|  0|  16|           9|           9|
    |add_ln185_fu_723_p2    |         +|   0|  0|  18|          11|          11|
    |add_ln194_fu_340_p2    |         +|   0|  0|  17|          10|           2|
    |gradientX_2_fu_497_p2  |         +|   0|  0|  17|          11|          11|
    |gradientY_fu_549_p2    |         +|   0|  0|  18|          11|          11|
    |gradientX_fu_503_p2    |         -|   0|  0|  17|          11|          11|
    |gradientY_2_fu_533_p2  |         -|   0|  0|  18|          10|          10|
    |sub_ln174_fu_477_p2    |         -|   0|  0|  16|           9|           9|
    |sub_ln178_fu_527_p2    |         -|   0|  0|  18|          10|          10|
    |sub_ln32_1_fu_577_p2   |         -|   0|  0|  17|           1|          10|
    |sub_ln32_fu_563_p2     |         -|   0|  0|  17|           1|          10|
    |tmp3_fu_455_p2         |         -|   0|  0|  16|           9|           9|
    |tmp_fu_433_p2          |         -|   0|  0|  16|           9|           9|
    |and_ln46_fu_818_p2     |       and|   0|  0|   2|           1|           1|
    |and_ln50_fu_828_p2     |       and|   0|  0|   2|           1|           1|
    |and_ln56_1_fu_856_p2   |       and|   0|  0|   2|           1|           1|
    |and_ln56_2_fu_861_p2   |       and|   0|  0|   2|           1|           1|
    |and_ln56_3_fu_867_p2   |       and|   0|  0|   2|           1|           1|
    |and_ln56_fu_795_p2     |       and|   0|  0|  11|          11|          11|
    |icmp_ln155_fu_320_p2   |      icmp|   0|  0|  18|          10|          11|
    |icmp_ln42_fu_735_p2    |      icmp|   0|  0|  17|          10|           1|
    |icmp_ln46_fu_765_p2    |      icmp|   0|  0|  28|          21|          21|
    |icmp_ln50_fu_781_p2    |      icmp|   0|  0|  30|          23|          23|
    |or_ln42_fu_730_p2      |        or|   0|  0|  10|          10|          10|
    |or_ln46_fu_808_p2      |        or|   0|  0|   2|           1|           1|
    |or_ln55_fu_787_p2      |        or|   0|  0|  11|          11|          11|
    |absoluteX_fu_569_p3    |    select|   0|  0|  10|           1|          10|
    |absoluteY_fu_706_p3    |    select|   0|  0|  10|           1|          10|
    |nextColumn_fu_358_p3   |    select|   0|  0|   9|           1|           2|
    |ap_enable_pp0          |       xor|   0|  0|   2|           1|           2|
    |xor_ln42_fu_813_p2     |       xor|   0|  0|   2|           1|           2|
    |xor_ln46_fu_803_p2     |       xor|   0|  0|   2|           1|           2|
    |xor_ln50_fu_823_p2     |       xor|   0|  0|   2|           1|           2|
    |xor_ln56_fu_850_p2     |       xor|   0|  0|   2|           1|           2|
    +-----------------------+----------+----+---+----+------------+------------+
    |Total                  |          |   0|  0| 448|         252|         269|
    +-----------------------+----------+----+---+----+------------+------------+

    * Multiplexer: 
    +---------------------------+----+-----------+-----+-----------+
    |            Name           | LUT| Input Size| Bits| Total Bits|
    +---------------------------+----+-----------+-----+-----------+
    |ap_done_int                |   9|          2|    1|          2|
    |ap_enable_reg_pp0_iter2    |   9|          2|    1|          2|
    |ap_sig_allocacmp_column_1  |   9|          2|   10|         20|
    |column_fu_124              |   9|          2|   10|         20|
    |empty_34_fu_116            |   9|          2|    8|         16|
    |empty_35_fu_128            |   9|          2|    8|         16|
    |empty_36_fu_136            |   9|          2|    8|         16|
    |empty_37_fu_144            |   9|          2|    8|         16|
    |empty_fu_112               |   9|          2|    8|         16|
    |pixel_1_fu_132             |   9|          2|    8|         16|
    |pixel_2_fu_120             |   9|          2|    8|         16|
    |pixel_3_fu_140             |   9|          2|    8|         16|
    |pixel_fu_108               |   9|          2|    8|         16|
    +---------------------------+----+-----------+-----+-----------+
    |Total                      | 117|         26|   94|        188|
    +---------------------------+----+-----------+-----+-----------+

    * Register: 
    +----------------------------------+----+----+-----+-----------+
    |               Name               | FF | LUT| Bits| Const Bits|
    +----------------------------------+----+----+-----+-----------+
    |absoluteX_reg_1035                |  10|   0|   10|          0|
    |add_ln178_1_reg_1023              |  10|   0|   10|          0|
    |ap_CS_fsm                         |   1|   0|    1|          0|
    |ap_done_reg                       |   1|   0|    1|          0|
    |ap_enable_reg_pp0_iter1           |   1|   0|    1|          0|
    |ap_enable_reg_pp0_iter2           |   1|   0|    1|          0|
    |ap_enable_reg_pp0_iter3           |   1|   0|    1|          0|
    |ap_loop_exit_ready_pp0_iter1_reg  |   1|   0|    1|          0|
    |ap_loop_exit_ready_pp0_iter2_reg  |   1|   0|    1|          0|
    |column_1_reg_993                  |  10|   0|   10|          0|
    |column_1_reg_993_pp0_iter1_reg    |  10|   0|   10|          0|
    |column_fu_124                     |  10|   0|   10|          0|
    |empty_34_fu_116                   |   8|   0|    8|          0|
    |empty_35_fu_128                   |   8|   0|    8|          0|
    |empty_36_fu_136                   |   8|   0|    8|          0|
    |empty_37_fu_144                   |   8|   0|    8|          0|
    |empty_fu_112                      |   8|   0|    8|          0|
    |gradientX_reg_1017                |  11|   0|   11|          0|
    |gradientX_reg_1017_pp0_iter2_reg  |  11|   0|   11|          0|
    |gradientY_reg_1028                |  11|   0|   11|          0|
    |gradientY_reg_1028_pp0_iter2_reg  |  11|   0|   11|          0|
    |icmp_ln155_reg_998                |   1|   0|    1|          0|
    |icmp_ln42_reg_1053                |   1|   0|    1|          0|
    |icmp_ln46_reg_1059                |   1|   0|    1|          0|
    |icmp_ln50_reg_1065                |   1|   0|    1|          0|
    |pixel_1_fu_132                    |   8|   0|    8|          0|
    |pixel_2_fu_120                    |   8|   0|    8|          0|
    |pixel_3_fu_140                    |   8|   0|    8|          0|
    |pixel_fu_108                      |   8|   0|    8|          0|
    |sub_ln32_1_reg_1043               |  10|   0|   10|          0|
    |zext_ln155_reg_1048               |  10|   0|   64|         54|
    +----------------------------------+----+----+-----+-----------+
    |Total                             | 197|   0|  251|         54|
    +----------------------------------+----+----+-----+-----------+



================================================================
== Interface
================================================================
* Summary: 
+------------------------------------------------+-----+-----+------------+---------------------------------------+--------------+
|                    RTL Ports                   | Dir | Bits|  Protocol  |             Source Object             |    C Type    |
+------------------------------------------------+-----+-----+------------+---------------------------------------+--------------+
|ap_clk                                          |   in|    1|  ap_ctrl_hs|        sobel_Pipeline_VITIS_LOOP_155_5|  return value|
|ap_rst                                          |   in|    1|  ap_ctrl_hs|        sobel_Pipeline_VITIS_LOOP_155_5|  return value|
|ap_start                                        |   in|    1|  ap_ctrl_hs|        sobel_Pipeline_VITIS_LOOP_155_5|  return value|
|ap_done                                         |  out|    1|  ap_ctrl_hs|        sobel_Pipeline_VITIS_LOOP_155_5|  return value|
|ap_idle                                         |  out|    1|  ap_ctrl_hs|        sobel_Pipeline_VITIS_LOOP_155_5|  return value|
|ap_ready                                        |  out|    1|  ap_ctrl_hs|        sobel_Pipeline_VITIS_LOOP_155_5|  return value|
|tmp_2                                           |   in|    8|     ap_none|                                  tmp_2|        scalar|
|tmp_6                                           |   in|    8|     ap_none|                                  tmp_6|        scalar|
|tmp_3                                           |   in|    8|     ap_none|                                  tmp_3|        scalar|
|tmp_5                                           |   in|    8|     ap_none|                                  tmp_5|        scalar|
|tmp_4                                           |   in|    8|     ap_none|                                  tmp_4|        scalar|
|tmp_1                                           |   in|    8|     ap_none|                                  tmp_1|        scalar|
|out_sobel_magnitude_address0                    |  out|    9|   ap_memory|                    out_sobel_magnitude|         array|
|out_sobel_magnitude_ce0                         |  out|    1|   ap_memory|                    out_sobel_magnitude|         array|
|out_sobel_magnitude_we0                         |  out|    1|   ap_memory|                    out_sobel_magnitude|         array|
|out_sobel_magnitude_d0                          |  out|   11|   ap_memory|                    out_sobel_magnitude|         array|
|out_sobel_direction_address0                    |  out|    9|   ap_memory|                    out_sobel_direction|         array|
|out_sobel_direction_ce0                         |  out|    1|   ap_memory|                    out_sobel_direction|         array|
|out_sobel_direction_we0                         |  out|    1|   ap_memory|                    out_sobel_direction|         array|
|out_sobel_direction_d0                          |  out|    2|   ap_memory|                    out_sobel_direction|         array|
|result                                          |   in|    2|     ap_none|                                 result|        scalar|
|result_1                                        |   in|    2|     ap_none|                               result_1|        scalar|
|result_2                                        |   in|    2|     ap_none|                               result_2|        scalar|
|p_anonymous_namespace_lineBuffer_32_0_address0  |  out|    9|   ap_memory|  p_anonymous_namespace_lineBuffer_32_0|         array|
|p_anonymous_namespace_lineBuffer_32_0_ce0       |  out|    1|   ap_memory|  p_anonymous_namespace_lineBuffer_32_0|         array|
|p_anonymous_namespace_lineBuffer_32_0_q0        |   in|    8|   ap_memory|  p_anonymous_namespace_lineBuffer_32_0|         array|
|p_anonymous_namespace_lineBuffer_32_1_address0  |  out|    9|   ap_memory|  p_anonymous_namespace_lineBuffer_32_1|         array|
|p_anonymous_namespace_lineBuffer_32_1_ce0       |  out|    1|   ap_memory|  p_anonymous_namespace_lineBuffer_32_1|         array|
|p_anonymous_namespace_lineBuffer_32_1_q0        |   in|    8|   ap_memory|  p_anonymous_namespace_lineBuffer_32_1|         array|
|p_anonymous_namespace_lineBuffer_32_2_address0  |  out|    9|   ap_memory|  p_anonymous_namespace_lineBuffer_32_2|         array|
|p_anonymous_namespace_lineBuffer_32_2_ce0       |  out|    1|   ap_memory|  p_anonymous_namespace_lineBuffer_32_2|         array|
|p_anonymous_namespace_lineBuffer_32_2_q0        |   in|    8|   ap_memory|  p_anonymous_namespace_lineBuffer_32_2|         array|
+------------------------------------------------+-----+-----+------------+---------------------------------------+--------------+

