

================================================================
== Vitis HLS Report for 'write_frame'
================================================================
* Date:           Sat Aug  1 15:48:53 2026

* Version:        2025.2 (Build 6295257 on Nov 14 2025)
* Project:        canny_top
* Solution:       hls (Vitis Kernel Flow Target)
* Product family: zynquplus
* Target device:  xck26-sfvc784-2LV-c


================================================================
== Performance Estimates
================================================================
+ Timing: 
    * Summary: 
    +--------+---------+----------+------------+
    |  Clock |  Target | Estimated| Uncertainty|
    +--------+---------+----------+------------+
    |ap_clk  |  5.00 ns|  3.650 ns|     1.35 ns|
    +--------+---------+----------+------------+

+ Latency: 
    * Summary: 
    +---------+---------+----------+----------+--------+--------+------------------------------------------------+
    |  Latency (cycles) |  Latency (absolute) |     Interval    |                    Pipeline                    |
    |   min   |   max   |    min   |    max   |   min  |   max  |                      Type                      |
    +---------+---------+----------+----------+--------+--------+------------------------------------------------+
    |   262216|   262216|  1.311 ms|  1.311 ms|  262145|  262145|  loop auto-rewind stp (delay=1 clock cycles(s))|
    +---------+---------+----------+----------+--------+--------+------------------------------------------------+

    + Detail: 
        * Instance: 
        N/A

        * Loop: 
        +---------------------------------+---------+---------+----------+-----------+-----------+--------+----------+
        |                                 |  Latency (cycles) | Iteration|  Initiation Interval  |  Trip  |          |
        |            Loop Name            |   min   |   max   |  Latency |  achieved |   target  |  Count | Pipelined|
        +---------------------------------+---------+---------+----------+-----------+-----------+--------+----------+
        |- VITIS_LOOP_7_1_VITIS_LOOP_8_2  |   262214|   262214|        72|          1|          1|  262144|       yes|
        +---------------------------------+---------+---------+----------+-----------+-----------+--------+----------+



================================================================
== Utilization Estimates
================================================================
* Summary: 
+-----------------+---------+------+--------+--------+-----+
|       Name      | BRAM_18K|  DSP |   FF   |   LUT  | URAM|
+-----------------+---------+------+--------+--------+-----+
|DSP              |        -|     -|       -|       -|    -|
|Expression       |        -|     -|       0|    1124|    -|
|FIFO             |        -|     -|       -|       -|    -|
|Instance         |        -|     -|       -|       -|    -|
|Memory           |        -|     -|       -|       -|    -|
|Multiplexer      |        -|     -|       0|     117|    -|
|Register         |        -|     -|    1318|      32|    -|
+-----------------+---------+------+--------+--------+-----+
|Total            |        0|     0|    1318|    1273|    0|
+-----------------+---------+------+--------+--------+-----+
|Available        |      288|  1248|  234240|  117120|   64|
+-----------------+---------+------+--------+--------+-----+
|Utilization (%)  |        0|     0|      ~0|       1|    0|
+-----------------+---------+------+--------+--------+-----+

+ Detail: 
    * Instance: 
    N/A

    * DSP: 
    N/A

    * Memory: 
    N/A

    * FIFO: 
    N/A

    * Expression: 
    +------------------------------------+----------+----+---+-----+------------+------------+
    |            Variable Name           | Operation| DSP| FF| LUT | Bitwidth P0| Bitwidth P1|
    +------------------------------------+----------+----+---+-----+------------+------------+
    |add_ln7_fu_187_p2                   |         +|   0|  0|   25|          18|           1|
    |col_2_fu_272_p2                     |         +|   0|  0|   17|          10|           1|
    |ap_block_state2_pp0_stage0_iter1    |       and|   0|  0|    2|           1|           1|
    |ap_block_state3_io                  |       and|   0|  0|    2|           1|           1|
    |ap_block_state4_io                  |       and|   0|  0|    2|           1|           1|
    |ap_block_state72_pp0_stage0_iter71  |       and|   0|  0|    2|           1|           1|
    |ap_condition_618                    |       and|   0|  0|    2|           1|           1|
    |ap_condition_620                    |       and|   0|  0|    2|           1|           1|
    |ap_condition_812                    |       and|   0|  0|    2|           1|           1|
    |icmp_ln10_fu_258_p2                 |      icmp|   0|  0|   13|           6|           2|
    |icmp_ln7_fu_196_p2                  |      icmp|   0|  0|   25|          18|           2|
    |icmp_ln8_fu_304_p2                  |      icmp|   0|  0|   18|          10|          11|
    |ap_block_pp0_stage0_01001           |        or|   0|  0|    2|           1|           1|
    |ap_block_pp0_stage0_11001           |        or|   0|  0|    2|           1|           1|
    |ap_block_pp0_stage0_11001_grp0      |        or|   0|  0|    2|           1|           1|
    |select_ln10_fu_296_p3               |    select|   0|  0|  497|           1|           1|
    |select_ln7_1_fu_246_p3              |    select|   0|  0|  497|           1|           1|
    |select_ln7_fu_238_p3                |    select|   0|  0|   10|           1|           1|
    |ap_enable_pp0                       |       xor|   0|  0|    2|           1|           2|
    +------------------------------------+----------+----+---+-----+------------+------------+
    |Total                               |          |   0|  0| 1124|          76|          32|
    +------------------------------------+----------+----+---+-----+------------+------------+

    * Multiplexer: 
    +-----------------------------------------+----+-----------+-----+-----------+
    |                   Name                  | LUT| Input Size| Bits| Total Bits|
    +-----------------------------------------+----+-----------+-----+-----------+
    |ap_done_int                              |   9|          2|    1|          2|
    |ap_loop_exit_ready_pp0_iter71_reg        |   9|          2|    1|          2|
    |ap_phi_mux_icmp_ln85_phi_fu_161_p4       |   9|          2|    1|          2|
    |ap_sig_allocacmp_indvar_flatten2_load    |   9|          2|   18|         36|
    |ap_sig_allocacmp_indvar_flatten2_load_1  |   9|          2|   18|         36|
    |col_fu_102                               |   9|          2|   10|         20|
    |gmem_blk_n_AW                            |   9|          2|    1|          2|
    |gmem_blk_n_B                             |   9|          2|    1|          2|
    |gmem_blk_n_W                             |   9|          2|    1|          2|
    |hyst4_out_blk_n                          |   9|          2|    1|          2|
    |indvar_flatten2_fu_98                    |   9|          2|   18|         36|
    |out_r_blk_n                              |   9|          2|    1|          2|
    |phi_ln104_fu_106                         |   9|          2|  504|       1008|
    +-----------------------------------------+----+-----------+-----+-----------+
    |Total                                    | 117|         26|  576|       1152|
    +-----------------------------------------+----+-----------+-----+-----------+

    * Register: 
    +--------------------------------------------------+-----+----+-----+-----------+
    |                       Name                       |  FF | LUT| Bits| Const Bits|
    +--------------------------------------------------+-----+----+-----+-----------+
    |ap_CS_fsm                                         |    1|   0|    1|          0|
    |ap_condition_exit_pp0_iter0_stage0_pp0_iter1_reg  |    1|   0|    1|          0|
    |ap_done_reg                                       |    1|   0|    1|          0|
    |ap_enable_reg_pp0_iter1                           |    1|   0|    1|          0|
    |ap_enable_reg_pp0_iter10                          |    1|   0|    1|          0|
    |ap_enable_reg_pp0_iter11                          |    1|   0|    1|          0|
    |ap_enable_reg_pp0_iter12                          |    1|   0|    1|          0|
    |ap_enable_reg_pp0_iter13                          |    1|   0|    1|          0|
    |ap_enable_reg_pp0_iter14                          |    1|   0|    1|          0|
    |ap_enable_reg_pp0_iter15                          |    1|   0|    1|          0|
    |ap_enable_reg_pp0_iter16                          |    1|   0|    1|          0|
    |ap_enable_reg_pp0_iter17                          |    1|   0|    1|          0|
    |ap_enable_reg_pp0_iter18                          |    1|   0|    1|          0|
    |ap_enable_reg_pp0_iter19                          |    1|   0|    1|          0|
    |ap_enable_reg_pp0_iter2                           |    1|   0|    1|          0|
    |ap_enable_reg_pp0_iter20                          |    1|   0|    1|          0|
    |ap_enable_reg_pp0_iter21                          |    1|   0|    1|          0|
    |ap_enable_reg_pp0_iter22                          |    1|   0|    1|          0|
    |ap_enable_reg_pp0_iter23                          |    1|   0|    1|          0|
    |ap_enable_reg_pp0_iter24                          |    1|   0|    1|          0|
    |ap_enable_reg_pp0_iter25                          |    1|   0|    1|          0|
    |ap_enable_reg_pp0_iter26                          |    1|   0|    1|          0|
    |ap_enable_reg_pp0_iter27                          |    1|   0|    1|          0|
    |ap_enable_reg_pp0_iter28                          |    1|   0|    1|          0|
    |ap_enable_reg_pp0_iter29                          |    1|   0|    1|          0|
    |ap_enable_reg_pp0_iter3                           |    1|   0|    1|          0|
    |ap_enable_reg_pp0_iter30                          |    1|   0|    1|          0|
    |ap_enable_reg_pp0_iter31                          |    1|   0|    1|          0|
    |ap_enable_reg_pp0_iter32                          |    1|   0|    1|          0|
    |ap_enable_reg_pp0_iter33                          |    1|   0|    1|          0|
    |ap_enable_reg_pp0_iter34                          |    1|   0|    1|          0|
    |ap_enable_reg_pp0_iter35                          |    1|   0|    1|          0|
    |ap_enable_reg_pp0_iter36                          |    1|   0|    1|          0|
    |ap_enable_reg_pp0_iter37                          |    1|   0|    1|          0|
    |ap_enable_reg_pp0_iter38                          |    1|   0|    1|          0|
    |ap_enable_reg_pp0_iter39                          |    1|   0|    1|          0|
    |ap_enable_reg_pp0_iter4                           |    1|   0|    1|          0|
    |ap_enable_reg_pp0_iter40                          |    1|   0|    1|          0|
    |ap_enable_reg_pp0_iter41                          |    1|   0|    1|          0|
    |ap_enable_reg_pp0_iter42                          |    1|   0|    1|          0|
    |ap_enable_reg_pp0_iter43                          |    1|   0|    1|          0|
    |ap_enable_reg_pp0_iter44                          |    1|   0|    1|          0|
    |ap_enable_reg_pp0_iter45                          |    1|   0|    1|          0|
    |ap_enable_reg_pp0_iter46                          |    1|   0|    1|          0|
    |ap_enable_reg_pp0_iter47                          |    1|   0|    1|          0|
    |ap_enable_reg_pp0_iter48                          |    1|   0|    1|          0|
    |ap_enable_reg_pp0_iter49                          |    1|   0|    1|          0|
    |ap_enable_reg_pp0_iter5                           |    1|   0|    1|          0|
    |ap_enable_reg_pp0_iter50                          |    1|   0|    1|          0|
    |ap_enable_reg_pp0_iter51                          |    1|   0|    1|          0|
    |ap_enable_reg_pp0_iter52                          |    1|   0|    1|          0|
    |ap_enable_reg_pp0_iter53                          |    1|   0|    1|          0|
    |ap_enable_reg_pp0_iter54                          |    1|   0|    1|          0|
    |ap_enable_reg_pp0_iter55                          |    1|   0|    1|          0|
    |ap_enable_reg_pp0_iter56                          |    1|   0|    1|          0|
    |ap_enable_reg_pp0_iter57                          |    1|   0|    1|          0|
    |ap_enable_reg_pp0_iter58                          |    1|   0|    1|          0|
    |ap_enable_reg_pp0_iter59                          |    1|   0|    1|          0|
    |ap_enable_reg_pp0_iter6                           |    1|   0|    1|          0|
    |ap_enable_reg_pp0_iter60                          |    1|   0|    1|          0|
    |ap_enable_reg_pp0_iter61                          |    1|   0|    1|          0|
    |ap_enable_reg_pp0_iter62                          |    1|   0|    1|          0|
    |ap_enable_reg_pp0_iter63                          |    1|   0|    1|          0|
    |ap_enable_reg_pp0_iter64                          |    1|   0|    1|          0|
    |ap_enable_reg_pp0_iter65                          |    1|   0|    1|          0|
    |ap_enable_reg_pp0_iter66                          |    1|   0|    1|          0|
    |ap_enable_reg_pp0_iter67                          |    1|   0|    1|          0|
    |ap_enable_reg_pp0_iter68                          |    1|   0|    1|          0|
    |ap_enable_reg_pp0_iter69                          |    1|   0|    1|          0|
    |ap_enable_reg_pp0_iter7                           |    1|   0|    1|          0|
    |ap_enable_reg_pp0_iter70                          |    1|   0|    1|          0|
    |ap_enable_reg_pp0_iter71                          |    1|   0|    1|          0|
    |ap_enable_reg_pp0_iter8                           |    1|   0|    1|          0|
    |ap_enable_reg_pp0_iter9                           |    1|   0|    1|          0|
    |ap_loop_exit_ready_pp0_iter10_reg                 |    1|   0|    1|          0|
    |ap_loop_exit_ready_pp0_iter11_reg                 |    1|   0|    1|          0|
    |ap_loop_exit_ready_pp0_iter12_reg                 |    1|   0|    1|          0|
    |ap_loop_exit_ready_pp0_iter13_reg                 |    1|   0|    1|          0|
    |ap_loop_exit_ready_pp0_iter14_reg                 |    1|   0|    1|          0|
    |ap_loop_exit_ready_pp0_iter15_reg                 |    1|   0|    1|          0|
    |ap_loop_exit_ready_pp0_iter16_reg                 |    1|   0|    1|          0|
    |ap_loop_exit_ready_pp0_iter17_reg                 |    1|   0|    1|          0|
    |ap_loop_exit_ready_pp0_iter18_reg                 |    1|   0|    1|          0|
    |ap_loop_exit_ready_pp0_iter19_reg                 |    1|   0|    1|          0|
    |ap_loop_exit_ready_pp0_iter1_reg                  |    1|   0|    1|          0|
    |ap_loop_exit_ready_pp0_iter20_reg                 |    1|   0|    1|          0|
    |ap_loop_exit_ready_pp0_iter21_reg                 |    1|   0|    1|          0|
    |ap_loop_exit_ready_pp0_iter22_reg                 |    1|   0|    1|          0|
    |ap_loop_exit_ready_pp0_iter23_reg                 |    1|   0|    1|          0|
    |ap_loop_exit_ready_pp0_iter24_reg                 |    1|   0|    1|          0|
    |ap_loop_exit_ready_pp0_iter25_reg                 |    1|   0|    1|          0|
    |ap_loop_exit_ready_pp0_iter26_reg                 |    1|   0|    1|          0|
    |ap_loop_exit_ready_pp0_iter27_reg                 |    1|   0|    1|          0|
    |ap_loop_exit_ready_pp0_iter28_reg                 |    1|   0|    1|          0|
    |ap_loop_exit_ready_pp0_iter29_reg                 |    1|   0|    1|          0|
    |ap_loop_exit_ready_pp0_iter2_reg                  |    1|   0|    1|          0|
    |ap_loop_exit_ready_pp0_iter30_reg                 |    1|   0|    1|          0|
    |ap_loop_exit_ready_pp0_iter31_reg                 |    1|   0|    1|          0|
    |ap_loop_exit_ready_pp0_iter32_reg                 |    1|   0|    1|          0|
    |ap_loop_exit_ready_pp0_iter33_reg                 |    1|   0|    1|          0|
    |ap_loop_exit_ready_pp0_iter34_reg                 |    1|   0|    1|          0|
    |ap_loop_exit_ready_pp0_iter35_reg                 |    1|   0|    1|          0|
    |ap_loop_exit_ready_pp0_iter36_reg                 |    1|   0|    1|          0|
    |ap_loop_exit_ready_pp0_iter37_reg                 |    1|   0|    1|          0|
    |ap_loop_exit_ready_pp0_iter38_reg                 |    1|   0|    1|          0|
    |ap_loop_exit_ready_pp0_iter39_reg                 |    1|   0|    1|          0|
    |ap_loop_exit_ready_pp0_iter3_reg                  |    1|   0|    1|          0|
    |ap_loop_exit_ready_pp0_iter40_reg                 |    1|   0|    1|          0|
    |ap_loop_exit_ready_pp0_iter41_reg                 |    1|   0|    1|          0|
    |ap_loop_exit_ready_pp0_iter42_reg                 |    1|   0|    1|          0|
    |ap_loop_exit_ready_pp0_iter43_reg                 |    1|   0|    1|          0|
    |ap_loop_exit_ready_pp0_iter44_reg                 |    1|   0|    1|          0|
    |ap_loop_exit_ready_pp0_iter45_reg                 |    1|   0|    1|          0|
    |ap_loop_exit_ready_pp0_iter46_reg                 |    1|   0|    1|          0|
    |ap_loop_exit_ready_pp0_iter47_reg                 |    1|   0|    1|          0|
    |ap_loop_exit_ready_pp0_iter48_reg                 |    1|   0|    1|          0|
    |ap_loop_exit_ready_pp0_iter49_reg                 |    1|   0|    1|          0|
    |ap_loop_exit_ready_pp0_iter4_reg                  |    1|   0|    1|          0|
    |ap_loop_exit_ready_pp0_iter50_reg                 |    1|   0|    1|          0|
    |ap_loop_exit_ready_pp0_iter51_reg                 |    1|   0|    1|          0|
    |ap_loop_exit_ready_pp0_iter52_reg                 |    1|   0|    1|          0|
    |ap_loop_exit_ready_pp0_iter53_reg                 |    1|   0|    1|          0|
    |ap_loop_exit_ready_pp0_iter54_reg                 |    1|   0|    1|          0|
    |ap_loop_exit_ready_pp0_iter55_reg                 |    1|   0|    1|          0|
    |ap_loop_exit_ready_pp0_iter56_reg                 |    1|   0|    1|          0|
    |ap_loop_exit_ready_pp0_iter57_reg                 |    1|   0|    1|          0|
    |ap_loop_exit_ready_pp0_iter58_reg                 |    1|   0|    1|          0|
    |ap_loop_exit_ready_pp0_iter59_reg                 |    1|   0|    1|          0|
    |ap_loop_exit_ready_pp0_iter5_reg                  |    1|   0|    1|          0|
    |ap_loop_exit_ready_pp0_iter60_reg                 |    1|   0|    1|          0|
    |ap_loop_exit_ready_pp0_iter61_reg                 |    1|   0|    1|          0|
    |ap_loop_exit_ready_pp0_iter62_reg                 |    1|   0|    1|          0|
    |ap_loop_exit_ready_pp0_iter63_reg                 |    1|   0|    1|          0|
    |ap_loop_exit_ready_pp0_iter64_reg                 |    1|   0|    1|          0|
    |ap_loop_exit_ready_pp0_iter65_reg                 |    1|   0|    1|          0|
    |ap_loop_exit_ready_pp0_iter66_reg                 |    1|   0|    1|          0|
    |ap_loop_exit_ready_pp0_iter67_reg                 |    1|   0|    1|          0|
    |ap_loop_exit_ready_pp0_iter68_reg                 |    1|   0|    1|          0|
    |ap_loop_exit_ready_pp0_iter69_reg                 |    1|   0|    1|          0|
    |ap_loop_exit_ready_pp0_iter6_reg                  |    1|   0|    1|          0|
    |ap_loop_exit_ready_pp0_iter70_reg                 |    1|   0|    1|          0|
    |ap_loop_exit_ready_pp0_iter71_reg                 |    1|   0|    1|          0|
    |ap_loop_exit_ready_pp0_iter7_reg                  |    1|   0|    1|          0|
    |ap_loop_exit_ready_pp0_iter8_reg                  |    1|   0|    1|          0|
    |ap_loop_exit_ready_pp0_iter9_reg                  |    1|   0|    1|          0|
    |ap_loop_init_pp0_iter1_reg                        |    1|   0|    1|          0|
    |ap_loop_init_pp0_iter2_reg                        |    1|   0|    1|          0|
    |col_fu_102                                        |   10|   0|   10|          0|
    |first_iter_0_reg_146                              |    1|   0|    1|          0|
    |first_iter_0_reg_146_pp0_iter1_reg                |    1|   0|    1|          0|
    |icmp_ln10_reg_377                                 |    1|   0|    1|          0|
    |icmp_ln7_reg_368                                  |    1|   0|    1|          0|
    |icmp_ln8_reg_386                                  |    1|   0|    1|          0|
    |indvar_flatten2_fu_98                             |   18|   0|   18|          0|
    |or_ln_reg_381                                     |  512|   0|  512|          0|
    |phi_ln104_fu_106                                  |  504|   0|  504|          0|
    |trunc_ln7_reg_372                                 |   58|   0|   58|          0|
    |icmp_ln7_reg_368                                  |   64|  32|    1|          0|
    +--------------------------------------------------+-----+----+-----+-----------+
    |Total                                             | 1318|  32| 1255|          0|
    +--------------------------------------------------+-----+----+-----+-----------+



================================================================
== Interface
================================================================
* Summary: 
+--------------------------+-----+-----+------------+--------------+--------------+
|         RTL Ports        | Dir | Bits|  Protocol  | Source Object|    C Type    |
+--------------------------+-----+-----+------------+--------------+--------------+
|ap_clk                    |   in|    1|  ap_ctrl_hs|   write_frame|  return value|
|ap_rst                    |   in|    1|  ap_ctrl_hs|   write_frame|  return value|
|ap_start                  |   in|    1|  ap_ctrl_hs|   write_frame|  return value|
|ap_done                   |  out|    1|  ap_ctrl_hs|   write_frame|  return value|
|ap_continue               |   in|    1|  ap_ctrl_hs|   write_frame|  return value|
|ap_idle                   |  out|    1|  ap_ctrl_hs|   write_frame|  return value|
|ap_ready                  |  out|    1|  ap_ctrl_hs|   write_frame|  return value|
|out_r_dout                |   in|   64|     ap_fifo|         out_r|       pointer|
|out_r_empty_n             |   in|    1|     ap_fifo|         out_r|       pointer|
|out_r_read                |  out|    1|     ap_fifo|         out_r|       pointer|
|out_r_num_data_valid      |   in|    5|     ap_fifo|         out_r|       pointer|
|out_r_fifo_cap            |   in|    5|     ap_fifo|         out_r|       pointer|
|m_axi_gmem_0_AWVALID      |  out|    1|       m_axi|          gmem|       pointer|
|m_axi_gmem_0_AWREADY      |   in|    1|       m_axi|          gmem|       pointer|
|m_axi_gmem_0_AWADDR       |  out|   64|       m_axi|          gmem|       pointer|
|m_axi_gmem_0_AWID         |  out|    1|       m_axi|          gmem|       pointer|
|m_axi_gmem_0_AWLEN        |  out|   32|       m_axi|          gmem|       pointer|
|m_axi_gmem_0_AWSIZE       |  out|    3|       m_axi|          gmem|       pointer|
|m_axi_gmem_0_AWBURST      |  out|    2|       m_axi|          gmem|       pointer|
|m_axi_gmem_0_AWLOCK       |  out|    2|       m_axi|          gmem|       pointer|
|m_axi_gmem_0_AWCACHE      |  out|    4|       m_axi|          gmem|       pointer|
|m_axi_gmem_0_AWPROT       |  out|    3|       m_axi|          gmem|       pointer|
|m_axi_gmem_0_AWQOS        |  out|    4|       m_axi|          gmem|       pointer|
|m_axi_gmem_0_AWREGION     |  out|    4|       m_axi|          gmem|       pointer|
|m_axi_gmem_0_AWUSER       |  out|    1|       m_axi|          gmem|       pointer|
|m_axi_gmem_0_WVALID       |  out|    1|       m_axi|          gmem|       pointer|
|m_axi_gmem_0_WREADY       |   in|    1|       m_axi|          gmem|       pointer|
|m_axi_gmem_0_WDATA        |  out|  512|       m_axi|          gmem|       pointer|
|m_axi_gmem_0_WSTRB        |  out|   64|       m_axi|          gmem|       pointer|
|m_axi_gmem_0_WLAST        |  out|    1|       m_axi|          gmem|       pointer|
|m_axi_gmem_0_WID          |  out|    1|       m_axi|          gmem|       pointer|
|m_axi_gmem_0_WUSER        |  out|    1|       m_axi|          gmem|       pointer|
|m_axi_gmem_0_ARVALID      |  out|    1|       m_axi|          gmem|       pointer|
|m_axi_gmem_0_ARREADY      |   in|    1|       m_axi|          gmem|       pointer|
|m_axi_gmem_0_ARADDR       |  out|   64|       m_axi|          gmem|       pointer|
|m_axi_gmem_0_ARID         |  out|    1|       m_axi|          gmem|       pointer|
|m_axi_gmem_0_ARLEN        |  out|   32|       m_axi|          gmem|       pointer|
|m_axi_gmem_0_ARSIZE       |  out|    3|       m_axi|          gmem|       pointer|
|m_axi_gmem_0_ARBURST      |  out|    2|       m_axi|          gmem|       pointer|
|m_axi_gmem_0_ARLOCK       |  out|    2|       m_axi|          gmem|       pointer|
|m_axi_gmem_0_ARCACHE      |  out|    4|       m_axi|          gmem|       pointer|
|m_axi_gmem_0_ARPROT       |  out|    3|       m_axi|          gmem|       pointer|
|m_axi_gmem_0_ARQOS        |  out|    4|       m_axi|          gmem|       pointer|
|m_axi_gmem_0_ARREGION     |  out|    4|       m_axi|          gmem|       pointer|
|m_axi_gmem_0_ARUSER       |  out|    1|       m_axi|          gmem|       pointer|
|m_axi_gmem_0_RVALID       |   in|    1|       m_axi|          gmem|       pointer|
|m_axi_gmem_0_RREADY       |  out|    1|       m_axi|          gmem|       pointer|
|m_axi_gmem_0_RDATA        |   in|  512|       m_axi|          gmem|       pointer|
|m_axi_gmem_0_RLAST        |   in|    1|       m_axi|          gmem|       pointer|
|m_axi_gmem_0_RID          |   in|    1|       m_axi|          gmem|       pointer|
|m_axi_gmem_0_RFIFONUM     |   in|    9|       m_axi|          gmem|       pointer|
|m_axi_gmem_0_RUSER        |   in|    1|       m_axi|          gmem|       pointer|
|m_axi_gmem_0_RRESP        |   in|    2|       m_axi|          gmem|       pointer|
|m_axi_gmem_0_BVALID       |   in|    1|       m_axi|          gmem|       pointer|
|m_axi_gmem_0_BREADY       |  out|    1|       m_axi|          gmem|       pointer|
|m_axi_gmem_0_BRESP        |   in|    2|       m_axi|          gmem|       pointer|
|m_axi_gmem_0_BID          |   in|    1|       m_axi|          gmem|       pointer|
|m_axi_gmem_0_BUSER        |   in|    1|       m_axi|          gmem|       pointer|
|hyst4_out_dout            |   in|    8|     ap_fifo|     hyst4_out|       pointer|
|hyst4_out_empty_n         |   in|    1|     ap_fifo|     hyst4_out|       pointer|
|hyst4_out_read            |  out|    1|     ap_fifo|     hyst4_out|       pointer|
|hyst4_out_num_data_valid  |   in|   11|     ap_fifo|     hyst4_out|       pointer|
|hyst4_out_fifo_cap        |   in|   11|     ap_fifo|     hyst4_out|       pointer|
+--------------------------+-----+-----+------------+--------------+--------------+

