

================================================================
== Vitis HLS Report for 'canny_top_Pipeline_VITIS_LOOP_47_1_VITIS_LOOP_48_2'
================================================================
* Date:           Thu Jul 30 19:40:19 2026

* Version:        2025.2 (Build 6295257 on Nov 14 2025)
* Project:        canny_top
* Solution:       hls (Vitis Kernel Flow Target)
* Product family: zynquplus
* Target device:  xck26-sfvc784-2LV-c


================================================================
== Performance Estimates
================================================================
+ Timing: 
    * Summary: 
    +--------+---------+----------+------------+
    |  Clock |  Target | Estimated| Uncertainty|
    +--------+---------+----------+------------+
    |ap_clk  |  5.00 ns|  3.332 ns|     1.35 ns|
    +--------+---------+----------+------------+

+ Latency: 
    * Summary: 
    +---------+---------+-----------+-----------+-----+-----+-------------------+
    |  Latency (cycles) |   Latency (absolute)  |  Interval |      Pipeline     |
    |   min   |   max   |    min    |    max    | min | max |        Type       |
    +---------+---------+-----------+-----------+-----+-----+-------------------+
    |     2562|     2562|  12.810 us|  12.810 us|    0|    0|  loop pipeline stp|
    +---------+---------+-----------+-----------+-----+-----+-------------------+

    + Detail: 
        * Instance: 
        N/A

        * Loop: 
        +-----------------------------------+---------+---------+----------+-----------+-----------+------+----------+
        |                                   |  Latency (cycles) | Iteration|  Initiation Interval  | Trip |          |
        |             Loop Name             |   min   |   max   |  Latency |  achieved |   target  | Count| Pipelined|
        +-----------------------------------+---------+---------+----------+-----------+-----------+------+----------+
        |- VITIS_LOOP_47_1_VITIS_LOOP_48_2  |     2560|     2560|         1|          1|          1|  2560|       yes|
        +-----------------------------------+---------+---------+----------+-----------+-----------+------+----------+

============================================================
+ Verbose Summary: Synthesis Manager
============================================================
InlineROM: 1
ExposeGlobal: 0
============================================================
+ Verbose Summary: CDFG Model
============================================================
IsTopModel: 0
ResetActiveHigh: 1
IsCombinational: 0
IsDatapathOnly: 0
HasWiredReturn: 1
HasMFsm: 2
HasVarLatency: 1
IsPipeline: 0
IsRtlPipelined: 0
IsInstanceOverlapped: 0
IsDontTouch: 0
HasImplIP: 0
IsGatedGlobalClock: 0

+ Individual pipeline summary: 
  * Pipeline-0: initiation interval (II) = 1, depth = 1


============================================================
+ Verbose Summary: Schedule
============================================================
* Number of FSM states : 1
* Pipeline : 1
  Pipeline-0 : II = 1, D = 1, States = { 1 }
* Dataflow Pipeline: 0

* FSM state transitions: 
1 --> 

* FSM state operations: 

State 1 <SV = 0> <Delay = 3.33>
ST_1 : Operation 4 [1/1] (0.00ns)   --->   "%column = alloca i32 1" [../src/gaussian_blur.cpp:48->../src/canny_top.cpp:43->../src/canny_top.cpp:10]   --->   Operation 4 'alloca' 'column' <Predicate = true> <Delay = 0.00>
ST_1 : Operation 5 [1/1] (0.00ns)   --->   "%row = alloca i32 1" [../src/gaussian_blur.cpp:47->../src/canny_top.cpp:43->../src/canny_top.cpp:10]   --->   Operation 5 'alloca' 'row' <Predicate = true> <Delay = 0.00>
ST_1 : Operation 6 [1/1] (0.00ns)   --->   "%indvar_flatten = alloca i32 1"   --->   Operation 6 'alloca' 'indvar_flatten' <Predicate = true> <Delay = 0.00>
ST_1 : Operation 7 [1/1] (0.42ns)   --->   "%store_ln0 = store i12 0, i12 %indvar_flatten"   --->   Operation 7 'store' 'store_ln0' <Predicate = true> <Delay = 0.42>
ST_1 : Operation 8 [1/1] (0.42ns)   --->   "%store_ln47 = store i3 0, i3 %row" [../src/gaussian_blur.cpp:47->../src/canny_top.cpp:43->../src/canny_top.cpp:10]   --->   Operation 8 'store' 'store_ln47' <Predicate = true> <Delay = 0.42>
ST_1 : Operation 9 [1/1] (0.42ns)   --->   "%store_ln48 = store i10 0, i10 %column" [../src/gaussian_blur.cpp:48->../src/canny_top.cpp:43->../src/canny_top.cpp:10]   --->   Operation 9 'store' 'store_ln48' <Predicate = true> <Delay = 0.42>
ST_1 : Operation 10 [1/1] (0.00ns)   --->   "%br_ln0 = br void %for.inc.i.i"   --->   Operation 10 'br' 'br_ln0' <Predicate = true> <Delay = 0.00>
ST_1 : Operation 11 [1/1] (0.00ns)   --->   "%indvar_flatten_load = load i12 %indvar_flatten" [../src/gaussian_blur.cpp:47->../src/canny_top.cpp:43->../src/canny_top.cpp:10]   --->   Operation 11 'load' 'indvar_flatten_load' <Predicate = true> <Delay = 0.00>
ST_1 : Operation 12 [1/1] (0.80ns)   --->   "%icmp_ln47 = icmp_eq  i12 %indvar_flatten_load, i12 2560" [../src/gaussian_blur.cpp:47->../src/canny_top.cpp:43->../src/canny_top.cpp:10]   --->   Operation 12 'icmp' 'icmp_ln47' <Predicate = true> <Delay = 0.80> <CoreInst = "Cmp">   --->   Core 9 'Cmp' <Latency = 0> <II = 1> <Delay = 0.80> <FuncUnit> <Opcode : 'seteq' 'setne' 'setle' 'setge' 'setlt' 'setgt'> <InPorts = 2> <OutPorts = 1>
ST_1 : Operation 13 [1/1] (0.80ns)   --->   "%add_ln47 = add i12 %indvar_flatten_load, i12 1" [../src/gaussian_blur.cpp:47->../src/canny_top.cpp:43->../src/canny_top.cpp:10]   --->   Operation 13 'add' 'add_ln47' <Predicate = true> <Delay = 0.80> <CoreInst = "Adder">   --->   Core 1 'Adder' <Latency = 0> <II = 1> <Delay = 0.80> <FuncUnit> <Opcode : 'add' 'sub'> <InPorts = 2> <OutPorts = 1>
ST_1 : Operation 14 [1/1] (0.00ns)   --->   "%br_ln47 = br i1 %icmp_ln47, void %for.inc7.i.i, void %_Z19gaussian_blur_resetv.exit.i.exitStub" [../src/gaussian_blur.cpp:47->../src/canny_top.cpp:43->../src/canny_top.cpp:10]   --->   Operation 14 'br' 'br_ln47' <Predicate = true> <Delay = 0.00>
ST_1 : Operation 15 [1/1] (0.00ns)   --->   "%column_load = load i10 %column" [../src/gaussian_blur.cpp:48->../src/canny_top.cpp:43->../src/canny_top.cpp:10]   --->   Operation 15 'load' 'column_load' <Predicate = (!icmp_ln47)> <Delay = 0.00>
ST_1 : Operation 16 [1/1] (0.00ns)   --->   "%row_load = load i3 %row" [../src/gaussian_blur.cpp:47->../src/canny_top.cpp:43->../src/canny_top.cpp:10]   --->   Operation 16 'load' 'row_load' <Predicate = (!icmp_ln47)> <Delay = 0.00>
ST_1 : Operation 17 [1/1] (0.00ns)   --->   "%specloopname_ln0 = specloopname void @_ssdm_op_SpecLoopName, void @VITIS_LOOP_47_1_VITIS_LOOP_48_2_str"   --->   Operation 17 'specloopname' 'specloopname_ln0' <Predicate = (!icmp_ln47)> <Delay = 0.00>
ST_1 : Operation 18 [1/1] (0.00ns)   --->   "%speclooptripcount_ln0 = speclooptripcount void @_ssdm_op_SpecLoopTripCount, i64 2560, i64 2560, i64 2560"   --->   Operation 18 'speclooptripcount' 'speclooptripcount_ln0' <Predicate = (!icmp_ln47)> <Delay = 0.00>
ST_1 : Operation 19 [1/1] (0.78ns)   --->   "%icmp_ln48 = icmp_eq  i10 %column_load, i10 512" [../src/gaussian_blur.cpp:48->../src/canny_top.cpp:43->../src/canny_top.cpp:10]   --->   Operation 19 'icmp' 'icmp_ln48' <Predicate = (!icmp_ln47)> <Delay = 0.78> <CoreInst = "Cmp">   --->   Core 9 'Cmp' <Latency = 0> <II = 1> <Delay = 0.78> <FuncUnit> <Opcode : 'seteq' 'setne' 'setle' 'setge' 'setlt' 'setgt'> <InPorts = 2> <OutPorts = 1>
ST_1 : Operation 20 [1/1] (0.40ns)   --->   "%select_ln47 = select i1 %icmp_ln48, i10 0, i10 %column_load" [../src/gaussian_blur.cpp:47->../src/canny_top.cpp:43->../src/canny_top.cpp:10]   --->   Operation 20 'select' 'select_ln47' <Predicate = (!icmp_ln47)> <Delay = 0.40> <CoreInst = "Sel">   --->   Core 73 'Sel' <Latency = 0> <II = 1> <Delay = 0.40> <FuncUnit> <Opcode : 'select'> <InPorts = 3> <OutPorts = 1>
ST_1 : Operation 21 [1/1] (0.67ns)   --->   "%add_ln47_1 = add i3 %row_load, i3 1" [../src/gaussian_blur.cpp:47->../src/canny_top.cpp:43->../src/canny_top.cpp:10]   --->   Operation 21 'add' 'add_ln47_1' <Predicate = (!icmp_ln47)> <Delay = 0.67> <CoreInst = "Adder">   --->   Core 1 'Adder' <Latency = 0> <II = 1> <Delay = 0.67> <FuncUnit> <Opcode : 'add' 'sub'> <InPorts = 2> <OutPorts = 1>
ST_1 : Operation 22 [1/1] (0.20ns)   --->   "%select_ln47_1 = select i1 %icmp_ln48, i3 %add_ln47_1, i3 %row_load" [../src/gaussian_blur.cpp:47->../src/canny_top.cpp:43->../src/canny_top.cpp:10]   --->   Operation 22 'select' 'select_ln47_1' <Predicate = (!icmp_ln47)> <Delay = 0.20> <CoreInst = "Sel">   --->   Core 73 'Sel' <Latency = 0> <II = 1> <Delay = 0.20> <FuncUnit> <Opcode : 'select'> <InPorts = 3> <OutPorts = 1>
ST_1 : Operation 23 [1/1] (0.00ns)   --->   "%zext_ln48 = zext i10 %select_ln47" [../src/gaussian_blur.cpp:48->../src/canny_top.cpp:43->../src/canny_top.cpp:10]   --->   Operation 23 'zext' 'zext_ln48' <Predicate = (!icmp_ln47)> <Delay = 0.00>
ST_1 : Operation 24 [1/1] (0.00ns)   --->   "%specpipeline_ln48 = specpipeline void @_ssdm_op_SpecPipeline, i32 4294967295, i32 0, i32 0, i32 0, i32 4294967295, void @empty_14" [../src/gaussian_blur.cpp:48->../src/canny_top.cpp:43->../src/canny_top.cpp:10]   --->   Operation 24 'specpipeline' 'specpipeline_ln48' <Predicate = (!icmp_ln47)> <Delay = 0.00>
ST_1 : Operation 25 [1/1] (0.00ns)   --->   "%p_anonymous_namespace_lineBuffer_39_0_addr = getelementptr i12 %p_anonymous_namespace_lineBuffer_39_0, i64 0, i64 %zext_ln48" [../src/gaussian_blur.cpp:49->../src/canny_top.cpp:43->../src/canny_top.cpp:10]   --->   Operation 25 'getelementptr' 'p_anonymous_namespace_lineBuffer_39_0_addr' <Predicate = (!icmp_ln47)> <Delay = 0.00>
ST_1 : Operation 26 [1/1] (0.00ns)   --->   "%p_anonymous_namespace_lineBuffer_39_1_addr = getelementptr i12 %p_anonymous_namespace_lineBuffer_39_1, i64 0, i64 %zext_ln48" [../src/gaussian_blur.cpp:49->../src/canny_top.cpp:43->../src/canny_top.cpp:10]   --->   Operation 26 'getelementptr' 'p_anonymous_namespace_lineBuffer_39_1_addr' <Predicate = (!icmp_ln47)> <Delay = 0.00>
ST_1 : Operation 27 [1/1] (0.00ns)   --->   "%p_anonymous_namespace_lineBuffer_39_2_addr = getelementptr i12 %p_anonymous_namespace_lineBuffer_39_2, i64 0, i64 %zext_ln48" [../src/gaussian_blur.cpp:49->../src/canny_top.cpp:43->../src/canny_top.cpp:10]   --->   Operation 27 'getelementptr' 'p_anonymous_namespace_lineBuffer_39_2_addr' <Predicate = (!icmp_ln47)> <Delay = 0.00>
ST_1 : Operation 28 [1/1] (0.00ns)   --->   "%p_anonymous_namespace_lineBuffer_39_3_addr = getelementptr i12 %p_anonymous_namespace_lineBuffer_39_3, i64 0, i64 %zext_ln48" [../src/gaussian_blur.cpp:49->../src/canny_top.cpp:43->../src/canny_top.cpp:10]   --->   Operation 28 'getelementptr' 'p_anonymous_namespace_lineBuffer_39_3_addr' <Predicate = (!icmp_ln47)> <Delay = 0.00>
ST_1 : Operation 29 [1/1] (0.00ns)   --->   "%p_anonymous_namespace_lineBuffer_39_4_addr = getelementptr i12 %p_anonymous_namespace_lineBuffer_39_4, i64 0, i64 %zext_ln48" [../src/gaussian_blur.cpp:49->../src/canny_top.cpp:43->../src/canny_top.cpp:10]   --->   Operation 29 'getelementptr' 'p_anonymous_namespace_lineBuffer_39_4_addr' <Predicate = (!icmp_ln47)> <Delay = 0.00>
ST_1 : Operation 30 [1/1] (0.67ns)   --->   "%switch_ln49 = switch i3 %select_ln47_1, void %arrayidx61.i.i.case.4, i3 0, void %arrayidx61.i.i.case.0, i3 1, void %arrayidx61.i.i.case.1, i3 2, void %arrayidx61.i.i.case.2, i3 3, void %arrayidx61.i.i.case.3" [../src/gaussian_blur.cpp:49->../src/canny_top.cpp:43->../src/canny_top.cpp:10]   --->   Operation 30 'switch' 'switch_ln49' <Predicate = (!icmp_ln47)> <Delay = 0.67>
ST_1 : Operation 31 [1/1] ( I:1.23ns O:1.23ns )   --->   "%store_ln49 = store i12 0, i9 %p_anonymous_namespace_lineBuffer_39_3_addr" [../src/gaussian_blur.cpp:49->../src/canny_top.cpp:43->../src/canny_top.cpp:10]   --->   Operation 31 'store' 'store_ln49' <Predicate = (!icmp_ln47 & select_ln47_1 == 3)> <Delay = 1.23> <CoreInst = "RAM">   --->   Core 82 'RAM' <Latency = 1> <II = 1> <Delay = 1.23> <Storage> <Opcode : 'load' 'store'> <Ports = 2> <Width = 12> <Depth = 512> <RAM>
ST_1 : Operation 32 [1/1] (0.00ns)   --->   "%br_ln49 = br void %arrayidx61.i.i.exit" [../src/gaussian_blur.cpp:49->../src/canny_top.cpp:43->../src/canny_top.cpp:10]   --->   Operation 32 'br' 'br_ln49' <Predicate = (!icmp_ln47 & select_ln47_1 == 3)> <Delay = 0.00>
ST_1 : Operation 33 [1/1] ( I:1.23ns O:1.23ns )   --->   "%store_ln49 = store i12 0, i9 %p_anonymous_namespace_lineBuffer_39_2_addr" [../src/gaussian_blur.cpp:49->../src/canny_top.cpp:43->../src/canny_top.cpp:10]   --->   Operation 33 'store' 'store_ln49' <Predicate = (!icmp_ln47 & select_ln47_1 == 2)> <Delay = 1.23> <CoreInst = "RAM">   --->   Core 82 'RAM' <Latency = 1> <II = 1> <Delay = 1.23> <Storage> <Opcode : 'load' 'store'> <Ports = 2> <Width = 12> <Depth = 512> <RAM>
ST_1 : Operation 34 [1/1] (0.00ns)   --->   "%br_ln49 = br void %arrayidx61.i.i.exit" [../src/gaussian_blur.cpp:49->../src/canny_top.cpp:43->../src/canny_top.cpp:10]   --->   Operation 34 'br' 'br_ln49' <Predicate = (!icmp_ln47 & select_ln47_1 == 2)> <Delay = 0.00>
ST_1 : Operation 35 [1/1] ( I:1.23ns O:1.23ns )   --->   "%store_ln49 = store i12 0, i9 %p_anonymous_namespace_lineBuffer_39_1_addr" [../src/gaussian_blur.cpp:49->../src/canny_top.cpp:43->../src/canny_top.cpp:10]   --->   Operation 35 'store' 'store_ln49' <Predicate = (!icmp_ln47 & select_ln47_1 == 1)> <Delay = 1.23> <CoreInst = "RAM">   --->   Core 82 'RAM' <Latency = 1> <II = 1> <Delay = 1.23> <Storage> <Opcode : 'load' 'store'> <Ports = 2> <Width = 12> <Depth = 512> <RAM>
ST_1 : Operation 36 [1/1] (0.00ns)   --->   "%br_ln49 = br void %arrayidx61.i.i.exit" [../src/gaussian_blur.cpp:49->../src/canny_top.cpp:43->../src/canny_top.cpp:10]   --->   Operation 36 'br' 'br_ln49' <Predicate = (!icmp_ln47 & select_ln47_1 == 1)> <Delay = 0.00>
ST_1 : Operation 37 [1/1] ( I:1.23ns O:1.23ns )   --->   "%store_ln49 = store i12 0, i9 %p_anonymous_namespace_lineBuffer_39_0_addr" [../src/gaussian_blur.cpp:49->../src/canny_top.cpp:43->../src/canny_top.cpp:10]   --->   Operation 37 'store' 'store_ln49' <Predicate = (!icmp_ln47 & select_ln47_1 == 0)> <Delay = 1.23> <CoreInst = "RAM">   --->   Core 82 'RAM' <Latency = 1> <II = 1> <Delay = 1.23> <Storage> <Opcode : 'load' 'store'> <Ports = 2> <Width = 12> <Depth = 512> <RAM>
ST_1 : Operation 38 [1/1] (0.00ns)   --->   "%br_ln49 = br void %arrayidx61.i.i.exit" [../src/gaussian_blur.cpp:49->../src/canny_top.cpp:43->../src/canny_top.cpp:10]   --->   Operation 38 'br' 'br_ln49' <Predicate = (!icmp_ln47 & select_ln47_1 == 0)> <Delay = 0.00>
ST_1 : Operation 39 [1/1] ( I:1.23ns O:1.23ns )   --->   "%store_ln49 = store i12 0, i9 %p_anonymous_namespace_lineBuffer_39_4_addr" [../src/gaussian_blur.cpp:49->../src/canny_top.cpp:43->../src/canny_top.cpp:10]   --->   Operation 39 'store' 'store_ln49' <Predicate = (!icmp_ln47 & select_ln47_1 != 0 & select_ln47_1 != 1 & select_ln47_1 != 2 & select_ln47_1 != 3)> <Delay = 1.23> <CoreInst = "RAM">   --->   Core 82 'RAM' <Latency = 1> <II = 1> <Delay = 1.23> <Storage> <Opcode : 'load' 'store'> <Ports = 2> <Width = 12> <Depth = 512> <RAM>
ST_1 : Operation 40 [1/1] (0.00ns)   --->   "%br_ln49 = br void %arrayidx61.i.i.exit" [../src/gaussian_blur.cpp:49->../src/canny_top.cpp:43->../src/canny_top.cpp:10]   --->   Operation 40 'br' 'br_ln49' <Predicate = (!icmp_ln47 & select_ln47_1 != 0 & select_ln47_1 != 1 & select_ln47_1 != 2 & select_ln47_1 != 3)> <Delay = 0.00>
ST_1 : Operation 41 [1/1] (0.78ns)   --->   "%add_ln48 = add i10 %select_ln47, i10 1" [../src/gaussian_blur.cpp:48->../src/canny_top.cpp:43->../src/canny_top.cpp:10]   --->   Operation 41 'add' 'add_ln48' <Predicate = (!icmp_ln47)> <Delay = 0.78> <CoreInst = "Adder">   --->   Core 1 'Adder' <Latency = 0> <II = 1> <Delay = 0.78> <FuncUnit> <Opcode : 'add' 'sub'> <InPorts = 2> <OutPorts = 1>
ST_1 : Operation 42 [1/1] (0.42ns)   --->   "%store_ln47 = store i12 %add_ln47, i12 %indvar_flatten" [../src/gaussian_blur.cpp:47->../src/canny_top.cpp:43->../src/canny_top.cpp:10]   --->   Operation 42 'store' 'store_ln47' <Predicate = (!icmp_ln47)> <Delay = 0.42>
ST_1 : Operation 43 [1/1] (0.42ns)   --->   "%store_ln47 = store i3 %select_ln47_1, i3 %row" [../src/gaussian_blur.cpp:47->../src/canny_top.cpp:43->../src/canny_top.cpp:10]   --->   Operation 43 'store' 'store_ln47' <Predicate = (!icmp_ln47)> <Delay = 0.42>
ST_1 : Operation 44 [1/1] (0.42ns)   --->   "%store_ln48 = store i10 %add_ln48, i10 %column" [../src/gaussian_blur.cpp:48->../src/canny_top.cpp:43->../src/canny_top.cpp:10]   --->   Operation 44 'store' 'store_ln48' <Predicate = (!icmp_ln47)> <Delay = 0.42>
ST_1 : Operation 45 [1/1] (0.00ns)   --->   "%br_ln48 = br void %for.inc.i.i" [../src/gaussian_blur.cpp:48->../src/canny_top.cpp:43->../src/canny_top.cpp:10]   --->   Operation 45 'br' 'br_ln48' <Predicate = (!icmp_ln47)> <Delay = 0.00>
ST_1 : Operation 46 [1/1] (0.42ns)   --->   "%ret_ln0 = ret"   --->   Operation 46 'ret' 'ret_ln0' <Predicate = (icmp_ln47)> <Delay = 0.42>


============================================================
+ Verbose Summary: Timing violations
============================================================
Target clock period: 5.000ns, clock uncertainty: 1.350ns.

 <State 1>: 3.332ns
The critical path consists of the following:
	'store' operation ('store_ln48', ../src/gaussian_blur.cpp:48->../src/canny_top.cpp:43->../src/canny_top.cpp:10) of constant 0 10 bit on local variable 'column', ../src/gaussian_blur.cpp:48->../src/canny_top.cpp:43->../src/canny_top.cpp:10 [11]  (0.427 ns)
	'load' operation 10 bit ('column_load', ../src/gaussian_blur.cpp:48->../src/canny_top.cpp:43->../src/canny_top.cpp:10) on local variable 'column', ../src/gaussian_blur.cpp:48->../src/canny_top.cpp:43->../src/canny_top.cpp:10 [19]  (0.000 ns)
	'icmp' operation 1 bit ('icmp_ln48', ../src/gaussian_blur.cpp:48->../src/canny_top.cpp:43->../src/canny_top.cpp:10) [23]  (0.787 ns)
	'select' operation 3 bit ('select_ln47_1', ../src/gaussian_blur.cpp:47->../src/canny_top.cpp:43->../src/canny_top.cpp:10) [26]  (0.208 ns)
	'store' operation ('store_ln49', ../src/gaussian_blur.cpp:49->../src/canny_top.cpp:43->../src/canny_top.cpp:10) of constant 0 12 bit on array 'p_anonymous_namespace_lineBuffer_39_4' [48]  (1.237 ns)
	blocking operation 0.6725 ns on control path)


============================================================
+ Verbose Summary: Binding
============================================================
N/A
* FSMD analyzer results:
  - Output states:
 - Input state : 
  - Chain level:
	State 1


============================================================
+ Verbose Summary: Datapath Resource usage 
============================================================
N/A
