

================================================================
== Vitis HLS Report for 'canny_top_Pipeline_VITIS_LOOP_32_1_VITIS_LOOP_33_2'
================================================================
* Date:           Wed Jul 29 23:33:02 2026

* Version:        2025.2 (Build 6295257 on Nov 14 2025)
* Project:        canny_top
* Solution:       hls (Vitis Kernel Flow Target)
* Product family: zynquplus
* Target device:  xck26-sfvc784-2LV-c


================================================================
== Performance Estimates
================================================================
+ Timing: 
    * Summary: 
    +--------+---------+----------+------------+
    |  Clock |  Target | Estimated| Uncertainty|
    +--------+---------+----------+------------+
    |ap_clk  |  5.00 ns|  3.178 ns|     1.35 ns|
    +--------+---------+----------+------------+

+ Latency: 
    * Summary: 
    +---------+---------+----------+----------+-----+-----+-------------------+
    |  Latency (cycles) |  Latency (absolute) |  Interval |      Pipeline     |
    |   min   |   max   |    min   |    max   | min | max |        Type       |
    +---------+---------+----------+----------+-----+-----+-------------------+
    |     1538|     1538|  7.690 us|  7.690 us|    0|    0|  loop pipeline stp|
    +---------+---------+----------+----------+-----+-----+-------------------+

    + Detail: 
        * Instance: 
        N/A

        * Loop: 
        +-----------------------------------+---------+---------+----------+-----------+-----------+------+----------+
        |                                   |  Latency (cycles) | Iteration|  Initiation Interval  | Trip |          |
        |             Loop Name             |   min   |   max   |  Latency |  achieved |   target  | Count| Pipelined|
        +-----------------------------------+---------+---------+----------+-----------+-----------+------+----------+
        |- VITIS_LOOP_32_1_VITIS_LOOP_33_2  |     1536|     1536|         1|          1|          1|  1536|       yes|
        +-----------------------------------+---------+---------+----------+-----------+-----------+------+----------+

============================================================
+ Verbose Summary: Synthesis Manager
============================================================
InlineROM: 1
ExposeGlobal: 0
============================================================
+ Verbose Summary: CDFG Model
============================================================
IsTopModel: 0
ResetActiveHigh: 1
IsCombinational: 0
IsDatapathOnly: 0
HasWiredReturn: 1
HasMFsm: 2
HasVarLatency: 1
IsPipeline: 0
IsRtlPipelined: 0
IsInstanceOverlapped: 0
IsDontTouch: 0
HasImplIP: 0
IsGatedGlobalClock: 0

+ Individual pipeline summary: 
  * Pipeline-0: initiation interval (II) = 1, depth = 1


============================================================
+ Verbose Summary: Schedule
============================================================
* Number of FSM states : 1
* Pipeline : 1
  Pipeline-0 : II = 1, D = 1, States = { 1 }
* Dataflow Pipeline: 0

* FSM state transitions: 
1 --> 

* FSM state operations: 

State 1 <SV = 0> <Delay = 3.17>
ST_1 : Operation 4 [1/1] (0.00ns)   --->   "%column_9 = alloca i32 1" [../src/non_maximum_suppression.cpp:33->../src/canny_top.cpp:45->../src/canny_top.cpp:10]   --->   Operation 4 'alloca' 'column_9' <Predicate = true> <Delay = 0.00>
ST_1 : Operation 5 [1/1] (0.00ns)   --->   "%row = alloca i32 1" [../src/non_maximum_suppression.cpp:32->../src/canny_top.cpp:45->../src/canny_top.cpp:10]   --->   Operation 5 'alloca' 'row' <Predicate = true> <Delay = 0.00>
ST_1 : Operation 6 [1/1] (0.00ns)   --->   "%indvar_flatten13 = alloca i32 1"   --->   Operation 6 'alloca' 'indvar_flatten13' <Predicate = true> <Delay = 0.00>
ST_1 : Operation 7 [1/1] (0.42ns)   --->   "%store_ln0 = store i11 0, i11 %indvar_flatten13"   --->   Operation 7 'store' 'store_ln0' <Predicate = true> <Delay = 0.42>
ST_1 : Operation 8 [1/1] (0.42ns)   --->   "%store_ln32 = store i2 0, i2 %row" [../src/non_maximum_suppression.cpp:32->../src/canny_top.cpp:45->../src/canny_top.cpp:10]   --->   Operation 8 'store' 'store_ln32' <Predicate = true> <Delay = 0.42>
ST_1 : Operation 9 [1/1] (0.42ns)   --->   "%store_ln33 = store i10 0, i10 %column_9" [../src/non_maximum_suppression.cpp:33->../src/canny_top.cpp:45->../src/canny_top.cpp:10]   --->   Operation 9 'store' 'store_ln33' <Predicate = true> <Delay = 0.42>
ST_1 : Operation 10 [1/1] (0.00ns)   --->   "%br_ln0 = br void %for.inc.i13.i"   --->   Operation 10 'br' 'br_ln0' <Predicate = true> <Delay = 0.00>
ST_1 : Operation 11 [1/1] (0.00ns)   --->   "%indvar_flatten13_load = load i11 %indvar_flatten13" [../src/non_maximum_suppression.cpp:32->../src/canny_top.cpp:45->../src/canny_top.cpp:10]   --->   Operation 11 'load' 'indvar_flatten13_load' <Predicate = true> <Delay = 0.00>
ST_1 : Operation 12 [1/1] (0.79ns)   --->   "%icmp_ln32 = icmp_eq  i11 %indvar_flatten13_load, i11 1536" [../src/non_maximum_suppression.cpp:32->../src/canny_top.cpp:45->../src/canny_top.cpp:10]   --->   Operation 12 'icmp' 'icmp_ln32' <Predicate = true> <Delay = 0.79> <CoreInst = "Cmp">   --->   Core 9 'Cmp' <Latency = 0> <II = 1> <Delay = 0.79> <FuncUnit> <Opcode : 'seteq' 'setne' 'setle' 'setge' 'setlt' 'setgt'> <InPorts = 2> <OutPorts = 1>
ST_1 : Operation 13 [1/1] (0.79ns)   --->   "%add_ln32 = add i11 %indvar_flatten13_load, i11 1" [../src/non_maximum_suppression.cpp:32->../src/canny_top.cpp:45->../src/canny_top.cpp:10]   --->   Operation 13 'add' 'add_ln32' <Predicate = true> <Delay = 0.79> <CoreInst = "Adder">   --->   Core 1 'Adder' <Latency = 0> <II = 1> <Delay = 0.79> <FuncUnit> <Opcode : 'add' 'sub'> <InPorts = 2> <OutPorts = 1>
ST_1 : Operation 14 [1/1] (0.00ns)   --->   "%br_ln32 = br i1 %icmp_ln32, void %for.inc11.i.i, void %_Z29non_maximum_suppression_resetv.exit.i.exitStub" [../src/non_maximum_suppression.cpp:32->../src/canny_top.cpp:45->../src/canny_top.cpp:10]   --->   Operation 14 'br' 'br_ln32' <Predicate = true> <Delay = 0.00>
ST_1 : Operation 15 [1/1] (0.00ns)   --->   "%column_9_load = load i10 %column_9" [../src/non_maximum_suppression.cpp:33->../src/canny_top.cpp:45->../src/canny_top.cpp:10]   --->   Operation 15 'load' 'column_9_load' <Predicate = (!icmp_ln32)> <Delay = 0.00>
ST_1 : Operation 16 [1/1] (0.00ns)   --->   "%row_load = load i2 %row" [../src/non_maximum_suppression.cpp:32->../src/canny_top.cpp:45->../src/canny_top.cpp:10]   --->   Operation 16 'load' 'row_load' <Predicate = (!icmp_ln32)> <Delay = 0.00>
ST_1 : Operation 17 [1/1] (0.00ns)   --->   "%specloopname_ln0 = specloopname void @_ssdm_op_SpecLoopName, void @VITIS_LOOP_32_1_VITIS_LOOP_33_2_str"   --->   Operation 17 'specloopname' 'specloopname_ln0' <Predicate = (!icmp_ln32)> <Delay = 0.00>
ST_1 : Operation 18 [1/1] (0.00ns)   --->   "%speclooptripcount_ln0 = speclooptripcount void @_ssdm_op_SpecLoopTripCount, i64 1536, i64 1536, i64 1536"   --->   Operation 18 'speclooptripcount' 'speclooptripcount_ln0' <Predicate = (!icmp_ln32)> <Delay = 0.00>
ST_1 : Operation 19 [1/1] (0.78ns)   --->   "%icmp_ln33 = icmp_eq  i10 %column_9_load, i10 512" [../src/non_maximum_suppression.cpp:33->../src/canny_top.cpp:45->../src/canny_top.cpp:10]   --->   Operation 19 'icmp' 'icmp_ln33' <Predicate = (!icmp_ln32)> <Delay = 0.78> <CoreInst = "Cmp">   --->   Core 9 'Cmp' <Latency = 0> <II = 1> <Delay = 0.78> <FuncUnit> <Opcode : 'seteq' 'setne' 'setle' 'setge' 'setlt' 'setgt'> <InPorts = 2> <OutPorts = 1>
ST_1 : Operation 20 [1/1] (0.40ns)   --->   "%select_ln32 = select i1 %icmp_ln33, i10 0, i10 %column_9_load" [../src/non_maximum_suppression.cpp:32->../src/canny_top.cpp:45->../src/canny_top.cpp:10]   --->   Operation 20 'select' 'select_ln32' <Predicate = (!icmp_ln32)> <Delay = 0.40> <CoreInst = "Sel">   --->   Core 73 'Sel' <Latency = 0> <II = 1> <Delay = 0.40> <FuncUnit> <Opcode : 'select'> <InPorts = 3> <OutPorts = 1>
ST_1 : Operation 21 [1/1] (0.54ns)   --->   "%add_ln32_1 = add i2 %row_load, i2 1" [../src/non_maximum_suppression.cpp:32->../src/canny_top.cpp:45->../src/canny_top.cpp:10]   --->   Operation 21 'add' 'add_ln32_1' <Predicate = (!icmp_ln32)> <Delay = 0.54> <CoreInst = "Adder">   --->   Core 1 'Adder' <Latency = 0> <II = 1> <Delay = 0.54> <FuncUnit> <Opcode : 'add' 'sub'> <InPorts = 2> <OutPorts = 1>
ST_1 : Operation 22 [1/1] (0.17ns)   --->   "%select_ln32_2 = select i1 %icmp_ln33, i2 %add_ln32_1, i2 %row_load" [../src/non_maximum_suppression.cpp:32->../src/canny_top.cpp:45->../src/canny_top.cpp:10]   --->   Operation 22 'select' 'select_ln32_2' <Predicate = (!icmp_ln32)> <Delay = 0.17> <CoreInst = "Sel">   --->   Core 73 'Sel' <Latency = 0> <II = 1> <Delay = 0.17> <FuncUnit> <Opcode : 'select'> <InPorts = 3> <OutPorts = 1>
ST_1 : Operation 23 [1/1] (0.00ns)   --->   "%zext_ln33 = zext i10 %select_ln32" [../src/non_maximum_suppression.cpp:33->../src/canny_top.cpp:45->../src/canny_top.cpp:10]   --->   Operation 23 'zext' 'zext_ln33' <Predicate = (!icmp_ln32)> <Delay = 0.00>
ST_1 : Operation 24 [1/1] (0.00ns)   --->   "%specpipeline_ln33 = specpipeline void @_ssdm_op_SpecPipeline, i32 4294967295, i32 0, i32 0, i32 0, i32 4294967295, void @empty_14" [../src/non_maximum_suppression.cpp:33->../src/canny_top.cpp:45->../src/canny_top.cpp:10]   --->   Operation 24 'specpipeline' 'specpipeline_ln33' <Predicate = (!icmp_ln32)> <Delay = 0.00>
ST_1 : Operation 25 [1/1] (0.00ns)   --->   "%p_anonymous_namespace_lineBuffer_magnitude_0_addr = getelementptr i11 %p_anonymous_namespace_lineBuffer_magnitude_0, i64 0, i64 %zext_ln33" [../src/non_maximum_suppression.cpp:34->../src/canny_top.cpp:45->../src/canny_top.cpp:10]   --->   Operation 25 'getelementptr' 'p_anonymous_namespace_lineBuffer_magnitude_0_addr' <Predicate = (!icmp_ln32)> <Delay = 0.00>
ST_1 : Operation 26 [1/1] (0.00ns)   --->   "%p_anonymous_namespace_lineBuffer_magnitude_1_addr = getelementptr i11 %p_anonymous_namespace_lineBuffer_magnitude_1, i64 0, i64 %zext_ln33" [../src/non_maximum_suppression.cpp:34->../src/canny_top.cpp:45->../src/canny_top.cpp:10]   --->   Operation 26 'getelementptr' 'p_anonymous_namespace_lineBuffer_magnitude_1_addr' <Predicate = (!icmp_ln32)> <Delay = 0.00>
ST_1 : Operation 27 [1/1] (0.00ns)   --->   "%p_anonymous_namespace_lineBuffer_magnitude_2_addr = getelementptr i11 %p_anonymous_namespace_lineBuffer_magnitude_2, i64 0, i64 %zext_ln33" [../src/non_maximum_suppression.cpp:34->../src/canny_top.cpp:45->../src/canny_top.cpp:10]   --->   Operation 27 'getelementptr' 'p_anonymous_namespace_lineBuffer_magnitude_2_addr' <Predicate = (!icmp_ln32)> <Delay = 0.00>
ST_1 : Operation 28 [1/1] (0.00ns)   --->   "%p_anonymous_namespace_lineBuffer_direction_0_addr = getelementptr i2 %p_anonymous_namespace_lineBuffer_direction_0, i64 0, i64 %zext_ln33" [../src/non_maximum_suppression.cpp:35->../src/canny_top.cpp:45->../src/canny_top.cpp:10]   --->   Operation 28 'getelementptr' 'p_anonymous_namespace_lineBuffer_direction_0_addr' <Predicate = (!icmp_ln32)> <Delay = 0.00>
ST_1 : Operation 29 [1/1] (0.00ns)   --->   "%p_anonymous_namespace_lineBuffer_direction_1_addr = getelementptr i2 %p_anonymous_namespace_lineBuffer_direction_1, i64 0, i64 %zext_ln33" [../src/non_maximum_suppression.cpp:35->../src/canny_top.cpp:45->../src/canny_top.cpp:10]   --->   Operation 29 'getelementptr' 'p_anonymous_namespace_lineBuffer_direction_1_addr' <Predicate = (!icmp_ln32)> <Delay = 0.00>
ST_1 : Operation 30 [1/1] (0.00ns)   --->   "%p_anonymous_namespace_lineBuffer_direction_2_addr = getelementptr i2 %p_anonymous_namespace_lineBuffer_direction_2, i64 0, i64 %zext_ln33" [../src/non_maximum_suppression.cpp:35->../src/canny_top.cpp:45->../src/canny_top.cpp:10]   --->   Operation 30 'getelementptr' 'p_anonymous_namespace_lineBuffer_direction_2_addr' <Predicate = (!icmp_ln32)> <Delay = 0.00>
ST_1 : Operation 31 [1/1] (0.54ns)   --->   "%switch_ln34 = switch i2 %select_ln32_2, void %direction4.i.i.case.2, i2 0, void %direction4.i.i.case.0, i2 1, void %direction4.i.i.case.1" [../src/non_maximum_suppression.cpp:34->../src/canny_top.cpp:45->../src/canny_top.cpp:10]   --->   Operation 31 'switch' 'switch_ln34' <Predicate = (!icmp_ln32)> <Delay = 0.54>
ST_1 : Operation 32 [1/1] ( I:1.23ns O:1.23ns )   --->   "%store_ln34 = store i11 0, i9 %p_anonymous_namespace_lineBuffer_magnitude_1_addr" [../src/non_maximum_suppression.cpp:34->../src/canny_top.cpp:45->../src/canny_top.cpp:10]   --->   Operation 32 'store' 'store_ln34' <Predicate = (!icmp_ln32 & select_ln32_2 == 1)> <Delay = 1.23> <CoreInst = "RAM">   --->   Core 82 'RAM' <Latency = 1> <II = 1> <Delay = 1.23> <Storage> <Opcode : 'load' 'store'> <Ports = 2> <Width = 11> <Depth = 512> <RAM>
ST_1 : Operation 33 [1/1] ( I:1.23ns O:1.23ns )   --->   "%store_ln35 = store i2 0, i9 %p_anonymous_namespace_lineBuffer_direction_1_addr" [../src/non_maximum_suppression.cpp:35->../src/canny_top.cpp:45->../src/canny_top.cpp:10]   --->   Operation 33 'store' 'store_ln35' <Predicate = (!icmp_ln32 & select_ln32_2 == 1)> <Delay = 1.23> <CoreInst = "RAM">   --->   Core 82 'RAM' <Latency = 1> <II = 1> <Delay = 1.23> <Storage> <Opcode : 'load' 'store'> <Ports = 2> <Width = 2> <Depth = 512> <RAM>
ST_1 : Operation 34 [1/1] (0.00ns)   --->   "%br_ln35 = br void %direction4.i.i.exit" [../src/non_maximum_suppression.cpp:35->../src/canny_top.cpp:45->../src/canny_top.cpp:10]   --->   Operation 34 'br' 'br_ln35' <Predicate = (!icmp_ln32 & select_ln32_2 == 1)> <Delay = 0.00>
ST_1 : Operation 35 [1/1] ( I:1.23ns O:1.23ns )   --->   "%store_ln34 = store i11 0, i9 %p_anonymous_namespace_lineBuffer_magnitude_0_addr" [../src/non_maximum_suppression.cpp:34->../src/canny_top.cpp:45->../src/canny_top.cpp:10]   --->   Operation 35 'store' 'store_ln34' <Predicate = (!icmp_ln32 & select_ln32_2 == 0)> <Delay = 1.23> <CoreInst = "RAM">   --->   Core 82 'RAM' <Latency = 1> <II = 1> <Delay = 1.23> <Storage> <Opcode : 'load' 'store'> <Ports = 2> <Width = 11> <Depth = 512> <RAM>
ST_1 : Operation 36 [1/1] ( I:1.23ns O:1.23ns )   --->   "%store_ln35 = store i2 0, i9 %p_anonymous_namespace_lineBuffer_direction_0_addr" [../src/non_maximum_suppression.cpp:35->../src/canny_top.cpp:45->../src/canny_top.cpp:10]   --->   Operation 36 'store' 'store_ln35' <Predicate = (!icmp_ln32 & select_ln32_2 == 0)> <Delay = 1.23> <CoreInst = "RAM">   --->   Core 82 'RAM' <Latency = 1> <II = 1> <Delay = 1.23> <Storage> <Opcode : 'load' 'store'> <Ports = 2> <Width = 2> <Depth = 512> <RAM>
ST_1 : Operation 37 [1/1] (0.00ns)   --->   "%br_ln35 = br void %direction4.i.i.exit" [../src/non_maximum_suppression.cpp:35->../src/canny_top.cpp:45->../src/canny_top.cpp:10]   --->   Operation 37 'br' 'br_ln35' <Predicate = (!icmp_ln32 & select_ln32_2 == 0)> <Delay = 0.00>
ST_1 : Operation 38 [1/1] ( I:1.23ns O:1.23ns )   --->   "%store_ln34 = store i11 0, i9 %p_anonymous_namespace_lineBuffer_magnitude_2_addr" [../src/non_maximum_suppression.cpp:34->../src/canny_top.cpp:45->../src/canny_top.cpp:10]   --->   Operation 38 'store' 'store_ln34' <Predicate = (!icmp_ln32 & select_ln32_2 != 0 & select_ln32_2 != 1)> <Delay = 1.23> <CoreInst = "RAM">   --->   Core 82 'RAM' <Latency = 1> <II = 1> <Delay = 1.23> <Storage> <Opcode : 'load' 'store'> <Ports = 2> <Width = 11> <Depth = 512> <RAM>
ST_1 : Operation 39 [1/1] ( I:1.23ns O:1.23ns )   --->   "%store_ln35 = store i2 0, i9 %p_anonymous_namespace_lineBuffer_direction_2_addr" [../src/non_maximum_suppression.cpp:35->../src/canny_top.cpp:45->../src/canny_top.cpp:10]   --->   Operation 39 'store' 'store_ln35' <Predicate = (!icmp_ln32 & select_ln32_2 != 0 & select_ln32_2 != 1)> <Delay = 1.23> <CoreInst = "RAM">   --->   Core 82 'RAM' <Latency = 1> <II = 1> <Delay = 1.23> <Storage> <Opcode : 'load' 'store'> <Ports = 2> <Width = 2> <Depth = 512> <RAM>
ST_1 : Operation 40 [1/1] (0.00ns)   --->   "%br_ln35 = br void %direction4.i.i.exit" [../src/non_maximum_suppression.cpp:35->../src/canny_top.cpp:45->../src/canny_top.cpp:10]   --->   Operation 40 'br' 'br_ln35' <Predicate = (!icmp_ln32 & select_ln32_2 != 0 & select_ln32_2 != 1)> <Delay = 0.00>
ST_1 : Operation 41 [1/1] (0.78ns)   --->   "%add_ln33 = add i10 %select_ln32, i10 1" [../src/non_maximum_suppression.cpp:33->../src/canny_top.cpp:45->../src/canny_top.cpp:10]   --->   Operation 41 'add' 'add_ln33' <Predicate = (!icmp_ln32)> <Delay = 0.78> <CoreInst = "Adder">   --->   Core 1 'Adder' <Latency = 0> <II = 1> <Delay = 0.78> <FuncUnit> <Opcode : 'add' 'sub'> <InPorts = 2> <OutPorts = 1>
ST_1 : Operation 42 [1/1] (0.42ns)   --->   "%store_ln32 = store i11 %add_ln32, i11 %indvar_flatten13" [../src/non_maximum_suppression.cpp:32->../src/canny_top.cpp:45->../src/canny_top.cpp:10]   --->   Operation 42 'store' 'store_ln32' <Predicate = (!icmp_ln32)> <Delay = 0.42>
ST_1 : Operation 43 [1/1] (0.42ns)   --->   "%store_ln32 = store i2 %select_ln32_2, i2 %row" [../src/non_maximum_suppression.cpp:32->../src/canny_top.cpp:45->../src/canny_top.cpp:10]   --->   Operation 43 'store' 'store_ln32' <Predicate = (!icmp_ln32)> <Delay = 0.42>
ST_1 : Operation 44 [1/1] (0.42ns)   --->   "%store_ln33 = store i10 %add_ln33, i10 %column_9" [../src/non_maximum_suppression.cpp:33->../src/canny_top.cpp:45->../src/canny_top.cpp:10]   --->   Operation 44 'store' 'store_ln33' <Predicate = (!icmp_ln32)> <Delay = 0.42>
ST_1 : Operation 45 [1/1] (0.00ns)   --->   "%br_ln33 = br void %for.inc.i13.i" [../src/non_maximum_suppression.cpp:33->../src/canny_top.cpp:45->../src/canny_top.cpp:10]   --->   Operation 45 'br' 'br_ln33' <Predicate = (!icmp_ln32)> <Delay = 0.00>
ST_1 : Operation 46 [1/1] (0.42ns)   --->   "%ret_ln0 = ret"   --->   Operation 46 'ret' 'ret_ln0' <Predicate = (icmp_ln32)> <Delay = 0.42>


============================================================
+ Verbose Summary: Timing violations
============================================================
Target clock period: 5.000ns, clock uncertainty: 1.350ns.

 <State 1>: 3.178ns
The critical path consists of the following:
	'store' operation ('store_ln33', ../src/non_maximum_suppression.cpp:33->../src/canny_top.cpp:45->../src/canny_top.cpp:10) of constant 0 10 bit on local variable 'column', ../src/non_maximum_suppression.cpp:33->../src/canny_top.cpp:45->../src/canny_top.cpp:10 [12]  (0.427 ns)
	'load' operation 10 bit ('column_9_load', ../src/non_maximum_suppression.cpp:33->../src/canny_top.cpp:45->../src/canny_top.cpp:10) on local variable 'column', ../src/non_maximum_suppression.cpp:33->../src/canny_top.cpp:45->../src/canny_top.cpp:10 [20]  (0.000 ns)
	'icmp' operation 1 bit ('icmp_ln33', ../src/non_maximum_suppression.cpp:33->../src/canny_top.cpp:45->../src/canny_top.cpp:10) [24]  (0.787 ns)
	'select' operation 2 bit ('select_ln32_2', ../src/non_maximum_suppression.cpp:32->../src/canny_top.cpp:45->../src/canny_top.cpp:10) [27]  (0.179 ns)
	'store' operation ('store_ln34', ../src/non_maximum_suppression.cpp:34->../src/canny_top.cpp:45->../src/canny_top.cpp:10) of constant 0 11 bit on array 'p_anonymous_namespace_lineBuffer_magnitude_1' [38]  (1.237 ns)
	blocking operation 0.548 ns on control path)


============================================================
+ Verbose Summary: Binding
============================================================
N/A
* FSMD analyzer results:
  - Output states:
 - Input state : 
  - Chain level:
	State 1


============================================================
+ Verbose Summary: Datapath Resource usage 
============================================================
N/A
