

================================================================
== Vitis HLS Report for 'canny_top_Pipeline_VITIS_LOOP_22_1_VITIS_LOOP_23_2'
================================================================
* Date:           Fri Jul 24 16:27:49 2026

* Version:        2025.2 (Build 6295257 on Nov 14 2025)
* Project:        canny_top
* Solution:       hls (Vitis Kernel Flow Target)
* Product family: zynquplus
* Target device:  xck26-sfvc784-2LV-c


================================================================
== Performance Estimates
================================================================
+ Timing: 
    * Summary: 
    +--------+---------+----------+------------+
    |  Clock |  Target | Estimated| Uncertainty|
    +--------+---------+----------+------------+
    |ap_clk  |  5.00 ns|  2.854 ns|     1.35 ns|
    +--------+---------+----------+------------+

+ Latency: 
    * Summary: 
    +---------+---------+----------+----------+-----+-----+-------------------+
    |  Latency (cycles) |  Latency (absolute) |  Interval |      Pipeline     |
    |   min   |   max   |    min   |    max   | min | max |        Type       |
    +---------+---------+----------+----------+-----+-----+-------------------+
    |     1538|     1538|  7.690 us|  7.690 us|    0|    0|  loop pipeline stp|
    +---------+---------+----------+----------+-----+-----+-------------------+

    + Detail: 
        * Instance: 
        N/A

        * Loop: 
        +-----------------------------------+---------+---------+----------+-----------+-----------+------+----------+
        |                                   |  Latency (cycles) | Iteration|  Initiation Interval  | Trip |          |
        |             Loop Name             |   min   |   max   |  Latency |  achieved |   target  | Count| Pipelined|
        +-----------------------------------+---------+---------+----------+-----------+-----------+------+----------+
        |- VITIS_LOOP_22_1_VITIS_LOOP_23_2  |     1536|     1536|         2|          1|          1|  1536|       yes|
        +-----------------------------------+---------+---------+----------+-----------+-----------+------+----------+



================================================================
== Utilization Estimates
================================================================
* Summary: 
+-----------------+---------+------+--------+--------+-----+
|       Name      | BRAM_18K|  DSP |   FF   |   LUT  | URAM|
+-----------------+---------+------+--------+--------+-----+
|DSP              |        -|     -|       -|       -|    -|
|Expression       |        -|     -|       0|     112|    -|
|FIFO             |        -|     -|       -|       -|    -|
|Instance         |        -|     -|       -|       -|    -|
|Memory           |        -|     -|       -|       -|    -|
|Multiplexer      |        -|     -|       0|      72|    -|
|Register         |        -|     -|      37|       -|    -|
+-----------------+---------+------+--------+--------+-----+
|Total            |        0|     0|      37|     184|    0|
+-----------------+---------+------+--------+--------+-----+
|Available        |      288|  1248|  234240|  117120|   64|
+-----------------+---------+------+--------+--------+-----+
|Utilization (%)  |        0|     0|      ~0|      ~0|    0|
+-----------------+---------+------+--------+--------+-----+

+ Detail: 
    * Instance: 
    N/A

    * DSP: 
    N/A

    * Memory: 
    N/A

    * FIFO: 
    N/A

    * Expression: 
    +-------------------------+----------+----+---+----+------------+------------+
    |      Variable Name      | Operation| DSP| FF| LUT| Bitwidth P0| Bitwidth P1|
    +-------------------------+----------+----+---+----+------------+------------+
    |add_ln22_4_fu_131_p2     |         +|   0|  0|  18|          11|           1|
    |add_ln22_fu_143_p2       |         +|   0|  0|   9|           2|           1|
    |add_ln23_fu_222_p2       |         +|   0|  0|  17|          10|           1|
    |add_ln25_fu_183_p2       |         +|   0|  0|  18|          11|          11|
    |icmp_ln22_fu_125_p2      |      icmp|   0|  0|  18|          11|          11|
    |icmp_ln23_fu_149_p2      |      icmp|   0|  0|  18|          10|          11|
    |select_ln22_4_fu_163_p3  |    select|   0|  0|   2|           1|           2|
    |select_ln22_fu_155_p3    |    select|   0|  0|  10|           1|           1|
    |ap_enable_pp0            |       xor|   0|  0|   2|           1|           2|
    +-------------------------+----------+----+---+----+------------+------------+
    |Total                    |          |   0|  0| 112|          58|          41|
    +-------------------------+----------+----+---+----+------------+------------+

    * Multiplexer: 
    +----------------------------------------+----+-----------+-----+-----------+
    |                  Name                  | LUT| Input Size| Bits| Total Bits|
    +----------------------------------------+----+-----------+-----+-----------+
    |ap_done_int                             |   9|          2|    1|          2|
    |ap_enable_reg_pp0_iter1                 |   9|          2|    1|          2|
    |ap_sig_allocacmp_column_9_load          |   9|          2|   10|         20|
    |ap_sig_allocacmp_indvar_flatten13_load  |   9|          2|   11|         22|
    |ap_sig_allocacmp_row_load               |   9|          2|    2|          4|
    |column_9_fu_54                          |   9|          2|   10|         20|
    |indvar_flatten13_fu_62                  |   9|          2|   11|         22|
    |row_fu_58                               |   9|          2|    2|          4|
    +----------------------------------------+----+-----------+-----+-----------+
    |Total                                   |  72|         16|   48|         96|
    +----------------------------------------+----+-----------+-----+-----------+

    * Register: 
    +---------------------------------------------------------+----+----+-----+-----------+
    |                           Name                          | FF | LUT| Bits| Const Bits|
    +---------------------------------------------------------+----+----+-----+-----------+
    |ap_CS_fsm                                                |   1|   0|    1|          0|
    |ap_done_reg                                              |   1|   0|    1|          0|
    |ap_enable_reg_pp0_iter1                                  |   1|   0|    1|          0|
    |column_9_fu_54                                           |  10|   0|   10|          0|
    |indvar_flatten13_fu_62                                   |  11|   0|   11|          0|
    |p_anonymous_namespace_lineBuffer_direction_addr_reg_267  |  11|   0|   11|          0|
    |row_fu_58                                                |   2|   0|    2|          0|
    +---------------------------------------------------------+----+----+-----+-----------+
    |Total                                                    |  37|   0|   37|          0|
    +---------------------------------------------------------+----+----+-----+-----------+



================================================================
== Interface
================================================================
* Summary: 
+----------------------------------------------------------+-----+-----+------------+----------------------------------------------------+--------------+
|                         RTL Ports                        | Dir | Bits|  Protocol  |                    Source Object                   |    C Type    |
+----------------------------------------------------------+-----+-----+------------+----------------------------------------------------+--------------+
|ap_clk                                                    |   in|    1|  ap_ctrl_hs|  canny_top_Pipeline_VITIS_LOOP_22_1_VITIS_LOOP_23_2|  return value|
|ap_rst                                                    |   in|    1|  ap_ctrl_hs|  canny_top_Pipeline_VITIS_LOOP_22_1_VITIS_LOOP_23_2|  return value|
|ap_start                                                  |   in|    1|  ap_ctrl_hs|  canny_top_Pipeline_VITIS_LOOP_22_1_VITIS_LOOP_23_2|  return value|
|ap_done                                                   |  out|    1|  ap_ctrl_hs|  canny_top_Pipeline_VITIS_LOOP_22_1_VITIS_LOOP_23_2|  return value|
|ap_idle                                                   |  out|    1|  ap_ctrl_hs|  canny_top_Pipeline_VITIS_LOOP_22_1_VITIS_LOOP_23_2|  return value|
|ap_ready                                                  |  out|    1|  ap_ctrl_hs|  canny_top_Pipeline_VITIS_LOOP_22_1_VITIS_LOOP_23_2|  return value|
|p_anonymous_namespace_lineBuffer_direction_address0       |  out|   11|   ap_memory|          p_anonymous_namespace_lineBuffer_direction|         array|
|p_anonymous_namespace_lineBuffer_direction_ce0            |  out|    1|   ap_memory|          p_anonymous_namespace_lineBuffer_direction|         array|
|p_anonymous_namespace_lineBuffer_direction_we0            |  out|    1|   ap_memory|          p_anonymous_namespace_lineBuffer_direction|         array|
|p_anonymous_namespace_lineBuffer_direction_d0             |  out|    2|   ap_memory|          p_anonymous_namespace_lineBuffer_direction|         array|
|p_anonymous_namespace_lineBuffer_25_magnitude_0_address0  |  out|   10|   ap_memory|     p_anonymous_namespace_lineBuffer_25_magnitude_0|         array|
|p_anonymous_namespace_lineBuffer_25_magnitude_0_ce0       |  out|    1|   ap_memory|     p_anonymous_namespace_lineBuffer_25_magnitude_0|         array|
|p_anonymous_namespace_lineBuffer_25_magnitude_0_we0       |  out|    1|   ap_memory|     p_anonymous_namespace_lineBuffer_25_magnitude_0|         array|
|p_anonymous_namespace_lineBuffer_25_magnitude_0_d0        |  out|    8|   ap_memory|     p_anonymous_namespace_lineBuffer_25_magnitude_0|         array|
|p_anonymous_namespace_lineBuffer_25_magnitude_1_address0  |  out|   10|   ap_memory|     p_anonymous_namespace_lineBuffer_25_magnitude_1|         array|
|p_anonymous_namespace_lineBuffer_25_magnitude_1_ce0       |  out|    1|   ap_memory|     p_anonymous_namespace_lineBuffer_25_magnitude_1|         array|
|p_anonymous_namespace_lineBuffer_25_magnitude_1_we0       |  out|    1|   ap_memory|     p_anonymous_namespace_lineBuffer_25_magnitude_1|         array|
|p_anonymous_namespace_lineBuffer_25_magnitude_1_d0        |  out|    8|   ap_memory|     p_anonymous_namespace_lineBuffer_25_magnitude_1|         array|
+----------------------------------------------------------+-----+-----+------------+----------------------------------------------------+--------------+

============================================================
+ Verbose Summary: Synthesis Manager
============================================================
InlineROM: 1
ExposeGlobal: 0
============================================================
+ Verbose Summary: CDFG Model
============================================================
IsTopModel: 0
ResetActiveHigh: 1
IsCombinational: 2
IsDatapathOnly: 2
HasWiredReturn: 1
HasMFsm: 2
HasVarLatency: 1
IsPipeline: 0
IsRtlPipelined: 0
IsInstanceOverlapped: 0
IsDontTouch: 0
HasImplIP: 0
IsGatedGlobalClock: 0

+ Individual pipeline summary: 
  * Pipeline-0: initiation interval (II) = 1, depth = 2


============================================================
+ Verbose Summary: Schedule
============================================================
* Number of FSM states : 2
* Pipeline : 1
  Pipeline-0 : II = 1, D = 2, States = { 1 2 }
* Dataflow Pipeline: 0

* FSM state transitions: 
1 --> 2 
2 --> 

* FSM state operations: 

State 1 <SV = 0> <Delay = 2.85>
ST_1 : Operation 5 [1/1] (0.00ns)   --->   "%column_9 = alloca i32 1" [../src/non_maximum_suppression.cpp:23->../src/canny_top.cpp:44->../src/canny_top.cpp:9]   --->   Operation 5 'alloca' 'column_9' <Predicate = true> <Delay = 0.00>
ST_1 : Operation 6 [1/1] (0.00ns)   --->   "%row = alloca i32 1" [../src/non_maximum_suppression.cpp:22->../src/canny_top.cpp:44->../src/canny_top.cpp:9]   --->   Operation 6 'alloca' 'row' <Predicate = true> <Delay = 0.00>
ST_1 : Operation 7 [1/1] (0.00ns)   --->   "%indvar_flatten13 = alloca i32 1"   --->   Operation 7 'alloca' 'indvar_flatten13' <Predicate = true> <Delay = 0.00>
ST_1 : Operation 8 [1/1] (0.42ns)   --->   "%store_ln0 = store i11 0, i11 %indvar_flatten13"   --->   Operation 8 'store' 'store_ln0' <Predicate = true> <Delay = 0.42>
ST_1 : Operation 9 [1/1] (0.42ns)   --->   "%store_ln22 = store i2 0, i2 %row" [../src/non_maximum_suppression.cpp:22->../src/canny_top.cpp:44->../src/canny_top.cpp:9]   --->   Operation 9 'store' 'store_ln22' <Predicate = true> <Delay = 0.42>
ST_1 : Operation 10 [1/1] (0.42ns)   --->   "%store_ln23 = store i10 0, i10 %column_9" [../src/non_maximum_suppression.cpp:23->../src/canny_top.cpp:44->../src/canny_top.cpp:9]   --->   Operation 10 'store' 'store_ln23' <Predicate = true> <Delay = 0.42>
ST_1 : Operation 11 [1/1] (0.00ns)   --->   "%br_ln0 = br void %for.inc.i13.i"   --->   Operation 11 'br' 'br_ln0' <Predicate = true> <Delay = 0.00>
ST_1 : Operation 12 [1/1] (0.00ns)   --->   "%indvar_flatten13_load = load i11 %indvar_flatten13" [../src/non_maximum_suppression.cpp:22->../src/canny_top.cpp:44->../src/canny_top.cpp:9]   --->   Operation 12 'load' 'indvar_flatten13_load' <Predicate = true> <Delay = 0.00>
ST_1 : Operation 13 [1/1] (0.79ns)   --->   "%icmp_ln22 = icmp_eq  i11 %indvar_flatten13_load, i11 1536" [../src/non_maximum_suppression.cpp:22->../src/canny_top.cpp:44->../src/canny_top.cpp:9]   --->   Operation 13 'icmp' 'icmp_ln22' <Predicate = true> <Delay = 0.79> <CoreInst = "Cmp">   --->   Core 9 'Cmp' <Latency = 0> <II = 1> <Delay = 0.79> <FuncUnit> <Opcode : 'seteq' 'setne' 'setle' 'setge' 'setlt' 'setgt'> <InPorts = 2> <OutPorts = 1>
ST_1 : Operation 14 [1/1] (0.79ns)   --->   "%add_ln22_4 = add i11 %indvar_flatten13_load, i11 1" [../src/non_maximum_suppression.cpp:22->../src/canny_top.cpp:44->../src/canny_top.cpp:9]   --->   Operation 14 'add' 'add_ln22_4' <Predicate = true> <Delay = 0.79> <CoreInst = "Adder">   --->   Core 1 'Adder' <Latency = 0> <II = 1> <Delay = 0.79> <FuncUnit> <Opcode : 'add' 'sub'> <InPorts = 2> <OutPorts = 1>
ST_1 : Operation 15 [1/1] (0.00ns)   --->   "%br_ln22 = br i1 %icmp_ln22, void %for.inc11.i.i, void %_Z29non_maximum_suppression_resetv.exit.i.exitStub" [../src/non_maximum_suppression.cpp:22->../src/canny_top.cpp:44->../src/canny_top.cpp:9]   --->   Operation 15 'br' 'br_ln22' <Predicate = true> <Delay = 0.00>
ST_1 : Operation 16 [1/1] (0.00ns)   --->   "%column_9_load = load i10 %column_9" [../src/non_maximum_suppression.cpp:23->../src/canny_top.cpp:44->../src/canny_top.cpp:9]   --->   Operation 16 'load' 'column_9_load' <Predicate = (!icmp_ln22)> <Delay = 0.00>
ST_1 : Operation 17 [1/1] (0.00ns)   --->   "%row_load = load i2 %row" [../src/non_maximum_suppression.cpp:22->../src/canny_top.cpp:44->../src/canny_top.cpp:9]   --->   Operation 17 'load' 'row_load' <Predicate = (!icmp_ln22)> <Delay = 0.00>
ST_1 : Operation 18 [1/1] (0.54ns)   --->   "%add_ln22 = add i2 %row_load, i2 1" [../src/non_maximum_suppression.cpp:22->../src/canny_top.cpp:44->../src/canny_top.cpp:9]   --->   Operation 18 'add' 'add_ln22' <Predicate = (!icmp_ln22)> <Delay = 0.54> <CoreInst = "Adder">   --->   Core 1 'Adder' <Latency = 0> <II = 1> <Delay = 0.54> <FuncUnit> <Opcode : 'add' 'sub'> <InPorts = 2> <OutPorts = 1>
ST_1 : Operation 19 [1/1] (0.00ns)   --->   "%specloopname_ln0 = specloopname void @_ssdm_op_SpecLoopName, void @VITIS_LOOP_22_1_VITIS_LOOP_23_2_str"   --->   Operation 19 'specloopname' 'specloopname_ln0' <Predicate = (!icmp_ln22)> <Delay = 0.00>
ST_1 : Operation 20 [1/1] (0.00ns)   --->   "%speclooptripcount_ln0 = speclooptripcount void @_ssdm_op_SpecLoopTripCount, i64 1536, i64 1536, i64 1536"   --->   Operation 20 'speclooptripcount' 'speclooptripcount_ln0' <Predicate = (!icmp_ln22)> <Delay = 0.00>
ST_1 : Operation 21 [1/1] (0.78ns)   --->   "%icmp_ln23 = icmp_eq  i10 %column_9_load, i10 512" [../src/non_maximum_suppression.cpp:23->../src/canny_top.cpp:44->../src/canny_top.cpp:9]   --->   Operation 21 'icmp' 'icmp_ln23' <Predicate = (!icmp_ln22)> <Delay = 0.78> <CoreInst = "Cmp">   --->   Core 9 'Cmp' <Latency = 0> <II = 1> <Delay = 0.79> <FuncUnit> <Opcode : 'seteq' 'setne' 'setle' 'setge' 'setlt' 'setgt'> <InPorts = 2> <OutPorts = 1>
ST_1 : Operation 22 [1/1] (0.40ns)   --->   "%select_ln22 = select i1 %icmp_ln23, i10 0, i10 %column_9_load" [../src/non_maximum_suppression.cpp:22->../src/canny_top.cpp:44->../src/canny_top.cpp:9]   --->   Operation 22 'select' 'select_ln22' <Predicate = (!icmp_ln22)> <Delay = 0.40> <CoreInst = "Sel">   --->   Core 73 'Sel' <Latency = 0> <II = 1> <Delay = 0.40> <FuncUnit> <Opcode : 'select'> <InPorts = 3> <OutPorts = 1>
ST_1 : Operation 23 [1/1] (0.17ns)   --->   "%select_ln22_4 = select i1 %icmp_ln23, i2 %add_ln22, i2 %row_load" [../src/non_maximum_suppression.cpp:22->../src/canny_top.cpp:44->../src/canny_top.cpp:9]   --->   Operation 23 'select' 'select_ln22_4' <Predicate = (!icmp_ln22)> <Delay = 0.17> <CoreInst = "Sel">   --->   Core 73 'Sel' <Latency = 0> <II = 1> <Delay = 0.17> <FuncUnit> <Opcode : 'select'> <InPorts = 3> <OutPorts = 1>
ST_1 : Operation 24 [1/1] (0.00ns)   --->   "%tmp_s = bitconcatenate i11 @_ssdm_op_BitConcatenate.i11.i2.i9, i2 %select_ln22_4, i9 0" [../src/non_maximum_suppression.cpp:25->../src/canny_top.cpp:44->../src/canny_top.cpp:9]   --->   Operation 24 'bitconcatenate' 'tmp_s' <Predicate = (!icmp_ln22)> <Delay = 0.00>
ST_1 : Operation 25 [1/1] (0.00ns)   --->   "%zext_ln25 = zext i10 %select_ln22" [../src/non_maximum_suppression.cpp:25->../src/canny_top.cpp:44->../src/canny_top.cpp:9]   --->   Operation 25 'zext' 'zext_ln25' <Predicate = (!icmp_ln22)> <Delay = 0.00>
ST_1 : Operation 26 [1/1] (0.79ns)   --->   "%add_ln25 = add i11 %tmp_s, i11 %zext_ln25" [../src/non_maximum_suppression.cpp:25->../src/canny_top.cpp:44->../src/canny_top.cpp:9]   --->   Operation 26 'add' 'add_ln25' <Predicate = (!icmp_ln22)> <Delay = 0.79> <CoreInst = "Adder">   --->   Core 1 'Adder' <Latency = 0> <II = 1> <Delay = 0.79> <FuncUnit> <Opcode : 'add' 'sub'> <InPorts = 2> <OutPorts = 1>
ST_1 : Operation 27 [1/1] (0.00ns)   --->   "%zext_ln25_1 = zext i11 %add_ln25" [../src/non_maximum_suppression.cpp:25->../src/canny_top.cpp:44->../src/canny_top.cpp:9]   --->   Operation 27 'zext' 'zext_ln25_1' <Predicate = (!icmp_ln22)> <Delay = 0.00>
ST_1 : Operation 28 [1/1] (0.00ns)   --->   "%p_anonymous_namespace_lineBuffer_direction_addr = getelementptr i2 %p_anonymous_namespace_lineBuffer_direction, i64 0, i64 %zext_ln25_1" [../src/non_maximum_suppression.cpp:25->../src/canny_top.cpp:44->../src/canny_top.cpp:9]   --->   Operation 28 'getelementptr' 'p_anonymous_namespace_lineBuffer_direction_addr' <Predicate = (!icmp_ln22)> <Delay = 0.00>
ST_1 : Operation 29 [1/1] (0.00ns)   --->   "%trunc_ln23 = trunc i10 %select_ln22" [../src/non_maximum_suppression.cpp:23->../src/canny_top.cpp:44->../src/canny_top.cpp:9]   --->   Operation 29 'trunc' 'trunc_ln23' <Predicate = (!icmp_ln22)> <Delay = 0.00>
ST_1 : Operation 30 [1/1] (0.00ns)   --->   "%specpipeline_ln23 = specpipeline void @_ssdm_op_SpecPipeline, i32 4294967295, i32 0, i32 0, i32 0, i32 4294967295, void @empty_10" [../src/non_maximum_suppression.cpp:23->../src/canny_top.cpp:44->../src/canny_top.cpp:9]   --->   Operation 30 'specpipeline' 'specpipeline_ln23' <Predicate = (!icmp_ln22)> <Delay = 0.00>
ST_1 : Operation 31 [1/1] (0.00ns)   --->   "%lshr_ln = partselect i8 @_ssdm_op_PartSelect.i8.i10.i32.i32, i10 %select_ln22, i32 1, i32 8" [../src/non_maximum_suppression.cpp:23->../src/canny_top.cpp:44->../src/canny_top.cpp:9]   --->   Operation 31 'partselect' 'lshr_ln' <Predicate = (!icmp_ln22)> <Delay = 0.00>
ST_1 : Operation 32 [1/1] (0.00ns)   --->   "%tmp_54 = bitconcatenate i10 @_ssdm_op_BitConcatenate.i10.i2.i8, i2 %select_ln22_4, i8 %lshr_ln" [../src/non_maximum_suppression.cpp:24->../src/canny_top.cpp:44->../src/canny_top.cpp:9]   --->   Operation 32 'bitconcatenate' 'tmp_54' <Predicate = (!icmp_ln22)> <Delay = 0.00>
ST_1 : Operation 33 [1/1] (0.00ns)   --->   "%zext_ln24 = zext i10 %tmp_54" [../src/non_maximum_suppression.cpp:24->../src/canny_top.cpp:44->../src/canny_top.cpp:9]   --->   Operation 33 'zext' 'zext_ln24' <Predicate = (!icmp_ln22)> <Delay = 0.00>
ST_1 : Operation 34 [1/1] (0.00ns)   --->   "%p_anonymous_namespace_lineBuffer_25_magnitude_0_addr = getelementptr i8 %p_anonymous_namespace_lineBuffer_25_magnitude_0, i64 0, i64 %zext_ln24" [../src/non_maximum_suppression.cpp:24->../src/canny_top.cpp:44->../src/canny_top.cpp:9]   --->   Operation 34 'getelementptr' 'p_anonymous_namespace_lineBuffer_25_magnitude_0_addr' <Predicate = (!icmp_ln22)> <Delay = 0.00>
ST_1 : Operation 35 [1/1] (0.00ns)   --->   "%p_anonymous_namespace_lineBuffer_25_magnitude_1_addr = getelementptr i8 %p_anonymous_namespace_lineBuffer_25_magnitude_1, i64 0, i64 %zext_ln24" [../src/non_maximum_suppression.cpp:24->../src/canny_top.cpp:44->../src/canny_top.cpp:9]   --->   Operation 35 'getelementptr' 'p_anonymous_namespace_lineBuffer_25_magnitude_1_addr' <Predicate = (!icmp_ln22)> <Delay = 0.00>
ST_1 : Operation 36 [1/1] (0.00ns)   --->   "%br_ln24 = br i1 %trunc_ln23, void %magnitude2.i.i.case.0, void %magnitude2.i.i.case.1" [../src/non_maximum_suppression.cpp:24->../src/canny_top.cpp:44->../src/canny_top.cpp:9]   --->   Operation 36 'br' 'br_ln24' <Predicate = (!icmp_ln22)> <Delay = 0.00>
ST_1 : Operation 37 [1/1] ( I:1.23ns O:1.23ns )   --->   "%store_ln24 = store i8 0, i10 %p_anonymous_namespace_lineBuffer_25_magnitude_0_addr" [../src/non_maximum_suppression.cpp:24->../src/canny_top.cpp:44->../src/canny_top.cpp:9]   --->   Operation 37 'store' 'store_ln24' <Predicate = (!icmp_ln22 & !trunc_ln23)> <Delay = 1.23> <CoreInst = "RAM">   --->   Core 82 'RAM' <Latency = 1> <II = 1> <Delay = 1.23> <Storage> <Opcode : 'load' 'store'> <Ports = 2> <Width = 8> <Depth = 768> <RAM>
ST_1 : Operation 38 [1/1] (0.00ns)   --->   "%br_ln24 = br void %magnitude2.i.i.exit" [../src/non_maximum_suppression.cpp:24->../src/canny_top.cpp:44->../src/canny_top.cpp:9]   --->   Operation 38 'br' 'br_ln24' <Predicate = (!icmp_ln22 & !trunc_ln23)> <Delay = 0.00>
ST_1 : Operation 39 [1/1] ( I:1.23ns O:1.23ns )   --->   "%store_ln24 = store i8 0, i10 %p_anonymous_namespace_lineBuffer_25_magnitude_1_addr" [../src/non_maximum_suppression.cpp:24->../src/canny_top.cpp:44->../src/canny_top.cpp:9]   --->   Operation 39 'store' 'store_ln24' <Predicate = (!icmp_ln22 & trunc_ln23)> <Delay = 1.23> <CoreInst = "RAM">   --->   Core 82 'RAM' <Latency = 1> <II = 1> <Delay = 1.23> <Storage> <Opcode : 'load' 'store'> <Ports = 2> <Width = 8> <Depth = 768> <RAM>
ST_1 : Operation 40 [1/1] (0.00ns)   --->   "%br_ln24 = br void %magnitude2.i.i.exit" [../src/non_maximum_suppression.cpp:24->../src/canny_top.cpp:44->../src/canny_top.cpp:9]   --->   Operation 40 'br' 'br_ln24' <Predicate = (!icmp_ln22 & trunc_ln23)> <Delay = 0.00>
ST_1 : Operation 41 [1/1] (0.78ns)   --->   "%add_ln23 = add i10 %select_ln22, i10 1" [../src/non_maximum_suppression.cpp:23->../src/canny_top.cpp:44->../src/canny_top.cpp:9]   --->   Operation 41 'add' 'add_ln23' <Predicate = (!icmp_ln22)> <Delay = 0.78> <CoreInst = "Adder">   --->   Core 1 'Adder' <Latency = 0> <II = 1> <Delay = 0.78> <FuncUnit> <Opcode : 'add' 'sub'> <InPorts = 2> <OutPorts = 1>
ST_1 : Operation 42 [1/1] (0.42ns)   --->   "%store_ln22 = store i11 %add_ln22_4, i11 %indvar_flatten13" [../src/non_maximum_suppression.cpp:22->../src/canny_top.cpp:44->../src/canny_top.cpp:9]   --->   Operation 42 'store' 'store_ln22' <Predicate = (!icmp_ln22)> <Delay = 0.42>
ST_1 : Operation 43 [1/1] (0.42ns)   --->   "%store_ln22 = store i2 %select_ln22_4, i2 %row" [../src/non_maximum_suppression.cpp:22->../src/canny_top.cpp:44->../src/canny_top.cpp:9]   --->   Operation 43 'store' 'store_ln22' <Predicate = (!icmp_ln22)> <Delay = 0.42>
ST_1 : Operation 44 [1/1] (0.42ns)   --->   "%store_ln23 = store i10 %add_ln23, i10 %column_9" [../src/non_maximum_suppression.cpp:23->../src/canny_top.cpp:44->../src/canny_top.cpp:9]   --->   Operation 44 'store' 'store_ln23' <Predicate = (!icmp_ln22)> <Delay = 0.42>
ST_1 : Operation 47 [1/1] (0.42ns)   --->   "%ret_ln0 = ret"   --->   Operation 47 'ret' 'ret_ln0' <Predicate = (icmp_ln22)> <Delay = 0.42>

State 2 <SV = 1> <Delay = 1.23>
ST_2 : Operation 45 [1/1] ( I:1.23ns O:1.23ns )   --->   "%store_ln25 = store i2 0, i11 %p_anonymous_namespace_lineBuffer_direction_addr" [../src/non_maximum_suppression.cpp:25->../src/canny_top.cpp:44->../src/canny_top.cpp:9]   --->   Operation 45 'store' 'store_ln25' <Predicate = true> <Delay = 1.23> <CoreInst = "RAM">   --->   Core 82 'RAM' <Latency = 1> <II = 1> <Delay = 1.23> <Storage> <Opcode : 'load' 'store'> <Ports = 2> <Width = 2> <Depth = 1536> <RAM>
ST_2 : Operation 46 [1/1] (0.00ns)   --->   "%br_ln23 = br void %for.inc.i13.i" [../src/non_maximum_suppression.cpp:23->../src/canny_top.cpp:44->../src/canny_top.cpp:9]   --->   Operation 46 'br' 'br_ln23' <Predicate = true> <Delay = 0.00>


============================================================
+ Verbose Summary: Binding
============================================================
STG Binding: 
---------------- STG Properties BEGIN ----------------
- Is combinational: 0
- Is one-state seq: 0
- Is datapath-only: 0
- Is pipelined: 0
- Is top level: 0
Port [ Return ] is wired: 1; IO mode=ap_ctrl_hs:ce=0
Port [ p_anonymous_namespace_lineBuffer_direction]:  wired=1; compound=1; hidden=0; nouse=0; global=1; static=1; extern=0; dir=1; type=1; pingpong=0; private_global=0; MemPort=[03]; IO mode=ap_memory:ce=0
Port [ p_anonymous_namespace_lineBuffer_25_magnitude_0]:  wired=1; compound=1; hidden=0; nouse=0; global=1; static=1; extern=0; dir=1; type=1; pingpong=0; private_global=0; MemPort=[03]; IO mode=ap_memory:ce=0
Port [ p_anonymous_namespace_lineBuffer_25_magnitude_1]:  wired=1; compound=1; hidden=0; nouse=0; global=1; static=1; extern=0; dir=1; type=1; pingpong=0; private_global=0; MemPort=[03]; IO mode=ap_memory:ce=0
---------------- STG Properties END ------------------

---------------- Datapath Model BEGIN ----------------

<LifeTime>
<method=bitvector/>
column_9                                             (alloca           ) [ 010]
row                                                  (alloca           ) [ 010]
indvar_flatten13                                     (alloca           ) [ 010]
store_ln0                                            (store            ) [ 000]
store_ln22                                           (store            ) [ 000]
store_ln23                                           (store            ) [ 000]
br_ln0                                               (br               ) [ 000]
indvar_flatten13_load                                (load             ) [ 000]
icmp_ln22                                            (icmp             ) [ 010]
add_ln22_4                                           (add              ) [ 000]
br_ln22                                              (br               ) [ 000]
column_9_load                                        (load             ) [ 000]
row_load                                             (load             ) [ 000]
add_ln22                                             (add              ) [ 000]
specloopname_ln0                                     (specloopname     ) [ 000]
speclooptripcount_ln0                                (speclooptripcount) [ 000]
icmp_ln23                                            (icmp             ) [ 000]
select_ln22                                          (select           ) [ 000]
select_ln22_4                                        (select           ) [ 000]
tmp_s                                                (bitconcatenate   ) [ 000]
zext_ln25                                            (zext             ) [ 000]
add_ln25                                             (add              ) [ 000]
zext_ln25_1                                          (zext             ) [ 000]
p_anonymous_namespace_lineBuffer_direction_addr      (getelementptr    ) [ 011]
trunc_ln23                                           (trunc            ) [ 010]
specpipeline_ln23                                    (specpipeline     ) [ 000]
lshr_ln                                              (partselect       ) [ 000]
tmp_54                                               (bitconcatenate   ) [ 000]
zext_ln24                                            (zext             ) [ 000]
p_anonymous_namespace_lineBuffer_25_magnitude_0_addr (getelementptr    ) [ 000]
p_anonymous_namespace_lineBuffer_25_magnitude_1_addr (getelementptr    ) [ 000]
br_ln24                                              (br               ) [ 000]
store_ln24                                           (store            ) [ 000]
br_ln24                                              (br               ) [ 000]
store_ln24                                           (store            ) [ 000]
br_ln24                                              (br               ) [ 000]
add_ln23                                             (add              ) [ 000]
store_ln22                                           (store            ) [ 000]
store_ln22                                           (store            ) [ 000]
store_ln23                                           (store            ) [ 000]
store_ln25                                           (store            ) [ 000]
br_ln23                                              (br               ) [ 000]
ret_ln0                                              (ret              ) [ 000]
</LifeTime>

<model>

<comp_list>
<comp id="0" class="1000" name="p_anonymous_namespace_lineBuffer_direction">
<pin_list>
<pin id="1" dir="1" index="0" bw="1" slack="0"/>
</pin_list>
<bind>
<StgValue><ssdm name="p_anonymous_namespace_lineBuffer_direction"/><MemPortTyVec>0 3 </MemPortTyVec>
</StgValue>
</bind>
</comp>

<comp id="2" class="1000" name="p_anonymous_namespace_lineBuffer_25_magnitude_0">
<pin_list>
<pin id="3" dir="1" index="0" bw="1" slack="0"/>
</pin_list>
<bind>
<StgValue><ssdm name="p_anonymous_namespace_lineBuffer_25_magnitude_0"/><MemPortTyVec>0 3 </MemPortTyVec>
</StgValue>
</bind>
</comp>

<comp id="4" class="1000" name="p_anonymous_namespace_lineBuffer_25_magnitude_1">
<pin_list>
<pin id="5" dir="1" index="0" bw="1" slack="0"/>
</pin_list>
<bind>
<StgValue><ssdm name="p_anonymous_namespace_lineBuffer_25_magnitude_1"/><MemPortTyVec>0 3 </MemPortTyVec>
</StgValue>
</bind>
</comp>

<comp id="6" class="1001" name="const_6">
<pin_list>
<pin id="7" dir="1" index="0" bw="1" slack="0"/>
</pin_list>
<bind>
<StgValue><ssdm name=""/></StgValue>
</bind>
</comp>

<comp id="8" class="1001" name="const_8">
<pin_list>
<pin id="9" dir="1" index="0" bw="1" slack="0"/>
</pin_list>
<bind>
<StgValue><ssdm name=""/></StgValue>
</bind>
</comp>

<comp id="10" class="1001" name="const_10">
<pin_list>
<pin id="11" dir="1" index="0" bw="1" slack="0"/>
</pin_list>
<bind>
<StgValue><ssdm name=""/></StgValue>
</bind>
</comp>

<comp id="12" class="1001" name="const_12">
<pin_list>
<pin id="13" dir="1" index="0" bw="1" slack="0"/>
</pin_list>
<bind>
<StgValue><ssdm name=""/></StgValue>
</bind>
</comp>

<comp id="14" class="1001" name="const_14">
<pin_list>
<pin id="15" dir="1" index="0" bw="1" slack="0"/>
</pin_list>
<bind>
<StgValue><ssdm name=""/></StgValue>
</bind>
</comp>

<comp id="16" class="1001" name="const_16">
<pin_list>
<pin id="17" dir="1" index="0" bw="1" slack="0"/>
</pin_list>
<bind>
<StgValue><ssdm name=""/></StgValue>
</bind>
</comp>

<comp id="18" class="1001" name="const_18">
<pin_list>
<pin id="19" dir="1" index="0" bw="1" slack="0"/>
</pin_list>
<bind>
<StgValue><ssdm name=""/></StgValue>
</bind>
</comp>

<comp id="20" class="1001" name="const_20">
<pin_list>
<pin id="21" dir="1" index="0" bw="1" slack="2147483647"/>
</pin_list>
<bind>
<StgValue><ssdm name="_ssdm_op_SpecLoopName"/></StgValue>
</bind>
</comp>

<comp id="22" class="1001" name="const_22">
<pin_list>
<pin id="23" dir="1" index="0" bw="1" slack="2147483647"/>
</pin_list>
<bind>
<StgValue><ssdm name="VITIS_LOOP_22_1_VITIS_LOOP_23_2_str"/></StgValue>
</bind>
</comp>

<comp id="24" class="1001" name="const_24">
<pin_list>
<pin id="25" dir="1" index="0" bw="1" slack="2147483647"/>
</pin_list>
<bind>
<StgValue><ssdm name="_ssdm_op_SpecLoopTripCount"/></StgValue>
</bind>
</comp>

<comp id="26" class="1001" name="const_26">
<pin_list>
<pin id="27" dir="1" index="0" bw="1" slack="2147483647"/>
</pin_list>
<bind>
<StgValue><ssdm name=""/></StgValue>
</bind>
</comp>

<comp id="28" class="1001" name="const_28">
<pin_list>
<pin id="29" dir="1" index="0" bw="1" slack="0"/>
</pin_list>
<bind>
<StgValue><ssdm name=""/></StgValue>
</bind>
</comp>

<comp id="30" class="1001" name="const_30">
<pin_list>
<pin id="31" dir="1" index="0" bw="1" slack="0"/>
</pin_list>
<bind>
<StgValue><ssdm name="_ssdm_op_BitConcatenate.i11.i2.i9"/></StgValue>
</bind>
</comp>

<comp id="32" class="1001" name="const_32">
<pin_list>
<pin id="33" dir="1" index="0" bw="1" slack="0"/>
</pin_list>
<bind>
<StgValue><ssdm name=""/></StgValue>
</bind>
</comp>

<comp id="34" class="1001" name="const_34">
<pin_list>
<pin id="35" dir="1" index="0" bw="1" slack="0"/>
</pin_list>
<bind>
<StgValue><ssdm name=""/></StgValue>
</bind>
</comp>

<comp id="36" class="1001" name="const_36">
<pin_list>
<pin id="37" dir="1" index="0" bw="1" slack="2147483647"/>
</pin_list>
<bind>
<StgValue><ssdm name="_ssdm_op_SpecPipeline"/></StgValue>
</bind>
</comp>

<comp id="38" class="1001" name="const_38">
<pin_list>
<pin id="39" dir="1" index="0" bw="1" slack="2147483647"/>
</pin_list>
<bind>
<StgValue><ssdm name=""/></StgValue>
</bind>
</comp>

<comp id="40" class="1001" name="const_40">
<pin_list>
<pin id="41" dir="1" index="0" bw="1" slack="2147483647"/>
</pin_list>
<bind>
<StgValue><ssdm name=""/></StgValue>
</bind>
</comp>

<comp id="42" class="1001" name="const_42">
<pin_list>
<pin id="43" dir="1" index="0" bw="1" slack="2147483647"/>
</pin_list>
<bind>
<StgValue><ssdm name="empty_10"/></StgValue>
</bind>
</comp>

<comp id="44" class="1001" name="const_44">
<pin_list>
<pin id="45" dir="1" index="0" bw="1" slack="0"/>
</pin_list>
<bind>
<StgValue><ssdm name="_ssdm_op_PartSelect.i8.i10.i32.i32"/></StgValue>
</bind>
</comp>

<comp id="46" class="1001" name="const_46">
<pin_list>
<pin id="47" dir="1" index="0" bw="1" slack="0"/>
</pin_list>
<bind>
<StgValue><ssdm name=""/></StgValue>
</bind>
</comp>

<comp id="48" class="1001" name="const_48">
<pin_list>
<pin id="49" dir="1" index="0" bw="1" slack="0"/>
</pin_list>
<bind>
<StgValue><ssdm name="_ssdm_op_BitConcatenate.i10.i2.i8"/></StgValue>
</bind>
</comp>

<comp id="50" class="1001" name="const_50">
<pin_list>
<pin id="51" dir="1" index="0" bw="1" slack="0"/>
</pin_list>
<bind>
<StgValue><ssdm name=""/></StgValue>
</bind>
</comp>

<comp id="52" class="1001" name="const_52">
<pin_list>
<pin id="53" dir="1" index="0" bw="1" slack="0"/>
</pin_list>
<bind>
<StgValue><ssdm name=""/></StgValue>
</bind>
</comp>

<comp id="54" class="1004" name="column_9_fu_54">
<pin_list>
<pin id="55" dir="0" index="0" bw="1" slack="0"/>
<pin id="56" dir="1" index="1" bw="10" slack="0"/>
</pin_list>
<bind>
<opcode="alloca(26) " fcode="alloca"/>
<opset="column_9/1 "/>
</bind>
</comp>

<comp id="58" class="1004" name="row_fu_58">
<pin_list>
<pin id="59" dir="0" index="0" bw="1" slack="0"/>
<pin id="60" dir="1" index="1" bw="2" slack="0"/>
</pin_list>
<bind>
<opcode="alloca(26) " fcode="alloca"/>
<opset="row/1 "/>
</bind>
</comp>

<comp id="62" class="1004" name="indvar_flatten13_fu_62">
<pin_list>
<pin id="63" dir="0" index="0" bw="1" slack="0"/>
<pin id="64" dir="1" index="1" bw="11" slack="0"/>
</pin_list>
<bind>
<opcode="alloca(26) " fcode="alloca"/>
<opset="indvar_flatten13/1 "/>
</bind>
</comp>

<comp id="66" class="1004" name="p_anonymous_namespace_lineBuffer_direction_addr_gep_fu_66">
<pin_list>
<pin id="67" dir="0" index="0" bw="2" slack="0"/>
<pin id="68" dir="0" index="1" bw="1" slack="0"/>
<pin id="69" dir="0" index="2" bw="11" slack="0"/>
<pin id="70" dir="1" index="3" bw="11" slack="1"/>
</pin_list>
<bind>
<opcode="getelementptr(29) " fcode="getelementptr"/>
<opset="p_anonymous_namespace_lineBuffer_direction_addr/1 "/>
</bind>
</comp>

<comp id="73" class="1004" name="p_anonymous_namespace_lineBuffer_25_magnitude_0_addr_gep_fu_73">
<pin_list>
<pin id="74" dir="0" index="0" bw="8" slack="0"/>
<pin id="75" dir="0" index="1" bw="1" slack="0"/>
<pin id="76" dir="0" index="2" bw="10" slack="0"/>
<pin id="77" dir="1" index="3" bw="10" slack="0"/>
</pin_list>
<bind>
<opcode="getelementptr(29) " fcode="getelementptr"/>
<opset="p_anonymous_namespace_lineBuffer_25_magnitude_0_addr/1 "/>
</bind>
</comp>

<comp id="80" class="1004" name="p_anonymous_namespace_lineBuffer_25_magnitude_1_addr_gep_fu_80">
<pin_list>
<pin id="81" dir="0" index="0" bw="8" slack="0"/>
<pin id="82" dir="0" index="1" bw="1" slack="0"/>
<pin id="83" dir="0" index="2" bw="10" slack="0"/>
<pin id="84" dir="1" index="3" bw="10" slack="0"/>
</pin_list>
<bind>
<opcode="getelementptr(29) " fcode="getelementptr"/>
<opset="p_anonymous_namespace_lineBuffer_25_magnitude_1_addr/1 "/>
</bind>
</comp>

<comp id="87" class="1004" name="store_ln24_access_fu_87">
<pin_list>
<pin id="88" dir="0" index="0" bw="10" slack="0"/>
<pin id="89" dir="0" index="1" bw="8" slack="0"/>
<pin id="90" dir="0" index="2" bw="0" slack="2147483647"/>
<pin id="91" dir="1" index="3" bw="8" slack="2147483647"/>
</pin_list>
<bind>
<opcode="store(28) " fcode="store"/>
<opset="store_ln24/1 "/>
</bind>
</comp>

<comp id="94" class="1004" name="store_ln24_access_fu_94">
<pin_list>
<pin id="95" dir="0" index="0" bw="10" slack="0"/>
<pin id="96" dir="0" index="1" bw="8" slack="0"/>
<pin id="97" dir="0" index="2" bw="0" slack="2147483647"/>
<pin id="98" dir="1" index="3" bw="8" slack="2147483647"/>
</pin_list>
<bind>
<opcode="store(28) " fcode="store"/>
<opset="store_ln24/1 "/>
</bind>
</comp>

<comp id="101" class="1004" name="store_ln25_access_fu_101">
<pin_list>
<pin id="102" dir="0" index="0" bw="11" slack="1"/>
<pin id="103" dir="0" index="1" bw="2" slack="0"/>
<pin id="104" dir="0" index="2" bw="0" slack="2147483647"/>
<pin id="105" dir="1" index="3" bw="2" slack="2147483647"/>
</pin_list>
<bind>
<opcode="store(28) " fcode="store"/>
<opset="store_ln25/2 "/>
</bind>
</comp>

<comp id="107" class="1004" name="store_ln0_store_fu_107">
<pin_list>
<pin id="108" dir="0" index="0" bw="1" slack="0"/>
<pin id="109" dir="0" index="1" bw="11" slack="0"/>
<pin id="110" dir="1" index="2" bw="0" slack="2147483647"/>
</pin_list>
<bind>
<opcode="store(28) " fcode="store"/>
<opset="store_ln0/1 "/>
</bind>
</comp>

<comp id="112" class="1004" name="store_ln22_store_fu_112">
<pin_list>
<pin id="113" dir="0" index="0" bw="1" slack="0"/>
<pin id="114" dir="0" index="1" bw="2" slack="0"/>
<pin id="115" dir="1" index="2" bw="0" slack="2147483647"/>
</pin_list>
<bind>
<opcode="store(28) " fcode="store"/>
<opset="store_ln22/1 "/>
</bind>
</comp>

<comp id="117" class="1004" name="store_ln23_store_fu_117">
<pin_list>
<pin id="118" dir="0" index="0" bw="1" slack="0"/>
<pin id="119" dir="0" index="1" bw="10" slack="0"/>
<pin id="120" dir="1" index="2" bw="0" slack="2147483647"/>
</pin_list>
<bind>
<opcode="store(28) " fcode="store"/>
<opset="store_ln23/1 "/>
</bind>
</comp>

<comp id="122" class="1004" name="indvar_flatten13_load_load_fu_122">
<pin_list>
<pin id="123" dir="0" index="0" bw="11" slack="0"/>
<pin id="124" dir="1" index="1" bw="11" slack="0"/>
</pin_list>
<bind>
<opcode="load(27) " fcode="load"/>
<opset="indvar_flatten13_load/1 "/>
</bind>
</comp>

<comp id="125" class="1004" name="icmp_ln22_fu_125">
<pin_list>
<pin id="126" dir="0" index="0" bw="11" slack="0"/>
<pin id="127" dir="0" index="1" bw="11" slack="0"/>
<pin id="128" dir="1" index="2" bw="1" slack="2147483647"/>
</pin_list>
<bind>
<opcode="icmp(45) " fcode="icmp"/>
<opset="icmp_ln22/1 "/>
</bind>
</comp>

<comp id="131" class="1004" name="add_ln22_4_fu_131">
<pin_list>
<pin id="132" dir="0" index="0" bw="11" slack="0"/>
<pin id="133" dir="0" index="1" bw="1" slack="0"/>
<pin id="134" dir="1" index="2" bw="11" slack="0"/>
</pin_list>
<bind>
<opcode="add(8) " fcode="add"/>
<opset="add_ln22_4/1 "/>
</bind>
</comp>

<comp id="137" class="1004" name="column_9_load_load_fu_137">
<pin_list>
<pin id="138" dir="0" index="0" bw="10" slack="0"/>
<pin id="139" dir="1" index="1" bw="10" slack="0"/>
</pin_list>
<bind>
<opcode="load(27) " fcode="load"/>
<opset="column_9_load/1 "/>
</bind>
</comp>

<comp id="140" class="1004" name="row_load_load_fu_140">
<pin_list>
<pin id="141" dir="0" index="0" bw="2" slack="0"/>
<pin id="142" dir="1" index="1" bw="2" slack="0"/>
</pin_list>
<bind>
<opcode="load(27) " fcode="load"/>
<opset="row_load/1 "/>
</bind>
</comp>

<comp id="143" class="1004" name="add_ln22_fu_143">
<pin_list>
<pin id="144" dir="0" index="0" bw="2" slack="0"/>
<pin id="145" dir="0" index="1" bw="1" slack="0"/>
<pin id="146" dir="1" index="2" bw="2" slack="0"/>
</pin_list>
<bind>
<opcode="add(8) " fcode="add"/>
<opset="add_ln22/1 "/>
</bind>
</comp>

<comp id="149" class="1004" name="icmp_ln23_fu_149">
<pin_list>
<pin id="150" dir="0" index="0" bw="10" slack="0"/>
<pin id="151" dir="0" index="1" bw="10" slack="0"/>
<pin id="152" dir="1" index="2" bw="1" slack="0"/>
</pin_list>
<bind>
<opcode="icmp(45) " fcode="icmp"/>
<opset="icmp_ln23/1 "/>
</bind>
</comp>

<comp id="155" class="1004" name="select_ln22_fu_155">
<pin_list>
<pin id="156" dir="0" index="0" bw="1" slack="0"/>
<pin id="157" dir="0" index="1" bw="10" slack="0"/>
<pin id="158" dir="0" index="2" bw="10" slack="0"/>
<pin id="159" dir="1" index="3" bw="10" slack="0"/>
</pin_list>
<bind>
<opcode="select(49) " fcode="select"/>
<opset="select_ln22/1 "/>
</bind>
</comp>

<comp id="163" class="1004" name="select_ln22_4_fu_163">
<pin_list>
<pin id="164" dir="0" index="0" bw="1" slack="0"/>
<pin id="165" dir="0" index="1" bw="2" slack="0"/>
<pin id="166" dir="0" index="2" bw="2" slack="0"/>
<pin id="167" dir="1" index="3" bw="2" slack="0"/>
</pin_list>
<bind>
<opcode="select(49) " fcode="select"/>
<opset="select_ln22_4/1 "/>
</bind>
</comp>

<comp id="171" class="1004" name="tmp_s_fu_171">
<pin_list>
<pin id="172" dir="0" index="0" bw="11" slack="0"/>
<pin id="173" dir="0" index="1" bw="2" slack="0"/>
<pin id="174" dir="0" index="2" bw="1" slack="0"/>
<pin id="175" dir="1" index="3" bw="11" slack="0"/>
</pin_list>
<bind>
<opcode="bitconcatenate(1004) " fcode="bitconcatenate"/>
<opset="tmp_s/1 "/>
</bind>
</comp>

<comp id="179" class="1004" name="zext_ln25_fu_179">
<pin_list>
<pin id="180" dir="0" index="0" bw="10" slack="0"/>
<pin id="181" dir="1" index="1" bw="11" slack="0"/>
</pin_list>
<bind>
<opcode="zext(34) " fcode="zext"/>
<opset="zext_ln25/1 "/>
</bind>
</comp>

<comp id="183" class="1004" name="add_ln25_fu_183">
<pin_list>
<pin id="184" dir="0" index="0" bw="11" slack="0"/>
<pin id="185" dir="0" index="1" bw="10" slack="0"/>
<pin id="186" dir="1" index="2" bw="11" slack="0"/>
</pin_list>
<bind>
<opcode="add(8) " fcode="add"/>
<opset="add_ln25/1 "/>
</bind>
</comp>

<comp id="189" class="1004" name="zext_ln25_1_fu_189">
<pin_list>
<pin id="190" dir="0" index="0" bw="11" slack="0"/>
<pin id="191" dir="1" index="1" bw="64" slack="0"/>
</pin_list>
<bind>
<opcode="zext(34) " fcode="zext"/>
<opset="zext_ln25_1/1 "/>
</bind>
</comp>

<comp id="194" class="1004" name="trunc_ln23_fu_194">
<pin_list>
<pin id="195" dir="0" index="0" bw="10" slack="0"/>
<pin id="196" dir="1" index="1" bw="1" slack="2147483647"/>
</pin_list>
<bind>
<opcode="trunc(33) " fcode="trunc"/>
<opset="trunc_ln23/1 "/>
</bind>
</comp>

<comp id="198" class="1004" name="lshr_ln_fu_198">
<pin_list>
<pin id="199" dir="0" index="0" bw="8" slack="0"/>
<pin id="200" dir="0" index="1" bw="10" slack="0"/>
<pin id="201" dir="0" index="2" bw="1" slack="0"/>
<pin id="202" dir="0" index="3" bw="5" slack="0"/>
<pin id="203" dir="1" index="4" bw="8" slack="0"/>
</pin_list>
<bind>
<opcode="partselect(1002) " fcode="partselect"/>
<opset="lshr_ln/1 "/>
</bind>
</comp>

<comp id="208" class="1004" name="tmp_54_fu_208">
<pin_list>
<pin id="209" dir="0" index="0" bw="10" slack="0"/>
<pin id="210" dir="0" index="1" bw="2" slack="0"/>
<pin id="211" dir="0" index="2" bw="8" slack="0"/>
<pin id="212" dir="1" index="3" bw="10" slack="0"/>
</pin_list>
<bind>
<opcode="bitconcatenate(1004) " fcode="bitconcatenate"/>
<opset="tmp_54/1 "/>
</bind>
</comp>

<comp id="216" class="1004" name="zext_ln24_fu_216">
<pin_list>
<pin id="217" dir="0" index="0" bw="10" slack="0"/>
<pin id="218" dir="1" index="1" bw="64" slack="0"/>
</pin_list>
<bind>
<opcode="zext(34) " fcode="zext"/>
<opset="zext_ln24/1 "/>
</bind>
</comp>

<comp id="222" class="1004" name="add_ln23_fu_222">
<pin_list>
<pin id="223" dir="0" index="0" bw="10" slack="0"/>
<pin id="224" dir="0" index="1" bw="1" slack="0"/>
<pin id="225" dir="1" index="2" bw="10" slack="0"/>
</pin_list>
<bind>
<opcode="add(8) " fcode="add"/>
<opset="add_ln23/1 "/>
</bind>
</comp>

<comp id="228" class="1004" name="store_ln22_store_fu_228">
<pin_list>
<pin id="229" dir="0" index="0" bw="11" slack="0"/>
<pin id="230" dir="0" index="1" bw="11" slack="0"/>
<pin id="231" dir="1" index="2" bw="0" slack="2147483647"/>
</pin_list>
<bind>
<opcode="store(28) " fcode="store"/>
<opset="store_ln22/1 "/>
</bind>
</comp>

<comp id="233" class="1004" name="store_ln22_store_fu_233">
<pin_list>
<pin id="234" dir="0" index="0" bw="2" slack="0"/>
<pin id="235" dir="0" index="1" bw="2" slack="0"/>
<pin id="236" dir="1" index="2" bw="0" slack="2147483647"/>
</pin_list>
<bind>
<opcode="store(28) " fcode="store"/>
<opset="store_ln22/1 "/>
</bind>
</comp>

<comp id="238" class="1004" name="store_ln23_store_fu_238">
<pin_list>
<pin id="239" dir="0" index="0" bw="10" slack="0"/>
<pin id="240" dir="0" index="1" bw="10" slack="0"/>
<pin id="241" dir="1" index="2" bw="0" slack="2147483647"/>
</pin_list>
<bind>
<opcode="store(28) " fcode="store"/>
<opset="store_ln23/1 "/>
</bind>
</comp>

<comp id="243" class="1005" name="column_9_reg_243">
<pin_list>
<pin id="244" dir="0" index="0" bw="10" slack="0"/>
<pin id="245" dir="1" index="1" bw="10" slack="0"/>
</pin_list>
<bind>
<opset="column_9 "/>
</bind>
</comp>

<comp id="250" class="1005" name="row_reg_250">
<pin_list>
<pin id="251" dir="0" index="0" bw="2" slack="0"/>
<pin id="252" dir="1" index="1" bw="2" slack="0"/>
</pin_list>
<bind>
<opset="row "/>
</bind>
</comp>

<comp id="257" class="1005" name="indvar_flatten13_reg_257">
<pin_list>
<pin id="258" dir="0" index="0" bw="11" slack="0"/>
<pin id="259" dir="1" index="1" bw="11" slack="0"/>
</pin_list>
<bind>
<opset="indvar_flatten13 "/>
</bind>
</comp>

<comp id="267" class="1005" name="p_anonymous_namespace_lineBuffer_direction_addr_reg_267">
<pin_list>
<pin id="268" dir="0" index="0" bw="11" slack="1"/>
<pin id="269" dir="1" index="1" bw="11" slack="1"/>
</pin_list>
<bind>
<opset="p_anonymous_namespace_lineBuffer_direction_addr "/>
</bind>
</comp>

</comp_list>

<net_list>
<net id="57"><net_src comp="6" pin="0"/><net_sink comp="54" pin=0"/></net>

<net id="61"><net_src comp="6" pin="0"/><net_sink comp="58" pin=0"/></net>

<net id="65"><net_src comp="6" pin="0"/><net_sink comp="62" pin=0"/></net>

<net id="71"><net_src comp="0" pin="0"/><net_sink comp="66" pin=0"/></net>

<net id="72"><net_src comp="34" pin="0"/><net_sink comp="66" pin=1"/></net>

<net id="78"><net_src comp="2" pin="0"/><net_sink comp="73" pin=0"/></net>

<net id="79"><net_src comp="34" pin="0"/><net_sink comp="73" pin=1"/></net>

<net id="85"><net_src comp="4" pin="0"/><net_sink comp="80" pin=0"/></net>

<net id="86"><net_src comp="34" pin="0"/><net_sink comp="80" pin=1"/></net>

<net id="92"><net_src comp="50" pin="0"/><net_sink comp="87" pin=1"/></net>

<net id="93"><net_src comp="73" pin="3"/><net_sink comp="87" pin=0"/></net>

<net id="99"><net_src comp="50" pin="0"/><net_sink comp="94" pin=1"/></net>

<net id="100"><net_src comp="80" pin="3"/><net_sink comp="94" pin=0"/></net>

<net id="106"><net_src comp="10" pin="0"/><net_sink comp="101" pin=1"/></net>

<net id="111"><net_src comp="8" pin="0"/><net_sink comp="107" pin=0"/></net>

<net id="116"><net_src comp="10" pin="0"/><net_sink comp="112" pin=0"/></net>

<net id="121"><net_src comp="12" pin="0"/><net_sink comp="117" pin=0"/></net>

<net id="129"><net_src comp="122" pin="1"/><net_sink comp="125" pin=0"/></net>

<net id="130"><net_src comp="14" pin="0"/><net_sink comp="125" pin=1"/></net>

<net id="135"><net_src comp="122" pin="1"/><net_sink comp="131" pin=0"/></net>

<net id="136"><net_src comp="16" pin="0"/><net_sink comp="131" pin=1"/></net>

<net id="147"><net_src comp="140" pin="1"/><net_sink comp="143" pin=0"/></net>

<net id="148"><net_src comp="18" pin="0"/><net_sink comp="143" pin=1"/></net>

<net id="153"><net_src comp="137" pin="1"/><net_sink comp="149" pin=0"/></net>

<net id="154"><net_src comp="28" pin="0"/><net_sink comp="149" pin=1"/></net>

<net id="160"><net_src comp="149" pin="2"/><net_sink comp="155" pin=0"/></net>

<net id="161"><net_src comp="12" pin="0"/><net_sink comp="155" pin=1"/></net>

<net id="162"><net_src comp="137" pin="1"/><net_sink comp="155" pin=2"/></net>

<net id="168"><net_src comp="149" pin="2"/><net_sink comp="163" pin=0"/></net>

<net id="169"><net_src comp="143" pin="2"/><net_sink comp="163" pin=1"/></net>

<net id="170"><net_src comp="140" pin="1"/><net_sink comp="163" pin=2"/></net>

<net id="176"><net_src comp="30" pin="0"/><net_sink comp="171" pin=0"/></net>

<net id="177"><net_src comp="163" pin="3"/><net_sink comp="171" pin=1"/></net>

<net id="178"><net_src comp="32" pin="0"/><net_sink comp="171" pin=2"/></net>

<net id="182"><net_src comp="155" pin="3"/><net_sink comp="179" pin=0"/></net>

<net id="187"><net_src comp="171" pin="3"/><net_sink comp="183" pin=0"/></net>

<net id="188"><net_src comp="179" pin="1"/><net_sink comp="183" pin=1"/></net>

<net id="192"><net_src comp="183" pin="2"/><net_sink comp="189" pin=0"/></net>

<net id="193"><net_src comp="189" pin="1"/><net_sink comp="66" pin=2"/></net>

<net id="197"><net_src comp="155" pin="3"/><net_sink comp="194" pin=0"/></net>

<net id="204"><net_src comp="44" pin="0"/><net_sink comp="198" pin=0"/></net>

<net id="205"><net_src comp="155" pin="3"/><net_sink comp="198" pin=1"/></net>

<net id="206"><net_src comp="6" pin="0"/><net_sink comp="198" pin=2"/></net>

<net id="207"><net_src comp="46" pin="0"/><net_sink comp="198" pin=3"/></net>

<net id="213"><net_src comp="48" pin="0"/><net_sink comp="208" pin=0"/></net>

<net id="214"><net_src comp="163" pin="3"/><net_sink comp="208" pin=1"/></net>

<net id="215"><net_src comp="198" pin="4"/><net_sink comp="208" pin=2"/></net>

<net id="219"><net_src comp="208" pin="3"/><net_sink comp="216" pin=0"/></net>

<net id="220"><net_src comp="216" pin="1"/><net_sink comp="73" pin=2"/></net>

<net id="221"><net_src comp="216" pin="1"/><net_sink comp="80" pin=2"/></net>

<net id="226"><net_src comp="155" pin="3"/><net_sink comp="222" pin=0"/></net>

<net id="227"><net_src comp="52" pin="0"/><net_sink comp="222" pin=1"/></net>

<net id="232"><net_src comp="131" pin="2"/><net_sink comp="228" pin=0"/></net>

<net id="237"><net_src comp="163" pin="3"/><net_sink comp="233" pin=0"/></net>

<net id="242"><net_src comp="222" pin="2"/><net_sink comp="238" pin=0"/></net>

<net id="246"><net_src comp="54" pin="1"/><net_sink comp="243" pin=0"/></net>

<net id="247"><net_src comp="243" pin="1"/><net_sink comp="117" pin=1"/></net>

<net id="248"><net_src comp="243" pin="1"/><net_sink comp="137" pin=0"/></net>

<net id="249"><net_src comp="243" pin="1"/><net_sink comp="238" pin=1"/></net>

<net id="253"><net_src comp="58" pin="1"/><net_sink comp="250" pin=0"/></net>

<net id="254"><net_src comp="250" pin="1"/><net_sink comp="112" pin=1"/></net>

<net id="255"><net_src comp="250" pin="1"/><net_sink comp="140" pin=0"/></net>

<net id="256"><net_src comp="250" pin="1"/><net_sink comp="233" pin=1"/></net>

<net id="260"><net_src comp="62" pin="1"/><net_sink comp="257" pin=0"/></net>

<net id="261"><net_src comp="257" pin="1"/><net_sink comp="107" pin=1"/></net>

<net id="262"><net_src comp="257" pin="1"/><net_sink comp="122" pin=0"/></net>

<net id="263"><net_src comp="257" pin="1"/><net_sink comp="228" pin=1"/></net>

<net id="270"><net_src comp="66" pin="3"/><net_sink comp="267" pin=0"/></net>

<net id="271"><net_src comp="267" pin="1"/><net_sink comp="101" pin=0"/></net>

</net_list>

</model> 
---------------- Datapath Model END ------------------

* FSMD analyzer results:
  - Output states:
	Port: p_anonymous_namespace_lineBuffer_direction | {2 }
	Port: p_anonymous_namespace_lineBuffer_25_magnitude_0 | {1 }
	Port: p_anonymous_namespace_lineBuffer_25_magnitude_1 | {1 }
 - Input state : 
	Port: canny_top_Pipeline_VITIS_LOOP_22_1_VITIS_LOOP_23_2 : p_anonymous_namespace_lineBuffer_direction | {}
	Port: canny_top_Pipeline_VITIS_LOOP_22_1_VITIS_LOOP_23_2 : p_anonymous_namespace_lineBuffer_25_magnitude_0 | {}
	Port: canny_top_Pipeline_VITIS_LOOP_22_1_VITIS_LOOP_23_2 : p_anonymous_namespace_lineBuffer_25_magnitude_1 | {}
  - Chain level:
	State 1
		store_ln0 : 1
		store_ln22 : 1
		store_ln23 : 1
		indvar_flatten13_load : 1
		icmp_ln22 : 2
		add_ln22_4 : 2
		br_ln22 : 3
		column_9_load : 1
		row_load : 1
		add_ln22 : 2
		icmp_ln23 : 2
		select_ln22 : 3
		select_ln22_4 : 3
		tmp_s : 4
		zext_ln25 : 4
		add_ln25 : 5
		zext_ln25_1 : 6
		p_anonymous_namespace_lineBuffer_direction_addr : 7
		trunc_ln23 : 4
		lshr_ln : 4
		tmp_54 : 5
		zext_ln24 : 6
		p_anonymous_namespace_lineBuffer_25_magnitude_0_addr : 7
		p_anonymous_namespace_lineBuffer_25_magnitude_1_addr : 7
		br_ln24 : 5
		store_ln24 : 8
		store_ln24 : 8
		add_ln23 : 4
		store_ln22 : 3
		store_ln22 : 4
		store_ln23 : 5
	State 2


============================================================
+ Verbose Summary: Datapath Resource usage 
============================================================

* Functional unit list:
|----------|----------------------|---------|---------|
| Operation|    Functional Unit   |    FF   |   LUT   |
|----------|----------------------|---------|---------|
|          |   add_ln22_4_fu_131  |    0    |    18   |
|    add   |    add_ln22_fu_143   |    0    |    9    |
|          |    add_ln25_fu_183   |    0    |    18   |
|          |    add_ln23_fu_222   |    0    |    17   |
|----------|----------------------|---------|---------|
|   icmp   |   icmp_ln22_fu_125   |    0    |    18   |
|          |   icmp_ln23_fu_149   |    0    |    17   |
|----------|----------------------|---------|---------|
|  select  |  select_ln22_fu_155  |    0    |    10   |
|          | select_ln22_4_fu_163 |    0    |    2    |
|----------|----------------------|---------|---------|
|bitconcatenate|     tmp_s_fu_171     |    0    |    0    |
|          |     tmp_54_fu_208    |    0    |    0    |
|----------|----------------------|---------|---------|
|          |   zext_ln25_fu_179   |    0    |    0    |
|   zext   |  zext_ln25_1_fu_189  |    0    |    0    |
|          |   zext_ln24_fu_216   |    0    |    0    |
|----------|----------------------|---------|---------|
|   trunc  |   trunc_ln23_fu_194  |    0    |    0    |
|----------|----------------------|---------|---------|
|partselect|    lshr_ln_fu_198    |    0    |    0    |
|----------|----------------------|---------|---------|
|   Total  |                      |    0    |   109   |
|----------|----------------------|---------|---------|

Memories:
N/A

* Register list:
+-------------------------------------------------------+--------+
|                                                       |   FF   |
+-------------------------------------------------------+--------+
|                    column_9_reg_243                   |   10   |
|                indvar_flatten13_reg_257               |   11   |
|p_anonymous_namespace_lineBuffer_direction_addr_reg_267|   11   |
|                      row_reg_250                      |    2   |
+-------------------------------------------------------+--------+
|                         Total                         |   34   |
+-------------------------------------------------------+--------+

* Multiplexer (MUX) list: 
|--------|------|------|------|--------|
|  Comp  |  Pin | Size |  BW  | S x BW |
|--------|------|------|------|--------|
|  Total |      |      |      |    0   |
|--------|------|------|------|--------|



* Summary:
+-----------+--------+--------+
|           |   FF   |   LUT  |
+-----------+--------+--------+
|  Function |    0   |   109  |
|   Memory  |    -   |    -   |
|Multiplexer|    -   |    -   |
|  Register |   34   |    -   |
+-----------+--------+--------+
|   Total   |   34   |   109  |
+-----------+--------+--------+
