

================================================================
== Vitis HLS Report for 'canny_top'
================================================================
* Date:           Thu Jul 23 23:06:28 2026

* Version:        2025.2 (Build 6295257 on Nov 14 2025)
* Project:        canny_top
* Solution:       hls (Vitis Kernel Flow Target)
* Product family: zynquplus
* Target device:  xck26-sfvc784-2LV-c


================================================================
== Performance Estimates
================================================================
+ Timing: 
    * Summary: 
    +--------+---------+----------+------------+
    |  Clock |  Target | Estimated| Uncertainty|
    +--------+---------+----------+------------+
    |ap_clk  |  5.00 ns|  3.650 ns|     1.35 ns|
    +--------+---------+----------+------------+

+ Latency: 
    * Summary: 
    +---------+---------+----------+-----------+--------+---------+---------+
    |  Latency (cycles) |  Latency (absolute)  |     Interval     | Pipeline|
    |   min   |   max   |    min   |    max    |   min  |   max   |   Type  |
    +---------+---------+----------+-----------+--------+---------+---------+
    |   831702|  2402331|  4.159 ms|  12.012 ms|  831703|  2402332|       no|
    +---------+---------+----------+-----------+--------+---------+---------+

    + Detail: 
        * Instance: 
        N/A

        * Loop: 
        +------------------+---------+---------+--------------+-----------+-----------+------+----------+
        |                  |  Latency (cycles) |   Iteration  |  Initiation Interval  | Trip |          |
        |     Loop Name    |   min   |   max   |    Latency   |  achieved |   target  | Count| Pipelined|
        +------------------+---------+---------+--------------+-----------+-----------+------+----------+
        |- VITIS_LOOP_7_1  |   831701|  2402330|  2181 ~ 14316|          -|          -|   514|        no|
        +------------------+---------+---------+--------------+-----------+-----------+------+----------+

============================================================
+ Verbose Summary: Synthesis Manager
============================================================
InlineROM: 1
ExposeGlobal: 0
============================================================
+ Verbose Summary: CDFG Model
============================================================
IsTopModel: 1
ResetActiveHigh: 1
IsCombinational: 2
IsDatapathOnly: 0
HasWiredReturn: 1
HasMFsm: 0
HasVarLatency: 1
IsPipeline: 0
IsRtlPipelined: 0
IsInstanceOverlapped: 0
IsDontTouch: 0
HasImplIP: 0
IsGatedGlobalClock: 0


============================================================
+ Verbose Summary: Schedule
============================================================
* Number of FSM states : 3
* Pipeline : 0
* Dataflow Pipeline: 1
  DF-Pipeline-0: Size = 2, States = { 2 3 }

* FSM state transitions: 
1 --> 2 
2 --> 3 
3 --> 2 

* FSM state operations: 

State 1 <SV = 0> <Delay = 1.00>
ST_1 : Operation 4 [1/1] (0.00ns)   --->   "%spectopmodule_ln3 = spectopmodule void @_ssdm_op_SpecTopModule, void @empty_20" [../src/canny_top.cpp:3]   --->   Operation 4 'spectopmodule' 'spectopmodule_ln3' <Predicate = true> <Delay = 0.00>
ST_1 : Operation 5 [1/1] (0.00ns)   --->   "%specinterface_ln3 = specinterface void @_ssdm_op_SpecInterface, i32 0, void @empty_19, i32 0, i32 0, void @empty_0, i32 0, i32 0, void @empty_0, void @empty_0, void @empty_0, i32 0, i32 0, i32 0, i32 0, void @empty_0, void @empty_0, i32 4294967295, i32 0, i32 0, i32 0" [../src/canny_top.cpp:3]   --->   Operation 5 'specinterface' 'specinterface_ln3' <Predicate = true> <Delay = 0.00>
ST_1 : Operation 6 [1/1] (0.00ns)   --->   "%specinterface_ln0 = specinterface void @_ssdm_op_SpecInterface, i32 %gmem_in, void @empty, i32 0, i32 0, void @empty_0, i32 64, i32 0, void @empty_17, void @empty_14, void @empty_0, i32 16, i32 16, i32 16, i32 16, void @empty_0, void @empty_0, i32 4294967295, i32 0, i32 0, i32 4"   --->   Operation 6 'specinterface' 'specinterface_ln0' <Predicate = true> <Delay = 0.00>
ST_1 : Operation 7 [1/1] (0.00ns)   --->   "%specbitsmap_ln0 = specbitsmap void @_ssdm_op_SpecBitsMap, i32 %gmem_in"   --->   Operation 7 'specbitsmap' 'specbitsmap_ln0' <Predicate = true> <Delay = 0.00>
ST_1 : Operation 8 [1/1] (0.00ns)   --->   "%specinterface_ln0 = specinterface void @_ssdm_op_SpecInterface, i512 %gmem_out, void @empty, i32 0, i32 0, void @empty_0, i32 64, i32 0, void @empty_8, void @empty_14, void @empty_0, i32 16, i32 16, i32 16, i32 16, void @empty_0, void @empty_0, i32 4294967295, i32 0, i32 0, i32 64"   --->   Operation 8 'specinterface' 'specinterface_ln0' <Predicate = true> <Delay = 0.00>
ST_1 : Operation 9 [1/1] (0.00ns)   --->   "%specbitsmap_ln0 = specbitsmap void @_ssdm_op_SpecBitsMap, i512 %gmem_out"   --->   Operation 9 'specbitsmap' 'specbitsmap_ln0' <Predicate = true> <Delay = 0.00>
ST_1 : Operation 10 [1/1] (0.00ns)   --->   "%specinterface_ln0 = specinterface void @_ssdm_op_SpecInterface, i64 %in_r, void @empty_11, i32 0, i32 0, void @empty_0, i32 0, i32 0, void @empty_12, void @empty_10, void @empty_0, i32 0, i32 0, i32 0, i32 0, void @empty_0, void @empty_22, i32 4294967295, i32 0, i32 0, i32 0"   --->   Operation 10 'specinterface' 'specinterface_ln0' <Predicate = true> <Delay = 0.00>
ST_1 : Operation 11 [1/1] (0.00ns)   --->   "%specinterface_ln0 = specinterface void @_ssdm_op_SpecInterface, i64 %in_r, void @empty_15, i32 0, i32 0, void @empty_0, i32 0, i32 0, void @empty_0, void @empty_0, void @empty_0, i32 0, i32 0, i32 0, i32 0, void @empty_0, void @empty_22, i32 4294967295, i32 0, i32 0, i32 0"   --->   Operation 11 'specinterface' 'specinterface_ln0' <Predicate = true> <Delay = 0.00>
ST_1 : Operation 12 [1/1] (0.00ns)   --->   "%specinterface_ln0 = specinterface void @_ssdm_op_SpecInterface, i64 %out_r, void @empty_11, i32 0, i32 0, void @empty_0, i32 0, i32 0, void @empty_12, void @empty_16, void @empty_0, i32 0, i32 0, i32 0, i32 0, void @empty_0, void @empty_22, i32 4294967295, i32 0, i32 0, i32 0"   --->   Operation 12 'specinterface' 'specinterface_ln0' <Predicate = true> <Delay = 0.00>
ST_1 : Operation 13 [1/1] (0.00ns)   --->   "%specinterface_ln0 = specinterface void @_ssdm_op_SpecInterface, i64 %out_r, void @empty_15, i32 0, i32 0, void @empty_0, i32 0, i32 0, void @empty_0, void @empty_0, void @empty_0, i32 0, i32 0, i32 0, i32 0, void @empty_0, void @empty_22, i32 4294967295, i32 0, i32 0, i32 0"   --->   Operation 13 'specinterface' 'specinterface_ln0' <Predicate = true> <Delay = 0.00>
ST_1 : Operation 14 [1/1] (0.00ns)   --->   "%specinterface_ln0 = specinterface void @_ssdm_op_SpecInterface, i32 0, void @empty_11, i32 0, i32 0, void @empty_0, i32 0, i32 0, void @empty_12, void @empty_0, void @empty_0, i32 0, i32 0, i32 0, i32 0, void @empty_0, void @empty_0, i32 0, i32 0, i32 0, i32 0"   --->   Operation 14 'specinterface' 'specinterface_ln0' <Predicate = true> <Delay = 0.00>
ST_1 : Operation 15 [1/1] (1.00ns)   --->   "%out_r_read = read i64 @_ssdm_op_Read.s_axilite.i64, i64 %out_r" [../src/canny_top.cpp:3]   --->   Operation 15 'read' 'out_r_read' <Predicate = true> <Delay = 1.00> <CoreInst = "s_axilite">   --->   Core 120 's_axilite' <Latency = 0> <II = 1> <Delay = 1.00> <Adapter> <Opcode : 'read' 'write'>
ST_1 : Operation 16 [1/1] (1.00ns)   --->   "%in_r_read = read i64 @_ssdm_op_Read.s_axilite.i64, i64 %in_r" [../src/canny_top.cpp:3]   --->   Operation 16 'read' 'in_r_read' <Predicate = true> <Delay = 1.00> <CoreInst = "s_axilite">   --->   Core 120 's_axilite' <Latency = 0> <II = 1> <Delay = 1.00> <Adapter> <Opcode : 'read' 'write'>
ST_1 : Operation 17 [1/1] (0.42ns)   --->   "%br_ln7 = br void %for.cond" [../src/canny_top.cpp:7]   --->   Operation 17 'br' 'br_ln7' <Predicate = true> <Delay = 0.42>

State 2 <SV = 1> <Delay = 2.95>
ST_2 : Operation 18 [1/1] (0.00ns)   --->   "%i = phi i10 0, void %entry, i10 %add_ln7, void %codeRepl" [../src/canny_top.cpp:7]   --->   Operation 18 'phi' 'i' <Predicate = true> <Delay = 0.00>
ST_2 : Operation 19 [1/1] (0.78ns)   --->   "%icmp_ln7 = icmp_eq  i10 %i, i10 514" [../src/canny_top.cpp:7]   --->   Operation 19 'icmp' 'icmp_ln7' <Predicate = true> <Delay = 0.78> <CoreInst = "Cmp">   --->   Core 9 'Cmp' <Latency = 0> <II = 1> <Delay = 0.78> <FuncUnit> <Opcode : 'seteq' 'setne' 'setle' 'setge' 'setlt' 'setgt'> <InPorts = 2> <OutPorts = 1>
ST_2 : Operation 20 [1/1] (0.78ns)   --->   "%add_ln7 = add i10 %i, i10 1" [../src/canny_top.cpp:7]   --->   Operation 20 'add' 'add_ln7' <Predicate = true> <Delay = 0.78> <CoreInst = "Adder">   --->   Core 1 'Adder' <Latency = 0> <II = 1> <Delay = 0.78> <FuncUnit> <Opcode : 'add' 'sub'> <InPorts = 2> <OutPorts = 1>
ST_2 : Operation 21 [1/1] (0.00ns)   --->   "%specdataflowpipeline_ln7 = specdataflowpipeline void @_ssdm_op_SpecDataflowPipeline, i32 4294967295, i32 0, void @dataflow_parent_loop_str, i10 %i, i10 514, i32 0, i10 0, i10 1, i32 1" [../src/canny_top.cpp:7]   --->   Operation 21 'specdataflowpipeline' 'specdataflowpipeline_ln7' <Predicate = true> <Delay = 0.00>
ST_2 : Operation 22 [1/1] (0.00ns)   --->   "%br_ln7 = br i1 %icmp_ln7, void %codeRepl, void %for.end" [../src/canny_top.cpp:7]   --->   Operation 22 'br' 'br_ln7' <Predicate = true> <Delay = 0.00>
ST_2 : Operation 23 [2/2] (2.17ns)   --->   "%call_ln19 = call void @dataflow_in_loop_VITIS_LOOP_7_1.1, i10 %i, i32 %gmem_in, i64 %in_r_read, i512 %gmem_out, i64 %out_r_read, i32 %p_anonymous_namespace_rowsReceived, i8 %p_ZN12_GLOBAL_N_110lineBufferE_0, i8 %p_ZN12_GLOBAL_N_110lineBufferE_1, i32 %p_anonymous_namespace_rowsReceived_2, i8 %p_anonymous_namespace_lineBuffer_16_0, i8 %p_anonymous_namespace_lineBuffer_16_1, i32 %p_anonymous_namespace_rowsReceived_3, i2 %p_anonymous_namespace_lineBuffer_direction, i8 %p_anonymous_namespace_lineBuffer_11_magnitude_0, i8 %p_anonymous_namespace_lineBuffer_11_magnitude_1, i32 %p_anonymous_namespace_rowsReceived_1, i8 %p_anonymous_namespace_lineBuffer_6_0, i8 %p_anonymous_namespace_lineBuffer_6_1, i32 %rowsReceived" [../src/canny_top.cpp:19]   --->   Operation 23 'call' 'call_ln19' <Predicate = (!icmp_ln7)> <Delay = 2.17> <CoreType = "Generic">   --->   Generic Core
ST_2 : Operation 24 [1/1] (0.00ns)   --->   "%ret_ln31 = ret" [../src/canny_top.cpp:31]   --->   Operation 24 'ret' 'ret_ln31' <Predicate = (icmp_ln7)> <Delay = 0.00>

State 3 <SV = 2> <Delay = 0.00>
ST_3 : Operation 25 [1/1] (0.00ns)   --->   "%speclooptripcount_ln19 = speclooptripcount void @_ssdm_op_SpecLoopTripCount, i64 514, i64 514, i64 514" [../src/canny_top.cpp:19]   --->   Operation 25 'speclooptripcount' 'speclooptripcount_ln19' <Predicate = (!icmp_ln7)> <Delay = 0.00>
ST_3 : Operation 26 [1/1] (0.00ns)   --->   "%specloopname_ln7 = specloopname void @_ssdm_op_SpecLoopName, void @empty_18" [../src/canny_top.cpp:7]   --->   Operation 26 'specloopname' 'specloopname_ln7' <Predicate = (!icmp_ln7)> <Delay = 0.00>
ST_3 : Operation 27 [1/2] (0.00ns)   --->   "%call_ln19 = call void @dataflow_in_loop_VITIS_LOOP_7_1.1, i10 %i, i32 %gmem_in, i64 %in_r_read, i512 %gmem_out, i64 %out_r_read, i32 %p_anonymous_namespace_rowsReceived, i8 %p_ZN12_GLOBAL_N_110lineBufferE_0, i8 %p_ZN12_GLOBAL_N_110lineBufferE_1, i32 %p_anonymous_namespace_rowsReceived_2, i8 %p_anonymous_namespace_lineBuffer_16_0, i8 %p_anonymous_namespace_lineBuffer_16_1, i32 %p_anonymous_namespace_rowsReceived_3, i2 %p_anonymous_namespace_lineBuffer_direction, i8 %p_anonymous_namespace_lineBuffer_11_magnitude_0, i8 %p_anonymous_namespace_lineBuffer_11_magnitude_1, i32 %p_anonymous_namespace_rowsReceived_1, i8 %p_anonymous_namespace_lineBuffer_6_0, i8 %p_anonymous_namespace_lineBuffer_6_1, i32 %rowsReceived" [../src/canny_top.cpp:19]   --->   Operation 27 'call' 'call_ln19' <Predicate = (!icmp_ln7)> <Delay = 0.00> <CoreType = "Generic">   --->   Generic Core
ST_3 : Operation 28 [1/1] (0.00ns)   --->   "%br_ln7 = br void %for.cond" [../src/canny_top.cpp:7]   --->   Operation 28 'br' 'br_ln7' <Predicate = (!icmp_ln7)> <Delay = 0.00>


============================================================
+ Verbose Summary: Timing violations
============================================================
Target clock period: 5.000ns, clock uncertainty: 1.350ns.

 <State 1>: 1.000ns
The critical path consists of the following:
	s_axi read operation ('out_r_read', ../src/canny_top.cpp:3) on port 'out_r' (../src/canny_top.cpp:3) [30]  (1.000 ns)

 <State 2>: 2.957ns
The critical path consists of the following:
	'phi' operation 10 bit ('i', ../src/canny_top.cpp:7) with incoming values : ('add_ln7', ../src/canny_top.cpp:7) [34]  (0.000 ns)
	'icmp' operation 1 bit ('icmp_ln7', ../src/canny_top.cpp:7) [35]  (0.787 ns)
	'call' operation ('call_ln19', ../src/canny_top.cpp:19) to 'dataflow_in_loop_VITIS_LOOP_7_1.1' [42]  (2.170 ns)

 <State 3>: 0.000ns
The critical path consists of the following:


============================================================
+ Verbose Summary: Binding
============================================================
N/A
* FSMD analyzer results:
  - Output states:
 - Input state : 
  - Chain level:
	State 1
	State 2
	State 3


============================================================
+ Verbose Summary: Datapath Resource usage 
============================================================
N/A
