

================================================================
== Vitis HLS Report for 'canny_top'
================================================================
* Date:           Thu Jul 30 19:40:37 2026

* Version:        2025.2 (Build 6295257 on Nov 14 2025)
* Project:        canny_top
* Solution:       hls (Vitis Kernel Flow Target)
* Product family: zynquplus
* Target device:  xck26-sfvc784-2LV-c


================================================================
== Performance Estimates
================================================================
+ Timing: 
    * Summary: 
    +--------+---------+----------+------------+
    |  Clock |  Target | Estimated| Uncertainty|
    +--------+---------+----------+------------+
    |ap_clk  |  5.00 ns|  3.650 ns|     1.35 ns|
    +--------+---------+----------+------------+

+ Latency: 
    * Summary: 
    +---------+---------+----------+----------+---------+---------+---------+
    |  Latency (cycles) |  Latency (absolute) |      Interval     | Pipeline|
    |   min   |   max   |    min   |    max   |   min   |   max   |   Type  |
    +---------+---------+----------+----------+---------+---------+---------+
    |  1112296|  1120548|  5.561 ms|  5.603 ms|  1112297|  1120549|       no|
    +---------+---------+----------+----------+---------+---------+---------+

    + Detail: 
        * Instance: 
        +----------------------------------------------------------------+-----------------------------------------------------+---------+---------+-----------+-----------+---------+---------+-------------------+
        |                                                                |                                                     |  Latency (cycles) |   Latency (absolute)  |      Interval     |      Pipeline     |
        |                            Instance                            |                        Module                       |   min   |   max   |    min    |    max    |   min   |   max   |        Type       |
        +----------------------------------------------------------------+-----------------------------------------------------+---------+---------+-----------+-----------+---------+---------+-------------------+
        |grp_canny_top_Pipeline_VITIS_LOOP_47_1_VITIS_LOOP_48_2_fu_142   |canny_top_Pipeline_VITIS_LOOP_47_1_VITIS_LOOP_48_2   |     2562|     2562|  12.810 us|  12.810 us|        0|        0|  loop pipeline stp|
        |grp_canny_top_Pipeline_VITIS_LOOP_79_1_VITIS_LOOP_80_2_fu_156   |canny_top_Pipeline_VITIS_LOOP_79_1_VITIS_LOOP_80_2   |     1538|     1538|   7.690 us|   7.690 us|        0|        0|  loop pipeline stp|
        |grp_canny_top_Pipeline_VITIS_LOOP_32_1_VITIS_LOOP_33_2_fu_166   |canny_top_Pipeline_VITIS_LOOP_32_1_VITIS_LOOP_33_2   |     1538|     1538|   7.690 us|   7.690 us|        0|        0|  loop pipeline stp|
        |grp_canny_top_Pipeline_VITIS_LOOP_59_1_VITIS_LOOP_60_2_fu_182   |canny_top_Pipeline_VITIS_LOOP_59_1_VITIS_LOOP_60_2   |     1538|     1538|   7.690 us|   7.690 us|        0|        0|  loop pipeline stp|
        |grp_canny_top_Pipeline_VITIS_LOOP_59_1_VITIS_LOOP_60_21_fu_192  |canny_top_Pipeline_VITIS_LOOP_59_1_VITIS_LOOP_60_21  |     1538|     1538|   7.690 us|   7.690 us|        0|        0|  loop pipeline stp|
        |grp_canny_top_Pipeline_VITIS_LOOP_59_1_VITIS_LOOP_60_22_fu_202  |canny_top_Pipeline_VITIS_LOOP_59_1_VITIS_LOOP_60_22  |     1538|     1538|   7.690 us|   7.690 us|        0|        0|  loop pipeline stp|
        |grp_canny_top_Pipeline_VITIS_LOOP_59_1_VITIS_LOOP_60_23_fu_212  |canny_top_Pipeline_VITIS_LOOP_59_1_VITIS_LOOP_60_23  |     1538|     1538|   7.690 us|   7.690 us|        0|        0|  loop pipeline stp|
        |grp_dataflow_parent_loop_proc_fu_222                            |dataflow_parent_loop_proc                            |  1109731|  1117983|   5.549 ms|   5.590 ms|  1109731|  1117983|                 no|
        +----------------------------------------------------------------+-----------------------------------------------------+---------+---------+-----------+-----------+---------+---------+-------------------+

        * Loop: 
        N/A

============================================================
+ Verbose Summary: Synthesis Manager
============================================================
InlineROM: 1
ExposeGlobal: 0
============================================================
+ Verbose Summary: CDFG Model
============================================================
IsTopModel: 1
ResetActiveHigh: 1
IsCombinational: 0
IsDatapathOnly: 0
HasWiredReturn: 1
HasMFsm: 0
HasVarLatency: 1
IsPipeline: 0
IsRtlPipelined: 0
IsInstanceOverlapped: 0
IsDontTouch: 0
HasImplIP: 0
IsGatedGlobalClock: 0


============================================================
+ Verbose Summary: Schedule
============================================================
* Number of FSM states : 4
* Pipeline : 0
* Dataflow Pipeline: 0

* FSM state transitions: 
1 --> 2 
2 --> 3 
3 --> 4 
4 --> 

* FSM state operations: 

State 1 <SV = 0> <Delay = 0.00>
ST_1 : Operation 5 [2/2] (0.00ns)   --->   "%call_ln0 = call void @canny_top_Pipeline_VITIS_LOOP_47_1_VITIS_LOOP_48_2, i12 %p_anonymous_namespace_lineBuffer_39_0, i12 %p_anonymous_namespace_lineBuffer_39_1, i12 %p_anonymous_namespace_lineBuffer_39_2, i12 %p_anonymous_namespace_lineBuffer_39_3, i12 %p_anonymous_namespace_lineBuffer_39_4"   --->   Operation 5 'call' 'call_ln0' <Predicate = true> <Delay = 0.00> <CoreType = "Generic">   --->   Generic Core
ST_1 : Operation 6 [2/2] (0.00ns)   --->   "%call_ln0 = call void @canny_top_Pipeline_VITIS_LOOP_79_1_VITIS_LOOP_80_2, i8 %p_anonymous_namespace_lineBuffer_32_0, i8 %p_anonymous_namespace_lineBuffer_32_1, i8 %p_anonymous_namespace_lineBuffer_32_2"   --->   Operation 6 'call' 'call_ln0' <Predicate = true> <Delay = 0.00> <CoreType = "Generic">   --->   Generic Core
ST_1 : Operation 7 [2/2] (0.00ns)   --->   "%call_ln0 = call void @canny_top_Pipeline_VITIS_LOOP_32_1_VITIS_LOOP_33_2, i11 %p_anonymous_namespace_lineBuffer_magnitude_0, i2 %p_anonymous_namespace_lineBuffer_direction_0, i11 %p_anonymous_namespace_lineBuffer_magnitude_1, i2 %p_anonymous_namespace_lineBuffer_direction_1, i11 %p_anonymous_namespace_lineBuffer_magnitude_2, i2 %p_anonymous_namespace_lineBuffer_direction_2"   --->   Operation 7 'call' 'call_ln0' <Predicate = true> <Delay = 0.00> <CoreType = "Generic">   --->   Generic Core
ST_1 : Operation 8 [2/2] (0.00ns)   --->   "%call_ln0 = call void @canny_top_Pipeline_VITIS_LOOP_59_1_VITIS_LOOP_60_2, i8 %p_ZN12_GLOBAL_N_110lineBufferILi1EEE_0, i8 %p_ZN12_GLOBAL_N_110lineBufferILi1EEE_1, i8 %p_ZN12_GLOBAL_N_110lineBufferILi1EEE_2"   --->   Operation 8 'call' 'call_ln0' <Predicate = true> <Delay = 0.00> <CoreType = "Generic">   --->   Generic Core
ST_1 : Operation 9 [2/2] (0.00ns)   --->   "%call_ln0 = call void @canny_top_Pipeline_VITIS_LOOP_59_1_VITIS_LOOP_60_21, i8 %p_ZN12_GLOBAL_N_110lineBufferILi2EEE_0, i8 %p_ZN12_GLOBAL_N_110lineBufferILi2EEE_1, i8 %p_ZN12_GLOBAL_N_110lineBufferILi2EEE_2"   --->   Operation 9 'call' 'call_ln0' <Predicate = true> <Delay = 0.00> <CoreType = "Generic">   --->   Generic Core
ST_1 : Operation 10 [2/2] (0.00ns)   --->   "%call_ln0 = call void @canny_top_Pipeline_VITIS_LOOP_59_1_VITIS_LOOP_60_22, i8 %p_ZN12_GLOBAL_N_110lineBufferILi3EEE_0, i8 %p_ZN12_GLOBAL_N_110lineBufferILi3EEE_1, i8 %p_ZN12_GLOBAL_N_110lineBufferILi3EEE_2"   --->   Operation 10 'call' 'call_ln0' <Predicate = true> <Delay = 0.00> <CoreType = "Generic">   --->   Generic Core
ST_1 : Operation 11 [2/2] (0.00ns)   --->   "%call_ln0 = call void @canny_top_Pipeline_VITIS_LOOP_59_1_VITIS_LOOP_60_23, i8 %p_ZN12_GLOBAL_N_110lineBufferILi4EEE_0, i8 %p_ZN12_GLOBAL_N_110lineBufferILi4EEE_1, i8 %p_ZN12_GLOBAL_N_110lineBufferILi4EEE_2"   --->   Operation 11 'call' 'call_ln0' <Predicate = true> <Delay = 0.00> <CoreType = "Generic">   --->   Generic Core

State 2 <SV = 1> <Delay = 1.66>
ST_2 : Operation 12 [1/1] (0.00ns)   --->   "%store_ln45 = store i32 0, i32 %p_anonymous_namespace_rowsReceived_1" [../src/gaussian_blur.cpp:45->../src/canny_top.cpp:43->../src/canny_top.cpp:10]   --->   Operation 12 'store' 'store_ln45' <Predicate = true> <Delay = 0.00>
ST_2 : Operation 13 [1/2] (1.66ns)   --->   "%call_ln0 = call void @canny_top_Pipeline_VITIS_LOOP_47_1_VITIS_LOOP_48_2, i12 %p_anonymous_namespace_lineBuffer_39_0, i12 %p_anonymous_namespace_lineBuffer_39_1, i12 %p_anonymous_namespace_lineBuffer_39_2, i12 %p_anonymous_namespace_lineBuffer_39_3, i12 %p_anonymous_namespace_lineBuffer_39_4"   --->   Operation 13 'call' 'call_ln0' <Predicate = true> <Delay = 1.66> <CoreType = "Generic">   --->   Generic Core
ST_2 : Operation 14 [1/1] (0.00ns)   --->   "%store_ln77 = store i32 0, i32 %p_anonymous_namespace_rowsReceived_2" [../src/sobel.cpp:77->../src/canny_top.cpp:44->../src/canny_top.cpp:10]   --->   Operation 14 'store' 'store_ln77' <Predicate = true> <Delay = 0.00>
ST_2 : Operation 15 [1/2] (1.65ns)   --->   "%call_ln0 = call void @canny_top_Pipeline_VITIS_LOOP_79_1_VITIS_LOOP_80_2, i8 %p_anonymous_namespace_lineBuffer_32_0, i8 %p_anonymous_namespace_lineBuffer_32_1, i8 %p_anonymous_namespace_lineBuffer_32_2"   --->   Operation 15 'call' 'call_ln0' <Predicate = true> <Delay = 1.65> <CoreType = "Generic">   --->   Generic Core
ST_2 : Operation 16 [1/1] (0.00ns)   --->   "%store_ln30 = store i32 0, i32 %p_anonymous_namespace_rowsReceived" [../src/non_maximum_suppression.cpp:30->../src/canny_top.cpp:45->../src/canny_top.cpp:10]   --->   Operation 16 'store' 'store_ln30' <Predicate = true> <Delay = 0.00>
ST_2 : Operation 17 [1/2] (1.65ns)   --->   "%call_ln0 = call void @canny_top_Pipeline_VITIS_LOOP_32_1_VITIS_LOOP_33_2, i11 %p_anonymous_namespace_lineBuffer_magnitude_0, i2 %p_anonymous_namespace_lineBuffer_direction_0, i11 %p_anonymous_namespace_lineBuffer_magnitude_1, i2 %p_anonymous_namespace_lineBuffer_direction_1, i11 %p_anonymous_namespace_lineBuffer_magnitude_2, i2 %p_anonymous_namespace_lineBuffer_direction_2"   --->   Operation 17 'call' 'call_ln0' <Predicate = true> <Delay = 1.65> <CoreType = "Generic">   --->   Generic Core
ST_2 : Operation 18 [1/1] (0.00ns)   --->   "%store_ln57 = store i32 0, i32 %p_anonymous_namespace_rowsReceived_1_s" [../src/hysteresis.cpp:57->../src/canny_top.cpp:46->../src/canny_top.cpp:10]   --->   Operation 18 'store' 'store_ln57' <Predicate = true> <Delay = 0.00>
ST_2 : Operation 19 [1/2] (1.65ns)   --->   "%call_ln0 = call void @canny_top_Pipeline_VITIS_LOOP_59_1_VITIS_LOOP_60_2, i8 %p_ZN12_GLOBAL_N_110lineBufferILi1EEE_0, i8 %p_ZN12_GLOBAL_N_110lineBufferILi1EEE_1, i8 %p_ZN12_GLOBAL_N_110lineBufferILi1EEE_2"   --->   Operation 19 'call' 'call_ln0' <Predicate = true> <Delay = 1.65> <CoreType = "Generic">   --->   Generic Core
ST_2 : Operation 20 [1/1] (0.00ns)   --->   "%store_ln57 = store i32 0, i32 %p_anonymous_namespace_rowsReceived_2_s" [../src/hysteresis.cpp:57->../src/canny_top.cpp:47->../src/canny_top.cpp:10]   --->   Operation 20 'store' 'store_ln57' <Predicate = true> <Delay = 0.00>
ST_2 : Operation 21 [1/2] (1.65ns)   --->   "%call_ln0 = call void @canny_top_Pipeline_VITIS_LOOP_59_1_VITIS_LOOP_60_21, i8 %p_ZN12_GLOBAL_N_110lineBufferILi2EEE_0, i8 %p_ZN12_GLOBAL_N_110lineBufferILi2EEE_1, i8 %p_ZN12_GLOBAL_N_110lineBufferILi2EEE_2"   --->   Operation 21 'call' 'call_ln0' <Predicate = true> <Delay = 1.65> <CoreType = "Generic">   --->   Generic Core
ST_2 : Operation 22 [1/1] (0.00ns)   --->   "%store_ln57 = store i32 0, i32 %p_anonymous_namespace_rowsReceived_3_s" [../src/hysteresis.cpp:57->../src/canny_top.cpp:48->../src/canny_top.cpp:10]   --->   Operation 22 'store' 'store_ln57' <Predicate = true> <Delay = 0.00>
ST_2 : Operation 23 [1/2] (1.65ns)   --->   "%call_ln0 = call void @canny_top_Pipeline_VITIS_LOOP_59_1_VITIS_LOOP_60_22, i8 %p_ZN12_GLOBAL_N_110lineBufferILi3EEE_0, i8 %p_ZN12_GLOBAL_N_110lineBufferILi3EEE_1, i8 %p_ZN12_GLOBAL_N_110lineBufferILi3EEE_2"   --->   Operation 23 'call' 'call_ln0' <Predicate = true> <Delay = 1.65> <CoreType = "Generic">   --->   Generic Core
ST_2 : Operation 24 [1/1] (0.00ns)   --->   "%store_ln57 = store i32 0, i32 %p_anonymous_namespace_rowsReceived_4_s" [../src/hysteresis.cpp:57->../src/canny_top.cpp:49->../src/canny_top.cpp:10]   --->   Operation 24 'store' 'store_ln57' <Predicate = true> <Delay = 0.00>
ST_2 : Operation 25 [1/2] (1.65ns)   --->   "%call_ln0 = call void @canny_top_Pipeline_VITIS_LOOP_59_1_VITIS_LOOP_60_23, i8 %p_ZN12_GLOBAL_N_110lineBufferILi4EEE_0, i8 %p_ZN12_GLOBAL_N_110lineBufferILi4EEE_1, i8 %p_ZN12_GLOBAL_N_110lineBufferILi4EEE_2"   --->   Operation 25 'call' 'call_ln0' <Predicate = true> <Delay = 1.65> <CoreType = "Generic">   --->   Generic Core
ST_2 : Operation 26 [1/1] (0.00ns)   --->   "%store_ln6 = store i32 0, i32 %rowsReceived" [../src/output_row.cpp:6->../src/canny_top.cpp:50->../src/canny_top.cpp:10]   --->   Operation 26 'store' 'store_ln6' <Predicate = true> <Delay = 0.00>

State 3 <SV = 2> <Delay = 1.00>
ST_3 : Operation 27 [1/1] (1.00ns)   --->   "%out_r_read = read i64 @_ssdm_op_Read.s_axilite.i64, i64 %out_r" [../src/canny_top.cpp:9]   --->   Operation 27 'read' 'out_r_read' <Predicate = true> <Delay = 1.00> <CoreInst = "s_axilite">   --->   Core 120 's_axilite' <Latency = 0> <II = 1> <Delay = 1.00> <Adapter> <Opcode : 'read' 'write'>
ST_3 : Operation 28 [1/1] (1.00ns)   --->   "%in_r_read = read i64 @_ssdm_op_Read.s_axilite.i64, i64 %in_r" [../src/canny_top.cpp:9]   --->   Operation 28 'read' 'in_r_read' <Predicate = true> <Delay = 1.00> <CoreInst = "s_axilite">   --->   Core 120 's_axilite' <Latency = 0> <II = 1> <Delay = 1.00> <Adapter> <Opcode : 'read' 'write'>
ST_3 : Operation 29 [2/2] (0.00ns)   --->   "%call_ln9 = call void @dataflow_parent_loop_proc, i512 %gmem, i64 %in_r_read, i64 %out_r_read, i32 %p_anonymous_namespace_rowsReceived_1, i12 %p_anonymous_namespace_lineBuffer_39_0, i12 %p_anonymous_namespace_lineBuffer_39_1, i12 %p_anonymous_namespace_lineBuffer_39_2, i12 %p_anonymous_namespace_lineBuffer_39_3, i12 %p_anonymous_namespace_lineBuffer_39_4, i32 %p_anonymous_namespace_rowsReceived_2, i8 %p_anonymous_namespace_lineBuffer_32_0, i8 %p_anonymous_namespace_lineBuffer_32_1, i8 %p_anonymous_namespace_lineBuffer_32_2, i32 %p_anonymous_namespace_rowsReceived, i11 %p_anonymous_namespace_lineBuffer_magnitude_0, i2 %p_anonymous_namespace_lineBuffer_direction_0, i11 %p_anonymous_namespace_lineBuffer_magnitude_1, i2 %p_anonymous_namespace_lineBuffer_direction_1, i11 %p_anonymous_namespace_lineBuffer_magnitude_2, i2 %p_anonymous_namespace_lineBuffer_direction_2, i32 %p_anonymous_namespace_rowsReceived_1_s, i8 %p_ZN12_GLOBAL_N_110lineBufferILi1EEE_0, i8 %p_ZN12_GLOBAL_N_110lineBufferILi1EEE_1, i8 %p_ZN12_GLOBAL_N_110lineBufferILi1EEE_2, i32 %p_anonymous_namespace_rowsReceived_2_s, i8 %p_ZN12_GLOBAL_N_110lineBufferILi2EEE_0, i8 %p_ZN12_GLOBAL_N_110lineBufferILi2EEE_1, i8 %p_ZN12_GLOBAL_N_110lineBufferILi2EEE_2, i32 %p_anonymous_namespace_rowsReceived_3_s, i8 %p_ZN12_GLOBAL_N_110lineBufferILi3EEE_0, i8 %p_ZN12_GLOBAL_N_110lineBufferILi3EEE_1, i8 %p_ZN12_GLOBAL_N_110lineBufferILi3EEE_2, i32 %p_anonymous_namespace_rowsReceived_4_s, i8 %p_ZN12_GLOBAL_N_110lineBufferILi4EEE_0, i8 %p_ZN12_GLOBAL_N_110lineBufferILi4EEE_1, i8 %p_ZN12_GLOBAL_N_110lineBufferILi4EEE_2, i32 %rowsReceived" [../src/canny_top.cpp:9]   --->   Operation 29 'call' 'call_ln9' <Predicate = true> <Delay = 0.00> <CoreType = "Generic">   --->   Generic Core

State 4 <SV = 3> <Delay = 0.78>
ST_4 : Operation 30 [1/1] (0.00ns)   --->   "%spectopmodule_ln9 = spectopmodule void @_ssdm_op_SpecTopModule, void @empty_19" [../src/canny_top.cpp:9]   --->   Operation 30 'spectopmodule' 'spectopmodule_ln9' <Predicate = true> <Delay = 0.00>
ST_4 : Operation 31 [1/1] (0.00ns)   --->   "%specinterface_ln9 = specinterface void @_ssdm_op_SpecInterface, i32 0, void @empty_3, i32 0, i32 0, void @empty_14, i32 0, i32 0, void @empty_14, void @empty_14, void @empty_14, i32 0, i32 0, i32 0, i32 0, void @empty_14, void @empty_14, i32 4294967295, i32 0, i32 0, i32 0" [../src/canny_top.cpp:9]   --->   Operation 31 'specinterface' 'specinterface_ln9' <Predicate = true> <Delay = 0.00>
ST_4 : Operation 32 [1/1] (0.00ns)   --->   "%specinterface_ln0 = specinterface void @_ssdm_op_SpecInterface, i512 %gmem, void @empty_17, i32 0, i32 0, void @empty_14, i32 64, i32 0, void @empty_21, void @empty_13, void @empty_14, i32 16, i32 16, i32 16, i32 16, void @empty_14, void @empty_14, i32 4294967295, i32 0, i32 0, i32 64"   --->   Operation 32 'specinterface' 'specinterface_ln0' <Predicate = true> <Delay = 0.00>
ST_4 : Operation 33 [1/1] (0.00ns)   --->   "%specbitsmap_ln0 = specbitsmap void @_ssdm_op_SpecBitsMap, i512 %gmem"   --->   Operation 33 'specbitsmap' 'specbitsmap_ln0' <Predicate = true> <Delay = 0.00>
ST_4 : Operation 34 [1/1] (0.00ns)   --->   "%specinterface_ln0 = specinterface void @_ssdm_op_SpecInterface, i64 %in_r, void @empty_11, i32 0, i32 0, void @empty_14, i32 0, i32 0, void @empty_10, void @empty_9, void @empty_14, i32 0, i32 0, i32 0, i32 0, void @empty_14, void @empty_8, i32 4294967295, i32 0, i32 0, i32 0"   --->   Operation 34 'specinterface' 'specinterface_ln0' <Predicate = true> <Delay = 0.00>
ST_4 : Operation 35 [1/1] (0.00ns)   --->   "%specinterface_ln0 = specinterface void @_ssdm_op_SpecInterface, i64 %in_r, void @empty_7, i32 0, i32 0, void @empty_14, i32 0, i32 0, void @empty_14, void @empty_14, void @empty_14, i32 0, i32 0, i32 0, i32 0, void @empty_14, void @empty_8, i32 4294967295, i32 0, i32 0, i32 0"   --->   Operation 35 'specinterface' 'specinterface_ln0' <Predicate = true> <Delay = 0.00>
ST_4 : Operation 36 [1/1] (0.00ns)   --->   "%specinterface_ln0 = specinterface void @_ssdm_op_SpecInterface, i64 %out_r, void @empty_11, i32 0, i32 0, void @empty_14, i32 0, i32 0, void @empty_10, void @empty_6, void @empty_14, i32 0, i32 0, i32 0, i32 0, void @empty_14, void @empty_8, i32 4294967295, i32 0, i32 0, i32 0"   --->   Operation 36 'specinterface' 'specinterface_ln0' <Predicate = true> <Delay = 0.00>
ST_4 : Operation 37 [1/1] (0.00ns)   --->   "%specinterface_ln0 = specinterface void @_ssdm_op_SpecInterface, i64 %out_r, void @empty_7, i32 0, i32 0, void @empty_14, i32 0, i32 0, void @empty_14, void @empty_14, void @empty_14, i32 0, i32 0, i32 0, i32 0, void @empty_14, void @empty_8, i32 4294967295, i32 0, i32 0, i32 0"   --->   Operation 37 'specinterface' 'specinterface_ln0' <Predicate = true> <Delay = 0.00>
ST_4 : Operation 38 [1/1] (0.00ns)   --->   "%specinterface_ln0 = specinterface void @_ssdm_op_SpecInterface, i32 0, void @empty_11, i32 0, i32 0, void @empty_14, i32 0, i32 0, void @empty_10, void @empty_14, void @empty_14, i32 0, i32 0, i32 0, i32 0, void @empty_14, void @empty_14, i32 0, i32 0, i32 0, i32 0"   --->   Operation 38 'specinterface' 'specinterface_ln0' <Predicate = true> <Delay = 0.00>
ST_4 : Operation 39 [1/2] (0.78ns)   --->   "%call_ln9 = call void @dataflow_parent_loop_proc, i512 %gmem, i64 %in_r_read, i64 %out_r_read, i32 %p_anonymous_namespace_rowsReceived_1, i12 %p_anonymous_namespace_lineBuffer_39_0, i12 %p_anonymous_namespace_lineBuffer_39_1, i12 %p_anonymous_namespace_lineBuffer_39_2, i12 %p_anonymous_namespace_lineBuffer_39_3, i12 %p_anonymous_namespace_lineBuffer_39_4, i32 %p_anonymous_namespace_rowsReceived_2, i8 %p_anonymous_namespace_lineBuffer_32_0, i8 %p_anonymous_namespace_lineBuffer_32_1, i8 %p_anonymous_namespace_lineBuffer_32_2, i32 %p_anonymous_namespace_rowsReceived, i11 %p_anonymous_namespace_lineBuffer_magnitude_0, i2 %p_anonymous_namespace_lineBuffer_direction_0, i11 %p_anonymous_namespace_lineBuffer_magnitude_1, i2 %p_anonymous_namespace_lineBuffer_direction_1, i11 %p_anonymous_namespace_lineBuffer_magnitude_2, i2 %p_anonymous_namespace_lineBuffer_direction_2, i32 %p_anonymous_namespace_rowsReceived_1_s, i8 %p_ZN12_GLOBAL_N_110lineBufferILi1EEE_0, i8 %p_ZN12_GLOBAL_N_110lineBufferILi1EEE_1, i8 %p_ZN12_GLOBAL_N_110lineBufferILi1EEE_2, i32 %p_anonymous_namespace_rowsReceived_2_s, i8 %p_ZN12_GLOBAL_N_110lineBufferILi2EEE_0, i8 %p_ZN12_GLOBAL_N_110lineBufferILi2EEE_1, i8 %p_ZN12_GLOBAL_N_110lineBufferILi2EEE_2, i32 %p_anonymous_namespace_rowsReceived_3_s, i8 %p_ZN12_GLOBAL_N_110lineBufferILi3EEE_0, i8 %p_ZN12_GLOBAL_N_110lineBufferILi3EEE_1, i8 %p_ZN12_GLOBAL_N_110lineBufferILi3EEE_2, i32 %p_anonymous_namespace_rowsReceived_4_s, i8 %p_ZN12_GLOBAL_N_110lineBufferILi4EEE_0, i8 %p_ZN12_GLOBAL_N_110lineBufferILi4EEE_1, i8 %p_ZN12_GLOBAL_N_110lineBufferILi4EEE_2, i32 %rowsReceived" [../src/canny_top.cpp:9]   --->   Operation 39 'call' 'call_ln9' <Predicate = true> <Delay = 0.78> <CoreType = "Generic">   --->   Generic Core
ST_4 : Operation 40 [1/1] (0.00ns)   --->   "%ret_ln40 = ret" [../src/canny_top.cpp:40]   --->   Operation 40 'ret' 'ret_ln40' <Predicate = true> <Delay = 0.00>


============================================================
+ Verbose Summary: Binding
============================================================
STG Binding: 
---------------- STG Properties BEGIN ----------------
- Is combinational: 0
- Is one-state seq: 0
- Is datapath-only: 0
- Is pipelined: 0
- Is top level: 1
Port [ Return ] is wired: 1; IO mode=ap_ctrl_chain:ce=0
Port [ gmem]:  wired=1; compound=1; hidden=0; nouse=0; global=0; static=0; extern=0; dir=2; type=4; pingpong=0; private_global=0; IO mode=m_axi:ce=0
Port [ in_r]:  wired=1; compound=0; hidden=0; nouse=0; global=0; static=0; extern=0; dir=0; type=0; pingpong=0; private_global=0; IO mode=ap_none:ce=0
Port [ out_r]:  wired=1; compound=0; hidden=0; nouse=0; global=0; static=0; extern=0; dir=0; type=0; pingpong=0; private_global=0; IO mode=ap_none:ce=0
Port [ p_anonymous_namespace_rowsReceived_1]:  wired=0; compound=0; hidden=1; nouse=0; global=1; static=1; extern=0; dir=2; type=0; pingpong=0; private_global=1; IO mode=ap_ovld:ce=0
Port [ p_anonymous_namespace_lineBuffer_39_0]:  wired=0; compound=1; hidden=1; nouse=0; global=1; static=1; extern=0; dir=2; type=1; pingpong=0; private_global=1; MemPort=[23]; IO mode=ap_memory:ce=0
Port [ p_anonymous_namespace_lineBuffer_39_1]:  wired=0; compound=1; hidden=1; nouse=0; global=1; static=1; extern=0; dir=2; type=1; pingpong=0; private_global=1; MemPort=[23]; IO mode=ap_memory:ce=0
Port [ p_anonymous_namespace_lineBuffer_39_2]:  wired=0; compound=1; hidden=1; nouse=0; global=1; static=1; extern=0; dir=2; type=1; pingpong=0; private_global=1; MemPort=[23]; IO mode=ap_memory:ce=0
Port [ p_anonymous_namespace_lineBuffer_39_3]:  wired=0; compound=1; hidden=1; nouse=0; global=1; static=1; extern=0; dir=2; type=1; pingpong=0; private_global=1; MemPort=[23]; IO mode=ap_memory:ce=0
Port [ p_anonymous_namespace_lineBuffer_39_4]:  wired=0; compound=1; hidden=1; nouse=0; global=1; static=1; extern=0; dir=2; type=1; pingpong=0; private_global=1; MemPort=[23]; IO mode=ap_memory:ce=0
Port [ p_anonymous_namespace_rowsReceived_2]:  wired=0; compound=0; hidden=1; nouse=0; global=1; static=1; extern=0; dir=2; type=0; pingpong=0; private_global=1; IO mode=ap_ovld:ce=0
Port [ p_anonymous_namespace_lineBuffer_32_0]:  wired=0; compound=1; hidden=1; nouse=0; global=1; static=1; extern=0; dir=2; type=1; pingpong=0; private_global=1; MemPort=[21]; IO mode=ap_memory:ce=0
Port [ p_anonymous_namespace_lineBuffer_32_1]:  wired=0; compound=1; hidden=1; nouse=0; global=1; static=1; extern=0; dir=2; type=1; pingpong=0; private_global=1; MemPort=[21]; IO mode=ap_memory:ce=0
Port [ p_anonymous_namespace_lineBuffer_32_2]:  wired=0; compound=1; hidden=1; nouse=0; global=1; static=1; extern=0; dir=2; type=1; pingpong=0; private_global=1; MemPort=[21]; IO mode=ap_memory:ce=0
Port [ p_anonymous_namespace_rowsReceived]:  wired=0; compound=0; hidden=1; nouse=0; global=1; static=1; extern=0; dir=2; type=0; pingpong=0; private_global=1; IO mode=ap_ovld:ce=0
Port [ p_anonymous_namespace_lineBuffer_magnitude_0]:  wired=0; compound=1; hidden=1; nouse=0; global=1; static=1; extern=0; dir=2; type=1; pingpong=0; private_global=1; MemPort=[21]; IO mode=ap_memory:ce=0
Port [ p_anonymous_namespace_lineBuffer_direction_0]:  wired=0; compound=1; hidden=1; nouse=0; global=1; static=1; extern=0; dir=2; type=1; pingpong=0; private_global=1; MemPort=[21]; IO mode=ap_memory:ce=0
Port [ p_anonymous_namespace_lineBuffer_magnitude_1]:  wired=0; compound=1; hidden=1; nouse=0; global=1; static=1; extern=0; dir=2; type=1; pingpong=0; private_global=1; MemPort=[21]; IO mode=ap_memory:ce=0
Port [ p_anonymous_namespace_lineBuffer_direction_1]:  wired=0; compound=1; hidden=1; nouse=0; global=1; static=1; extern=0; dir=2; type=1; pingpong=0; private_global=1; MemPort=[21]; IO mode=ap_memory:ce=0
Port [ p_anonymous_namespace_lineBuffer_magnitude_2]:  wired=0; compound=1; hidden=1; nouse=0; global=1; static=1; extern=0; dir=2; type=1; pingpong=0; private_global=1; MemPort=[21]; IO mode=ap_memory:ce=0
Port [ p_anonymous_namespace_lineBuffer_direction_2]:  wired=0; compound=1; hidden=1; nouse=0; global=1; static=1; extern=0; dir=2; type=1; pingpong=0; private_global=1; MemPort=[21]; IO mode=ap_memory:ce=0
Port [ p_anonymous_namespace_rowsReceived_1_s]:  wired=0; compound=0; hidden=1; nouse=0; global=1; static=1; extern=0; dir=2; type=0; pingpong=0; private_global=1; IO mode=ap_ovld:ce=0
Port [ p_ZN12_GLOBAL_N_110lineBufferILi1EEE_0]:  wired=0; compound=1; hidden=1; nouse=0; global=1; static=1; extern=0; dir=2; type=1; pingpong=0; private_global=1; MemPort=[21]; IO mode=ap_memory:ce=0
Port [ p_ZN12_GLOBAL_N_110lineBufferILi1EEE_1]:  wired=0; compound=1; hidden=1; nouse=0; global=1; static=1; extern=0; dir=2; type=1; pingpong=0; private_global=1; MemPort=[21]; IO mode=ap_memory:ce=0
Port [ p_ZN12_GLOBAL_N_110lineBufferILi1EEE_2]:  wired=0; compound=1; hidden=1; nouse=0; global=1; static=1; extern=0; dir=2; type=1; pingpong=0; private_global=1; MemPort=[21]; IO mode=ap_memory:ce=0
Port [ p_anonymous_namespace_rowsReceived_2_s]:  wired=0; compound=0; hidden=1; nouse=0; global=1; static=1; extern=0; dir=2; type=0; pingpong=0; private_global=1; IO mode=ap_ovld:ce=0
Port [ p_ZN12_GLOBAL_N_110lineBufferILi2EEE_0]:  wired=0; compound=1; hidden=1; nouse=0; global=1; static=1; extern=0; dir=2; type=1; pingpong=0; private_global=1; MemPort=[21]; IO mode=ap_memory:ce=0
Port [ p_ZN12_GLOBAL_N_110lineBufferILi2EEE_1]:  wired=0; compound=1; hidden=1; nouse=0; global=1; static=1; extern=0; dir=2; type=1; pingpong=0; private_global=1; MemPort=[21]; IO mode=ap_memory:ce=0
Port [ p_ZN12_GLOBAL_N_110lineBufferILi2EEE_2]:  wired=0; compound=1; hidden=1; nouse=0; global=1; static=1; extern=0; dir=2; type=1; pingpong=0; private_global=1; MemPort=[21]; IO mode=ap_memory:ce=0
Port [ p_anonymous_namespace_rowsReceived_3_s]:  wired=0; compound=0; hidden=1; nouse=0; global=1; static=1; extern=0; dir=2; type=0; pingpong=0; private_global=1; IO mode=ap_ovld:ce=0
Port [ p_ZN12_GLOBAL_N_110lineBufferILi3EEE_0]:  wired=0; compound=1; hidden=1; nouse=0; global=1; static=1; extern=0; dir=2; type=1; pingpong=0; private_global=1; MemPort=[21]; IO mode=ap_memory:ce=0
Port [ p_ZN12_GLOBAL_N_110lineBufferILi3EEE_1]:  wired=0; compound=1; hidden=1; nouse=0; global=1; static=1; extern=0; dir=2; type=1; pingpong=0; private_global=1; MemPort=[21]; IO mode=ap_memory:ce=0
Port [ p_ZN12_GLOBAL_N_110lineBufferILi3EEE_2]:  wired=0; compound=1; hidden=1; nouse=0; global=1; static=1; extern=0; dir=2; type=1; pingpong=0; private_global=1; MemPort=[21]; IO mode=ap_memory:ce=0
Port [ p_anonymous_namespace_rowsReceived_4_s]:  wired=0; compound=0; hidden=1; nouse=0; global=1; static=1; extern=0; dir=2; type=0; pingpong=0; private_global=1; IO mode=ap_ovld:ce=0
Port [ p_ZN12_GLOBAL_N_110lineBufferILi4EEE_0]:  wired=0; compound=1; hidden=1; nouse=0; global=1; static=1; extern=0; dir=2; type=1; pingpong=0; private_global=1; MemPort=[21]; IO mode=ap_memory:ce=0
Port [ p_ZN12_GLOBAL_N_110lineBufferILi4EEE_1]:  wired=0; compound=1; hidden=1; nouse=0; global=1; static=1; extern=0; dir=2; type=1; pingpong=0; private_global=1; MemPort=[21]; IO mode=ap_memory:ce=0
Port [ p_ZN12_GLOBAL_N_110lineBufferILi4EEE_2]:  wired=0; compound=1; hidden=1; nouse=0; global=1; static=1; extern=0; dir=2; type=1; pingpong=0; private_global=1; MemPort=[21]; IO mode=ap_memory:ce=0
Port [ rowsReceived]:  wired=0; compound=0; hidden=1; nouse=0; global=1; static=1; extern=0; dir=2; type=0; pingpong=0; private_global=1; IO mode=ap_ovld:ce=0
---------------- STG Properties END ------------------

---------------- Datapath Model BEGIN ----------------

<LifeTime>
<method=bitvector/>
store_ln45        (store        ) [ 00000]
call_ln0          (call         ) [ 00000]
store_ln77        (store        ) [ 00000]
call_ln0          (call         ) [ 00000]
store_ln30        (store        ) [ 00000]
call_ln0          (call         ) [ 00000]
store_ln57        (store        ) [ 00000]
call_ln0          (call         ) [ 00000]
store_ln57        (store        ) [ 00000]
call_ln0          (call         ) [ 00000]
store_ln57        (store        ) [ 00000]
call_ln0          (call         ) [ 00000]
store_ln57        (store        ) [ 00000]
call_ln0          (call         ) [ 00000]
store_ln6         (store        ) [ 00000]
out_r_read        (read         ) [ 00001]
in_r_read         (read         ) [ 00001]
spectopmodule_ln9 (spectopmodule) [ 00000]
specinterface_ln9 (specinterface) [ 00000]
specinterface_ln0 (specinterface) [ 00000]
specbitsmap_ln0   (specbitsmap  ) [ 00000]
specinterface_ln0 (specinterface) [ 00000]
specinterface_ln0 (specinterface) [ 00000]
specinterface_ln0 (specinterface) [ 00000]
specinterface_ln0 (specinterface) [ 00000]
specinterface_ln0 (specinterface) [ 00000]
call_ln9          (call         ) [ 00000]
ret_ln40          (ret          ) [ 00000]
</LifeTime>

<model>

<comp_list>
<comp id="0" class="1000" name="gmem">
<pin_list>
<pin id="1" dir="1" index="0" bw="1" slack="0"/>
</pin_list>
<bind>
<StgValue><ssdm name="gmem"/><MemPortTyVec>2 </MemPortTyVec>
</StgValue>
</bind>
</comp>

<comp id="2" class="1000" name="in_r">
<pin_list>
<pin id="3" dir="1" index="0" bw="1" slack="0"/>
</pin_list>
<bind>
<StgValue><ssdm name="in_r"/></StgValue>
</bind>
</comp>

<comp id="4" class="1000" name="out_r">
<pin_list>
<pin id="5" dir="1" index="0" bw="1" slack="0"/>
</pin_list>
<bind>
<StgValue><ssdm name="out_r"/></StgValue>
</bind>
</comp>

<comp id="6" class="1000" name="p_anonymous_namespace_rowsReceived_1">
<pin_list>
<pin id="7" dir="1" index="0" bw="1" slack="0"/>
</pin_list>
<bind>
<StgValue><ssdm name="p_anonymous_namespace_rowsReceived_1"/></StgValue>
</bind>
</comp>

<comp id="8" class="1000" name="p_anonymous_namespace_lineBuffer_39_0">
<pin_list>
<pin id="9" dir="1" index="0" bw="1" slack="0"/>
</pin_list>
<bind>
<StgValue><ssdm name="p_anonymous_namespace_lineBuffer_39_0"/><MemPortTyVec>2 3 </MemPortTyVec>
</StgValue>
</bind>
</comp>

<comp id="10" class="1000" name="p_anonymous_namespace_lineBuffer_39_1">
<pin_list>
<pin id="11" dir="1" index="0" bw="1" slack="0"/>
</pin_list>
<bind>
<StgValue><ssdm name="p_anonymous_namespace_lineBuffer_39_1"/><MemPortTyVec>2 3 </MemPortTyVec>
</StgValue>
</bind>
</comp>

<comp id="12" class="1000" name="p_anonymous_namespace_lineBuffer_39_2">
<pin_list>
<pin id="13" dir="1" index="0" bw="1" slack="0"/>
</pin_list>
<bind>
<StgValue><ssdm name="p_anonymous_namespace_lineBuffer_39_2"/><MemPortTyVec>2 3 </MemPortTyVec>
</StgValue>
</bind>
</comp>

<comp id="14" class="1000" name="p_anonymous_namespace_lineBuffer_39_3">
<pin_list>
<pin id="15" dir="1" index="0" bw="1" slack="0"/>
</pin_list>
<bind>
<StgValue><ssdm name="p_anonymous_namespace_lineBuffer_39_3"/><MemPortTyVec>2 3 </MemPortTyVec>
</StgValue>
</bind>
</comp>

<comp id="16" class="1000" name="p_anonymous_namespace_lineBuffer_39_4">
<pin_list>
<pin id="17" dir="1" index="0" bw="1" slack="0"/>
</pin_list>
<bind>
<StgValue><ssdm name="p_anonymous_namespace_lineBuffer_39_4"/><MemPortTyVec>2 3 </MemPortTyVec>
</StgValue>
</bind>
</comp>

<comp id="18" class="1000" name="p_anonymous_namespace_rowsReceived_2">
<pin_list>
<pin id="19" dir="1" index="0" bw="1" slack="0"/>
</pin_list>
<bind>
<StgValue><ssdm name="p_anonymous_namespace_rowsReceived_2"/></StgValue>
</bind>
</comp>

<comp id="20" class="1000" name="p_anonymous_namespace_lineBuffer_32_0">
<pin_list>
<pin id="21" dir="1" index="0" bw="1" slack="0"/>
</pin_list>
<bind>
<StgValue><ssdm name="p_anonymous_namespace_lineBuffer_32_0"/><MemPortTyVec>2 1 </MemPortTyVec>
</StgValue>
</bind>
</comp>

<comp id="22" class="1000" name="p_anonymous_namespace_lineBuffer_32_1">
<pin_list>
<pin id="23" dir="1" index="0" bw="1" slack="0"/>
</pin_list>
<bind>
<StgValue><ssdm name="p_anonymous_namespace_lineBuffer_32_1"/><MemPortTyVec>2 1 </MemPortTyVec>
</StgValue>
</bind>
</comp>

<comp id="24" class="1000" name="p_anonymous_namespace_lineBuffer_32_2">
<pin_list>
<pin id="25" dir="1" index="0" bw="1" slack="0"/>
</pin_list>
<bind>
<StgValue><ssdm name="p_anonymous_namespace_lineBuffer_32_2"/><MemPortTyVec>2 1 </MemPortTyVec>
</StgValue>
</bind>
</comp>

<comp id="26" class="1000" name="p_anonymous_namespace_rowsReceived">
<pin_list>
<pin id="27" dir="1" index="0" bw="1" slack="0"/>
</pin_list>
<bind>
<StgValue><ssdm name="p_anonymous_namespace_rowsReceived"/></StgValue>
</bind>
</comp>

<comp id="28" class="1000" name="p_anonymous_namespace_lineBuffer_magnitude_0">
<pin_list>
<pin id="29" dir="1" index="0" bw="1" slack="0"/>
</pin_list>
<bind>
<StgValue><ssdm name="p_anonymous_namespace_lineBuffer_magnitude_0"/><MemPortTyVec>2 1 </MemPortTyVec>
</StgValue>
</bind>
</comp>

<comp id="30" class="1000" name="p_anonymous_namespace_lineBuffer_direction_0">
<pin_list>
<pin id="31" dir="1" index="0" bw="1" slack="0"/>
</pin_list>
<bind>
<StgValue><ssdm name="p_anonymous_namespace_lineBuffer_direction_0"/><MemPortTyVec>2 1 </MemPortTyVec>
</StgValue>
</bind>
</comp>

<comp id="32" class="1000" name="p_anonymous_namespace_lineBuffer_magnitude_1">
<pin_list>
<pin id="33" dir="1" index="0" bw="1" slack="0"/>
</pin_list>
<bind>
<StgValue><ssdm name="p_anonymous_namespace_lineBuffer_magnitude_1"/><MemPortTyVec>2 1 </MemPortTyVec>
</StgValue>
</bind>
</comp>

<comp id="34" class="1000" name="p_anonymous_namespace_lineBuffer_direction_1">
<pin_list>
<pin id="35" dir="1" index="0" bw="1" slack="0"/>
</pin_list>
<bind>
<StgValue><ssdm name="p_anonymous_namespace_lineBuffer_direction_1"/><MemPortTyVec>2 1 </MemPortTyVec>
</StgValue>
</bind>
</comp>

<comp id="36" class="1000" name="p_anonymous_namespace_lineBuffer_magnitude_2">
<pin_list>
<pin id="37" dir="1" index="0" bw="1" slack="0"/>
</pin_list>
<bind>
<StgValue><ssdm name="p_anonymous_namespace_lineBuffer_magnitude_2"/><MemPortTyVec>2 1 </MemPortTyVec>
</StgValue>
</bind>
</comp>

<comp id="38" class="1000" name="p_anonymous_namespace_lineBuffer_direction_2">
<pin_list>
<pin id="39" dir="1" index="0" bw="1" slack="0"/>
</pin_list>
<bind>
<StgValue><ssdm name="p_anonymous_namespace_lineBuffer_direction_2"/><MemPortTyVec>2 1 </MemPortTyVec>
</StgValue>
</bind>
</comp>

<comp id="40" class="1000" name="p_anonymous_namespace_rowsReceived_1_s">
<pin_list>
<pin id="41" dir="1" index="0" bw="1" slack="0"/>
</pin_list>
<bind>
<StgValue><ssdm name="p_anonymous_namespace_rowsReceived_1_s"/></StgValue>
</bind>
</comp>

<comp id="42" class="1000" name="p_ZN12_GLOBAL_N_110lineBufferILi1EEE_0">
<pin_list>
<pin id="43" dir="1" index="0" bw="1" slack="0"/>
</pin_list>
<bind>
<StgValue><ssdm name="p_ZN12_GLOBAL_N_110lineBufferILi1EEE_0"/><MemPortTyVec>2 1 </MemPortTyVec>
</StgValue>
</bind>
</comp>

<comp id="44" class="1000" name="p_ZN12_GLOBAL_N_110lineBufferILi1EEE_1">
<pin_list>
<pin id="45" dir="1" index="0" bw="1" slack="0"/>
</pin_list>
<bind>
<StgValue><ssdm name="p_ZN12_GLOBAL_N_110lineBufferILi1EEE_1"/><MemPortTyVec>2 1 </MemPortTyVec>
</StgValue>
</bind>
</comp>

<comp id="46" class="1000" name="p_ZN12_GLOBAL_N_110lineBufferILi1EEE_2">
<pin_list>
<pin id="47" dir="1" index="0" bw="1" slack="0"/>
</pin_list>
<bind>
<StgValue><ssdm name="p_ZN12_GLOBAL_N_110lineBufferILi1EEE_2"/><MemPortTyVec>2 1 </MemPortTyVec>
</StgValue>
</bind>
</comp>

<comp id="48" class="1000" name="p_anonymous_namespace_rowsReceived_2_s">
<pin_list>
<pin id="49" dir="1" index="0" bw="1" slack="0"/>
</pin_list>
<bind>
<StgValue><ssdm name="p_anonymous_namespace_rowsReceived_2_s"/></StgValue>
</bind>
</comp>

<comp id="50" class="1000" name="p_ZN12_GLOBAL_N_110lineBufferILi2EEE_0">
<pin_list>
<pin id="51" dir="1" index="0" bw="1" slack="0"/>
</pin_list>
<bind>
<StgValue><ssdm name="p_ZN12_GLOBAL_N_110lineBufferILi2EEE_0"/><MemPortTyVec>2 1 </MemPortTyVec>
</StgValue>
</bind>
</comp>

<comp id="52" class="1000" name="p_ZN12_GLOBAL_N_110lineBufferILi2EEE_1">
<pin_list>
<pin id="53" dir="1" index="0" bw="1" slack="0"/>
</pin_list>
<bind>
<StgValue><ssdm name="p_ZN12_GLOBAL_N_110lineBufferILi2EEE_1"/><MemPortTyVec>2 1 </MemPortTyVec>
</StgValue>
</bind>
</comp>

<comp id="54" class="1000" name="p_ZN12_GLOBAL_N_110lineBufferILi2EEE_2">
<pin_list>
<pin id="55" dir="1" index="0" bw="1" slack="0"/>
</pin_list>
<bind>
<StgValue><ssdm name="p_ZN12_GLOBAL_N_110lineBufferILi2EEE_2"/><MemPortTyVec>2 1 </MemPortTyVec>
</StgValue>
</bind>
</comp>

<comp id="56" class="1000" name="p_anonymous_namespace_rowsReceived_3_s">
<pin_list>
<pin id="57" dir="1" index="0" bw="1" slack="0"/>
</pin_list>
<bind>
<StgValue><ssdm name="p_anonymous_namespace_rowsReceived_3_s"/></StgValue>
</bind>
</comp>

<comp id="58" class="1000" name="p_ZN12_GLOBAL_N_110lineBufferILi3EEE_0">
<pin_list>
<pin id="59" dir="1" index="0" bw="1" slack="0"/>
</pin_list>
<bind>
<StgValue><ssdm name="p_ZN12_GLOBAL_N_110lineBufferILi3EEE_0"/><MemPortTyVec>2 1 </MemPortTyVec>
</StgValue>
</bind>
</comp>

<comp id="60" class="1000" name="p_ZN12_GLOBAL_N_110lineBufferILi3EEE_1">
<pin_list>
<pin id="61" dir="1" index="0" bw="1" slack="0"/>
</pin_list>
<bind>
<StgValue><ssdm name="p_ZN12_GLOBAL_N_110lineBufferILi3EEE_1"/><MemPortTyVec>2 1 </MemPortTyVec>
</StgValue>
</bind>
</comp>

<comp id="62" class="1000" name="p_ZN12_GLOBAL_N_110lineBufferILi3EEE_2">
<pin_list>
<pin id="63" dir="1" index="0" bw="1" slack="0"/>
</pin_list>
<bind>
<StgValue><ssdm name="p_ZN12_GLOBAL_N_110lineBufferILi3EEE_2"/><MemPortTyVec>2 1 </MemPortTyVec>
</StgValue>
</bind>
</comp>

<comp id="64" class="1000" name="p_anonymous_namespace_rowsReceived_4_s">
<pin_list>
<pin id="65" dir="1" index="0" bw="1" slack="0"/>
</pin_list>
<bind>
<StgValue><ssdm name="p_anonymous_namespace_rowsReceived_4_s"/></StgValue>
</bind>
</comp>

<comp id="66" class="1000" name="p_ZN12_GLOBAL_N_110lineBufferILi4EEE_0">
<pin_list>
<pin id="67" dir="1" index="0" bw="1" slack="0"/>
</pin_list>
<bind>
<StgValue><ssdm name="p_ZN12_GLOBAL_N_110lineBufferILi4EEE_0"/><MemPortTyVec>2 1 </MemPortTyVec>
</StgValue>
</bind>
</comp>

<comp id="68" class="1000" name="p_ZN12_GLOBAL_N_110lineBufferILi4EEE_1">
<pin_list>
<pin id="69" dir="1" index="0" bw="1" slack="0"/>
</pin_list>
<bind>
<StgValue><ssdm name="p_ZN12_GLOBAL_N_110lineBufferILi4EEE_1"/><MemPortTyVec>2 1 </MemPortTyVec>
</StgValue>
</bind>
</comp>

<comp id="70" class="1000" name="p_ZN12_GLOBAL_N_110lineBufferILi4EEE_2">
<pin_list>
<pin id="71" dir="1" index="0" bw="1" slack="0"/>
</pin_list>
<bind>
<StgValue><ssdm name="p_ZN12_GLOBAL_N_110lineBufferILi4EEE_2"/><MemPortTyVec>2 1 </MemPortTyVec>
</StgValue>
</bind>
</comp>

<comp id="72" class="1000" name="rowsReceived">
<pin_list>
<pin id="73" dir="1" index="0" bw="1" slack="0"/>
</pin_list>
<bind>
<StgValue><ssdm name="rowsReceived"/></StgValue>
</bind>
</comp>

<comp id="74" class="1001" name="const_74">
<pin_list>
<pin id="75" dir="1" index="0" bw="1" slack="0"/>
</pin_list>
<bind>
<StgValue><ssdm name="canny_top_Pipeline_VITIS_LOOP_47_1_VITIS_LOOP_48_2"/></StgValue>
</bind>
</comp>

<comp id="76" class="1001" name="const_76">
<pin_list>
<pin id="77" dir="1" index="0" bw="1" slack="0"/>
</pin_list>
<bind>
<StgValue><ssdm name="canny_top_Pipeline_VITIS_LOOP_79_1_VITIS_LOOP_80_2"/></StgValue>
</bind>
</comp>

<comp id="78" class="1001" name="const_78">
<pin_list>
<pin id="79" dir="1" index="0" bw="1" slack="0"/>
</pin_list>
<bind>
<StgValue><ssdm name="canny_top_Pipeline_VITIS_LOOP_32_1_VITIS_LOOP_33_2"/></StgValue>
</bind>
</comp>

<comp id="80" class="1001" name="const_80">
<pin_list>
<pin id="81" dir="1" index="0" bw="1" slack="0"/>
</pin_list>
<bind>
<StgValue><ssdm name="canny_top_Pipeline_VITIS_LOOP_59_1_VITIS_LOOP_60_2"/></StgValue>
</bind>
</comp>

<comp id="82" class="1001" name="const_82">
<pin_list>
<pin id="83" dir="1" index="0" bw="1" slack="0"/>
</pin_list>
<bind>
<StgValue><ssdm name="canny_top_Pipeline_VITIS_LOOP_59_1_VITIS_LOOP_60_21"/></StgValue>
</bind>
</comp>

<comp id="84" class="1001" name="const_84">
<pin_list>
<pin id="85" dir="1" index="0" bw="1" slack="0"/>
</pin_list>
<bind>
<StgValue><ssdm name="canny_top_Pipeline_VITIS_LOOP_59_1_VITIS_LOOP_60_22"/></StgValue>
</bind>
</comp>

<comp id="86" class="1001" name="const_86">
<pin_list>
<pin id="87" dir="1" index="0" bw="1" slack="0"/>
</pin_list>
<bind>
<StgValue><ssdm name="canny_top_Pipeline_VITIS_LOOP_59_1_VITIS_LOOP_60_23"/></StgValue>
</bind>
</comp>

<comp id="88" class="1001" name="const_88">
<pin_list>
<pin id="89" dir="1" index="0" bw="1" slack="0"/>
</pin_list>
<bind>
<StgValue><ssdm name=""/></StgValue>
</bind>
</comp>

<comp id="90" class="1001" name="const_90">
<pin_list>
<pin id="91" dir="1" index="0" bw="1" slack="0"/>
</pin_list>
<bind>
<StgValue><ssdm name="_ssdm_op_Read.s_axilite.i64"/></StgValue>
</bind>
</comp>

<comp id="92" class="1001" name="const_92">
<pin_list>
<pin id="93" dir="1" index="0" bw="1" slack="0"/>
</pin_list>
<bind>
<StgValue><ssdm name="dataflow_parent_loop_proc"/></StgValue>
</bind>
</comp>

<comp id="94" class="1001" name="const_94">
<pin_list>
<pin id="95" dir="1" index="0" bw="1" slack="2147483647"/>
</pin_list>
<bind>
<StgValue><ssdm name="_ssdm_op_SpecTopModule"/></StgValue>
</bind>
</comp>

<comp id="96" class="1001" name="const_96">
<pin_list>
<pin id="97" dir="1" index="0" bw="1" slack="2147483647"/>
</pin_list>
<bind>
<StgValue><ssdm name="empty_19"/></StgValue>
</bind>
</comp>

<comp id="98" class="1001" name="const_98">
<pin_list>
<pin id="99" dir="1" index="0" bw="1" slack="2147483647"/>
</pin_list>
<bind>
<StgValue><ssdm name="_ssdm_op_SpecInterface"/></StgValue>
</bind>
</comp>

<comp id="100" class="1001" name="const_100">
<pin_list>
<pin id="101" dir="1" index="0" bw="1" slack="2147483647"/>
</pin_list>
<bind>
<StgValue><ssdm name="empty_3"/></StgValue>
</bind>
</comp>

<comp id="102" class="1001" name="const_102">
<pin_list>
<pin id="103" dir="1" index="0" bw="1" slack="2147483647"/>
</pin_list>
<bind>
<StgValue><ssdm name="empty_14"/></StgValue>
</bind>
</comp>

<comp id="104" class="1001" name="const_104">
<pin_list>
<pin id="105" dir="1" index="0" bw="1" slack="2147483647"/>
</pin_list>
<bind>
<StgValue><ssdm name=""/></StgValue>
</bind>
</comp>

<comp id="106" class="1001" name="const_106">
<pin_list>
<pin id="107" dir="1" index="0" bw="1" slack="2147483647"/>
</pin_list>
<bind>
<StgValue><ssdm name="empty_17"/></StgValue>
</bind>
</comp>

<comp id="108" class="1001" name="const_108">
<pin_list>
<pin id="109" dir="1" index="0" bw="1" slack="2147483647"/>
</pin_list>
<bind>
<StgValue><ssdm name=""/></StgValue>
</bind>
</comp>

<comp id="110" class="1001" name="const_110">
<pin_list>
<pin id="111" dir="1" index="0" bw="1" slack="2147483647"/>
</pin_list>
<bind>
<StgValue><ssdm name="empty_21"/></StgValue>
</bind>
</comp>

<comp id="112" class="1001" name="const_112">
<pin_list>
<pin id="113" dir="1" index="0" bw="1" slack="2147483647"/>
</pin_list>
<bind>
<StgValue><ssdm name="empty_13"/></StgValue>
</bind>
</comp>

<comp id="114" class="1001" name="const_114">
<pin_list>
<pin id="115" dir="1" index="0" bw="1" slack="2147483647"/>
</pin_list>
<bind>
<StgValue><ssdm name=""/></StgValue>
</bind>
</comp>

<comp id="116" class="1001" name="const_116">
<pin_list>
<pin id="117" dir="1" index="0" bw="1" slack="2147483647"/>
</pin_list>
<bind>
<StgValue><ssdm name="_ssdm_op_SpecBitsMap"/></StgValue>
</bind>
</comp>

<comp id="118" class="1001" name="const_118">
<pin_list>
<pin id="119" dir="1" index="0" bw="1" slack="2147483647"/>
</pin_list>
<bind>
<StgValue><ssdm name="empty_11"/></StgValue>
</bind>
</comp>

<comp id="120" class="1001" name="const_120">
<pin_list>
<pin id="121" dir="1" index="0" bw="1" slack="2147483647"/>
</pin_list>
<bind>
<StgValue><ssdm name="empty_10"/></StgValue>
</bind>
</comp>

<comp id="122" class="1001" name="const_122">
<pin_list>
<pin id="123" dir="1" index="0" bw="1" slack="2147483647"/>
</pin_list>
<bind>
<StgValue><ssdm name="empty_9"/></StgValue>
</bind>
</comp>

<comp id="124" class="1001" name="const_124">
<pin_list>
<pin id="125" dir="1" index="0" bw="1" slack="2147483647"/>
</pin_list>
<bind>
<StgValue><ssdm name="empty_8"/></StgValue>
</bind>
</comp>

<comp id="126" class="1001" name="const_126">
<pin_list>
<pin id="127" dir="1" index="0" bw="1" slack="2147483647"/>
</pin_list>
<bind>
<StgValue><ssdm name="empty_7"/></StgValue>
</bind>
</comp>

<comp id="128" class="1001" name="const_128">
<pin_list>
<pin id="129" dir="1" index="0" bw="1" slack="2147483647"/>
</pin_list>
<bind>
<StgValue><ssdm name="empty_6"/></StgValue>
</bind>
</comp>

<comp id="130" class="1004" name="out_r_read_read_fu_130">
<pin_list>
<pin id="131" dir="0" index="0" bw="64" slack="0"/>
<pin id="132" dir="0" index="1" bw="64" slack="0"/>
<pin id="133" dir="1" index="2" bw="64" slack="0"/>
</pin_list>
<bind>
<opcode="read(1150) " fcode="read"/>
<opset="out_r_read/3 "/>
</bind>
</comp>

<comp id="136" class="1004" name="in_r_read_read_fu_136">
<pin_list>
<pin id="137" dir="0" index="0" bw="64" slack="0"/>
<pin id="138" dir="0" index="1" bw="64" slack="0"/>
<pin id="139" dir="1" index="2" bw="64" slack="0"/>
</pin_list>
<bind>
<opcode="read(1150) " fcode="read"/>
<opset="in_r_read/3 "/>
</bind>
</comp>

<comp id="142" class="1004" name="grp_canny_top_Pipeline_VITIS_LOOP_47_1_VITIS_LOOP_48_2_fu_142">
<pin_list>
<pin id="143" dir="0" index="0" bw="0" slack="0"/>
<pin id="144" dir="0" index="1" bw="12" slack="0"/>
<pin id="145" dir="0" index="2" bw="12" slack="0"/>
<pin id="146" dir="0" index="3" bw="12" slack="0"/>
<pin id="147" dir="0" index="4" bw="12" slack="0"/>
<pin id="148" dir="0" index="5" bw="12" slack="0"/>
<pin id="149" dir="1" index="6" bw="0" slack="2147483647"/>
</pin_list>
<bind>
<opcode="call(48) " fcode="call"/>
<opset="call_ln0/1 "/>
</bind>
</comp>

<comp id="156" class="1004" name="grp_canny_top_Pipeline_VITIS_LOOP_79_1_VITIS_LOOP_80_2_fu_156">
<pin_list>
<pin id="157" dir="0" index="0" bw="0" slack="0"/>
<pin id="158" dir="0" index="1" bw="8" slack="0"/>
<pin id="159" dir="0" index="2" bw="8" slack="0"/>
<pin id="160" dir="0" index="3" bw="8" slack="0"/>
<pin id="161" dir="1" index="4" bw="0" slack="2147483647"/>
</pin_list>
<bind>
<opcode="call(48) " fcode="call"/>
<opset="call_ln0/1 "/>
</bind>
</comp>

<comp id="166" class="1004" name="grp_canny_top_Pipeline_VITIS_LOOP_32_1_VITIS_LOOP_33_2_fu_166">
<pin_list>
<pin id="167" dir="0" index="0" bw="0" slack="0"/>
<pin id="168" dir="0" index="1" bw="11" slack="0"/>
<pin id="169" dir="0" index="2" bw="2" slack="0"/>
<pin id="170" dir="0" index="3" bw="11" slack="0"/>
<pin id="171" dir="0" index="4" bw="2" slack="0"/>
<pin id="172" dir="0" index="5" bw="11" slack="0"/>
<pin id="173" dir="0" index="6" bw="2" slack="0"/>
<pin id="174" dir="1" index="7" bw="0" slack="2147483647"/>
</pin_list>
<bind>
<opcode="call(48) " fcode="call"/>
<opset="call_ln0/1 "/>
</bind>
</comp>

<comp id="182" class="1004" name="grp_canny_top_Pipeline_VITIS_LOOP_59_1_VITIS_LOOP_60_2_fu_182">
<pin_list>
<pin id="183" dir="0" index="0" bw="0" slack="0"/>
<pin id="184" dir="0" index="1" bw="8" slack="0"/>
<pin id="185" dir="0" index="2" bw="8" slack="0"/>
<pin id="186" dir="0" index="3" bw="8" slack="0"/>
<pin id="187" dir="1" index="4" bw="0" slack="2147483647"/>
</pin_list>
<bind>
<opcode="call(48) " fcode="call"/>
<opset="call_ln0/1 "/>
</bind>
</comp>

<comp id="192" class="1004" name="grp_canny_top_Pipeline_VITIS_LOOP_59_1_VITIS_LOOP_60_21_fu_192">
<pin_list>
<pin id="193" dir="0" index="0" bw="0" slack="0"/>
<pin id="194" dir="0" index="1" bw="8" slack="0"/>
<pin id="195" dir="0" index="2" bw="8" slack="0"/>
<pin id="196" dir="0" index="3" bw="8" slack="0"/>
<pin id="197" dir="1" index="4" bw="0" slack="2147483647"/>
</pin_list>
<bind>
<opcode="call(48) " fcode="call"/>
<opset="call_ln0/1 "/>
</bind>
</comp>

<comp id="202" class="1004" name="grp_canny_top_Pipeline_VITIS_LOOP_59_1_VITIS_LOOP_60_22_fu_202">
<pin_list>
<pin id="203" dir="0" index="0" bw="0" slack="0"/>
<pin id="204" dir="0" index="1" bw="8" slack="0"/>
<pin id="205" dir="0" index="2" bw="8" slack="0"/>
<pin id="206" dir="0" index="3" bw="8" slack="0"/>
<pin id="207" dir="1" index="4" bw="0" slack="2147483647"/>
</pin_list>
<bind>
<opcode="call(48) " fcode="call"/>
<opset="call_ln0/1 "/>
</bind>
</comp>

<comp id="212" class="1004" name="grp_canny_top_Pipeline_VITIS_LOOP_59_1_VITIS_LOOP_60_23_fu_212">
<pin_list>
<pin id="213" dir="0" index="0" bw="0" slack="0"/>
<pin id="214" dir="0" index="1" bw="8" slack="0"/>
<pin id="215" dir="0" index="2" bw="8" slack="0"/>
<pin id="216" dir="0" index="3" bw="8" slack="0"/>
<pin id="217" dir="1" index="4" bw="0" slack="2147483647"/>
</pin_list>
<bind>
<opcode="call(48) " fcode="call"/>
<opset="call_ln0/1 "/>
</bind>
</comp>

<comp id="222" class="1004" name="grp_dataflow_parent_loop_proc_fu_222">
<pin_list>
<pin id="223" dir="0" index="0" bw="0" slack="0"/>
<pin id="224" dir="0" index="1" bw="512" slack="0"/>
<pin id="225" dir="0" index="2" bw="64" slack="0"/>
<pin id="226" dir="0" index="3" bw="64" slack="0"/>
<pin id="227" dir="0" index="4" bw="32" slack="0"/>
<pin id="228" dir="0" index="5" bw="12" slack="0"/>
<pin id="229" dir="0" index="6" bw="12" slack="0"/>
<pin id="230" dir="0" index="7" bw="12" slack="0"/>
<pin id="231" dir="0" index="8" bw="12" slack="0"/>
<pin id="232" dir="0" index="9" bw="12" slack="0"/>
<pin id="233" dir="0" index="10" bw="32" slack="0"/>
<pin id="234" dir="0" index="11" bw="8" slack="0"/>
<pin id="235" dir="0" index="12" bw="8" slack="0"/>
<pin id="236" dir="0" index="13" bw="8" slack="0"/>
<pin id="237" dir="0" index="14" bw="32" slack="0"/>
<pin id="238" dir="0" index="15" bw="11" slack="0"/>
<pin id="239" dir="0" index="16" bw="2" slack="0"/>
<pin id="240" dir="0" index="17" bw="11" slack="0"/>
<pin id="241" dir="0" index="18" bw="2" slack="0"/>
<pin id="242" dir="0" index="19" bw="11" slack="0"/>
<pin id="243" dir="0" index="20" bw="2" slack="0"/>
<pin id="244" dir="0" index="21" bw="32" slack="0"/>
<pin id="245" dir="0" index="22" bw="8" slack="0"/>
<pin id="246" dir="0" index="23" bw="8" slack="0"/>
<pin id="247" dir="0" index="24" bw="8" slack="0"/>
<pin id="248" dir="0" index="25" bw="32" slack="0"/>
<pin id="249" dir="0" index="26" bw="8" slack="0"/>
<pin id="250" dir="0" index="27" bw="8" slack="0"/>
<pin id="251" dir="0" index="28" bw="8" slack="0"/>
<pin id="252" dir="0" index="29" bw="32" slack="0"/>
<pin id="253" dir="0" index="30" bw="8" slack="0"/>
<pin id="254" dir="0" index="31" bw="8" slack="0"/>
<pin id="255" dir="0" index="32" bw="8" slack="0"/>
<pin id="256" dir="0" index="33" bw="32" slack="0"/>
<pin id="257" dir="0" index="34" bw="8" slack="0"/>
<pin id="258" dir="0" index="35" bw="8" slack="0"/>
<pin id="259" dir="0" index="36" bw="8" slack="0"/>
<pin id="260" dir="0" index="37" bw="32" slack="0"/>
<pin id="261" dir="1" index="38" bw="0" slack="2147483647"/>
</pin_list>
<bind>
<opcode="call(48) " fcode="call"/>
<opset="call_ln9/3 "/>
</bind>
</comp>

<comp id="300" class="1004" name="store_ln45_store_fu_300">
<pin_list>
<pin id="301" dir="0" index="0" bw="1" slack="0"/>
<pin id="302" dir="0" index="1" bw="32" slack="0"/>
<pin id="303" dir="1" index="2" bw="0" slack="2147483647"/>
</pin_list>
<bind>
<opcode="store(28) " fcode="store"/>
<opset="store_ln45/2 "/>
</bind>
</comp>

<comp id="306" class="1004" name="store_ln77_store_fu_306">
<pin_list>
<pin id="307" dir="0" index="0" bw="1" slack="0"/>
<pin id="308" dir="0" index="1" bw="32" slack="0"/>
<pin id="309" dir="1" index="2" bw="0" slack="2147483647"/>
</pin_list>
<bind>
<opcode="store(28) " fcode="store"/>
<opset="store_ln77/2 "/>
</bind>
</comp>

<comp id="312" class="1004" name="store_ln30_store_fu_312">
<pin_list>
<pin id="313" dir="0" index="0" bw="1" slack="0"/>
<pin id="314" dir="0" index="1" bw="32" slack="0"/>
<pin id="315" dir="1" index="2" bw="0" slack="2147483647"/>
</pin_list>
<bind>
<opcode="store(28) " fcode="store"/>
<opset="store_ln30/2 "/>
</bind>
</comp>

<comp id="318" class="1004" name="store_ln57_store_fu_318">
<pin_list>
<pin id="319" dir="0" index="0" bw="1" slack="0"/>
<pin id="320" dir="0" index="1" bw="32" slack="0"/>
<pin id="321" dir="1" index="2" bw="0" slack="2147483647"/>
</pin_list>
<bind>
<opcode="store(28) " fcode="store"/>
<opset="store_ln57/2 "/>
</bind>
</comp>

<comp id="324" class="1004" name="store_ln57_store_fu_324">
<pin_list>
<pin id="325" dir="0" index="0" bw="1" slack="0"/>
<pin id="326" dir="0" index="1" bw="32" slack="0"/>
<pin id="327" dir="1" index="2" bw="0" slack="2147483647"/>
</pin_list>
<bind>
<opcode="store(28) " fcode="store"/>
<opset="store_ln57/2 "/>
</bind>
</comp>

<comp id="330" class="1004" name="store_ln57_store_fu_330">
<pin_list>
<pin id="331" dir="0" index="0" bw="1" slack="0"/>
<pin id="332" dir="0" index="1" bw="32" slack="0"/>
<pin id="333" dir="1" index="2" bw="0" slack="2147483647"/>
</pin_list>
<bind>
<opcode="store(28) " fcode="store"/>
<opset="store_ln57/2 "/>
</bind>
</comp>

<comp id="336" class="1004" name="store_ln57_store_fu_336">
<pin_list>
<pin id="337" dir="0" index="0" bw="1" slack="0"/>
<pin id="338" dir="0" index="1" bw="32" slack="0"/>
<pin id="339" dir="1" index="2" bw="0" slack="2147483647"/>
</pin_list>
<bind>
<opcode="store(28) " fcode="store"/>
<opset="store_ln57/2 "/>
</bind>
</comp>

<comp id="342" class="1004" name="store_ln6_store_fu_342">
<pin_list>
<pin id="343" dir="0" index="0" bw="1" slack="0"/>
<pin id="344" dir="0" index="1" bw="32" slack="0"/>
<pin id="345" dir="1" index="2" bw="0" slack="2147483647"/>
</pin_list>
<bind>
<opcode="store(28) " fcode="store"/>
<opset="store_ln6/2 "/>
</bind>
</comp>

<comp id="348" class="1005" name="out_r_read_reg_348">
<pin_list>
<pin id="349" dir="0" index="0" bw="64" slack="1"/>
<pin id="350" dir="1" index="1" bw="64" slack="1"/>
</pin_list>
<bind>
<opset="out_r_read "/>
</bind>
</comp>

<comp id="353" class="1005" name="in_r_read_reg_353">
<pin_list>
<pin id="354" dir="0" index="0" bw="64" slack="1"/>
<pin id="355" dir="1" index="1" bw="64" slack="1"/>
</pin_list>
<bind>
<opset="in_r_read "/>
</bind>
</comp>

</comp_list>

<net_list>
<net id="134"><net_src comp="90" pin="0"/><net_sink comp="130" pin=0"/></net>

<net id="135"><net_src comp="4" pin="0"/><net_sink comp="130" pin=1"/></net>

<net id="140"><net_src comp="90" pin="0"/><net_sink comp="136" pin=0"/></net>

<net id="141"><net_src comp="2" pin="0"/><net_sink comp="136" pin=1"/></net>

<net id="150"><net_src comp="74" pin="0"/><net_sink comp="142" pin=0"/></net>

<net id="151"><net_src comp="8" pin="0"/><net_sink comp="142" pin=1"/></net>

<net id="152"><net_src comp="10" pin="0"/><net_sink comp="142" pin=2"/></net>

<net id="153"><net_src comp="12" pin="0"/><net_sink comp="142" pin=3"/></net>

<net id="154"><net_src comp="14" pin="0"/><net_sink comp="142" pin=4"/></net>

<net id="155"><net_src comp="16" pin="0"/><net_sink comp="142" pin=5"/></net>

<net id="162"><net_src comp="76" pin="0"/><net_sink comp="156" pin=0"/></net>

<net id="163"><net_src comp="20" pin="0"/><net_sink comp="156" pin=1"/></net>

<net id="164"><net_src comp="22" pin="0"/><net_sink comp="156" pin=2"/></net>

<net id="165"><net_src comp="24" pin="0"/><net_sink comp="156" pin=3"/></net>

<net id="175"><net_src comp="78" pin="0"/><net_sink comp="166" pin=0"/></net>

<net id="176"><net_src comp="28" pin="0"/><net_sink comp="166" pin=1"/></net>

<net id="177"><net_src comp="30" pin="0"/><net_sink comp="166" pin=2"/></net>

<net id="178"><net_src comp="32" pin="0"/><net_sink comp="166" pin=3"/></net>

<net id="179"><net_src comp="34" pin="0"/><net_sink comp="166" pin=4"/></net>

<net id="180"><net_src comp="36" pin="0"/><net_sink comp="166" pin=5"/></net>

<net id="181"><net_src comp="38" pin="0"/><net_sink comp="166" pin=6"/></net>

<net id="188"><net_src comp="80" pin="0"/><net_sink comp="182" pin=0"/></net>

<net id="189"><net_src comp="42" pin="0"/><net_sink comp="182" pin=1"/></net>

<net id="190"><net_src comp="44" pin="0"/><net_sink comp="182" pin=2"/></net>

<net id="191"><net_src comp="46" pin="0"/><net_sink comp="182" pin=3"/></net>

<net id="198"><net_src comp="82" pin="0"/><net_sink comp="192" pin=0"/></net>

<net id="199"><net_src comp="50" pin="0"/><net_sink comp="192" pin=1"/></net>

<net id="200"><net_src comp="52" pin="0"/><net_sink comp="192" pin=2"/></net>

<net id="201"><net_src comp="54" pin="0"/><net_sink comp="192" pin=3"/></net>

<net id="208"><net_src comp="84" pin="0"/><net_sink comp="202" pin=0"/></net>

<net id="209"><net_src comp="58" pin="0"/><net_sink comp="202" pin=1"/></net>

<net id="210"><net_src comp="60" pin="0"/><net_sink comp="202" pin=2"/></net>

<net id="211"><net_src comp="62" pin="0"/><net_sink comp="202" pin=3"/></net>

<net id="218"><net_src comp="86" pin="0"/><net_sink comp="212" pin=0"/></net>

<net id="219"><net_src comp="66" pin="0"/><net_sink comp="212" pin=1"/></net>

<net id="220"><net_src comp="68" pin="0"/><net_sink comp="212" pin=2"/></net>

<net id="221"><net_src comp="70" pin="0"/><net_sink comp="212" pin=3"/></net>

<net id="262"><net_src comp="92" pin="0"/><net_sink comp="222" pin=0"/></net>

<net id="263"><net_src comp="0" pin="0"/><net_sink comp="222" pin=1"/></net>

<net id="264"><net_src comp="136" pin="2"/><net_sink comp="222" pin=2"/></net>

<net id="265"><net_src comp="130" pin="2"/><net_sink comp="222" pin=3"/></net>

<net id="266"><net_src comp="6" pin="0"/><net_sink comp="222" pin=4"/></net>

<net id="267"><net_src comp="8" pin="0"/><net_sink comp="222" pin=5"/></net>

<net id="268"><net_src comp="10" pin="0"/><net_sink comp="222" pin=6"/></net>

<net id="269"><net_src comp="12" pin="0"/><net_sink comp="222" pin=7"/></net>

<net id="270"><net_src comp="14" pin="0"/><net_sink comp="222" pin=8"/></net>

<net id="271"><net_src comp="16" pin="0"/><net_sink comp="222" pin=9"/></net>

<net id="272"><net_src comp="18" pin="0"/><net_sink comp="222" pin=10"/></net>

<net id="273"><net_src comp="20" pin="0"/><net_sink comp="222" pin=11"/></net>

<net id="274"><net_src comp="22" pin="0"/><net_sink comp="222" pin=12"/></net>

<net id="275"><net_src comp="24" pin="0"/><net_sink comp="222" pin=13"/></net>

<net id="276"><net_src comp="26" pin="0"/><net_sink comp="222" pin=14"/></net>

<net id="277"><net_src comp="28" pin="0"/><net_sink comp="222" pin=15"/></net>

<net id="278"><net_src comp="30" pin="0"/><net_sink comp="222" pin=16"/></net>

<net id="279"><net_src comp="32" pin="0"/><net_sink comp="222" pin=17"/></net>

<net id="280"><net_src comp="34" pin="0"/><net_sink comp="222" pin=18"/></net>

<net id="281"><net_src comp="36" pin="0"/><net_sink comp="222" pin=19"/></net>

<net id="282"><net_src comp="38" pin="0"/><net_sink comp="222" pin=20"/></net>

<net id="283"><net_src comp="40" pin="0"/><net_sink comp="222" pin=21"/></net>

<net id="284"><net_src comp="42" pin="0"/><net_sink comp="222" pin=22"/></net>

<net id="285"><net_src comp="44" pin="0"/><net_sink comp="222" pin=23"/></net>

<net id="286"><net_src comp="46" pin="0"/><net_sink comp="222" pin=24"/></net>

<net id="287"><net_src comp="48" pin="0"/><net_sink comp="222" pin=25"/></net>

<net id="288"><net_src comp="50" pin="0"/><net_sink comp="222" pin=26"/></net>

<net id="289"><net_src comp="52" pin="0"/><net_sink comp="222" pin=27"/></net>

<net id="290"><net_src comp="54" pin="0"/><net_sink comp="222" pin=28"/></net>

<net id="291"><net_src comp="56" pin="0"/><net_sink comp="222" pin=29"/></net>

<net id="292"><net_src comp="58" pin="0"/><net_sink comp="222" pin=30"/></net>

<net id="293"><net_src comp="60" pin="0"/><net_sink comp="222" pin=31"/></net>

<net id="294"><net_src comp="62" pin="0"/><net_sink comp="222" pin=32"/></net>

<net id="295"><net_src comp="64" pin="0"/><net_sink comp="222" pin=33"/></net>

<net id="296"><net_src comp="66" pin="0"/><net_sink comp="222" pin=34"/></net>

<net id="297"><net_src comp="68" pin="0"/><net_sink comp="222" pin=35"/></net>

<net id="298"><net_src comp="70" pin="0"/><net_sink comp="222" pin=36"/></net>

<net id="299"><net_src comp="72" pin="0"/><net_sink comp="222" pin=37"/></net>

<net id="304"><net_src comp="88" pin="0"/><net_sink comp="300" pin=0"/></net>

<net id="305"><net_src comp="6" pin="0"/><net_sink comp="300" pin=1"/></net>

<net id="310"><net_src comp="88" pin="0"/><net_sink comp="306" pin=0"/></net>

<net id="311"><net_src comp="18" pin="0"/><net_sink comp="306" pin=1"/></net>

<net id="316"><net_src comp="88" pin="0"/><net_sink comp="312" pin=0"/></net>

<net id="317"><net_src comp="26" pin="0"/><net_sink comp="312" pin=1"/></net>

<net id="322"><net_src comp="88" pin="0"/><net_sink comp="318" pin=0"/></net>

<net id="323"><net_src comp="40" pin="0"/><net_sink comp="318" pin=1"/></net>

<net id="328"><net_src comp="88" pin="0"/><net_sink comp="324" pin=0"/></net>

<net id="329"><net_src comp="48" pin="0"/><net_sink comp="324" pin=1"/></net>

<net id="334"><net_src comp="88" pin="0"/><net_sink comp="330" pin=0"/></net>

<net id="335"><net_src comp="56" pin="0"/><net_sink comp="330" pin=1"/></net>

<net id="340"><net_src comp="88" pin="0"/><net_sink comp="336" pin=0"/></net>

<net id="341"><net_src comp="64" pin="0"/><net_sink comp="336" pin=1"/></net>

<net id="346"><net_src comp="88" pin="0"/><net_sink comp="342" pin=0"/></net>

<net id="347"><net_src comp="72" pin="0"/><net_sink comp="342" pin=1"/></net>

<net id="351"><net_src comp="130" pin="2"/><net_sink comp="348" pin=0"/></net>

<net id="352"><net_src comp="348" pin="1"/><net_sink comp="222" pin=3"/></net>

<net id="356"><net_src comp="136" pin="2"/><net_sink comp="353" pin=0"/></net>

<net id="357"><net_src comp="353" pin="1"/><net_sink comp="222" pin=2"/></net>

</net_list>

</model> 
---------------- Datapath Model END ------------------

* FSMD analyzer results:
  - Output states:
	Port: gmem | {3 4 }
	Port: p_anonymous_namespace_rowsReceived_1 | {2 3 4 }
	Port: p_anonymous_namespace_lineBuffer_39_0 | {1 2 3 4 }
	Port: p_anonymous_namespace_lineBuffer_39_1 | {1 2 3 4 }
	Port: p_anonymous_namespace_lineBuffer_39_2 | {1 2 3 4 }
	Port: p_anonymous_namespace_lineBuffer_39_3 | {1 2 3 4 }
	Port: p_anonymous_namespace_lineBuffer_39_4 | {1 2 3 4 }
	Port: p_anonymous_namespace_rowsReceived_2 | {2 3 4 }
	Port: p_anonymous_namespace_lineBuffer_32_0 | {1 2 3 4 }
	Port: p_anonymous_namespace_lineBuffer_32_1 | {1 2 3 4 }
	Port: p_anonymous_namespace_lineBuffer_32_2 | {1 2 3 4 }
	Port: p_anonymous_namespace_rowsReceived | {2 3 4 }
	Port: p_anonymous_namespace_lineBuffer_magnitude_0 | {1 2 3 4 }
	Port: p_anonymous_namespace_lineBuffer_direction_0 | {1 2 3 4 }
	Port: p_anonymous_namespace_lineBuffer_magnitude_1 | {1 2 3 4 }
	Port: p_anonymous_namespace_lineBuffer_direction_1 | {1 2 3 4 }
	Port: p_anonymous_namespace_lineBuffer_magnitude_2 | {1 2 3 4 }
	Port: p_anonymous_namespace_lineBuffer_direction_2 | {1 2 3 4 }
	Port: p_anonymous_namespace_rowsReceived_1_s | {2 3 4 }
	Port: p_ZN12_GLOBAL_N_110lineBufferILi1EEE_0 | {1 2 3 4 }
	Port: p_ZN12_GLOBAL_N_110lineBufferILi1EEE_1 | {1 2 3 4 }
	Port: p_ZN12_GLOBAL_N_110lineBufferILi1EEE_2 | {1 2 3 4 }
	Port: p_anonymous_namespace_rowsReceived_2_s | {2 3 4 }
	Port: p_ZN12_GLOBAL_N_110lineBufferILi2EEE_0 | {1 2 3 4 }
	Port: p_ZN12_GLOBAL_N_110lineBufferILi2EEE_1 | {1 2 3 4 }
	Port: p_ZN12_GLOBAL_N_110lineBufferILi2EEE_2 | {1 2 3 4 }
	Port: p_anonymous_namespace_rowsReceived_3_s | {2 3 4 }
	Port: p_ZN12_GLOBAL_N_110lineBufferILi3EEE_0 | {1 2 3 4 }
	Port: p_ZN12_GLOBAL_N_110lineBufferILi3EEE_1 | {1 2 3 4 }
	Port: p_ZN12_GLOBAL_N_110lineBufferILi3EEE_2 | {1 2 3 4 }
	Port: p_anonymous_namespace_rowsReceived_4_s | {2 3 4 }
	Port: p_ZN12_GLOBAL_N_110lineBufferILi4EEE_0 | {1 2 3 4 }
	Port: p_ZN12_GLOBAL_N_110lineBufferILi4EEE_1 | {1 2 3 4 }
	Port: p_ZN12_GLOBAL_N_110lineBufferILi4EEE_2 | {1 2 3 4 }
	Port: rowsReceived | {2 3 4 }
 - Input state : 
	Port: canny_top : gmem | {3 4 }
	Port: canny_top : in_r | {3 }
	Port: canny_top : out_r | {3 }
	Port: canny_top : p_anonymous_namespace_rowsReceived_1 | {3 4 }
	Port: canny_top : p_anonymous_namespace_lineBuffer_39_0 | {3 4 }
	Port: canny_top : p_anonymous_namespace_lineBuffer_39_1 | {3 4 }
	Port: canny_top : p_anonymous_namespace_lineBuffer_39_2 | {3 4 }
	Port: canny_top : p_anonymous_namespace_lineBuffer_39_3 | {3 4 }
	Port: canny_top : p_anonymous_namespace_lineBuffer_39_4 | {3 4 }
	Port: canny_top : p_anonymous_namespace_rowsReceived_2 | {3 4 }
	Port: canny_top : p_anonymous_namespace_lineBuffer_32_0 | {3 4 }
	Port: canny_top : p_anonymous_namespace_lineBuffer_32_1 | {3 4 }
	Port: canny_top : p_anonymous_namespace_lineBuffer_32_2 | {3 4 }
	Port: canny_top : p_anonymous_namespace_rowsReceived | {3 4 }
	Port: canny_top : p_anonymous_namespace_lineBuffer_magnitude_0 | {3 4 }
	Port: canny_top : p_anonymous_namespace_lineBuffer_direction_0 | {3 4 }
	Port: canny_top : p_anonymous_namespace_lineBuffer_magnitude_1 | {3 4 }
	Port: canny_top : p_anonymous_namespace_lineBuffer_direction_1 | {3 4 }
	Port: canny_top : p_anonymous_namespace_lineBuffer_magnitude_2 | {3 4 }
	Port: canny_top : p_anonymous_namespace_lineBuffer_direction_2 | {3 4 }
	Port: canny_top : p_anonymous_namespace_rowsReceived_1_s | {3 4 }
	Port: canny_top : p_ZN12_GLOBAL_N_110lineBufferILi1EEE_0 | {3 4 }
	Port: canny_top : p_ZN12_GLOBAL_N_110lineBufferILi1EEE_1 | {3 4 }
	Port: canny_top : p_ZN12_GLOBAL_N_110lineBufferILi1EEE_2 | {3 4 }
	Port: canny_top : p_anonymous_namespace_rowsReceived_2_s | {3 4 }
	Port: canny_top : p_ZN12_GLOBAL_N_110lineBufferILi2EEE_0 | {3 4 }
	Port: canny_top : p_ZN12_GLOBAL_N_110lineBufferILi2EEE_1 | {3 4 }
	Port: canny_top : p_ZN12_GLOBAL_N_110lineBufferILi2EEE_2 | {3 4 }
	Port: canny_top : p_anonymous_namespace_rowsReceived_3_s | {3 4 }
	Port: canny_top : p_ZN12_GLOBAL_N_110lineBufferILi3EEE_0 | {3 4 }
	Port: canny_top : p_ZN12_GLOBAL_N_110lineBufferILi3EEE_1 | {3 4 }
	Port: canny_top : p_ZN12_GLOBAL_N_110lineBufferILi3EEE_2 | {3 4 }
	Port: canny_top : p_anonymous_namespace_rowsReceived_4_s | {3 4 }
	Port: canny_top : p_ZN12_GLOBAL_N_110lineBufferILi4EEE_0 | {3 4 }
	Port: canny_top : p_ZN12_GLOBAL_N_110lineBufferILi4EEE_1 | {3 4 }
	Port: canny_top : p_ZN12_GLOBAL_N_110lineBufferILi4EEE_2 | {3 4 }
	Port: canny_top : rowsReceived | {3 4 }
  - Chain level:
	State 1
	State 2
	State 3
	State 4


============================================================
+ Verbose Summary: Datapath Resource usage 
============================================================

* Functional unit list:
|----------|----------------------------------------------------------------|---------|---------|---------|---------|---------|---------|
| Operation|                         Functional Unit                        |   BRAM  |   DSP   |  Delay  |    FF   |   LUT   |   URAM  |
|----------|----------------------------------------------------------------|---------|---------|---------|---------|---------|---------|
|          |  grp_canny_top_Pipeline_VITIS_LOOP_47_1_VITIS_LOOP_48_2_fu_142 |    0    |    0    |    0    |    25   |    95   |    0    |
|          |  grp_canny_top_Pipeline_VITIS_LOOP_79_1_VITIS_LOOP_80_2_fu_156 |    0    |    0    |    0    |    23   |    91   |    0    |
|          |  grp_canny_top_Pipeline_VITIS_LOOP_32_1_VITIS_LOOP_33_2_fu_166 |    0    |    0    |    0    |    23   |    91   |    0    |
|   call   |  grp_canny_top_Pipeline_VITIS_LOOP_59_1_VITIS_LOOP_60_2_fu_182 |    0    |    0    |    0    |    23   |    91   |    0    |
|          | grp_canny_top_Pipeline_VITIS_LOOP_59_1_VITIS_LOOP_60_21_fu_192 |    0    |    0    |    0    |    23   |    91   |    0    |
|          | grp_canny_top_Pipeline_VITIS_LOOP_59_1_VITIS_LOOP_60_22_fu_202 |    0    |    0    |    0    |    23   |    91   |    0    |
|          | grp_canny_top_Pipeline_VITIS_LOOP_59_1_VITIS_LOOP_60_23_fu_212 |    0    |    0    |    0    |    23   |    91   |    0    |
|          |              grp_dataflow_parent_loop_proc_fu_222              |    14   |    4    |  59.906 |  17572  |  20223  |    0    |
|----------|----------------------------------------------------------------|---------|---------|---------|---------|---------|---------|
|   read   |                     out_r_read_read_fu_130                     |    0    |    0    |    0    |    0    |    0    |    0    |
|          |                      in_r_read_read_fu_136                     |    0    |    0    |    0    |    0    |    0    |    0    |
|----------|----------------------------------------------------------------|---------|---------|---------|---------|---------|---------|
|   Total  |                                                                |    14   |    4    |  59.906 |  17735  |  20864  |    0    |
|----------|----------------------------------------------------------------|---------|---------|---------|---------|---------|---------|

Memories:
+--------------------------------------------+--------+--------+--------+--------+
|                                            |  BRAM  |   FF   |   LUT  |  URAM  |
+--------------------------------------------+--------+--------+--------+--------+
|   p_ZN12_GLOBAL_N_110lineBufferILi1EEE_0   |    1   |    0   |    0   |    0   |
|   p_ZN12_GLOBAL_N_110lineBufferILi1EEE_1   |    1   |    0   |    0   |    0   |
|   p_ZN12_GLOBAL_N_110lineBufferILi1EEE_2   |    1   |    0   |    0   |    0   |
|   p_ZN12_GLOBAL_N_110lineBufferILi2EEE_0   |    1   |    0   |    0   |    0   |
|   p_ZN12_GLOBAL_N_110lineBufferILi2EEE_1   |    1   |    0   |    0   |    0   |
|   p_ZN12_GLOBAL_N_110lineBufferILi2EEE_2   |    1   |    0   |    0   |    0   |
|   p_ZN12_GLOBAL_N_110lineBufferILi3EEE_0   |    1   |    0   |    0   |    0   |
|   p_ZN12_GLOBAL_N_110lineBufferILi3EEE_1   |    1   |    0   |    0   |    0   |
|   p_ZN12_GLOBAL_N_110lineBufferILi3EEE_2   |    1   |    0   |    0   |    0   |
|   p_ZN12_GLOBAL_N_110lineBufferILi4EEE_0   |    1   |    0   |    0   |    0   |
|   p_ZN12_GLOBAL_N_110lineBufferILi4EEE_1   |    1   |    0   |    0   |    0   |
|   p_ZN12_GLOBAL_N_110lineBufferILi4EEE_2   |    1   |    0   |    0   |    0   |
|    p_anonymous_namespace_lineBuffer_32_0   |    1   |    0   |    0   |    0   |
|    p_anonymous_namespace_lineBuffer_32_1   |    1   |    0   |    0   |    0   |
|    p_anonymous_namespace_lineBuffer_32_2   |    1   |    0   |    0   |    0   |
|    p_anonymous_namespace_lineBuffer_39_0   |    1   |    0   |    0   |    0   |
|    p_anonymous_namespace_lineBuffer_39_1   |    1   |    0   |    0   |    0   |
|    p_anonymous_namespace_lineBuffer_39_2   |    1   |    0   |    0   |    0   |
|    p_anonymous_namespace_lineBuffer_39_3   |    1   |    0   |    0   |    0   |
|    p_anonymous_namespace_lineBuffer_39_4   |    1   |    0   |    0   |    0   |
|p_anonymous_namespace_lineBuffer_direction_0|    1   |    0   |    0   |    0   |
|p_anonymous_namespace_lineBuffer_direction_1|    1   |    0   |    0   |    0   |
|p_anonymous_namespace_lineBuffer_direction_2|    1   |    0   |    0   |    0   |
|p_anonymous_namespace_lineBuffer_magnitude_0|    1   |    0   |    0   |    0   |
|p_anonymous_namespace_lineBuffer_magnitude_1|    1   |    0   |    0   |    0   |
|p_anonymous_namespace_lineBuffer_magnitude_2|    1   |    0   |    0   |    0   |
+--------------------------------------------+--------+--------+--------+--------+
|                    Total                   |   26   |    0   |    0   |    0   |
+--------------------------------------------+--------+--------+--------+--------+

* Register list:
+------------------+--------+
|                  |   FF   |
+------------------+--------+
| in_r_read_reg_353|   64   |
|out_r_read_reg_348|   64   |
+------------------+--------+
|       Total      |   128  |
+------------------+--------+

* Multiplexer (MUX) list: 
|--------------------------------------|------|------|------|--------||---------||---------||---------|
|                 Comp                 |  Pin | Size |  BW  | S x BW ||  Delay  ||    FF   ||   LUT   |
|--------------------------------------|------|------|------|--------||---------||---------||---------|
| grp_dataflow_parent_loop_proc_fu_222 |  p2  |   2  |  64  |   128  ||    0    ||    9    |
| grp_dataflow_parent_loop_proc_fu_222 |  p3  |   2  |  64  |   128  ||    0    ||    9    |
|--------------------------------------|------|------|------|--------||---------||---------||---------|
|                 Total                |      |      |      |   256  ||  0.854  ||    0    ||    18   |
|--------------------------------------|------|------|------|--------||---------||---------||---------|



* Summary:
+-----------+--------+--------+--------+--------+--------+--------+
|           |  BRAM  |   DSP  |  Delay |   FF   |   LUT  |  URAM  |
+-----------+--------+--------+--------+--------+--------+--------+
|  Function |   14   |    4   |   59   |  17735 |  20864 |    0   |
|   Memory  |   26   |    -   |    -   |    0   |    0   |    0   |
|Multiplexer|    -   |    -   |    0   |    0   |   18   |    -   |
|  Register |    -   |    -   |    -   |   128  |    -   |    -   |
+-----------+--------+--------+--------+--------+--------+--------+
|   Total   |   40   |    4   |   60   |  17863 |  20882 |    0   |
+-----------+--------+--------+--------+--------+--------+--------+
