

================================================================
== Vitis HLS Report for 'canny_top_Pipeline_VITIS_LOOP_44_1_VITIS_LOOP_45_22'
================================================================
* Date:           Fri Jul 24 16:27:48 2026

* Version:        2025.2 (Build 6295257 on Nov 14 2025)
* Project:        canny_top
* Solution:       hls (Vitis Kernel Flow Target)
* Product family: zynquplus
* Target device:  xck26-sfvc784-2LV-c


================================================================
== Performance Estimates
================================================================
+ Timing: 
    * Summary: 
    +--------+---------+----------+------------+
    |  Clock |  Target | Estimated| Uncertainty|
    +--------+---------+----------+------------+
    |ap_clk  |  5.00 ns|  2.854 ns|     1.35 ns|
    +--------+---------+----------+------------+

+ Latency: 
    * Summary: 
    +---------+---------+----------+----------+-----+-----+-------------------+
    |  Latency (cycles) |  Latency (absolute) |  Interval |      Pipeline     |
    |   min   |   max   |    min   |    max   | min | max |        Type       |
    +---------+---------+----------+----------+-----+-----+-------------------+
    |     1538|     1538|  7.690 us|  7.690 us|    0|    0|  loop pipeline stp|
    +---------+---------+----------+----------+-----+-----+-------------------+

    + Detail: 
        * Instance: 
        N/A

        * Loop: 
        +-----------------------------------+---------+---------+----------+-----------+-----------+------+----------+
        |                                   |  Latency (cycles) | Iteration|  Initiation Interval  | Trip |          |
        |             Loop Name             |   min   |   max   |  Latency |  achieved |   target  | Count| Pipelined|
        +-----------------------------------+---------+---------+----------+-----------+-----------+------+----------+
        |- VITIS_LOOP_44_1_VITIS_LOOP_45_2  |     1536|     1536|         1|          1|          1|  1536|       yes|
        +-----------------------------------+---------+---------+----------+-----------+-----------+------+----------+

============================================================
+ Verbose Summary: Synthesis Manager
============================================================
InlineROM: 1
ExposeGlobal: 0
============================================================
+ Verbose Summary: CDFG Model
============================================================
IsTopModel: 0
ResetActiveHigh: 1
IsCombinational: 0
IsDatapathOnly: 0
HasWiredReturn: 1
HasMFsm: 2
HasVarLatency: 1
IsPipeline: 0
IsRtlPipelined: 0
IsInstanceOverlapped: 0
IsDontTouch: 0
HasImplIP: 0
IsGatedGlobalClock: 0

+ Individual pipeline summary: 
  * Pipeline-0: initiation interval (II) = 1, depth = 1


============================================================
+ Verbose Summary: Schedule
============================================================
* Number of FSM states : 1
* Pipeline : 1
  Pipeline-0 : II = 1, D = 1, States = { 1 }
* Dataflow Pipeline: 0

* FSM state transitions: 
1 --> 

* FSM state operations: 

State 1 <SV = 0> <Delay = 2.85>
ST_1 : Operation 4 [1/1] (0.00ns)   --->   "%column = alloca i32 1" [../src/hysteresis.cpp:45->../src/canny_top.cpp:47->../src/canny_top.cpp:9]   --->   Operation 4 'alloca' 'column' <Predicate = true> <Delay = 0.00>
ST_1 : Operation 5 [1/1] (0.00ns)   --->   "%row = alloca i32 1" [../src/hysteresis.cpp:44->../src/canny_top.cpp:47->../src/canny_top.cpp:9]   --->   Operation 5 'alloca' 'row' <Predicate = true> <Delay = 0.00>
ST_1 : Operation 6 [1/1] (0.00ns)   --->   "%indvar_flatten34 = alloca i32 1"   --->   Operation 6 'alloca' 'indvar_flatten34' <Predicate = true> <Delay = 0.00>
ST_1 : Operation 7 [1/1] (0.42ns)   --->   "%store_ln0 = store i11 0, i11 %indvar_flatten34"   --->   Operation 7 'store' 'store_ln0' <Predicate = true> <Delay = 0.42>
ST_1 : Operation 8 [1/1] (0.42ns)   --->   "%store_ln44 = store i2 0, i2 %row" [../src/hysteresis.cpp:44->../src/canny_top.cpp:47->../src/canny_top.cpp:9]   --->   Operation 8 'store' 'store_ln44' <Predicate = true> <Delay = 0.42>
ST_1 : Operation 9 [1/1] (0.42ns)   --->   "%store_ln45 = store i10 0, i10 %column" [../src/hysteresis.cpp:45->../src/canny_top.cpp:47->../src/canny_top.cpp:9]   --->   Operation 9 'store' 'store_ln45' <Predicate = true> <Delay = 0.42>
ST_1 : Operation 10 [1/1] (0.00ns)   --->   "%br_ln0 = br void %for.inc.i39.i"   --->   Operation 10 'br' 'br_ln0' <Predicate = true> <Delay = 0.00>
ST_1 : Operation 11 [1/1] (0.00ns)   --->   "%indvar_flatten34_load = load i11 %indvar_flatten34" [../src/hysteresis.cpp:44->../src/canny_top.cpp:47->../src/canny_top.cpp:9]   --->   Operation 11 'load' 'indvar_flatten34_load' <Predicate = true> <Delay = 0.00>
ST_1 : Operation 12 [1/1] (0.79ns)   --->   "%icmp_ln44 = icmp_eq  i11 %indvar_flatten34_load, i11 1536" [../src/hysteresis.cpp:44->../src/canny_top.cpp:47->../src/canny_top.cpp:9]   --->   Operation 12 'icmp' 'icmp_ln44' <Predicate = true> <Delay = 0.79> <CoreInst = "Cmp">   --->   Core 9 'Cmp' <Latency = 0> <II = 1> <Delay = 0.79> <FuncUnit> <Opcode : 'seteq' 'setne' 'setle' 'setge' 'setlt' 'setgt'> <InPorts = 2> <OutPorts = 1>
ST_1 : Operation 13 [1/1] (0.79ns)   --->   "%add_ln44 = add i11 %indvar_flatten34_load, i11 1" [../src/hysteresis.cpp:44->../src/canny_top.cpp:47->../src/canny_top.cpp:9]   --->   Operation 13 'add' 'add_ln44' <Predicate = true> <Delay = 0.79> <CoreInst = "Adder">   --->   Core 1 'Adder' <Latency = 0> <II = 1> <Delay = 0.79> <FuncUnit> <Opcode : 'add' 'sub'> <InPorts = 2> <OutPorts = 1>
ST_1 : Operation 14 [1/1] (0.00ns)   --->   "%br_ln44 = br i1 %icmp_ln44, void %for.inc7.i42.i, void %_Z16hysteresis_resetILi3EEvv.exit.i.exitStub" [../src/hysteresis.cpp:44->../src/canny_top.cpp:47->../src/canny_top.cpp:9]   --->   Operation 14 'br' 'br_ln44' <Predicate = true> <Delay = 0.00>
ST_1 : Operation 15 [1/1] (0.00ns)   --->   "%column_load = load i10 %column" [../src/hysteresis.cpp:45->../src/canny_top.cpp:47->../src/canny_top.cpp:9]   --->   Operation 15 'load' 'column_load' <Predicate = (!icmp_ln44)> <Delay = 0.00>
ST_1 : Operation 16 [1/1] (0.00ns)   --->   "%row_load = load i2 %row" [../src/hysteresis.cpp:44->../src/canny_top.cpp:47->../src/canny_top.cpp:9]   --->   Operation 16 'load' 'row_load' <Predicate = (!icmp_ln44)> <Delay = 0.00>
ST_1 : Operation 17 [1/1] (0.54ns)   --->   "%add_ln44_2 = add i2 %row_load, i2 1" [../src/hysteresis.cpp:44->../src/canny_top.cpp:47->../src/canny_top.cpp:9]   --->   Operation 17 'add' 'add_ln44_2' <Predicate = (!icmp_ln44)> <Delay = 0.54> <CoreInst = "Adder">   --->   Core 1 'Adder' <Latency = 0> <II = 1> <Delay = 0.54> <FuncUnit> <Opcode : 'add' 'sub'> <InPorts = 2> <OutPorts = 1>
ST_1 : Operation 18 [1/1] (0.00ns)   --->   "%specloopname_ln0 = specloopname void @_ssdm_op_SpecLoopName, void @VITIS_LOOP_44_1_VITIS_LOOP_45_2_str"   --->   Operation 18 'specloopname' 'specloopname_ln0' <Predicate = (!icmp_ln44)> <Delay = 0.00>
ST_1 : Operation 19 [1/1] (0.00ns)   --->   "%speclooptripcount_ln0 = speclooptripcount void @_ssdm_op_SpecLoopTripCount, i64 1536, i64 1536, i64 1536"   --->   Operation 19 'speclooptripcount' 'speclooptripcount_ln0' <Predicate = (!icmp_ln44)> <Delay = 0.00>
ST_1 : Operation 20 [1/1] (0.78ns)   --->   "%icmp_ln45 = icmp_eq  i10 %column_load, i10 512" [../src/hysteresis.cpp:45->../src/canny_top.cpp:47->../src/canny_top.cpp:9]   --->   Operation 20 'icmp' 'icmp_ln45' <Predicate = (!icmp_ln44)> <Delay = 0.78> <CoreInst = "Cmp">   --->   Core 9 'Cmp' <Latency = 0> <II = 1> <Delay = 0.78> <FuncUnit> <Opcode : 'seteq' 'setne' 'setle' 'setge' 'setlt' 'setgt'> <InPorts = 2> <OutPorts = 1>
ST_1 : Operation 21 [1/1] (0.40ns)   --->   "%select_ln44 = select i1 %icmp_ln45, i10 0, i10 %column_load" [../src/hysteresis.cpp:44->../src/canny_top.cpp:47->../src/canny_top.cpp:9]   --->   Operation 21 'select' 'select_ln44' <Predicate = (!icmp_ln44)> <Delay = 0.40> <CoreInst = "Sel">   --->   Core 73 'Sel' <Latency = 0> <II = 1> <Delay = 0.40> <FuncUnit> <Opcode : 'select'> <InPorts = 3> <OutPorts = 1>
ST_1 : Operation 22 [1/1] (0.17ns)   --->   "%select_ln44_2 = select i1 %icmp_ln45, i2 %add_ln44_2, i2 %row_load" [../src/hysteresis.cpp:44->../src/canny_top.cpp:47->../src/canny_top.cpp:9]   --->   Operation 22 'select' 'select_ln44_2' <Predicate = (!icmp_ln44)> <Delay = 0.17> <CoreInst = "Sel">   --->   Core 73 'Sel' <Latency = 0> <II = 1> <Delay = 0.17> <FuncUnit> <Opcode : 'select'> <InPorts = 3> <OutPorts = 1>
ST_1 : Operation 23 [1/1] (0.00ns)   --->   "%trunc_ln45 = trunc i10 %select_ln44" [../src/hysteresis.cpp:45->../src/canny_top.cpp:47->../src/canny_top.cpp:9]   --->   Operation 23 'trunc' 'trunc_ln45' <Predicate = (!icmp_ln44)> <Delay = 0.00>
ST_1 : Operation 24 [1/1] (0.00ns)   --->   "%specpipeline_ln45 = specpipeline void @_ssdm_op_SpecPipeline, i32 4294967295, i32 0, i32 0, i32 0, i32 4294967295, void @empty_10" [../src/hysteresis.cpp:45->../src/canny_top.cpp:47->../src/canny_top.cpp:9]   --->   Operation 24 'specpipeline' 'specpipeline_ln45' <Predicate = (!icmp_ln44)> <Delay = 0.00>
ST_1 : Operation 25 [1/1] (0.00ns)   --->   "%lshr_ln45_2 = partselect i8 @_ssdm_op_PartSelect.i8.i10.i32.i32, i10 %select_ln44, i32 1, i32 8" [../src/hysteresis.cpp:45->../src/canny_top.cpp:47->../src/canny_top.cpp:9]   --->   Operation 25 'partselect' 'lshr_ln45_2' <Predicate = (!icmp_ln44)> <Delay = 0.00>
ST_1 : Operation 26 [1/1] (0.00ns)   --->   "%tmp_s = bitconcatenate i10 @_ssdm_op_BitConcatenate.i10.i2.i8, i2 %select_ln44_2, i8 %lshr_ln45_2" [../src/hysteresis.cpp:46->../src/canny_top.cpp:47->../src/canny_top.cpp:9]   --->   Operation 26 'bitconcatenate' 'tmp_s' <Predicate = (!icmp_ln44)> <Delay = 0.00>
ST_1 : Operation 27 [1/1] (0.00ns)   --->   "%zext_ln46_3 = zext i10 %tmp_s" [../src/hysteresis.cpp:46->../src/canny_top.cpp:47->../src/canny_top.cpp:9]   --->   Operation 27 'zext' 'zext_ln46_3' <Predicate = (!icmp_ln44)> <Delay = 0.00>
ST_1 : Operation 28 [1/1] (0.00ns)   --->   "%p_ZN12_GLOBAL_N_110lineBufferILi3EEE_0_addr = getelementptr i2 %p_ZN12_GLOBAL_N_110lineBufferILi3EEE_0, i64 0, i64 %zext_ln46_3" [../src/hysteresis.cpp:46->../src/canny_top.cpp:47->../src/canny_top.cpp:9]   --->   Operation 28 'getelementptr' 'p_ZN12_GLOBAL_N_110lineBufferILi3EEE_0_addr' <Predicate = (!icmp_ln44)> <Delay = 0.00>
ST_1 : Operation 29 [1/1] (0.00ns)   --->   "%p_ZN12_GLOBAL_N_110lineBufferILi3EEE_1_addr = getelementptr i2 %p_ZN12_GLOBAL_N_110lineBufferILi3EEE_1, i64 0, i64 %zext_ln46_3" [../src/hysteresis.cpp:46->../src/canny_top.cpp:47->../src/canny_top.cpp:9]   --->   Operation 29 'getelementptr' 'p_ZN12_GLOBAL_N_110lineBufferILi3EEE_1_addr' <Predicate = (!icmp_ln44)> <Delay = 0.00>
ST_1 : Operation 30 [1/1] (0.00ns)   --->   "%br_ln46 = br i1 %trunc_ln45, void %arrayidx61.i36.i.case.0, void %arrayidx61.i36.i.case.1" [../src/hysteresis.cpp:46->../src/canny_top.cpp:47->../src/canny_top.cpp:9]   --->   Operation 30 'br' 'br_ln46' <Predicate = (!icmp_ln44)> <Delay = 0.00>
ST_1 : Operation 31 [1/1] ( I:1.23ns O:1.23ns )   --->   "%store_ln46 = store i2 0, i10 %p_ZN12_GLOBAL_N_110lineBufferILi3EEE_0_addr" [../src/hysteresis.cpp:46->../src/canny_top.cpp:47->../src/canny_top.cpp:9]   --->   Operation 31 'store' 'store_ln46' <Predicate = (!icmp_ln44 & !trunc_ln45)> <Delay = 1.23> <CoreInst = "RAM">   --->   Core 82 'RAM' <Latency = 1> <II = 1> <Delay = 1.23> <Storage> <Opcode : 'load' 'store'> <Ports = 2> <Width = 2> <Depth = 768> <RAM>
ST_1 : Operation 32 [1/1] (0.00ns)   --->   "%br_ln46 = br void %arrayidx61.i36.i.exit" [../src/hysteresis.cpp:46->../src/canny_top.cpp:47->../src/canny_top.cpp:9]   --->   Operation 32 'br' 'br_ln46' <Predicate = (!icmp_ln44 & !trunc_ln45)> <Delay = 0.00>
ST_1 : Operation 33 [1/1] ( I:1.23ns O:1.23ns )   --->   "%store_ln46 = store i2 0, i10 %p_ZN12_GLOBAL_N_110lineBufferILi3EEE_1_addr" [../src/hysteresis.cpp:46->../src/canny_top.cpp:47->../src/canny_top.cpp:9]   --->   Operation 33 'store' 'store_ln46' <Predicate = (!icmp_ln44 & trunc_ln45)> <Delay = 1.23> <CoreInst = "RAM">   --->   Core 82 'RAM' <Latency = 1> <II = 1> <Delay = 1.23> <Storage> <Opcode : 'load' 'store'> <Ports = 2> <Width = 2> <Depth = 768> <RAM>
ST_1 : Operation 34 [1/1] (0.00ns)   --->   "%br_ln46 = br void %arrayidx61.i36.i.exit" [../src/hysteresis.cpp:46->../src/canny_top.cpp:47->../src/canny_top.cpp:9]   --->   Operation 34 'br' 'br_ln46' <Predicate = (!icmp_ln44 & trunc_ln45)> <Delay = 0.00>
ST_1 : Operation 35 [1/1] (0.78ns)   --->   "%add_ln45 = add i10 %select_ln44, i10 1" [../src/hysteresis.cpp:45->../src/canny_top.cpp:47->../src/canny_top.cpp:9]   --->   Operation 35 'add' 'add_ln45' <Predicate = (!icmp_ln44)> <Delay = 0.78> <CoreInst = "Adder">   --->   Core 1 'Adder' <Latency = 0> <II = 1> <Delay = 0.78> <FuncUnit> <Opcode : 'add' 'sub'> <InPorts = 2> <OutPorts = 1>
ST_1 : Operation 36 [1/1] (0.42ns)   --->   "%store_ln44 = store i11 %add_ln44, i11 %indvar_flatten34" [../src/hysteresis.cpp:44->../src/canny_top.cpp:47->../src/canny_top.cpp:9]   --->   Operation 36 'store' 'store_ln44' <Predicate = (!icmp_ln44)> <Delay = 0.42>
ST_1 : Operation 37 [1/1] (0.42ns)   --->   "%store_ln44 = store i2 %select_ln44_2, i2 %row" [../src/hysteresis.cpp:44->../src/canny_top.cpp:47->../src/canny_top.cpp:9]   --->   Operation 37 'store' 'store_ln44' <Predicate = (!icmp_ln44)> <Delay = 0.42>
ST_1 : Operation 38 [1/1] (0.42ns)   --->   "%store_ln45 = store i10 %add_ln45, i10 %column" [../src/hysteresis.cpp:45->../src/canny_top.cpp:47->../src/canny_top.cpp:9]   --->   Operation 38 'store' 'store_ln45' <Predicate = (!icmp_ln44)> <Delay = 0.42>
ST_1 : Operation 39 [1/1] (0.00ns)   --->   "%br_ln45 = br void %for.inc.i39.i" [../src/hysteresis.cpp:45->../src/canny_top.cpp:47->../src/canny_top.cpp:9]   --->   Operation 39 'br' 'br_ln45' <Predicate = (!icmp_ln44)> <Delay = 0.00>
ST_1 : Operation 40 [1/1] (0.42ns)   --->   "%ret_ln0 = ret"   --->   Operation 40 'ret' 'ret_ln0' <Predicate = (icmp_ln44)> <Delay = 0.42>


============================================================
+ Verbose Summary: Binding
============================================================
STG Binding: 
---------------- STG Properties BEGIN ----------------
- Is combinational: 0
- Is one-state seq: 0
- Is datapath-only: 0
- Is pipelined: 0
- Is top level: 0
Port [ Return ] is wired: 1; IO mode=ap_ctrl_hs:ce=0
Port [ p_ZN12_GLOBAL_N_110lineBufferILi3EEE_0]:  wired=1; compound=1; hidden=0; nouse=0; global=1; static=1; extern=0; dir=1; type=1; pingpong=0; private_global=0; MemPort=[03]; IO mode=ap_memory:ce=0
Port [ p_ZN12_GLOBAL_N_110lineBufferILi3EEE_1]:  wired=1; compound=1; hidden=0; nouse=0; global=1; static=1; extern=0; dir=1; type=1; pingpong=0; private_global=0; MemPort=[03]; IO mode=ap_memory:ce=0
---------------- STG Properties END ------------------

---------------- Datapath Model BEGIN ----------------

<LifeTime>
<method=bitvector/>
column                                      (alloca           ) [ 01]
row                                         (alloca           ) [ 01]
indvar_flatten34                            (alloca           ) [ 01]
store_ln0                                   (store            ) [ 00]
store_ln44                                  (store            ) [ 00]
store_ln45                                  (store            ) [ 00]
br_ln0                                      (br               ) [ 00]
indvar_flatten34_load                       (load             ) [ 00]
icmp_ln44                                   (icmp             ) [ 01]
add_ln44                                    (add              ) [ 00]
br_ln44                                     (br               ) [ 00]
column_load                                 (load             ) [ 00]
row_load                                    (load             ) [ 00]
add_ln44_2                                  (add              ) [ 00]
specloopname_ln0                            (specloopname     ) [ 00]
speclooptripcount_ln0                       (speclooptripcount) [ 00]
icmp_ln45                                   (icmp             ) [ 00]
select_ln44                                 (select           ) [ 00]
select_ln44_2                               (select           ) [ 00]
trunc_ln45                                  (trunc            ) [ 01]
specpipeline_ln45                           (specpipeline     ) [ 00]
lshr_ln45_2                                 (partselect       ) [ 00]
tmp_s                                       (bitconcatenate   ) [ 00]
zext_ln46_3                                 (zext             ) [ 00]
p_ZN12_GLOBAL_N_110lineBufferILi3EEE_0_addr (getelementptr    ) [ 00]
p_ZN12_GLOBAL_N_110lineBufferILi3EEE_1_addr (getelementptr    ) [ 00]
br_ln46                                     (br               ) [ 00]
store_ln46                                  (store            ) [ 00]
br_ln46                                     (br               ) [ 00]
store_ln46                                  (store            ) [ 00]
br_ln46                                     (br               ) [ 00]
add_ln45                                    (add              ) [ 00]
store_ln44                                  (store            ) [ 00]
store_ln44                                  (store            ) [ 00]
store_ln45                                  (store            ) [ 00]
br_ln45                                     (br               ) [ 00]
ret_ln0                                     (ret              ) [ 00]
</LifeTime>

<model>

<comp_list>
<comp id="0" class="1000" name="p_ZN12_GLOBAL_N_110lineBufferILi3EEE_0">
<pin_list>
<pin id="1" dir="1" index="0" bw="1" slack="0"/>
</pin_list>
<bind>
<StgValue><ssdm name="p_ZN12_GLOBAL_N_110lineBufferILi3EEE_0"/><MemPortTyVec>0 3 </MemPortTyVec>
</StgValue>
</bind>
</comp>

<comp id="2" class="1000" name="p_ZN12_GLOBAL_N_110lineBufferILi3EEE_1">
<pin_list>
<pin id="3" dir="1" index="0" bw="1" slack="0"/>
</pin_list>
<bind>
<StgValue><ssdm name="p_ZN12_GLOBAL_N_110lineBufferILi3EEE_1"/><MemPortTyVec>0 3 </MemPortTyVec>
</StgValue>
</bind>
</comp>

<comp id="4" class="1001" name="const_4">
<pin_list>
<pin id="5" dir="1" index="0" bw="1" slack="0"/>
</pin_list>
<bind>
<StgValue><ssdm name=""/></StgValue>
</bind>
</comp>

<comp id="6" class="1001" name="const_6">
<pin_list>
<pin id="7" dir="1" index="0" bw="1" slack="0"/>
</pin_list>
<bind>
<StgValue><ssdm name=""/></StgValue>
</bind>
</comp>

<comp id="8" class="1001" name="const_8">
<pin_list>
<pin id="9" dir="1" index="0" bw="1" slack="0"/>
</pin_list>
<bind>
<StgValue><ssdm name=""/></StgValue>
</bind>
</comp>

<comp id="10" class="1001" name="const_10">
<pin_list>
<pin id="11" dir="1" index="0" bw="1" slack="0"/>
</pin_list>
<bind>
<StgValue><ssdm name=""/></StgValue>
</bind>
</comp>

<comp id="12" class="1001" name="const_12">
<pin_list>
<pin id="13" dir="1" index="0" bw="1" slack="0"/>
</pin_list>
<bind>
<StgValue><ssdm name=""/></StgValue>
</bind>
</comp>

<comp id="14" class="1001" name="const_14">
<pin_list>
<pin id="15" dir="1" index="0" bw="1" slack="0"/>
</pin_list>
<bind>
<StgValue><ssdm name=""/></StgValue>
</bind>
</comp>

<comp id="16" class="1001" name="const_16">
<pin_list>
<pin id="17" dir="1" index="0" bw="1" slack="0"/>
</pin_list>
<bind>
<StgValue><ssdm name=""/></StgValue>
</bind>
</comp>

<comp id="18" class="1001" name="const_18">
<pin_list>
<pin id="19" dir="1" index="0" bw="1" slack="2147483647"/>
</pin_list>
<bind>
<StgValue><ssdm name="_ssdm_op_SpecLoopName"/></StgValue>
</bind>
</comp>

<comp id="20" class="1001" name="const_20">
<pin_list>
<pin id="21" dir="1" index="0" bw="1" slack="2147483647"/>
</pin_list>
<bind>
<StgValue><ssdm name="VITIS_LOOP_44_1_VITIS_LOOP_45_2_str"/></StgValue>
</bind>
</comp>

<comp id="22" class="1001" name="const_22">
<pin_list>
<pin id="23" dir="1" index="0" bw="1" slack="2147483647"/>
</pin_list>
<bind>
<StgValue><ssdm name="_ssdm_op_SpecLoopTripCount"/></StgValue>
</bind>
</comp>

<comp id="24" class="1001" name="const_24">
<pin_list>
<pin id="25" dir="1" index="0" bw="1" slack="2147483647"/>
</pin_list>
<bind>
<StgValue><ssdm name=""/></StgValue>
</bind>
</comp>

<comp id="26" class="1001" name="const_26">
<pin_list>
<pin id="27" dir="1" index="0" bw="1" slack="0"/>
</pin_list>
<bind>
<StgValue><ssdm name=""/></StgValue>
</bind>
</comp>

<comp id="28" class="1001" name="const_28">
<pin_list>
<pin id="29" dir="1" index="0" bw="1" slack="2147483647"/>
</pin_list>
<bind>
<StgValue><ssdm name="_ssdm_op_SpecPipeline"/></StgValue>
</bind>
</comp>

<comp id="30" class="1001" name="const_30">
<pin_list>
<pin id="31" dir="1" index="0" bw="1" slack="2147483647"/>
</pin_list>
<bind>
<StgValue><ssdm name=""/></StgValue>
</bind>
</comp>

<comp id="32" class="1001" name="const_32">
<pin_list>
<pin id="33" dir="1" index="0" bw="1" slack="2147483647"/>
</pin_list>
<bind>
<StgValue><ssdm name=""/></StgValue>
</bind>
</comp>

<comp id="34" class="1001" name="const_34">
<pin_list>
<pin id="35" dir="1" index="0" bw="1" slack="2147483647"/>
</pin_list>
<bind>
<StgValue><ssdm name="empty_10"/></StgValue>
</bind>
</comp>

<comp id="36" class="1001" name="const_36">
<pin_list>
<pin id="37" dir="1" index="0" bw="1" slack="0"/>
</pin_list>
<bind>
<StgValue><ssdm name="_ssdm_op_PartSelect.i8.i10.i32.i32"/></StgValue>
</bind>
</comp>

<comp id="38" class="1001" name="const_38">
<pin_list>
<pin id="39" dir="1" index="0" bw="1" slack="0"/>
</pin_list>
<bind>
<StgValue><ssdm name=""/></StgValue>
</bind>
</comp>

<comp id="40" class="1001" name="const_40">
<pin_list>
<pin id="41" dir="1" index="0" bw="1" slack="0"/>
</pin_list>
<bind>
<StgValue><ssdm name="_ssdm_op_BitConcatenate.i10.i2.i8"/></StgValue>
</bind>
</comp>

<comp id="42" class="1001" name="const_42">
<pin_list>
<pin id="43" dir="1" index="0" bw="1" slack="0"/>
</pin_list>
<bind>
<StgValue><ssdm name=""/></StgValue>
</bind>
</comp>

<comp id="44" class="1001" name="const_44">
<pin_list>
<pin id="45" dir="1" index="0" bw="1" slack="0"/>
</pin_list>
<bind>
<StgValue><ssdm name=""/></StgValue>
</bind>
</comp>

<comp id="46" class="1004" name="column_fu_46">
<pin_list>
<pin id="47" dir="0" index="0" bw="1" slack="0"/>
<pin id="48" dir="1" index="1" bw="10" slack="0"/>
</pin_list>
<bind>
<opcode="alloca(26) " fcode="alloca"/>
<opset="column/1 "/>
</bind>
</comp>

<comp id="50" class="1004" name="row_fu_50">
<pin_list>
<pin id="51" dir="0" index="0" bw="1" slack="0"/>
<pin id="52" dir="1" index="1" bw="2" slack="0"/>
</pin_list>
<bind>
<opcode="alloca(26) " fcode="alloca"/>
<opset="row/1 "/>
</bind>
</comp>

<comp id="54" class="1004" name="indvar_flatten34_fu_54">
<pin_list>
<pin id="55" dir="0" index="0" bw="1" slack="0"/>
<pin id="56" dir="1" index="1" bw="11" slack="0"/>
</pin_list>
<bind>
<opcode="alloca(26) " fcode="alloca"/>
<opset="indvar_flatten34/1 "/>
</bind>
</comp>

<comp id="58" class="1004" name="p_ZN12_GLOBAL_N_110lineBufferILi3EEE_0_addr_gep_fu_58">
<pin_list>
<pin id="59" dir="0" index="0" bw="2" slack="0"/>
<pin id="60" dir="0" index="1" bw="1" slack="0"/>
<pin id="61" dir="0" index="2" bw="10" slack="0"/>
<pin id="62" dir="1" index="3" bw="10" slack="0"/>
</pin_list>
<bind>
<opcode="getelementptr(29) " fcode="getelementptr"/>
<opset="p_ZN12_GLOBAL_N_110lineBufferILi3EEE_0_addr/1 "/>
</bind>
</comp>

<comp id="65" class="1004" name="p_ZN12_GLOBAL_N_110lineBufferILi3EEE_1_addr_gep_fu_65">
<pin_list>
<pin id="66" dir="0" index="0" bw="2" slack="0"/>
<pin id="67" dir="0" index="1" bw="1" slack="0"/>
<pin id="68" dir="0" index="2" bw="10" slack="0"/>
<pin id="69" dir="1" index="3" bw="10" slack="0"/>
</pin_list>
<bind>
<opcode="getelementptr(29) " fcode="getelementptr"/>
<opset="p_ZN12_GLOBAL_N_110lineBufferILi3EEE_1_addr/1 "/>
</bind>
</comp>

<comp id="72" class="1004" name="store_ln46_access_fu_72">
<pin_list>
<pin id="73" dir="0" index="0" bw="10" slack="0"/>
<pin id="74" dir="0" index="1" bw="2" slack="0"/>
<pin id="75" dir="0" index="2" bw="0" slack="2147483647"/>
<pin id="76" dir="1" index="3" bw="2" slack="2147483647"/>
</pin_list>
<bind>
<opcode="store(28) " fcode="store"/>
<opset="store_ln46/1 "/>
</bind>
</comp>

<comp id="79" class="1004" name="store_ln46_access_fu_79">
<pin_list>
<pin id="80" dir="0" index="0" bw="10" slack="0"/>
<pin id="81" dir="0" index="1" bw="2" slack="0"/>
<pin id="82" dir="0" index="2" bw="0" slack="2147483647"/>
<pin id="83" dir="1" index="3" bw="2" slack="2147483647"/>
</pin_list>
<bind>
<opcode="store(28) " fcode="store"/>
<opset="store_ln46/1 "/>
</bind>
</comp>

<comp id="86" class="1004" name="store_ln0_store_fu_86">
<pin_list>
<pin id="87" dir="0" index="0" bw="1" slack="0"/>
<pin id="88" dir="0" index="1" bw="11" slack="0"/>
<pin id="89" dir="1" index="2" bw="0" slack="2147483647"/>
</pin_list>
<bind>
<opcode="store(28) " fcode="store"/>
<opset="store_ln0/1 "/>
</bind>
</comp>

<comp id="91" class="1004" name="store_ln44_store_fu_91">
<pin_list>
<pin id="92" dir="0" index="0" bw="1" slack="0"/>
<pin id="93" dir="0" index="1" bw="2" slack="0"/>
<pin id="94" dir="1" index="2" bw="0" slack="2147483647"/>
</pin_list>
<bind>
<opcode="store(28) " fcode="store"/>
<opset="store_ln44/1 "/>
</bind>
</comp>

<comp id="96" class="1004" name="store_ln45_store_fu_96">
<pin_list>
<pin id="97" dir="0" index="0" bw="1" slack="0"/>
<pin id="98" dir="0" index="1" bw="10" slack="0"/>
<pin id="99" dir="1" index="2" bw="0" slack="2147483647"/>
</pin_list>
<bind>
<opcode="store(28) " fcode="store"/>
<opset="store_ln45/1 "/>
</bind>
</comp>

<comp id="101" class="1004" name="indvar_flatten34_load_load_fu_101">
<pin_list>
<pin id="102" dir="0" index="0" bw="11" slack="0"/>
<pin id="103" dir="1" index="1" bw="11" slack="0"/>
</pin_list>
<bind>
<opcode="load(27) " fcode="load"/>
<opset="indvar_flatten34_load/1 "/>
</bind>
</comp>

<comp id="104" class="1004" name="icmp_ln44_fu_104">
<pin_list>
<pin id="105" dir="0" index="0" bw="11" slack="0"/>
<pin id="106" dir="0" index="1" bw="10" slack="0"/>
<pin id="107" dir="1" index="2" bw="1" slack="2147483647"/>
</pin_list>
<bind>
<opcode="icmp(45) " fcode="icmp"/>
<opset="icmp_ln44/1 "/>
</bind>
</comp>

<comp id="110" class="1004" name="add_ln44_fu_110">
<pin_list>
<pin id="111" dir="0" index="0" bw="11" slack="0"/>
<pin id="112" dir="0" index="1" bw="1" slack="0"/>
<pin id="113" dir="1" index="2" bw="11" slack="0"/>
</pin_list>
<bind>
<opcode="add(8) " fcode="add"/>
<opset="add_ln44/1 "/>
</bind>
</comp>

<comp id="116" class="1004" name="column_load_load_fu_116">
<pin_list>
<pin id="117" dir="0" index="0" bw="10" slack="0"/>
<pin id="118" dir="1" index="1" bw="10" slack="0"/>
</pin_list>
<bind>
<opcode="load(27) " fcode="load"/>
<opset="column_load/1 "/>
</bind>
</comp>

<comp id="119" class="1004" name="row_load_load_fu_119">
<pin_list>
<pin id="120" dir="0" index="0" bw="2" slack="0"/>
<pin id="121" dir="1" index="1" bw="2" slack="0"/>
</pin_list>
<bind>
<opcode="load(27) " fcode="load"/>
<opset="row_load/1 "/>
</bind>
</comp>

<comp id="122" class="1004" name="add_ln44_2_fu_122">
<pin_list>
<pin id="123" dir="0" index="0" bw="2" slack="0"/>
<pin id="124" dir="0" index="1" bw="1" slack="0"/>
<pin id="125" dir="1" index="2" bw="2" slack="0"/>
</pin_list>
<bind>
<opcode="add(8) " fcode="add"/>
<opset="add_ln44_2/1 "/>
</bind>
</comp>

<comp id="128" class="1004" name="icmp_ln45_fu_128">
<pin_list>
<pin id="129" dir="0" index="0" bw="10" slack="0"/>
<pin id="130" dir="0" index="1" bw="10" slack="0"/>
<pin id="131" dir="1" index="2" bw="1" slack="0"/>
</pin_list>
<bind>
<opcode="icmp(45) " fcode="icmp"/>
<opset="icmp_ln45/1 "/>
</bind>
</comp>

<comp id="134" class="1004" name="select_ln44_fu_134">
<pin_list>
<pin id="135" dir="0" index="0" bw="1" slack="0"/>
<pin id="136" dir="0" index="1" bw="1" slack="0"/>
<pin id="137" dir="0" index="2" bw="10" slack="0"/>
<pin id="138" dir="1" index="3" bw="10" slack="0"/>
</pin_list>
<bind>
<opcode="select(49) " fcode="select"/>
<opset="select_ln44/1 "/>
</bind>
</comp>

<comp id="142" class="1004" name="select_ln44_2_fu_142">
<pin_list>
<pin id="143" dir="0" index="0" bw="1" slack="0"/>
<pin id="144" dir="0" index="1" bw="2" slack="0"/>
<pin id="145" dir="0" index="2" bw="2" slack="0"/>
<pin id="146" dir="1" index="3" bw="2" slack="0"/>
</pin_list>
<bind>
<opcode="select(49) " fcode="select"/>
<opset="select_ln44_2/1 "/>
</bind>
</comp>

<comp id="150" class="1004" name="trunc_ln45_fu_150">
<pin_list>
<pin id="151" dir="0" index="0" bw="10" slack="0"/>
<pin id="152" dir="1" index="1" bw="1" slack="2147483647"/>
</pin_list>
<bind>
<opcode="trunc(33) " fcode="trunc"/>
<opset="trunc_ln45/1 "/>
</bind>
</comp>

<comp id="154" class="1004" name="lshr_ln45_2_fu_154">
<pin_list>
<pin id="155" dir="0" index="0" bw="8" slack="0"/>
<pin id="156" dir="0" index="1" bw="10" slack="0"/>
<pin id="157" dir="0" index="2" bw="1" slack="0"/>
<pin id="158" dir="0" index="3" bw="5" slack="0"/>
<pin id="159" dir="1" index="4" bw="8" slack="0"/>
</pin_list>
<bind>
<opcode="partselect(1002) " fcode="partselect"/>
<opset="lshr_ln45_2/1 "/>
</bind>
</comp>

<comp id="164" class="1004" name="tmp_s_fu_164">
<pin_list>
<pin id="165" dir="0" index="0" bw="10" slack="0"/>
<pin id="166" dir="0" index="1" bw="2" slack="0"/>
<pin id="167" dir="0" index="2" bw="8" slack="0"/>
<pin id="168" dir="1" index="3" bw="10" slack="0"/>
</pin_list>
<bind>
<opcode="bitconcatenate(1004) " fcode="bitconcatenate"/>
<opset="tmp_s/1 "/>
</bind>
</comp>

<comp id="172" class="1004" name="zext_ln46_3_fu_172">
<pin_list>
<pin id="173" dir="0" index="0" bw="10" slack="0"/>
<pin id="174" dir="1" index="1" bw="64" slack="0"/>
</pin_list>
<bind>
<opcode="zext(34) " fcode="zext"/>
<opset="zext_ln46_3/1 "/>
</bind>
</comp>

<comp id="178" class="1004" name="add_ln45_fu_178">
<pin_list>
<pin id="179" dir="0" index="0" bw="10" slack="0"/>
<pin id="180" dir="0" index="1" bw="1" slack="0"/>
<pin id="181" dir="1" index="2" bw="10" slack="0"/>
</pin_list>
<bind>
<opcode="add(8) " fcode="add"/>
<opset="add_ln45/1 "/>
</bind>
</comp>

<comp id="184" class="1004" name="store_ln44_store_fu_184">
<pin_list>
<pin id="185" dir="0" index="0" bw="11" slack="0"/>
<pin id="186" dir="0" index="1" bw="11" slack="0"/>
<pin id="187" dir="1" index="2" bw="0" slack="2147483647"/>
</pin_list>
<bind>
<opcode="store(28) " fcode="store"/>
<opset="store_ln44/1 "/>
</bind>
</comp>

<comp id="189" class="1004" name="store_ln44_store_fu_189">
<pin_list>
<pin id="190" dir="0" index="0" bw="2" slack="0"/>
<pin id="191" dir="0" index="1" bw="2" slack="0"/>
<pin id="192" dir="1" index="2" bw="0" slack="2147483647"/>
</pin_list>
<bind>
<opcode="store(28) " fcode="store"/>
<opset="store_ln44/1 "/>
</bind>
</comp>

<comp id="194" class="1004" name="store_ln45_store_fu_194">
<pin_list>
<pin id="195" dir="0" index="0" bw="10" slack="0"/>
<pin id="196" dir="0" index="1" bw="10" slack="0"/>
<pin id="197" dir="1" index="2" bw="0" slack="2147483647"/>
</pin_list>
<bind>
<opcode="store(28) " fcode="store"/>
<opset="store_ln45/1 "/>
</bind>
</comp>

<comp id="199" class="1005" name="column_reg_199">
<pin_list>
<pin id="200" dir="0" index="0" bw="10" slack="0"/>
<pin id="201" dir="1" index="1" bw="10" slack="0"/>
</pin_list>
<bind>
<opset="column "/>
</bind>
</comp>

<comp id="206" class="1005" name="row_reg_206">
<pin_list>
<pin id="207" dir="0" index="0" bw="2" slack="0"/>
<pin id="208" dir="1" index="1" bw="2" slack="0"/>
</pin_list>
<bind>
<opset="row "/>
</bind>
</comp>

<comp id="213" class="1005" name="indvar_flatten34_reg_213">
<pin_list>
<pin id="214" dir="0" index="0" bw="11" slack="0"/>
<pin id="215" dir="1" index="1" bw="11" slack="0"/>
</pin_list>
<bind>
<opset="indvar_flatten34 "/>
</bind>
</comp>

</comp_list>

<net_list>
<net id="49"><net_src comp="4" pin="0"/><net_sink comp="46" pin=0"/></net>

<net id="53"><net_src comp="4" pin="0"/><net_sink comp="50" pin=0"/></net>

<net id="57"><net_src comp="4" pin="0"/><net_sink comp="54" pin=0"/></net>

<net id="63"><net_src comp="0" pin="0"/><net_sink comp="58" pin=0"/></net>

<net id="64"><net_src comp="42" pin="0"/><net_sink comp="58" pin=1"/></net>

<net id="70"><net_src comp="2" pin="0"/><net_sink comp="65" pin=0"/></net>

<net id="71"><net_src comp="42" pin="0"/><net_sink comp="65" pin=1"/></net>

<net id="77"><net_src comp="8" pin="0"/><net_sink comp="72" pin=1"/></net>

<net id="78"><net_src comp="58" pin="3"/><net_sink comp="72" pin=0"/></net>

<net id="84"><net_src comp="8" pin="0"/><net_sink comp="79" pin=1"/></net>

<net id="85"><net_src comp="65" pin="3"/><net_sink comp="79" pin=0"/></net>

<net id="90"><net_src comp="6" pin="0"/><net_sink comp="86" pin=0"/></net>

<net id="95"><net_src comp="8" pin="0"/><net_sink comp="91" pin=0"/></net>

<net id="100"><net_src comp="10" pin="0"/><net_sink comp="96" pin=0"/></net>

<net id="108"><net_src comp="101" pin="1"/><net_sink comp="104" pin=0"/></net>

<net id="109"><net_src comp="12" pin="0"/><net_sink comp="104" pin=1"/></net>

<net id="114"><net_src comp="101" pin="1"/><net_sink comp="110" pin=0"/></net>

<net id="115"><net_src comp="14" pin="0"/><net_sink comp="110" pin=1"/></net>

<net id="126"><net_src comp="119" pin="1"/><net_sink comp="122" pin=0"/></net>

<net id="127"><net_src comp="16" pin="0"/><net_sink comp="122" pin=1"/></net>

<net id="132"><net_src comp="116" pin="1"/><net_sink comp="128" pin=0"/></net>

<net id="133"><net_src comp="26" pin="0"/><net_sink comp="128" pin=1"/></net>

<net id="139"><net_src comp="128" pin="2"/><net_sink comp="134" pin=0"/></net>

<net id="140"><net_src comp="10" pin="0"/><net_sink comp="134" pin=1"/></net>

<net id="141"><net_src comp="116" pin="1"/><net_sink comp="134" pin=2"/></net>

<net id="147"><net_src comp="128" pin="2"/><net_sink comp="142" pin=0"/></net>

<net id="148"><net_src comp="122" pin="2"/><net_sink comp="142" pin=1"/></net>

<net id="149"><net_src comp="119" pin="1"/><net_sink comp="142" pin=2"/></net>

<net id="153"><net_src comp="134" pin="3"/><net_sink comp="150" pin=0"/></net>

<net id="160"><net_src comp="36" pin="0"/><net_sink comp="154" pin=0"/></net>

<net id="161"><net_src comp="134" pin="3"/><net_sink comp="154" pin=1"/></net>

<net id="162"><net_src comp="4" pin="0"/><net_sink comp="154" pin=2"/></net>

<net id="163"><net_src comp="38" pin="0"/><net_sink comp="154" pin=3"/></net>

<net id="169"><net_src comp="40" pin="0"/><net_sink comp="164" pin=0"/></net>

<net id="170"><net_src comp="142" pin="3"/><net_sink comp="164" pin=1"/></net>

<net id="171"><net_src comp="154" pin="4"/><net_sink comp="164" pin=2"/></net>

<net id="175"><net_src comp="164" pin="3"/><net_sink comp="172" pin=0"/></net>

<net id="176"><net_src comp="172" pin="1"/><net_sink comp="58" pin=2"/></net>

<net id="177"><net_src comp="172" pin="1"/><net_sink comp="65" pin=2"/></net>

<net id="182"><net_src comp="134" pin="3"/><net_sink comp="178" pin=0"/></net>

<net id="183"><net_src comp="44" pin="0"/><net_sink comp="178" pin=1"/></net>

<net id="188"><net_src comp="110" pin="2"/><net_sink comp="184" pin=0"/></net>

<net id="193"><net_src comp="142" pin="3"/><net_sink comp="189" pin=0"/></net>

<net id="198"><net_src comp="178" pin="2"/><net_sink comp="194" pin=0"/></net>

<net id="202"><net_src comp="46" pin="1"/><net_sink comp="199" pin=0"/></net>

<net id="203"><net_src comp="199" pin="1"/><net_sink comp="96" pin=1"/></net>

<net id="204"><net_src comp="199" pin="1"/><net_sink comp="116" pin=0"/></net>

<net id="205"><net_src comp="199" pin="1"/><net_sink comp="194" pin=1"/></net>

<net id="209"><net_src comp="50" pin="1"/><net_sink comp="206" pin=0"/></net>

<net id="210"><net_src comp="206" pin="1"/><net_sink comp="91" pin=1"/></net>

<net id="211"><net_src comp="206" pin="1"/><net_sink comp="119" pin=0"/></net>

<net id="212"><net_src comp="206" pin="1"/><net_sink comp="189" pin=1"/></net>

<net id="216"><net_src comp="54" pin="1"/><net_sink comp="213" pin=0"/></net>

<net id="217"><net_src comp="213" pin="1"/><net_sink comp="86" pin=1"/></net>

<net id="218"><net_src comp="213" pin="1"/><net_sink comp="101" pin=0"/></net>

<net id="219"><net_src comp="213" pin="1"/><net_sink comp="184" pin=1"/></net>

</net_list>

</model> 
---------------- Datapath Model END ------------------

* FSMD analyzer results:
  - Output states:
	Port: p_ZN12_GLOBAL_N_110lineBufferILi3EEE_0 | {1 }
	Port: p_ZN12_GLOBAL_N_110lineBufferILi3EEE_1 | {1 }
 - Input state : 
  - Chain level:
	State 1
		store_ln0 : 1
		store_ln44 : 1
		store_ln45 : 1
		indvar_flatten34_load : 1
		icmp_ln44 : 2
		add_ln44 : 2
		br_ln44 : 3
		column_load : 1
		row_load : 1
		add_ln44_2 : 2
		icmp_ln45 : 2
		select_ln44 : 3
		select_ln44_2 : 3
		trunc_ln45 : 4
		lshr_ln45_2 : 4
		tmp_s : 5
		zext_ln46_3 : 6
		p_ZN12_GLOBAL_N_110lineBufferILi3EEE_0_addr : 7
		p_ZN12_GLOBAL_N_110lineBufferILi3EEE_1_addr : 7
		br_ln46 : 5
		store_ln46 : 8
		store_ln46 : 8
		add_ln45 : 4
		store_ln44 : 3
		store_ln44 : 4
		store_ln45 : 5


============================================================
+ Verbose Summary: Datapath Resource usage 
============================================================

* Functional unit list:
|----------|----------------------|---------|---------|
| Operation|    Functional Unit   |    FF   |   LUT   |
|----------|----------------------|---------|---------|
|          |    add_ln44_fu_110   |    0    |    18   |
|    add   |   add_ln44_2_fu_122  |    0    |    9    |
|          |    add_ln45_fu_178   |    0    |    17   |
|----------|----------------------|---------|---------|
|   icmp   |   icmp_ln44_fu_104   |    0    |    18   |
|          |   icmp_ln45_fu_128   |    0    |    17   |
|----------|----------------------|---------|---------|
|  select  |  select_ln44_fu_134  |    0    |    10   |
|          | select_ln44_2_fu_142 |    0    |    2    |
|----------|----------------------|---------|---------|
|   trunc  |   trunc_ln45_fu_150  |    0    |    0    |
|----------|----------------------|---------|---------|
|partselect|  lshr_ln45_2_fu_154  |    0    |    0    |
|----------|----------------------|---------|---------|
|bitconcatenate|     tmp_s_fu_164     |    0    |    0    |
|----------|----------------------|---------|---------|
|   zext   |  zext_ln46_3_fu_172  |    0    |    0    |
|----------|----------------------|---------|---------|
|   Total  |                      |    0    |    91   |
|----------|----------------------|---------|---------|

Memories:
N/A

* Register list:
+------------------------+--------+
|                        |   FF   |
+------------------------+--------+
|     column_reg_199     |   10   |
|indvar_flatten34_reg_213|   11   |
|       row_reg_206      |    2   |
+------------------------+--------+
|          Total         |   23   |
+------------------------+--------+

* Multiplexer (MUX) list: 
|--------|------|------|------|--------|
|  Comp  |  Pin | Size |  BW  | S x BW |
|--------|------|------|------|--------|
|  Total |      |      |      |    0   |
|--------|------|------|------|--------|



* Summary:
+-----------+--------+--------+
|           |   FF   |   LUT  |
+-----------+--------+--------+
|  Function |    0   |   91   |
|   Memory  |    -   |    -   |
|Multiplexer|    -   |    -   |
|  Register |   23   |    -   |
+-----------+--------+--------+
|   Total   |   23   |   91   |
+-----------+--------+--------+
