

================================================================
== Vitis HLS Report for 'canny_top_Pipeline_VITIS_LOOP_41_1_VITIS_LOOP_42_2'
================================================================
* Date:           Sat Jul 25 12:05:01 2026

* Version:        2025.2 (Build 6295257 on Nov 14 2025)
* Project:        canny_top
* Solution:       hls (Vitis Kernel Flow Target)
* Product family: zynquplus
* Target device:  xck26-sfvc784-2LV-c


================================================================
== Performance Estimates
================================================================
+ Timing: 
    * Summary: 
    +--------+---------+----------+------------+
    |  Clock |  Target | Estimated| Uncertainty|
    +--------+---------+----------+------------+
    |ap_clk  |  5.00 ns|  3.236 ns|     1.35 ns|
    +--------+---------+----------+------------+

+ Latency: 
    * Summary: 
    +---------+---------+-----------+-----------+-----+-----+-------------------+
    |  Latency (cycles) |   Latency (absolute)  |  Interval |      Pipeline     |
    |   min   |   max   |    min    |    max    | min | max |        Type       |
    +---------+---------+-----------+-----------+-----+-----+-------------------+
    |     2562|     2562|  12.810 us|  12.810 us|    0|    0|  loop pipeline stp|
    +---------+---------+-----------+-----------+-----+-----+-------------------+

    + Detail: 
        * Instance: 
        N/A

        * Loop: 
        +-----------------------------------+---------+---------+----------+-----------+-----------+------+----------+
        |                                   |  Latency (cycles) | Iteration|  Initiation Interval  | Trip |          |
        |             Loop Name             |   min   |   max   |  Latency |  achieved |   target  | Count| Pipelined|
        +-----------------------------------+---------+---------+----------+-----------+-----------+------+----------+
        |- VITIS_LOOP_41_1_VITIS_LOOP_42_2  |     2560|     2560|         2|          1|          1|  2560|       yes|
        +-----------------------------------+---------+---------+----------+-----------+-----------+------+----------+

============================================================
+ Verbose Summary: Synthesis Manager
============================================================
InlineROM: 1
ExposeGlobal: 0
============================================================
+ Verbose Summary: CDFG Model
============================================================
IsTopModel: 0
ResetActiveHigh: 1
IsCombinational: 0
IsDatapathOnly: 0
HasWiredReturn: 1
HasMFsm: 2
HasVarLatency: 1
IsPipeline: 0
IsRtlPipelined: 0
IsInstanceOverlapped: 0
IsDontTouch: 0
HasImplIP: 0
IsGatedGlobalClock: 0

+ Individual pipeline summary: 
  * Pipeline-0: initiation interval (II) = 1, depth = 2


============================================================
+ Verbose Summary: Schedule
============================================================
* Number of FSM states : 2
* Pipeline : 1
  Pipeline-0 : II = 1, D = 2, States = { 1 2 }
* Dataflow Pipeline: 0

* FSM state transitions: 
1 --> 2 
2 --> 

* FSM state operations: 

State 1 <SV = 0> <Delay = 1.66>
ST_1 : Operation 5 [1/1] (0.00ns)   --->   "%column = alloca i32 1" [../src/gaussian_blur.cpp:42->../src/canny_top.cpp:43->../src/canny_top.cpp:10]   --->   Operation 5 'alloca' 'column' <Predicate = true> <Delay = 0.00>
ST_1 : Operation 6 [1/1] (0.00ns)   --->   "%row = alloca i32 1" [../src/gaussian_blur.cpp:41->../src/canny_top.cpp:43->../src/canny_top.cpp:10]   --->   Operation 6 'alloca' 'row' <Predicate = true> <Delay = 0.00>
ST_1 : Operation 7 [1/1] (0.00ns)   --->   "%indvar_flatten = alloca i32 1"   --->   Operation 7 'alloca' 'indvar_flatten' <Predicate = true> <Delay = 0.00>
ST_1 : Operation 8 [1/1] (0.42ns)   --->   "%store_ln0 = store i12 0, i12 %indvar_flatten"   --->   Operation 8 'store' 'store_ln0' <Predicate = true> <Delay = 0.42>
ST_1 : Operation 9 [1/1] (0.42ns)   --->   "%store_ln41 = store i3 0, i3 %row" [../src/gaussian_blur.cpp:41->../src/canny_top.cpp:43->../src/canny_top.cpp:10]   --->   Operation 9 'store' 'store_ln41' <Predicate = true> <Delay = 0.42>
ST_1 : Operation 10 [1/1] (0.42ns)   --->   "%store_ln42 = store i10 0, i10 %column" [../src/gaussian_blur.cpp:42->../src/canny_top.cpp:43->../src/canny_top.cpp:10]   --->   Operation 10 'store' 'store_ln42' <Predicate = true> <Delay = 0.42>
ST_1 : Operation 11 [1/1] (0.00ns)   --->   "%br_ln0 = br void %for.inc.i.i"   --->   Operation 11 'br' 'br_ln0' <Predicate = true> <Delay = 0.00>
ST_1 : Operation 12 [1/1] (0.00ns)   --->   "%indvar_flatten_load = load i12 %indvar_flatten" [../src/gaussian_blur.cpp:41->../src/canny_top.cpp:43->../src/canny_top.cpp:10]   --->   Operation 12 'load' 'indvar_flatten_load' <Predicate = true> <Delay = 0.00>
ST_1 : Operation 13 [1/1] (0.80ns)   --->   "%icmp_ln41 = icmp_eq  i12 %indvar_flatten_load, i12 2560" [../src/gaussian_blur.cpp:41->../src/canny_top.cpp:43->../src/canny_top.cpp:10]   --->   Operation 13 'icmp' 'icmp_ln41' <Predicate = true> <Delay = 0.80> <CoreInst = "Cmp">   --->   Core 9 'Cmp' <Latency = 0> <II = 1> <Delay = 0.80> <FuncUnit> <Opcode : 'seteq' 'setne' 'setle' 'setge' 'setlt' 'setgt'> <InPorts = 2> <OutPorts = 1>
ST_1 : Operation 14 [1/1] (0.80ns)   --->   "%add_ln41_1 = add i12 %indvar_flatten_load, i12 1" [../src/gaussian_blur.cpp:41->../src/canny_top.cpp:43->../src/canny_top.cpp:10]   --->   Operation 14 'add' 'add_ln41_1' <Predicate = true> <Delay = 0.80> <CoreInst = "Adder">   --->   Core 1 'Adder' <Latency = 0> <II = 1> <Delay = 0.80> <FuncUnit> <Opcode : 'add' 'sub'> <InPorts = 2> <OutPorts = 1>
ST_1 : Operation 15 [1/1] (0.00ns)   --->   "%br_ln41 = br i1 %icmp_ln41, void %for.inc7.i.i, void %_Z19gaussian_blur_resetv.exit.i.exitStub" [../src/gaussian_blur.cpp:41->../src/canny_top.cpp:43->../src/canny_top.cpp:10]   --->   Operation 15 'br' 'br_ln41' <Predicate = true> <Delay = 0.00>
ST_1 : Operation 16 [1/1] (0.42ns)   --->   "%store_ln41 = store i12 %add_ln41_1, i12 %indvar_flatten" [../src/gaussian_blur.cpp:41->../src/canny_top.cpp:43->../src/canny_top.cpp:10]   --->   Operation 16 'store' 'store_ln41' <Predicate = (!icmp_ln41)> <Delay = 0.42>
ST_1 : Operation 36 [1/1] (0.42ns)   --->   "%ret_ln0 = ret"   --->   Operation 36 'ret' 'ret_ln0' <Predicate = (icmp_ln41)> <Delay = 0.42>

State 2 <SV = 1> <Delay = 3.23>
ST_2 : Operation 17 [1/1] (0.00ns)   --->   "%column_load = load i10 %column" [../src/gaussian_blur.cpp:42->../src/canny_top.cpp:43->../src/canny_top.cpp:10]   --->   Operation 17 'load' 'column_load' <Predicate = true> <Delay = 0.00>
ST_2 : Operation 18 [1/1] (0.00ns)   --->   "%row_load = load i3 %row" [../src/gaussian_blur.cpp:41->../src/canny_top.cpp:43->../src/canny_top.cpp:10]   --->   Operation 18 'load' 'row_load' <Predicate = true> <Delay = 0.00>
ST_2 : Operation 19 [1/1] (0.67ns)   --->   "%add_ln41 = add i3 %row_load, i3 1" [../src/gaussian_blur.cpp:41->../src/canny_top.cpp:43->../src/canny_top.cpp:10]   --->   Operation 19 'add' 'add_ln41' <Predicate = true> <Delay = 0.67> <CoreInst = "Adder">   --->   Core 1 'Adder' <Latency = 0> <II = 1> <Delay = 0.67> <FuncUnit> <Opcode : 'add' 'sub'> <InPorts = 2> <OutPorts = 1>
ST_2 : Operation 20 [1/1] (0.00ns)   --->   "%specloopname_ln0 = specloopname void @_ssdm_op_SpecLoopName, void @VITIS_LOOP_41_1_VITIS_LOOP_42_2_str"   --->   Operation 20 'specloopname' 'specloopname_ln0' <Predicate = true> <Delay = 0.00>
ST_2 : Operation 21 [1/1] (0.00ns)   --->   "%speclooptripcount_ln0 = speclooptripcount void @_ssdm_op_SpecLoopTripCount, i64 2560, i64 2560, i64 2560"   --->   Operation 21 'speclooptripcount' 'speclooptripcount_ln0' <Predicate = true> <Delay = 0.00>
ST_2 : Operation 22 [1/1] (0.78ns)   --->   "%icmp_ln42 = icmp_eq  i10 %column_load, i10 512" [../src/gaussian_blur.cpp:42->../src/canny_top.cpp:43->../src/canny_top.cpp:10]   --->   Operation 22 'icmp' 'icmp_ln42' <Predicate = true> <Delay = 0.78> <CoreInst = "Cmp">   --->   Core 9 'Cmp' <Latency = 0> <II = 1> <Delay = 0.78> <FuncUnit> <Opcode : 'seteq' 'setne' 'setle' 'setge' 'setlt' 'setgt'> <InPorts = 2> <OutPorts = 1>
ST_2 : Operation 23 [1/1] (0.40ns)   --->   "%select_ln41 = select i1 %icmp_ln42, i10 0, i10 %column_load" [../src/gaussian_blur.cpp:41->../src/canny_top.cpp:43->../src/canny_top.cpp:10]   --->   Operation 23 'select' 'select_ln41' <Predicate = true> <Delay = 0.40> <CoreInst = "Sel">   --->   Core 73 'Sel' <Latency = 0> <II = 1> <Delay = 0.40> <FuncUnit> <Opcode : 'select'> <InPorts = 3> <OutPorts = 1>
ST_2 : Operation 24 [1/1] (0.20ns)   --->   "%select_ln41_1 = select i1 %icmp_ln42, i3 %add_ln41, i3 %row_load" [../src/gaussian_blur.cpp:41->../src/canny_top.cpp:43->../src/canny_top.cpp:10]   --->   Operation 24 'select' 'select_ln41_1' <Predicate = true> <Delay = 0.20> <CoreInst = "Sel">   --->   Core 73 'Sel' <Latency = 0> <II = 1> <Delay = 0.20> <FuncUnit> <Opcode : 'select'> <InPorts = 3> <OutPorts = 1>
ST_2 : Operation 25 [1/1] (0.00ns)   --->   "%tmp = bitconcatenate i12 @_ssdm_op_BitConcatenate.i12.i3.i9, i3 %select_ln41_1, i9 0" [../src/gaussian_blur.cpp:43->../src/canny_top.cpp:43->../src/canny_top.cpp:10]   --->   Operation 25 'bitconcatenate' 'tmp' <Predicate = true> <Delay = 0.00>
ST_2 : Operation 26 [1/1] (0.00ns)   --->   "%zext_ln43 = zext i10 %select_ln41" [../src/gaussian_blur.cpp:43->../src/canny_top.cpp:43->../src/canny_top.cpp:10]   --->   Operation 26 'zext' 'zext_ln43' <Predicate = true> <Delay = 0.00>
ST_2 : Operation 27 [1/1] (0.80ns)   --->   "%add_ln43 = add i12 %tmp, i12 %zext_ln43" [../src/gaussian_blur.cpp:43->../src/canny_top.cpp:43->../src/canny_top.cpp:10]   --->   Operation 27 'add' 'add_ln43' <Predicate = true> <Delay = 0.80> <CoreInst = "Adder">   --->   Core 1 'Adder' <Latency = 0> <II = 1> <Delay = 0.80> <FuncUnit> <Opcode : 'add' 'sub'> <InPorts = 2> <OutPorts = 1>
ST_2 : Operation 28 [1/1] (0.00ns)   --->   "%zext_ln43_1 = zext i12 %add_ln43" [../src/gaussian_blur.cpp:43->../src/canny_top.cpp:43->../src/canny_top.cpp:10]   --->   Operation 28 'zext' 'zext_ln43_1' <Predicate = true> <Delay = 0.00>
ST_2 : Operation 29 [1/1] (0.00ns)   --->   "%lineBuffer_1_addr = getelementptr i8 %lineBuffer_1, i64 0, i64 %zext_ln43_1" [../src/gaussian_blur.cpp:43->../src/canny_top.cpp:43->../src/canny_top.cpp:10]   --->   Operation 29 'getelementptr' 'lineBuffer_1_addr' <Predicate = true> <Delay = 0.00>
ST_2 : Operation 30 [1/1] (0.00ns)   --->   "%specpipeline_ln42 = specpipeline void @_ssdm_op_SpecPipeline, i32 4294967295, i32 0, i32 0, i32 0, i32 4294967295, void @empty" [../src/gaussian_blur.cpp:42->../src/canny_top.cpp:43->../src/canny_top.cpp:10]   --->   Operation 30 'specpipeline' 'specpipeline_ln42' <Predicate = true> <Delay = 0.00>
ST_2 : Operation 31 [1/1] ( I:1.23ns O:1.23ns )   --->   "%store_ln43 = store i8 0, i12 %lineBuffer_1_addr" [../src/gaussian_blur.cpp:43->../src/canny_top.cpp:43->../src/canny_top.cpp:10]   --->   Operation 31 'store' 'store_ln43' <Predicate = true> <Delay = 1.23> <CoreInst = "RAM">   --->   Core 82 'RAM' <Latency = 1> <II = 1> <Delay = 1.23> <Storage> <Opcode : 'load' 'store'> <Ports = 2> <Width = 8> <Depth = 2560> <RAM>
ST_2 : Operation 32 [1/1] (0.78ns)   --->   "%add_ln42 = add i10 %select_ln41, i10 1" [../src/gaussian_blur.cpp:42->../src/canny_top.cpp:43->../src/canny_top.cpp:10]   --->   Operation 32 'add' 'add_ln42' <Predicate = true> <Delay = 0.78> <CoreInst = "Adder">   --->   Core 1 'Adder' <Latency = 0> <II = 1> <Delay = 0.78> <FuncUnit> <Opcode : 'add' 'sub'> <InPorts = 2> <OutPorts = 1>
ST_2 : Operation 33 [1/1] (0.42ns)   --->   "%store_ln41 = store i3 %select_ln41_1, i3 %row" [../src/gaussian_blur.cpp:41->../src/canny_top.cpp:43->../src/canny_top.cpp:10]   --->   Operation 33 'store' 'store_ln41' <Predicate = true> <Delay = 0.42>
ST_2 : Operation 34 [1/1] (0.42ns)   --->   "%store_ln42 = store i10 %add_ln42, i10 %column" [../src/gaussian_blur.cpp:42->../src/canny_top.cpp:43->../src/canny_top.cpp:10]   --->   Operation 34 'store' 'store_ln42' <Predicate = true> <Delay = 0.42>
ST_2 : Operation 35 [1/1] (0.00ns)   --->   "%br_ln42 = br void %for.inc.i.i" [../src/gaussian_blur.cpp:42->../src/canny_top.cpp:43->../src/canny_top.cpp:10]   --->   Operation 35 'br' 'br_ln42' <Predicate = true> <Delay = 0.00>


============================================================
+ Verbose Summary: Timing violations
============================================================
Target clock period: 5.000ns, clock uncertainty: 1.350ns.

 <State 1>: 1.663ns
The critical path consists of the following:
	'store' operation ('store_ln0') of constant 0 12 bit on local variable 'indvar_flatten' [5]  (0.427 ns)
	'load' operation 12 bit ('indvar_flatten_load', ../src/gaussian_blur.cpp:41->../src/canny_top.cpp:43->../src/canny_top.cpp:10) on local variable 'indvar_flatten' [10]  (0.000 ns)
	'icmp' operation 1 bit ('icmp_ln41', ../src/gaussian_blur.cpp:41->../src/canny_top.cpp:43->../src/canny_top.cpp:10) [11]  (0.809 ns)
	'store' operation ('store_ln41', ../src/gaussian_blur.cpp:41->../src/canny_top.cpp:43->../src/canny_top.cpp:10) of variable 'add_ln41_1', ../src/gaussian_blur.cpp:41->../src/canny_top.cpp:43->../src/canny_top.cpp:10 12 bit on local variable 'indvar_flatten' [31]  (0.427 ns)

 <State 2>: 3.236ns
The critical path consists of the following:
	'load' operation 10 bit ('column_load', ../src/gaussian_blur.cpp:42->../src/canny_top.cpp:43->../src/canny_top.cpp:10) on local variable 'column', ../src/gaussian_blur.cpp:42->../src/canny_top.cpp:43->../src/canny_top.cpp:10 [15]  (0.000 ns)
	'icmp' operation 1 bit ('icmp_ln42', ../src/gaussian_blur.cpp:42->../src/canny_top.cpp:43->../src/canny_top.cpp:10) [20]  (0.787 ns)
	'select' operation 10 bit ('select_ln41', ../src/gaussian_blur.cpp:41->../src/canny_top.cpp:43->../src/canny_top.cpp:10) [21]  (0.403 ns)
	'add' operation 12 bit ('add_ln43', ../src/gaussian_blur.cpp:43->../src/canny_top.cpp:43->../src/canny_top.cpp:10) [25]  (0.809 ns)
	'getelementptr' operation 12 bit ('lineBuffer_1_addr', ../src/gaussian_blur.cpp:43->../src/canny_top.cpp:43->../src/canny_top.cpp:10) [27]  (0.000 ns)
	'store' operation ('store_ln43', ../src/gaussian_blur.cpp:43->../src/canny_top.cpp:43->../src/canny_top.cpp:10) of constant 0 8 bit on array 'lineBuffer_1' [29]  (1.237 ns)


============================================================
+ Verbose Summary: Binding
============================================================
N/A
* FSMD analyzer results:
  - Output states:
 - Input state : 
  - Chain level:
	State 1
	State 2


============================================================
+ Verbose Summary: Datapath Resource usage 
============================================================
N/A
