

================================================================
== Vitis HLS Report for 'canny_top_Pipeline_VITIS_LOOP_41_1_VITIS_LOOP_42_2'
================================================================
* Date:           Sat Jul 25 12:05:03 2026

* Version:        2025.2 (Build 6295257 on Nov 14 2025)
* Project:        canny_top
* Solution:       hls (Vitis Kernel Flow Target)
* Product family: zynquplus
* Target device:  xck26-sfvc784-2LV-c


================================================================
== Performance Estimates
================================================================
+ Timing: 
    * Summary: 
    +--------+---------+----------+------------+
    |  Clock |  Target | Estimated| Uncertainty|
    +--------+---------+----------+------------+
    |ap_clk  |  5.00 ns|  3.236 ns|     1.35 ns|
    +--------+---------+----------+------------+

+ Latency: 
    * Summary: 
    +---------+---------+-----------+-----------+-----+-----+-------------------+
    |  Latency (cycles) |   Latency (absolute)  |  Interval |      Pipeline     |
    |   min   |   max   |    min    |    max    | min | max |        Type       |
    +---------+---------+-----------+-----------+-----+-----+-------------------+
    |     2562|     2562|  12.810 us|  12.810 us|    0|    0|  loop pipeline stp|
    +---------+---------+-----------+-----------+-----+-----+-------------------+

    + Detail: 
        * Instance: 
        N/A

        * Loop: 
        +-----------------------------------+---------+---------+----------+-----------+-----------+------+----------+
        |                                   |  Latency (cycles) | Iteration|  Initiation Interval  | Trip |          |
        |             Loop Name             |   min   |   max   |  Latency |  achieved |   target  | Count| Pipelined|
        +-----------------------------------+---------+---------+----------+-----------+-----------+------+----------+
        |- VITIS_LOOP_41_1_VITIS_LOOP_42_2  |     2560|     2560|         2|          1|          1|  2560|       yes|
        +-----------------------------------+---------+---------+----------+-----------+-----------+------+----------+



================================================================
== Utilization Estimates
================================================================
* Summary: 
+-----------------+---------+------+--------+--------+-----+
|       Name      | BRAM_18K|  DSP |   FF   |   LUT  | URAM|
+-----------------+---------+------+--------+--------+-----+
|DSP              |        -|     -|       -|       -|    -|
|Expression       |        -|     -|       0|     117|    -|
|FIFO             |        -|     -|       -|       -|    -|
|Instance         |        -|     -|       -|       -|    -|
|Memory           |        -|     -|       -|       -|    -|
|Multiplexer      |        -|     -|       0|      54|    -|
|Register         |        -|     -|      28|       -|    -|
+-----------------+---------+------+--------+--------+-----+
|Total            |        0|     0|      28|     171|    0|
+-----------------+---------+------+--------+--------+-----+
|Available        |      288|  1248|  234240|  117120|   64|
+-----------------+---------+------+--------+--------+-----+
|Utilization (%)  |        0|     0|      ~0|      ~0|    0|
+-----------------+---------+------+--------+--------+-----+

+ Detail: 
    * Instance: 
    N/A

    * DSP: 
    N/A

    * Memory: 
    N/A

    * FIFO: 
    N/A

    * Expression: 
    +-------------------------+----------+----+---+----+------------+------------+
    |      Variable Name      | Operation| DSP| FF| LUT| Bitwidth P0| Bitwidth P1|
    +-------------------------+----------+----+---+----+------------+------------+
    |add_ln41_1_fu_94_p2      |         +|   0|  0|  19|          12|           1|
    |add_ln41_fu_111_p2       |         +|   0|  0|  10|           3|           1|
    |add_ln42_fu_162_p2       |         +|   0|  0|  17|          10|           1|
    |add_ln43_fu_151_p2       |         +|   0|  0|  19|          12|          12|
    |icmp_ln41_fu_88_p2       |      icmp|   0|  0|  19|          12|          12|
    |icmp_ln42_fu_117_p2      |      icmp|   0|  0|  18|          10|          11|
    |select_ln41_1_fu_131_p3  |    select|   0|  0|   3|           1|           3|
    |select_ln41_fu_123_p3    |    select|   0|  0|  10|           1|           1|
    |ap_enable_pp0            |       xor|   0|  0|   2|           1|           2|
    +-------------------------+----------+----+---+----+------------+------------+
    |Total                    |          |   0|  0| 117|          62|          44|
    +-------------------------+----------+----+---+----+------------+------------+

    * Multiplexer: 
    +--------------------------------------+----+-----------+-----+-----------+
    |                 Name                 | LUT| Input Size| Bits| Total Bits|
    +--------------------------------------+----+-----------+-----+-----------+
    |ap_done_int                           |   9|          2|    1|          2|
    |ap_enable_reg_pp0_iter1               |   9|          2|    1|          2|
    |ap_sig_allocacmp_indvar_flatten_load  |   9|          2|   12|         24|
    |column_fu_44                          |   9|          2|   10|         20|
    |indvar_flatten_fu_52                  |   9|          2|   12|         24|
    |row_fu_48                             |   9|          2|    3|          6|
    +--------------------------------------+----+-----------+-----+-----------+
    |Total                                 |  54|         12|   39|         78|
    +--------------------------------------+----+-----------+-----+-----------+

    * Register: 
    +-------------------------+----+----+-----+-----------+
    |           Name          | FF | LUT| Bits| Const Bits|
    +-------------------------+----+----+-----+-----------+
    |ap_CS_fsm                |   1|   0|    1|          0|
    |ap_done_reg              |   1|   0|    1|          0|
    |ap_enable_reg_pp0_iter1  |   1|   0|    1|          0|
    |column_fu_44             |  10|   0|   10|          0|
    |indvar_flatten_fu_52     |  12|   0|   12|          0|
    |row_fu_48                |   3|   0|    3|          0|
    +-------------------------+----+----+-----+-----------+
    |Total                    |  28|   0|   28|          0|
    +-------------------------+----+----+-----+-----------+



================================================================
== Interface
================================================================
* Summary: 
+-----------------------+-----+-----+------------+----------------------------------------------------+--------------+
|       RTL Ports       | Dir | Bits|  Protocol  |                    Source Object                   |    C Type    |
+-----------------------+-----+-----+------------+----------------------------------------------------+--------------+
|ap_clk                 |   in|    1|  ap_ctrl_hs|  canny_top_Pipeline_VITIS_LOOP_41_1_VITIS_LOOP_42_2|  return value|
|ap_rst                 |   in|    1|  ap_ctrl_hs|  canny_top_Pipeline_VITIS_LOOP_41_1_VITIS_LOOP_42_2|  return value|
|ap_start               |   in|    1|  ap_ctrl_hs|  canny_top_Pipeline_VITIS_LOOP_41_1_VITIS_LOOP_42_2|  return value|
|ap_done                |  out|    1|  ap_ctrl_hs|  canny_top_Pipeline_VITIS_LOOP_41_1_VITIS_LOOP_42_2|  return value|
|ap_idle                |  out|    1|  ap_ctrl_hs|  canny_top_Pipeline_VITIS_LOOP_41_1_VITIS_LOOP_42_2|  return value|
|ap_ready               |  out|    1|  ap_ctrl_hs|  canny_top_Pipeline_VITIS_LOOP_41_1_VITIS_LOOP_42_2|  return value|
|lineBuffer_1_address0  |  out|   12|   ap_memory|                                        lineBuffer_1|         array|
|lineBuffer_1_ce0       |  out|    1|   ap_memory|                                        lineBuffer_1|         array|
|lineBuffer_1_we0       |  out|    1|   ap_memory|                                        lineBuffer_1|         array|
|lineBuffer_1_d0        |  out|    8|   ap_memory|                                        lineBuffer_1|         array|
+-----------------------+-----+-----+------------+----------------------------------------------------+--------------+

============================================================
+ Verbose Summary: Synthesis Manager
============================================================
InlineROM: 1
ExposeGlobal: 0
============================================================
+ Verbose Summary: CDFG Model
============================================================
IsTopModel: 0
ResetActiveHigh: 1
IsCombinational: 2
IsDatapathOnly: 2
HasWiredReturn: 1
HasMFsm: 2
HasVarLatency: 1
IsPipeline: 0
IsRtlPipelined: 0
IsInstanceOverlapped: 0
IsDontTouch: 0
HasImplIP: 0
IsGatedGlobalClock: 0

+ Individual pipeline summary: 
  * Pipeline-0: initiation interval (II) = 1, depth = 2


============================================================
+ Verbose Summary: Schedule
============================================================
* Number of FSM states : 2
* Pipeline : 1
  Pipeline-0 : II = 1, D = 2, States = { 1 2 }
* Dataflow Pipeline: 0

* FSM state transitions: 
1 --> 2 
2 --> 

* FSM state operations: 

State 1 <SV = 0> <Delay = 1.66>
ST_1 : Operation 5 [1/1] (0.00ns)   --->   "%column = alloca i32 1" [../src/gaussian_blur.cpp:42->../src/canny_top.cpp:43->../src/canny_top.cpp:10]   --->   Operation 5 'alloca' 'column' <Predicate = true> <Delay = 0.00>
ST_1 : Operation 6 [1/1] (0.00ns)   --->   "%row = alloca i32 1" [../src/gaussian_blur.cpp:41->../src/canny_top.cpp:43->../src/canny_top.cpp:10]   --->   Operation 6 'alloca' 'row' <Predicate = true> <Delay = 0.00>
ST_1 : Operation 7 [1/1] (0.00ns)   --->   "%indvar_flatten = alloca i32 1"   --->   Operation 7 'alloca' 'indvar_flatten' <Predicate = true> <Delay = 0.00>
ST_1 : Operation 8 [1/1] (0.42ns)   --->   "%store_ln0 = store i12 0, i12 %indvar_flatten"   --->   Operation 8 'store' 'store_ln0' <Predicate = true> <Delay = 0.42>
ST_1 : Operation 9 [1/1] (0.42ns)   --->   "%store_ln41 = store i3 0, i3 %row" [../src/gaussian_blur.cpp:41->../src/canny_top.cpp:43->../src/canny_top.cpp:10]   --->   Operation 9 'store' 'store_ln41' <Predicate = true> <Delay = 0.42>
ST_1 : Operation 10 [1/1] (0.42ns)   --->   "%store_ln42 = store i10 0, i10 %column" [../src/gaussian_blur.cpp:42->../src/canny_top.cpp:43->../src/canny_top.cpp:10]   --->   Operation 10 'store' 'store_ln42' <Predicate = true> <Delay = 0.42>
ST_1 : Operation 11 [1/1] (0.00ns)   --->   "%br_ln0 = br void %for.inc.i.i"   --->   Operation 11 'br' 'br_ln0' <Predicate = true> <Delay = 0.00>
ST_1 : Operation 12 [1/1] (0.00ns)   --->   "%indvar_flatten_load = load i12 %indvar_flatten" [../src/gaussian_blur.cpp:41->../src/canny_top.cpp:43->../src/canny_top.cpp:10]   --->   Operation 12 'load' 'indvar_flatten_load' <Predicate = true> <Delay = 0.00>
ST_1 : Operation 13 [1/1] (0.80ns)   --->   "%icmp_ln41 = icmp_eq  i12 %indvar_flatten_load, i12 2560" [../src/gaussian_blur.cpp:41->../src/canny_top.cpp:43->../src/canny_top.cpp:10]   --->   Operation 13 'icmp' 'icmp_ln41' <Predicate = true> <Delay = 0.80> <CoreInst = "Cmp">   --->   Core 9 'Cmp' <Latency = 0> <II = 1> <Delay = 0.80> <FuncUnit> <Opcode : 'seteq' 'setne' 'setle' 'setge' 'setlt' 'setgt'> <InPorts = 2> <OutPorts = 1>
ST_1 : Operation 14 [1/1] (0.80ns)   --->   "%add_ln41_1 = add i12 %indvar_flatten_load, i12 1" [../src/gaussian_blur.cpp:41->../src/canny_top.cpp:43->../src/canny_top.cpp:10]   --->   Operation 14 'add' 'add_ln41_1' <Predicate = true> <Delay = 0.80> <CoreInst = "Adder">   --->   Core 1 'Adder' <Latency = 0> <II = 1> <Delay = 0.80> <FuncUnit> <Opcode : 'add' 'sub'> <InPorts = 2> <OutPorts = 1>
ST_1 : Operation 15 [1/1] (0.00ns)   --->   "%br_ln41 = br i1 %icmp_ln41, void %for.inc7.i.i, void %_Z19gaussian_blur_resetv.exit.i.exitStub" [../src/gaussian_blur.cpp:41->../src/canny_top.cpp:43->../src/canny_top.cpp:10]   --->   Operation 15 'br' 'br_ln41' <Predicate = true> <Delay = 0.00>
ST_1 : Operation 16 [1/1] (0.42ns)   --->   "%store_ln41 = store i12 %add_ln41_1, i12 %indvar_flatten" [../src/gaussian_blur.cpp:41->../src/canny_top.cpp:43->../src/canny_top.cpp:10]   --->   Operation 16 'store' 'store_ln41' <Predicate = (!icmp_ln41)> <Delay = 0.42>
ST_1 : Operation 36 [1/1] (0.42ns)   --->   "%ret_ln0 = ret"   --->   Operation 36 'ret' 'ret_ln0' <Predicate = (icmp_ln41)> <Delay = 0.42>

State 2 <SV = 1> <Delay = 3.23>
ST_2 : Operation 17 [1/1] (0.00ns)   --->   "%column_load = load i10 %column" [../src/gaussian_blur.cpp:42->../src/canny_top.cpp:43->../src/canny_top.cpp:10]   --->   Operation 17 'load' 'column_load' <Predicate = true> <Delay = 0.00>
ST_2 : Operation 18 [1/1] (0.00ns)   --->   "%row_load = load i3 %row" [../src/gaussian_blur.cpp:41->../src/canny_top.cpp:43->../src/canny_top.cpp:10]   --->   Operation 18 'load' 'row_load' <Predicate = true> <Delay = 0.00>
ST_2 : Operation 19 [1/1] (0.67ns)   --->   "%add_ln41 = add i3 %row_load, i3 1" [../src/gaussian_blur.cpp:41->../src/canny_top.cpp:43->../src/canny_top.cpp:10]   --->   Operation 19 'add' 'add_ln41' <Predicate = true> <Delay = 0.67> <CoreInst = "Adder">   --->   Core 1 'Adder' <Latency = 0> <II = 1> <Delay = 0.67> <FuncUnit> <Opcode : 'add' 'sub'> <InPorts = 2> <OutPorts = 1>
ST_2 : Operation 20 [1/1] (0.00ns)   --->   "%specloopname_ln0 = specloopname void @_ssdm_op_SpecLoopName, void @VITIS_LOOP_41_1_VITIS_LOOP_42_2_str"   --->   Operation 20 'specloopname' 'specloopname_ln0' <Predicate = true> <Delay = 0.00>
ST_2 : Operation 21 [1/1] (0.00ns)   --->   "%speclooptripcount_ln0 = speclooptripcount void @_ssdm_op_SpecLoopTripCount, i64 2560, i64 2560, i64 2560"   --->   Operation 21 'speclooptripcount' 'speclooptripcount_ln0' <Predicate = true> <Delay = 0.00>
ST_2 : Operation 22 [1/1] (0.78ns)   --->   "%icmp_ln42 = icmp_eq  i10 %column_load, i10 512" [../src/gaussian_blur.cpp:42->../src/canny_top.cpp:43->../src/canny_top.cpp:10]   --->   Operation 22 'icmp' 'icmp_ln42' <Predicate = true> <Delay = 0.78> <CoreInst = "Cmp">   --->   Core 9 'Cmp' <Latency = 0> <II = 1> <Delay = 0.79> <FuncUnit> <Opcode : 'seteq' 'setne' 'setle' 'setge' 'setlt' 'setgt'> <InPorts = 2> <OutPorts = 1>
ST_2 : Operation 23 [1/1] (0.40ns)   --->   "%select_ln41 = select i1 %icmp_ln42, i10 0, i10 %column_load" [../src/gaussian_blur.cpp:41->../src/canny_top.cpp:43->../src/canny_top.cpp:10]   --->   Operation 23 'select' 'select_ln41' <Predicate = true> <Delay = 0.40> <CoreInst = "Sel">   --->   Core 73 'Sel' <Latency = 0> <II = 1> <Delay = 0.40> <FuncUnit> <Opcode : 'select'> <InPorts = 3> <OutPorts = 1>
ST_2 : Operation 24 [1/1] (0.20ns)   --->   "%select_ln41_1 = select i1 %icmp_ln42, i3 %add_ln41, i3 %row_load" [../src/gaussian_blur.cpp:41->../src/canny_top.cpp:43->../src/canny_top.cpp:10]   --->   Operation 24 'select' 'select_ln41_1' <Predicate = true> <Delay = 0.20> <CoreInst = "Sel">   --->   Core 73 'Sel' <Latency = 0> <II = 1> <Delay = 0.20> <FuncUnit> <Opcode : 'select'> <InPorts = 3> <OutPorts = 1>
ST_2 : Operation 25 [1/1] (0.00ns)   --->   "%tmp = bitconcatenate i12 @_ssdm_op_BitConcatenate.i12.i3.i9, i3 %select_ln41_1, i9 0" [../src/gaussian_blur.cpp:43->../src/canny_top.cpp:43->../src/canny_top.cpp:10]   --->   Operation 25 'bitconcatenate' 'tmp' <Predicate = true> <Delay = 0.00>
ST_2 : Operation 26 [1/1] (0.00ns)   --->   "%zext_ln43 = zext i10 %select_ln41" [../src/gaussian_blur.cpp:43->../src/canny_top.cpp:43->../src/canny_top.cpp:10]   --->   Operation 26 'zext' 'zext_ln43' <Predicate = true> <Delay = 0.00>
ST_2 : Operation 27 [1/1] (0.80ns)   --->   "%add_ln43 = add i12 %tmp, i12 %zext_ln43" [../src/gaussian_blur.cpp:43->../src/canny_top.cpp:43->../src/canny_top.cpp:10]   --->   Operation 27 'add' 'add_ln43' <Predicate = true> <Delay = 0.80> <CoreInst = "Adder">   --->   Core 1 'Adder' <Latency = 0> <II = 1> <Delay = 0.80> <FuncUnit> <Opcode : 'add' 'sub'> <InPorts = 2> <OutPorts = 1>
ST_2 : Operation 28 [1/1] (0.00ns)   --->   "%zext_ln43_1 = zext i12 %add_ln43" [../src/gaussian_blur.cpp:43->../src/canny_top.cpp:43->../src/canny_top.cpp:10]   --->   Operation 28 'zext' 'zext_ln43_1' <Predicate = true> <Delay = 0.00>
ST_2 : Operation 29 [1/1] (0.00ns)   --->   "%lineBuffer_1_addr = getelementptr i8 %lineBuffer_1, i64 0, i64 %zext_ln43_1" [../src/gaussian_blur.cpp:43->../src/canny_top.cpp:43->../src/canny_top.cpp:10]   --->   Operation 29 'getelementptr' 'lineBuffer_1_addr' <Predicate = true> <Delay = 0.00>
ST_2 : Operation 30 [1/1] (0.00ns)   --->   "%specpipeline_ln42 = specpipeline void @_ssdm_op_SpecPipeline, i32 4294967295, i32 0, i32 0, i32 0, i32 4294967295, void @empty" [../src/gaussian_blur.cpp:42->../src/canny_top.cpp:43->../src/canny_top.cpp:10]   --->   Operation 30 'specpipeline' 'specpipeline_ln42' <Predicate = true> <Delay = 0.00>
ST_2 : Operation 31 [1/1] ( I:1.23ns O:1.23ns )   --->   "%store_ln43 = store i8 0, i12 %lineBuffer_1_addr" [../src/gaussian_blur.cpp:43->../src/canny_top.cpp:43->../src/canny_top.cpp:10]   --->   Operation 31 'store' 'store_ln43' <Predicate = true> <Delay = 1.23> <CoreInst = "RAM">   --->   Core 82 'RAM' <Latency = 1> <II = 1> <Delay = 1.23> <Storage> <Opcode : 'load' 'store'> <Ports = 2> <Width = 8> <Depth = 2560> <RAM>
ST_2 : Operation 32 [1/1] (0.78ns)   --->   "%add_ln42 = add i10 %select_ln41, i10 1" [../src/gaussian_blur.cpp:42->../src/canny_top.cpp:43->../src/canny_top.cpp:10]   --->   Operation 32 'add' 'add_ln42' <Predicate = true> <Delay = 0.78> <CoreInst = "Adder">   --->   Core 1 'Adder' <Latency = 0> <II = 1> <Delay = 0.78> <FuncUnit> <Opcode : 'add' 'sub'> <InPorts = 2> <OutPorts = 1>
ST_2 : Operation 33 [1/1] (0.42ns)   --->   "%store_ln41 = store i3 %select_ln41_1, i3 %row" [../src/gaussian_blur.cpp:41->../src/canny_top.cpp:43->../src/canny_top.cpp:10]   --->   Operation 33 'store' 'store_ln41' <Predicate = true> <Delay = 0.42>
ST_2 : Operation 34 [1/1] (0.42ns)   --->   "%store_ln42 = store i10 %add_ln42, i10 %column" [../src/gaussian_blur.cpp:42->../src/canny_top.cpp:43->../src/canny_top.cpp:10]   --->   Operation 34 'store' 'store_ln42' <Predicate = true> <Delay = 0.42>
ST_2 : Operation 35 [1/1] (0.00ns)   --->   "%br_ln42 = br void %for.inc.i.i" [../src/gaussian_blur.cpp:42->../src/canny_top.cpp:43->../src/canny_top.cpp:10]   --->   Operation 35 'br' 'br_ln42' <Predicate = true> <Delay = 0.00>


============================================================
+ Verbose Summary: Binding
============================================================
STG Binding: 
---------------- STG Properties BEGIN ----------------
- Is combinational: 0
- Is one-state seq: 0
- Is datapath-only: 0
- Is pipelined: 0
- Is top level: 0
Port [ Return ] is wired: 1; IO mode=ap_ctrl_hs:ce=0
Port [ lineBuffer_1]:  wired=1; compound=1; hidden=0; nouse=0; global=1; static=1; extern=0; dir=1; type=1; pingpong=0; private_global=0; MemPort=[03]; IO mode=ap_memory:ce=0
---------------- STG Properties END ------------------

---------------- Datapath Model BEGIN ----------------

<LifeTime>
<method=bitvector/>
column                (alloca           ) [ 011]
row                   (alloca           ) [ 011]
indvar_flatten        (alloca           ) [ 010]
store_ln0             (store            ) [ 000]
store_ln41            (store            ) [ 000]
store_ln42            (store            ) [ 000]
br_ln0                (br               ) [ 000]
indvar_flatten_load   (load             ) [ 000]
icmp_ln41             (icmp             ) [ 010]
add_ln41_1            (add              ) [ 000]
br_ln41               (br               ) [ 000]
store_ln41            (store            ) [ 000]
column_load           (load             ) [ 000]
row_load              (load             ) [ 000]
add_ln41              (add              ) [ 000]
specloopname_ln0      (specloopname     ) [ 000]
speclooptripcount_ln0 (speclooptripcount) [ 000]
icmp_ln42             (icmp             ) [ 000]
select_ln41           (select           ) [ 000]
select_ln41_1         (select           ) [ 000]
tmp                   (bitconcatenate   ) [ 000]
zext_ln43             (zext             ) [ 000]
add_ln43              (add              ) [ 000]
zext_ln43_1           (zext             ) [ 000]
lineBuffer_1_addr     (getelementptr    ) [ 000]
specpipeline_ln42     (specpipeline     ) [ 000]
store_ln43            (store            ) [ 000]
add_ln42              (add              ) [ 000]
store_ln41            (store            ) [ 000]
store_ln42            (store            ) [ 000]
br_ln42               (br               ) [ 000]
ret_ln0               (ret              ) [ 000]
</LifeTime>

<model>

<comp_list>
<comp id="0" class="1000" name="lineBuffer_1">
<pin_list>
<pin id="1" dir="1" index="0" bw="1" slack="0"/>
</pin_list>
<bind>
<StgValue><ssdm name="lineBuffer_1"/><MemPortTyVec>0 3 </MemPortTyVec>
</StgValue>
</bind>
</comp>

<comp id="2" class="1001" name="const_2">
<pin_list>
<pin id="3" dir="1" index="0" bw="1" slack="0"/>
</pin_list>
<bind>
<StgValue><ssdm name=""/></StgValue>
</bind>
</comp>

<comp id="4" class="1001" name="const_4">
<pin_list>
<pin id="5" dir="1" index="0" bw="1" slack="0"/>
</pin_list>
<bind>
<StgValue><ssdm name=""/></StgValue>
</bind>
</comp>

<comp id="6" class="1001" name="const_6">
<pin_list>
<pin id="7" dir="1" index="0" bw="1" slack="0"/>
</pin_list>
<bind>
<StgValue><ssdm name=""/></StgValue>
</bind>
</comp>

<comp id="8" class="1001" name="const_8">
<pin_list>
<pin id="9" dir="1" index="0" bw="1" slack="0"/>
</pin_list>
<bind>
<StgValue><ssdm name=""/></StgValue>
</bind>
</comp>

<comp id="10" class="1001" name="const_10">
<pin_list>
<pin id="11" dir="1" index="0" bw="1" slack="0"/>
</pin_list>
<bind>
<StgValue><ssdm name=""/></StgValue>
</bind>
</comp>

<comp id="12" class="1001" name="const_12">
<pin_list>
<pin id="13" dir="1" index="0" bw="1" slack="0"/>
</pin_list>
<bind>
<StgValue><ssdm name=""/></StgValue>
</bind>
</comp>

<comp id="14" class="1001" name="const_14">
<pin_list>
<pin id="15" dir="1" index="0" bw="1" slack="0"/>
</pin_list>
<bind>
<StgValue><ssdm name=""/></StgValue>
</bind>
</comp>

<comp id="16" class="1001" name="const_16">
<pin_list>
<pin id="17" dir="1" index="0" bw="1" slack="2147483647"/>
</pin_list>
<bind>
<StgValue><ssdm name="_ssdm_op_SpecLoopName"/></StgValue>
</bind>
</comp>

<comp id="18" class="1001" name="const_18">
<pin_list>
<pin id="19" dir="1" index="0" bw="1" slack="2147483647"/>
</pin_list>
<bind>
<StgValue><ssdm name="VITIS_LOOP_41_1_VITIS_LOOP_42_2_str"/></StgValue>
</bind>
</comp>

<comp id="20" class="1001" name="const_20">
<pin_list>
<pin id="21" dir="1" index="0" bw="1" slack="2147483647"/>
</pin_list>
<bind>
<StgValue><ssdm name="_ssdm_op_SpecLoopTripCount"/></StgValue>
</bind>
</comp>

<comp id="22" class="1001" name="const_22">
<pin_list>
<pin id="23" dir="1" index="0" bw="1" slack="2147483647"/>
</pin_list>
<bind>
<StgValue><ssdm name=""/></StgValue>
</bind>
</comp>

<comp id="24" class="1001" name="const_24">
<pin_list>
<pin id="25" dir="1" index="0" bw="1" slack="0"/>
</pin_list>
<bind>
<StgValue><ssdm name=""/></StgValue>
</bind>
</comp>

<comp id="26" class="1001" name="const_26">
<pin_list>
<pin id="27" dir="1" index="0" bw="1" slack="0"/>
</pin_list>
<bind>
<StgValue><ssdm name="_ssdm_op_BitConcatenate.i12.i3.i9"/></StgValue>
</bind>
</comp>

<comp id="28" class="1001" name="const_28">
<pin_list>
<pin id="29" dir="1" index="0" bw="1" slack="0"/>
</pin_list>
<bind>
<StgValue><ssdm name=""/></StgValue>
</bind>
</comp>

<comp id="30" class="1001" name="const_30">
<pin_list>
<pin id="31" dir="1" index="0" bw="1" slack="0"/>
</pin_list>
<bind>
<StgValue><ssdm name=""/></StgValue>
</bind>
</comp>

<comp id="32" class="1001" name="const_32">
<pin_list>
<pin id="33" dir="1" index="0" bw="1" slack="2147483647"/>
</pin_list>
<bind>
<StgValue><ssdm name="_ssdm_op_SpecPipeline"/></StgValue>
</bind>
</comp>

<comp id="34" class="1001" name="const_34">
<pin_list>
<pin id="35" dir="1" index="0" bw="1" slack="2147483647"/>
</pin_list>
<bind>
<StgValue><ssdm name=""/></StgValue>
</bind>
</comp>

<comp id="36" class="1001" name="const_36">
<pin_list>
<pin id="37" dir="1" index="0" bw="1" slack="2147483647"/>
</pin_list>
<bind>
<StgValue><ssdm name=""/></StgValue>
</bind>
</comp>

<comp id="38" class="1001" name="const_38">
<pin_list>
<pin id="39" dir="1" index="0" bw="1" slack="2147483647"/>
</pin_list>
<bind>
<StgValue><ssdm name="empty"/></StgValue>
</bind>
</comp>

<comp id="40" class="1001" name="const_40">
<pin_list>
<pin id="41" dir="1" index="0" bw="1" slack="0"/>
</pin_list>
<bind>
<StgValue><ssdm name=""/></StgValue>
</bind>
</comp>

<comp id="42" class="1001" name="const_42">
<pin_list>
<pin id="43" dir="1" index="0" bw="1" slack="0"/>
</pin_list>
<bind>
<StgValue><ssdm name=""/></StgValue>
</bind>
</comp>

<comp id="44" class="1004" name="column_fu_44">
<pin_list>
<pin id="45" dir="0" index="0" bw="1" slack="0"/>
<pin id="46" dir="1" index="1" bw="10" slack="0"/>
</pin_list>
<bind>
<opcode="alloca(26) " fcode="alloca"/>
<opset="column/1 "/>
</bind>
</comp>

<comp id="48" class="1004" name="row_fu_48">
<pin_list>
<pin id="49" dir="0" index="0" bw="1" slack="0"/>
<pin id="50" dir="1" index="1" bw="3" slack="0"/>
</pin_list>
<bind>
<opcode="alloca(26) " fcode="alloca"/>
<opset="row/1 "/>
</bind>
</comp>

<comp id="52" class="1004" name="indvar_flatten_fu_52">
<pin_list>
<pin id="53" dir="0" index="0" bw="1" slack="0"/>
<pin id="54" dir="1" index="1" bw="12" slack="0"/>
</pin_list>
<bind>
<opcode="alloca(26) " fcode="alloca"/>
<opset="indvar_flatten/1 "/>
</bind>
</comp>

<comp id="56" class="1004" name="lineBuffer_1_addr_gep_fu_56">
<pin_list>
<pin id="57" dir="0" index="0" bw="8" slack="0"/>
<pin id="58" dir="0" index="1" bw="1" slack="0"/>
<pin id="59" dir="0" index="2" bw="12" slack="0"/>
<pin id="60" dir="1" index="3" bw="12" slack="0"/>
</pin_list>
<bind>
<opcode="getelementptr(29) " fcode="getelementptr"/>
<opset="lineBuffer_1_addr/2 "/>
</bind>
</comp>

<comp id="63" class="1004" name="store_ln43_access_fu_63">
<pin_list>
<pin id="64" dir="0" index="0" bw="12" slack="0"/>
<pin id="65" dir="0" index="1" bw="8" slack="0"/>
<pin id="66" dir="0" index="2" bw="0" slack="2147483647"/>
<pin id="67" dir="1" index="3" bw="8" slack="2147483647"/>
</pin_list>
<bind>
<opcode="store(28) " fcode="store"/>
<opset="store_ln43/2 "/>
</bind>
</comp>

<comp id="70" class="1004" name="store_ln0_store_fu_70">
<pin_list>
<pin id="71" dir="0" index="0" bw="1" slack="0"/>
<pin id="72" dir="0" index="1" bw="12" slack="0"/>
<pin id="73" dir="1" index="2" bw="0" slack="2147483647"/>
</pin_list>
<bind>
<opcode="store(28) " fcode="store"/>
<opset="store_ln0/1 "/>
</bind>
</comp>

<comp id="75" class="1004" name="store_ln41_store_fu_75">
<pin_list>
<pin id="76" dir="0" index="0" bw="1" slack="0"/>
<pin id="77" dir="0" index="1" bw="3" slack="0"/>
<pin id="78" dir="1" index="2" bw="0" slack="2147483647"/>
</pin_list>
<bind>
<opcode="store(28) " fcode="store"/>
<opset="store_ln41/1 "/>
</bind>
</comp>

<comp id="80" class="1004" name="store_ln42_store_fu_80">
<pin_list>
<pin id="81" dir="0" index="0" bw="1" slack="0"/>
<pin id="82" dir="0" index="1" bw="10" slack="0"/>
<pin id="83" dir="1" index="2" bw="0" slack="2147483647"/>
</pin_list>
<bind>
<opcode="store(28) " fcode="store"/>
<opset="store_ln42/1 "/>
</bind>
</comp>

<comp id="85" class="1004" name="indvar_flatten_load_load_fu_85">
<pin_list>
<pin id="86" dir="0" index="0" bw="12" slack="0"/>
<pin id="87" dir="1" index="1" bw="12" slack="0"/>
</pin_list>
<bind>
<opcode="load(27) " fcode="load"/>
<opset="indvar_flatten_load/1 "/>
</bind>
</comp>

<comp id="88" class="1004" name="icmp_ln41_fu_88">
<pin_list>
<pin id="89" dir="0" index="0" bw="12" slack="0"/>
<pin id="90" dir="0" index="1" bw="12" slack="0"/>
<pin id="91" dir="1" index="2" bw="1" slack="2147483647"/>
</pin_list>
<bind>
<opcode="icmp(45) " fcode="icmp"/>
<opset="icmp_ln41/1 "/>
</bind>
</comp>

<comp id="94" class="1004" name="add_ln41_1_fu_94">
<pin_list>
<pin id="95" dir="0" index="0" bw="12" slack="0"/>
<pin id="96" dir="0" index="1" bw="1" slack="0"/>
<pin id="97" dir="1" index="2" bw="12" slack="0"/>
</pin_list>
<bind>
<opcode="add(8) " fcode="add"/>
<opset="add_ln41_1/1 "/>
</bind>
</comp>

<comp id="100" class="1004" name="store_ln41_store_fu_100">
<pin_list>
<pin id="101" dir="0" index="0" bw="12" slack="0"/>
<pin id="102" dir="0" index="1" bw="12" slack="0"/>
<pin id="103" dir="1" index="2" bw="0" slack="2147483647"/>
</pin_list>
<bind>
<opcode="store(28) " fcode="store"/>
<opset="store_ln41/1 "/>
</bind>
</comp>

<comp id="105" class="1004" name="column_load_load_fu_105">
<pin_list>
<pin id="106" dir="0" index="0" bw="10" slack="1"/>
<pin id="107" dir="1" index="1" bw="10" slack="0"/>
</pin_list>
<bind>
<opcode="load(27) " fcode="load"/>
<opset="column_load/2 "/>
</bind>
</comp>

<comp id="108" class="1004" name="row_load_load_fu_108">
<pin_list>
<pin id="109" dir="0" index="0" bw="3" slack="1"/>
<pin id="110" dir="1" index="1" bw="3" slack="0"/>
</pin_list>
<bind>
<opcode="load(27) " fcode="load"/>
<opset="row_load/2 "/>
</bind>
</comp>

<comp id="111" class="1004" name="add_ln41_fu_111">
<pin_list>
<pin id="112" dir="0" index="0" bw="3" slack="0"/>
<pin id="113" dir="0" index="1" bw="1" slack="0"/>
<pin id="114" dir="1" index="2" bw="3" slack="0"/>
</pin_list>
<bind>
<opcode="add(8) " fcode="add"/>
<opset="add_ln41/2 "/>
</bind>
</comp>

<comp id="117" class="1004" name="icmp_ln42_fu_117">
<pin_list>
<pin id="118" dir="0" index="0" bw="10" slack="0"/>
<pin id="119" dir="0" index="1" bw="10" slack="0"/>
<pin id="120" dir="1" index="2" bw="1" slack="0"/>
</pin_list>
<bind>
<opcode="icmp(45) " fcode="icmp"/>
<opset="icmp_ln42/2 "/>
</bind>
</comp>

<comp id="123" class="1004" name="select_ln41_fu_123">
<pin_list>
<pin id="124" dir="0" index="0" bw="1" slack="0"/>
<pin id="125" dir="0" index="1" bw="10" slack="0"/>
<pin id="126" dir="0" index="2" bw="10" slack="0"/>
<pin id="127" dir="1" index="3" bw="10" slack="0"/>
</pin_list>
<bind>
<opcode="select(49) " fcode="select"/>
<opset="select_ln41/2 "/>
</bind>
</comp>

<comp id="131" class="1004" name="select_ln41_1_fu_131">
<pin_list>
<pin id="132" dir="0" index="0" bw="1" slack="0"/>
<pin id="133" dir="0" index="1" bw="3" slack="0"/>
<pin id="134" dir="0" index="2" bw="3" slack="0"/>
<pin id="135" dir="1" index="3" bw="3" slack="0"/>
</pin_list>
<bind>
<opcode="select(49) " fcode="select"/>
<opset="select_ln41_1/2 "/>
</bind>
</comp>

<comp id="139" class="1004" name="tmp_fu_139">
<pin_list>
<pin id="140" dir="0" index="0" bw="12" slack="0"/>
<pin id="141" dir="0" index="1" bw="3" slack="0"/>
<pin id="142" dir="0" index="2" bw="1" slack="0"/>
<pin id="143" dir="1" index="3" bw="12" slack="0"/>
</pin_list>
<bind>
<opcode="bitconcatenate(1004) " fcode="bitconcatenate"/>
<opset="tmp/2 "/>
</bind>
</comp>

<comp id="147" class="1004" name="zext_ln43_fu_147">
<pin_list>
<pin id="148" dir="0" index="0" bw="10" slack="0"/>
<pin id="149" dir="1" index="1" bw="12" slack="0"/>
</pin_list>
<bind>
<opcode="zext(34) " fcode="zext"/>
<opset="zext_ln43/2 "/>
</bind>
</comp>

<comp id="151" class="1004" name="add_ln43_fu_151">
<pin_list>
<pin id="152" dir="0" index="0" bw="12" slack="0"/>
<pin id="153" dir="0" index="1" bw="10" slack="0"/>
<pin id="154" dir="1" index="2" bw="12" slack="0"/>
</pin_list>
<bind>
<opcode="add(8) " fcode="add"/>
<opset="add_ln43/2 "/>
</bind>
</comp>

<comp id="157" class="1004" name="zext_ln43_1_fu_157">
<pin_list>
<pin id="158" dir="0" index="0" bw="12" slack="0"/>
<pin id="159" dir="1" index="1" bw="64" slack="0"/>
</pin_list>
<bind>
<opcode="zext(34) " fcode="zext"/>
<opset="zext_ln43_1/2 "/>
</bind>
</comp>

<comp id="162" class="1004" name="add_ln42_fu_162">
<pin_list>
<pin id="163" dir="0" index="0" bw="10" slack="0"/>
<pin id="164" dir="0" index="1" bw="1" slack="0"/>
<pin id="165" dir="1" index="2" bw="10" slack="0"/>
</pin_list>
<bind>
<opcode="add(8) " fcode="add"/>
<opset="add_ln42/2 "/>
</bind>
</comp>

<comp id="168" class="1004" name="store_ln41_store_fu_168">
<pin_list>
<pin id="169" dir="0" index="0" bw="3" slack="0"/>
<pin id="170" dir="0" index="1" bw="3" slack="1"/>
<pin id="171" dir="1" index="2" bw="0" slack="2147483647"/>
</pin_list>
<bind>
<opcode="store(28) " fcode="store"/>
<opset="store_ln41/2 "/>
</bind>
</comp>

<comp id="173" class="1004" name="store_ln42_store_fu_173">
<pin_list>
<pin id="174" dir="0" index="0" bw="10" slack="0"/>
<pin id="175" dir="0" index="1" bw="10" slack="1"/>
<pin id="176" dir="1" index="2" bw="0" slack="2147483647"/>
</pin_list>
<bind>
<opcode="store(28) " fcode="store"/>
<opset="store_ln42/2 "/>
</bind>
</comp>

<comp id="178" class="1005" name="column_reg_178">
<pin_list>
<pin id="179" dir="0" index="0" bw="10" slack="0"/>
<pin id="180" dir="1" index="1" bw="10" slack="0"/>
</pin_list>
<bind>
<opset="column "/>
</bind>
</comp>

<comp id="185" class="1005" name="row_reg_185">
<pin_list>
<pin id="186" dir="0" index="0" bw="3" slack="0"/>
<pin id="187" dir="1" index="1" bw="3" slack="0"/>
</pin_list>
<bind>
<opset="row "/>
</bind>
</comp>

<comp id="192" class="1005" name="indvar_flatten_reg_192">
<pin_list>
<pin id="193" dir="0" index="0" bw="12" slack="0"/>
<pin id="194" dir="1" index="1" bw="12" slack="0"/>
</pin_list>
<bind>
<opset="indvar_flatten "/>
</bind>
</comp>

</comp_list>

<net_list>
<net id="47"><net_src comp="2" pin="0"/><net_sink comp="44" pin=0"/></net>

<net id="51"><net_src comp="2" pin="0"/><net_sink comp="48" pin=0"/></net>

<net id="55"><net_src comp="2" pin="0"/><net_sink comp="52" pin=0"/></net>

<net id="61"><net_src comp="0" pin="0"/><net_sink comp="56" pin=0"/></net>

<net id="62"><net_src comp="30" pin="0"/><net_sink comp="56" pin=1"/></net>

<net id="68"><net_src comp="40" pin="0"/><net_sink comp="63" pin=1"/></net>

<net id="69"><net_src comp="56" pin="3"/><net_sink comp="63" pin=0"/></net>

<net id="74"><net_src comp="4" pin="0"/><net_sink comp="70" pin=0"/></net>

<net id="79"><net_src comp="6" pin="0"/><net_sink comp="75" pin=0"/></net>

<net id="84"><net_src comp="8" pin="0"/><net_sink comp="80" pin=0"/></net>

<net id="92"><net_src comp="85" pin="1"/><net_sink comp="88" pin=0"/></net>

<net id="93"><net_src comp="10" pin="0"/><net_sink comp="88" pin=1"/></net>

<net id="98"><net_src comp="85" pin="1"/><net_sink comp="94" pin=0"/></net>

<net id="99"><net_src comp="12" pin="0"/><net_sink comp="94" pin=1"/></net>

<net id="104"><net_src comp="94" pin="2"/><net_sink comp="100" pin=0"/></net>

<net id="115"><net_src comp="108" pin="1"/><net_sink comp="111" pin=0"/></net>

<net id="116"><net_src comp="14" pin="0"/><net_sink comp="111" pin=1"/></net>

<net id="121"><net_src comp="105" pin="1"/><net_sink comp="117" pin=0"/></net>

<net id="122"><net_src comp="24" pin="0"/><net_sink comp="117" pin=1"/></net>

<net id="128"><net_src comp="117" pin="2"/><net_sink comp="123" pin=0"/></net>

<net id="129"><net_src comp="8" pin="0"/><net_sink comp="123" pin=1"/></net>

<net id="130"><net_src comp="105" pin="1"/><net_sink comp="123" pin=2"/></net>

<net id="136"><net_src comp="117" pin="2"/><net_sink comp="131" pin=0"/></net>

<net id="137"><net_src comp="111" pin="2"/><net_sink comp="131" pin=1"/></net>

<net id="138"><net_src comp="108" pin="1"/><net_sink comp="131" pin=2"/></net>

<net id="144"><net_src comp="26" pin="0"/><net_sink comp="139" pin=0"/></net>

<net id="145"><net_src comp="131" pin="3"/><net_sink comp="139" pin=1"/></net>

<net id="146"><net_src comp="28" pin="0"/><net_sink comp="139" pin=2"/></net>

<net id="150"><net_src comp="123" pin="3"/><net_sink comp="147" pin=0"/></net>

<net id="155"><net_src comp="139" pin="3"/><net_sink comp="151" pin=0"/></net>

<net id="156"><net_src comp="147" pin="1"/><net_sink comp="151" pin=1"/></net>

<net id="160"><net_src comp="151" pin="2"/><net_sink comp="157" pin=0"/></net>

<net id="161"><net_src comp="157" pin="1"/><net_sink comp="56" pin=2"/></net>

<net id="166"><net_src comp="123" pin="3"/><net_sink comp="162" pin=0"/></net>

<net id="167"><net_src comp="42" pin="0"/><net_sink comp="162" pin=1"/></net>

<net id="172"><net_src comp="131" pin="3"/><net_sink comp="168" pin=0"/></net>

<net id="177"><net_src comp="162" pin="2"/><net_sink comp="173" pin=0"/></net>

<net id="181"><net_src comp="44" pin="1"/><net_sink comp="178" pin=0"/></net>

<net id="182"><net_src comp="178" pin="1"/><net_sink comp="80" pin=1"/></net>

<net id="183"><net_src comp="178" pin="1"/><net_sink comp="105" pin=0"/></net>

<net id="184"><net_src comp="178" pin="1"/><net_sink comp="173" pin=1"/></net>

<net id="188"><net_src comp="48" pin="1"/><net_sink comp="185" pin=0"/></net>

<net id="189"><net_src comp="185" pin="1"/><net_sink comp="75" pin=1"/></net>

<net id="190"><net_src comp="185" pin="1"/><net_sink comp="108" pin=0"/></net>

<net id="191"><net_src comp="185" pin="1"/><net_sink comp="168" pin=1"/></net>

<net id="195"><net_src comp="52" pin="1"/><net_sink comp="192" pin=0"/></net>

<net id="196"><net_src comp="192" pin="1"/><net_sink comp="70" pin=1"/></net>

<net id="197"><net_src comp="192" pin="1"/><net_sink comp="85" pin=0"/></net>

<net id="198"><net_src comp="192" pin="1"/><net_sink comp="100" pin=1"/></net>

</net_list>

</model> 
---------------- Datapath Model END ------------------

* FSMD analyzer results:
  - Output states:
	Port: lineBuffer_1 | {2 }
 - Input state : 
	Port: canny_top_Pipeline_VITIS_LOOP_41_1_VITIS_LOOP_42_2 : lineBuffer_1 | {}
  - Chain level:
	State 1
		store_ln0 : 1
		store_ln41 : 1
		store_ln42 : 1
		indvar_flatten_load : 1
		icmp_ln41 : 2
		add_ln41_1 : 2
		br_ln41 : 3
		store_ln41 : 3
	State 2
		add_ln41 : 1
		icmp_ln42 : 1
		select_ln41 : 2
		select_ln41_1 : 2
		tmp : 3
		zext_ln43 : 3
		add_ln43 : 4
		zext_ln43_1 : 5
		lineBuffer_1_addr : 6
		store_ln43 : 7
		add_ln42 : 3
		store_ln41 : 3
		store_ln42 : 4


============================================================
+ Verbose Summary: Datapath Resource usage 
============================================================

* Functional unit list:
|----------|----------------------|---------|---------|
| Operation|    Functional Unit   |    FF   |   LUT   |
|----------|----------------------|---------|---------|
|          |   add_ln41_1_fu_94   |    0    |    19   |
|    add   |    add_ln41_fu_111   |    0    |    10   |
|          |    add_ln43_fu_151   |    0    |    19   |
|          |    add_ln42_fu_162   |    0    |    17   |
|----------|----------------------|---------|---------|
|   icmp   |    icmp_ln41_fu_88   |    0    |    19   |
|          |   icmp_ln42_fu_117   |    0    |    17   |
|----------|----------------------|---------|---------|
|  select  |  select_ln41_fu_123  |    0    |    10   |
|          | select_ln41_1_fu_131 |    0    |    3    |
|----------|----------------------|---------|---------|
|bitconcatenate|      tmp_fu_139      |    0    |    0    |
|----------|----------------------|---------|---------|
|   zext   |   zext_ln43_fu_147   |    0    |    0    |
|          |  zext_ln43_1_fu_157  |    0    |    0    |
|----------|----------------------|---------|---------|
|   Total  |                      |    0    |   114   |
|----------|----------------------|---------|---------|

Memories:
N/A

* Register list:
+----------------------+--------+
|                      |   FF   |
+----------------------+--------+
|    column_reg_178    |   10   |
|indvar_flatten_reg_192|   12   |
|      row_reg_185     |    3   |
+----------------------+--------+
|         Total        |   25   |
+----------------------+--------+

* Multiplexer (MUX) list: 
|--------|------|------|------|--------|
|  Comp  |  Pin | Size |  BW  | S x BW |
|--------|------|------|------|--------|
|  Total |      |      |      |    0   |
|--------|------|------|------|--------|



* Summary:
+-----------+--------+--------+
|           |   FF   |   LUT  |
+-----------+--------+--------+
|  Function |    0   |   114  |
|   Memory  |    -   |    -   |
|Multiplexer|    -   |    -   |
|  Register |   25   |    -   |
+-----------+--------+--------+
|   Total   |   25   |   114  |
+-----------+--------+--------+
