

================================================================
== Vitis HLS Report for 'canny_top_Pipeline_VITIS_LOOP_22_1_VITIS_LOOP_23_2'
================================================================
* Date:           Fri Jul 24 22:33:44 2026

* Version:        2025.2 (Build 6295257 on Nov 14 2025)
* Project:        canny_top
* Solution:       hls (Vitis Kernel Flow Target)
* Product family: zynquplus
* Target device:  xck26-sfvc784-2LV-c


================================================================
== Performance Estimates
================================================================
+ Timing: 
    * Summary: 
    +--------+---------+----------+------------+
    |  Clock |  Target | Estimated| Uncertainty|
    +--------+---------+----------+------------+
    |ap_clk  |  5.00 ns|  2.854 ns|     1.35 ns|
    +--------+---------+----------+------------+

+ Latency: 
    * Summary: 
    +---------+---------+----------+----------+-----+-----+-------------------+
    |  Latency (cycles) |  Latency (absolute) |  Interval |      Pipeline     |
    |   min   |   max   |    min   |    max   | min | max |        Type       |
    +---------+---------+----------+----------+-----+-----+-------------------+
    |     1538|     1538|  7.690 us|  7.690 us|    0|    0|  loop pipeline stp|
    +---------+---------+----------+----------+-----+-----+-------------------+

    + Detail: 
        * Instance: 
        N/A

        * Loop: 
        +-----------------------------------+---------+---------+----------+-----------+-----------+------+----------+
        |                                   |  Latency (cycles) | Iteration|  Initiation Interval  | Trip |          |
        |             Loop Name             |   min   |   max   |  Latency |  achieved |   target  | Count| Pipelined|
        +-----------------------------------+---------+---------+----------+-----------+-----------+------+----------+
        |- VITIS_LOOP_22_1_VITIS_LOOP_23_2  |     1536|     1536|         2|          1|          1|  1536|       yes|
        +-----------------------------------+---------+---------+----------+-----------+-----------+------+----------+

============================================================
+ Verbose Summary: Synthesis Manager
============================================================
InlineROM: 1
ExposeGlobal: 0
============================================================
+ Verbose Summary: CDFG Model
============================================================
IsTopModel: 0
ResetActiveHigh: 1
IsCombinational: 0
IsDatapathOnly: 0
HasWiredReturn: 1
HasMFsm: 2
HasVarLatency: 1
IsPipeline: 0
IsRtlPipelined: 0
IsInstanceOverlapped: 0
IsDontTouch: 0
HasImplIP: 0
IsGatedGlobalClock: 0

+ Individual pipeline summary: 
  * Pipeline-0: initiation interval (II) = 1, depth = 2


============================================================
+ Verbose Summary: Schedule
============================================================
* Number of FSM states : 2
* Pipeline : 1
  Pipeline-0 : II = 1, D = 2, States = { 1 2 }
* Dataflow Pipeline: 0

* FSM state transitions: 
1 --> 2 
2 --> 

* FSM state operations: 

State 1 <SV = 0> <Delay = 2.85>
ST_1 : Operation 5 [1/1] (0.00ns)   --->   "%column_9 = alloca i32 1" [../src/non_maximum_suppression.cpp:23->../src/canny_top.cpp:45->../src/canny_top.cpp:10]   --->   Operation 5 'alloca' 'column_9' <Predicate = true> <Delay = 0.00>
ST_1 : Operation 6 [1/1] (0.00ns)   --->   "%row = alloca i32 1" [../src/non_maximum_suppression.cpp:22->../src/canny_top.cpp:45->../src/canny_top.cpp:10]   --->   Operation 6 'alloca' 'row' <Predicate = true> <Delay = 0.00>
ST_1 : Operation 7 [1/1] (0.00ns)   --->   "%indvar_flatten13 = alloca i32 1"   --->   Operation 7 'alloca' 'indvar_flatten13' <Predicate = true> <Delay = 0.00>
ST_1 : Operation 8 [1/1] (0.42ns)   --->   "%store_ln0 = store i11 0, i11 %indvar_flatten13"   --->   Operation 8 'store' 'store_ln0' <Predicate = true> <Delay = 0.42>
ST_1 : Operation 9 [1/1] (0.42ns)   --->   "%store_ln22 = store i2 0, i2 %row" [../src/non_maximum_suppression.cpp:22->../src/canny_top.cpp:45->../src/canny_top.cpp:10]   --->   Operation 9 'store' 'store_ln22' <Predicate = true> <Delay = 0.42>
ST_1 : Operation 10 [1/1] (0.42ns)   --->   "%store_ln23 = store i10 0, i10 %column_9" [../src/non_maximum_suppression.cpp:23->../src/canny_top.cpp:45->../src/canny_top.cpp:10]   --->   Operation 10 'store' 'store_ln23' <Predicate = true> <Delay = 0.42>
ST_1 : Operation 11 [1/1] (0.00ns)   --->   "%br_ln0 = br void %for.inc.i13.i"   --->   Operation 11 'br' 'br_ln0' <Predicate = true> <Delay = 0.00>
ST_1 : Operation 12 [1/1] (0.00ns)   --->   "%indvar_flatten13_load = load i11 %indvar_flatten13" [../src/non_maximum_suppression.cpp:22->../src/canny_top.cpp:45->../src/canny_top.cpp:10]   --->   Operation 12 'load' 'indvar_flatten13_load' <Predicate = true> <Delay = 0.00>
ST_1 : Operation 13 [1/1] (0.79ns)   --->   "%icmp_ln22 = icmp_eq  i11 %indvar_flatten13_load, i11 1536" [../src/non_maximum_suppression.cpp:22->../src/canny_top.cpp:45->../src/canny_top.cpp:10]   --->   Operation 13 'icmp' 'icmp_ln22' <Predicate = true> <Delay = 0.79> <CoreInst = "Cmp">   --->   Core 9 'Cmp' <Latency = 0> <II = 1> <Delay = 0.79> <FuncUnit> <Opcode : 'seteq' 'setne' 'setle' 'setge' 'setlt' 'setgt'> <InPorts = 2> <OutPorts = 1>
ST_1 : Operation 14 [1/1] (0.79ns)   --->   "%add_ln22_4 = add i11 %indvar_flatten13_load, i11 1" [../src/non_maximum_suppression.cpp:22->../src/canny_top.cpp:45->../src/canny_top.cpp:10]   --->   Operation 14 'add' 'add_ln22_4' <Predicate = true> <Delay = 0.79> <CoreInst = "Adder">   --->   Core 1 'Adder' <Latency = 0> <II = 1> <Delay = 0.79> <FuncUnit> <Opcode : 'add' 'sub'> <InPorts = 2> <OutPorts = 1>
ST_1 : Operation 15 [1/1] (0.00ns)   --->   "%br_ln22 = br i1 %icmp_ln22, void %for.inc11.i.i, void %_Z29non_maximum_suppression_resetv.exit.i.exitStub" [../src/non_maximum_suppression.cpp:22->../src/canny_top.cpp:45->../src/canny_top.cpp:10]   --->   Operation 15 'br' 'br_ln22' <Predicate = true> <Delay = 0.00>
ST_1 : Operation 16 [1/1] (0.00ns)   --->   "%column_9_load = load i10 %column_9" [../src/non_maximum_suppression.cpp:23->../src/canny_top.cpp:45->../src/canny_top.cpp:10]   --->   Operation 16 'load' 'column_9_load' <Predicate = (!icmp_ln22)> <Delay = 0.00>
ST_1 : Operation 17 [1/1] (0.00ns)   --->   "%row_load = load i2 %row" [../src/non_maximum_suppression.cpp:22->../src/canny_top.cpp:45->../src/canny_top.cpp:10]   --->   Operation 17 'load' 'row_load' <Predicate = (!icmp_ln22)> <Delay = 0.00>
ST_1 : Operation 18 [1/1] (0.54ns)   --->   "%add_ln22 = add i2 %row_load, i2 1" [../src/non_maximum_suppression.cpp:22->../src/canny_top.cpp:45->../src/canny_top.cpp:10]   --->   Operation 18 'add' 'add_ln22' <Predicate = (!icmp_ln22)> <Delay = 0.54> <CoreInst = "Adder">   --->   Core 1 'Adder' <Latency = 0> <II = 1> <Delay = 0.54> <FuncUnit> <Opcode : 'add' 'sub'> <InPorts = 2> <OutPorts = 1>
ST_1 : Operation 19 [1/1] (0.00ns)   --->   "%specloopname_ln0 = specloopname void @_ssdm_op_SpecLoopName, void @VITIS_LOOP_22_1_VITIS_LOOP_23_2_str"   --->   Operation 19 'specloopname' 'specloopname_ln0' <Predicate = (!icmp_ln22)> <Delay = 0.00>
ST_1 : Operation 20 [1/1] (0.00ns)   --->   "%speclooptripcount_ln0 = speclooptripcount void @_ssdm_op_SpecLoopTripCount, i64 1536, i64 1536, i64 1536"   --->   Operation 20 'speclooptripcount' 'speclooptripcount_ln0' <Predicate = (!icmp_ln22)> <Delay = 0.00>
ST_1 : Operation 21 [1/1] (0.78ns)   --->   "%icmp_ln23 = icmp_eq  i10 %column_9_load, i10 512" [../src/non_maximum_suppression.cpp:23->../src/canny_top.cpp:45->../src/canny_top.cpp:10]   --->   Operation 21 'icmp' 'icmp_ln23' <Predicate = (!icmp_ln22)> <Delay = 0.78> <CoreInst = "Cmp">   --->   Core 9 'Cmp' <Latency = 0> <II = 1> <Delay = 0.78> <FuncUnit> <Opcode : 'seteq' 'setne' 'setle' 'setge' 'setlt' 'setgt'> <InPorts = 2> <OutPorts = 1>
ST_1 : Operation 22 [1/1] (0.40ns)   --->   "%select_ln22 = select i1 %icmp_ln23, i10 0, i10 %column_9_load" [../src/non_maximum_suppression.cpp:22->../src/canny_top.cpp:45->../src/canny_top.cpp:10]   --->   Operation 22 'select' 'select_ln22' <Predicate = (!icmp_ln22)> <Delay = 0.40> <CoreInst = "Sel">   --->   Core 73 'Sel' <Latency = 0> <II = 1> <Delay = 0.40> <FuncUnit> <Opcode : 'select'> <InPorts = 3> <OutPorts = 1>
ST_1 : Operation 23 [1/1] (0.17ns)   --->   "%select_ln22_4 = select i1 %icmp_ln23, i2 %add_ln22, i2 %row_load" [../src/non_maximum_suppression.cpp:22->../src/canny_top.cpp:45->../src/canny_top.cpp:10]   --->   Operation 23 'select' 'select_ln22_4' <Predicate = (!icmp_ln22)> <Delay = 0.17> <CoreInst = "Sel">   --->   Core 73 'Sel' <Latency = 0> <II = 1> <Delay = 0.17> <FuncUnit> <Opcode : 'select'> <InPorts = 3> <OutPorts = 1>
ST_1 : Operation 24 [1/1] (0.00ns)   --->   "%tmp_s = bitconcatenate i11 @_ssdm_op_BitConcatenate.i11.i2.i9, i2 %select_ln22_4, i9 0" [../src/non_maximum_suppression.cpp:25->../src/canny_top.cpp:45->../src/canny_top.cpp:10]   --->   Operation 24 'bitconcatenate' 'tmp_s' <Predicate = (!icmp_ln22)> <Delay = 0.00>
ST_1 : Operation 25 [1/1] (0.00ns)   --->   "%zext_ln25 = zext i10 %select_ln22" [../src/non_maximum_suppression.cpp:25->../src/canny_top.cpp:45->../src/canny_top.cpp:10]   --->   Operation 25 'zext' 'zext_ln25' <Predicate = (!icmp_ln22)> <Delay = 0.00>
ST_1 : Operation 26 [1/1] (0.79ns)   --->   "%add_ln25 = add i11 %tmp_s, i11 %zext_ln25" [../src/non_maximum_suppression.cpp:25->../src/canny_top.cpp:45->../src/canny_top.cpp:10]   --->   Operation 26 'add' 'add_ln25' <Predicate = (!icmp_ln22)> <Delay = 0.79> <CoreInst = "Adder">   --->   Core 1 'Adder' <Latency = 0> <II = 1> <Delay = 0.79> <FuncUnit> <Opcode : 'add' 'sub'> <InPorts = 2> <OutPorts = 1>
ST_1 : Operation 27 [1/1] (0.00ns)   --->   "%zext_ln25_1 = zext i11 %add_ln25" [../src/non_maximum_suppression.cpp:25->../src/canny_top.cpp:45->../src/canny_top.cpp:10]   --->   Operation 27 'zext' 'zext_ln25_1' <Predicate = (!icmp_ln22)> <Delay = 0.00>
ST_1 : Operation 28 [1/1] (0.00ns)   --->   "%p_anonymous_namespace_lineBuffer_direction_addr = getelementptr i2 %p_anonymous_namespace_lineBuffer_direction, i64 0, i64 %zext_ln25_1" [../src/non_maximum_suppression.cpp:25->../src/canny_top.cpp:45->../src/canny_top.cpp:10]   --->   Operation 28 'getelementptr' 'p_anonymous_namespace_lineBuffer_direction_addr' <Predicate = (!icmp_ln22)> <Delay = 0.00>
ST_1 : Operation 29 [1/1] (0.00ns)   --->   "%trunc_ln23 = trunc i10 %select_ln22" [../src/non_maximum_suppression.cpp:23->../src/canny_top.cpp:45->../src/canny_top.cpp:10]   --->   Operation 29 'trunc' 'trunc_ln23' <Predicate = (!icmp_ln22)> <Delay = 0.00>
ST_1 : Operation 30 [1/1] (0.00ns)   --->   "%specpipeline_ln23 = specpipeline void @_ssdm_op_SpecPipeline, i32 4294967295, i32 0, i32 0, i32 0, i32 4294967295, void @empty_22" [../src/non_maximum_suppression.cpp:23->../src/canny_top.cpp:45->../src/canny_top.cpp:10]   --->   Operation 30 'specpipeline' 'specpipeline_ln23' <Predicate = (!icmp_ln22)> <Delay = 0.00>
ST_1 : Operation 31 [1/1] (0.00ns)   --->   "%lshr_ln = partselect i8 @_ssdm_op_PartSelect.i8.i10.i32.i32, i10 %select_ln22, i32 1, i32 8" [../src/non_maximum_suppression.cpp:23->../src/canny_top.cpp:45->../src/canny_top.cpp:10]   --->   Operation 31 'partselect' 'lshr_ln' <Predicate = (!icmp_ln22)> <Delay = 0.00>
ST_1 : Operation 32 [1/1] (0.00ns)   --->   "%tmp_74 = bitconcatenate i10 @_ssdm_op_BitConcatenate.i10.i2.i8, i2 %select_ln22_4, i8 %lshr_ln" [../src/non_maximum_suppression.cpp:24->../src/canny_top.cpp:45->../src/canny_top.cpp:10]   --->   Operation 32 'bitconcatenate' 'tmp_74' <Predicate = (!icmp_ln22)> <Delay = 0.00>
ST_1 : Operation 33 [1/1] (0.00ns)   --->   "%zext_ln24 = zext i10 %tmp_74" [../src/non_maximum_suppression.cpp:24->../src/canny_top.cpp:45->../src/canny_top.cpp:10]   --->   Operation 33 'zext' 'zext_ln24' <Predicate = (!icmp_ln22)> <Delay = 0.00>
ST_1 : Operation 34 [1/1] (0.00ns)   --->   "%p_anonymous_namespace_lineBuffer_25_magnitude_0_addr = getelementptr i11 %p_anonymous_namespace_lineBuffer_25_magnitude_0, i64 0, i64 %zext_ln24" [../src/non_maximum_suppression.cpp:24->../src/canny_top.cpp:45->../src/canny_top.cpp:10]   --->   Operation 34 'getelementptr' 'p_anonymous_namespace_lineBuffer_25_magnitude_0_addr' <Predicate = (!icmp_ln22)> <Delay = 0.00>
ST_1 : Operation 35 [1/1] (0.00ns)   --->   "%p_anonymous_namespace_lineBuffer_25_magnitude_1_addr = getelementptr i11 %p_anonymous_namespace_lineBuffer_25_magnitude_1, i64 0, i64 %zext_ln24" [../src/non_maximum_suppression.cpp:24->../src/canny_top.cpp:45->../src/canny_top.cpp:10]   --->   Operation 35 'getelementptr' 'p_anonymous_namespace_lineBuffer_25_magnitude_1_addr' <Predicate = (!icmp_ln22)> <Delay = 0.00>
ST_1 : Operation 36 [1/1] (0.00ns)   --->   "%br_ln24 = br i1 %trunc_ln23, void %magnitude2.i.i.case.0, void %magnitude2.i.i.case.1" [../src/non_maximum_suppression.cpp:24->../src/canny_top.cpp:45->../src/canny_top.cpp:10]   --->   Operation 36 'br' 'br_ln24' <Predicate = (!icmp_ln22)> <Delay = 0.00>
ST_1 : Operation 37 [1/1] ( I:1.23ns O:1.23ns )   --->   "%store_ln24 = store i11 0, i10 %p_anonymous_namespace_lineBuffer_25_magnitude_0_addr" [../src/non_maximum_suppression.cpp:24->../src/canny_top.cpp:45->../src/canny_top.cpp:10]   --->   Operation 37 'store' 'store_ln24' <Predicate = (!icmp_ln22 & !trunc_ln23)> <Delay = 1.23> <CoreInst = "RAM">   --->   Core 82 'RAM' <Latency = 1> <II = 1> <Delay = 1.23> <Storage> <Opcode : 'load' 'store'> <Ports = 2> <Width = 11> <Depth = 768> <RAM>
ST_1 : Operation 38 [1/1] (0.00ns)   --->   "%br_ln24 = br void %magnitude2.i.i.exit" [../src/non_maximum_suppression.cpp:24->../src/canny_top.cpp:45->../src/canny_top.cpp:10]   --->   Operation 38 'br' 'br_ln24' <Predicate = (!icmp_ln22 & !trunc_ln23)> <Delay = 0.00>
ST_1 : Operation 39 [1/1] ( I:1.23ns O:1.23ns )   --->   "%store_ln24 = store i11 0, i10 %p_anonymous_namespace_lineBuffer_25_magnitude_1_addr" [../src/non_maximum_suppression.cpp:24->../src/canny_top.cpp:45->../src/canny_top.cpp:10]   --->   Operation 39 'store' 'store_ln24' <Predicate = (!icmp_ln22 & trunc_ln23)> <Delay = 1.23> <CoreInst = "RAM">   --->   Core 82 'RAM' <Latency = 1> <II = 1> <Delay = 1.23> <Storage> <Opcode : 'load' 'store'> <Ports = 2> <Width = 11> <Depth = 768> <RAM>
ST_1 : Operation 40 [1/1] (0.00ns)   --->   "%br_ln24 = br void %magnitude2.i.i.exit" [../src/non_maximum_suppression.cpp:24->../src/canny_top.cpp:45->../src/canny_top.cpp:10]   --->   Operation 40 'br' 'br_ln24' <Predicate = (!icmp_ln22 & trunc_ln23)> <Delay = 0.00>
ST_1 : Operation 41 [1/1] (0.78ns)   --->   "%add_ln23 = add i10 %select_ln22, i10 1" [../src/non_maximum_suppression.cpp:23->../src/canny_top.cpp:45->../src/canny_top.cpp:10]   --->   Operation 41 'add' 'add_ln23' <Predicate = (!icmp_ln22)> <Delay = 0.78> <CoreInst = "Adder">   --->   Core 1 'Adder' <Latency = 0> <II = 1> <Delay = 0.78> <FuncUnit> <Opcode : 'add' 'sub'> <InPorts = 2> <OutPorts = 1>
ST_1 : Operation 42 [1/1] (0.42ns)   --->   "%store_ln22 = store i11 %add_ln22_4, i11 %indvar_flatten13" [../src/non_maximum_suppression.cpp:22->../src/canny_top.cpp:45->../src/canny_top.cpp:10]   --->   Operation 42 'store' 'store_ln22' <Predicate = (!icmp_ln22)> <Delay = 0.42>
ST_1 : Operation 43 [1/1] (0.42ns)   --->   "%store_ln22 = store i2 %select_ln22_4, i2 %row" [../src/non_maximum_suppression.cpp:22->../src/canny_top.cpp:45->../src/canny_top.cpp:10]   --->   Operation 43 'store' 'store_ln22' <Predicate = (!icmp_ln22)> <Delay = 0.42>
ST_1 : Operation 44 [1/1] (0.42ns)   --->   "%store_ln23 = store i10 %add_ln23, i10 %column_9" [../src/non_maximum_suppression.cpp:23->../src/canny_top.cpp:45->../src/canny_top.cpp:10]   --->   Operation 44 'store' 'store_ln23' <Predicate = (!icmp_ln22)> <Delay = 0.42>
ST_1 : Operation 47 [1/1] (0.42ns)   --->   "%ret_ln0 = ret"   --->   Operation 47 'ret' 'ret_ln0' <Predicate = (icmp_ln22)> <Delay = 0.42>

State 2 <SV = 1> <Delay = 1.23>
ST_2 : Operation 45 [1/1] ( I:1.23ns O:1.23ns )   --->   "%store_ln25 = store i2 0, i11 %p_anonymous_namespace_lineBuffer_direction_addr" [../src/non_maximum_suppression.cpp:25->../src/canny_top.cpp:45->../src/canny_top.cpp:10]   --->   Operation 45 'store' 'store_ln25' <Predicate = true> <Delay = 1.23> <CoreInst = "RAM">   --->   Core 82 'RAM' <Latency = 1> <II = 1> <Delay = 1.23> <Storage> <Opcode : 'load' 'store'> <Ports = 2> <Width = 2> <Depth = 1536> <RAM>
ST_2 : Operation 46 [1/1] (0.00ns)   --->   "%br_ln23 = br void %for.inc.i13.i" [../src/non_maximum_suppression.cpp:23->../src/canny_top.cpp:45->../src/canny_top.cpp:10]   --->   Operation 46 'br' 'br_ln23' <Predicate = true> <Delay = 0.00>


============================================================
+ Verbose Summary: Binding
============================================================
STG Binding: 
---------------- STG Properties BEGIN ----------------
- Is combinational: 0
- Is one-state seq: 0
- Is datapath-only: 0
- Is pipelined: 0
- Is top level: 0
Port [ Return ] is wired: 1; IO mode=ap_ctrl_hs:ce=0
Port [ p_anonymous_namespace_lineBuffer_direction]:  wired=1; compound=1; hidden=0; nouse=0; global=1; static=1; extern=0; dir=1; type=1; pingpong=0; private_global=0; MemPort=[03]; IO mode=ap_memory:ce=0
Port [ p_anonymous_namespace_lineBuffer_25_magnitude_0]:  wired=1; compound=1; hidden=0; nouse=0; global=1; static=1; extern=0; dir=1; type=1; pingpong=0; private_global=0; MemPort=[03]; IO mode=ap_memory:ce=0
Port [ p_anonymous_namespace_lineBuffer_25_magnitude_1]:  wired=1; compound=1; hidden=0; nouse=0; global=1; static=1; extern=0; dir=1; type=1; pingpong=0; private_global=0; MemPort=[03]; IO mode=ap_memory:ce=0
---------------- STG Properties END ------------------

---------------- Datapath Model BEGIN ----------------

<LifeTime>
<method=bitvector/>
column_9                                             (alloca           ) [ 010]
row                                                  (alloca           ) [ 010]
indvar_flatten13                                     (alloca           ) [ 010]
store_ln0                                            (store            ) [ 000]
store_ln22                                           (store            ) [ 000]
store_ln23                                           (store            ) [ 000]
br_ln0                                               (br               ) [ 000]
indvar_flatten13_load                                (load             ) [ 000]
icmp_ln22                                            (icmp             ) [ 010]
add_ln22_4                                           (add              ) [ 000]
br_ln22                                              (br               ) [ 000]
column_9_load                                        (load             ) [ 000]
row_load                                             (load             ) [ 000]
add_ln22                                             (add              ) [ 000]
specloopname_ln0                                     (specloopname     ) [ 000]
speclooptripcount_ln0                                (speclooptripcount) [ 000]
icmp_ln23                                            (icmp             ) [ 000]
select_ln22                                          (select           ) [ 000]
select_ln22_4                                        (select           ) [ 000]
tmp_s                                                (bitconcatenate   ) [ 000]
zext_ln25                                            (zext             ) [ 000]
add_ln25                                             (add              ) [ 000]
zext_ln25_1                                          (zext             ) [ 000]
p_anonymous_namespace_lineBuffer_direction_addr      (getelementptr    ) [ 011]
trunc_ln23                                           (trunc            ) [ 010]
specpipeline_ln23                                    (specpipeline     ) [ 000]
lshr_ln                                              (partselect       ) [ 000]
tmp_74                                               (bitconcatenate   ) [ 000]
zext_ln24                                            (zext             ) [ 000]
p_anonymous_namespace_lineBuffer_25_magnitude_0_addr (getelementptr    ) [ 000]
p_anonymous_namespace_lineBuffer_25_magnitude_1_addr (getelementptr    ) [ 000]
br_ln24                                              (br               ) [ 000]
store_ln24                                           (store            ) [ 000]
br_ln24                                              (br               ) [ 000]
store_ln24                                           (store            ) [ 000]
br_ln24                                              (br               ) [ 000]
add_ln23                                             (add              ) [ 000]
store_ln22                                           (store            ) [ 000]
store_ln22                                           (store            ) [ 000]
store_ln23                                           (store            ) [ 000]
store_ln25                                           (store            ) [ 000]
br_ln23                                              (br               ) [ 000]
ret_ln0                                              (ret              ) [ 000]
</LifeTime>

<model>

<comp_list>
<comp id="0" class="1000" name="p_anonymous_namespace_lineBuffer_direction">
<pin_list>
<pin id="1" dir="1" index="0" bw="1" slack="0"/>
</pin_list>
<bind>
<StgValue><ssdm name="p_anonymous_namespace_lineBuffer_direction"/><MemPortTyVec>0 3 </MemPortTyVec>
</StgValue>
</bind>
</comp>

<comp id="2" class="1000" name="p_anonymous_namespace_lineBuffer_25_magnitude_0">
<pin_list>
<pin id="3" dir="1" index="0" bw="1" slack="0"/>
</pin_list>
<bind>
<StgValue><ssdm name="p_anonymous_namespace_lineBuffer_25_magnitude_0"/><MemPortTyVec>0 3 </MemPortTyVec>
</StgValue>
</bind>
</comp>

<comp id="4" class="1000" name="p_anonymous_namespace_lineBuffer_25_magnitude_1">
<pin_list>
<pin id="5" dir="1" index="0" bw="1" slack="0"/>
</pin_list>
<bind>
<StgValue><ssdm name="p_anonymous_namespace_lineBuffer_25_magnitude_1"/><MemPortTyVec>0 3 </MemPortTyVec>
</StgValue>
</bind>
</comp>

<comp id="6" class="1001" name="const_6">
<pin_list>
<pin id="7" dir="1" index="0" bw="1" slack="0"/>
</pin_list>
<bind>
<StgValue><ssdm name=""/></StgValue>
</bind>
</comp>

<comp id="8" class="1001" name="const_8">
<pin_list>
<pin id="9" dir="1" index="0" bw="1" slack="0"/>
</pin_list>
<bind>
<StgValue><ssdm name=""/></StgValue>
</bind>
</comp>

<comp id="10" class="1001" name="const_10">
<pin_list>
<pin id="11" dir="1" index="0" bw="1" slack="0"/>
</pin_list>
<bind>
<StgValue><ssdm name=""/></StgValue>
</bind>
</comp>

<comp id="12" class="1001" name="const_12">
<pin_list>
<pin id="13" dir="1" index="0" bw="1" slack="0"/>
</pin_list>
<bind>
<StgValue><ssdm name=""/></StgValue>
</bind>
</comp>

<comp id="14" class="1001" name="const_14">
<pin_list>
<pin id="15" dir="1" index="0" bw="1" slack="0"/>
</pin_list>
<bind>
<StgValue><ssdm name=""/></StgValue>
</bind>
</comp>

<comp id="16" class="1001" name="const_16">
<pin_list>
<pin id="17" dir="1" index="0" bw="1" slack="0"/>
</pin_list>
<bind>
<StgValue><ssdm name=""/></StgValue>
</bind>
</comp>

<comp id="18" class="1001" name="const_18">
<pin_list>
<pin id="19" dir="1" index="0" bw="1" slack="0"/>
</pin_list>
<bind>
<StgValue><ssdm name=""/></StgValue>
</bind>
</comp>

<comp id="20" class="1001" name="const_20">
<pin_list>
<pin id="21" dir="1" index="0" bw="1" slack="2147483647"/>
</pin_list>
<bind>
<StgValue><ssdm name="_ssdm_op_SpecLoopName"/></StgValue>
</bind>
</comp>

<comp id="22" class="1001" name="const_22">
<pin_list>
<pin id="23" dir="1" index="0" bw="1" slack="2147483647"/>
</pin_list>
<bind>
<StgValue><ssdm name="VITIS_LOOP_22_1_VITIS_LOOP_23_2_str"/></StgValue>
</bind>
</comp>

<comp id="24" class="1001" name="const_24">
<pin_list>
<pin id="25" dir="1" index="0" bw="1" slack="2147483647"/>
</pin_list>
<bind>
<StgValue><ssdm name="_ssdm_op_SpecLoopTripCount"/></StgValue>
</bind>
</comp>

<comp id="26" class="1001" name="const_26">
<pin_list>
<pin id="27" dir="1" index="0" bw="1" slack="2147483647"/>
</pin_list>
<bind>
<StgValue><ssdm name=""/></StgValue>
</bind>
</comp>

<comp id="28" class="1001" name="const_28">
<pin_list>
<pin id="29" dir="1" index="0" bw="1" slack="0"/>
</pin_list>
<bind>
<StgValue><ssdm name=""/></StgValue>
</bind>
</comp>

<comp id="30" class="1001" name="const_30">
<pin_list>
<pin id="31" dir="1" index="0" bw="1" slack="0"/>
</pin_list>
<bind>
<StgValue><ssdm name="_ssdm_op_BitConcatenate.i11.i2.i9"/></StgValue>
</bind>
</comp>

<comp id="32" class="1001" name="const_32">
<pin_list>
<pin id="33" dir="1" index="0" bw="1" slack="0"/>
</pin_list>
<bind>
<StgValue><ssdm name=""/></StgValue>
</bind>
</comp>

<comp id="34" class="1001" name="const_34">
<pin_list>
<pin id="35" dir="1" index="0" bw="1" slack="0"/>
</pin_list>
<bind>
<StgValue><ssdm name=""/></StgValue>
</bind>
</comp>

<comp id="36" class="1001" name="const_36">
<pin_list>
<pin id="37" dir="1" index="0" bw="1" slack="2147483647"/>
</pin_list>
<bind>
<StgValue><ssdm name="_ssdm_op_SpecPipeline"/></StgValue>
</bind>
</comp>

<comp id="38" class="1001" name="const_38">
<pin_list>
<pin id="39" dir="1" index="0" bw="1" slack="2147483647"/>
</pin_list>
<bind>
<StgValue><ssdm name=""/></StgValue>
</bind>
</comp>

<comp id="40" class="1001" name="const_40">
<pin_list>
<pin id="41" dir="1" index="0" bw="1" slack="2147483647"/>
</pin_list>
<bind>
<StgValue><ssdm name=""/></StgValue>
</bind>
</comp>

<comp id="42" class="1001" name="const_42">
<pin_list>
<pin id="43" dir="1" index="0" bw="1" slack="2147483647"/>
</pin_list>
<bind>
<StgValue><ssdm name="empty_22"/></StgValue>
</bind>
</comp>

<comp id="44" class="1001" name="const_44">
<pin_list>
<pin id="45" dir="1" index="0" bw="1" slack="0"/>
</pin_list>
<bind>
<StgValue><ssdm name="_ssdm_op_PartSelect.i8.i10.i32.i32"/></StgValue>
</bind>
</comp>

<comp id="46" class="1001" name="const_46">
<pin_list>
<pin id="47" dir="1" index="0" bw="1" slack="0"/>
</pin_list>
<bind>
<StgValue><ssdm name=""/></StgValue>
</bind>
</comp>

<comp id="48" class="1001" name="const_48">
<pin_list>
<pin id="49" dir="1" index="0" bw="1" slack="0"/>
</pin_list>
<bind>
<StgValue><ssdm name="_ssdm_op_BitConcatenate.i10.i2.i8"/></StgValue>
</bind>
</comp>

<comp id="50" class="1001" name="const_50">
<pin_list>
<pin id="51" dir="1" index="0" bw="1" slack="0"/>
</pin_list>
<bind>
<StgValue><ssdm name=""/></StgValue>
</bind>
</comp>

<comp id="52" class="1004" name="column_9_fu_52">
<pin_list>
<pin id="53" dir="0" index="0" bw="1" slack="0"/>
<pin id="54" dir="1" index="1" bw="10" slack="0"/>
</pin_list>
<bind>
<opcode="alloca(26) " fcode="alloca"/>
<opset="column_9/1 "/>
</bind>
</comp>

<comp id="56" class="1004" name="row_fu_56">
<pin_list>
<pin id="57" dir="0" index="0" bw="1" slack="0"/>
<pin id="58" dir="1" index="1" bw="2" slack="0"/>
</pin_list>
<bind>
<opcode="alloca(26) " fcode="alloca"/>
<opset="row/1 "/>
</bind>
</comp>

<comp id="60" class="1004" name="indvar_flatten13_fu_60">
<pin_list>
<pin id="61" dir="0" index="0" bw="1" slack="0"/>
<pin id="62" dir="1" index="1" bw="11" slack="0"/>
</pin_list>
<bind>
<opcode="alloca(26) " fcode="alloca"/>
<opset="indvar_flatten13/1 "/>
</bind>
</comp>

<comp id="64" class="1004" name="p_anonymous_namespace_lineBuffer_direction_addr_gep_fu_64">
<pin_list>
<pin id="65" dir="0" index="0" bw="2" slack="0"/>
<pin id="66" dir="0" index="1" bw="1" slack="0"/>
<pin id="67" dir="0" index="2" bw="11" slack="0"/>
<pin id="68" dir="1" index="3" bw="11" slack="1"/>
</pin_list>
<bind>
<opcode="getelementptr(29) " fcode="getelementptr"/>
<opset="p_anonymous_namespace_lineBuffer_direction_addr/1 "/>
</bind>
</comp>

<comp id="71" class="1004" name="p_anonymous_namespace_lineBuffer_25_magnitude_0_addr_gep_fu_71">
<pin_list>
<pin id="72" dir="0" index="0" bw="11" slack="0"/>
<pin id="73" dir="0" index="1" bw="1" slack="0"/>
<pin id="74" dir="0" index="2" bw="10" slack="0"/>
<pin id="75" dir="1" index="3" bw="10" slack="0"/>
</pin_list>
<bind>
<opcode="getelementptr(29) " fcode="getelementptr"/>
<opset="p_anonymous_namespace_lineBuffer_25_magnitude_0_addr/1 "/>
</bind>
</comp>

<comp id="78" class="1004" name="p_anonymous_namespace_lineBuffer_25_magnitude_1_addr_gep_fu_78">
<pin_list>
<pin id="79" dir="0" index="0" bw="11" slack="0"/>
<pin id="80" dir="0" index="1" bw="1" slack="0"/>
<pin id="81" dir="0" index="2" bw="10" slack="0"/>
<pin id="82" dir="1" index="3" bw="10" slack="0"/>
</pin_list>
<bind>
<opcode="getelementptr(29) " fcode="getelementptr"/>
<opset="p_anonymous_namespace_lineBuffer_25_magnitude_1_addr/1 "/>
</bind>
</comp>

<comp id="85" class="1004" name="store_ln24_access_fu_85">
<pin_list>
<pin id="86" dir="0" index="0" bw="10" slack="0"/>
<pin id="87" dir="0" index="1" bw="11" slack="0"/>
<pin id="88" dir="0" index="2" bw="0" slack="2147483647"/>
<pin id="89" dir="1" index="3" bw="11" slack="2147483647"/>
</pin_list>
<bind>
<opcode="store(28) " fcode="store"/>
<opset="store_ln24/1 "/>
</bind>
</comp>

<comp id="92" class="1004" name="store_ln24_access_fu_92">
<pin_list>
<pin id="93" dir="0" index="0" bw="10" slack="0"/>
<pin id="94" dir="0" index="1" bw="11" slack="0"/>
<pin id="95" dir="0" index="2" bw="0" slack="2147483647"/>
<pin id="96" dir="1" index="3" bw="11" slack="2147483647"/>
</pin_list>
<bind>
<opcode="store(28) " fcode="store"/>
<opset="store_ln24/1 "/>
</bind>
</comp>

<comp id="99" class="1004" name="store_ln25_access_fu_99">
<pin_list>
<pin id="100" dir="0" index="0" bw="11" slack="1"/>
<pin id="101" dir="0" index="1" bw="2" slack="0"/>
<pin id="102" dir="0" index="2" bw="0" slack="2147483647"/>
<pin id="103" dir="1" index="3" bw="2" slack="2147483647"/>
</pin_list>
<bind>
<opcode="store(28) " fcode="store"/>
<opset="store_ln25/2 "/>
</bind>
</comp>

<comp id="105" class="1004" name="store_ln0_store_fu_105">
<pin_list>
<pin id="106" dir="0" index="0" bw="1" slack="0"/>
<pin id="107" dir="0" index="1" bw="11" slack="0"/>
<pin id="108" dir="1" index="2" bw="0" slack="2147483647"/>
</pin_list>
<bind>
<opcode="store(28) " fcode="store"/>
<opset="store_ln0/1 "/>
</bind>
</comp>

<comp id="110" class="1004" name="store_ln22_store_fu_110">
<pin_list>
<pin id="111" dir="0" index="0" bw="1" slack="0"/>
<pin id="112" dir="0" index="1" bw="2" slack="0"/>
<pin id="113" dir="1" index="2" bw="0" slack="2147483647"/>
</pin_list>
<bind>
<opcode="store(28) " fcode="store"/>
<opset="store_ln22/1 "/>
</bind>
</comp>

<comp id="115" class="1004" name="store_ln23_store_fu_115">
<pin_list>
<pin id="116" dir="0" index="0" bw="1" slack="0"/>
<pin id="117" dir="0" index="1" bw="10" slack="0"/>
<pin id="118" dir="1" index="2" bw="0" slack="2147483647"/>
</pin_list>
<bind>
<opcode="store(28) " fcode="store"/>
<opset="store_ln23/1 "/>
</bind>
</comp>

<comp id="120" class="1004" name="indvar_flatten13_load_load_fu_120">
<pin_list>
<pin id="121" dir="0" index="0" bw="11" slack="0"/>
<pin id="122" dir="1" index="1" bw="11" slack="0"/>
</pin_list>
<bind>
<opcode="load(27) " fcode="load"/>
<opset="indvar_flatten13_load/1 "/>
</bind>
</comp>

<comp id="123" class="1004" name="icmp_ln22_fu_123">
<pin_list>
<pin id="124" dir="0" index="0" bw="11" slack="0"/>
<pin id="125" dir="0" index="1" bw="10" slack="0"/>
<pin id="126" dir="1" index="2" bw="1" slack="2147483647"/>
</pin_list>
<bind>
<opcode="icmp(45) " fcode="icmp"/>
<opset="icmp_ln22/1 "/>
</bind>
</comp>

<comp id="129" class="1004" name="add_ln22_4_fu_129">
<pin_list>
<pin id="130" dir="0" index="0" bw="11" slack="0"/>
<pin id="131" dir="0" index="1" bw="1" slack="0"/>
<pin id="132" dir="1" index="2" bw="11" slack="0"/>
</pin_list>
<bind>
<opcode="add(8) " fcode="add"/>
<opset="add_ln22_4/1 "/>
</bind>
</comp>

<comp id="135" class="1004" name="column_9_load_load_fu_135">
<pin_list>
<pin id="136" dir="0" index="0" bw="10" slack="0"/>
<pin id="137" dir="1" index="1" bw="10" slack="0"/>
</pin_list>
<bind>
<opcode="load(27) " fcode="load"/>
<opset="column_9_load/1 "/>
</bind>
</comp>

<comp id="138" class="1004" name="row_load_load_fu_138">
<pin_list>
<pin id="139" dir="0" index="0" bw="2" slack="0"/>
<pin id="140" dir="1" index="1" bw="2" slack="0"/>
</pin_list>
<bind>
<opcode="load(27) " fcode="load"/>
<opset="row_load/1 "/>
</bind>
</comp>

<comp id="141" class="1004" name="add_ln22_fu_141">
<pin_list>
<pin id="142" dir="0" index="0" bw="2" slack="0"/>
<pin id="143" dir="0" index="1" bw="1" slack="0"/>
<pin id="144" dir="1" index="2" bw="2" slack="0"/>
</pin_list>
<bind>
<opcode="add(8) " fcode="add"/>
<opset="add_ln22/1 "/>
</bind>
</comp>

<comp id="147" class="1004" name="icmp_ln23_fu_147">
<pin_list>
<pin id="148" dir="0" index="0" bw="10" slack="0"/>
<pin id="149" dir="0" index="1" bw="10" slack="0"/>
<pin id="150" dir="1" index="2" bw="1" slack="0"/>
</pin_list>
<bind>
<opcode="icmp(45) " fcode="icmp"/>
<opset="icmp_ln23/1 "/>
</bind>
</comp>

<comp id="153" class="1004" name="select_ln22_fu_153">
<pin_list>
<pin id="154" dir="0" index="0" bw="1" slack="0"/>
<pin id="155" dir="0" index="1" bw="1" slack="0"/>
<pin id="156" dir="0" index="2" bw="10" slack="0"/>
<pin id="157" dir="1" index="3" bw="10" slack="0"/>
</pin_list>
<bind>
<opcode="select(49) " fcode="select"/>
<opset="select_ln22/1 "/>
</bind>
</comp>

<comp id="161" class="1004" name="select_ln22_4_fu_161">
<pin_list>
<pin id="162" dir="0" index="0" bw="1" slack="0"/>
<pin id="163" dir="0" index="1" bw="2" slack="0"/>
<pin id="164" dir="0" index="2" bw="2" slack="0"/>
<pin id="165" dir="1" index="3" bw="2" slack="0"/>
</pin_list>
<bind>
<opcode="select(49) " fcode="select"/>
<opset="select_ln22_4/1 "/>
</bind>
</comp>

<comp id="169" class="1004" name="tmp_s_fu_169">
<pin_list>
<pin id="170" dir="0" index="0" bw="11" slack="0"/>
<pin id="171" dir="0" index="1" bw="2" slack="0"/>
<pin id="172" dir="0" index="2" bw="1" slack="0"/>
<pin id="173" dir="1" index="3" bw="11" slack="0"/>
</pin_list>
<bind>
<opcode="bitconcatenate(1004) " fcode="bitconcatenate"/>
<opset="tmp_s/1 "/>
</bind>
</comp>

<comp id="177" class="1004" name="zext_ln25_fu_177">
<pin_list>
<pin id="178" dir="0" index="0" bw="10" slack="0"/>
<pin id="179" dir="1" index="1" bw="11" slack="0"/>
</pin_list>
<bind>
<opcode="zext(34) " fcode="zext"/>
<opset="zext_ln25/1 "/>
</bind>
</comp>

<comp id="181" class="1004" name="add_ln25_fu_181">
<pin_list>
<pin id="182" dir="0" index="0" bw="11" slack="0"/>
<pin id="183" dir="0" index="1" bw="10" slack="0"/>
<pin id="184" dir="1" index="2" bw="11" slack="0"/>
</pin_list>
<bind>
<opcode="add(8) " fcode="add"/>
<opset="add_ln25/1 "/>
</bind>
</comp>

<comp id="187" class="1004" name="zext_ln25_1_fu_187">
<pin_list>
<pin id="188" dir="0" index="0" bw="11" slack="0"/>
<pin id="189" dir="1" index="1" bw="64" slack="0"/>
</pin_list>
<bind>
<opcode="zext(34) " fcode="zext"/>
<opset="zext_ln25_1/1 "/>
</bind>
</comp>

<comp id="192" class="1004" name="trunc_ln23_fu_192">
<pin_list>
<pin id="193" dir="0" index="0" bw="10" slack="0"/>
<pin id="194" dir="1" index="1" bw="1" slack="2147483647"/>
</pin_list>
<bind>
<opcode="trunc(33) " fcode="trunc"/>
<opset="trunc_ln23/1 "/>
</bind>
</comp>

<comp id="196" class="1004" name="lshr_ln_fu_196">
<pin_list>
<pin id="197" dir="0" index="0" bw="8" slack="0"/>
<pin id="198" dir="0" index="1" bw="10" slack="0"/>
<pin id="199" dir="0" index="2" bw="1" slack="0"/>
<pin id="200" dir="0" index="3" bw="5" slack="0"/>
<pin id="201" dir="1" index="4" bw="8" slack="0"/>
</pin_list>
<bind>
<opcode="partselect(1002) " fcode="partselect"/>
<opset="lshr_ln/1 "/>
</bind>
</comp>

<comp id="206" class="1004" name="tmp_74_fu_206">
<pin_list>
<pin id="207" dir="0" index="0" bw="10" slack="0"/>
<pin id="208" dir="0" index="1" bw="2" slack="0"/>
<pin id="209" dir="0" index="2" bw="8" slack="0"/>
<pin id="210" dir="1" index="3" bw="10" slack="0"/>
</pin_list>
<bind>
<opcode="bitconcatenate(1004) " fcode="bitconcatenate"/>
<opset="tmp_74/1 "/>
</bind>
</comp>

<comp id="214" class="1004" name="zext_ln24_fu_214">
<pin_list>
<pin id="215" dir="0" index="0" bw="10" slack="0"/>
<pin id="216" dir="1" index="1" bw="64" slack="0"/>
</pin_list>
<bind>
<opcode="zext(34) " fcode="zext"/>
<opset="zext_ln24/1 "/>
</bind>
</comp>

<comp id="220" class="1004" name="add_ln23_fu_220">
<pin_list>
<pin id="221" dir="0" index="0" bw="10" slack="0"/>
<pin id="222" dir="0" index="1" bw="1" slack="0"/>
<pin id="223" dir="1" index="2" bw="10" slack="0"/>
</pin_list>
<bind>
<opcode="add(8) " fcode="add"/>
<opset="add_ln23/1 "/>
</bind>
</comp>

<comp id="226" class="1004" name="store_ln22_store_fu_226">
<pin_list>
<pin id="227" dir="0" index="0" bw="11" slack="0"/>
<pin id="228" dir="0" index="1" bw="11" slack="0"/>
<pin id="229" dir="1" index="2" bw="0" slack="2147483647"/>
</pin_list>
<bind>
<opcode="store(28) " fcode="store"/>
<opset="store_ln22/1 "/>
</bind>
</comp>

<comp id="231" class="1004" name="store_ln22_store_fu_231">
<pin_list>
<pin id="232" dir="0" index="0" bw="2" slack="0"/>
<pin id="233" dir="0" index="1" bw="2" slack="0"/>
<pin id="234" dir="1" index="2" bw="0" slack="2147483647"/>
</pin_list>
<bind>
<opcode="store(28) " fcode="store"/>
<opset="store_ln22/1 "/>
</bind>
</comp>

<comp id="236" class="1004" name="store_ln23_store_fu_236">
<pin_list>
<pin id="237" dir="0" index="0" bw="10" slack="0"/>
<pin id="238" dir="0" index="1" bw="10" slack="0"/>
<pin id="239" dir="1" index="2" bw="0" slack="2147483647"/>
</pin_list>
<bind>
<opcode="store(28) " fcode="store"/>
<opset="store_ln23/1 "/>
</bind>
</comp>

<comp id="241" class="1005" name="column_9_reg_241">
<pin_list>
<pin id="242" dir="0" index="0" bw="10" slack="0"/>
<pin id="243" dir="1" index="1" bw="10" slack="0"/>
</pin_list>
<bind>
<opset="column_9 "/>
</bind>
</comp>

<comp id="248" class="1005" name="row_reg_248">
<pin_list>
<pin id="249" dir="0" index="0" bw="2" slack="0"/>
<pin id="250" dir="1" index="1" bw="2" slack="0"/>
</pin_list>
<bind>
<opset="row "/>
</bind>
</comp>

<comp id="255" class="1005" name="indvar_flatten13_reg_255">
<pin_list>
<pin id="256" dir="0" index="0" bw="11" slack="0"/>
<pin id="257" dir="1" index="1" bw="11" slack="0"/>
</pin_list>
<bind>
<opset="indvar_flatten13 "/>
</bind>
</comp>

<comp id="265" class="1005" name="p_anonymous_namespace_lineBuffer_direction_addr_reg_265">
<pin_list>
<pin id="266" dir="0" index="0" bw="11" slack="1"/>
<pin id="267" dir="1" index="1" bw="11" slack="1"/>
</pin_list>
<bind>
<opset="p_anonymous_namespace_lineBuffer_direction_addr "/>
</bind>
</comp>

</comp_list>

<net_list>
<net id="55"><net_src comp="6" pin="0"/><net_sink comp="52" pin=0"/></net>

<net id="59"><net_src comp="6" pin="0"/><net_sink comp="56" pin=0"/></net>

<net id="63"><net_src comp="6" pin="0"/><net_sink comp="60" pin=0"/></net>

<net id="69"><net_src comp="0" pin="0"/><net_sink comp="64" pin=0"/></net>

<net id="70"><net_src comp="34" pin="0"/><net_sink comp="64" pin=1"/></net>

<net id="76"><net_src comp="2" pin="0"/><net_sink comp="71" pin=0"/></net>

<net id="77"><net_src comp="34" pin="0"/><net_sink comp="71" pin=1"/></net>

<net id="83"><net_src comp="4" pin="0"/><net_sink comp="78" pin=0"/></net>

<net id="84"><net_src comp="34" pin="0"/><net_sink comp="78" pin=1"/></net>

<net id="90"><net_src comp="8" pin="0"/><net_sink comp="85" pin=1"/></net>

<net id="91"><net_src comp="71" pin="3"/><net_sink comp="85" pin=0"/></net>

<net id="97"><net_src comp="8" pin="0"/><net_sink comp="92" pin=1"/></net>

<net id="98"><net_src comp="78" pin="3"/><net_sink comp="92" pin=0"/></net>

<net id="104"><net_src comp="10" pin="0"/><net_sink comp="99" pin=1"/></net>

<net id="109"><net_src comp="8" pin="0"/><net_sink comp="105" pin=0"/></net>

<net id="114"><net_src comp="10" pin="0"/><net_sink comp="110" pin=0"/></net>

<net id="119"><net_src comp="12" pin="0"/><net_sink comp="115" pin=0"/></net>

<net id="127"><net_src comp="120" pin="1"/><net_sink comp="123" pin=0"/></net>

<net id="128"><net_src comp="14" pin="0"/><net_sink comp="123" pin=1"/></net>

<net id="133"><net_src comp="120" pin="1"/><net_sink comp="129" pin=0"/></net>

<net id="134"><net_src comp="16" pin="0"/><net_sink comp="129" pin=1"/></net>

<net id="145"><net_src comp="138" pin="1"/><net_sink comp="141" pin=0"/></net>

<net id="146"><net_src comp="18" pin="0"/><net_sink comp="141" pin=1"/></net>

<net id="151"><net_src comp="135" pin="1"/><net_sink comp="147" pin=0"/></net>

<net id="152"><net_src comp="28" pin="0"/><net_sink comp="147" pin=1"/></net>

<net id="158"><net_src comp="147" pin="2"/><net_sink comp="153" pin=0"/></net>

<net id="159"><net_src comp="12" pin="0"/><net_sink comp="153" pin=1"/></net>

<net id="160"><net_src comp="135" pin="1"/><net_sink comp="153" pin=2"/></net>

<net id="166"><net_src comp="147" pin="2"/><net_sink comp="161" pin=0"/></net>

<net id="167"><net_src comp="141" pin="2"/><net_sink comp="161" pin=1"/></net>

<net id="168"><net_src comp="138" pin="1"/><net_sink comp="161" pin=2"/></net>

<net id="174"><net_src comp="30" pin="0"/><net_sink comp="169" pin=0"/></net>

<net id="175"><net_src comp="161" pin="3"/><net_sink comp="169" pin=1"/></net>

<net id="176"><net_src comp="32" pin="0"/><net_sink comp="169" pin=2"/></net>

<net id="180"><net_src comp="153" pin="3"/><net_sink comp="177" pin=0"/></net>

<net id="185"><net_src comp="169" pin="3"/><net_sink comp="181" pin=0"/></net>

<net id="186"><net_src comp="177" pin="1"/><net_sink comp="181" pin=1"/></net>

<net id="190"><net_src comp="181" pin="2"/><net_sink comp="187" pin=0"/></net>

<net id="191"><net_src comp="187" pin="1"/><net_sink comp="64" pin=2"/></net>

<net id="195"><net_src comp="153" pin="3"/><net_sink comp="192" pin=0"/></net>

<net id="202"><net_src comp="44" pin="0"/><net_sink comp="196" pin=0"/></net>

<net id="203"><net_src comp="153" pin="3"/><net_sink comp="196" pin=1"/></net>

<net id="204"><net_src comp="6" pin="0"/><net_sink comp="196" pin=2"/></net>

<net id="205"><net_src comp="46" pin="0"/><net_sink comp="196" pin=3"/></net>

<net id="211"><net_src comp="48" pin="0"/><net_sink comp="206" pin=0"/></net>

<net id="212"><net_src comp="161" pin="3"/><net_sink comp="206" pin=1"/></net>

<net id="213"><net_src comp="196" pin="4"/><net_sink comp="206" pin=2"/></net>

<net id="217"><net_src comp="206" pin="3"/><net_sink comp="214" pin=0"/></net>

<net id="218"><net_src comp="214" pin="1"/><net_sink comp="71" pin=2"/></net>

<net id="219"><net_src comp="214" pin="1"/><net_sink comp="78" pin=2"/></net>

<net id="224"><net_src comp="153" pin="3"/><net_sink comp="220" pin=0"/></net>

<net id="225"><net_src comp="50" pin="0"/><net_sink comp="220" pin=1"/></net>

<net id="230"><net_src comp="129" pin="2"/><net_sink comp="226" pin=0"/></net>

<net id="235"><net_src comp="161" pin="3"/><net_sink comp="231" pin=0"/></net>

<net id="240"><net_src comp="220" pin="2"/><net_sink comp="236" pin=0"/></net>

<net id="244"><net_src comp="52" pin="1"/><net_sink comp="241" pin=0"/></net>

<net id="245"><net_src comp="241" pin="1"/><net_sink comp="115" pin=1"/></net>

<net id="246"><net_src comp="241" pin="1"/><net_sink comp="135" pin=0"/></net>

<net id="247"><net_src comp="241" pin="1"/><net_sink comp="236" pin=1"/></net>

<net id="251"><net_src comp="56" pin="1"/><net_sink comp="248" pin=0"/></net>

<net id="252"><net_src comp="248" pin="1"/><net_sink comp="110" pin=1"/></net>

<net id="253"><net_src comp="248" pin="1"/><net_sink comp="138" pin=0"/></net>

<net id="254"><net_src comp="248" pin="1"/><net_sink comp="231" pin=1"/></net>

<net id="258"><net_src comp="60" pin="1"/><net_sink comp="255" pin=0"/></net>

<net id="259"><net_src comp="255" pin="1"/><net_sink comp="105" pin=1"/></net>

<net id="260"><net_src comp="255" pin="1"/><net_sink comp="120" pin=0"/></net>

<net id="261"><net_src comp="255" pin="1"/><net_sink comp="226" pin=1"/></net>

<net id="268"><net_src comp="64" pin="3"/><net_sink comp="265" pin=0"/></net>

<net id="269"><net_src comp="265" pin="1"/><net_sink comp="99" pin=0"/></net>

</net_list>

</model> 
---------------- Datapath Model END ------------------

* FSMD analyzer results:
  - Output states:
	Port: p_anonymous_namespace_lineBuffer_direction | {2 }
	Port: p_anonymous_namespace_lineBuffer_25_magnitude_0 | {1 }
	Port: p_anonymous_namespace_lineBuffer_25_magnitude_1 | {1 }
 - Input state : 
  - Chain level:
	State 1
		store_ln0 : 1
		store_ln22 : 1
		store_ln23 : 1
		indvar_flatten13_load : 1
		icmp_ln22 : 2
		add_ln22_4 : 2
		br_ln22 : 3
		column_9_load : 1
		row_load : 1
		add_ln22 : 2
		icmp_ln23 : 2
		select_ln22 : 3
		select_ln22_4 : 3
		tmp_s : 4
		zext_ln25 : 4
		add_ln25 : 5
		zext_ln25_1 : 6
		p_anonymous_namespace_lineBuffer_direction_addr : 7
		trunc_ln23 : 4
		lshr_ln : 4
		tmp_74 : 5
		zext_ln24 : 6
		p_anonymous_namespace_lineBuffer_25_magnitude_0_addr : 7
		p_anonymous_namespace_lineBuffer_25_magnitude_1_addr : 7
		br_ln24 : 5
		store_ln24 : 8
		store_ln24 : 8
		add_ln23 : 4
		store_ln22 : 3
		store_ln22 : 4
		store_ln23 : 5
	State 2


============================================================
+ Verbose Summary: Datapath Resource usage 
============================================================

* Functional unit list:
|----------|----------------------|---------|---------|
| Operation|    Functional Unit   |    FF   |   LUT   |
|----------|----------------------|---------|---------|
|          |   add_ln22_4_fu_129  |    0    |    18   |
|    add   |    add_ln22_fu_141   |    0    |    9    |
|          |    add_ln25_fu_181   |    0    |    18   |
|          |    add_ln23_fu_220   |    0    |    17   |
|----------|----------------------|---------|---------|
|   icmp   |   icmp_ln22_fu_123   |    0    |    18   |
|          |   icmp_ln23_fu_147   |    0    |    17   |
|----------|----------------------|---------|---------|
|  select  |  select_ln22_fu_153  |    0    |    10   |
|          | select_ln22_4_fu_161 |    0    |    2    |
|----------|----------------------|---------|---------|
|bitconcatenate|     tmp_s_fu_169     |    0    |    0    |
|          |     tmp_74_fu_206    |    0    |    0    |
|----------|----------------------|---------|---------|
|          |   zext_ln25_fu_177   |    0    |    0    |
|   zext   |  zext_ln25_1_fu_187  |    0    |    0    |
|          |   zext_ln24_fu_214   |    0    |    0    |
|----------|----------------------|---------|---------|
|   trunc  |   trunc_ln23_fu_192  |    0    |    0    |
|----------|----------------------|---------|---------|
|partselect|    lshr_ln_fu_196    |    0    |    0    |
|----------|----------------------|---------|---------|
|   Total  |                      |    0    |   109   |
|----------|----------------------|---------|---------|

Memories:
N/A

* Register list:
+-------------------------------------------------------+--------+
|                                                       |   FF   |
+-------------------------------------------------------+--------+
|                    column_9_reg_241                   |   10   |
|                indvar_flatten13_reg_255               |   11   |
|p_anonymous_namespace_lineBuffer_direction_addr_reg_265|   11   |
|                      row_reg_248                      |    2   |
+-------------------------------------------------------+--------+
|                         Total                         |   34   |
+-------------------------------------------------------+--------+

* Multiplexer (MUX) list: 
|--------|------|------|------|--------|
|  Comp  |  Pin | Size |  BW  | S x BW |
|--------|------|------|------|--------|
|  Total |      |      |      |    0   |
|--------|------|------|------|--------|



* Summary:
+-----------+--------+--------+
|           |   FF   |   LUT  |
+-----------+--------+--------+
|  Function |    0   |   109  |
|   Memory  |    -   |    -   |
|Multiplexer|    -   |    -   |
|  Register |   34   |    -   |
+-----------+--------+--------+
|   Total   |   34   |   109  |
+-----------+--------+--------+
