

================================================================
== Vitis HLS Report for 'canny_top_Pipeline_VITIS_LOOP_68_1_VITIS_LOOP_69_2'
================================================================
* Date:           Fri Jul 24 16:27:48 2026

* Version:        2025.2 (Build 6295257 on Nov 14 2025)
* Project:        canny_top
* Solution:       hls (Vitis Kernel Flow Target)
* Product family: zynquplus
* Target device:  xck26-sfvc784-2LV-c


================================================================
== Performance Estimates
================================================================
+ Timing: 
    * Summary: 
    +--------+---------+----------+------------+
    |  Clock |  Target | Estimated| Uncertainty|
    +--------+---------+----------+------------+
    |ap_clk  |  5.00 ns|  2.854 ns|     1.35 ns|
    +--------+---------+----------+------------+

+ Latency: 
    * Summary: 
    +---------+---------+----------+----------+-----+-----+-------------------+
    |  Latency (cycles) |  Latency (absolute) |  Interval |      Pipeline     |
    |   min   |   max   |    min   |    max   | min | max |        Type       |
    +---------+---------+----------+----------+-----+-----+-------------------+
    |     1538|     1538|  7.690 us|  7.690 us|    0|    0|  loop pipeline stp|
    +---------+---------+----------+----------+-----+-----+-------------------+

    + Detail: 
        * Instance: 
        N/A

        * Loop: 
        +-----------------------------------+---------+---------+----------+-----------+-----------+------+----------+
        |                                   |  Latency (cycles) | Iteration|  Initiation Interval  | Trip |          |
        |             Loop Name             |   min   |   max   |  Latency |  achieved |   target  | Count| Pipelined|
        +-----------------------------------+---------+---------+----------+-----------+-----------+------+----------+
        |- VITIS_LOOP_68_1_VITIS_LOOP_69_2  |     1536|     1536|         1|          1|          1|  1536|       yes|
        +-----------------------------------+---------+---------+----------+-----------+-----------+------+----------+

============================================================
+ Verbose Summary: Synthesis Manager
============================================================
InlineROM: 1
ExposeGlobal: 0
============================================================
+ Verbose Summary: CDFG Model
============================================================
IsTopModel: 0
ResetActiveHigh: 1
IsCombinational: 0
IsDatapathOnly: 0
HasWiredReturn: 1
HasMFsm: 2
HasVarLatency: 1
IsPipeline: 0
IsRtlPipelined: 0
IsInstanceOverlapped: 0
IsDontTouch: 0
HasImplIP: 0
IsGatedGlobalClock: 0

+ Individual pipeline summary: 
  * Pipeline-0: initiation interval (II) = 1, depth = 1


============================================================
+ Verbose Summary: Schedule
============================================================
* Number of FSM states : 1
* Pipeline : 1
  Pipeline-0 : II = 1, D = 1, States = { 1 }
* Dataflow Pipeline: 0

* FSM state transitions: 
1 --> 

* FSM state operations: 

State 1 <SV = 0> <Delay = 2.85>
ST_1 : Operation 4 [1/1] (0.00ns)   --->   "%column_8 = alloca i32 1" [../src/sobel.cpp:69->../src/canny_top.cpp:43->../src/canny_top.cpp:9]   --->   Operation 4 'alloca' 'column_8' <Predicate = true> <Delay = 0.00>
ST_1 : Operation 5 [1/1] (0.00ns)   --->   "%row = alloca i32 1" [../src/sobel.cpp:68->../src/canny_top.cpp:43->../src/canny_top.cpp:9]   --->   Operation 5 'alloca' 'row' <Predicate = true> <Delay = 0.00>
ST_1 : Operation 6 [1/1] (0.00ns)   --->   "%indvar_flatten6 = alloca i32 1"   --->   Operation 6 'alloca' 'indvar_flatten6' <Predicate = true> <Delay = 0.00>
ST_1 : Operation 7 [1/1] (0.42ns)   --->   "%store_ln0 = store i11 0, i11 %indvar_flatten6"   --->   Operation 7 'store' 'store_ln0' <Predicate = true> <Delay = 0.42>
ST_1 : Operation 8 [1/1] (0.42ns)   --->   "%store_ln68 = store i2 0, i2 %row" [../src/sobel.cpp:68->../src/canny_top.cpp:43->../src/canny_top.cpp:9]   --->   Operation 8 'store' 'store_ln68' <Predicate = true> <Delay = 0.42>
ST_1 : Operation 9 [1/1] (0.42ns)   --->   "%store_ln69 = store i10 0, i10 %column_8" [../src/sobel.cpp:69->../src/canny_top.cpp:43->../src/canny_top.cpp:9]   --->   Operation 9 'store' 'store_ln69' <Predicate = true> <Delay = 0.42>
ST_1 : Operation 10 [1/1] (0.00ns)   --->   "%br_ln0 = br void %for.inc.i6.i"   --->   Operation 10 'br' 'br_ln0' <Predicate = true> <Delay = 0.00>
ST_1 : Operation 11 [1/1] (0.00ns)   --->   "%indvar_flatten6_load = load i11 %indvar_flatten6" [../src/sobel.cpp:68->../src/canny_top.cpp:43->../src/canny_top.cpp:9]   --->   Operation 11 'load' 'indvar_flatten6_load' <Predicate = true> <Delay = 0.00>
ST_1 : Operation 12 [1/1] (0.79ns)   --->   "%icmp_ln68 = icmp_eq  i11 %indvar_flatten6_load, i11 1536" [../src/sobel.cpp:68->../src/canny_top.cpp:43->../src/canny_top.cpp:9]   --->   Operation 12 'icmp' 'icmp_ln68' <Predicate = true> <Delay = 0.79> <CoreInst = "Cmp">   --->   Core 9 'Cmp' <Latency = 0> <II = 1> <Delay = 0.79> <FuncUnit> <Opcode : 'seteq' 'setne' 'setle' 'setge' 'setlt' 'setgt'> <InPorts = 2> <OutPorts = 1>
ST_1 : Operation 13 [1/1] (0.79ns)   --->   "%add_ln68_1 = add i11 %indvar_flatten6_load, i11 1" [../src/sobel.cpp:68->../src/canny_top.cpp:43->../src/canny_top.cpp:9]   --->   Operation 13 'add' 'add_ln68_1' <Predicate = true> <Delay = 0.79> <CoreInst = "Adder">   --->   Core 1 'Adder' <Latency = 0> <II = 1> <Delay = 0.79> <FuncUnit> <Opcode : 'add' 'sub'> <InPorts = 2> <OutPorts = 1>
ST_1 : Operation 14 [1/1] (0.00ns)   --->   "%br_ln68 = br i1 %icmp_ln68, void %for.inc7.i9.i, void %_Z11sobel_resetv.exit.i.exitStub" [../src/sobel.cpp:68->../src/canny_top.cpp:43->../src/canny_top.cpp:9]   --->   Operation 14 'br' 'br_ln68' <Predicate = true> <Delay = 0.00>
ST_1 : Operation 15 [1/1] (0.00ns)   --->   "%column_8_load = load i10 %column_8" [../src/sobel.cpp:69->../src/canny_top.cpp:43->../src/canny_top.cpp:9]   --->   Operation 15 'load' 'column_8_load' <Predicate = (!icmp_ln68)> <Delay = 0.00>
ST_1 : Operation 16 [1/1] (0.00ns)   --->   "%row_load = load i2 %row" [../src/sobel.cpp:68->../src/canny_top.cpp:43->../src/canny_top.cpp:9]   --->   Operation 16 'load' 'row_load' <Predicate = (!icmp_ln68)> <Delay = 0.00>
ST_1 : Operation 17 [1/1] (0.54ns)   --->   "%add_ln68 = add i2 %row_load, i2 1" [../src/sobel.cpp:68->../src/canny_top.cpp:43->../src/canny_top.cpp:9]   --->   Operation 17 'add' 'add_ln68' <Predicate = (!icmp_ln68)> <Delay = 0.54> <CoreInst = "Adder">   --->   Core 1 'Adder' <Latency = 0> <II = 1> <Delay = 0.54> <FuncUnit> <Opcode : 'add' 'sub'> <InPorts = 2> <OutPorts = 1>
ST_1 : Operation 18 [1/1] (0.00ns)   --->   "%specloopname_ln0 = specloopname void @_ssdm_op_SpecLoopName, void @VITIS_LOOP_68_1_VITIS_LOOP_69_2_str"   --->   Operation 18 'specloopname' 'specloopname_ln0' <Predicate = (!icmp_ln68)> <Delay = 0.00>
ST_1 : Operation 19 [1/1] (0.00ns)   --->   "%speclooptripcount_ln0 = speclooptripcount void @_ssdm_op_SpecLoopTripCount, i64 1536, i64 1536, i64 1536"   --->   Operation 19 'speclooptripcount' 'speclooptripcount_ln0' <Predicate = (!icmp_ln68)> <Delay = 0.00>
ST_1 : Operation 20 [1/1] (0.78ns)   --->   "%icmp_ln69 = icmp_eq  i10 %column_8_load, i10 512" [../src/sobel.cpp:69->../src/canny_top.cpp:43->../src/canny_top.cpp:9]   --->   Operation 20 'icmp' 'icmp_ln69' <Predicate = (!icmp_ln68)> <Delay = 0.78> <CoreInst = "Cmp">   --->   Core 9 'Cmp' <Latency = 0> <II = 1> <Delay = 0.78> <FuncUnit> <Opcode : 'seteq' 'setne' 'setle' 'setge' 'setlt' 'setgt'> <InPorts = 2> <OutPorts = 1>
ST_1 : Operation 21 [1/1] (0.40ns)   --->   "%select_ln68 = select i1 %icmp_ln69, i10 0, i10 %column_8_load" [../src/sobel.cpp:68->../src/canny_top.cpp:43->../src/canny_top.cpp:9]   --->   Operation 21 'select' 'select_ln68' <Predicate = (!icmp_ln68)> <Delay = 0.40> <CoreInst = "Sel">   --->   Core 73 'Sel' <Latency = 0> <II = 1> <Delay = 0.40> <FuncUnit> <Opcode : 'select'> <InPorts = 3> <OutPorts = 1>
ST_1 : Operation 22 [1/1] (0.17ns)   --->   "%select_ln68_1 = select i1 %icmp_ln69, i2 %add_ln68, i2 %row_load" [../src/sobel.cpp:68->../src/canny_top.cpp:43->../src/canny_top.cpp:9]   --->   Operation 22 'select' 'select_ln68_1' <Predicate = (!icmp_ln68)> <Delay = 0.17> <CoreInst = "Sel">   --->   Core 73 'Sel' <Latency = 0> <II = 1> <Delay = 0.17> <FuncUnit> <Opcode : 'select'> <InPorts = 3> <OutPorts = 1>
ST_1 : Operation 23 [1/1] (0.00ns)   --->   "%trunc_ln69 = trunc i10 %select_ln68" [../src/sobel.cpp:69->../src/canny_top.cpp:43->../src/canny_top.cpp:9]   --->   Operation 23 'trunc' 'trunc_ln69' <Predicate = (!icmp_ln68)> <Delay = 0.00>
ST_1 : Operation 24 [1/1] (0.00ns)   --->   "%specpipeline_ln69 = specpipeline void @_ssdm_op_SpecPipeline, i32 4294967295, i32 0, i32 0, i32 0, i32 4294967295, void @empty_10" [../src/sobel.cpp:69->../src/canny_top.cpp:43->../src/canny_top.cpp:9]   --->   Operation 24 'specpipeline' 'specpipeline_ln69' <Predicate = (!icmp_ln68)> <Delay = 0.00>
ST_1 : Operation 25 [1/1] (0.00ns)   --->   "%lshr_ln = partselect i8 @_ssdm_op_PartSelect.i8.i10.i32.i32, i10 %select_ln68, i32 1, i32 8" [../src/sobel.cpp:69->../src/canny_top.cpp:43->../src/canny_top.cpp:9]   --->   Operation 25 'partselect' 'lshr_ln' <Predicate = (!icmp_ln68)> <Delay = 0.00>
ST_1 : Operation 26 [1/1] (0.00ns)   --->   "%tmp_s = bitconcatenate i10 @_ssdm_op_BitConcatenate.i10.i2.i8, i2 %select_ln68_1, i8 %lshr_ln" [../src/sobel.cpp:70->../src/canny_top.cpp:43->../src/canny_top.cpp:9]   --->   Operation 26 'bitconcatenate' 'tmp_s' <Predicate = (!icmp_ln68)> <Delay = 0.00>
ST_1 : Operation 27 [1/1] (0.00ns)   --->   "%zext_ln70 = zext i10 %tmp_s" [../src/sobel.cpp:70->../src/canny_top.cpp:43->../src/canny_top.cpp:9]   --->   Operation 27 'zext' 'zext_ln70' <Predicate = (!icmp_ln68)> <Delay = 0.00>
ST_1 : Operation 28 [1/1] (0.00ns)   --->   "%p_anonymous_namespace_lineBuffer_32_0_addr = getelementptr i8 %p_anonymous_namespace_lineBuffer_32_0, i64 0, i64 %zext_ln70" [../src/sobel.cpp:70->../src/canny_top.cpp:43->../src/canny_top.cpp:9]   --->   Operation 28 'getelementptr' 'p_anonymous_namespace_lineBuffer_32_0_addr' <Predicate = (!icmp_ln68)> <Delay = 0.00>
ST_1 : Operation 29 [1/1] (0.00ns)   --->   "%p_anonymous_namespace_lineBuffer_32_1_addr = getelementptr i8 %p_anonymous_namespace_lineBuffer_32_1, i64 0, i64 %zext_ln70" [../src/sobel.cpp:70->../src/canny_top.cpp:43->../src/canny_top.cpp:9]   --->   Operation 29 'getelementptr' 'p_anonymous_namespace_lineBuffer_32_1_addr' <Predicate = (!icmp_ln68)> <Delay = 0.00>
ST_1 : Operation 30 [1/1] (0.00ns)   --->   "%br_ln70 = br i1 %trunc_ln69, void %arrayidx61.i3.i.case.0, void %arrayidx61.i3.i.case.1" [../src/sobel.cpp:70->../src/canny_top.cpp:43->../src/canny_top.cpp:9]   --->   Operation 30 'br' 'br_ln70' <Predicate = (!icmp_ln68)> <Delay = 0.00>
ST_1 : Operation 31 [1/1] ( I:1.23ns O:1.23ns )   --->   "%store_ln70 = store i8 0, i10 %p_anonymous_namespace_lineBuffer_32_0_addr" [../src/sobel.cpp:70->../src/canny_top.cpp:43->../src/canny_top.cpp:9]   --->   Operation 31 'store' 'store_ln70' <Predicate = (!icmp_ln68 & !trunc_ln69)> <Delay = 1.23> <CoreInst = "RAM">   --->   Core 82 'RAM' <Latency = 1> <II = 1> <Delay = 1.23> <Storage> <Opcode : 'load' 'store'> <Ports = 2> <Width = 8> <Depth = 768> <RAM>
ST_1 : Operation 32 [1/1] (0.00ns)   --->   "%br_ln70 = br void %arrayidx61.i3.i.exit" [../src/sobel.cpp:70->../src/canny_top.cpp:43->../src/canny_top.cpp:9]   --->   Operation 32 'br' 'br_ln70' <Predicate = (!icmp_ln68 & !trunc_ln69)> <Delay = 0.00>
ST_1 : Operation 33 [1/1] ( I:1.23ns O:1.23ns )   --->   "%store_ln70 = store i8 0, i10 %p_anonymous_namespace_lineBuffer_32_1_addr" [../src/sobel.cpp:70->../src/canny_top.cpp:43->../src/canny_top.cpp:9]   --->   Operation 33 'store' 'store_ln70' <Predicate = (!icmp_ln68 & trunc_ln69)> <Delay = 1.23> <CoreInst = "RAM">   --->   Core 82 'RAM' <Latency = 1> <II = 1> <Delay = 1.23> <Storage> <Opcode : 'load' 'store'> <Ports = 2> <Width = 8> <Depth = 768> <RAM>
ST_1 : Operation 34 [1/1] (0.00ns)   --->   "%br_ln70 = br void %arrayidx61.i3.i.exit" [../src/sobel.cpp:70->../src/canny_top.cpp:43->../src/canny_top.cpp:9]   --->   Operation 34 'br' 'br_ln70' <Predicate = (!icmp_ln68 & trunc_ln69)> <Delay = 0.00>
ST_1 : Operation 35 [1/1] (0.78ns)   --->   "%add_ln69 = add i10 %select_ln68, i10 1" [../src/sobel.cpp:69->../src/canny_top.cpp:43->../src/canny_top.cpp:9]   --->   Operation 35 'add' 'add_ln69' <Predicate = (!icmp_ln68)> <Delay = 0.78> <CoreInst = "Adder">   --->   Core 1 'Adder' <Latency = 0> <II = 1> <Delay = 0.78> <FuncUnit> <Opcode : 'add' 'sub'> <InPorts = 2> <OutPorts = 1>
ST_1 : Operation 36 [1/1] (0.42ns)   --->   "%store_ln68 = store i11 %add_ln68_1, i11 %indvar_flatten6" [../src/sobel.cpp:68->../src/canny_top.cpp:43->../src/canny_top.cpp:9]   --->   Operation 36 'store' 'store_ln68' <Predicate = (!icmp_ln68)> <Delay = 0.42>
ST_1 : Operation 37 [1/1] (0.42ns)   --->   "%store_ln68 = store i2 %select_ln68_1, i2 %row" [../src/sobel.cpp:68->../src/canny_top.cpp:43->../src/canny_top.cpp:9]   --->   Operation 37 'store' 'store_ln68' <Predicate = (!icmp_ln68)> <Delay = 0.42>
ST_1 : Operation 38 [1/1] (0.42ns)   --->   "%store_ln69 = store i10 %add_ln69, i10 %column_8" [../src/sobel.cpp:69->../src/canny_top.cpp:43->../src/canny_top.cpp:9]   --->   Operation 38 'store' 'store_ln69' <Predicate = (!icmp_ln68)> <Delay = 0.42>
ST_1 : Operation 39 [1/1] (0.00ns)   --->   "%br_ln69 = br void %for.inc.i6.i" [../src/sobel.cpp:69->../src/canny_top.cpp:43->../src/canny_top.cpp:9]   --->   Operation 39 'br' 'br_ln69' <Predicate = (!icmp_ln68)> <Delay = 0.00>
ST_1 : Operation 40 [1/1] (0.42ns)   --->   "%ret_ln0 = ret"   --->   Operation 40 'ret' 'ret_ln0' <Predicate = (icmp_ln68)> <Delay = 0.42>


============================================================
+ Verbose Summary: Binding
============================================================
STG Binding: 
---------------- STG Properties BEGIN ----------------
- Is combinational: 0
- Is one-state seq: 0
- Is datapath-only: 0
- Is pipelined: 0
- Is top level: 0
Port [ Return ] is wired: 1; IO mode=ap_ctrl_hs:ce=0
Port [ p_anonymous_namespace_lineBuffer_32_0]:  wired=1; compound=1; hidden=0; nouse=0; global=1; static=1; extern=0; dir=1; type=1; pingpong=0; private_global=0; MemPort=[03]; IO mode=ap_memory:ce=0
Port [ p_anonymous_namespace_lineBuffer_32_1]:  wired=1; compound=1; hidden=0; nouse=0; global=1; static=1; extern=0; dir=1; type=1; pingpong=0; private_global=0; MemPort=[03]; IO mode=ap_memory:ce=0
---------------- STG Properties END ------------------

---------------- Datapath Model BEGIN ----------------

<LifeTime>
<method=bitvector/>
column_8                                   (alloca           ) [ 01]
row                                        (alloca           ) [ 01]
indvar_flatten6                            (alloca           ) [ 01]
store_ln0                                  (store            ) [ 00]
store_ln68                                 (store            ) [ 00]
store_ln69                                 (store            ) [ 00]
br_ln0                                     (br               ) [ 00]
indvar_flatten6_load                       (load             ) [ 00]
icmp_ln68                                  (icmp             ) [ 01]
add_ln68_1                                 (add              ) [ 00]
br_ln68                                    (br               ) [ 00]
column_8_load                              (load             ) [ 00]
row_load                                   (load             ) [ 00]
add_ln68                                   (add              ) [ 00]
specloopname_ln0                           (specloopname     ) [ 00]
speclooptripcount_ln0                      (speclooptripcount) [ 00]
icmp_ln69                                  (icmp             ) [ 00]
select_ln68                                (select           ) [ 00]
select_ln68_1                              (select           ) [ 00]
trunc_ln69                                 (trunc            ) [ 01]
specpipeline_ln69                          (specpipeline     ) [ 00]
lshr_ln                                    (partselect       ) [ 00]
tmp_s                                      (bitconcatenate   ) [ 00]
zext_ln70                                  (zext             ) [ 00]
p_anonymous_namespace_lineBuffer_32_0_addr (getelementptr    ) [ 00]
p_anonymous_namespace_lineBuffer_32_1_addr (getelementptr    ) [ 00]
br_ln70                                    (br               ) [ 00]
store_ln70                                 (store            ) [ 00]
br_ln70                                    (br               ) [ 00]
store_ln70                                 (store            ) [ 00]
br_ln70                                    (br               ) [ 00]
add_ln69                                   (add              ) [ 00]
store_ln68                                 (store            ) [ 00]
store_ln68                                 (store            ) [ 00]
store_ln69                                 (store            ) [ 00]
br_ln69                                    (br               ) [ 00]
ret_ln0                                    (ret              ) [ 00]
</LifeTime>

<model>

<comp_list>
<comp id="0" class="1000" name="p_anonymous_namespace_lineBuffer_32_0">
<pin_list>
<pin id="1" dir="1" index="0" bw="1" slack="0"/>
</pin_list>
<bind>
<StgValue><ssdm name="p_anonymous_namespace_lineBuffer_32_0"/><MemPortTyVec>0 3 </MemPortTyVec>
</StgValue>
</bind>
</comp>

<comp id="2" class="1000" name="p_anonymous_namespace_lineBuffer_32_1">
<pin_list>
<pin id="3" dir="1" index="0" bw="1" slack="0"/>
</pin_list>
<bind>
<StgValue><ssdm name="p_anonymous_namespace_lineBuffer_32_1"/><MemPortTyVec>0 3 </MemPortTyVec>
</StgValue>
</bind>
</comp>

<comp id="4" class="1001" name="const_4">
<pin_list>
<pin id="5" dir="1" index="0" bw="1" slack="0"/>
</pin_list>
<bind>
<StgValue><ssdm name=""/></StgValue>
</bind>
</comp>

<comp id="6" class="1001" name="const_6">
<pin_list>
<pin id="7" dir="1" index="0" bw="1" slack="0"/>
</pin_list>
<bind>
<StgValue><ssdm name=""/></StgValue>
</bind>
</comp>

<comp id="8" class="1001" name="const_8">
<pin_list>
<pin id="9" dir="1" index="0" bw="1" slack="0"/>
</pin_list>
<bind>
<StgValue><ssdm name=""/></StgValue>
</bind>
</comp>

<comp id="10" class="1001" name="const_10">
<pin_list>
<pin id="11" dir="1" index="0" bw="1" slack="0"/>
</pin_list>
<bind>
<StgValue><ssdm name=""/></StgValue>
</bind>
</comp>

<comp id="12" class="1001" name="const_12">
<pin_list>
<pin id="13" dir="1" index="0" bw="1" slack="0"/>
</pin_list>
<bind>
<StgValue><ssdm name=""/></StgValue>
</bind>
</comp>

<comp id="14" class="1001" name="const_14">
<pin_list>
<pin id="15" dir="1" index="0" bw="1" slack="0"/>
</pin_list>
<bind>
<StgValue><ssdm name=""/></StgValue>
</bind>
</comp>

<comp id="16" class="1001" name="const_16">
<pin_list>
<pin id="17" dir="1" index="0" bw="1" slack="0"/>
</pin_list>
<bind>
<StgValue><ssdm name=""/></StgValue>
</bind>
</comp>

<comp id="18" class="1001" name="const_18">
<pin_list>
<pin id="19" dir="1" index="0" bw="1" slack="2147483647"/>
</pin_list>
<bind>
<StgValue><ssdm name="_ssdm_op_SpecLoopName"/></StgValue>
</bind>
</comp>

<comp id="20" class="1001" name="const_20">
<pin_list>
<pin id="21" dir="1" index="0" bw="1" slack="2147483647"/>
</pin_list>
<bind>
<StgValue><ssdm name="VITIS_LOOP_68_1_VITIS_LOOP_69_2_str"/></StgValue>
</bind>
</comp>

<comp id="22" class="1001" name="const_22">
<pin_list>
<pin id="23" dir="1" index="0" bw="1" slack="2147483647"/>
</pin_list>
<bind>
<StgValue><ssdm name="_ssdm_op_SpecLoopTripCount"/></StgValue>
</bind>
</comp>

<comp id="24" class="1001" name="const_24">
<pin_list>
<pin id="25" dir="1" index="0" bw="1" slack="2147483647"/>
</pin_list>
<bind>
<StgValue><ssdm name=""/></StgValue>
</bind>
</comp>

<comp id="26" class="1001" name="const_26">
<pin_list>
<pin id="27" dir="1" index="0" bw="1" slack="0"/>
</pin_list>
<bind>
<StgValue><ssdm name=""/></StgValue>
</bind>
</comp>

<comp id="28" class="1001" name="const_28">
<pin_list>
<pin id="29" dir="1" index="0" bw="1" slack="2147483647"/>
</pin_list>
<bind>
<StgValue><ssdm name="_ssdm_op_SpecPipeline"/></StgValue>
</bind>
</comp>

<comp id="30" class="1001" name="const_30">
<pin_list>
<pin id="31" dir="1" index="0" bw="1" slack="2147483647"/>
</pin_list>
<bind>
<StgValue><ssdm name=""/></StgValue>
</bind>
</comp>

<comp id="32" class="1001" name="const_32">
<pin_list>
<pin id="33" dir="1" index="0" bw="1" slack="2147483647"/>
</pin_list>
<bind>
<StgValue><ssdm name=""/></StgValue>
</bind>
</comp>

<comp id="34" class="1001" name="const_34">
<pin_list>
<pin id="35" dir="1" index="0" bw="1" slack="2147483647"/>
</pin_list>
<bind>
<StgValue><ssdm name="empty_10"/></StgValue>
</bind>
</comp>

<comp id="36" class="1001" name="const_36">
<pin_list>
<pin id="37" dir="1" index="0" bw="1" slack="0"/>
</pin_list>
<bind>
<StgValue><ssdm name="_ssdm_op_PartSelect.i8.i10.i32.i32"/></StgValue>
</bind>
</comp>

<comp id="38" class="1001" name="const_38">
<pin_list>
<pin id="39" dir="1" index="0" bw="1" slack="0"/>
</pin_list>
<bind>
<StgValue><ssdm name=""/></StgValue>
</bind>
</comp>

<comp id="40" class="1001" name="const_40">
<pin_list>
<pin id="41" dir="1" index="0" bw="1" slack="0"/>
</pin_list>
<bind>
<StgValue><ssdm name="_ssdm_op_BitConcatenate.i10.i2.i8"/></StgValue>
</bind>
</comp>

<comp id="42" class="1001" name="const_42">
<pin_list>
<pin id="43" dir="1" index="0" bw="1" slack="0"/>
</pin_list>
<bind>
<StgValue><ssdm name=""/></StgValue>
</bind>
</comp>

<comp id="44" class="1001" name="const_44">
<pin_list>
<pin id="45" dir="1" index="0" bw="1" slack="0"/>
</pin_list>
<bind>
<StgValue><ssdm name=""/></StgValue>
</bind>
</comp>

<comp id="46" class="1001" name="const_46">
<pin_list>
<pin id="47" dir="1" index="0" bw="1" slack="0"/>
</pin_list>
<bind>
<StgValue><ssdm name=""/></StgValue>
</bind>
</comp>

<comp id="48" class="1004" name="column_8_fu_48">
<pin_list>
<pin id="49" dir="0" index="0" bw="1" slack="0"/>
<pin id="50" dir="1" index="1" bw="10" slack="0"/>
</pin_list>
<bind>
<opcode="alloca(26) " fcode="alloca"/>
<opset="column_8/1 "/>
</bind>
</comp>

<comp id="52" class="1004" name="row_fu_52">
<pin_list>
<pin id="53" dir="0" index="0" bw="1" slack="0"/>
<pin id="54" dir="1" index="1" bw="2" slack="0"/>
</pin_list>
<bind>
<opcode="alloca(26) " fcode="alloca"/>
<opset="row/1 "/>
</bind>
</comp>

<comp id="56" class="1004" name="indvar_flatten6_fu_56">
<pin_list>
<pin id="57" dir="0" index="0" bw="1" slack="0"/>
<pin id="58" dir="1" index="1" bw="11" slack="0"/>
</pin_list>
<bind>
<opcode="alloca(26) " fcode="alloca"/>
<opset="indvar_flatten6/1 "/>
</bind>
</comp>

<comp id="60" class="1004" name="p_anonymous_namespace_lineBuffer_32_0_addr_gep_fu_60">
<pin_list>
<pin id="61" dir="0" index="0" bw="8" slack="0"/>
<pin id="62" dir="0" index="1" bw="1" slack="0"/>
<pin id="63" dir="0" index="2" bw="10" slack="0"/>
<pin id="64" dir="1" index="3" bw="10" slack="0"/>
</pin_list>
<bind>
<opcode="getelementptr(29) " fcode="getelementptr"/>
<opset="p_anonymous_namespace_lineBuffer_32_0_addr/1 "/>
</bind>
</comp>

<comp id="67" class="1004" name="p_anonymous_namespace_lineBuffer_32_1_addr_gep_fu_67">
<pin_list>
<pin id="68" dir="0" index="0" bw="8" slack="0"/>
<pin id="69" dir="0" index="1" bw="1" slack="0"/>
<pin id="70" dir="0" index="2" bw="10" slack="0"/>
<pin id="71" dir="1" index="3" bw="10" slack="0"/>
</pin_list>
<bind>
<opcode="getelementptr(29) " fcode="getelementptr"/>
<opset="p_anonymous_namespace_lineBuffer_32_1_addr/1 "/>
</bind>
</comp>

<comp id="74" class="1004" name="store_ln70_access_fu_74">
<pin_list>
<pin id="75" dir="0" index="0" bw="10" slack="0"/>
<pin id="76" dir="0" index="1" bw="8" slack="0"/>
<pin id="77" dir="0" index="2" bw="0" slack="2147483647"/>
<pin id="78" dir="1" index="3" bw="8" slack="2147483647"/>
</pin_list>
<bind>
<opcode="store(28) " fcode="store"/>
<opset="store_ln70/1 "/>
</bind>
</comp>

<comp id="81" class="1004" name="store_ln70_access_fu_81">
<pin_list>
<pin id="82" dir="0" index="0" bw="10" slack="0"/>
<pin id="83" dir="0" index="1" bw="8" slack="0"/>
<pin id="84" dir="0" index="2" bw="0" slack="2147483647"/>
<pin id="85" dir="1" index="3" bw="8" slack="2147483647"/>
</pin_list>
<bind>
<opcode="store(28) " fcode="store"/>
<opset="store_ln70/1 "/>
</bind>
</comp>

<comp id="88" class="1004" name="store_ln0_store_fu_88">
<pin_list>
<pin id="89" dir="0" index="0" bw="1" slack="0"/>
<pin id="90" dir="0" index="1" bw="11" slack="0"/>
<pin id="91" dir="1" index="2" bw="0" slack="2147483647"/>
</pin_list>
<bind>
<opcode="store(28) " fcode="store"/>
<opset="store_ln0/1 "/>
</bind>
</comp>

<comp id="93" class="1004" name="store_ln68_store_fu_93">
<pin_list>
<pin id="94" dir="0" index="0" bw="1" slack="0"/>
<pin id="95" dir="0" index="1" bw="2" slack="0"/>
<pin id="96" dir="1" index="2" bw="0" slack="2147483647"/>
</pin_list>
<bind>
<opcode="store(28) " fcode="store"/>
<opset="store_ln68/1 "/>
</bind>
</comp>

<comp id="98" class="1004" name="store_ln69_store_fu_98">
<pin_list>
<pin id="99" dir="0" index="0" bw="1" slack="0"/>
<pin id="100" dir="0" index="1" bw="10" slack="0"/>
<pin id="101" dir="1" index="2" bw="0" slack="2147483647"/>
</pin_list>
<bind>
<opcode="store(28) " fcode="store"/>
<opset="store_ln69/1 "/>
</bind>
</comp>

<comp id="103" class="1004" name="indvar_flatten6_load_load_fu_103">
<pin_list>
<pin id="104" dir="0" index="0" bw="11" slack="0"/>
<pin id="105" dir="1" index="1" bw="11" slack="0"/>
</pin_list>
<bind>
<opcode="load(27) " fcode="load"/>
<opset="indvar_flatten6_load/1 "/>
</bind>
</comp>

<comp id="106" class="1004" name="icmp_ln68_fu_106">
<pin_list>
<pin id="107" dir="0" index="0" bw="11" slack="0"/>
<pin id="108" dir="0" index="1" bw="10" slack="0"/>
<pin id="109" dir="1" index="2" bw="1" slack="2147483647"/>
</pin_list>
<bind>
<opcode="icmp(45) " fcode="icmp"/>
<opset="icmp_ln68/1 "/>
</bind>
</comp>

<comp id="112" class="1004" name="add_ln68_1_fu_112">
<pin_list>
<pin id="113" dir="0" index="0" bw="11" slack="0"/>
<pin id="114" dir="0" index="1" bw="1" slack="0"/>
<pin id="115" dir="1" index="2" bw="11" slack="0"/>
</pin_list>
<bind>
<opcode="add(8) " fcode="add"/>
<opset="add_ln68_1/1 "/>
</bind>
</comp>

<comp id="118" class="1004" name="column_8_load_load_fu_118">
<pin_list>
<pin id="119" dir="0" index="0" bw="10" slack="0"/>
<pin id="120" dir="1" index="1" bw="10" slack="0"/>
</pin_list>
<bind>
<opcode="load(27) " fcode="load"/>
<opset="column_8_load/1 "/>
</bind>
</comp>

<comp id="121" class="1004" name="row_load_load_fu_121">
<pin_list>
<pin id="122" dir="0" index="0" bw="2" slack="0"/>
<pin id="123" dir="1" index="1" bw="2" slack="0"/>
</pin_list>
<bind>
<opcode="load(27) " fcode="load"/>
<opset="row_load/1 "/>
</bind>
</comp>

<comp id="124" class="1004" name="add_ln68_fu_124">
<pin_list>
<pin id="125" dir="0" index="0" bw="2" slack="0"/>
<pin id="126" dir="0" index="1" bw="1" slack="0"/>
<pin id="127" dir="1" index="2" bw="2" slack="0"/>
</pin_list>
<bind>
<opcode="add(8) " fcode="add"/>
<opset="add_ln68/1 "/>
</bind>
</comp>

<comp id="130" class="1004" name="icmp_ln69_fu_130">
<pin_list>
<pin id="131" dir="0" index="0" bw="10" slack="0"/>
<pin id="132" dir="0" index="1" bw="10" slack="0"/>
<pin id="133" dir="1" index="2" bw="1" slack="0"/>
</pin_list>
<bind>
<opcode="icmp(45) " fcode="icmp"/>
<opset="icmp_ln69/1 "/>
</bind>
</comp>

<comp id="136" class="1004" name="select_ln68_fu_136">
<pin_list>
<pin id="137" dir="0" index="0" bw="1" slack="0"/>
<pin id="138" dir="0" index="1" bw="1" slack="0"/>
<pin id="139" dir="0" index="2" bw="10" slack="0"/>
<pin id="140" dir="1" index="3" bw="10" slack="0"/>
</pin_list>
<bind>
<opcode="select(49) " fcode="select"/>
<opset="select_ln68/1 "/>
</bind>
</comp>

<comp id="144" class="1004" name="select_ln68_1_fu_144">
<pin_list>
<pin id="145" dir="0" index="0" bw="1" slack="0"/>
<pin id="146" dir="0" index="1" bw="2" slack="0"/>
<pin id="147" dir="0" index="2" bw="2" slack="0"/>
<pin id="148" dir="1" index="3" bw="2" slack="0"/>
</pin_list>
<bind>
<opcode="select(49) " fcode="select"/>
<opset="select_ln68_1/1 "/>
</bind>
</comp>

<comp id="152" class="1004" name="trunc_ln69_fu_152">
<pin_list>
<pin id="153" dir="0" index="0" bw="10" slack="0"/>
<pin id="154" dir="1" index="1" bw="1" slack="2147483647"/>
</pin_list>
<bind>
<opcode="trunc(33) " fcode="trunc"/>
<opset="trunc_ln69/1 "/>
</bind>
</comp>

<comp id="156" class="1004" name="lshr_ln_fu_156">
<pin_list>
<pin id="157" dir="0" index="0" bw="8" slack="0"/>
<pin id="158" dir="0" index="1" bw="10" slack="0"/>
<pin id="159" dir="0" index="2" bw="1" slack="0"/>
<pin id="160" dir="0" index="3" bw="5" slack="0"/>
<pin id="161" dir="1" index="4" bw="8" slack="0"/>
</pin_list>
<bind>
<opcode="partselect(1002) " fcode="partselect"/>
<opset="lshr_ln/1 "/>
</bind>
</comp>

<comp id="166" class="1004" name="tmp_s_fu_166">
<pin_list>
<pin id="167" dir="0" index="0" bw="10" slack="0"/>
<pin id="168" dir="0" index="1" bw="2" slack="0"/>
<pin id="169" dir="0" index="2" bw="8" slack="0"/>
<pin id="170" dir="1" index="3" bw="10" slack="0"/>
</pin_list>
<bind>
<opcode="bitconcatenate(1004) " fcode="bitconcatenate"/>
<opset="tmp_s/1 "/>
</bind>
</comp>

<comp id="174" class="1004" name="zext_ln70_fu_174">
<pin_list>
<pin id="175" dir="0" index="0" bw="10" slack="0"/>
<pin id="176" dir="1" index="1" bw="64" slack="0"/>
</pin_list>
<bind>
<opcode="zext(34) " fcode="zext"/>
<opset="zext_ln70/1 "/>
</bind>
</comp>

<comp id="180" class="1004" name="add_ln69_fu_180">
<pin_list>
<pin id="181" dir="0" index="0" bw="10" slack="0"/>
<pin id="182" dir="0" index="1" bw="1" slack="0"/>
<pin id="183" dir="1" index="2" bw="10" slack="0"/>
</pin_list>
<bind>
<opcode="add(8) " fcode="add"/>
<opset="add_ln69/1 "/>
</bind>
</comp>

<comp id="186" class="1004" name="store_ln68_store_fu_186">
<pin_list>
<pin id="187" dir="0" index="0" bw="11" slack="0"/>
<pin id="188" dir="0" index="1" bw="11" slack="0"/>
<pin id="189" dir="1" index="2" bw="0" slack="2147483647"/>
</pin_list>
<bind>
<opcode="store(28) " fcode="store"/>
<opset="store_ln68/1 "/>
</bind>
</comp>

<comp id="191" class="1004" name="store_ln68_store_fu_191">
<pin_list>
<pin id="192" dir="0" index="0" bw="2" slack="0"/>
<pin id="193" dir="0" index="1" bw="2" slack="0"/>
<pin id="194" dir="1" index="2" bw="0" slack="2147483647"/>
</pin_list>
<bind>
<opcode="store(28) " fcode="store"/>
<opset="store_ln68/1 "/>
</bind>
</comp>

<comp id="196" class="1004" name="store_ln69_store_fu_196">
<pin_list>
<pin id="197" dir="0" index="0" bw="10" slack="0"/>
<pin id="198" dir="0" index="1" bw="10" slack="0"/>
<pin id="199" dir="1" index="2" bw="0" slack="2147483647"/>
</pin_list>
<bind>
<opcode="store(28) " fcode="store"/>
<opset="store_ln69/1 "/>
</bind>
</comp>

<comp id="201" class="1005" name="column_8_reg_201">
<pin_list>
<pin id="202" dir="0" index="0" bw="10" slack="0"/>
<pin id="203" dir="1" index="1" bw="10" slack="0"/>
</pin_list>
<bind>
<opset="column_8 "/>
</bind>
</comp>

<comp id="208" class="1005" name="row_reg_208">
<pin_list>
<pin id="209" dir="0" index="0" bw="2" slack="0"/>
<pin id="210" dir="1" index="1" bw="2" slack="0"/>
</pin_list>
<bind>
<opset="row "/>
</bind>
</comp>

<comp id="215" class="1005" name="indvar_flatten6_reg_215">
<pin_list>
<pin id="216" dir="0" index="0" bw="11" slack="0"/>
<pin id="217" dir="1" index="1" bw="11" slack="0"/>
</pin_list>
<bind>
<opset="indvar_flatten6 "/>
</bind>
</comp>

</comp_list>

<net_list>
<net id="51"><net_src comp="4" pin="0"/><net_sink comp="48" pin=0"/></net>

<net id="55"><net_src comp="4" pin="0"/><net_sink comp="52" pin=0"/></net>

<net id="59"><net_src comp="4" pin="0"/><net_sink comp="56" pin=0"/></net>

<net id="65"><net_src comp="0" pin="0"/><net_sink comp="60" pin=0"/></net>

<net id="66"><net_src comp="42" pin="0"/><net_sink comp="60" pin=1"/></net>

<net id="72"><net_src comp="2" pin="0"/><net_sink comp="67" pin=0"/></net>

<net id="73"><net_src comp="42" pin="0"/><net_sink comp="67" pin=1"/></net>

<net id="79"><net_src comp="44" pin="0"/><net_sink comp="74" pin=1"/></net>

<net id="80"><net_src comp="60" pin="3"/><net_sink comp="74" pin=0"/></net>

<net id="86"><net_src comp="44" pin="0"/><net_sink comp="81" pin=1"/></net>

<net id="87"><net_src comp="67" pin="3"/><net_sink comp="81" pin=0"/></net>

<net id="92"><net_src comp="6" pin="0"/><net_sink comp="88" pin=0"/></net>

<net id="97"><net_src comp="8" pin="0"/><net_sink comp="93" pin=0"/></net>

<net id="102"><net_src comp="10" pin="0"/><net_sink comp="98" pin=0"/></net>

<net id="110"><net_src comp="103" pin="1"/><net_sink comp="106" pin=0"/></net>

<net id="111"><net_src comp="12" pin="0"/><net_sink comp="106" pin=1"/></net>

<net id="116"><net_src comp="103" pin="1"/><net_sink comp="112" pin=0"/></net>

<net id="117"><net_src comp="14" pin="0"/><net_sink comp="112" pin=1"/></net>

<net id="128"><net_src comp="121" pin="1"/><net_sink comp="124" pin=0"/></net>

<net id="129"><net_src comp="16" pin="0"/><net_sink comp="124" pin=1"/></net>

<net id="134"><net_src comp="118" pin="1"/><net_sink comp="130" pin=0"/></net>

<net id="135"><net_src comp="26" pin="0"/><net_sink comp="130" pin=1"/></net>

<net id="141"><net_src comp="130" pin="2"/><net_sink comp="136" pin=0"/></net>

<net id="142"><net_src comp="10" pin="0"/><net_sink comp="136" pin=1"/></net>

<net id="143"><net_src comp="118" pin="1"/><net_sink comp="136" pin=2"/></net>

<net id="149"><net_src comp="130" pin="2"/><net_sink comp="144" pin=0"/></net>

<net id="150"><net_src comp="124" pin="2"/><net_sink comp="144" pin=1"/></net>

<net id="151"><net_src comp="121" pin="1"/><net_sink comp="144" pin=2"/></net>

<net id="155"><net_src comp="136" pin="3"/><net_sink comp="152" pin=0"/></net>

<net id="162"><net_src comp="36" pin="0"/><net_sink comp="156" pin=0"/></net>

<net id="163"><net_src comp="136" pin="3"/><net_sink comp="156" pin=1"/></net>

<net id="164"><net_src comp="4" pin="0"/><net_sink comp="156" pin=2"/></net>

<net id="165"><net_src comp="38" pin="0"/><net_sink comp="156" pin=3"/></net>

<net id="171"><net_src comp="40" pin="0"/><net_sink comp="166" pin=0"/></net>

<net id="172"><net_src comp="144" pin="3"/><net_sink comp="166" pin=1"/></net>

<net id="173"><net_src comp="156" pin="4"/><net_sink comp="166" pin=2"/></net>

<net id="177"><net_src comp="166" pin="3"/><net_sink comp="174" pin=0"/></net>

<net id="178"><net_src comp="174" pin="1"/><net_sink comp="60" pin=2"/></net>

<net id="179"><net_src comp="174" pin="1"/><net_sink comp="67" pin=2"/></net>

<net id="184"><net_src comp="136" pin="3"/><net_sink comp="180" pin=0"/></net>

<net id="185"><net_src comp="46" pin="0"/><net_sink comp="180" pin=1"/></net>

<net id="190"><net_src comp="112" pin="2"/><net_sink comp="186" pin=0"/></net>

<net id="195"><net_src comp="144" pin="3"/><net_sink comp="191" pin=0"/></net>

<net id="200"><net_src comp="180" pin="2"/><net_sink comp="196" pin=0"/></net>

<net id="204"><net_src comp="48" pin="1"/><net_sink comp="201" pin=0"/></net>

<net id="205"><net_src comp="201" pin="1"/><net_sink comp="98" pin=1"/></net>

<net id="206"><net_src comp="201" pin="1"/><net_sink comp="118" pin=0"/></net>

<net id="207"><net_src comp="201" pin="1"/><net_sink comp="196" pin=1"/></net>

<net id="211"><net_src comp="52" pin="1"/><net_sink comp="208" pin=0"/></net>

<net id="212"><net_src comp="208" pin="1"/><net_sink comp="93" pin=1"/></net>

<net id="213"><net_src comp="208" pin="1"/><net_sink comp="121" pin=0"/></net>

<net id="214"><net_src comp="208" pin="1"/><net_sink comp="191" pin=1"/></net>

<net id="218"><net_src comp="56" pin="1"/><net_sink comp="215" pin=0"/></net>

<net id="219"><net_src comp="215" pin="1"/><net_sink comp="88" pin=1"/></net>

<net id="220"><net_src comp="215" pin="1"/><net_sink comp="103" pin=0"/></net>

<net id="221"><net_src comp="215" pin="1"/><net_sink comp="186" pin=1"/></net>

</net_list>

</model> 
---------------- Datapath Model END ------------------

* FSMD analyzer results:
  - Output states:
	Port: p_anonymous_namespace_lineBuffer_32_0 | {1 }
	Port: p_anonymous_namespace_lineBuffer_32_1 | {1 }
 - Input state : 
  - Chain level:
	State 1
		store_ln0 : 1
		store_ln68 : 1
		store_ln69 : 1
		indvar_flatten6_load : 1
		icmp_ln68 : 2
		add_ln68_1 : 2
		br_ln68 : 3
		column_8_load : 1
		row_load : 1
		add_ln68 : 2
		icmp_ln69 : 2
		select_ln68 : 3
		select_ln68_1 : 3
		trunc_ln69 : 4
		lshr_ln : 4
		tmp_s : 5
		zext_ln70 : 6
		p_anonymous_namespace_lineBuffer_32_0_addr : 7
		p_anonymous_namespace_lineBuffer_32_1_addr : 7
		br_ln70 : 5
		store_ln70 : 8
		store_ln70 : 8
		add_ln69 : 4
		store_ln68 : 3
		store_ln68 : 4
		store_ln69 : 5


============================================================
+ Verbose Summary: Datapath Resource usage 
============================================================

* Functional unit list:
|----------|----------------------|---------|---------|
| Operation|    Functional Unit   |    FF   |   LUT   |
|----------|----------------------|---------|---------|
|          |   add_ln68_1_fu_112  |    0    |    18   |
|    add   |    add_ln68_fu_124   |    0    |    9    |
|          |    add_ln69_fu_180   |    0    |    17   |
|----------|----------------------|---------|---------|
|   icmp   |   icmp_ln68_fu_106   |    0    |    18   |
|          |   icmp_ln69_fu_130   |    0    |    17   |
|----------|----------------------|---------|---------|
|  select  |  select_ln68_fu_136  |    0    |    10   |
|          | select_ln68_1_fu_144 |    0    |    2    |
|----------|----------------------|---------|---------|
|   trunc  |   trunc_ln69_fu_152  |    0    |    0    |
|----------|----------------------|---------|---------|
|partselect|    lshr_ln_fu_156    |    0    |    0    |
|----------|----------------------|---------|---------|
|bitconcatenate|     tmp_s_fu_166     |    0    |    0    |
|----------|----------------------|---------|---------|
|   zext   |   zext_ln70_fu_174   |    0    |    0    |
|----------|----------------------|---------|---------|
|   Total  |                      |    0    |    91   |
|----------|----------------------|---------|---------|

Memories:
N/A

* Register list:
+-----------------------+--------+
|                       |   FF   |
+-----------------------+--------+
|    column_8_reg_201   |   10   |
|indvar_flatten6_reg_215|   11   |
|      row_reg_208      |    2   |
+-----------------------+--------+
|         Total         |   23   |
+-----------------------+--------+

* Multiplexer (MUX) list: 
|--------|------|------|------|--------|
|  Comp  |  Pin | Size |  BW  | S x BW |
|--------|------|------|------|--------|
|  Total |      |      |      |    0   |
|--------|------|------|------|--------|



* Summary:
+-----------+--------+--------+
|           |   FF   |   LUT  |
+-----------+--------+--------+
|  Function |    0   |   91   |
|   Memory  |    -   |    -   |
|Multiplexer|    -   |    -   |
|  Register |   23   |    -   |
+-----------+--------+--------+
|   Total   |   23   |   91   |
+-----------+--------+--------+
