

================================================================
== Vitis HLS Report for 'canny_top_Pipeline_VITIS_LOOP_32_1_VITIS_LOOP_33_2'
================================================================
* Date:           Thu Jul 30 19:40:38 2026

* Version:        2025.2 (Build 6295257 on Nov 14 2025)
* Project:        canny_top
* Solution:       hls (Vitis Kernel Flow Target)
* Product family: zynquplus
* Target device:  xck26-sfvc784-2LV-c


================================================================
== Performance Estimates
================================================================
+ Timing: 
    * Summary: 
    +--------+---------+----------+------------+
    |  Clock |  Target | Estimated| Uncertainty|
    +--------+---------+----------+------------+
    |ap_clk  |  5.00 ns|  3.178 ns|     1.35 ns|
    +--------+---------+----------+------------+

+ Latency: 
    * Summary: 
    +---------+---------+----------+----------+-----+-----+-------------------+
    |  Latency (cycles) |  Latency (absolute) |  Interval |      Pipeline     |
    |   min   |   max   |    min   |    max   | min | max |        Type       |
    +---------+---------+----------+----------+-----+-----+-------------------+
    |     1538|     1538|  7.690 us|  7.690 us|    0|    0|  loop pipeline stp|
    +---------+---------+----------+----------+-----+-----+-------------------+

    + Detail: 
        * Instance: 
        N/A

        * Loop: 
        +-----------------------------------+---------+---------+----------+-----------+-----------+------+----------+
        |                                   |  Latency (cycles) | Iteration|  Initiation Interval  | Trip |          |
        |             Loop Name             |   min   |   max   |  Latency |  achieved |   target  | Count| Pipelined|
        +-----------------------------------+---------+---------+----------+-----------+-----------+------+----------+
        |- VITIS_LOOP_32_1_VITIS_LOOP_33_2  |     1536|     1536|         1|          1|          1|  1536|       yes|
        +-----------------------------------+---------+---------+----------+-----------+-----------+------+----------+



================================================================
== Utilization Estimates
================================================================
* Summary: 
+-----------------+---------+------+--------+--------+-----+
|       Name      | BRAM_18K|  DSP |   FF   |   LUT  | URAM|
+-----------------+---------+------+--------+--------+-----+
|DSP              |        -|     -|       -|       -|    -|
|Expression       |        -|     -|       0|      92|    -|
|FIFO             |        -|     -|       -|       -|    -|
|Instance         |        -|     -|       -|       -|    -|
|Memory           |        -|     -|       -|       -|    -|
|Multiplexer      |        -|     -|       0|      63|    -|
|Register         |        -|     -|      25|       -|    -|
+-----------------+---------+------+--------+--------+-----+
|Total            |        0|     0|      25|     155|    0|
+-----------------+---------+------+--------+--------+-----+
|Available        |      288|  1248|  234240|  117120|   64|
+-----------------+---------+------+--------+--------+-----+
|Utilization (%)  |        0|     0|      ~0|      ~0|    0|
+-----------------+---------+------+--------+--------+-----+

+ Detail: 
    * Instance: 
    N/A

    * DSP: 
    N/A

    * Memory: 
    N/A

    * FIFO: 
    N/A

    * Expression: 
    +-------------------------+----------+----+---+----+------------+------------+
    |      Variable Name      | Operation| DSP| FF| LUT| Bitwidth P0| Bitwidth P1|
    +-------------------------+----------+----+---+----+------------+------------+
    |add_ln32_1_fu_194_p2     |         +|   0|  0|   9|           2|           1|
    |add_ln32_fu_168_p2       |         +|   0|  0|  18|          11|           1|
    |add_ln33_fu_226_p2       |         +|   0|  0|  17|          10|           1|
    |icmp_ln32_fu_162_p2      |      icmp|   0|  0|  18|          11|          11|
    |icmp_ln33_fu_180_p2      |      icmp|   0|  0|  18|          10|          11|
    |select_ln32_2_fu_200_p3  |    select|   0|  0|   2|           1|           2|
    |select_ln32_fu_186_p3    |    select|   0|  0|  10|           1|           1|
    +-------------------------+----------+----+---+----+------------+------------+
    |Total                    |          |   0|  0|  92|          46|          28|
    +-------------------------+----------+----+---+----+------------+------------+

    * Multiplexer: 
    +----------------------------------------+----+-----------+-----+-----------+
    |                  Name                  | LUT| Input Size| Bits| Total Bits|
    +----------------------------------------+----+-----------+-----+-----------+
    |ap_done_int                             |   9|          2|    1|          2|
    |ap_sig_allocacmp_column_9_load          |   9|          2|   10|         20|
    |ap_sig_allocacmp_indvar_flatten13_load  |   9|          2|   11|         22|
    |ap_sig_allocacmp_row_load               |   9|          2|    2|          4|
    |column_9_fu_48                          |   9|          2|   10|         20|
    |indvar_flatten13_fu_56                  |   9|          2|   11|         22|
    |row_fu_52                               |   9|          2|    2|          4|
    +----------------------------------------+----+-----------+-----+-----------+
    |Total                                   |  63|         14|   47|         94|
    +----------------------------------------+----+-----------+-----+-----------+

    * Register: 
    +------------------------+----+----+-----+-----------+
    |          Name          | FF | LUT| Bits| Const Bits|
    +------------------------+----+----+-----+-----------+
    |ap_CS_fsm               |   1|   0|    1|          0|
    |ap_done_reg             |   1|   0|    1|          0|
    |column_9_fu_48          |  10|   0|   10|          0|
    |indvar_flatten13_fu_56  |  11|   0|   11|          0|
    |row_fu_52               |   2|   0|    2|          0|
    +------------------------+----+----+-----+-----------+
    |Total                   |  25|   0|   25|          0|
    +------------------------+----+----+-----+-----------+



================================================================
== Interface
================================================================
* Summary: 
+-------------------------------------------------------+-----+-----+------------+----------------------------------------------------+--------------+
|                       RTL Ports                       | Dir | Bits|  Protocol  |                    Source Object                   |    C Type    |
+-------------------------------------------------------+-----+-----+------------+----------------------------------------------------+--------------+
|ap_clk                                                 |   in|    1|  ap_ctrl_hs|  canny_top_Pipeline_VITIS_LOOP_32_1_VITIS_LOOP_33_2|  return value|
|ap_rst                                                 |   in|    1|  ap_ctrl_hs|  canny_top_Pipeline_VITIS_LOOP_32_1_VITIS_LOOP_33_2|  return value|
|ap_start                                               |   in|    1|  ap_ctrl_hs|  canny_top_Pipeline_VITIS_LOOP_32_1_VITIS_LOOP_33_2|  return value|
|ap_done                                                |  out|    1|  ap_ctrl_hs|  canny_top_Pipeline_VITIS_LOOP_32_1_VITIS_LOOP_33_2|  return value|
|ap_idle                                                |  out|    1|  ap_ctrl_hs|  canny_top_Pipeline_VITIS_LOOP_32_1_VITIS_LOOP_33_2|  return value|
|ap_ready                                               |  out|    1|  ap_ctrl_hs|  canny_top_Pipeline_VITIS_LOOP_32_1_VITIS_LOOP_33_2|  return value|
|p_anonymous_namespace_lineBuffer_magnitude_0_address0  |  out|    9|   ap_memory|        p_anonymous_namespace_lineBuffer_magnitude_0|         array|
|p_anonymous_namespace_lineBuffer_magnitude_0_ce0       |  out|    1|   ap_memory|        p_anonymous_namespace_lineBuffer_magnitude_0|         array|
|p_anonymous_namespace_lineBuffer_magnitude_0_we0       |  out|    1|   ap_memory|        p_anonymous_namespace_lineBuffer_magnitude_0|         array|
|p_anonymous_namespace_lineBuffer_magnitude_0_d0        |  out|   11|   ap_memory|        p_anonymous_namespace_lineBuffer_magnitude_0|         array|
|p_anonymous_namespace_lineBuffer_direction_0_address0  |  out|    9|   ap_memory|        p_anonymous_namespace_lineBuffer_direction_0|         array|
|p_anonymous_namespace_lineBuffer_direction_0_ce0       |  out|    1|   ap_memory|        p_anonymous_namespace_lineBuffer_direction_0|         array|
|p_anonymous_namespace_lineBuffer_direction_0_we0       |  out|    1|   ap_memory|        p_anonymous_namespace_lineBuffer_direction_0|         array|
|p_anonymous_namespace_lineBuffer_direction_0_d0        |  out|    2|   ap_memory|        p_anonymous_namespace_lineBuffer_direction_0|         array|
|p_anonymous_namespace_lineBuffer_magnitude_1_address0  |  out|    9|   ap_memory|        p_anonymous_namespace_lineBuffer_magnitude_1|         array|
|p_anonymous_namespace_lineBuffer_magnitude_1_ce0       |  out|    1|   ap_memory|        p_anonymous_namespace_lineBuffer_magnitude_1|         array|
|p_anonymous_namespace_lineBuffer_magnitude_1_we0       |  out|    1|   ap_memory|        p_anonymous_namespace_lineBuffer_magnitude_1|         array|
|p_anonymous_namespace_lineBuffer_magnitude_1_d0        |  out|   11|   ap_memory|        p_anonymous_namespace_lineBuffer_magnitude_1|         array|
|p_anonymous_namespace_lineBuffer_direction_1_address0  |  out|    9|   ap_memory|        p_anonymous_namespace_lineBuffer_direction_1|         array|
|p_anonymous_namespace_lineBuffer_direction_1_ce0       |  out|    1|   ap_memory|        p_anonymous_namespace_lineBuffer_direction_1|         array|
|p_anonymous_namespace_lineBuffer_direction_1_we0       |  out|    1|   ap_memory|        p_anonymous_namespace_lineBuffer_direction_1|         array|
|p_anonymous_namespace_lineBuffer_direction_1_d0        |  out|    2|   ap_memory|        p_anonymous_namespace_lineBuffer_direction_1|         array|
|p_anonymous_namespace_lineBuffer_magnitude_2_address0  |  out|    9|   ap_memory|        p_anonymous_namespace_lineBuffer_magnitude_2|         array|
|p_anonymous_namespace_lineBuffer_magnitude_2_ce0       |  out|    1|   ap_memory|        p_anonymous_namespace_lineBuffer_magnitude_2|         array|
|p_anonymous_namespace_lineBuffer_magnitude_2_we0       |  out|    1|   ap_memory|        p_anonymous_namespace_lineBuffer_magnitude_2|         array|
|p_anonymous_namespace_lineBuffer_magnitude_2_d0        |  out|   11|   ap_memory|        p_anonymous_namespace_lineBuffer_magnitude_2|         array|
|p_anonymous_namespace_lineBuffer_direction_2_address0  |  out|    9|   ap_memory|        p_anonymous_namespace_lineBuffer_direction_2|         array|
|p_anonymous_namespace_lineBuffer_direction_2_ce0       |  out|    1|   ap_memory|        p_anonymous_namespace_lineBuffer_direction_2|         array|
|p_anonymous_namespace_lineBuffer_direction_2_we0       |  out|    1|   ap_memory|        p_anonymous_namespace_lineBuffer_direction_2|         array|
|p_anonymous_namespace_lineBuffer_direction_2_d0        |  out|    2|   ap_memory|        p_anonymous_namespace_lineBuffer_direction_2|         array|
+-------------------------------------------------------+-----+-----+------------+----------------------------------------------------+--------------+

============================================================
+ Verbose Summary: Synthesis Manager
============================================================
InlineROM: 1
ExposeGlobal: 0
============================================================
+ Verbose Summary: CDFG Model
============================================================
IsTopModel: 0
ResetActiveHigh: 1
IsCombinational: 2
IsDatapathOnly: 2
HasWiredReturn: 1
HasMFsm: 2
HasVarLatency: 1
IsPipeline: 0
IsRtlPipelined: 0
IsInstanceOverlapped: 0
IsDontTouch: 0
HasImplIP: 0
IsGatedGlobalClock: 0

+ Individual pipeline summary: 
  * Pipeline-0: initiation interval (II) = 1, depth = 1


============================================================
+ Verbose Summary: Schedule
============================================================
* Number of FSM states : 1
* Pipeline : 1
  Pipeline-0 : II = 1, D = 1, States = { 1 }
* Dataflow Pipeline: 0

* FSM state transitions: 
1 --> 

* FSM state operations: 

State 1 <SV = 0> <Delay = 3.17>
ST_1 : Operation 4 [1/1] (0.00ns)   --->   "%column_9 = alloca i32 1" [../src/non_maximum_suppression.cpp:33->../src/canny_top.cpp:45->../src/canny_top.cpp:10]   --->   Operation 4 'alloca' 'column_9' <Predicate = true> <Delay = 0.00>
ST_1 : Operation 5 [1/1] (0.00ns)   --->   "%row = alloca i32 1" [../src/non_maximum_suppression.cpp:32->../src/canny_top.cpp:45->../src/canny_top.cpp:10]   --->   Operation 5 'alloca' 'row' <Predicate = true> <Delay = 0.00>
ST_1 : Operation 6 [1/1] (0.00ns)   --->   "%indvar_flatten13 = alloca i32 1"   --->   Operation 6 'alloca' 'indvar_flatten13' <Predicate = true> <Delay = 0.00>
ST_1 : Operation 7 [1/1] (0.42ns)   --->   "%store_ln0 = store i11 0, i11 %indvar_flatten13"   --->   Operation 7 'store' 'store_ln0' <Predicate = true> <Delay = 0.42>
ST_1 : Operation 8 [1/1] (0.42ns)   --->   "%store_ln32 = store i2 0, i2 %row" [../src/non_maximum_suppression.cpp:32->../src/canny_top.cpp:45->../src/canny_top.cpp:10]   --->   Operation 8 'store' 'store_ln32' <Predicate = true> <Delay = 0.42>
ST_1 : Operation 9 [1/1] (0.42ns)   --->   "%store_ln33 = store i10 0, i10 %column_9" [../src/non_maximum_suppression.cpp:33->../src/canny_top.cpp:45->../src/canny_top.cpp:10]   --->   Operation 9 'store' 'store_ln33' <Predicate = true> <Delay = 0.42>
ST_1 : Operation 10 [1/1] (0.00ns)   --->   "%br_ln0 = br void %for.inc.i13.i"   --->   Operation 10 'br' 'br_ln0' <Predicate = true> <Delay = 0.00>
ST_1 : Operation 11 [1/1] (0.00ns)   --->   "%indvar_flatten13_load = load i11 %indvar_flatten13" [../src/non_maximum_suppression.cpp:32->../src/canny_top.cpp:45->../src/canny_top.cpp:10]   --->   Operation 11 'load' 'indvar_flatten13_load' <Predicate = true> <Delay = 0.00>
ST_1 : Operation 12 [1/1] (0.79ns)   --->   "%icmp_ln32 = icmp_eq  i11 %indvar_flatten13_load, i11 1536" [../src/non_maximum_suppression.cpp:32->../src/canny_top.cpp:45->../src/canny_top.cpp:10]   --->   Operation 12 'icmp' 'icmp_ln32' <Predicate = true> <Delay = 0.79> <CoreInst = "Cmp">   --->   Core 9 'Cmp' <Latency = 0> <II = 1> <Delay = 0.79> <FuncUnit> <Opcode : 'seteq' 'setne' 'setle' 'setge' 'setlt' 'setgt'> <InPorts = 2> <OutPorts = 1>
ST_1 : Operation 13 [1/1] (0.79ns)   --->   "%add_ln32 = add i11 %indvar_flatten13_load, i11 1" [../src/non_maximum_suppression.cpp:32->../src/canny_top.cpp:45->../src/canny_top.cpp:10]   --->   Operation 13 'add' 'add_ln32' <Predicate = true> <Delay = 0.79> <CoreInst = "Adder">   --->   Core 1 'Adder' <Latency = 0> <II = 1> <Delay = 0.79> <FuncUnit> <Opcode : 'add' 'sub'> <InPorts = 2> <OutPorts = 1>
ST_1 : Operation 14 [1/1] (0.00ns)   --->   "%br_ln32 = br i1 %icmp_ln32, void %for.inc11.i.i, void %_Z29non_maximum_suppression_resetv.exit.i.exitStub" [../src/non_maximum_suppression.cpp:32->../src/canny_top.cpp:45->../src/canny_top.cpp:10]   --->   Operation 14 'br' 'br_ln32' <Predicate = true> <Delay = 0.00>
ST_1 : Operation 15 [1/1] (0.00ns)   --->   "%column_9_load = load i10 %column_9" [../src/non_maximum_suppression.cpp:33->../src/canny_top.cpp:45->../src/canny_top.cpp:10]   --->   Operation 15 'load' 'column_9_load' <Predicate = (!icmp_ln32)> <Delay = 0.00>
ST_1 : Operation 16 [1/1] (0.00ns)   --->   "%row_load = load i2 %row" [../src/non_maximum_suppression.cpp:32->../src/canny_top.cpp:45->../src/canny_top.cpp:10]   --->   Operation 16 'load' 'row_load' <Predicate = (!icmp_ln32)> <Delay = 0.00>
ST_1 : Operation 17 [1/1] (0.00ns)   --->   "%specloopname_ln0 = specloopname void @_ssdm_op_SpecLoopName, void @VITIS_LOOP_32_1_VITIS_LOOP_33_2_str"   --->   Operation 17 'specloopname' 'specloopname_ln0' <Predicate = (!icmp_ln32)> <Delay = 0.00>
ST_1 : Operation 18 [1/1] (0.00ns)   --->   "%speclooptripcount_ln0 = speclooptripcount void @_ssdm_op_SpecLoopTripCount, i64 1536, i64 1536, i64 1536"   --->   Operation 18 'speclooptripcount' 'speclooptripcount_ln0' <Predicate = (!icmp_ln32)> <Delay = 0.00>
ST_1 : Operation 19 [1/1] (0.78ns)   --->   "%icmp_ln33 = icmp_eq  i10 %column_9_load, i10 512" [../src/non_maximum_suppression.cpp:33->../src/canny_top.cpp:45->../src/canny_top.cpp:10]   --->   Operation 19 'icmp' 'icmp_ln33' <Predicate = (!icmp_ln32)> <Delay = 0.78> <CoreInst = "Cmp">   --->   Core 9 'Cmp' <Latency = 0> <II = 1> <Delay = 0.79> <FuncUnit> <Opcode : 'seteq' 'setne' 'setle' 'setge' 'setlt' 'setgt'> <InPorts = 2> <OutPorts = 1>
ST_1 : Operation 20 [1/1] (0.40ns)   --->   "%select_ln32 = select i1 %icmp_ln33, i10 0, i10 %column_9_load" [../src/non_maximum_suppression.cpp:32->../src/canny_top.cpp:45->../src/canny_top.cpp:10]   --->   Operation 20 'select' 'select_ln32' <Predicate = (!icmp_ln32)> <Delay = 0.40> <CoreInst = "Sel">   --->   Core 73 'Sel' <Latency = 0> <II = 1> <Delay = 0.40> <FuncUnit> <Opcode : 'select'> <InPorts = 3> <OutPorts = 1>
ST_1 : Operation 21 [1/1] (0.54ns)   --->   "%add_ln32_1 = add i2 %row_load, i2 1" [../src/non_maximum_suppression.cpp:32->../src/canny_top.cpp:45->../src/canny_top.cpp:10]   --->   Operation 21 'add' 'add_ln32_1' <Predicate = (!icmp_ln32)> <Delay = 0.54> <CoreInst = "Adder">   --->   Core 1 'Adder' <Latency = 0> <II = 1> <Delay = 0.54> <FuncUnit> <Opcode : 'add' 'sub'> <InPorts = 2> <OutPorts = 1>
ST_1 : Operation 22 [1/1] (0.17ns)   --->   "%select_ln32_2 = select i1 %icmp_ln33, i2 %add_ln32_1, i2 %row_load" [../src/non_maximum_suppression.cpp:32->../src/canny_top.cpp:45->../src/canny_top.cpp:10]   --->   Operation 22 'select' 'select_ln32_2' <Predicate = (!icmp_ln32)> <Delay = 0.17> <CoreInst = "Sel">   --->   Core 73 'Sel' <Latency = 0> <II = 1> <Delay = 0.17> <FuncUnit> <Opcode : 'select'> <InPorts = 3> <OutPorts = 1>
ST_1 : Operation 23 [1/1] (0.00ns)   --->   "%zext_ln33 = zext i10 %select_ln32" [../src/non_maximum_suppression.cpp:33->../src/canny_top.cpp:45->../src/canny_top.cpp:10]   --->   Operation 23 'zext' 'zext_ln33' <Predicate = (!icmp_ln32)> <Delay = 0.00>
ST_1 : Operation 24 [1/1] (0.00ns)   --->   "%specpipeline_ln33 = specpipeline void @_ssdm_op_SpecPipeline, i32 4294967295, i32 0, i32 0, i32 0, i32 4294967295, void @empty_14" [../src/non_maximum_suppression.cpp:33->../src/canny_top.cpp:45->../src/canny_top.cpp:10]   --->   Operation 24 'specpipeline' 'specpipeline_ln33' <Predicate = (!icmp_ln32)> <Delay = 0.00>
ST_1 : Operation 25 [1/1] (0.00ns)   --->   "%p_anonymous_namespace_lineBuffer_magnitude_0_addr = getelementptr i11 %p_anonymous_namespace_lineBuffer_magnitude_0, i64 0, i64 %zext_ln33" [../src/non_maximum_suppression.cpp:34->../src/canny_top.cpp:45->../src/canny_top.cpp:10]   --->   Operation 25 'getelementptr' 'p_anonymous_namespace_lineBuffer_magnitude_0_addr' <Predicate = (!icmp_ln32)> <Delay = 0.00>
ST_1 : Operation 26 [1/1] (0.00ns)   --->   "%p_anonymous_namespace_lineBuffer_magnitude_1_addr = getelementptr i11 %p_anonymous_namespace_lineBuffer_magnitude_1, i64 0, i64 %zext_ln33" [../src/non_maximum_suppression.cpp:34->../src/canny_top.cpp:45->../src/canny_top.cpp:10]   --->   Operation 26 'getelementptr' 'p_anonymous_namespace_lineBuffer_magnitude_1_addr' <Predicate = (!icmp_ln32)> <Delay = 0.00>
ST_1 : Operation 27 [1/1] (0.00ns)   --->   "%p_anonymous_namespace_lineBuffer_magnitude_2_addr = getelementptr i11 %p_anonymous_namespace_lineBuffer_magnitude_2, i64 0, i64 %zext_ln33" [../src/non_maximum_suppression.cpp:34->../src/canny_top.cpp:45->../src/canny_top.cpp:10]   --->   Operation 27 'getelementptr' 'p_anonymous_namespace_lineBuffer_magnitude_2_addr' <Predicate = (!icmp_ln32)> <Delay = 0.00>
ST_1 : Operation 28 [1/1] (0.00ns)   --->   "%p_anonymous_namespace_lineBuffer_direction_0_addr = getelementptr i2 %p_anonymous_namespace_lineBuffer_direction_0, i64 0, i64 %zext_ln33" [../src/non_maximum_suppression.cpp:35->../src/canny_top.cpp:45->../src/canny_top.cpp:10]   --->   Operation 28 'getelementptr' 'p_anonymous_namespace_lineBuffer_direction_0_addr' <Predicate = (!icmp_ln32)> <Delay = 0.00>
ST_1 : Operation 29 [1/1] (0.00ns)   --->   "%p_anonymous_namespace_lineBuffer_direction_1_addr = getelementptr i2 %p_anonymous_namespace_lineBuffer_direction_1, i64 0, i64 %zext_ln33" [../src/non_maximum_suppression.cpp:35->../src/canny_top.cpp:45->../src/canny_top.cpp:10]   --->   Operation 29 'getelementptr' 'p_anonymous_namespace_lineBuffer_direction_1_addr' <Predicate = (!icmp_ln32)> <Delay = 0.00>
ST_1 : Operation 30 [1/1] (0.00ns)   --->   "%p_anonymous_namespace_lineBuffer_direction_2_addr = getelementptr i2 %p_anonymous_namespace_lineBuffer_direction_2, i64 0, i64 %zext_ln33" [../src/non_maximum_suppression.cpp:35->../src/canny_top.cpp:45->../src/canny_top.cpp:10]   --->   Operation 30 'getelementptr' 'p_anonymous_namespace_lineBuffer_direction_2_addr' <Predicate = (!icmp_ln32)> <Delay = 0.00>
ST_1 : Operation 31 [1/1] (0.54ns)   --->   "%switch_ln34 = switch i2 %select_ln32_2, void %direction4.i.i.case.2, i2 0, void %direction4.i.i.case.0, i2 1, void %direction4.i.i.case.1" [../src/non_maximum_suppression.cpp:34->../src/canny_top.cpp:45->../src/canny_top.cpp:10]   --->   Operation 31 'switch' 'switch_ln34' <Predicate = (!icmp_ln32)> <Delay = 0.54>
ST_1 : Operation 32 [1/1] ( I:1.23ns O:1.23ns )   --->   "%store_ln34 = store i11 0, i9 %p_anonymous_namespace_lineBuffer_magnitude_1_addr" [../src/non_maximum_suppression.cpp:34->../src/canny_top.cpp:45->../src/canny_top.cpp:10]   --->   Operation 32 'store' 'store_ln34' <Predicate = (!icmp_ln32 & select_ln32_2 == 1)> <Delay = 1.23> <CoreInst = "RAM">   --->   Core 82 'RAM' <Latency = 1> <II = 1> <Delay = 1.23> <Storage> <Opcode : 'load' 'store'> <Ports = 2> <Width = 11> <Depth = 512> <RAM>
ST_1 : Operation 33 [1/1] ( I:1.23ns O:1.23ns )   --->   "%store_ln35 = store i2 0, i9 %p_anonymous_namespace_lineBuffer_direction_1_addr" [../src/non_maximum_suppression.cpp:35->../src/canny_top.cpp:45->../src/canny_top.cpp:10]   --->   Operation 33 'store' 'store_ln35' <Predicate = (!icmp_ln32 & select_ln32_2 == 1)> <Delay = 1.23> <CoreInst = "RAM">   --->   Core 82 'RAM' <Latency = 1> <II = 1> <Delay = 1.23> <Storage> <Opcode : 'load' 'store'> <Ports = 2> <Width = 2> <Depth = 512> <RAM>
ST_1 : Operation 34 [1/1] (0.00ns)   --->   "%br_ln35 = br void %direction4.i.i.exit" [../src/non_maximum_suppression.cpp:35->../src/canny_top.cpp:45->../src/canny_top.cpp:10]   --->   Operation 34 'br' 'br_ln35' <Predicate = (!icmp_ln32 & select_ln32_2 == 1)> <Delay = 0.00>
ST_1 : Operation 35 [1/1] ( I:1.23ns O:1.23ns )   --->   "%store_ln34 = store i11 0, i9 %p_anonymous_namespace_lineBuffer_magnitude_0_addr" [../src/non_maximum_suppression.cpp:34->../src/canny_top.cpp:45->../src/canny_top.cpp:10]   --->   Operation 35 'store' 'store_ln34' <Predicate = (!icmp_ln32 & select_ln32_2 == 0)> <Delay = 1.23> <CoreInst = "RAM">   --->   Core 82 'RAM' <Latency = 1> <II = 1> <Delay = 1.23> <Storage> <Opcode : 'load' 'store'> <Ports = 2> <Width = 11> <Depth = 512> <RAM>
ST_1 : Operation 36 [1/1] ( I:1.23ns O:1.23ns )   --->   "%store_ln35 = store i2 0, i9 %p_anonymous_namespace_lineBuffer_direction_0_addr" [../src/non_maximum_suppression.cpp:35->../src/canny_top.cpp:45->../src/canny_top.cpp:10]   --->   Operation 36 'store' 'store_ln35' <Predicate = (!icmp_ln32 & select_ln32_2 == 0)> <Delay = 1.23> <CoreInst = "RAM">   --->   Core 82 'RAM' <Latency = 1> <II = 1> <Delay = 1.23> <Storage> <Opcode : 'load' 'store'> <Ports = 2> <Width = 2> <Depth = 512> <RAM>
ST_1 : Operation 37 [1/1] (0.00ns)   --->   "%br_ln35 = br void %direction4.i.i.exit" [../src/non_maximum_suppression.cpp:35->../src/canny_top.cpp:45->../src/canny_top.cpp:10]   --->   Operation 37 'br' 'br_ln35' <Predicate = (!icmp_ln32 & select_ln32_2 == 0)> <Delay = 0.00>
ST_1 : Operation 38 [1/1] ( I:1.23ns O:1.23ns )   --->   "%store_ln34 = store i11 0, i9 %p_anonymous_namespace_lineBuffer_magnitude_2_addr" [../src/non_maximum_suppression.cpp:34->../src/canny_top.cpp:45->../src/canny_top.cpp:10]   --->   Operation 38 'store' 'store_ln34' <Predicate = (!icmp_ln32 & select_ln32_2 != 0 & select_ln32_2 != 1)> <Delay = 1.23> <CoreInst = "RAM">   --->   Core 82 'RAM' <Latency = 1> <II = 1> <Delay = 1.23> <Storage> <Opcode : 'load' 'store'> <Ports = 2> <Width = 11> <Depth = 512> <RAM>
ST_1 : Operation 39 [1/1] ( I:1.23ns O:1.23ns )   --->   "%store_ln35 = store i2 0, i9 %p_anonymous_namespace_lineBuffer_direction_2_addr" [../src/non_maximum_suppression.cpp:35->../src/canny_top.cpp:45->../src/canny_top.cpp:10]   --->   Operation 39 'store' 'store_ln35' <Predicate = (!icmp_ln32 & select_ln32_2 != 0 & select_ln32_2 != 1)> <Delay = 1.23> <CoreInst = "RAM">   --->   Core 82 'RAM' <Latency = 1> <II = 1> <Delay = 1.23> <Storage> <Opcode : 'load' 'store'> <Ports = 2> <Width = 2> <Depth = 512> <RAM>
ST_1 : Operation 40 [1/1] (0.00ns)   --->   "%br_ln35 = br void %direction4.i.i.exit" [../src/non_maximum_suppression.cpp:35->../src/canny_top.cpp:45->../src/canny_top.cpp:10]   --->   Operation 40 'br' 'br_ln35' <Predicate = (!icmp_ln32 & select_ln32_2 != 0 & select_ln32_2 != 1)> <Delay = 0.00>
ST_1 : Operation 41 [1/1] (0.78ns)   --->   "%add_ln33 = add i10 %select_ln32, i10 1" [../src/non_maximum_suppression.cpp:33->../src/canny_top.cpp:45->../src/canny_top.cpp:10]   --->   Operation 41 'add' 'add_ln33' <Predicate = (!icmp_ln32)> <Delay = 0.78> <CoreInst = "Adder">   --->   Core 1 'Adder' <Latency = 0> <II = 1> <Delay = 0.78> <FuncUnit> <Opcode : 'add' 'sub'> <InPorts = 2> <OutPorts = 1>
ST_1 : Operation 42 [1/1] (0.42ns)   --->   "%store_ln32 = store i11 %add_ln32, i11 %indvar_flatten13" [../src/non_maximum_suppression.cpp:32->../src/canny_top.cpp:45->../src/canny_top.cpp:10]   --->   Operation 42 'store' 'store_ln32' <Predicate = (!icmp_ln32)> <Delay = 0.42>
ST_1 : Operation 43 [1/1] (0.42ns)   --->   "%store_ln32 = store i2 %select_ln32_2, i2 %row" [../src/non_maximum_suppression.cpp:32->../src/canny_top.cpp:45->../src/canny_top.cpp:10]   --->   Operation 43 'store' 'store_ln32' <Predicate = (!icmp_ln32)> <Delay = 0.42>
ST_1 : Operation 44 [1/1] (0.42ns)   --->   "%store_ln33 = store i10 %add_ln33, i10 %column_9" [../src/non_maximum_suppression.cpp:33->../src/canny_top.cpp:45->../src/canny_top.cpp:10]   --->   Operation 44 'store' 'store_ln33' <Predicate = (!icmp_ln32)> <Delay = 0.42>
ST_1 : Operation 45 [1/1] (0.00ns)   --->   "%br_ln33 = br void %for.inc.i13.i" [../src/non_maximum_suppression.cpp:33->../src/canny_top.cpp:45->../src/canny_top.cpp:10]   --->   Operation 45 'br' 'br_ln33' <Predicate = (!icmp_ln32)> <Delay = 0.00>
ST_1 : Operation 46 [1/1] (0.42ns)   --->   "%ret_ln0 = ret"   --->   Operation 46 'ret' 'ret_ln0' <Predicate = (icmp_ln32)> <Delay = 0.42>


============================================================
+ Verbose Summary: Binding
============================================================
STG Binding: 
---------------- STG Properties BEGIN ----------------
- Is combinational: 0
- Is one-state seq: 0
- Is datapath-only: 0
- Is pipelined: 0
- Is top level: 0
Port [ Return ] is wired: 1; IO mode=ap_ctrl_hs:ce=0
Port [ p_anonymous_namespace_lineBuffer_magnitude_0]:  wired=1; compound=1; hidden=0; nouse=0; global=1; static=1; extern=0; dir=1; type=1; pingpong=0; private_global=0; MemPort=[03]; IO mode=ap_memory:ce=0
Port [ p_anonymous_namespace_lineBuffer_direction_0]:  wired=1; compound=1; hidden=0; nouse=0; global=1; static=1; extern=0; dir=1; type=1; pingpong=0; private_global=0; MemPort=[03]; IO mode=ap_memory:ce=0
Port [ p_anonymous_namespace_lineBuffer_magnitude_1]:  wired=1; compound=1; hidden=0; nouse=0; global=1; static=1; extern=0; dir=1; type=1; pingpong=0; private_global=0; MemPort=[03]; IO mode=ap_memory:ce=0
Port [ p_anonymous_namespace_lineBuffer_direction_1]:  wired=1; compound=1; hidden=0; nouse=0; global=1; static=1; extern=0; dir=1; type=1; pingpong=0; private_global=0; MemPort=[03]; IO mode=ap_memory:ce=0
Port [ p_anonymous_namespace_lineBuffer_magnitude_2]:  wired=1; compound=1; hidden=0; nouse=0; global=1; static=1; extern=0; dir=1; type=1; pingpong=0; private_global=0; MemPort=[03]; IO mode=ap_memory:ce=0
Port [ p_anonymous_namespace_lineBuffer_direction_2]:  wired=1; compound=1; hidden=0; nouse=0; global=1; static=1; extern=0; dir=1; type=1; pingpong=0; private_global=0; MemPort=[03]; IO mode=ap_memory:ce=0
---------------- STG Properties END ------------------

---------------- Datapath Model BEGIN ----------------

<LifeTime>
<method=bitvector/>
column_9                                          (alloca           ) [ 01]
row                                               (alloca           ) [ 01]
indvar_flatten13                                  (alloca           ) [ 01]
store_ln0                                         (store            ) [ 00]
store_ln32                                        (store            ) [ 00]
store_ln33                                        (store            ) [ 00]
br_ln0                                            (br               ) [ 00]
indvar_flatten13_load                             (load             ) [ 00]
icmp_ln32                                         (icmp             ) [ 01]
add_ln32                                          (add              ) [ 00]
br_ln32                                           (br               ) [ 00]
column_9_load                                     (load             ) [ 00]
row_load                                          (load             ) [ 00]
specloopname_ln0                                  (specloopname     ) [ 00]
speclooptripcount_ln0                             (speclooptripcount) [ 00]
icmp_ln33                                         (icmp             ) [ 00]
select_ln32                                       (select           ) [ 00]
add_ln32_1                                        (add              ) [ 00]
select_ln32_2                                     (select           ) [ 01]
zext_ln33                                         (zext             ) [ 00]
specpipeline_ln33                                 (specpipeline     ) [ 00]
p_anonymous_namespace_lineBuffer_magnitude_0_addr (getelementptr    ) [ 00]
p_anonymous_namespace_lineBuffer_magnitude_1_addr (getelementptr    ) [ 00]
p_anonymous_namespace_lineBuffer_magnitude_2_addr (getelementptr    ) [ 00]
p_anonymous_namespace_lineBuffer_direction_0_addr (getelementptr    ) [ 00]
p_anonymous_namespace_lineBuffer_direction_1_addr (getelementptr    ) [ 00]
p_anonymous_namespace_lineBuffer_direction_2_addr (getelementptr    ) [ 00]
switch_ln34                                       (switch           ) [ 00]
store_ln34                                        (store            ) [ 00]
store_ln35                                        (store            ) [ 00]
br_ln35                                           (br               ) [ 00]
store_ln34                                        (store            ) [ 00]
store_ln35                                        (store            ) [ 00]
br_ln35                                           (br               ) [ 00]
store_ln34                                        (store            ) [ 00]
store_ln35                                        (store            ) [ 00]
br_ln35                                           (br               ) [ 00]
add_ln33                                          (add              ) [ 00]
store_ln32                                        (store            ) [ 00]
store_ln32                                        (store            ) [ 00]
store_ln33                                        (store            ) [ 00]
br_ln33                                           (br               ) [ 00]
ret_ln0                                           (ret              ) [ 00]
</LifeTime>

<model>

<comp_list>
<comp id="0" class="1000" name="p_anonymous_namespace_lineBuffer_magnitude_0">
<pin_list>
<pin id="1" dir="1" index="0" bw="1" slack="0"/>
</pin_list>
<bind>
<StgValue><ssdm name="p_anonymous_namespace_lineBuffer_magnitude_0"/><MemPortTyVec>0 3 </MemPortTyVec>
</StgValue>
</bind>
</comp>

<comp id="2" class="1000" name="p_anonymous_namespace_lineBuffer_direction_0">
<pin_list>
<pin id="3" dir="1" index="0" bw="1" slack="0"/>
</pin_list>
<bind>
<StgValue><ssdm name="p_anonymous_namespace_lineBuffer_direction_0"/><MemPortTyVec>0 3 </MemPortTyVec>
</StgValue>
</bind>
</comp>

<comp id="4" class="1000" name="p_anonymous_namespace_lineBuffer_magnitude_1">
<pin_list>
<pin id="5" dir="1" index="0" bw="1" slack="0"/>
</pin_list>
<bind>
<StgValue><ssdm name="p_anonymous_namespace_lineBuffer_magnitude_1"/><MemPortTyVec>0 3 </MemPortTyVec>
</StgValue>
</bind>
</comp>

<comp id="6" class="1000" name="p_anonymous_namespace_lineBuffer_direction_1">
<pin_list>
<pin id="7" dir="1" index="0" bw="1" slack="0"/>
</pin_list>
<bind>
<StgValue><ssdm name="p_anonymous_namespace_lineBuffer_direction_1"/><MemPortTyVec>0 3 </MemPortTyVec>
</StgValue>
</bind>
</comp>

<comp id="8" class="1000" name="p_anonymous_namespace_lineBuffer_magnitude_2">
<pin_list>
<pin id="9" dir="1" index="0" bw="1" slack="0"/>
</pin_list>
<bind>
<StgValue><ssdm name="p_anonymous_namespace_lineBuffer_magnitude_2"/><MemPortTyVec>0 3 </MemPortTyVec>
</StgValue>
</bind>
</comp>

<comp id="10" class="1000" name="p_anonymous_namespace_lineBuffer_direction_2">
<pin_list>
<pin id="11" dir="1" index="0" bw="1" slack="0"/>
</pin_list>
<bind>
<StgValue><ssdm name="p_anonymous_namespace_lineBuffer_direction_2"/><MemPortTyVec>0 3 </MemPortTyVec>
</StgValue>
</bind>
</comp>

<comp id="12" class="1001" name="const_12">
<pin_list>
<pin id="13" dir="1" index="0" bw="1" slack="0"/>
</pin_list>
<bind>
<StgValue><ssdm name=""/></StgValue>
</bind>
</comp>

<comp id="14" class="1001" name="const_14">
<pin_list>
<pin id="15" dir="1" index="0" bw="1" slack="0"/>
</pin_list>
<bind>
<StgValue><ssdm name=""/></StgValue>
</bind>
</comp>

<comp id="16" class="1001" name="const_16">
<pin_list>
<pin id="17" dir="1" index="0" bw="1" slack="0"/>
</pin_list>
<bind>
<StgValue><ssdm name=""/></StgValue>
</bind>
</comp>

<comp id="18" class="1001" name="const_18">
<pin_list>
<pin id="19" dir="1" index="0" bw="1" slack="0"/>
</pin_list>
<bind>
<StgValue><ssdm name=""/></StgValue>
</bind>
</comp>

<comp id="20" class="1001" name="const_20">
<pin_list>
<pin id="21" dir="1" index="0" bw="1" slack="0"/>
</pin_list>
<bind>
<StgValue><ssdm name=""/></StgValue>
</bind>
</comp>

<comp id="22" class="1001" name="const_22">
<pin_list>
<pin id="23" dir="1" index="0" bw="1" slack="0"/>
</pin_list>
<bind>
<StgValue><ssdm name=""/></StgValue>
</bind>
</comp>

<comp id="24" class="1001" name="const_24">
<pin_list>
<pin id="25" dir="1" index="0" bw="1" slack="2147483647"/>
</pin_list>
<bind>
<StgValue><ssdm name="_ssdm_op_SpecLoopName"/></StgValue>
</bind>
</comp>

<comp id="26" class="1001" name="const_26">
<pin_list>
<pin id="27" dir="1" index="0" bw="1" slack="2147483647"/>
</pin_list>
<bind>
<StgValue><ssdm name="VITIS_LOOP_32_1_VITIS_LOOP_33_2_str"/></StgValue>
</bind>
</comp>

<comp id="28" class="1001" name="const_28">
<pin_list>
<pin id="29" dir="1" index="0" bw="1" slack="2147483647"/>
</pin_list>
<bind>
<StgValue><ssdm name="_ssdm_op_SpecLoopTripCount"/></StgValue>
</bind>
</comp>

<comp id="30" class="1001" name="const_30">
<pin_list>
<pin id="31" dir="1" index="0" bw="1" slack="2147483647"/>
</pin_list>
<bind>
<StgValue><ssdm name=""/></StgValue>
</bind>
</comp>

<comp id="32" class="1001" name="const_32">
<pin_list>
<pin id="33" dir="1" index="0" bw="1" slack="0"/>
</pin_list>
<bind>
<StgValue><ssdm name=""/></StgValue>
</bind>
</comp>

<comp id="34" class="1001" name="const_34">
<pin_list>
<pin id="35" dir="1" index="0" bw="1" slack="0"/>
</pin_list>
<bind>
<StgValue><ssdm name=""/></StgValue>
</bind>
</comp>

<comp id="36" class="1001" name="const_36">
<pin_list>
<pin id="37" dir="1" index="0" bw="1" slack="2147483647"/>
</pin_list>
<bind>
<StgValue><ssdm name="_ssdm_op_SpecPipeline"/></StgValue>
</bind>
</comp>

<comp id="38" class="1001" name="const_38">
<pin_list>
<pin id="39" dir="1" index="0" bw="1" slack="2147483647"/>
</pin_list>
<bind>
<StgValue><ssdm name=""/></StgValue>
</bind>
</comp>

<comp id="40" class="1001" name="const_40">
<pin_list>
<pin id="41" dir="1" index="0" bw="1" slack="2147483647"/>
</pin_list>
<bind>
<StgValue><ssdm name=""/></StgValue>
</bind>
</comp>

<comp id="42" class="1001" name="const_42">
<pin_list>
<pin id="43" dir="1" index="0" bw="1" slack="2147483647"/>
</pin_list>
<bind>
<StgValue><ssdm name="empty_14"/></StgValue>
</bind>
</comp>

<comp id="44" class="1001" name="const_44">
<pin_list>
<pin id="45" dir="1" index="0" bw="1" slack="0"/>
</pin_list>
<bind>
<StgValue><ssdm name=""/></StgValue>
</bind>
</comp>

<comp id="46" class="1001" name="const_46">
<pin_list>
<pin id="47" dir="1" index="0" bw="1" slack="0"/>
</pin_list>
<bind>
<StgValue><ssdm name=""/></StgValue>
</bind>
</comp>

<comp id="48" class="1004" name="column_9_fu_48">
<pin_list>
<pin id="49" dir="0" index="0" bw="1" slack="0"/>
<pin id="50" dir="1" index="1" bw="10" slack="0"/>
</pin_list>
<bind>
<opcode="alloca(26) " fcode="alloca"/>
<opset="column_9/1 "/>
</bind>
</comp>

<comp id="52" class="1004" name="row_fu_52">
<pin_list>
<pin id="53" dir="0" index="0" bw="1" slack="0"/>
<pin id="54" dir="1" index="1" bw="2" slack="0"/>
</pin_list>
<bind>
<opcode="alloca(26) " fcode="alloca"/>
<opset="row/1 "/>
</bind>
</comp>

<comp id="56" class="1004" name="indvar_flatten13_fu_56">
<pin_list>
<pin id="57" dir="0" index="0" bw="1" slack="0"/>
<pin id="58" dir="1" index="1" bw="11" slack="0"/>
</pin_list>
<bind>
<opcode="alloca(26) " fcode="alloca"/>
<opset="indvar_flatten13/1 "/>
</bind>
</comp>

<comp id="60" class="1004" name="p_anonymous_namespace_lineBuffer_magnitude_0_addr_gep_fu_60">
<pin_list>
<pin id="61" dir="0" index="0" bw="11" slack="0"/>
<pin id="62" dir="0" index="1" bw="1" slack="0"/>
<pin id="63" dir="0" index="2" bw="10" slack="0"/>
<pin id="64" dir="1" index="3" bw="9" slack="0"/>
</pin_list>
<bind>
<opcode="getelementptr(29) " fcode="getelementptr"/>
<opset="p_anonymous_namespace_lineBuffer_magnitude_0_addr/1 "/>
</bind>
</comp>

<comp id="67" class="1004" name="p_anonymous_namespace_lineBuffer_magnitude_1_addr_gep_fu_67">
<pin_list>
<pin id="68" dir="0" index="0" bw="11" slack="0"/>
<pin id="69" dir="0" index="1" bw="1" slack="0"/>
<pin id="70" dir="0" index="2" bw="10" slack="0"/>
<pin id="71" dir="1" index="3" bw="9" slack="0"/>
</pin_list>
<bind>
<opcode="getelementptr(29) " fcode="getelementptr"/>
<opset="p_anonymous_namespace_lineBuffer_magnitude_1_addr/1 "/>
</bind>
</comp>

<comp id="74" class="1004" name="p_anonymous_namespace_lineBuffer_magnitude_2_addr_gep_fu_74">
<pin_list>
<pin id="75" dir="0" index="0" bw="11" slack="0"/>
<pin id="76" dir="0" index="1" bw="1" slack="0"/>
<pin id="77" dir="0" index="2" bw="10" slack="0"/>
<pin id="78" dir="1" index="3" bw="9" slack="0"/>
</pin_list>
<bind>
<opcode="getelementptr(29) " fcode="getelementptr"/>
<opset="p_anonymous_namespace_lineBuffer_magnitude_2_addr/1 "/>
</bind>
</comp>

<comp id="81" class="1004" name="p_anonymous_namespace_lineBuffer_direction_0_addr_gep_fu_81">
<pin_list>
<pin id="82" dir="0" index="0" bw="2" slack="0"/>
<pin id="83" dir="0" index="1" bw="1" slack="0"/>
<pin id="84" dir="0" index="2" bw="10" slack="0"/>
<pin id="85" dir="1" index="3" bw="9" slack="0"/>
</pin_list>
<bind>
<opcode="getelementptr(29) " fcode="getelementptr"/>
<opset="p_anonymous_namespace_lineBuffer_direction_0_addr/1 "/>
</bind>
</comp>

<comp id="88" class="1004" name="p_anonymous_namespace_lineBuffer_direction_1_addr_gep_fu_88">
<pin_list>
<pin id="89" dir="0" index="0" bw="2" slack="0"/>
<pin id="90" dir="0" index="1" bw="1" slack="0"/>
<pin id="91" dir="0" index="2" bw="10" slack="0"/>
<pin id="92" dir="1" index="3" bw="9" slack="0"/>
</pin_list>
<bind>
<opcode="getelementptr(29) " fcode="getelementptr"/>
<opset="p_anonymous_namespace_lineBuffer_direction_1_addr/1 "/>
</bind>
</comp>

<comp id="95" class="1004" name="p_anonymous_namespace_lineBuffer_direction_2_addr_gep_fu_95">
<pin_list>
<pin id="96" dir="0" index="0" bw="2" slack="0"/>
<pin id="97" dir="0" index="1" bw="1" slack="0"/>
<pin id="98" dir="0" index="2" bw="10" slack="0"/>
<pin id="99" dir="1" index="3" bw="9" slack="0"/>
</pin_list>
<bind>
<opcode="getelementptr(29) " fcode="getelementptr"/>
<opset="p_anonymous_namespace_lineBuffer_direction_2_addr/1 "/>
</bind>
</comp>

<comp id="102" class="1004" name="store_ln34_access_fu_102">
<pin_list>
<pin id="103" dir="0" index="0" bw="9" slack="0"/>
<pin id="104" dir="0" index="1" bw="11" slack="0"/>
<pin id="105" dir="0" index="2" bw="0" slack="2147483647"/>
<pin id="106" dir="1" index="3" bw="11" slack="2147483647"/>
</pin_list>
<bind>
<opcode="store(28) " fcode="store"/>
<opset="store_ln34/1 "/>
</bind>
</comp>

<comp id="109" class="1004" name="store_ln35_access_fu_109">
<pin_list>
<pin id="110" dir="0" index="0" bw="9" slack="0"/>
<pin id="111" dir="0" index="1" bw="2" slack="0"/>
<pin id="112" dir="0" index="2" bw="0" slack="2147483647"/>
<pin id="113" dir="1" index="3" bw="2" slack="2147483647"/>
</pin_list>
<bind>
<opcode="store(28) " fcode="store"/>
<opset="store_ln35/1 "/>
</bind>
</comp>

<comp id="116" class="1004" name="store_ln34_access_fu_116">
<pin_list>
<pin id="117" dir="0" index="0" bw="9" slack="0"/>
<pin id="118" dir="0" index="1" bw="11" slack="0"/>
<pin id="119" dir="0" index="2" bw="0" slack="2147483647"/>
<pin id="120" dir="1" index="3" bw="11" slack="2147483647"/>
</pin_list>
<bind>
<opcode="store(28) " fcode="store"/>
<opset="store_ln34/1 "/>
</bind>
</comp>

<comp id="123" class="1004" name="store_ln35_access_fu_123">
<pin_list>
<pin id="124" dir="0" index="0" bw="9" slack="0"/>
<pin id="125" dir="0" index="1" bw="2" slack="0"/>
<pin id="126" dir="0" index="2" bw="0" slack="2147483647"/>
<pin id="127" dir="1" index="3" bw="2" slack="2147483647"/>
</pin_list>
<bind>
<opcode="store(28) " fcode="store"/>
<opset="store_ln35/1 "/>
</bind>
</comp>

<comp id="130" class="1004" name="store_ln34_access_fu_130">
<pin_list>
<pin id="131" dir="0" index="0" bw="9" slack="0"/>
<pin id="132" dir="0" index="1" bw="11" slack="0"/>
<pin id="133" dir="0" index="2" bw="0" slack="2147483647"/>
<pin id="134" dir="1" index="3" bw="11" slack="2147483647"/>
</pin_list>
<bind>
<opcode="store(28) " fcode="store"/>
<opset="store_ln34/1 "/>
</bind>
</comp>

<comp id="137" class="1004" name="store_ln35_access_fu_137">
<pin_list>
<pin id="138" dir="0" index="0" bw="9" slack="0"/>
<pin id="139" dir="0" index="1" bw="2" slack="0"/>
<pin id="140" dir="0" index="2" bw="0" slack="2147483647"/>
<pin id="141" dir="1" index="3" bw="2" slack="2147483647"/>
</pin_list>
<bind>
<opcode="store(28) " fcode="store"/>
<opset="store_ln35/1 "/>
</bind>
</comp>

<comp id="144" class="1004" name="store_ln0_store_fu_144">
<pin_list>
<pin id="145" dir="0" index="0" bw="1" slack="0"/>
<pin id="146" dir="0" index="1" bw="11" slack="0"/>
<pin id="147" dir="1" index="2" bw="0" slack="2147483647"/>
</pin_list>
<bind>
<opcode="store(28) " fcode="store"/>
<opset="store_ln0/1 "/>
</bind>
</comp>

<comp id="149" class="1004" name="store_ln32_store_fu_149">
<pin_list>
<pin id="150" dir="0" index="0" bw="1" slack="0"/>
<pin id="151" dir="0" index="1" bw="2" slack="0"/>
<pin id="152" dir="1" index="2" bw="0" slack="2147483647"/>
</pin_list>
<bind>
<opcode="store(28) " fcode="store"/>
<opset="store_ln32/1 "/>
</bind>
</comp>

<comp id="154" class="1004" name="store_ln33_store_fu_154">
<pin_list>
<pin id="155" dir="0" index="0" bw="1" slack="0"/>
<pin id="156" dir="0" index="1" bw="10" slack="0"/>
<pin id="157" dir="1" index="2" bw="0" slack="2147483647"/>
</pin_list>
<bind>
<opcode="store(28) " fcode="store"/>
<opset="store_ln33/1 "/>
</bind>
</comp>

<comp id="159" class="1004" name="indvar_flatten13_load_load_fu_159">
<pin_list>
<pin id="160" dir="0" index="0" bw="11" slack="0"/>
<pin id="161" dir="1" index="1" bw="11" slack="0"/>
</pin_list>
<bind>
<opcode="load(27) " fcode="load"/>
<opset="indvar_flatten13_load/1 "/>
</bind>
</comp>

<comp id="162" class="1004" name="icmp_ln32_fu_162">
<pin_list>
<pin id="163" dir="0" index="0" bw="11" slack="0"/>
<pin id="164" dir="0" index="1" bw="11" slack="0"/>
<pin id="165" dir="1" index="2" bw="1" slack="2147483647"/>
</pin_list>
<bind>
<opcode="icmp(45) " fcode="icmp"/>
<opset="icmp_ln32/1 "/>
</bind>
</comp>

<comp id="168" class="1004" name="add_ln32_fu_168">
<pin_list>
<pin id="169" dir="0" index="0" bw="11" slack="0"/>
<pin id="170" dir="0" index="1" bw="1" slack="0"/>
<pin id="171" dir="1" index="2" bw="11" slack="0"/>
</pin_list>
<bind>
<opcode="add(8) " fcode="add"/>
<opset="add_ln32/1 "/>
</bind>
</comp>

<comp id="174" class="1004" name="column_9_load_load_fu_174">
<pin_list>
<pin id="175" dir="0" index="0" bw="10" slack="0"/>
<pin id="176" dir="1" index="1" bw="10" slack="0"/>
</pin_list>
<bind>
<opcode="load(27) " fcode="load"/>
<opset="column_9_load/1 "/>
</bind>
</comp>

<comp id="177" class="1004" name="row_load_load_fu_177">
<pin_list>
<pin id="178" dir="0" index="0" bw="2" slack="0"/>
<pin id="179" dir="1" index="1" bw="2" slack="0"/>
</pin_list>
<bind>
<opcode="load(27) " fcode="load"/>
<opset="row_load/1 "/>
</bind>
</comp>

<comp id="180" class="1004" name="icmp_ln33_fu_180">
<pin_list>
<pin id="181" dir="0" index="0" bw="10" slack="0"/>
<pin id="182" dir="0" index="1" bw="10" slack="0"/>
<pin id="183" dir="1" index="2" bw="1" slack="0"/>
</pin_list>
<bind>
<opcode="icmp(45) " fcode="icmp"/>
<opset="icmp_ln33/1 "/>
</bind>
</comp>

<comp id="186" class="1004" name="select_ln32_fu_186">
<pin_list>
<pin id="187" dir="0" index="0" bw="1" slack="0"/>
<pin id="188" dir="0" index="1" bw="10" slack="0"/>
<pin id="189" dir="0" index="2" bw="10" slack="0"/>
<pin id="190" dir="1" index="3" bw="10" slack="0"/>
</pin_list>
<bind>
<opcode="select(49) " fcode="select"/>
<opset="select_ln32/1 "/>
</bind>
</comp>

<comp id="194" class="1004" name="add_ln32_1_fu_194">
<pin_list>
<pin id="195" dir="0" index="0" bw="2" slack="0"/>
<pin id="196" dir="0" index="1" bw="1" slack="0"/>
<pin id="197" dir="1" index="2" bw="2" slack="0"/>
</pin_list>
<bind>
<opcode="add(8) " fcode="add"/>
<opset="add_ln32_1/1 "/>
</bind>
</comp>

<comp id="200" class="1004" name="select_ln32_2_fu_200">
<pin_list>
<pin id="201" dir="0" index="0" bw="1" slack="0"/>
<pin id="202" dir="0" index="1" bw="2" slack="0"/>
<pin id="203" dir="0" index="2" bw="2" slack="0"/>
<pin id="204" dir="1" index="3" bw="2" slack="0"/>
</pin_list>
<bind>
<opcode="select(49) " fcode="select"/>
<opset="select_ln32_2/1 "/>
</bind>
</comp>

<comp id="208" class="1004" name="zext_ln33_fu_208">
<pin_list>
<pin id="209" dir="0" index="0" bw="10" slack="0"/>
<pin id="210" dir="1" index="1" bw="64" slack="0"/>
</pin_list>
<bind>
<opcode="zext(34) " fcode="zext"/>
<opset="zext_ln33/1 "/>
</bind>
</comp>

<comp id="218" class="1004" name="switch_ln34_fu_218">
<pin_list>
<pin id="219" dir="0" index="0" bw="2" slack="0"/>
<pin id="220" dir="0" index="1" bw="1" slack="0"/>
<pin id="221" dir="0" index="2" bw="1" slack="0"/>
<pin id="222" dir="1" index="3" bw="0" slack="2147483647"/>
</pin_list>
<bind>
<opcode="switch(3) " fcode="switch"/>
<opset="switch_ln34/1 "/>
</bind>
</comp>

<comp id="226" class="1004" name="add_ln33_fu_226">
<pin_list>
<pin id="227" dir="0" index="0" bw="10" slack="0"/>
<pin id="228" dir="0" index="1" bw="1" slack="0"/>
<pin id="229" dir="1" index="2" bw="10" slack="0"/>
</pin_list>
<bind>
<opcode="add(8) " fcode="add"/>
<opset="add_ln33/1 "/>
</bind>
</comp>

<comp id="232" class="1004" name="store_ln32_store_fu_232">
<pin_list>
<pin id="233" dir="0" index="0" bw="11" slack="0"/>
<pin id="234" dir="0" index="1" bw="11" slack="0"/>
<pin id="235" dir="1" index="2" bw="0" slack="2147483647"/>
</pin_list>
<bind>
<opcode="store(28) " fcode="store"/>
<opset="store_ln32/1 "/>
</bind>
</comp>

<comp id="237" class="1004" name="store_ln32_store_fu_237">
<pin_list>
<pin id="238" dir="0" index="0" bw="2" slack="0"/>
<pin id="239" dir="0" index="1" bw="2" slack="0"/>
<pin id="240" dir="1" index="2" bw="0" slack="2147483647"/>
</pin_list>
<bind>
<opcode="store(28) " fcode="store"/>
<opset="store_ln32/1 "/>
</bind>
</comp>

<comp id="242" class="1004" name="store_ln33_store_fu_242">
<pin_list>
<pin id="243" dir="0" index="0" bw="10" slack="0"/>
<pin id="244" dir="0" index="1" bw="10" slack="0"/>
<pin id="245" dir="1" index="2" bw="0" slack="2147483647"/>
</pin_list>
<bind>
<opcode="store(28) " fcode="store"/>
<opset="store_ln33/1 "/>
</bind>
</comp>

<comp id="247" class="1005" name="column_9_reg_247">
<pin_list>
<pin id="248" dir="0" index="0" bw="10" slack="0"/>
<pin id="249" dir="1" index="1" bw="10" slack="0"/>
</pin_list>
<bind>
<opset="column_9 "/>
</bind>
</comp>

<comp id="254" class="1005" name="row_reg_254">
<pin_list>
<pin id="255" dir="0" index="0" bw="2" slack="0"/>
<pin id="256" dir="1" index="1" bw="2" slack="0"/>
</pin_list>
<bind>
<opset="row "/>
</bind>
</comp>

<comp id="261" class="1005" name="indvar_flatten13_reg_261">
<pin_list>
<pin id="262" dir="0" index="0" bw="11" slack="0"/>
<pin id="263" dir="1" index="1" bw="11" slack="0"/>
</pin_list>
<bind>
<opset="indvar_flatten13 "/>
</bind>
</comp>

</comp_list>

<net_list>
<net id="51"><net_src comp="12" pin="0"/><net_sink comp="48" pin=0"/></net>

<net id="55"><net_src comp="12" pin="0"/><net_sink comp="52" pin=0"/></net>

<net id="59"><net_src comp="12" pin="0"/><net_sink comp="56" pin=0"/></net>

<net id="65"><net_src comp="0" pin="0"/><net_sink comp="60" pin=0"/></net>

<net id="66"><net_src comp="44" pin="0"/><net_sink comp="60" pin=1"/></net>

<net id="72"><net_src comp="4" pin="0"/><net_sink comp="67" pin=0"/></net>

<net id="73"><net_src comp="44" pin="0"/><net_sink comp="67" pin=1"/></net>

<net id="79"><net_src comp="8" pin="0"/><net_sink comp="74" pin=0"/></net>

<net id="80"><net_src comp="44" pin="0"/><net_sink comp="74" pin=1"/></net>

<net id="86"><net_src comp="2" pin="0"/><net_sink comp="81" pin=0"/></net>

<net id="87"><net_src comp="44" pin="0"/><net_sink comp="81" pin=1"/></net>

<net id="93"><net_src comp="6" pin="0"/><net_sink comp="88" pin=0"/></net>

<net id="94"><net_src comp="44" pin="0"/><net_sink comp="88" pin=1"/></net>

<net id="100"><net_src comp="10" pin="0"/><net_sink comp="95" pin=0"/></net>

<net id="101"><net_src comp="44" pin="0"/><net_sink comp="95" pin=1"/></net>

<net id="107"><net_src comp="14" pin="0"/><net_sink comp="102" pin=1"/></net>

<net id="108"><net_src comp="67" pin="3"/><net_sink comp="102" pin=0"/></net>

<net id="114"><net_src comp="16" pin="0"/><net_sink comp="109" pin=1"/></net>

<net id="115"><net_src comp="88" pin="3"/><net_sink comp="109" pin=0"/></net>

<net id="121"><net_src comp="14" pin="0"/><net_sink comp="116" pin=1"/></net>

<net id="122"><net_src comp="60" pin="3"/><net_sink comp="116" pin=0"/></net>

<net id="128"><net_src comp="16" pin="0"/><net_sink comp="123" pin=1"/></net>

<net id="129"><net_src comp="81" pin="3"/><net_sink comp="123" pin=0"/></net>

<net id="135"><net_src comp="14" pin="0"/><net_sink comp="130" pin=1"/></net>

<net id="136"><net_src comp="74" pin="3"/><net_sink comp="130" pin=0"/></net>

<net id="142"><net_src comp="16" pin="0"/><net_sink comp="137" pin=1"/></net>

<net id="143"><net_src comp="95" pin="3"/><net_sink comp="137" pin=0"/></net>

<net id="148"><net_src comp="14" pin="0"/><net_sink comp="144" pin=0"/></net>

<net id="153"><net_src comp="16" pin="0"/><net_sink comp="149" pin=0"/></net>

<net id="158"><net_src comp="18" pin="0"/><net_sink comp="154" pin=0"/></net>

<net id="166"><net_src comp="159" pin="1"/><net_sink comp="162" pin=0"/></net>

<net id="167"><net_src comp="20" pin="0"/><net_sink comp="162" pin=1"/></net>

<net id="172"><net_src comp="159" pin="1"/><net_sink comp="168" pin=0"/></net>

<net id="173"><net_src comp="22" pin="0"/><net_sink comp="168" pin=1"/></net>

<net id="184"><net_src comp="174" pin="1"/><net_sink comp="180" pin=0"/></net>

<net id="185"><net_src comp="32" pin="0"/><net_sink comp="180" pin=1"/></net>

<net id="191"><net_src comp="180" pin="2"/><net_sink comp="186" pin=0"/></net>

<net id="192"><net_src comp="18" pin="0"/><net_sink comp="186" pin=1"/></net>

<net id="193"><net_src comp="174" pin="1"/><net_sink comp="186" pin=2"/></net>

<net id="198"><net_src comp="177" pin="1"/><net_sink comp="194" pin=0"/></net>

<net id="199"><net_src comp="34" pin="0"/><net_sink comp="194" pin=1"/></net>

<net id="205"><net_src comp="180" pin="2"/><net_sink comp="200" pin=0"/></net>

<net id="206"><net_src comp="194" pin="2"/><net_sink comp="200" pin=1"/></net>

<net id="207"><net_src comp="177" pin="1"/><net_sink comp="200" pin=2"/></net>

<net id="211"><net_src comp="186" pin="3"/><net_sink comp="208" pin=0"/></net>

<net id="212"><net_src comp="208" pin="1"/><net_sink comp="60" pin=2"/></net>

<net id="213"><net_src comp="208" pin="1"/><net_sink comp="67" pin=2"/></net>

<net id="214"><net_src comp="208" pin="1"/><net_sink comp="74" pin=2"/></net>

<net id="215"><net_src comp="208" pin="1"/><net_sink comp="81" pin=2"/></net>

<net id="216"><net_src comp="208" pin="1"/><net_sink comp="88" pin=2"/></net>

<net id="217"><net_src comp="208" pin="1"/><net_sink comp="95" pin=2"/></net>

<net id="223"><net_src comp="200" pin="3"/><net_sink comp="218" pin=0"/></net>

<net id="224"><net_src comp="16" pin="0"/><net_sink comp="218" pin=1"/></net>

<net id="225"><net_src comp="34" pin="0"/><net_sink comp="218" pin=2"/></net>

<net id="230"><net_src comp="186" pin="3"/><net_sink comp="226" pin=0"/></net>

<net id="231"><net_src comp="46" pin="0"/><net_sink comp="226" pin=1"/></net>

<net id="236"><net_src comp="168" pin="2"/><net_sink comp="232" pin=0"/></net>

<net id="241"><net_src comp="200" pin="3"/><net_sink comp="237" pin=0"/></net>

<net id="246"><net_src comp="226" pin="2"/><net_sink comp="242" pin=0"/></net>

<net id="250"><net_src comp="48" pin="1"/><net_sink comp="247" pin=0"/></net>

<net id="251"><net_src comp="247" pin="1"/><net_sink comp="154" pin=1"/></net>

<net id="252"><net_src comp="247" pin="1"/><net_sink comp="174" pin=0"/></net>

<net id="253"><net_src comp="247" pin="1"/><net_sink comp="242" pin=1"/></net>

<net id="257"><net_src comp="52" pin="1"/><net_sink comp="254" pin=0"/></net>

<net id="258"><net_src comp="254" pin="1"/><net_sink comp="149" pin=1"/></net>

<net id="259"><net_src comp="254" pin="1"/><net_sink comp="177" pin=0"/></net>

<net id="260"><net_src comp="254" pin="1"/><net_sink comp="237" pin=1"/></net>

<net id="264"><net_src comp="56" pin="1"/><net_sink comp="261" pin=0"/></net>

<net id="265"><net_src comp="261" pin="1"/><net_sink comp="144" pin=1"/></net>

<net id="266"><net_src comp="261" pin="1"/><net_sink comp="159" pin=0"/></net>

<net id="267"><net_src comp="261" pin="1"/><net_sink comp="232" pin=1"/></net>

</net_list>

</model> 
---------------- Datapath Model END ------------------

* FSMD analyzer results:
  - Output states:
	Port: p_anonymous_namespace_lineBuffer_magnitude_0 | {1 }
	Port: p_anonymous_namespace_lineBuffer_direction_0 | {1 }
	Port: p_anonymous_namespace_lineBuffer_magnitude_1 | {1 }
	Port: p_anonymous_namespace_lineBuffer_direction_1 | {1 }
	Port: p_anonymous_namespace_lineBuffer_magnitude_2 | {1 }
	Port: p_anonymous_namespace_lineBuffer_direction_2 | {1 }
 - Input state : 
	Port: canny_top_Pipeline_VITIS_LOOP_32_1_VITIS_LOOP_33_2 : p_anonymous_namespace_lineBuffer_magnitude_0 | {}
	Port: canny_top_Pipeline_VITIS_LOOP_32_1_VITIS_LOOP_33_2 : p_anonymous_namespace_lineBuffer_direction_0 | {}
	Port: canny_top_Pipeline_VITIS_LOOP_32_1_VITIS_LOOP_33_2 : p_anonymous_namespace_lineBuffer_magnitude_1 | {}
	Port: canny_top_Pipeline_VITIS_LOOP_32_1_VITIS_LOOP_33_2 : p_anonymous_namespace_lineBuffer_direction_1 | {}
	Port: canny_top_Pipeline_VITIS_LOOP_32_1_VITIS_LOOP_33_2 : p_anonymous_namespace_lineBuffer_magnitude_2 | {}
	Port: canny_top_Pipeline_VITIS_LOOP_32_1_VITIS_LOOP_33_2 : p_anonymous_namespace_lineBuffer_direction_2 | {}
  - Chain level:
	State 1
		store_ln0 : 1
		store_ln32 : 1
		store_ln33 : 1
		indvar_flatten13_load : 1
		icmp_ln32 : 2
		add_ln32 : 2
		br_ln32 : 3
		column_9_load : 1
		row_load : 1
		icmp_ln33 : 2
		select_ln32 : 3
		add_ln32_1 : 2
		select_ln32_2 : 3
		zext_ln33 : 4
		p_anonymous_namespace_lineBuffer_magnitude_0_addr : 5
		p_anonymous_namespace_lineBuffer_magnitude_1_addr : 5
		p_anonymous_namespace_lineBuffer_magnitude_2_addr : 5
		p_anonymous_namespace_lineBuffer_direction_0_addr : 5
		p_anonymous_namespace_lineBuffer_direction_1_addr : 5
		p_anonymous_namespace_lineBuffer_direction_2_addr : 5
		switch_ln34 : 4
		store_ln34 : 6
		store_ln35 : 6
		store_ln34 : 6
		store_ln35 : 6
		store_ln34 : 6
		store_ln35 : 6
		add_ln33 : 4
		store_ln32 : 3
		store_ln32 : 4
		store_ln33 : 5


============================================================
+ Verbose Summary: Datapath Resource usage 
============================================================

* Functional unit list:
|----------|----------------------|---------|---------|
| Operation|    Functional Unit   |    FF   |   LUT   |
|----------|----------------------|---------|---------|
|          |    add_ln32_fu_168   |    0    |    18   |
|    add   |   add_ln32_1_fu_194  |    0    |    9    |
|          |    add_ln33_fu_226   |    0    |    17   |
|----------|----------------------|---------|---------|
|   icmp   |   icmp_ln32_fu_162   |    0    |    18   |
|          |   icmp_ln33_fu_180   |    0    |    17   |
|----------|----------------------|---------|---------|
|  select  |  select_ln32_fu_186  |    0    |    10   |
|          | select_ln32_2_fu_200 |    0    |    2    |
|----------|----------------------|---------|---------|
|   zext   |   zext_ln33_fu_208   |    0    |    0    |
|----------|----------------------|---------|---------|
|  switch  |  switch_ln34_fu_218  |    0    |    0    |
|----------|----------------------|---------|---------|
|   Total  |                      |    0    |    91   |
|----------|----------------------|---------|---------|

Memories:
N/A

* Register list:
+------------------------+--------+
|                        |   FF   |
+------------------------+--------+
|    column_9_reg_247    |   10   |
|indvar_flatten13_reg_261|   11   |
|       row_reg_254      |    2   |
+------------------------+--------+
|          Total         |   23   |
+------------------------+--------+

* Multiplexer (MUX) list: 
|--------|------|------|------|--------|
|  Comp  |  Pin | Size |  BW  | S x BW |
|--------|------|------|------|--------|
|  Total |      |      |      |    0   |
|--------|------|------|------|--------|



* Summary:
+-----------+--------+--------+
|           |   FF   |   LUT  |
+-----------+--------+--------+
|  Function |    0   |   91   |
|   Memory  |    -   |    -   |
|Multiplexer|    -   |    -   |
|  Register |   23   |    -   |
+-----------+--------+--------+
|   Total   |   23   |   91   |
+-----------+--------+--------+
