

================================================================
== Vitis HLS Report for 'canny_top_Pipeline_VITIS_LOOP_22_1_VITIS_LOOP_23_2'
================================================================
* Date:           Fri Jul 24 22:33:44 2026

* Version:        2025.2 (Build 6295257 on Nov 14 2025)
* Project:        canny_top
* Solution:       hls (Vitis Kernel Flow Target)
* Product family: zynquplus
* Target device:  xck26-sfvc784-2LV-c


================================================================
== Performance Estimates
================================================================
+ Timing: 
    * Summary: 
    +--------+---------+----------+------------+
    |  Clock |  Target | Estimated| Uncertainty|
    +--------+---------+----------+------------+
    |ap_clk  |  5.00 ns|  2.854 ns|     1.35 ns|
    +--------+---------+----------+------------+

+ Latency: 
    * Summary: 
    +---------+---------+----------+----------+-----+-----+-------------------+
    |  Latency (cycles) |  Latency (absolute) |  Interval |      Pipeline     |
    |   min   |   max   |    min   |    max   | min | max |        Type       |
    +---------+---------+----------+----------+-----+-----+-------------------+
    |     1538|     1538|  7.690 us|  7.690 us|    0|    0|  loop pipeline stp|
    +---------+---------+----------+----------+-----+-----+-------------------+

    + Detail: 
        * Instance: 
        N/A

        * Loop: 
        +-----------------------------------+---------+---------+----------+-----------+-----------+------+----------+
        |                                   |  Latency (cycles) | Iteration|  Initiation Interval  | Trip |          |
        |             Loop Name             |   min   |   max   |  Latency |  achieved |   target  | Count| Pipelined|
        +-----------------------------------+---------+---------+----------+-----------+-----------+------+----------+
        |- VITIS_LOOP_22_1_VITIS_LOOP_23_2  |     1536|     1536|         2|          1|          1|  1536|       yes|
        +-----------------------------------+---------+---------+----------+-----------+-----------+------+----------+

============================================================
+ Verbose Summary: Synthesis Manager
============================================================
InlineROM: 1
ExposeGlobal: 0
============================================================
+ Verbose Summary: CDFG Model
============================================================
IsTopModel: 0
ResetActiveHigh: 1
IsCombinational: 0
IsDatapathOnly: 0
HasWiredReturn: 1
HasMFsm: 2
HasVarLatency: 1
IsPipeline: 0
IsRtlPipelined: 0
IsInstanceOverlapped: 0
IsDontTouch: 0
HasImplIP: 0
IsGatedGlobalClock: 0

+ Individual pipeline summary: 
  * Pipeline-0: initiation interval (II) = 1, depth = 2


============================================================
+ Verbose Summary: Schedule
============================================================
* Number of FSM states : 2
* Pipeline : 1
  Pipeline-0 : II = 1, D = 2, States = { 1 2 }
* Dataflow Pipeline: 0

* FSM state transitions: 
1 --> 2 
2 --> 

* FSM state operations: 

State 1 <SV = 0> <Delay = 2.85>
ST_1 : Operation 5 [1/1] (0.00ns)   --->   "%column_9 = alloca i32 1" [../src/non_maximum_suppression.cpp:23->../src/canny_top.cpp:45->../src/canny_top.cpp:10]   --->   Operation 5 'alloca' 'column_9' <Predicate = true> <Delay = 0.00>
ST_1 : Operation 6 [1/1] (0.00ns)   --->   "%row = alloca i32 1" [../src/non_maximum_suppression.cpp:22->../src/canny_top.cpp:45->../src/canny_top.cpp:10]   --->   Operation 6 'alloca' 'row' <Predicate = true> <Delay = 0.00>
ST_1 : Operation 7 [1/1] (0.00ns)   --->   "%indvar_flatten13 = alloca i32 1"   --->   Operation 7 'alloca' 'indvar_flatten13' <Predicate = true> <Delay = 0.00>
ST_1 : Operation 8 [1/1] (0.42ns)   --->   "%store_ln0 = store i11 0, i11 %indvar_flatten13"   --->   Operation 8 'store' 'store_ln0' <Predicate = true> <Delay = 0.42>
ST_1 : Operation 9 [1/1] (0.42ns)   --->   "%store_ln22 = store i2 0, i2 %row" [../src/non_maximum_suppression.cpp:22->../src/canny_top.cpp:45->../src/canny_top.cpp:10]   --->   Operation 9 'store' 'store_ln22' <Predicate = true> <Delay = 0.42>
ST_1 : Operation 10 [1/1] (0.42ns)   --->   "%store_ln23 = store i10 0, i10 %column_9" [../src/non_maximum_suppression.cpp:23->../src/canny_top.cpp:45->../src/canny_top.cpp:10]   --->   Operation 10 'store' 'store_ln23' <Predicate = true> <Delay = 0.42>
ST_1 : Operation 11 [1/1] (0.00ns)   --->   "%br_ln0 = br void %for.inc.i13.i"   --->   Operation 11 'br' 'br_ln0' <Predicate = true> <Delay = 0.00>
ST_1 : Operation 12 [1/1] (0.00ns)   --->   "%indvar_flatten13_load = load i11 %indvar_flatten13" [../src/non_maximum_suppression.cpp:22->../src/canny_top.cpp:45->../src/canny_top.cpp:10]   --->   Operation 12 'load' 'indvar_flatten13_load' <Predicate = true> <Delay = 0.00>
ST_1 : Operation 13 [1/1] (0.79ns)   --->   "%icmp_ln22 = icmp_eq  i11 %indvar_flatten13_load, i11 1536" [../src/non_maximum_suppression.cpp:22->../src/canny_top.cpp:45->../src/canny_top.cpp:10]   --->   Operation 13 'icmp' 'icmp_ln22' <Predicate = true> <Delay = 0.79> <CoreInst = "Cmp">   --->   Core 9 'Cmp' <Latency = 0> <II = 1> <Delay = 0.79> <FuncUnit> <Opcode : 'seteq' 'setne' 'setle' 'setge' 'setlt' 'setgt'> <InPorts = 2> <OutPorts = 1>
ST_1 : Operation 14 [1/1] (0.79ns)   --->   "%add_ln22_4 = add i11 %indvar_flatten13_load, i11 1" [../src/non_maximum_suppression.cpp:22->../src/canny_top.cpp:45->../src/canny_top.cpp:10]   --->   Operation 14 'add' 'add_ln22_4' <Predicate = true> <Delay = 0.79> <CoreInst = "Adder">   --->   Core 1 'Adder' <Latency = 0> <II = 1> <Delay = 0.79> <FuncUnit> <Opcode : 'add' 'sub'> <InPorts = 2> <OutPorts = 1>
ST_1 : Operation 15 [1/1] (0.00ns)   --->   "%br_ln22 = br i1 %icmp_ln22, void %for.inc11.i.i, void %_Z29non_maximum_suppression_resetv.exit.i.exitStub" [../src/non_maximum_suppression.cpp:22->../src/canny_top.cpp:45->../src/canny_top.cpp:10]   --->   Operation 15 'br' 'br_ln22' <Predicate = true> <Delay = 0.00>
ST_1 : Operation 16 [1/1] (0.00ns)   --->   "%column_9_load = load i10 %column_9" [../src/non_maximum_suppression.cpp:23->../src/canny_top.cpp:45->../src/canny_top.cpp:10]   --->   Operation 16 'load' 'column_9_load' <Predicate = (!icmp_ln22)> <Delay = 0.00>
ST_1 : Operation 17 [1/1] (0.00ns)   --->   "%row_load = load i2 %row" [../src/non_maximum_suppression.cpp:22->../src/canny_top.cpp:45->../src/canny_top.cpp:10]   --->   Operation 17 'load' 'row_load' <Predicate = (!icmp_ln22)> <Delay = 0.00>
ST_1 : Operation 18 [1/1] (0.54ns)   --->   "%add_ln22 = add i2 %row_load, i2 1" [../src/non_maximum_suppression.cpp:22->../src/canny_top.cpp:45->../src/canny_top.cpp:10]   --->   Operation 18 'add' 'add_ln22' <Predicate = (!icmp_ln22)> <Delay = 0.54> <CoreInst = "Adder">   --->   Core 1 'Adder' <Latency = 0> <II = 1> <Delay = 0.54> <FuncUnit> <Opcode : 'add' 'sub'> <InPorts = 2> <OutPorts = 1>
ST_1 : Operation 19 [1/1] (0.00ns)   --->   "%specloopname_ln0 = specloopname void @_ssdm_op_SpecLoopName, void @VITIS_LOOP_22_1_VITIS_LOOP_23_2_str"   --->   Operation 19 'specloopname' 'specloopname_ln0' <Predicate = (!icmp_ln22)> <Delay = 0.00>
ST_1 : Operation 20 [1/1] (0.00ns)   --->   "%speclooptripcount_ln0 = speclooptripcount void @_ssdm_op_SpecLoopTripCount, i64 1536, i64 1536, i64 1536"   --->   Operation 20 'speclooptripcount' 'speclooptripcount_ln0' <Predicate = (!icmp_ln22)> <Delay = 0.00>
ST_1 : Operation 21 [1/1] (0.78ns)   --->   "%icmp_ln23 = icmp_eq  i10 %column_9_load, i10 512" [../src/non_maximum_suppression.cpp:23->../src/canny_top.cpp:45->../src/canny_top.cpp:10]   --->   Operation 21 'icmp' 'icmp_ln23' <Predicate = (!icmp_ln22)> <Delay = 0.78> <CoreInst = "Cmp">   --->   Core 9 'Cmp' <Latency = 0> <II = 1> <Delay = 0.78> <FuncUnit> <Opcode : 'seteq' 'setne' 'setle' 'setge' 'setlt' 'setgt'> <InPorts = 2> <OutPorts = 1>
ST_1 : Operation 22 [1/1] (0.40ns)   --->   "%select_ln22 = select i1 %icmp_ln23, i10 0, i10 %column_9_load" [../src/non_maximum_suppression.cpp:22->../src/canny_top.cpp:45->../src/canny_top.cpp:10]   --->   Operation 22 'select' 'select_ln22' <Predicate = (!icmp_ln22)> <Delay = 0.40> <CoreInst = "Sel">   --->   Core 73 'Sel' <Latency = 0> <II = 1> <Delay = 0.40> <FuncUnit> <Opcode : 'select'> <InPorts = 3> <OutPorts = 1>
ST_1 : Operation 23 [1/1] (0.17ns)   --->   "%select_ln22_4 = select i1 %icmp_ln23, i2 %add_ln22, i2 %row_load" [../src/non_maximum_suppression.cpp:22->../src/canny_top.cpp:45->../src/canny_top.cpp:10]   --->   Operation 23 'select' 'select_ln22_4' <Predicate = (!icmp_ln22)> <Delay = 0.17> <CoreInst = "Sel">   --->   Core 73 'Sel' <Latency = 0> <II = 1> <Delay = 0.17> <FuncUnit> <Opcode : 'select'> <InPorts = 3> <OutPorts = 1>
ST_1 : Operation 24 [1/1] (0.00ns)   --->   "%tmp_s = bitconcatenate i11 @_ssdm_op_BitConcatenate.i11.i2.i9, i2 %select_ln22_4, i9 0" [../src/non_maximum_suppression.cpp:25->../src/canny_top.cpp:45->../src/canny_top.cpp:10]   --->   Operation 24 'bitconcatenate' 'tmp_s' <Predicate = (!icmp_ln22)> <Delay = 0.00>
ST_1 : Operation 25 [1/1] (0.00ns)   --->   "%zext_ln25 = zext i10 %select_ln22" [../src/non_maximum_suppression.cpp:25->../src/canny_top.cpp:45->../src/canny_top.cpp:10]   --->   Operation 25 'zext' 'zext_ln25' <Predicate = (!icmp_ln22)> <Delay = 0.00>
ST_1 : Operation 26 [1/1] (0.79ns)   --->   "%add_ln25 = add i11 %tmp_s, i11 %zext_ln25" [../src/non_maximum_suppression.cpp:25->../src/canny_top.cpp:45->../src/canny_top.cpp:10]   --->   Operation 26 'add' 'add_ln25' <Predicate = (!icmp_ln22)> <Delay = 0.79> <CoreInst = "Adder">   --->   Core 1 'Adder' <Latency = 0> <II = 1> <Delay = 0.79> <FuncUnit> <Opcode : 'add' 'sub'> <InPorts = 2> <OutPorts = 1>
ST_1 : Operation 27 [1/1] (0.00ns)   --->   "%zext_ln25_1 = zext i11 %add_ln25" [../src/non_maximum_suppression.cpp:25->../src/canny_top.cpp:45->../src/canny_top.cpp:10]   --->   Operation 27 'zext' 'zext_ln25_1' <Predicate = (!icmp_ln22)> <Delay = 0.00>
ST_1 : Operation 28 [1/1] (0.00ns)   --->   "%p_anonymous_namespace_lineBuffer_direction_addr = getelementptr i2 %p_anonymous_namespace_lineBuffer_direction, i64 0, i64 %zext_ln25_1" [../src/non_maximum_suppression.cpp:25->../src/canny_top.cpp:45->../src/canny_top.cpp:10]   --->   Operation 28 'getelementptr' 'p_anonymous_namespace_lineBuffer_direction_addr' <Predicate = (!icmp_ln22)> <Delay = 0.00>
ST_1 : Operation 29 [1/1] (0.00ns)   --->   "%trunc_ln23 = trunc i10 %select_ln22" [../src/non_maximum_suppression.cpp:23->../src/canny_top.cpp:45->../src/canny_top.cpp:10]   --->   Operation 29 'trunc' 'trunc_ln23' <Predicate = (!icmp_ln22)> <Delay = 0.00>
ST_1 : Operation 30 [1/1] (0.00ns)   --->   "%specpipeline_ln23 = specpipeline void @_ssdm_op_SpecPipeline, i32 4294967295, i32 0, i32 0, i32 0, i32 4294967295, void @empty_22" [../src/non_maximum_suppression.cpp:23->../src/canny_top.cpp:45->../src/canny_top.cpp:10]   --->   Operation 30 'specpipeline' 'specpipeline_ln23' <Predicate = (!icmp_ln22)> <Delay = 0.00>
ST_1 : Operation 31 [1/1] (0.00ns)   --->   "%lshr_ln = partselect i8 @_ssdm_op_PartSelect.i8.i10.i32.i32, i10 %select_ln22, i32 1, i32 8" [../src/non_maximum_suppression.cpp:23->../src/canny_top.cpp:45->../src/canny_top.cpp:10]   --->   Operation 31 'partselect' 'lshr_ln' <Predicate = (!icmp_ln22)> <Delay = 0.00>
ST_1 : Operation 32 [1/1] (0.00ns)   --->   "%tmp_74 = bitconcatenate i10 @_ssdm_op_BitConcatenate.i10.i2.i8, i2 %select_ln22_4, i8 %lshr_ln" [../src/non_maximum_suppression.cpp:24->../src/canny_top.cpp:45->../src/canny_top.cpp:10]   --->   Operation 32 'bitconcatenate' 'tmp_74' <Predicate = (!icmp_ln22)> <Delay = 0.00>
ST_1 : Operation 33 [1/1] (0.00ns)   --->   "%zext_ln24 = zext i10 %tmp_74" [../src/non_maximum_suppression.cpp:24->../src/canny_top.cpp:45->../src/canny_top.cpp:10]   --->   Operation 33 'zext' 'zext_ln24' <Predicate = (!icmp_ln22)> <Delay = 0.00>
ST_1 : Operation 34 [1/1] (0.00ns)   --->   "%p_anonymous_namespace_lineBuffer_25_magnitude_0_addr = getelementptr i11 %p_anonymous_namespace_lineBuffer_25_magnitude_0, i64 0, i64 %zext_ln24" [../src/non_maximum_suppression.cpp:24->../src/canny_top.cpp:45->../src/canny_top.cpp:10]   --->   Operation 34 'getelementptr' 'p_anonymous_namespace_lineBuffer_25_magnitude_0_addr' <Predicate = (!icmp_ln22)> <Delay = 0.00>
ST_1 : Operation 35 [1/1] (0.00ns)   --->   "%p_anonymous_namespace_lineBuffer_25_magnitude_1_addr = getelementptr i11 %p_anonymous_namespace_lineBuffer_25_magnitude_1, i64 0, i64 %zext_ln24" [../src/non_maximum_suppression.cpp:24->../src/canny_top.cpp:45->../src/canny_top.cpp:10]   --->   Operation 35 'getelementptr' 'p_anonymous_namespace_lineBuffer_25_magnitude_1_addr' <Predicate = (!icmp_ln22)> <Delay = 0.00>
ST_1 : Operation 36 [1/1] (0.00ns)   --->   "%br_ln24 = br i1 %trunc_ln23, void %magnitude2.i.i.case.0, void %magnitude2.i.i.case.1" [../src/non_maximum_suppression.cpp:24->../src/canny_top.cpp:45->../src/canny_top.cpp:10]   --->   Operation 36 'br' 'br_ln24' <Predicate = (!icmp_ln22)> <Delay = 0.00>
ST_1 : Operation 37 [1/1] ( I:1.23ns O:1.23ns )   --->   "%store_ln24 = store i11 0, i10 %p_anonymous_namespace_lineBuffer_25_magnitude_0_addr" [../src/non_maximum_suppression.cpp:24->../src/canny_top.cpp:45->../src/canny_top.cpp:10]   --->   Operation 37 'store' 'store_ln24' <Predicate = (!icmp_ln22 & !trunc_ln23)> <Delay = 1.23> <CoreInst = "RAM">   --->   Core 82 'RAM' <Latency = 1> <II = 1> <Delay = 1.23> <Storage> <Opcode : 'load' 'store'> <Ports = 2> <Width = 11> <Depth = 768> <RAM>
ST_1 : Operation 38 [1/1] (0.00ns)   --->   "%br_ln24 = br void %magnitude2.i.i.exit" [../src/non_maximum_suppression.cpp:24->../src/canny_top.cpp:45->../src/canny_top.cpp:10]   --->   Operation 38 'br' 'br_ln24' <Predicate = (!icmp_ln22 & !trunc_ln23)> <Delay = 0.00>
ST_1 : Operation 39 [1/1] ( I:1.23ns O:1.23ns )   --->   "%store_ln24 = store i11 0, i10 %p_anonymous_namespace_lineBuffer_25_magnitude_1_addr" [../src/non_maximum_suppression.cpp:24->../src/canny_top.cpp:45->../src/canny_top.cpp:10]   --->   Operation 39 'store' 'store_ln24' <Predicate = (!icmp_ln22 & trunc_ln23)> <Delay = 1.23> <CoreInst = "RAM">   --->   Core 82 'RAM' <Latency = 1> <II = 1> <Delay = 1.23> <Storage> <Opcode : 'load' 'store'> <Ports = 2> <Width = 11> <Depth = 768> <RAM>
ST_1 : Operation 40 [1/1] (0.00ns)   --->   "%br_ln24 = br void %magnitude2.i.i.exit" [../src/non_maximum_suppression.cpp:24->../src/canny_top.cpp:45->../src/canny_top.cpp:10]   --->   Operation 40 'br' 'br_ln24' <Predicate = (!icmp_ln22 & trunc_ln23)> <Delay = 0.00>
ST_1 : Operation 41 [1/1] (0.78ns)   --->   "%add_ln23 = add i10 %select_ln22, i10 1" [../src/non_maximum_suppression.cpp:23->../src/canny_top.cpp:45->../src/canny_top.cpp:10]   --->   Operation 41 'add' 'add_ln23' <Predicate = (!icmp_ln22)> <Delay = 0.78> <CoreInst = "Adder">   --->   Core 1 'Adder' <Latency = 0> <II = 1> <Delay = 0.78> <FuncUnit> <Opcode : 'add' 'sub'> <InPorts = 2> <OutPorts = 1>
ST_1 : Operation 42 [1/1] (0.42ns)   --->   "%store_ln22 = store i11 %add_ln22_4, i11 %indvar_flatten13" [../src/non_maximum_suppression.cpp:22->../src/canny_top.cpp:45->../src/canny_top.cpp:10]   --->   Operation 42 'store' 'store_ln22' <Predicate = (!icmp_ln22)> <Delay = 0.42>
ST_1 : Operation 43 [1/1] (0.42ns)   --->   "%store_ln22 = store i2 %select_ln22_4, i2 %row" [../src/non_maximum_suppression.cpp:22->../src/canny_top.cpp:45->../src/canny_top.cpp:10]   --->   Operation 43 'store' 'store_ln22' <Predicate = (!icmp_ln22)> <Delay = 0.42>
ST_1 : Operation 44 [1/1] (0.42ns)   --->   "%store_ln23 = store i10 %add_ln23, i10 %column_9" [../src/non_maximum_suppression.cpp:23->../src/canny_top.cpp:45->../src/canny_top.cpp:10]   --->   Operation 44 'store' 'store_ln23' <Predicate = (!icmp_ln22)> <Delay = 0.42>
ST_1 : Operation 47 [1/1] (0.42ns)   --->   "%ret_ln0 = ret"   --->   Operation 47 'ret' 'ret_ln0' <Predicate = (icmp_ln22)> <Delay = 0.42>

State 2 <SV = 1> <Delay = 1.23>
ST_2 : Operation 45 [1/1] ( I:1.23ns O:1.23ns )   --->   "%store_ln25 = store i2 0, i11 %p_anonymous_namespace_lineBuffer_direction_addr" [../src/non_maximum_suppression.cpp:25->../src/canny_top.cpp:45->../src/canny_top.cpp:10]   --->   Operation 45 'store' 'store_ln25' <Predicate = true> <Delay = 1.23> <CoreInst = "RAM">   --->   Core 82 'RAM' <Latency = 1> <II = 1> <Delay = 1.23> <Storage> <Opcode : 'load' 'store'> <Ports = 2> <Width = 2> <Depth = 1536> <RAM>
ST_2 : Operation 46 [1/1] (0.00ns)   --->   "%br_ln23 = br void %for.inc.i13.i" [../src/non_maximum_suppression.cpp:23->../src/canny_top.cpp:45->../src/canny_top.cpp:10]   --->   Operation 46 'br' 'br_ln23' <Predicate = true> <Delay = 0.00>


============================================================
+ Verbose Summary: Timing violations
============================================================
Target clock period: 5.000ns, clock uncertainty: 1.350ns.

 <State 1>: 2.854ns
The critical path consists of the following:
	'store' operation ('store_ln23', ../src/non_maximum_suppression.cpp:23->../src/canny_top.cpp:45->../src/canny_top.cpp:10) of constant 0 10 bit on local variable 'column', ../src/non_maximum_suppression.cpp:23->../src/canny_top.cpp:45->../src/canny_top.cpp:10 [9]  (0.427 ns)
	'load' operation 10 bit ('column_9_load', ../src/non_maximum_suppression.cpp:23->../src/canny_top.cpp:45->../src/canny_top.cpp:10) on local variable 'column', ../src/non_maximum_suppression.cpp:23->../src/canny_top.cpp:45->../src/canny_top.cpp:10 [17]  (0.000 ns)
	'icmp' operation 1 bit ('icmp_ln23', ../src/non_maximum_suppression.cpp:23->../src/canny_top.cpp:45->../src/canny_top.cpp:10) [22]  (0.787 ns)
	'select' operation 10 bit ('select_ln22', ../src/non_maximum_suppression.cpp:22->../src/canny_top.cpp:45->../src/canny_top.cpp:10) [23]  (0.403 ns)
	'store' operation ('store_ln24', ../src/non_maximum_suppression.cpp:24->../src/canny_top.cpp:45->../src/canny_top.cpp:10) of constant 0 11 bit on array 'p_anonymous_namespace_lineBuffer_25_magnitude_0' [39]  (1.237 ns)

 <State 2>: 1.237ns
The critical path consists of the following:
	'store' operation ('store_ln25', ../src/non_maximum_suppression.cpp:25->../src/canny_top.cpp:45->../src/canny_top.cpp:10) of constant 0 2 bit on array 'p_anonymous_namespace_lineBuffer_direction' [45]  (1.237 ns)


============================================================
+ Verbose Summary: Binding
============================================================
N/A
* FSMD analyzer results:
  - Output states:
 - Input state : 
  - Chain level:
	State 1
	State 2


============================================================
+ Verbose Summary: Datapath Resource usage 
============================================================
N/A
