

================================================================
== Vitis HLS Report for 'dataflow_in_loop_VITIS_LOOP_12_1_1_Block_newFuncRoot_proc'
================================================================
* Date:           Sat Jul 25 12:05:01 2026

* Version:        2025.2 (Build 6295257 on Nov 14 2025)
* Project:        canny_top
* Solution:       hls (Vitis Kernel Flow Target)
* Product family: zynquplus
* Target device:  xck26-sfvc784-2LV-c


================================================================
== Performance Estimates
================================================================
+ Timing: 
    * Summary: 
    +--------+---------+----------+------------+
    |  Clock |  Target | Estimated| Uncertainty|
    +--------+---------+----------+------------+
    |ap_clk  |  5.00 ns|  0.360 ns|     1.35 ns|
    +--------+---------+----------+------------+

+ Latency: 
    * Summary: 
    +---------+---------+----------+----------+-----+-----+---------+
    |  Latency (cycles) |  Latency (absolute) |  Interval | Pipeline|
    |   min   |   max   |    min   |    max   | min | max |   Type  |
    +---------+---------+----------+----------+-----+-----+---------+
    |        0|        0|      0 ns|      0 ns|    0|    0|       no|
    +---------+---------+----------+----------+-----+-----+---------+

    + Detail: 
        * Instance: 
        N/A

        * Loop: 
        N/A

============================================================
+ Verbose Summary: Synthesis Manager
============================================================
InlineROM: 1
ExposeGlobal: 0
============================================================
+ Verbose Summary: CDFG Model
============================================================
IsTopModel: 0
ResetActiveHigh: 1
IsCombinational: 2
IsDatapathOnly: 0
HasWiredReturn: 1
HasMFsm: 0
HasVarLatency: 0
IsPipeline: 0
IsRtlPipelined: 0
IsInstanceOverlapped: 0
IsDontTouch: 0
HasImplIP: 0
IsGatedGlobalClock: 0


============================================================
+ Verbose Summary: Schedule
============================================================
* Number of FSM states : 1
* Pipeline : 0
* Dataflow Pipeline: 0

* FSM state transitions: 
1 --> 

* FSM state operations: 

State 1 <SV = 0> <Delay = 0.36>
ST_1 : Operation 2 [1/1] (0.00ns)   --->   "%i_0_read = read i10 @_ssdm_op_Read.ap_auto.i10, i10 %i_0" [../src/canny_top.cpp:26]   --->   Operation 2 'read' 'i_0_read' <Predicate = true> <Delay = 0.00>
ST_1 : Operation 3 [1/1] (0.00ns)   --->   "%trunc_ln26 = trunc i10 %i_0_read" [../src/canny_top.cpp:26]   --->   Operation 3 'trunc' 'trunc_ln26' <Predicate = (!tmp)> <Delay = 0.00>
ST_1 : Operation 4 [1/1] (0.00ns)   --->   "%shl_ln = bitconcatenate i18 @_ssdm_op_BitConcatenate.i18.i9.i9, i9 %trunc_ln26, i9 0" [../src/canny_top.cpp:26]   --->   Operation 4 'bitconcatenate' 'shl_ln' <Predicate = (!tmp)> <Delay = 0.00>
ST_1 : Operation 5 [1/1] (0.00ns)   --->   "%tmp = bitselect i1 @_ssdm_op_BitSelect.i1.i10.i32, i10 %i_0_read, i32 9" [../src/canny_top.cpp:26]   --->   Operation 5 'bitselect' 'tmp' <Predicate = true> <Delay = 0.00>
ST_1 : Operation 6 [1/1] (0.36ns)   --->   "%select_ln26 = select i1 %tmp, i18 0, i18 %shl_ln" [../src/canny_top.cpp:26]   --->   Operation 6 'select' 'select_ln26' <Predicate = true> <Delay = 0.36> <CoreInst = "Sel">   --->   Core 73 'Sel' <Latency = 0> <II = 1> <Delay = 0.36> <FuncUnit> <Opcode : 'select'> <InPorts = 3> <OutPorts = 1>
ST_1 : Operation 7 [1/1] (0.00ns)   --->   "%ret_ln26 = ret i18 %select_ln26" [../src/canny_top.cpp:26]   --->   Operation 7 'ret' 'ret_ln26' <Predicate = true> <Delay = 0.00>


============================================================
+ Verbose Summary: Timing violations
============================================================
Target clock period: 5.000ns, clock uncertainty: 1.350ns.

 <State 1>: 0.360ns
The critical path consists of the following:
	wire read operation ('i_0_read', ../src/canny_top.cpp:26) on port 'i_0' (../src/canny_top.cpp:26) [2]  (0.000 ns)
	'select' operation 18 bit ('select_ln26', ../src/canny_top.cpp:26) [6]  (0.360 ns)


============================================================
+ Verbose Summary: Binding
============================================================
N/A
* FSMD analyzer results:
  - Output states:
 - Input state : 
  - Chain level:
	State 1


============================================================
+ Verbose Summary: Datapath Resource usage 
============================================================
N/A
