

================================================================
== Vitis HLS Report for 'dataflow_parent_loop_proc'
================================================================
* Date:           Wed Jul 29 23:33:18 2026

* Version:        2025.2 (Build 6295257 on Nov 14 2025)
* Project:        canny_top
* Solution:       hls (Vitis Kernel Flow Target)
* Product family: zynquplus
* Target device:  xck26-sfvc784-2LV-c


================================================================
== Performance Estimates
================================================================
+ Timing: 
    * Summary: 
    +--------+---------+----------+------------+
    |  Clock |  Target | Estimated| Uncertainty|
    +--------+---------+----------+------------+
    |ap_clk  |  5.00 ns|  3.650 ns|     1.35 ns|
    +--------+---------+----------+------------+

+ Latency: 
    * Summary: 
    +---------+---------+----------+----------+--------+--------+---------+
    |  Latency (cycles) |  Latency (absolute) |     Interval    | Pipeline|
    |   min   |   max   |    min   |    max   |   min  |   max  |   Type  |
    +---------+---------+----------+----------+--------+--------+---------+
    |   840891|   849143|  4.204 ms|  4.246 ms|  840891|  849143|       no|
    +---------+---------+----------+----------+--------+--------+---------+

    + Detail: 
        * Instance: 
        +-----------------------------------------------+------------------------------------+---------+---------+-----------+-----------+------+------+----------+
        |                                               |                                    |  Latency (cycles) |   Latency (absolute)  |   Interval  | Pipeline |
        |                    Instance                   |               Module               |   min   |   max   |    min    |    max    |  min |  max |   Type   |
        +-----------------------------------------------+------------------------------------+---------+---------+-----------+-----------+------+------+----------+
        |grp_dataflow_in_loop_VITIS_LOOP_12_1_1_fu_146  |dataflow_in_loop_VITIS_LOOP_12_1_1  |     2185|    10437|  10.925 us|  52.185 us|  1616|  1616|  dataflow|
        +-----------------------------------------------+------------------------------------+---------+---------+-----------+-----------+------+------+----------+

        * Loop: 
        +-------------------+---------+---------+--------------+-----------+-----------+------+----------+
        |                   |  Latency (cycles) |   Iteration  |  Initiation Interval  | Trip |          |
        |     Loop Name     |   min   |   max   |    Latency   |  achieved |   target  | Count| Pipelined|
        +-------------------+---------+---------+--------------+-----------+-----------+------+----------+
        |- VITIS_LOOP_12_1  |   840890|   849142|  2187 ~ 10439|          -|          -|   520|        no|
        +-------------------+---------+---------+--------------+-----------+-----------+------+----------+

============================================================
+ Verbose Summary: Synthesis Manager
============================================================
InlineROM: 1
ExposeGlobal: 0
============================================================
+ Verbose Summary: CDFG Model
============================================================
IsTopModel: 0
ResetActiveHigh: 1
IsCombinational: 2
IsDatapathOnly: 0
HasWiredReturn: 1
HasMFsm: 0
HasVarLatency: 1
IsPipeline: 0
IsRtlPipelined: 0
IsInstanceOverlapped: 0
IsDontTouch: 0
HasImplIP: 0
IsGatedGlobalClock: 0


============================================================
+ Verbose Summary: Schedule
============================================================
* Number of FSM states : 3
* Pipeline : 0
* Dataflow Pipeline: 1
  DF-Pipeline-0: Size = 2, States = { 2 3 }

* FSM state transitions: 
1 --> 2 
2 --> 3 
3 --> 2 

* FSM state operations: 

State 1 <SV = 0> <Delay = 0.42>
ST_1 : Operation 4 [1/1] (0.00ns)   --->   "%specstablecontent_ln0 = specstablecontent void @_ssdm_op_SpecStableContent, i64 %out_r, i1 1, void @p_str"   --->   Operation 4 'specstablecontent' 'specstablecontent_ln0' <Predicate = true> <Delay = 0.00>
ST_1 : Operation 5 [1/1] (0.00ns)   --->   "%specstablecontent_ln0 = specstablecontent void @_ssdm_op_SpecStableContent, i64 %in_r, i1 1, void @p_str"   --->   Operation 5 'specstablecontent' 'specstablecontent_ln0' <Predicate = true> <Delay = 0.00>
ST_1 : Operation 6 [1/1] (0.00ns)   --->   "%specinterface_ln0 = specinterface void @_ssdm_op_SpecInterface, i512 %gmem, void @empty_17, i32 0, i32 0, void @empty_14, i32 64, i32 0, void @empty_21, void @empty_13, void @empty_14, i32 16, i32 16, i32 16, i32 16, void @empty_14, void @empty_14, i32 4294967295, i32 0, i32 0, i32 64"   --->   Operation 6 'specinterface' 'specinterface_ln0' <Predicate = true> <Delay = 0.00>
ST_1 : Operation 7 [1/1] (0.00ns)   --->   "%out_r_read = read i64 @_ssdm_op_Read.ap_auto.i64, i64 %out_r"   --->   Operation 7 'read' 'out_r_read' <Predicate = true> <Delay = 0.00>
ST_1 : Operation 8 [1/1] (0.00ns)   --->   "%in_r_read = read i64 @_ssdm_op_Read.ap_auto.i64, i64 %in_r"   --->   Operation 8 'read' 'in_r_read' <Predicate = true> <Delay = 0.00>
ST_1 : Operation 9 [1/1] (0.42ns)   --->   "%br_ln0 = br void %for.cond"   --->   Operation 9 'br' 'br_ln0' <Predicate = true> <Delay = 0.42>

State 2 <SV = 1> <Delay = 2.95>
ST_2 : Operation 10 [1/1] (0.00ns)   --->   "%i = phi i10 0, void %newFuncRoot, i10 %add_ln12, void %codeRepl" [../src/canny_top.cpp:12]   --->   Operation 10 'phi' 'i' <Predicate = true> <Delay = 0.00>
ST_2 : Operation 11 [1/1] (0.78ns)   --->   "%icmp_ln12 = icmp_eq  i10 %i, i10 520" [../src/canny_top.cpp:12]   --->   Operation 11 'icmp' 'icmp_ln12' <Predicate = true> <Delay = 0.78> <CoreInst = "Cmp">   --->   Core 9 'Cmp' <Latency = 0> <II = 1> <Delay = 0.78> <FuncUnit> <Opcode : 'seteq' 'setne' 'setle' 'setge' 'setlt' 'setgt'> <InPorts = 2> <OutPorts = 1>
ST_2 : Operation 12 [1/1] (0.78ns)   --->   "%add_ln12 = add i10 %i, i10 1" [../src/canny_top.cpp:12]   --->   Operation 12 'add' 'add_ln12' <Predicate = true> <Delay = 0.78> <CoreInst = "Adder">   --->   Core 1 'Adder' <Latency = 0> <II = 1> <Delay = 0.78> <FuncUnit> <Opcode : 'add' 'sub'> <InPorts = 2> <OutPorts = 1>
ST_2 : Operation 13 [1/1] (0.00ns)   --->   "%specdataflowpipeline_ln12 = specdataflowpipeline void @_ssdm_op_SpecDataflowPipeline, i32 4294967295, i32 0, void @dataflow_parent_loop_str, i10 %i, i10 520, i32 0, i10 0, i10 1, i32 1" [../src/canny_top.cpp:12]   --->   Operation 13 'specdataflowpipeline' 'specdataflowpipeline_ln12' <Predicate = true> <Delay = 0.00>
ST_2 : Operation 14 [1/1] (0.00ns)   --->   "%br_ln12 = br i1 %icmp_ln12, void %codeRepl, void %for.end.exitStub" [../src/canny_top.cpp:12]   --->   Operation 14 'br' 'br_ln12' <Predicate = true> <Delay = 0.00>
ST_2 : Operation 15 [2/2] (2.17ns)   --->   "%call_ln24 = call void @dataflow_in_loop_VITIS_LOOP_12_1.1, i10 %i, i512 %gmem, i64 %in_r_read, i64 %out_r_read, i32 %p_anonymous_namespace_rowsReceived_1, i12 %p_anonymous_namespace_lineBuffer_39_0, i12 %p_anonymous_namespace_lineBuffer_39_1, i12 %p_anonymous_namespace_lineBuffer_39_2, i12 %p_anonymous_namespace_lineBuffer_39_3, i12 %p_anonymous_namespace_lineBuffer_39_4, i32 %p_anonymous_namespace_rowsReceived_2, i8 %p_anonymous_namespace_lineBuffer_32_0, i8 %p_anonymous_namespace_lineBuffer_32_1, i8 %p_anonymous_namespace_lineBuffer_32_2, i32 %p_anonymous_namespace_rowsReceived, i11 %p_anonymous_namespace_lineBuffer_magnitude_0, i2 %p_anonymous_namespace_lineBuffer_direction_0, i11 %p_anonymous_namespace_lineBuffer_magnitude_1, i2 %p_anonymous_namespace_lineBuffer_direction_1, i11 %p_anonymous_namespace_lineBuffer_magnitude_2, i2 %p_anonymous_namespace_lineBuffer_direction_2, i32 %p_anonymous_namespace_rowsReceived_1_s, i8 %p_ZN12_GLOBAL_N_110lineBufferILi1EEE_0, i8 %p_ZN12_GLOBAL_N_110lineBufferILi1EEE_1, i8 %p_ZN12_GLOBAL_N_110lineBufferILi1EEE_2, i32 %p_anonymous_namespace_rowsReceived_2_s, i8 %p_ZN12_GLOBAL_N_110lineBufferILi2EEE_0, i8 %p_ZN12_GLOBAL_N_110lineBufferILi2EEE_1, i8 %p_ZN12_GLOBAL_N_110lineBufferILi2EEE_2, i32 %p_anonymous_namespace_rowsReceived_3_s, i8 %p_ZN12_GLOBAL_N_110lineBufferILi3EEE_0, i8 %p_ZN12_GLOBAL_N_110lineBufferILi3EEE_1, i8 %p_ZN12_GLOBAL_N_110lineBufferILi3EEE_2, i32 %p_anonymous_namespace_rowsReceived_4_s, i8 %p_ZN12_GLOBAL_N_110lineBufferILi4EEE_0, i8 %p_ZN12_GLOBAL_N_110lineBufferILi4EEE_1, i8 %p_ZN12_GLOBAL_N_110lineBufferILi4EEE_2, i32 %rowsReceived" [../src/canny_top.cpp:24]   --->   Operation 15 'call' 'call_ln24' <Predicate = (!icmp_ln12)> <Delay = 2.17> <CoreType = "Generic">   --->   Generic Core
ST_2 : Operation 16 [1/1] (0.00ns)   --->   "%ret_ln0 = ret"   --->   Operation 16 'ret' 'ret_ln0' <Predicate = (icmp_ln12)> <Delay = 0.00>

State 3 <SV = 2> <Delay = 0.00>
ST_3 : Operation 17 [1/1] (0.00ns)   --->   "%speclooptripcount_ln24 = speclooptripcount void @_ssdm_op_SpecLoopTripCount, i64 520, i64 520, i64 520" [../src/canny_top.cpp:24]   --->   Operation 17 'speclooptripcount' 'speclooptripcount_ln24' <Predicate = (!icmp_ln12)> <Delay = 0.00>
ST_3 : Operation 18 [1/1] (0.00ns)   --->   "%specloopname_ln12 = specloopname void @_ssdm_op_SpecLoopName, void @empty" [../src/canny_top.cpp:12]   --->   Operation 18 'specloopname' 'specloopname_ln12' <Predicate = (!icmp_ln12)> <Delay = 0.00>
ST_3 : Operation 19 [1/2] (0.00ns)   --->   "%call_ln24 = call void @dataflow_in_loop_VITIS_LOOP_12_1.1, i10 %i, i512 %gmem, i64 %in_r_read, i64 %out_r_read, i32 %p_anonymous_namespace_rowsReceived_1, i12 %p_anonymous_namespace_lineBuffer_39_0, i12 %p_anonymous_namespace_lineBuffer_39_1, i12 %p_anonymous_namespace_lineBuffer_39_2, i12 %p_anonymous_namespace_lineBuffer_39_3, i12 %p_anonymous_namespace_lineBuffer_39_4, i32 %p_anonymous_namespace_rowsReceived_2, i8 %p_anonymous_namespace_lineBuffer_32_0, i8 %p_anonymous_namespace_lineBuffer_32_1, i8 %p_anonymous_namespace_lineBuffer_32_2, i32 %p_anonymous_namespace_rowsReceived, i11 %p_anonymous_namespace_lineBuffer_magnitude_0, i2 %p_anonymous_namespace_lineBuffer_direction_0, i11 %p_anonymous_namespace_lineBuffer_magnitude_1, i2 %p_anonymous_namespace_lineBuffer_direction_1, i11 %p_anonymous_namespace_lineBuffer_magnitude_2, i2 %p_anonymous_namespace_lineBuffer_direction_2, i32 %p_anonymous_namespace_rowsReceived_1_s, i8 %p_ZN12_GLOBAL_N_110lineBufferILi1EEE_0, i8 %p_ZN12_GLOBAL_N_110lineBufferILi1EEE_1, i8 %p_ZN12_GLOBAL_N_110lineBufferILi1EEE_2, i32 %p_anonymous_namespace_rowsReceived_2_s, i8 %p_ZN12_GLOBAL_N_110lineBufferILi2EEE_0, i8 %p_ZN12_GLOBAL_N_110lineBufferILi2EEE_1, i8 %p_ZN12_GLOBAL_N_110lineBufferILi2EEE_2, i32 %p_anonymous_namespace_rowsReceived_3_s, i8 %p_ZN12_GLOBAL_N_110lineBufferILi3EEE_0, i8 %p_ZN12_GLOBAL_N_110lineBufferILi3EEE_1, i8 %p_ZN12_GLOBAL_N_110lineBufferILi3EEE_2, i32 %p_anonymous_namespace_rowsReceived_4_s, i8 %p_ZN12_GLOBAL_N_110lineBufferILi4EEE_0, i8 %p_ZN12_GLOBAL_N_110lineBufferILi4EEE_1, i8 %p_ZN12_GLOBAL_N_110lineBufferILi4EEE_2, i32 %rowsReceived" [../src/canny_top.cpp:24]   --->   Operation 19 'call' 'call_ln24' <Predicate = (!icmp_ln12)> <Delay = 0.00> <CoreType = "Generic">   --->   Generic Core
ST_3 : Operation 20 [1/1] (0.00ns)   --->   "%br_ln12 = br void %for.cond" [../src/canny_top.cpp:12]   --->   Operation 20 'br' 'br_ln12' <Predicate = (!icmp_ln12)> <Delay = 0.00>


============================================================
+ Verbose Summary: Binding
============================================================
STG Binding: 
---------------- STG Properties BEGIN ----------------
- Is combinational: 0
- Is one-state seq: 0
- Is datapath-only: 0
- Is pipelined: 0
- Is top level: 0
Port [ Return ] is wired: 1; IO mode=ap_ctrl_hs:ce=0
Port [ gmem]:  wired=1; compound=1; hidden=0; nouse=0; global=0; static=0; extern=0; dir=2; type=4; pingpong=0; private_global=0; IO mode=m_axi:ce=0
Port [ in_r]:  wired=1; compound=0; hidden=0; nouse=0; global=0; static=0; extern=0; dir=0; type=0; pingpong=0; private_global=0; IO mode=ap_none:ce=0
Port [ out_r]:  wired=1; compound=0; hidden=0; nouse=0; global=0; static=0; extern=0; dir=0; type=0; pingpong=0; private_global=0; IO mode=ap_none:ce=0
Port [ p_anonymous_namespace_rowsReceived_1]:  wired=1; compound=0; hidden=0; nouse=0; global=1; static=1; extern=0; dir=2; type=0; pingpong=0; private_global=0; IO mode=ap_ovld:ce=0
Port [ p_anonymous_namespace_lineBuffer_39_0]:  wired=1; compound=1; hidden=0; nouse=0; global=1; static=1; extern=0; dir=2; type=1; pingpong=0; private_global=0; MemPort=[23]; IO mode=ap_memory:ce=0
Port [ p_anonymous_namespace_lineBuffer_39_1]:  wired=1; compound=1; hidden=0; nouse=0; global=1; static=1; extern=0; dir=2; type=1; pingpong=0; private_global=0; MemPort=[23]; IO mode=ap_memory:ce=0
Port [ p_anonymous_namespace_lineBuffer_39_2]:  wired=1; compound=1; hidden=0; nouse=0; global=1; static=1; extern=0; dir=2; type=1; pingpong=0; private_global=0; MemPort=[23]; IO mode=ap_memory:ce=0
Port [ p_anonymous_namespace_lineBuffer_39_3]:  wired=1; compound=1; hidden=0; nouse=0; global=1; static=1; extern=0; dir=2; type=1; pingpong=0; private_global=0; MemPort=[23]; IO mode=ap_memory:ce=0
Port [ p_anonymous_namespace_lineBuffer_39_4]:  wired=1; compound=1; hidden=0; nouse=0; global=1; static=1; extern=0; dir=2; type=1; pingpong=0; private_global=0; MemPort=[23]; IO mode=ap_memory:ce=0
Port [ p_anonymous_namespace_rowsReceived_2]:  wired=1; compound=0; hidden=0; nouse=0; global=1; static=1; extern=0; dir=2; type=0; pingpong=0; private_global=0; IO mode=ap_ovld:ce=0
Port [ p_anonymous_namespace_lineBuffer_32_0]:  wired=1; compound=1; hidden=0; nouse=0; global=1; static=1; extern=0; dir=2; type=1; pingpong=0; private_global=0; MemPort=[21]; IO mode=ap_memory:ce=0
Port [ p_anonymous_namespace_lineBuffer_32_1]:  wired=1; compound=1; hidden=0; nouse=0; global=1; static=1; extern=0; dir=2; type=1; pingpong=0; private_global=0; MemPort=[21]; IO mode=ap_memory:ce=0
Port [ p_anonymous_namespace_lineBuffer_32_2]:  wired=1; compound=1; hidden=0; nouse=0; global=1; static=1; extern=0; dir=2; type=1; pingpong=0; private_global=0; MemPort=[21]; IO mode=ap_memory:ce=0
Port [ p_anonymous_namespace_rowsReceived]:  wired=1; compound=0; hidden=0; nouse=0; global=1; static=1; extern=0; dir=2; type=0; pingpong=0; private_global=0; IO mode=ap_ovld:ce=0
Port [ p_anonymous_namespace_lineBuffer_magnitude_0]:  wired=1; compound=1; hidden=0; nouse=0; global=1; static=1; extern=0; dir=2; type=1; pingpong=0; private_global=0; MemPort=[21]; IO mode=ap_memory:ce=0
Port [ p_anonymous_namespace_lineBuffer_direction_0]:  wired=1; compound=1; hidden=0; nouse=0; global=1; static=1; extern=0; dir=2; type=1; pingpong=0; private_global=0; MemPort=[21]; IO mode=ap_memory:ce=0
Port [ p_anonymous_namespace_lineBuffer_magnitude_1]:  wired=1; compound=1; hidden=0; nouse=0; global=1; static=1; extern=0; dir=2; type=1; pingpong=0; private_global=0; MemPort=[21]; IO mode=ap_memory:ce=0
Port [ p_anonymous_namespace_lineBuffer_direction_1]:  wired=1; compound=1; hidden=0; nouse=0; global=1; static=1; extern=0; dir=2; type=1; pingpong=0; private_global=0; MemPort=[21]; IO mode=ap_memory:ce=0
Port [ p_anonymous_namespace_lineBuffer_magnitude_2]:  wired=1; compound=1; hidden=0; nouse=0; global=1; static=1; extern=0; dir=2; type=1; pingpong=0; private_global=0; MemPort=[21]; IO mode=ap_memory:ce=0
Port [ p_anonymous_namespace_lineBuffer_direction_2]:  wired=1; compound=1; hidden=0; nouse=0; global=1; static=1; extern=0; dir=2; type=1; pingpong=0; private_global=0; MemPort=[21]; IO mode=ap_memory:ce=0
Port [ p_anonymous_namespace_rowsReceived_1_s]:  wired=1; compound=0; hidden=0; nouse=0; global=1; static=1; extern=0; dir=2; type=0; pingpong=0; private_global=0; IO mode=ap_ovld:ce=0
Port [ p_ZN12_GLOBAL_N_110lineBufferILi1EEE_0]:  wired=1; compound=1; hidden=0; nouse=0; global=1; static=1; extern=0; dir=2; type=1; pingpong=0; private_global=0; MemPort=[21]; IO mode=ap_memory:ce=0
Port [ p_ZN12_GLOBAL_N_110lineBufferILi1EEE_1]:  wired=1; compound=1; hidden=0; nouse=0; global=1; static=1; extern=0; dir=2; type=1; pingpong=0; private_global=0; MemPort=[21]; IO mode=ap_memory:ce=0
Port [ p_ZN12_GLOBAL_N_110lineBufferILi1EEE_2]:  wired=1; compound=1; hidden=0; nouse=0; global=1; static=1; extern=0; dir=2; type=1; pingpong=0; private_global=0; MemPort=[21]; IO mode=ap_memory:ce=0
Port [ p_anonymous_namespace_rowsReceived_2_s]:  wired=1; compound=0; hidden=0; nouse=0; global=1; static=1; extern=0; dir=2; type=0; pingpong=0; private_global=0; IO mode=ap_ovld:ce=0
Port [ p_ZN12_GLOBAL_N_110lineBufferILi2EEE_0]:  wired=1; compound=1; hidden=0; nouse=0; global=1; static=1; extern=0; dir=2; type=1; pingpong=0; private_global=0; MemPort=[21]; IO mode=ap_memory:ce=0
Port [ p_ZN12_GLOBAL_N_110lineBufferILi2EEE_1]:  wired=1; compound=1; hidden=0; nouse=0; global=1; static=1; extern=0; dir=2; type=1; pingpong=0; private_global=0; MemPort=[21]; IO mode=ap_memory:ce=0
Port [ p_ZN12_GLOBAL_N_110lineBufferILi2EEE_2]:  wired=1; compound=1; hidden=0; nouse=0; global=1; static=1; extern=0; dir=2; type=1; pingpong=0; private_global=0; MemPort=[21]; IO mode=ap_memory:ce=0
Port [ p_anonymous_namespace_rowsReceived_3_s]:  wired=1; compound=0; hidden=0; nouse=0; global=1; static=1; extern=0; dir=2; type=0; pingpong=0; private_global=0; IO mode=ap_ovld:ce=0
Port [ p_ZN12_GLOBAL_N_110lineBufferILi3EEE_0]:  wired=1; compound=1; hidden=0; nouse=0; global=1; static=1; extern=0; dir=2; type=1; pingpong=0; private_global=0; MemPort=[21]; IO mode=ap_memory:ce=0
Port [ p_ZN12_GLOBAL_N_110lineBufferILi3EEE_1]:  wired=1; compound=1; hidden=0; nouse=0; global=1; static=1; extern=0; dir=2; type=1; pingpong=0; private_global=0; MemPort=[21]; IO mode=ap_memory:ce=0
Port [ p_ZN12_GLOBAL_N_110lineBufferILi3EEE_2]:  wired=1; compound=1; hidden=0; nouse=0; global=1; static=1; extern=0; dir=2; type=1; pingpong=0; private_global=0; MemPort=[21]; IO mode=ap_memory:ce=0
Port [ p_anonymous_namespace_rowsReceived_4_s]:  wired=1; compound=0; hidden=0; nouse=0; global=1; static=1; extern=0; dir=2; type=0; pingpong=0; private_global=0; IO mode=ap_ovld:ce=0
Port [ p_ZN12_GLOBAL_N_110lineBufferILi4EEE_0]:  wired=1; compound=1; hidden=0; nouse=0; global=1; static=1; extern=0; dir=2; type=1; pingpong=0; private_global=0; MemPort=[21]; IO mode=ap_memory:ce=0
Port [ p_ZN12_GLOBAL_N_110lineBufferILi4EEE_1]:  wired=1; compound=1; hidden=0; nouse=0; global=1; static=1; extern=0; dir=2; type=1; pingpong=0; private_global=0; MemPort=[21]; IO mode=ap_memory:ce=0
Port [ p_ZN12_GLOBAL_N_110lineBufferILi4EEE_2]:  wired=1; compound=1; hidden=0; nouse=0; global=1; static=1; extern=0; dir=2; type=1; pingpong=0; private_global=0; MemPort=[21]; IO mode=ap_memory:ce=0
Port [ rowsReceived]:  wired=1; compound=0; hidden=0; nouse=0; global=1; static=1; extern=0; dir=2; type=0; pingpong=0; private_global=0; IO mode=ap_ovld:ce=0
---------------- STG Properties END ------------------

---------------- Datapath Model BEGIN ----------------

<LifeTime>
<method=bitvector/>
specstablecontent_ln0     (specstablecontent   ) [ 0000]
specstablecontent_ln0     (specstablecontent   ) [ 0000]
specinterface_ln0         (specinterface       ) [ 0000]
out_r_read                (read                ) [ 0011]
in_r_read                 (read                ) [ 0011]
br_ln0                    (br                  ) [ 0111]
i                         (phi                 ) [ 0011]
icmp_ln12                 (icmp                ) [ 0011]
add_ln12                  (add                 ) [ 0111]
specdataflowpipeline_ln12 (specdataflowpipeline) [ 0000]
br_ln12                   (br                  ) [ 0000]
ret_ln0                   (ret                 ) [ 0000]
speclooptripcount_ln24    (speclooptripcount   ) [ 0000]
specloopname_ln12         (specloopname        ) [ 0000]
call_ln24                 (call                ) [ 0000]
br_ln12                   (br                  ) [ 0111]
</LifeTime>

<model>

<comp_list>
<comp id="0" class="1000" name="gmem">
<pin_list>
<pin id="1" dir="1" index="0" bw="1" slack="0"/>
</pin_list>
<bind>
<StgValue><ssdm name="gmem"/><MemPortTyVec>2 </MemPortTyVec>
</StgValue>
</bind>
</comp>

<comp id="2" class="1000" name="in_r">
<pin_list>
<pin id="3" dir="1" index="0" bw="1" slack="0"/>
</pin_list>
<bind>
<StgValue><ssdm name="in_r"/></StgValue>
</bind>
</comp>

<comp id="4" class="1000" name="out_r">
<pin_list>
<pin id="5" dir="1" index="0" bw="1" slack="0"/>
</pin_list>
<bind>
<StgValue><ssdm name="out_r"/></StgValue>
</bind>
</comp>

<comp id="6" class="1000" name="p_anonymous_namespace_rowsReceived_1">
<pin_list>
<pin id="7" dir="1" index="0" bw="1" slack="0"/>
</pin_list>
<bind>
<StgValue><ssdm name="p_anonymous_namespace_rowsReceived_1"/></StgValue>
</bind>
</comp>

<comp id="8" class="1000" name="p_anonymous_namespace_lineBuffer_39_0">
<pin_list>
<pin id="9" dir="1" index="0" bw="1" slack="0"/>
</pin_list>
<bind>
<StgValue><ssdm name="p_anonymous_namespace_lineBuffer_39_0"/><MemPortTyVec>2 3 </MemPortTyVec>
</StgValue>
</bind>
</comp>

<comp id="10" class="1000" name="p_anonymous_namespace_lineBuffer_39_1">
<pin_list>
<pin id="11" dir="1" index="0" bw="1" slack="0"/>
</pin_list>
<bind>
<StgValue><ssdm name="p_anonymous_namespace_lineBuffer_39_1"/><MemPortTyVec>2 3 </MemPortTyVec>
</StgValue>
</bind>
</comp>

<comp id="12" class="1000" name="p_anonymous_namespace_lineBuffer_39_2">
<pin_list>
<pin id="13" dir="1" index="0" bw="1" slack="0"/>
</pin_list>
<bind>
<StgValue><ssdm name="p_anonymous_namespace_lineBuffer_39_2"/><MemPortTyVec>2 3 </MemPortTyVec>
</StgValue>
</bind>
</comp>

<comp id="14" class="1000" name="p_anonymous_namespace_lineBuffer_39_3">
<pin_list>
<pin id="15" dir="1" index="0" bw="1" slack="0"/>
</pin_list>
<bind>
<StgValue><ssdm name="p_anonymous_namespace_lineBuffer_39_3"/><MemPortTyVec>2 3 </MemPortTyVec>
</StgValue>
</bind>
</comp>

<comp id="16" class="1000" name="p_anonymous_namespace_lineBuffer_39_4">
<pin_list>
<pin id="17" dir="1" index="0" bw="1" slack="0"/>
</pin_list>
<bind>
<StgValue><ssdm name="p_anonymous_namespace_lineBuffer_39_4"/><MemPortTyVec>2 3 </MemPortTyVec>
</StgValue>
</bind>
</comp>

<comp id="18" class="1000" name="p_anonymous_namespace_rowsReceived_2">
<pin_list>
<pin id="19" dir="1" index="0" bw="1" slack="0"/>
</pin_list>
<bind>
<StgValue><ssdm name="p_anonymous_namespace_rowsReceived_2"/></StgValue>
</bind>
</comp>

<comp id="20" class="1000" name="p_anonymous_namespace_lineBuffer_32_0">
<pin_list>
<pin id="21" dir="1" index="0" bw="1" slack="0"/>
</pin_list>
<bind>
<StgValue><ssdm name="p_anonymous_namespace_lineBuffer_32_0"/><MemPortTyVec>2 1 </MemPortTyVec>
</StgValue>
</bind>
</comp>

<comp id="22" class="1000" name="p_anonymous_namespace_lineBuffer_32_1">
<pin_list>
<pin id="23" dir="1" index="0" bw="1" slack="0"/>
</pin_list>
<bind>
<StgValue><ssdm name="p_anonymous_namespace_lineBuffer_32_1"/><MemPortTyVec>2 1 </MemPortTyVec>
</StgValue>
</bind>
</comp>

<comp id="24" class="1000" name="p_anonymous_namespace_lineBuffer_32_2">
<pin_list>
<pin id="25" dir="1" index="0" bw="1" slack="0"/>
</pin_list>
<bind>
<StgValue><ssdm name="p_anonymous_namespace_lineBuffer_32_2"/><MemPortTyVec>2 1 </MemPortTyVec>
</StgValue>
</bind>
</comp>

<comp id="26" class="1000" name="p_anonymous_namespace_rowsReceived">
<pin_list>
<pin id="27" dir="1" index="0" bw="1" slack="0"/>
</pin_list>
<bind>
<StgValue><ssdm name="p_anonymous_namespace_rowsReceived"/></StgValue>
</bind>
</comp>

<comp id="28" class="1000" name="p_anonymous_namespace_lineBuffer_magnitude_0">
<pin_list>
<pin id="29" dir="1" index="0" bw="1" slack="0"/>
</pin_list>
<bind>
<StgValue><ssdm name="p_anonymous_namespace_lineBuffer_magnitude_0"/><MemPortTyVec>2 1 </MemPortTyVec>
</StgValue>
</bind>
</comp>

<comp id="30" class="1000" name="p_anonymous_namespace_lineBuffer_direction_0">
<pin_list>
<pin id="31" dir="1" index="0" bw="1" slack="0"/>
</pin_list>
<bind>
<StgValue><ssdm name="p_anonymous_namespace_lineBuffer_direction_0"/><MemPortTyVec>2 1 </MemPortTyVec>
</StgValue>
</bind>
</comp>

<comp id="32" class="1000" name="p_anonymous_namespace_lineBuffer_magnitude_1">
<pin_list>
<pin id="33" dir="1" index="0" bw="1" slack="0"/>
</pin_list>
<bind>
<StgValue><ssdm name="p_anonymous_namespace_lineBuffer_magnitude_1"/><MemPortTyVec>2 1 </MemPortTyVec>
</StgValue>
</bind>
</comp>

<comp id="34" class="1000" name="p_anonymous_namespace_lineBuffer_direction_1">
<pin_list>
<pin id="35" dir="1" index="0" bw="1" slack="0"/>
</pin_list>
<bind>
<StgValue><ssdm name="p_anonymous_namespace_lineBuffer_direction_1"/><MemPortTyVec>2 1 </MemPortTyVec>
</StgValue>
</bind>
</comp>

<comp id="36" class="1000" name="p_anonymous_namespace_lineBuffer_magnitude_2">
<pin_list>
<pin id="37" dir="1" index="0" bw="1" slack="0"/>
</pin_list>
<bind>
<StgValue><ssdm name="p_anonymous_namespace_lineBuffer_magnitude_2"/><MemPortTyVec>2 1 </MemPortTyVec>
</StgValue>
</bind>
</comp>

<comp id="38" class="1000" name="p_anonymous_namespace_lineBuffer_direction_2">
<pin_list>
<pin id="39" dir="1" index="0" bw="1" slack="0"/>
</pin_list>
<bind>
<StgValue><ssdm name="p_anonymous_namespace_lineBuffer_direction_2"/><MemPortTyVec>2 1 </MemPortTyVec>
</StgValue>
</bind>
</comp>

<comp id="40" class="1000" name="p_anonymous_namespace_rowsReceived_1_s">
<pin_list>
<pin id="41" dir="1" index="0" bw="1" slack="0"/>
</pin_list>
<bind>
<StgValue><ssdm name="p_anonymous_namespace_rowsReceived_1_s"/></StgValue>
</bind>
</comp>

<comp id="42" class="1000" name="p_ZN12_GLOBAL_N_110lineBufferILi1EEE_0">
<pin_list>
<pin id="43" dir="1" index="0" bw="1" slack="0"/>
</pin_list>
<bind>
<StgValue><ssdm name="p_ZN12_GLOBAL_N_110lineBufferILi1EEE_0"/><MemPortTyVec>2 1 </MemPortTyVec>
</StgValue>
</bind>
</comp>

<comp id="44" class="1000" name="p_ZN12_GLOBAL_N_110lineBufferILi1EEE_1">
<pin_list>
<pin id="45" dir="1" index="0" bw="1" slack="0"/>
</pin_list>
<bind>
<StgValue><ssdm name="p_ZN12_GLOBAL_N_110lineBufferILi1EEE_1"/><MemPortTyVec>2 1 </MemPortTyVec>
</StgValue>
</bind>
</comp>

<comp id="46" class="1000" name="p_ZN12_GLOBAL_N_110lineBufferILi1EEE_2">
<pin_list>
<pin id="47" dir="1" index="0" bw="1" slack="0"/>
</pin_list>
<bind>
<StgValue><ssdm name="p_ZN12_GLOBAL_N_110lineBufferILi1EEE_2"/><MemPortTyVec>2 1 </MemPortTyVec>
</StgValue>
</bind>
</comp>

<comp id="48" class="1000" name="p_anonymous_namespace_rowsReceived_2_s">
<pin_list>
<pin id="49" dir="1" index="0" bw="1" slack="0"/>
</pin_list>
<bind>
<StgValue><ssdm name="p_anonymous_namespace_rowsReceived_2_s"/></StgValue>
</bind>
</comp>

<comp id="50" class="1000" name="p_ZN12_GLOBAL_N_110lineBufferILi2EEE_0">
<pin_list>
<pin id="51" dir="1" index="0" bw="1" slack="0"/>
</pin_list>
<bind>
<StgValue><ssdm name="p_ZN12_GLOBAL_N_110lineBufferILi2EEE_0"/><MemPortTyVec>2 1 </MemPortTyVec>
</StgValue>
</bind>
</comp>

<comp id="52" class="1000" name="p_ZN12_GLOBAL_N_110lineBufferILi2EEE_1">
<pin_list>
<pin id="53" dir="1" index="0" bw="1" slack="0"/>
</pin_list>
<bind>
<StgValue><ssdm name="p_ZN12_GLOBAL_N_110lineBufferILi2EEE_1"/><MemPortTyVec>2 1 </MemPortTyVec>
</StgValue>
</bind>
</comp>

<comp id="54" class="1000" name="p_ZN12_GLOBAL_N_110lineBufferILi2EEE_2">
<pin_list>
<pin id="55" dir="1" index="0" bw="1" slack="0"/>
</pin_list>
<bind>
<StgValue><ssdm name="p_ZN12_GLOBAL_N_110lineBufferILi2EEE_2"/><MemPortTyVec>2 1 </MemPortTyVec>
</StgValue>
</bind>
</comp>

<comp id="56" class="1000" name="p_anonymous_namespace_rowsReceived_3_s">
<pin_list>
<pin id="57" dir="1" index="0" bw="1" slack="0"/>
</pin_list>
<bind>
<StgValue><ssdm name="p_anonymous_namespace_rowsReceived_3_s"/></StgValue>
</bind>
</comp>

<comp id="58" class="1000" name="p_ZN12_GLOBAL_N_110lineBufferILi3EEE_0">
<pin_list>
<pin id="59" dir="1" index="0" bw="1" slack="0"/>
</pin_list>
<bind>
<StgValue><ssdm name="p_ZN12_GLOBAL_N_110lineBufferILi3EEE_0"/><MemPortTyVec>2 1 </MemPortTyVec>
</StgValue>
</bind>
</comp>

<comp id="60" class="1000" name="p_ZN12_GLOBAL_N_110lineBufferILi3EEE_1">
<pin_list>
<pin id="61" dir="1" index="0" bw="1" slack="0"/>
</pin_list>
<bind>
<StgValue><ssdm name="p_ZN12_GLOBAL_N_110lineBufferILi3EEE_1"/><MemPortTyVec>2 1 </MemPortTyVec>
</StgValue>
</bind>
</comp>

<comp id="62" class="1000" name="p_ZN12_GLOBAL_N_110lineBufferILi3EEE_2">
<pin_list>
<pin id="63" dir="1" index="0" bw="1" slack="0"/>
</pin_list>
<bind>
<StgValue><ssdm name="p_ZN12_GLOBAL_N_110lineBufferILi3EEE_2"/><MemPortTyVec>2 1 </MemPortTyVec>
</StgValue>
</bind>
</comp>

<comp id="64" class="1000" name="p_anonymous_namespace_rowsReceived_4_s">
<pin_list>
<pin id="65" dir="1" index="0" bw="1" slack="0"/>
</pin_list>
<bind>
<StgValue><ssdm name="p_anonymous_namespace_rowsReceived_4_s"/></StgValue>
</bind>
</comp>

<comp id="66" class="1000" name="p_ZN12_GLOBAL_N_110lineBufferILi4EEE_0">
<pin_list>
<pin id="67" dir="1" index="0" bw="1" slack="0"/>
</pin_list>
<bind>
<StgValue><ssdm name="p_ZN12_GLOBAL_N_110lineBufferILi4EEE_0"/><MemPortTyVec>2 1 </MemPortTyVec>
</StgValue>
</bind>
</comp>

<comp id="68" class="1000" name="p_ZN12_GLOBAL_N_110lineBufferILi4EEE_1">
<pin_list>
<pin id="69" dir="1" index="0" bw="1" slack="0"/>
</pin_list>
<bind>
<StgValue><ssdm name="p_ZN12_GLOBAL_N_110lineBufferILi4EEE_1"/><MemPortTyVec>2 1 </MemPortTyVec>
</StgValue>
</bind>
</comp>

<comp id="70" class="1000" name="p_ZN12_GLOBAL_N_110lineBufferILi4EEE_2">
<pin_list>
<pin id="71" dir="1" index="0" bw="1" slack="0"/>
</pin_list>
<bind>
<StgValue><ssdm name="p_ZN12_GLOBAL_N_110lineBufferILi4EEE_2"/><MemPortTyVec>2 1 </MemPortTyVec>
</StgValue>
</bind>
</comp>

<comp id="72" class="1000" name="rowsReceived">
<pin_list>
<pin id="73" dir="1" index="0" bw="1" slack="0"/>
</pin_list>
<bind>
<StgValue><ssdm name="rowsReceived"/></StgValue>
</bind>
</comp>

<comp id="74" class="1001" name="const_74">
<pin_list>
<pin id="75" dir="1" index="0" bw="1" slack="2147483647"/>
</pin_list>
<bind>
<StgValue><ssdm name="_ssdm_op_SpecStableContent"/></StgValue>
</bind>
</comp>

<comp id="76" class="1001" name="const_76">
<pin_list>
<pin id="77" dir="1" index="0" bw="1" slack="2147483647"/>
</pin_list>
<bind>
<StgValue><ssdm name=""/></StgValue>
</bind>
</comp>

<comp id="78" class="1001" name="const_78">
<pin_list>
<pin id="79" dir="1" index="0" bw="1" slack="2147483647"/>
</pin_list>
<bind>
<StgValue><ssdm name="p_str"/></StgValue>
</bind>
</comp>

<comp id="80" class="1001" name="const_80">
<pin_list>
<pin id="81" dir="1" index="0" bw="1" slack="2147483647"/>
</pin_list>
<bind>
<StgValue><ssdm name="_ssdm_op_SpecInterface"/></StgValue>
</bind>
</comp>

<comp id="82" class="1001" name="const_82">
<pin_list>
<pin id="83" dir="1" index="0" bw="1" slack="2147483647"/>
</pin_list>
<bind>
<StgValue><ssdm name="empty_17"/></StgValue>
</bind>
</comp>

<comp id="84" class="1001" name="const_84">
<pin_list>
<pin id="85" dir="1" index="0" bw="1" slack="2147483647"/>
</pin_list>
<bind>
<StgValue><ssdm name=""/></StgValue>
</bind>
</comp>

<comp id="86" class="1001" name="const_86">
<pin_list>
<pin id="87" dir="1" index="0" bw="1" slack="2147483647"/>
</pin_list>
<bind>
<StgValue><ssdm name="empty_14"/></StgValue>
</bind>
</comp>

<comp id="88" class="1001" name="const_88">
<pin_list>
<pin id="89" dir="1" index="0" bw="1" slack="2147483647"/>
</pin_list>
<bind>
<StgValue><ssdm name=""/></StgValue>
</bind>
</comp>

<comp id="90" class="1001" name="const_90">
<pin_list>
<pin id="91" dir="1" index="0" bw="1" slack="2147483647"/>
</pin_list>
<bind>
<StgValue><ssdm name="empty_21"/></StgValue>
</bind>
</comp>

<comp id="92" class="1001" name="const_92">
<pin_list>
<pin id="93" dir="1" index="0" bw="1" slack="2147483647"/>
</pin_list>
<bind>
<StgValue><ssdm name="empty_13"/></StgValue>
</bind>
</comp>

<comp id="94" class="1001" name="const_94">
<pin_list>
<pin id="95" dir="1" index="0" bw="1" slack="2147483647"/>
</pin_list>
<bind>
<StgValue><ssdm name=""/></StgValue>
</bind>
</comp>

<comp id="96" class="1001" name="const_96">
<pin_list>
<pin id="97" dir="1" index="0" bw="1" slack="2147483647"/>
</pin_list>
<bind>
<StgValue><ssdm name=""/></StgValue>
</bind>
</comp>

<comp id="98" class="1001" name="const_98">
<pin_list>
<pin id="99" dir="1" index="0" bw="1" slack="0"/>
</pin_list>
<bind>
<StgValue><ssdm name="_ssdm_op_Read.ap_auto.i64"/></StgValue>
</bind>
</comp>

<comp id="100" class="1001" name="const_100">
<pin_list>
<pin id="101" dir="1" index="0" bw="1" slack="1"/>
</pin_list>
<bind>
<StgValue><ssdm name=""/></StgValue>
</bind>
</comp>

<comp id="102" class="1001" name="const_102">
<pin_list>
<pin id="103" dir="1" index="0" bw="1" slack="0"/>
</pin_list>
<bind>
<StgValue><ssdm name=""/></StgValue>
</bind>
</comp>

<comp id="104" class="1001" name="const_104">
<pin_list>
<pin id="105" dir="1" index="0" bw="1" slack="0"/>
</pin_list>
<bind>
<StgValue><ssdm name=""/></StgValue>
</bind>
</comp>

<comp id="106" class="1001" name="const_106">
<pin_list>
<pin id="107" dir="1" index="0" bw="1" slack="2147483647"/>
</pin_list>
<bind>
<StgValue><ssdm name="_ssdm_op_SpecDataflowPipeline"/></StgValue>
</bind>
</comp>

<comp id="108" class="1001" name="const_108">
<pin_list>
<pin id="109" dir="1" index="0" bw="1" slack="2147483647"/>
</pin_list>
<bind>
<StgValue><ssdm name="dataflow_parent_loop_str"/></StgValue>
</bind>
</comp>

<comp id="110" class="1001" name="const_110">
<pin_list>
<pin id="111" dir="1" index="0" bw="1" slack="2147483647"/>
</pin_list>
<bind>
<StgValue><ssdm name=""/></StgValue>
</bind>
</comp>

<comp id="112" class="1001" name="const_112">
<pin_list>
<pin id="113" dir="1" index="0" bw="1" slack="0"/>
</pin_list>
<bind>
<StgValue><ssdm name="dataflow_in_loop_VITIS_LOOP_12_1.1"/></StgValue>
</bind>
</comp>

<comp id="114" class="1001" name="const_114">
<pin_list>
<pin id="115" dir="1" index="0" bw="1" slack="2147483647"/>
</pin_list>
<bind>
<StgValue><ssdm name="_ssdm_op_SpecLoopTripCount"/></StgValue>
</bind>
</comp>

<comp id="116" class="1001" name="const_116">
<pin_list>
<pin id="117" dir="1" index="0" bw="1" slack="2147483647"/>
</pin_list>
<bind>
<StgValue><ssdm name=""/></StgValue>
</bind>
</comp>

<comp id="118" class="1001" name="const_118">
<pin_list>
<pin id="119" dir="1" index="0" bw="1" slack="2147483647"/>
</pin_list>
<bind>
<StgValue><ssdm name="_ssdm_op_SpecLoopName"/></StgValue>
</bind>
</comp>

<comp id="120" class="1001" name="const_120">
<pin_list>
<pin id="121" dir="1" index="0" bw="1" slack="2147483647"/>
</pin_list>
<bind>
<StgValue><ssdm name="empty"/></StgValue>
</bind>
</comp>

<comp id="122" class="1004" name="out_r_read_read_fu_122">
<pin_list>
<pin id="123" dir="0" index="0" bw="64" slack="0"/>
<pin id="124" dir="0" index="1" bw="64" slack="0"/>
<pin id="125" dir="1" index="2" bw="64" slack="1"/>
</pin_list>
<bind>
<opcode="read(1150) " fcode="read"/>
<opset="out_r_read/1 "/>
</bind>
</comp>

<comp id="128" class="1004" name="in_r_read_read_fu_128">
<pin_list>
<pin id="129" dir="0" index="0" bw="64" slack="0"/>
<pin id="130" dir="0" index="1" bw="64" slack="0"/>
<pin id="131" dir="1" index="2" bw="64" slack="1"/>
</pin_list>
<bind>
<opcode="read(1150) " fcode="read"/>
<opset="in_r_read/1 "/>
</bind>
</comp>

<comp id="134" class="1005" name="i_reg_134">
<pin_list>
<pin id="135" dir="0" index="0" bw="10" slack="1"/>
<pin id="136" dir="1" index="1" bw="10" slack="1"/>
</pin_list>
<bind>
<opset="i (phireg) "/>
</bind>
</comp>

<comp id="138" class="1004" name="i_phi_fu_138">
<pin_list>
<pin id="139" dir="0" index="0" bw="1" slack="1"/>
<pin id="140" dir="0" index="1" bw="0" slack="2147483647"/>
<pin id="141" dir="0" index="2" bw="10" slack="0"/>
<pin id="142" dir="0" index="3" bw="0" slack="2147483647"/>
<pin id="143" dir="1" index="4" bw="10" slack="0"/>
</pin_list>
<bind>
<opcode="phi(47) " fcode="phi"/>
<opset="i/2 "/>
</bind>
</comp>

<comp id="146" class="1004" name="grp_dataflow_in_loop_VITIS_LOOP_12_1_1_fu_146">
<pin_list>
<pin id="147" dir="0" index="0" bw="0" slack="0"/>
<pin id="148" dir="0" index="1" bw="10" slack="0"/>
<pin id="149" dir="0" index="2" bw="512" slack="0"/>
<pin id="150" dir="0" index="3" bw="64" slack="1"/>
<pin id="151" dir="0" index="4" bw="64" slack="1"/>
<pin id="152" dir="0" index="5" bw="32" slack="0"/>
<pin id="153" dir="0" index="6" bw="12" slack="0"/>
<pin id="154" dir="0" index="7" bw="12" slack="0"/>
<pin id="155" dir="0" index="8" bw="12" slack="0"/>
<pin id="156" dir="0" index="9" bw="12" slack="0"/>
<pin id="157" dir="0" index="10" bw="12" slack="0"/>
<pin id="158" dir="0" index="11" bw="32" slack="0"/>
<pin id="159" dir="0" index="12" bw="8" slack="0"/>
<pin id="160" dir="0" index="13" bw="8" slack="0"/>
<pin id="161" dir="0" index="14" bw="8" slack="0"/>
<pin id="162" dir="0" index="15" bw="32" slack="0"/>
<pin id="163" dir="0" index="16" bw="11" slack="0"/>
<pin id="164" dir="0" index="17" bw="2" slack="0"/>
<pin id="165" dir="0" index="18" bw="11" slack="0"/>
<pin id="166" dir="0" index="19" bw="2" slack="0"/>
<pin id="167" dir="0" index="20" bw="11" slack="0"/>
<pin id="168" dir="0" index="21" bw="2" slack="0"/>
<pin id="169" dir="0" index="22" bw="32" slack="0"/>
<pin id="170" dir="0" index="23" bw="8" slack="0"/>
<pin id="171" dir="0" index="24" bw="8" slack="0"/>
<pin id="172" dir="0" index="25" bw="8" slack="0"/>
<pin id="173" dir="0" index="26" bw="32" slack="0"/>
<pin id="174" dir="0" index="27" bw="8" slack="0"/>
<pin id="175" dir="0" index="28" bw="8" slack="0"/>
<pin id="176" dir="0" index="29" bw="8" slack="0"/>
<pin id="177" dir="0" index="30" bw="32" slack="0"/>
<pin id="178" dir="0" index="31" bw="8" slack="0"/>
<pin id="179" dir="0" index="32" bw="8" slack="0"/>
<pin id="180" dir="0" index="33" bw="8" slack="0"/>
<pin id="181" dir="0" index="34" bw="32" slack="0"/>
<pin id="182" dir="0" index="35" bw="8" slack="0"/>
<pin id="183" dir="0" index="36" bw="8" slack="0"/>
<pin id="184" dir="0" index="37" bw="8" slack="0"/>
<pin id="185" dir="0" index="38" bw="32" slack="0"/>
<pin id="186" dir="1" index="39" bw="0" slack="2147483647"/>
</pin_list>
<bind>
<opcode="call(48) " fcode="call"/>
<opset="call_ln24/2 "/>
</bind>
</comp>

<comp id="224" class="1004" name="icmp_ln12_fu_224">
<pin_list>
<pin id="225" dir="0" index="0" bw="10" slack="0"/>
<pin id="226" dir="0" index="1" bw="10" slack="0"/>
<pin id="227" dir="1" index="2" bw="1" slack="1"/>
</pin_list>
<bind>
<opcode="icmp(45) " fcode="icmp"/>
<opset="icmp_ln12/2 "/>
</bind>
</comp>

<comp id="230" class="1004" name="add_ln12_fu_230">
<pin_list>
<pin id="231" dir="0" index="0" bw="10" slack="0"/>
<pin id="232" dir="0" index="1" bw="1" slack="0"/>
<pin id="233" dir="1" index="2" bw="10" slack="0"/>
</pin_list>
<bind>
<opcode="add(8) " fcode="add"/>
<opset="add_ln12/2 "/>
</bind>
</comp>

<comp id="236" class="1005" name="out_r_read_reg_236">
<pin_list>
<pin id="237" dir="0" index="0" bw="64" slack="1"/>
<pin id="238" dir="1" index="1" bw="64" slack="1"/>
</pin_list>
<bind>
<opset="out_r_read "/>
</bind>
</comp>

<comp id="241" class="1005" name="in_r_read_reg_241">
<pin_list>
<pin id="242" dir="0" index="0" bw="64" slack="1"/>
<pin id="243" dir="1" index="1" bw="64" slack="1"/>
</pin_list>
<bind>
<opset="in_r_read "/>
</bind>
</comp>

<comp id="246" class="1005" name="icmp_ln12_reg_246">
<pin_list>
<pin id="247" dir="0" index="0" bw="1" slack="1"/>
<pin id="248" dir="1" index="1" bw="1" slack="2147483647"/>
</pin_list>
<bind>
<opset="icmp_ln12 "/>
</bind>
</comp>

<comp id="250" class="1005" name="add_ln12_reg_250">
<pin_list>
<pin id="251" dir="0" index="0" bw="10" slack="0"/>
<pin id="252" dir="1" index="1" bw="10" slack="0"/>
</pin_list>
<bind>
<opset="add_ln12 "/>
</bind>
</comp>

</comp_list>

<net_list>
<net id="126"><net_src comp="98" pin="0"/><net_sink comp="122" pin=0"/></net>

<net id="127"><net_src comp="4" pin="0"/><net_sink comp="122" pin=1"/></net>

<net id="132"><net_src comp="98" pin="0"/><net_sink comp="128" pin=0"/></net>

<net id="133"><net_src comp="2" pin="0"/><net_sink comp="128" pin=1"/></net>

<net id="137"><net_src comp="100" pin="0"/><net_sink comp="134" pin=0"/></net>

<net id="144"><net_src comp="134" pin="1"/><net_sink comp="138" pin=0"/></net>

<net id="145"><net_src comp="138" pin="4"/><net_sink comp="134" pin=0"/></net>

<net id="187"><net_src comp="112" pin="0"/><net_sink comp="146" pin=0"/></net>

<net id="188"><net_src comp="138" pin="4"/><net_sink comp="146" pin=1"/></net>

<net id="189"><net_src comp="0" pin="0"/><net_sink comp="146" pin=2"/></net>

<net id="190"><net_src comp="6" pin="0"/><net_sink comp="146" pin=5"/></net>

<net id="191"><net_src comp="8" pin="0"/><net_sink comp="146" pin=6"/></net>

<net id="192"><net_src comp="10" pin="0"/><net_sink comp="146" pin=7"/></net>

<net id="193"><net_src comp="12" pin="0"/><net_sink comp="146" pin=8"/></net>

<net id="194"><net_src comp="14" pin="0"/><net_sink comp="146" pin=9"/></net>

<net id="195"><net_src comp="16" pin="0"/><net_sink comp="146" pin=10"/></net>

<net id="196"><net_src comp="18" pin="0"/><net_sink comp="146" pin=11"/></net>

<net id="197"><net_src comp="20" pin="0"/><net_sink comp="146" pin=12"/></net>

<net id="198"><net_src comp="22" pin="0"/><net_sink comp="146" pin=13"/></net>

<net id="199"><net_src comp="24" pin="0"/><net_sink comp="146" pin=14"/></net>

<net id="200"><net_src comp="26" pin="0"/><net_sink comp="146" pin=15"/></net>

<net id="201"><net_src comp="28" pin="0"/><net_sink comp="146" pin=16"/></net>

<net id="202"><net_src comp="30" pin="0"/><net_sink comp="146" pin=17"/></net>

<net id="203"><net_src comp="32" pin="0"/><net_sink comp="146" pin=18"/></net>

<net id="204"><net_src comp="34" pin="0"/><net_sink comp="146" pin=19"/></net>

<net id="205"><net_src comp="36" pin="0"/><net_sink comp="146" pin=20"/></net>

<net id="206"><net_src comp="38" pin="0"/><net_sink comp="146" pin=21"/></net>

<net id="207"><net_src comp="40" pin="0"/><net_sink comp="146" pin=22"/></net>

<net id="208"><net_src comp="42" pin="0"/><net_sink comp="146" pin=23"/></net>

<net id="209"><net_src comp="44" pin="0"/><net_sink comp="146" pin=24"/></net>

<net id="210"><net_src comp="46" pin="0"/><net_sink comp="146" pin=25"/></net>

<net id="211"><net_src comp="48" pin="0"/><net_sink comp="146" pin=26"/></net>

<net id="212"><net_src comp="50" pin="0"/><net_sink comp="146" pin=27"/></net>

<net id="213"><net_src comp="52" pin="0"/><net_sink comp="146" pin=28"/></net>

<net id="214"><net_src comp="54" pin="0"/><net_sink comp="146" pin=29"/></net>

<net id="215"><net_src comp="56" pin="0"/><net_sink comp="146" pin=30"/></net>

<net id="216"><net_src comp="58" pin="0"/><net_sink comp="146" pin=31"/></net>

<net id="217"><net_src comp="60" pin="0"/><net_sink comp="146" pin=32"/></net>

<net id="218"><net_src comp="62" pin="0"/><net_sink comp="146" pin=33"/></net>

<net id="219"><net_src comp="64" pin="0"/><net_sink comp="146" pin=34"/></net>

<net id="220"><net_src comp="66" pin="0"/><net_sink comp="146" pin=35"/></net>

<net id="221"><net_src comp="68" pin="0"/><net_sink comp="146" pin=36"/></net>

<net id="222"><net_src comp="70" pin="0"/><net_sink comp="146" pin=37"/></net>

<net id="223"><net_src comp="72" pin="0"/><net_sink comp="146" pin=38"/></net>

<net id="228"><net_src comp="138" pin="4"/><net_sink comp="224" pin=0"/></net>

<net id="229"><net_src comp="102" pin="0"/><net_sink comp="224" pin=1"/></net>

<net id="234"><net_src comp="138" pin="4"/><net_sink comp="230" pin=0"/></net>

<net id="235"><net_src comp="104" pin="0"/><net_sink comp="230" pin=1"/></net>

<net id="239"><net_src comp="122" pin="2"/><net_sink comp="236" pin=0"/></net>

<net id="240"><net_src comp="236" pin="1"/><net_sink comp="146" pin=4"/></net>

<net id="244"><net_src comp="128" pin="2"/><net_sink comp="241" pin=0"/></net>

<net id="245"><net_src comp="241" pin="1"/><net_sink comp="146" pin=3"/></net>

<net id="249"><net_src comp="224" pin="2"/><net_sink comp="246" pin=0"/></net>

<net id="253"><net_src comp="230" pin="2"/><net_sink comp="250" pin=0"/></net>

<net id="254"><net_src comp="250" pin="1"/><net_sink comp="138" pin=2"/></net>

</net_list>

</model> 
---------------- Datapath Model END ------------------

* FSMD analyzer results:
  - Output states:
	Port: gmem | {2 3 }
	Port: p_anonymous_namespace_rowsReceived_1 | {2 3 }
	Port: p_anonymous_namespace_lineBuffer_39_0 | {2 3 }
	Port: p_anonymous_namespace_lineBuffer_39_1 | {2 3 }
	Port: p_anonymous_namespace_lineBuffer_39_2 | {2 3 }
	Port: p_anonymous_namespace_lineBuffer_39_3 | {2 3 }
	Port: p_anonymous_namespace_lineBuffer_39_4 | {2 3 }
	Port: p_anonymous_namespace_rowsReceived_2 | {2 3 }
	Port: p_anonymous_namespace_lineBuffer_32_0 | {2 3 }
	Port: p_anonymous_namespace_lineBuffer_32_1 | {2 3 }
	Port: p_anonymous_namespace_lineBuffer_32_2 | {2 3 }
	Port: p_anonymous_namespace_rowsReceived | {2 3 }
	Port: p_anonymous_namespace_lineBuffer_magnitude_0 | {2 3 }
	Port: p_anonymous_namespace_lineBuffer_direction_0 | {2 3 }
	Port: p_anonymous_namespace_lineBuffer_magnitude_1 | {2 3 }
	Port: p_anonymous_namespace_lineBuffer_direction_1 | {2 3 }
	Port: p_anonymous_namespace_lineBuffer_magnitude_2 | {2 3 }
	Port: p_anonymous_namespace_lineBuffer_direction_2 | {2 3 }
	Port: p_anonymous_namespace_rowsReceived_1_s | {2 3 }
	Port: p_ZN12_GLOBAL_N_110lineBufferILi1EEE_0 | {2 3 }
	Port: p_ZN12_GLOBAL_N_110lineBufferILi1EEE_1 | {2 3 }
	Port: p_ZN12_GLOBAL_N_110lineBufferILi1EEE_2 | {2 3 }
	Port: p_anonymous_namespace_rowsReceived_2_s | {2 3 }
	Port: p_ZN12_GLOBAL_N_110lineBufferILi2EEE_0 | {2 3 }
	Port: p_ZN12_GLOBAL_N_110lineBufferILi2EEE_1 | {2 3 }
	Port: p_ZN12_GLOBAL_N_110lineBufferILi2EEE_2 | {2 3 }
	Port: p_anonymous_namespace_rowsReceived_3_s | {2 3 }
	Port: p_ZN12_GLOBAL_N_110lineBufferILi3EEE_0 | {2 3 }
	Port: p_ZN12_GLOBAL_N_110lineBufferILi3EEE_1 | {2 3 }
	Port: p_ZN12_GLOBAL_N_110lineBufferILi3EEE_2 | {2 3 }
	Port: p_anonymous_namespace_rowsReceived_4_s | {2 3 }
	Port: p_ZN12_GLOBAL_N_110lineBufferILi4EEE_0 | {2 3 }
	Port: p_ZN12_GLOBAL_N_110lineBufferILi4EEE_1 | {2 3 }
	Port: p_ZN12_GLOBAL_N_110lineBufferILi4EEE_2 | {2 3 }
	Port: rowsReceived | {2 3 }
 - Input state : 
	Port: dataflow_parent_loop_proc : gmem | {2 3 }
	Port: dataflow_parent_loop_proc : in_r | {1 }
	Port: dataflow_parent_loop_proc : out_r | {1 }
	Port: dataflow_parent_loop_proc : p_anonymous_namespace_rowsReceived_1 | {2 3 }
	Port: dataflow_parent_loop_proc : p_anonymous_namespace_lineBuffer_39_0 | {2 3 }
	Port: dataflow_parent_loop_proc : p_anonymous_namespace_lineBuffer_39_1 | {2 3 }
	Port: dataflow_parent_loop_proc : p_anonymous_namespace_lineBuffer_39_2 | {2 3 }
	Port: dataflow_parent_loop_proc : p_anonymous_namespace_lineBuffer_39_3 | {2 3 }
	Port: dataflow_parent_loop_proc : p_anonymous_namespace_lineBuffer_39_4 | {2 3 }
	Port: dataflow_parent_loop_proc : p_anonymous_namespace_rowsReceived_2 | {2 3 }
	Port: dataflow_parent_loop_proc : p_anonymous_namespace_lineBuffer_32_0 | {2 3 }
	Port: dataflow_parent_loop_proc : p_anonymous_namespace_lineBuffer_32_1 | {2 3 }
	Port: dataflow_parent_loop_proc : p_anonymous_namespace_lineBuffer_32_2 | {2 3 }
	Port: dataflow_parent_loop_proc : p_anonymous_namespace_rowsReceived | {2 3 }
	Port: dataflow_parent_loop_proc : p_anonymous_namespace_lineBuffer_magnitude_0 | {2 3 }
	Port: dataflow_parent_loop_proc : p_anonymous_namespace_lineBuffer_direction_0 | {2 3 }
	Port: dataflow_parent_loop_proc : p_anonymous_namespace_lineBuffer_magnitude_1 | {2 3 }
	Port: dataflow_parent_loop_proc : p_anonymous_namespace_lineBuffer_direction_1 | {2 3 }
	Port: dataflow_parent_loop_proc : p_anonymous_namespace_lineBuffer_magnitude_2 | {2 3 }
	Port: dataflow_parent_loop_proc : p_anonymous_namespace_lineBuffer_direction_2 | {2 3 }
	Port: dataflow_parent_loop_proc : p_anonymous_namespace_rowsReceived_1_s | {2 3 }
	Port: dataflow_parent_loop_proc : p_ZN12_GLOBAL_N_110lineBufferILi1EEE_0 | {2 3 }
	Port: dataflow_parent_loop_proc : p_ZN12_GLOBAL_N_110lineBufferILi1EEE_1 | {2 3 }
	Port: dataflow_parent_loop_proc : p_ZN12_GLOBAL_N_110lineBufferILi1EEE_2 | {2 3 }
	Port: dataflow_parent_loop_proc : p_anonymous_namespace_rowsReceived_2_s | {2 3 }
	Port: dataflow_parent_loop_proc : p_ZN12_GLOBAL_N_110lineBufferILi2EEE_0 | {2 3 }
	Port: dataflow_parent_loop_proc : p_ZN12_GLOBAL_N_110lineBufferILi2EEE_1 | {2 3 }
	Port: dataflow_parent_loop_proc : p_ZN12_GLOBAL_N_110lineBufferILi2EEE_2 | {2 3 }
	Port: dataflow_parent_loop_proc : p_anonymous_namespace_rowsReceived_3_s | {2 3 }
	Port: dataflow_parent_loop_proc : p_ZN12_GLOBAL_N_110lineBufferILi3EEE_0 | {2 3 }
	Port: dataflow_parent_loop_proc : p_ZN12_GLOBAL_N_110lineBufferILi3EEE_1 | {2 3 }
	Port: dataflow_parent_loop_proc : p_ZN12_GLOBAL_N_110lineBufferILi3EEE_2 | {2 3 }
	Port: dataflow_parent_loop_proc : p_anonymous_namespace_rowsReceived_4_s | {2 3 }
	Port: dataflow_parent_loop_proc : p_ZN12_GLOBAL_N_110lineBufferILi4EEE_0 | {2 3 }
	Port: dataflow_parent_loop_proc : p_ZN12_GLOBAL_N_110lineBufferILi4EEE_1 | {2 3 }
	Port: dataflow_parent_loop_proc : p_ZN12_GLOBAL_N_110lineBufferILi4EEE_2 | {2 3 }
	Port: dataflow_parent_loop_proc : rowsReceived | {2 3 }
  - Chain level:
	State 1
	State 2
		icmp_ln12 : 1
		add_ln12 : 1
		specdataflowpipeline_ln12 : 1
		br_ln12 : 2
		call_ln24 : 1
	State 3


============================================================
+ Verbose Summary: Datapath Resource usage 
============================================================

* Functional unit list:
|----------|-----------------------------------------------|---------|---------|---------|---------|---------|---------|
| Operation|                Functional Unit                |   BRAM  |   DSP   |  Delay  |    FF   |   LUT   |   URAM  |
|----------|-----------------------------------------------|---------|---------|---------|---------|---------|---------|
|   call   | grp_dataflow_in_loop_VITIS_LOOP_12_1_1_fu_146 |    11   |    4    |  58.198 |  17279  |  20117  |    0    |
|----------|-----------------------------------------------|---------|---------|---------|---------|---------|---------|
|   icmp   |                icmp_ln12_fu_224               |    0    |    0    |    0    |    0    |    17   |    0    |
|----------|-----------------------------------------------|---------|---------|---------|---------|---------|---------|
|    add   |                add_ln12_fu_230                |    0    |    0    |    0    |    0    |    17   |    0    |
|----------|-----------------------------------------------|---------|---------|---------|---------|---------|---------|
|   read   |             out_r_read_read_fu_122            |    0    |    0    |    0    |    0    |    0    |    0    |
|          |             in_r_read_read_fu_128             |    0    |    0    |    0    |    0    |    0    |    0    |
|----------|-----------------------------------------------|---------|---------|---------|---------|---------|---------|
|   Total  |                                               |    11   |    4    |  58.198 |  17279  |  20151  |    0    |
|----------|-----------------------------------------------|---------|---------|---------|---------|---------|---------|

Memories:
N/A

* Register list:
+------------------+--------+
|                  |   FF   |
+------------------+--------+
| add_ln12_reg_250 |   10   |
|     i_reg_134    |   10   |
| icmp_ln12_reg_246|    1   |
| in_r_read_reg_241|   64   |
|out_r_read_reg_236|   64   |
+------------------+--------+
|       Total      |   149  |
+------------------+--------+

* Multiplexer (MUX) list: 
|-----------|------|------|------|--------||---------||---------||---------|
|    Comp   |  Pin | Size |  BW  | S x BW ||  Delay  ||    FF   ||   LUT   |
|-----------|------|------|------|--------||---------||---------||---------|
| i_reg_134 |  p0  |   2  |  10  |   20   ||    0    ||    9    |
|-----------|------|------|------|--------||---------||---------||---------|
|   Total   |      |      |      |   20   ||  0.427  ||    0    ||    9    |
|-----------|------|------|------|--------||---------||---------||---------|



* Summary:
+-----------+--------+--------+--------+--------+--------+--------+
|           |  BRAM  |   DSP  |  Delay |   FF   |   LUT  |  URAM  |
+-----------+--------+--------+--------+--------+--------+--------+
|  Function |   11   |    4   |   58   |  17279 |  20151 |    0   |
|   Memory  |    -   |    -   |    -   |    -   |    -   |    -   |
|Multiplexer|    -   |    -   |    0   |    0   |    9   |    -   |
|  Register |    -   |    -   |    -   |   149  |    -   |    -   |
+-----------+--------+--------+--------+--------+--------+--------+
|   Total   |   11   |    4   |   58   |  17428 |  20160 |    0   |
+-----------+--------+--------+--------+--------+--------+--------+
