

================================================================
== Vitis HLS Report for 'dataflow_in_loop_VITIS_LOOP_7_1_1'
================================================================
* Date:           Thu Jul 23 23:06:38 2026

* Version:        2025.2 (Build 6295257 on Nov 14 2025)
* Project:        canny_top
* Solution:       hls (Vitis Kernel Flow Target)
* Product family: zynquplus
* Target device:  xck26-sfvc784-2LV-c


================================================================
== Performance Estimates
================================================================
+ Timing: 
    * Summary: 
    +--------+---------+----------+------------+
    |  Clock |  Target | Estimated| Uncertainty|
    +--------+---------+----------+------------+
    |ap_clk  |  5.00 ns|  3.650 ns|     1.35 ns|
    +--------+---------+----------+------------+

+ Latency: 
    * Summary: 
    +---------+---------+-----------+-----------+------+------+----------+
    |  Latency (cycles) |   Latency (absolute)  |   Interval  | Pipeline |
    |   min   |   max   |    min    |    max    |  min |  max |   Type   |
    +---------+---------+-----------+-----------+------+------+----------+
    |     2179|    14314|  10.895 us|  71.570 us|  1617|  4655|  dataflow|
    +---------+---------+-----------+-----------+------+------+----------+

    + Detail: 
        * Instance: 
        +-------------------------------------------------------------+----------------------------------------------------------+---------+---------+----------+-----------+------+------+---------+
        |                                                             |                                                          |  Latency (cycles) |  Latency (absolute)  |   Interval  | Pipeline|
        |                           Instance                          |                          Module                          |   min   |   max   |    min   |    max    |  min |  max |   Type  |
        +-------------------------------------------------------------+----------------------------------------------------------+---------+---------+----------+-----------+------+------+---------+
        |entry_proc_U0                                                |entry_proc                                                |        0|        0|      0 ns|       0 ns|     0|     0|       no|
        |dataflow_in_loop_VITIS_LOOP_7_1_1_Block_newFuncRoot_proc_U0  |dataflow_in_loop_VITIS_LOOP_7_1_1_Block_newFuncRoot_proc  |        0|        0|      0 ns|       0 ns|     0|     0|       no|
        |grayscale_U0                                                 |grayscale                                                 |     1616|     1616|  8.080 us|   8.080 us|  1616|  1616|       no|
        |gaussian_blur_U0                                             |gaussian_blur                                             |      551|     4654|  2.755 us|  23.270 us|   551|  4654|       no|
        |sobel_U0                                                     |sobel                                                     |        1|     2187|  5.000 ns|  10.935 us|     1|  2187|       no|
        |non_maximum_suppression_U0                                   |non_maximum_suppression                                   |        1|     1608|  5.000 ns|   8.040 us|     1|  1608|       no|
        |double_threshold_U0                                          |double_threshold                                          |        1|      515|  5.000 ns|   2.575 us|     1|   515|       no|
        |hysteresis_U0                                                |hysteresis                                                |        1|     3141|  5.000 ns|  15.705 us|     1|  3141|       no|
        |output_row_U0                                                |output_row                                                |        1|      586|  5.000 ns|   2.930 us|     1|   586|       no|
        +-------------------------------------------------------------+----------------------------------------------------------+---------+---------+----------+-----------+------+------+---------+

        * Loop: 
        N/A



================================================================
== Utilization Estimates
================================================================
* Summary: 
+-----------------+---------+------+--------+--------+-----+
|       Name      | BRAM_18K|  DSP |   FF   |   LUT  | URAM|
+-----------------+---------+------+--------+--------+-----+
|DSP              |        -|     -|       -|       -|    -|
|Expression       |        -|     -|       0|      56|    -|
|FIFO             |        -|     -|     693|     468|    -|
|Instance         |        9|     6|    9313|   13512|    0|
|Memory           |        7|     -|       0|       0|    0|
|Multiplexer      |        -|     -|       0|     117|    -|
|Register         |        -|     -|      13|       -|    -|
+-----------------+---------+------+--------+--------+-----+
|Total            |       16|     6|   10019|   14153|    0|
+-----------------+---------+------+--------+--------+-----+
|Available        |      288|  1248|  234240|  117120|   64|
+-----------------+---------+------+--------+--------+-----+
|Utilization (%)  |        5|    ~0|       4|      12|    0|
+-----------------+---------+------+--------+--------+-----+

+ Detail: 
    * Instance: 
    +-------------------------------------------------------------+----------------------------------------------------------+---------+----+------+------+-----+
    |                           Instance                          |                          Module                          | BRAM_18K| DSP|  FF  |  LUT | URAM|
    +-------------------------------------------------------------+----------------------------------------------------------+---------+----+------+------+-----+
    |dataflow_in_loop_VITIS_LOOP_7_1_1_Block_newFuncRoot_proc_U0  |dataflow_in_loop_VITIS_LOOP_7_1_1_Block_newFuncRoot_proc  |        0|   0|    11|    37|    0|
    |double_threshold_U0                                          |double_threshold                                          |        0|   0|    29|   156|    0|
    |entry_proc_U0                                                |entry_proc                                                |        0|   0|     2|    20|    0|
    |gaussian_blur_U0                                             |gaussian_blur                                             |        2|   0|  2413|  3090|    0|
    |grayscale_U0                                                 |grayscale                                                 |        0|   2|   757|  1273|    0|
    |hysteresis_U0                                                |hysteresis                                                |        2|   0|  1433|  1931|    0|
    |non_maximum_suppression_U0                                   |non_maximum_suppression                                   |        3|   0|  1393|  1935|    0|
    |output_row_U0                                                |output_row                                                |        0|   0|  1187|  1311|    0|
    |sobel_U0                                                     |sobel                                                     |        2|   4|  2088|  3759|    0|
    +-------------------------------------------------------------+----------------------------------------------------------+---------+----+------+------+-----+
    |Total                                                        |                                                          |        9|   6|  9313| 13512|    0|
    +-------------------------------------------------------------+----------------------------------------------------------+---------+----+------+------+-----+

    * DSP: 
    N/A

    * Memory: 
    +-----------------------+----------------------------------------------------------------+---------+---+----+-----+------+-----+------+-------------+
    |         Memory        |                             Module                             | BRAM_18K| FF| LUT| URAM| Words| Bits| Banks| W*Bits*Banks|
    +-----------------------+----------------------------------------------------------------+---------+---+----+-----+------+-----+------+-------------+
    |out_double_U           |dataflow_in_loop_VITIS_LOOP_7_1_1_out_double_RAM_AUTO_1R1W      |        1|  0|   0|    0|   512|    8|     1|         4096|
    |out_nonmax_U           |dataflow_in_loop_VITIS_LOOP_7_1_1_out_double_RAM_AUTO_1R1W      |        1|  0|   0|    0|   512|    8|     1|         4096|
    |out_sobel_magnitude_U  |dataflow_in_loop_VITIS_LOOP_7_1_1_out_double_RAM_AUTO_1R1W      |        1|  0|   0|    0|   512|    8|     1|         4096|
    |out_gaussian_U         |dataflow_in_loop_VITIS_LOOP_7_1_1_out_double_RAM_AUTO_1R1W      |        1|  0|   0|    0|   512|    8|     1|         4096|
    |out_grayscale_U        |dataflow_in_loop_VITIS_LOOP_7_1_1_out_double_RAM_AUTO_1R1W      |        1|  0|   0|    0|   512|    8|     1|         4096|
    |out_hysteresis_U       |dataflow_in_loop_VITIS_LOOP_7_1_1_out_hysteresis_RAM_AUTO_1R1W  |        1|  0|   0|    0|   512|    2|     1|         1024|
    |out_sobel_direction_U  |dataflow_in_loop_VITIS_LOOP_7_1_1_out_hysteresis_RAM_AUTO_1R1W  |        1|  0|   0|    0|   512|    2|     1|         1024|
    +-----------------------+----------------------------------------------------------------+---------+---+----+-----+------+-----+------+-------------+
    |Total                  |                                                                |        7|  0|   0|    0|  3584|   44|     7|        22528|
    +-----------------------+----------------------------------------------------------------+---------+---+----+-----+------+-----+------+-------------+

    * FIFO: 
    +--------------------+---------+----+----+-----+------+-----+---------+
    |        Name        | BRAM_18K| FF | LUT| URAM| Depth| Bits| Size:D*B|
    +--------------------+---------+----+----+-----+------+-----+---------+
    |cond_loc_channel_U  |        0|  99|   0|    -|     2|   18|       36|
    |double_valid_U      |        0|  99|   0|    -|     2|    1|        2|
    |gaussian_valid_U    |        0|  99|   0|    -|     2|    1|        2|
    |hysteresis_valid_U  |        0|  99|   0|    -|     2|    1|        2|
    |nonmax_valid_U      |        0|  99|   0|    -|     2|    1|        2|
    |out_c_U             |        0|  99|   0|    -|     9|   64|      576|
    |sobel_valid_U       |        0|  99|   0|    -|     2|    1|        2|
    +--------------------+---------+----+----+-----+------+-----+---------+
    |Total               |        0| 693|   0|    0|    21|   87|      622|
    +--------------------+---------+----+----+-----+------+-----+---------+

    * Expression: 
    +------------------------------------------------------------------------------+----------+----+---+----+------------+------------+
    |                                 Variable Name                                | Operation| DSP| FF| LUT| Bitwidth P0| Bitwidth P1|
    +------------------------------------------------------------------------------+----------+----+---+----+------------+------------+
    |ap_channel_done_double_valid                                                  |       and|   0|  0|   2|           1|           1|
    |ap_channel_done_gaussian_valid                                                |       and|   0|  0|   2|           1|           1|
    |ap_channel_done_hysteresis_valid                                              |       and|   0|  0|   2|           1|           1|
    |ap_channel_done_nonmax_valid                                                  |       and|   0|  0|   2|           1|           1|
    |ap_channel_done_out_double                                                    |       and|   0|  0|   2|           1|           1|
    |ap_channel_done_out_gaussian                                                  |       and|   0|  0|   2|           1|           1|
    |ap_channel_done_out_hysteresis                                                |       and|   0|  0|   2|           1|           1|
    |ap_channel_done_out_nonmax                                                    |       and|   0|  0|   2|           1|           1|
    |ap_channel_done_out_sobel_direction                                           |       and|   0|  0|   2|           1|           1|
    |ap_channel_done_sobel_valid                                                   |       and|   0|  0|   2|           1|           1|
    |ap_idle                                                                       |       and|   0|  0|   2|           1|           1|
    |ap_sync_ready                                                                 |       and|   0|  0|   2|           1|           1|
    |dataflow_in_loop_VITIS_LOOP_7_1_1_Block_newFuncRoot_proc_U0_ap_start          |       and|   0|  0|   2|           1|           1|
    |entry_proc_U0_ap_start                                                        |       and|   0|  0|   2|           1|           1|
    |grayscale_U0_ap_start                                                         |       and|   0|  0|   2|           1|           1|
    |ap_sync_channel_write_double_valid                                            |        or|   0|  0|   2|           1|           1|
    |ap_sync_channel_write_gaussian_valid                                          |        or|   0|  0|   2|           1|           1|
    |ap_sync_channel_write_hysteresis_valid                                        |        or|   0|  0|   2|           1|           1|
    |ap_sync_channel_write_nonmax_valid                                            |        or|   0|  0|   2|           1|           1|
    |ap_sync_channel_write_out_double                                              |        or|   0|  0|   2|           1|           1|
    |ap_sync_channel_write_out_gaussian                                            |        or|   0|  0|   2|           1|           1|
    |ap_sync_channel_write_out_hysteresis                                          |        or|   0|  0|   2|           1|           1|
    |ap_sync_channel_write_out_nonmax                                              |        or|   0|  0|   2|           1|           1|
    |ap_sync_channel_write_out_sobel_direction                                     |        or|   0|  0|   2|           1|           1|
    |ap_sync_channel_write_sobel_valid                                             |        or|   0|  0|   2|           1|           1|
    |ap_sync_dataflow_in_loop_VITIS_LOOP_7_1_1_Block_newFuncRoot_proc_U0_ap_ready  |        or|   0|  0|   2|           1|           1|
    |ap_sync_entry_proc_U0_ap_ready                                                |        or|   0|  0|   2|           1|           1|
    |ap_sync_grayscale_U0_ap_ready                                                 |        or|   0|  0|   2|           1|           1|
    +------------------------------------------------------------------------------+----------+----+---+----+------------+------------+
    |Total                                                                         |          |   0|  0|  56|          28|          28|
    +------------------------------------------------------------------------------+----------+----+---+----+------------+------------+

    * Multiplexer: 
    +----------------------------------------------------------------------------------+----+-----------+-----+-----------+
    |                                       Name                                       | LUT| Input Size| Bits| Total Bits|
    +----------------------------------------------------------------------------------+----+-----------+-----+-----------+
    |ap_sync_reg_channel_write_double_valid                                            |   9|          2|    1|          2|
    |ap_sync_reg_channel_write_gaussian_valid                                          |   9|          2|    1|          2|
    |ap_sync_reg_channel_write_hysteresis_valid                                        |   9|          2|    1|          2|
    |ap_sync_reg_channel_write_nonmax_valid                                            |   9|          2|    1|          2|
    |ap_sync_reg_channel_write_out_double                                              |   9|          2|    1|          2|
    |ap_sync_reg_channel_write_out_gaussian                                            |   9|          2|    1|          2|
    |ap_sync_reg_channel_write_out_hysteresis                                          |   9|          2|    1|          2|
    |ap_sync_reg_channel_write_out_nonmax                                              |   9|          2|    1|          2|
    |ap_sync_reg_channel_write_out_sobel_direction                                     |   9|          2|    1|          2|
    |ap_sync_reg_channel_write_sobel_valid                                             |   9|          2|    1|          2|
    |ap_sync_reg_dataflow_in_loop_VITIS_LOOP_7_1_1_Block_newFuncRoot_proc_U0_ap_ready  |   9|          2|    1|          2|
    |ap_sync_reg_entry_proc_U0_ap_ready                                                |   9|          2|    1|          2|
    |ap_sync_reg_grayscale_U0_ap_ready                                                 |   9|          2|    1|          2|
    +----------------------------------------------------------------------------------+----+-----------+-----+-----------+
    |Total                                                                             | 117|         26|   13|         26|
    +----------------------------------------------------------------------------------+----+-----------+-----+-----------+

    * Register: 
    +----------------------------------------------------------------------------------+---+----+-----+-----------+
    |                                       Name                                       | FF| LUT| Bits| Const Bits|
    +----------------------------------------------------------------------------------+---+----+-----+-----------+
    |ap_sync_reg_channel_write_double_valid                                            |  1|   0|    1|          0|
    |ap_sync_reg_channel_write_gaussian_valid                                          |  1|   0|    1|          0|
    |ap_sync_reg_channel_write_hysteresis_valid                                        |  1|   0|    1|          0|
    |ap_sync_reg_channel_write_nonmax_valid                                            |  1|   0|    1|          0|
    |ap_sync_reg_channel_write_out_double                                              |  1|   0|    1|          0|
    |ap_sync_reg_channel_write_out_gaussian                                            |  1|   0|    1|          0|
    |ap_sync_reg_channel_write_out_hysteresis                                          |  1|   0|    1|          0|
    |ap_sync_reg_channel_write_out_nonmax                                              |  1|   0|    1|          0|
    |ap_sync_reg_channel_write_out_sobel_direction                                     |  1|   0|    1|          0|
    |ap_sync_reg_channel_write_sobel_valid                                             |  1|   0|    1|          0|
    |ap_sync_reg_dataflow_in_loop_VITIS_LOOP_7_1_1_Block_newFuncRoot_proc_U0_ap_ready  |  1|   0|    1|          0|
    |ap_sync_reg_entry_proc_U0_ap_ready                                                |  1|   0|    1|          0|
    |ap_sync_reg_grayscale_U0_ap_ready                                                 |  1|   0|    1|          0|
    +----------------------------------------------------------------------------------+---+----+-----+-----------+
    |Total                                                                             | 13|   0|   13|          0|
    +----------------------------------------------------------------------------------+---+----+-----+-----------+



================================================================
== Interface
================================================================
* Summary: 
+---------------------------+-----+-----+------------+-----------------------------------+--------------+
|         RTL Ports         | Dir | Bits|  Protocol  |           Source Object           |    C Type    |
+---------------------------+-----+-----+------------+-----------------------------------+--------------+
|ap_clk                     |   in|    1|  ap_ctrl_hs|  dataflow_in_loop_VITIS_LOOP_7_1.1|  return value|
|ap_rst                     |   in|    1|  ap_ctrl_hs|  dataflow_in_loop_VITIS_LOOP_7_1.1|  return value|
|ap_start                   |   in|    1|  ap_ctrl_hs|  dataflow_in_loop_VITIS_LOOP_7_1.1|  return value|
|ap_done                    |  out|    1|  ap_ctrl_hs|  dataflow_in_loop_VITIS_LOOP_7_1.1|  return value|
|ap_ready                   |  out|    1|  ap_ctrl_hs|  dataflow_in_loop_VITIS_LOOP_7_1.1|  return value|
|ap_idle                    |  out|    1|  ap_ctrl_hs|  dataflow_in_loop_VITIS_LOOP_7_1.1|  return value|
|ap_continue                |   in|    1|  ap_ctrl_hs|  dataflow_in_loop_VITIS_LOOP_7_1.1|  return value|
|i_0                        |   in|   10|     ap_none|                                i_0|        scalar|
|i_0_ap_vld                 |   in|    1|     ap_none|                                i_0|        scalar|
|m_axi_gmem_in_0_AWVALID    |  out|    1|       m_axi|                            gmem_in|       pointer|
|m_axi_gmem_in_0_AWREADY    |   in|    1|       m_axi|                            gmem_in|       pointer|
|m_axi_gmem_in_0_AWADDR     |  out|   64|       m_axi|                            gmem_in|       pointer|
|m_axi_gmem_in_0_AWID       |  out|    1|       m_axi|                            gmem_in|       pointer|
|m_axi_gmem_in_0_AWLEN      |  out|   32|       m_axi|                            gmem_in|       pointer|
|m_axi_gmem_in_0_AWSIZE     |  out|    3|       m_axi|                            gmem_in|       pointer|
|m_axi_gmem_in_0_AWBURST    |  out|    2|       m_axi|                            gmem_in|       pointer|
|m_axi_gmem_in_0_AWLOCK     |  out|    2|       m_axi|                            gmem_in|       pointer|
|m_axi_gmem_in_0_AWCACHE    |  out|    4|       m_axi|                            gmem_in|       pointer|
|m_axi_gmem_in_0_AWPROT     |  out|    3|       m_axi|                            gmem_in|       pointer|
|m_axi_gmem_in_0_AWQOS      |  out|    4|       m_axi|                            gmem_in|       pointer|
|m_axi_gmem_in_0_AWREGION   |  out|    4|       m_axi|                            gmem_in|       pointer|
|m_axi_gmem_in_0_AWUSER     |  out|    1|       m_axi|                            gmem_in|       pointer|
|m_axi_gmem_in_0_WVALID     |  out|    1|       m_axi|                            gmem_in|       pointer|
|m_axi_gmem_in_0_WREADY     |   in|    1|       m_axi|                            gmem_in|       pointer|
|m_axi_gmem_in_0_WDATA      |  out|   32|       m_axi|                            gmem_in|       pointer|
|m_axi_gmem_in_0_WSTRB      |  out|    4|       m_axi|                            gmem_in|       pointer|
|m_axi_gmem_in_0_WLAST      |  out|    1|       m_axi|                            gmem_in|       pointer|
|m_axi_gmem_in_0_WID        |  out|    1|       m_axi|                            gmem_in|       pointer|
|m_axi_gmem_in_0_WUSER      |  out|    1|       m_axi|                            gmem_in|       pointer|
|m_axi_gmem_in_0_ARVALID    |  out|    1|       m_axi|                            gmem_in|       pointer|
|m_axi_gmem_in_0_ARREADY    |   in|    1|       m_axi|                            gmem_in|       pointer|
|m_axi_gmem_in_0_ARADDR     |  out|   64|       m_axi|                            gmem_in|       pointer|
|m_axi_gmem_in_0_ARID       |  out|    1|       m_axi|                            gmem_in|       pointer|
|m_axi_gmem_in_0_ARLEN      |  out|   32|       m_axi|                            gmem_in|       pointer|
|m_axi_gmem_in_0_ARSIZE     |  out|    3|       m_axi|                            gmem_in|       pointer|
|m_axi_gmem_in_0_ARBURST    |  out|    2|       m_axi|                            gmem_in|       pointer|
|m_axi_gmem_in_0_ARLOCK     |  out|    2|       m_axi|                            gmem_in|       pointer|
|m_axi_gmem_in_0_ARCACHE    |  out|    4|       m_axi|                            gmem_in|       pointer|
|m_axi_gmem_in_0_ARPROT     |  out|    3|       m_axi|                            gmem_in|       pointer|
|m_axi_gmem_in_0_ARQOS      |  out|    4|       m_axi|                            gmem_in|       pointer|
|m_axi_gmem_in_0_ARREGION   |  out|    4|       m_axi|                            gmem_in|       pointer|
|m_axi_gmem_in_0_ARUSER     |  out|    1|       m_axi|                            gmem_in|       pointer|
|m_axi_gmem_in_0_RVALID     |   in|    1|       m_axi|                            gmem_in|       pointer|
|m_axi_gmem_in_0_RREADY     |  out|    1|       m_axi|                            gmem_in|       pointer|
|m_axi_gmem_in_0_RDATA      |   in|   32|       m_axi|                            gmem_in|       pointer|
|m_axi_gmem_in_0_RLAST      |   in|    1|       m_axi|                            gmem_in|       pointer|
|m_axi_gmem_in_0_RID        |   in|    1|       m_axi|                            gmem_in|       pointer|
|m_axi_gmem_in_0_RFIFONUM   |   in|    9|       m_axi|                            gmem_in|       pointer|
|m_axi_gmem_in_0_RUSER      |   in|    1|       m_axi|                            gmem_in|       pointer|
|m_axi_gmem_in_0_RRESP      |   in|    2|       m_axi|                            gmem_in|       pointer|
|m_axi_gmem_in_0_BVALID     |   in|    1|       m_axi|                            gmem_in|       pointer|
|m_axi_gmem_in_0_BREADY     |  out|    1|       m_axi|                            gmem_in|       pointer|
|m_axi_gmem_in_0_BRESP      |   in|    2|       m_axi|                            gmem_in|       pointer|
|m_axi_gmem_in_0_BID        |   in|    1|       m_axi|                            gmem_in|       pointer|
|m_axi_gmem_in_0_BUSER      |   in|    1|       m_axi|                            gmem_in|       pointer|
|in_r                       |   in|   64|     ap_none|                               in_r|        scalar|
|in_r_ap_vld                |   in|    1|     ap_none|                               in_r|        scalar|
|m_axi_gmem_out_0_AWVALID   |  out|    1|       m_axi|                           gmem_out|       pointer|
|m_axi_gmem_out_0_AWREADY   |   in|    1|       m_axi|                           gmem_out|       pointer|
|m_axi_gmem_out_0_AWADDR    |  out|   64|       m_axi|                           gmem_out|       pointer|
|m_axi_gmem_out_0_AWID      |  out|    1|       m_axi|                           gmem_out|       pointer|
|m_axi_gmem_out_0_AWLEN     |  out|   32|       m_axi|                           gmem_out|       pointer|
|m_axi_gmem_out_0_AWSIZE    |  out|    3|       m_axi|                           gmem_out|       pointer|
|m_axi_gmem_out_0_AWBURST   |  out|    2|       m_axi|                           gmem_out|       pointer|
|m_axi_gmem_out_0_AWLOCK    |  out|    2|       m_axi|                           gmem_out|       pointer|
|m_axi_gmem_out_0_AWCACHE   |  out|    4|       m_axi|                           gmem_out|       pointer|
|m_axi_gmem_out_0_AWPROT    |  out|    3|       m_axi|                           gmem_out|       pointer|
|m_axi_gmem_out_0_AWQOS     |  out|    4|       m_axi|                           gmem_out|       pointer|
|m_axi_gmem_out_0_AWREGION  |  out|    4|       m_axi|                           gmem_out|       pointer|
|m_axi_gmem_out_0_AWUSER    |  out|    1|       m_axi|                           gmem_out|       pointer|
|m_axi_gmem_out_0_WVALID    |  out|    1|       m_axi|                           gmem_out|       pointer|
|m_axi_gmem_out_0_WREADY    |   in|    1|       m_axi|                           gmem_out|       pointer|
|m_axi_gmem_out_0_WDATA     |  out|  512|       m_axi|                           gmem_out|       pointer|
|m_axi_gmem_out_0_WSTRB     |  out|   64|       m_axi|                           gmem_out|       pointer|
|m_axi_gmem_out_0_WLAST     |  out|    1|       m_axi|                           gmem_out|       pointer|
|m_axi_gmem_out_0_WID       |  out|    1|       m_axi|                           gmem_out|       pointer|
|m_axi_gmem_out_0_WUSER     |  out|    1|       m_axi|                           gmem_out|       pointer|
|m_axi_gmem_out_0_ARVALID   |  out|    1|       m_axi|                           gmem_out|       pointer|
|m_axi_gmem_out_0_ARREADY   |   in|    1|       m_axi|                           gmem_out|       pointer|
|m_axi_gmem_out_0_ARADDR    |  out|   64|       m_axi|                           gmem_out|       pointer|
|m_axi_gmem_out_0_ARID      |  out|    1|       m_axi|                           gmem_out|       pointer|
|m_axi_gmem_out_0_ARLEN     |  out|   32|       m_axi|                           gmem_out|       pointer|
|m_axi_gmem_out_0_ARSIZE    |  out|    3|       m_axi|                           gmem_out|       pointer|
|m_axi_gmem_out_0_ARBURST   |  out|    2|       m_axi|                           gmem_out|       pointer|
|m_axi_gmem_out_0_ARLOCK    |  out|    2|       m_axi|                           gmem_out|       pointer|
|m_axi_gmem_out_0_ARCACHE   |  out|    4|       m_axi|                           gmem_out|       pointer|
|m_axi_gmem_out_0_ARPROT    |  out|    3|       m_axi|                           gmem_out|       pointer|
|m_axi_gmem_out_0_ARQOS     |  out|    4|       m_axi|                           gmem_out|       pointer|
|m_axi_gmem_out_0_ARREGION  |  out|    4|       m_axi|                           gmem_out|       pointer|
|m_axi_gmem_out_0_ARUSER    |  out|    1|       m_axi|                           gmem_out|       pointer|
|m_axi_gmem_out_0_RVALID    |   in|    1|       m_axi|                           gmem_out|       pointer|
|m_axi_gmem_out_0_RREADY    |  out|    1|       m_axi|                           gmem_out|       pointer|
|m_axi_gmem_out_0_RDATA     |   in|  512|       m_axi|                           gmem_out|       pointer|
|m_axi_gmem_out_0_RLAST     |   in|    1|       m_axi|                           gmem_out|       pointer|
|m_axi_gmem_out_0_RID       |   in|    1|       m_axi|                           gmem_out|       pointer|
|m_axi_gmem_out_0_RFIFONUM  |   in|    9|       m_axi|                           gmem_out|       pointer|
|m_axi_gmem_out_0_RUSER     |   in|    1|       m_axi|                           gmem_out|       pointer|
|m_axi_gmem_out_0_RRESP     |   in|    2|       m_axi|                           gmem_out|       pointer|
|m_axi_gmem_out_0_BVALID    |   in|    1|       m_axi|                           gmem_out|       pointer|
|m_axi_gmem_out_0_BREADY    |  out|    1|       m_axi|                           gmem_out|       pointer|
|m_axi_gmem_out_0_BRESP     |   in|    2|       m_axi|                           gmem_out|       pointer|
|m_axi_gmem_out_0_BID       |   in|    1|       m_axi|                           gmem_out|       pointer|
|m_axi_gmem_out_0_BUSER     |   in|    1|       m_axi|                           gmem_out|       pointer|
|out_r                      |   in|   64|     ap_none|                              out_r|        scalar|
|out_r_ap_vld               |   in|    1|     ap_none|                              out_r|        scalar|
+---------------------------+-----+-----+------------+-----------------------------------+--------------+

============================================================
+ Verbose Summary: Synthesis Manager
============================================================
InlineROM: 1
ExposeGlobal: 0
============================================================
+ Verbose Summary: CDFG Model
============================================================
IsTopModel: 0
ResetActiveHigh: 1
IsCombinational: 2
IsDatapathOnly: 0
HasWiredReturn: 1
HasMFsm: 0
HasVarLatency: 1
IsPipeline: 0
IsRtlPipelined: 0
IsInstanceOverlapped: 0
IsDontTouch: 0
HasImplIP: 0
IsGatedGlobalClock: 0


============================================================
+ Verbose Summary: Schedule
============================================================
* Number of FSM states : 15
* Pipeline : 0
* Dataflow Pipeline: 1
  DF-Pipeline-0: Size = 15, States = { 1 2 3 4 5 6 7 8 9 10 11 12 13 14 15 }

* FSM state transitions: 
1 --> 2 
2 --> 3 
3 --> 4 
4 --> 5 
5 --> 6 
6 --> 7 
7 --> 8 
8 --> 9 
9 --> 10 
10 --> 11 
11 --> 12 
12 --> 13 
13 --> 14 
14 --> 15 
15 --> 

* FSM state operations: 

State 1 <SV = 0> <Delay = 1.82>
ST_1 : Operation 16 [1/1] (0.00ns)   --->   "%out_read = read i64 @_ssdm_op_Read.ap_auto.i64, i64 %out_r"   --->   Operation 16 'read' 'out_read' <Predicate = true> <Delay = 0.00>
ST_1 : Operation 17 [1/1] (0.00ns)   --->   "%i_0_read = read i10 @_ssdm_op_Read.ap_auto.i10, i10 %i_0"   --->   Operation 17 'read' 'i_0_read' <Predicate = true> <Delay = 0.00>
ST_1 : Operation 18 [1/1] (0.00ns)   --->   "%out_c = alloca i64 1"   --->   Operation 18 'alloca' 'out_c' <Predicate = true> <Delay = 0.00> <CoreInst = "FIFO_SRL">   --->   Core 80 'FIFO_SRL' <Latency = 0> <II = 1> <Delay = 1.94> <Storage> <Opcode : 'read' 'write' 'nbread' 'nbwrite'> <Ports = 0> <Width = 64> <Depth = 9> <FIFO>
ST_1 : Operation 19 [1/1] (1.23ns)   --->   "%out_hysteresis = alloca i64 1" [../src/canny_top.cpp:14]   --->   Operation 19 'alloca' 'out_hysteresis' <Predicate = true> <Delay = 1.23>
ST_1 : Operation 20 [1/1] (1.23ns)   --->   "%out_double = alloca i64 1" [../src/canny_top.cpp:13]   --->   Operation 20 'alloca' 'out_double' <Predicate = true> <Delay = 1.23>
ST_1 : Operation 21 [1/1] (1.23ns)   --->   "%out_nonmax = alloca i64 1" [../src/canny_top.cpp:12]   --->   Operation 21 'alloca' 'out_nonmax' <Predicate = true> <Delay = 1.23>
ST_1 : Operation 22 [1/1] (1.23ns)   --->   "%out_sobel_direction = alloca i64 1" [../src/canny_top.cpp:11]   --->   Operation 22 'alloca' 'out_sobel_direction' <Predicate = true> <Delay = 1.23>
ST_1 : Operation 23 [1/1] (1.23ns)   --->   "%out_sobel_magnitude = alloca i64 1" [../src/canny_top.cpp:11]   --->   Operation 23 'alloca' 'out_sobel_magnitude' <Predicate = true> <Delay = 1.23>
ST_1 : Operation 24 [1/1] (1.23ns)   --->   "%out_gaussian = alloca i64 1" [../src/canny_top.cpp:10]   --->   Operation 24 'alloca' 'out_gaussian' <Predicate = true> <Delay = 1.23>
ST_1 : Operation 25 [1/1] (1.23ns)   --->   "%out_grayscale = alloca i64 1" [../src/canny_top.cpp:9]   --->   Operation 25 'alloca' 'out_grayscale' <Predicate = true> <Delay = 1.23>
ST_1 : Operation 26 [1/1] (1.82ns)   --->   "%call_ln0 = call void @entry_proc, i64 %out_read, i64 %out_c"   --->   Operation 26 'call' 'call_ln0' <Predicate = true> <Delay = 1.82> <CoreType = "Generic">   --->   Generic Core
ST_1 : Operation 27 [1/1] (0.36ns)   --->   "%cond_loc_channel = call i18 @dataflow_in_loop_VITIS_LOOP_7_1.1_Block_newFuncRoot_proc, i10 %i_0_read" [../src/canny_top.cpp:21]   --->   Operation 27 'call' 'cond_loc_channel' <Predicate = true> <Delay = 0.36> <CoreInst = "FIFO_SRL">   --->   Core 80 'FIFO_SRL' <Latency = 0> <II = 1> <Delay = 1.83> <Storage> <Opcode : 'read' 'write' 'nbread' 'nbwrite'> <Ports = 0> <Width = 18> <Depth = 2> <FIFO>

State 2 <SV = 1> <Delay = 2.17>
ST_2 : Operation 28 [1/1] (0.00ns)   --->   "%in_read = read i64 @_ssdm_op_Read.ap_auto.i64, i64 %in_r"   --->   Operation 28 'read' 'in_read' <Predicate = true> <Delay = 0.00>
ST_2 : Operation 29 [2/2] (2.17ns)   --->   "%call_ln23 = call void @grayscale, i18 %cond_loc_channel, i32 %gmem_in, i64 %in_read, i8 %out_grayscale" [../src/canny_top.cpp:23]   --->   Operation 29 'call' 'call_ln23' <Predicate = true> <Delay = 2.17> <CoreType = "Generic">   --->   Generic Core

State 3 <SV = 2> <Delay = 0.00>
ST_3 : Operation 30 [1/2] (0.00ns)   --->   "%call_ln23 = call void @grayscale, i18 %cond_loc_channel, i32 %gmem_in, i64 %in_read, i8 %out_grayscale" [../src/canny_top.cpp:23]   --->   Operation 30 'call' 'call_ln23' <Predicate = true> <Delay = 0.00> <CoreType = "Generic">   --->   Generic Core

State 4 <SV = 3> <Delay = 0.00>
ST_4 : Operation 31 [2/2] (0.00ns)   --->   "%gaussian_valid = call i1 @gaussian_blur, i8 %out_grayscale, i8 %out_gaussian, i32 %p_anonymous_namespace_rowsReceived, i8 %p_ZN12_GLOBAL_N_110lineBufferE_0, i8 %p_ZN12_GLOBAL_N_110lineBufferE_1" [../src/canny_top.cpp:24]   --->   Operation 31 'call' 'gaussian_valid' <Predicate = true> <Delay = 0.00> <CoreInst = "FIFO_SRL">   --->   Core 80 'FIFO_SRL' <Latency = 0> <II = 1> <Delay = 1.83> <Storage> <Opcode : 'read' 'write' 'nbread' 'nbwrite'> <Ports = 0> <Width = 1> <Depth = 2> <FIFO>

State 5 <SV = 4> <Delay = 0.42>
ST_5 : Operation 32 [1/2] (0.42ns)   --->   "%gaussian_valid = call i1 @gaussian_blur, i8 %out_grayscale, i8 %out_gaussian, i32 %p_anonymous_namespace_rowsReceived, i8 %p_ZN12_GLOBAL_N_110lineBufferE_0, i8 %p_ZN12_GLOBAL_N_110lineBufferE_1" [../src/canny_top.cpp:24]   --->   Operation 32 'call' 'gaussian_valid' <Predicate = true> <Delay = 0.42> <CoreInst = "FIFO_SRL">   --->   Core 80 'FIFO_SRL' <Latency = 0> <II = 1> <Delay = 1.83> <Storage> <Opcode : 'read' 'write' 'nbread' 'nbwrite'> <Ports = 0> <Width = 1> <Depth = 2> <FIFO>

State 6 <SV = 5> <Delay = 2.25>
ST_6 : Operation 33 [2/2] (2.25ns)   --->   "%sobel_valid = call i1 @sobel, i1 %gaussian_valid, i8 %out_gaussian, i8 %out_sobel_magnitude, i2 %out_sobel_direction, i32 %p_anonymous_namespace_rowsReceived_2, i8 %p_anonymous_namespace_lineBuffer_16_0, i8 %p_anonymous_namespace_lineBuffer_16_1" [../src/canny_top.cpp:25]   --->   Operation 33 'call' 'sobel_valid' <Predicate = true> <Delay = 2.25> <CoreInst = "FIFO_SRL">   --->   Core 80 'FIFO_SRL' <Latency = 0> <II = 1> <Delay = 1.83> <Storage> <Opcode : 'read' 'write' 'nbread' 'nbwrite'> <Ports = 0> <Width = 1> <Depth = 2> <FIFO>

State 7 <SV = 6> <Delay = 0.85>
ST_7 : Operation 34 [1/2] (0.85ns)   --->   "%sobel_valid = call i1 @sobel, i1 %gaussian_valid, i8 %out_gaussian, i8 %out_sobel_magnitude, i2 %out_sobel_direction, i32 %p_anonymous_namespace_rowsReceived_2, i8 %p_anonymous_namespace_lineBuffer_16_0, i8 %p_anonymous_namespace_lineBuffer_16_1" [../src/canny_top.cpp:25]   --->   Operation 34 'call' 'sobel_valid' <Predicate = true> <Delay = 0.85> <CoreInst = "FIFO_SRL">   --->   Core 80 'FIFO_SRL' <Latency = 0> <II = 1> <Delay = 1.83> <Storage> <Opcode : 'read' 'write' 'nbread' 'nbwrite'> <Ports = 0> <Width = 1> <Depth = 2> <FIFO>

State 8 <SV = 7> <Delay = 2.25>
ST_8 : Operation 35 [2/2] (2.25ns)   --->   "%nonmax_valid = call i1 @non_maximum_suppression, i1 %sobel_valid, i8 %out_sobel_magnitude, i2 %out_sobel_direction, i8 %out_nonmax, i32 %p_anonymous_namespace_rowsReceived_3, i2 %p_anonymous_namespace_lineBuffer_direction, i8 %p_anonymous_namespace_lineBuffer_11_magnitude_0, i8 %p_anonymous_namespace_lineBuffer_11_magnitude_1" [../src/canny_top.cpp:26]   --->   Operation 35 'call' 'nonmax_valid' <Predicate = true> <Delay = 2.25> <CoreInst = "FIFO_SRL">   --->   Core 80 'FIFO_SRL' <Latency = 0> <II = 1> <Delay = 1.83> <Storage> <Opcode : 'read' 'write' 'nbread' 'nbwrite'> <Ports = 0> <Width = 1> <Depth = 2> <FIFO>

State 9 <SV = 8> <Delay = 0.85>
ST_9 : Operation 36 [1/2] (0.85ns)   --->   "%nonmax_valid = call i1 @non_maximum_suppression, i1 %sobel_valid, i8 %out_sobel_magnitude, i2 %out_sobel_direction, i8 %out_nonmax, i32 %p_anonymous_namespace_rowsReceived_3, i2 %p_anonymous_namespace_lineBuffer_direction, i8 %p_anonymous_namespace_lineBuffer_11_magnitude_0, i8 %p_anonymous_namespace_lineBuffer_11_magnitude_1" [../src/canny_top.cpp:26]   --->   Operation 36 'call' 'nonmax_valid' <Predicate = true> <Delay = 0.85> <CoreInst = "FIFO_SRL">   --->   Core 80 'FIFO_SRL' <Latency = 0> <II = 1> <Delay = 1.83> <Storage> <Opcode : 'read' 'write' 'nbread' 'nbwrite'> <Ports = 0> <Width = 1> <Depth = 2> <FIFO>

State 10 <SV = 9> <Delay = 2.25>
ST_10 : Operation 37 [2/2] (2.25ns)   --->   "%double_valid = call i1 @double_threshold, i1 %nonmax_valid, i8 %out_nonmax, i8 %out_double" [../src/canny_top.cpp:27]   --->   Operation 37 'call' 'double_valid' <Predicate = true> <Delay = 2.25> <CoreInst = "FIFO_SRL">   --->   Core 80 'FIFO_SRL' <Latency = 0> <II = 1> <Delay = 1.83> <Storage> <Opcode : 'read' 'write' 'nbread' 'nbwrite'> <Ports = 0> <Width = 1> <Depth = 2> <FIFO>

State 11 <SV = 10> <Delay = 0.42>
ST_11 : Operation 38 [1/2] (0.42ns)   --->   "%double_valid = call i1 @double_threshold, i1 %nonmax_valid, i8 %out_nonmax, i8 %out_double" [../src/canny_top.cpp:27]   --->   Operation 38 'call' 'double_valid' <Predicate = true> <Delay = 0.42> <CoreInst = "FIFO_SRL">   --->   Core 80 'FIFO_SRL' <Latency = 0> <II = 1> <Delay = 1.83> <Storage> <Opcode : 'read' 'write' 'nbread' 'nbwrite'> <Ports = 0> <Width = 1> <Depth = 2> <FIFO>

State 12 <SV = 11> <Delay = 2.25>
ST_12 : Operation 39 [2/2] (2.25ns)   --->   "%hysteresis_valid = call i1 @hysteresis, i1 %double_valid, i8 %out_double, i2 %out_hysteresis, i32 %p_anonymous_namespace_rowsReceived_1, i8 %p_anonymous_namespace_lineBuffer_6_0, i8 %p_anonymous_namespace_lineBuffer_6_1" [../src/canny_top.cpp:28]   --->   Operation 39 'call' 'hysteresis_valid' <Predicate = true> <Delay = 2.25> <CoreInst = "FIFO_SRL">   --->   Core 80 'FIFO_SRL' <Latency = 0> <II = 1> <Delay = 1.83> <Storage> <Opcode : 'read' 'write' 'nbread' 'nbwrite'> <Ports = 0> <Width = 1> <Depth = 2> <FIFO>

State 13 <SV = 12> <Delay = 0.85>
ST_13 : Operation 40 [1/2] (0.85ns)   --->   "%hysteresis_valid = call i1 @hysteresis, i1 %double_valid, i8 %out_double, i2 %out_hysteresis, i32 %p_anonymous_namespace_rowsReceived_1, i8 %p_anonymous_namespace_lineBuffer_6_0, i8 %p_anonymous_namespace_lineBuffer_6_1" [../src/canny_top.cpp:28]   --->   Operation 40 'call' 'hysteresis_valid' <Predicate = true> <Delay = 0.85> <CoreInst = "FIFO_SRL">   --->   Core 80 'FIFO_SRL' <Latency = 0> <II = 1> <Delay = 1.83> <Storage> <Opcode : 'read' 'write' 'nbread' 'nbwrite'> <Ports = 0> <Width = 1> <Depth = 2> <FIFO>

State 14 <SV = 13> <Delay = 1.82>
ST_14 : Operation 41 [2/2] (1.82ns)   --->   "%call_ln29 = call void @output_row, i1 %hysteresis_valid, i2 %out_hysteresis, i512 %gmem_out, i64 %out_c, i32 %rowsReceived" [../src/canny_top.cpp:29]   --->   Operation 41 'call' 'call_ln29' <Predicate = true> <Delay = 1.82> <CoreType = "Generic">   --->   Generic Core

State 15 <SV = 14> <Delay = 0.00>
ST_15 : Operation 42 [1/1] (0.00ns)   --->   "%empty = specchannel i32 @_ssdm_op_SpecChannel, void @out_c_str, i32 1, void @p_str, void @p_str, i32 9, i32 0, i64 %out_c, i64 %out_c"   --->   Operation 42 'specchannel' 'empty' <Predicate = true> <Delay = 0.00>
ST_15 : Operation 43 [1/1] (0.00ns)   --->   "%specinterface_ln0 = specinterface void @_ssdm_op_SpecInterface, i64 %out_c, void @ap_fifo_str, i32 0, i32 0, void @p_str, i32 0, i32 0, void @p_str, void @p_str, void @p_str, i32 2, i32 2, i32 16, i32 16, void @p_str, void @p_str, i32 4294967295, i32 0, i32 0, i32 0"   --->   Operation 43 'specinterface' 'specinterface_ln0' <Predicate = true> <Delay = 0.00>
ST_15 : Operation 44 [1/1] (0.00ns)   --->   "%specdataflowpipeline_ln0 = specdataflowpipeline void @_ssdm_op_SpecDataflowPipeline, i32 4294967295, i32 0, void @empty_0"   --->   Operation 44 'specdataflowpipeline' 'specdataflowpipeline_ln0' <Predicate = true> <Delay = 0.00>
ST_15 : Operation 45 [1/1] (0.00ns)   --->   "%specinterface_ln0 = specinterface void @_ssdm_op_SpecInterface, i512 %gmem_out, void @empty, i32 0, i32 0, void @empty_0, i32 64, i32 0, void @empty_8, void @empty_14, void @empty_0, i32 16, i32 16, i32 16, i32 16, void @empty_0, void @empty_0, i32 4294967295, i32 0, i32 0, i32 64"   --->   Operation 45 'specinterface' 'specinterface_ln0' <Predicate = true> <Delay = 0.00>
ST_15 : Operation 46 [1/1] (0.00ns)   --->   "%specinterface_ln0 = specinterface void @_ssdm_op_SpecInterface, i32 %gmem_in, void @empty, i32 0, i32 0, void @empty_0, i32 64, i32 0, void @empty_17, void @empty_14, void @empty_0, i32 16, i32 16, i32 16, i32 16, void @empty_0, void @empty_0, i32 4294967295, i32 0, i32 0, i32 4"   --->   Operation 46 'specinterface' 'specinterface_ln0' <Predicate = true> <Delay = 0.00>
ST_15 : Operation 47 [1/2] (0.00ns)   --->   "%call_ln29 = call void @output_row, i1 %hysteresis_valid, i2 %out_hysteresis, i512 %gmem_out, i64 %out_c, i32 %rowsReceived" [../src/canny_top.cpp:29]   --->   Operation 47 'call' 'call_ln29' <Predicate = true> <Delay = 0.00> <CoreType = "Generic">   --->   Generic Core
ST_15 : Operation 48 [1/1] (0.00ns)   --->   "%ret_ln0 = ret"   --->   Operation 48 'ret' 'ret_ln0' <Predicate = true> <Delay = 0.00>


============================================================
+ Verbose Summary: Binding
============================================================
STG Binding: 
---------------- STG Properties BEGIN ----------------
- Is combinational: 0
- Is one-state seq: 0
- Is datapath-only: 0
- Is pipelined: 0
- Is top level: 0
Port [ Return ] is wired: 1; IO mode=ap_ctrl_hs:ce=0
Port [ i_0]:  wired=1; compound=0; hidden=0; nouse=0; global=0; static=0; extern=0; dir=0; type=0; pingpong=0; private_global=0; IO mode=ap_none:ce=0
Port [ gmem_in]:  wired=1; compound=1; hidden=0; nouse=0; global=0; static=0; extern=0; dir=0; type=4; pingpong=0; private_global=0; IO mode=m_axi:ce=0
Port [ in_r]:  wired=1; compound=0; hidden=0; nouse=0; global=0; static=0; extern=0; dir=0; type=0; pingpong=0; private_global=0; IO mode=ap_none:ce=0
Port [ gmem_out]:  wired=1; compound=1; hidden=0; nouse=0; global=0; static=0; extern=0; dir=1; type=4; pingpong=0; private_global=0; IO mode=m_axi:ce=0
Port [ out_r]:  wired=1; compound=0; hidden=0; nouse=0; global=0; static=0; extern=0; dir=0; type=0; pingpong=0; private_global=0; IO mode=ap_none:ce=0
Port [ p_anonymous_namespace_rowsReceived]:  wired=0; compound=0; hidden=1; nouse=1; global=1; static=1; extern=0; dir=2; type=0; pingpong=0; private_global=0; IO mode=ap_ovld:ce=0
Port [ p_ZN12_GLOBAL_N_110lineBufferE_0]:  wired=0; compound=1; hidden=1; nouse=1; global=1; static=1; extern=0; dir=2; type=1; pingpong=0; private_global=0; MemPort=[21]; IO mode=ap_memory:ce=0
Port [ p_ZN12_GLOBAL_N_110lineBufferE_1]:  wired=0; compound=1; hidden=1; nouse=1; global=1; static=1; extern=0; dir=2; type=1; pingpong=0; private_global=0; MemPort=[21]; IO mode=ap_memory:ce=0
Port [ p_anonymous_namespace_rowsReceived_2]:  wired=0; compound=0; hidden=1; nouse=1; global=1; static=1; extern=0; dir=2; type=0; pingpong=0; private_global=0; IO mode=ap_ovld:ce=0
Port [ p_anonymous_namespace_lineBuffer_16_0]:  wired=0; compound=1; hidden=1; nouse=1; global=1; static=1; extern=0; dir=2; type=1; pingpong=0; private_global=0; MemPort=[21]; IO mode=ap_memory:ce=0
Port [ p_anonymous_namespace_lineBuffer_16_1]:  wired=0; compound=1; hidden=1; nouse=1; global=1; static=1; extern=0; dir=2; type=1; pingpong=0; private_global=0; MemPort=[21]; IO mode=ap_memory:ce=0
Port [ p_anonymous_namespace_rowsReceived_3]:  wired=0; compound=0; hidden=1; nouse=1; global=1; static=1; extern=0; dir=2; type=0; pingpong=0; private_global=0; IO mode=ap_ovld:ce=0
Port [ p_anonymous_namespace_lineBuffer_direction]:  wired=0; compound=1; hidden=1; nouse=1; global=1; static=1; extern=0; dir=2; type=1; pingpong=0; private_global=0; MemPort=[23]; IO mode=ap_memory:ce=0
Port [ p_anonymous_namespace_lineBuffer_11_magnitude_0]:  wired=0; compound=1; hidden=1; nouse=1; global=1; static=1; extern=0; dir=2; type=1; pingpong=0; private_global=0; MemPort=[21]; IO mode=ap_memory:ce=0
Port [ p_anonymous_namespace_lineBuffer_11_magnitude_1]:  wired=0; compound=1; hidden=1; nouse=1; global=1; static=1; extern=0; dir=2; type=1; pingpong=0; private_global=0; MemPort=[21]; IO mode=ap_memory:ce=0
Port [ p_anonymous_namespace_rowsReceived_1]:  wired=0; compound=0; hidden=1; nouse=1; global=1; static=1; extern=0; dir=2; type=0; pingpong=0; private_global=0; IO mode=ap_ovld:ce=0
Port [ p_anonymous_namespace_lineBuffer_6_0]:  wired=0; compound=1; hidden=1; nouse=1; global=1; static=1; extern=0; dir=2; type=1; pingpong=0; private_global=0; MemPort=[21]; IO mode=ap_memory:ce=0
Port [ p_anonymous_namespace_lineBuffer_6_1]:  wired=0; compound=1; hidden=1; nouse=1; global=1; static=1; extern=0; dir=2; type=1; pingpong=0; private_global=0; MemPort=[21]; IO mode=ap_memory:ce=0
Port [ rowsReceived]:  wired=0; compound=0; hidden=1; nouse=1; global=1; static=1; extern=0; dir=2; type=0; pingpong=0; private_global=0; IO mode=ap_ovld:ce=0
---------------- STG Properties END ------------------

---------------- Datapath Model BEGIN ----------------

<LifeTime>
<method=bitvector/>
out_read                 (read                ) [ 0000000000000000]
i_0_read                 (read                ) [ 0000000000000000]
out_c                    (alloca              ) [ 0111111111111111]
out_hysteresis           (alloca              ) [ 0011111111111111]
out_double               (alloca              ) [ 0011111111111100]
out_nonmax               (alloca              ) [ 0011111111110000]
out_sobel_direction      (alloca              ) [ 0011111111000000]
out_sobel_magnitude      (alloca              ) [ 0011111111000000]
out_gaussian             (alloca              ) [ 0011111100000000]
out_grayscale            (alloca              ) [ 0011110000000000]
call_ln0                 (call                ) [ 0000000000000000]
cond_loc_channel         (call                ) [ 0011000000000000]
in_read                  (read                ) [ 0001000000000000]
call_ln23                (call                ) [ 0000000000000000]
gaussian_valid           (call                ) [ 0000001100000000]
sobel_valid              (call                ) [ 0000000011000000]
nonmax_valid             (call                ) [ 0000000000110000]
double_valid             (call                ) [ 0000000000001100]
hysteresis_valid         (call                ) [ 0000000000000011]
empty                    (specchannel         ) [ 0000000000000000]
specinterface_ln0        (specinterface       ) [ 0000000000000000]
specdataflowpipeline_ln0 (specdataflowpipeline) [ 0000000000000000]
specinterface_ln0        (specinterface       ) [ 0000000000000000]
specinterface_ln0        (specinterface       ) [ 0000000000000000]
call_ln29                (call                ) [ 0000000000000000]
ret_ln0                  (ret                 ) [ 0000000000000000]
</LifeTime>

<model>

<comp_list>
<comp id="0" class="1000" name="i_0">
<pin_list>
<pin id="1" dir="1" index="0" bw="1" slack="0"/>
</pin_list>
<bind>
<StgValue><ssdm name="i_0"/></StgValue>
</bind>
</comp>

<comp id="2" class="1000" name="gmem_in">
<pin_list>
<pin id="3" dir="1" index="0" bw="1" slack="0"/>
</pin_list>
<bind>
<StgValue><ssdm name="gmem_in"/><MemPortTyVec>0 </MemPortTyVec>
</StgValue>
</bind>
</comp>

<comp id="4" class="1000" name="in_r">
<pin_list>
<pin id="5" dir="1" index="0" bw="1" slack="0"/>
</pin_list>
<bind>
<StgValue><ssdm name="in_r"/></StgValue>
</bind>
</comp>

<comp id="6" class="1000" name="gmem_out">
<pin_list>
<pin id="7" dir="1" index="0" bw="1" slack="0"/>
</pin_list>
<bind>
<StgValue><ssdm name="gmem_out"/><MemPortTyVec>1 </MemPortTyVec>
</StgValue>
</bind>
</comp>

<comp id="8" class="1000" name="out_r">
<pin_list>
<pin id="9" dir="1" index="0" bw="1" slack="0"/>
</pin_list>
<bind>
<StgValue><ssdm name="out_r"/></StgValue>
</bind>
</comp>

<comp id="10" class="1000" name="p_anonymous_namespace_rowsReceived">
<pin_list>
<pin id="11" dir="1" index="0" bw="1" slack="0"/>
</pin_list>
<bind>
<StgValue><ssdm name="p_anonymous_namespace_rowsReceived"/></StgValue>
</bind>
</comp>

<comp id="12" class="1000" name="p_ZN12_GLOBAL_N_110lineBufferE_0">
<pin_list>
<pin id="13" dir="1" index="0" bw="1" slack="0"/>
</pin_list>
<bind>
<StgValue><ssdm name="p_ZN12_GLOBAL_N_110lineBufferE_0"/><MemPortTyVec>2 1 </MemPortTyVec>
</StgValue>
</bind>
</comp>

<comp id="14" class="1000" name="p_ZN12_GLOBAL_N_110lineBufferE_1">
<pin_list>
<pin id="15" dir="1" index="0" bw="1" slack="0"/>
</pin_list>
<bind>
<StgValue><ssdm name="p_ZN12_GLOBAL_N_110lineBufferE_1"/><MemPortTyVec>2 1 </MemPortTyVec>
</StgValue>
</bind>
</comp>

<comp id="16" class="1000" name="p_anonymous_namespace_rowsReceived_2">
<pin_list>
<pin id="17" dir="1" index="0" bw="1" slack="0"/>
</pin_list>
<bind>
<StgValue><ssdm name="p_anonymous_namespace_rowsReceived_2"/></StgValue>
</bind>
</comp>

<comp id="18" class="1000" name="p_anonymous_namespace_lineBuffer_16_0">
<pin_list>
<pin id="19" dir="1" index="0" bw="1" slack="0"/>
</pin_list>
<bind>
<StgValue><ssdm name="p_anonymous_namespace_lineBuffer_16_0"/><MemPortTyVec>2 1 </MemPortTyVec>
</StgValue>
</bind>
</comp>

<comp id="20" class="1000" name="p_anonymous_namespace_lineBuffer_16_1">
<pin_list>
<pin id="21" dir="1" index="0" bw="1" slack="0"/>
</pin_list>
<bind>
<StgValue><ssdm name="p_anonymous_namespace_lineBuffer_16_1"/><MemPortTyVec>2 1 </MemPortTyVec>
</StgValue>
</bind>
</comp>

<comp id="22" class="1000" name="p_anonymous_namespace_rowsReceived_3">
<pin_list>
<pin id="23" dir="1" index="0" bw="1" slack="0"/>
</pin_list>
<bind>
<StgValue><ssdm name="p_anonymous_namespace_rowsReceived_3"/></StgValue>
</bind>
</comp>

<comp id="24" class="1000" name="p_anonymous_namespace_lineBuffer_direction">
<pin_list>
<pin id="25" dir="1" index="0" bw="1" slack="0"/>
</pin_list>
<bind>
<StgValue><ssdm name="p_anonymous_namespace_lineBuffer_direction"/><MemPortTyVec>2 3 </MemPortTyVec>
</StgValue>
</bind>
</comp>

<comp id="26" class="1000" name="p_anonymous_namespace_lineBuffer_11_magnitude_0">
<pin_list>
<pin id="27" dir="1" index="0" bw="1" slack="0"/>
</pin_list>
<bind>
<StgValue><ssdm name="p_anonymous_namespace_lineBuffer_11_magnitude_0"/><MemPortTyVec>2 1 </MemPortTyVec>
</StgValue>
</bind>
</comp>

<comp id="28" class="1000" name="p_anonymous_namespace_lineBuffer_11_magnitude_1">
<pin_list>
<pin id="29" dir="1" index="0" bw="1" slack="0"/>
</pin_list>
<bind>
<StgValue><ssdm name="p_anonymous_namespace_lineBuffer_11_magnitude_1"/><MemPortTyVec>2 1 </MemPortTyVec>
</StgValue>
</bind>
</comp>

<comp id="30" class="1000" name="p_anonymous_namespace_rowsReceived_1">
<pin_list>
<pin id="31" dir="1" index="0" bw="1" slack="0"/>
</pin_list>
<bind>
<StgValue><ssdm name="p_anonymous_namespace_rowsReceived_1"/></StgValue>
</bind>
</comp>

<comp id="32" class="1000" name="p_anonymous_namespace_lineBuffer_6_0">
<pin_list>
<pin id="33" dir="1" index="0" bw="1" slack="0"/>
</pin_list>
<bind>
<StgValue><ssdm name="p_anonymous_namespace_lineBuffer_6_0"/><MemPortTyVec>2 1 </MemPortTyVec>
</StgValue>
</bind>
</comp>

<comp id="34" class="1000" name="p_anonymous_namespace_lineBuffer_6_1">
<pin_list>
<pin id="35" dir="1" index="0" bw="1" slack="0"/>
</pin_list>
<bind>
<StgValue><ssdm name="p_anonymous_namespace_lineBuffer_6_1"/><MemPortTyVec>2 1 </MemPortTyVec>
</StgValue>
</bind>
</comp>

<comp id="36" class="1000" name="rowsReceived">
<pin_list>
<pin id="37" dir="1" index="0" bw="1" slack="0"/>
</pin_list>
<bind>
<StgValue><ssdm name="rowsReceived"/></StgValue>
</bind>
</comp>

<comp id="38" class="1001" name="const_38">
<pin_list>
<pin id="39" dir="1" index="0" bw="1" slack="0"/>
</pin_list>
<bind>
<StgValue><ssdm name="_ssdm_op_Read.ap_auto.i64"/></StgValue>
</bind>
</comp>

<comp id="40" class="1001" name="const_40">
<pin_list>
<pin id="41" dir="1" index="0" bw="1" slack="0"/>
</pin_list>
<bind>
<StgValue><ssdm name="_ssdm_op_Read.ap_auto.i10"/></StgValue>
</bind>
</comp>

<comp id="42" class="1001" name="const_42">
<pin_list>
<pin id="43" dir="1" index="0" bw="1" slack="0"/>
</pin_list>
<bind>
<StgValue><ssdm name=""/></StgValue>
</bind>
</comp>

<comp id="44" class="1001" name="const_44">
<pin_list>
<pin id="45" dir="1" index="0" bw="1" slack="0"/>
</pin_list>
<bind>
<StgValue><ssdm name="entry_proc"/></StgValue>
</bind>
</comp>

<comp id="46" class="1001" name="const_46">
<pin_list>
<pin id="47" dir="1" index="0" bw="1" slack="0"/>
</pin_list>
<bind>
<StgValue><ssdm name="dataflow_in_loop_VITIS_LOOP_7_1.1_Block_newFuncRoot_proc"/></StgValue>
</bind>
</comp>

<comp id="48" class="1001" name="const_48">
<pin_list>
<pin id="49" dir="1" index="0" bw="1" slack="0"/>
</pin_list>
<bind>
<StgValue><ssdm name="grayscale"/></StgValue>
</bind>
</comp>

<comp id="50" class="1001" name="const_50">
<pin_list>
<pin id="51" dir="1" index="0" bw="1" slack="0"/>
</pin_list>
<bind>
<StgValue><ssdm name="gaussian_blur"/></StgValue>
</bind>
</comp>

<comp id="52" class="1001" name="const_52">
<pin_list>
<pin id="53" dir="1" index="0" bw="1" slack="0"/>
</pin_list>
<bind>
<StgValue><ssdm name="sobel"/></StgValue>
</bind>
</comp>

<comp id="54" class="1001" name="const_54">
<pin_list>
<pin id="55" dir="1" index="0" bw="1" slack="0"/>
</pin_list>
<bind>
<StgValue><ssdm name="non_maximum_suppression"/></StgValue>
</bind>
</comp>

<comp id="56" class="1001" name="const_56">
<pin_list>
<pin id="57" dir="1" index="0" bw="1" slack="0"/>
</pin_list>
<bind>
<StgValue><ssdm name="double_threshold"/></StgValue>
</bind>
</comp>

<comp id="58" class="1001" name="const_58">
<pin_list>
<pin id="59" dir="1" index="0" bw="1" slack="0"/>
</pin_list>
<bind>
<StgValue><ssdm name="hysteresis"/></StgValue>
</bind>
</comp>

<comp id="60" class="1001" name="const_60">
<pin_list>
<pin id="61" dir="1" index="0" bw="1" slack="0"/>
</pin_list>
<bind>
<StgValue><ssdm name="output_row"/></StgValue>
</bind>
</comp>

<comp id="62" class="1001" name="const_62">
<pin_list>
<pin id="63" dir="1" index="0" bw="1" slack="2147483647"/>
</pin_list>
<bind>
<StgValue><ssdm name="_ssdm_op_SpecChannel"/></StgValue>
</bind>
</comp>

<comp id="64" class="1001" name="const_64">
<pin_list>
<pin id="65" dir="1" index="0" bw="1" slack="2147483647"/>
</pin_list>
<bind>
<StgValue><ssdm name="out_c_str"/></StgValue>
</bind>
</comp>

<comp id="66" class="1001" name="const_66">
<pin_list>
<pin id="67" dir="1" index="0" bw="1" slack="2147483647"/>
</pin_list>
<bind>
<StgValue><ssdm name=""/></StgValue>
</bind>
</comp>

<comp id="68" class="1001" name="const_68">
<pin_list>
<pin id="69" dir="1" index="0" bw="1" slack="2147483647"/>
</pin_list>
<bind>
<StgValue><ssdm name="p_str"/></StgValue>
</bind>
</comp>

<comp id="70" class="1001" name="const_70">
<pin_list>
<pin id="71" dir="1" index="0" bw="1" slack="2147483647"/>
</pin_list>
<bind>
<StgValue><ssdm name=""/></StgValue>
</bind>
</comp>

<comp id="72" class="1001" name="const_72">
<pin_list>
<pin id="73" dir="1" index="0" bw="1" slack="2147483647"/>
</pin_list>
<bind>
<StgValue><ssdm name=""/></StgValue>
</bind>
</comp>

<comp id="74" class="1001" name="const_74">
<pin_list>
<pin id="75" dir="1" index="0" bw="1" slack="2147483647"/>
</pin_list>
<bind>
<StgValue><ssdm name="_ssdm_op_SpecInterface"/></StgValue>
</bind>
</comp>

<comp id="76" class="1001" name="const_76">
<pin_list>
<pin id="77" dir="1" index="0" bw="1" slack="2147483647"/>
</pin_list>
<bind>
<StgValue><ssdm name="ap_fifo_str"/></StgValue>
</bind>
</comp>

<comp id="78" class="1001" name="const_78">
<pin_list>
<pin id="79" dir="1" index="0" bw="1" slack="2147483647"/>
</pin_list>
<bind>
<StgValue><ssdm name=""/></StgValue>
</bind>
</comp>

<comp id="80" class="1001" name="const_80">
<pin_list>
<pin id="81" dir="1" index="0" bw="1" slack="2147483647"/>
</pin_list>
<bind>
<StgValue><ssdm name=""/></StgValue>
</bind>
</comp>

<comp id="82" class="1001" name="const_82">
<pin_list>
<pin id="83" dir="1" index="0" bw="1" slack="2147483647"/>
</pin_list>
<bind>
<StgValue><ssdm name=""/></StgValue>
</bind>
</comp>

<comp id="84" class="1001" name="const_84">
<pin_list>
<pin id="85" dir="1" index="0" bw="1" slack="2147483647"/>
</pin_list>
<bind>
<StgValue><ssdm name="_ssdm_op_SpecDataflowPipeline"/></StgValue>
</bind>
</comp>

<comp id="86" class="1001" name="const_86">
<pin_list>
<pin id="87" dir="1" index="0" bw="1" slack="2147483647"/>
</pin_list>
<bind>
<StgValue><ssdm name="empty_0"/></StgValue>
</bind>
</comp>

<comp id="88" class="1001" name="const_88">
<pin_list>
<pin id="89" dir="1" index="0" bw="1" slack="2147483647"/>
</pin_list>
<bind>
<StgValue><ssdm name="empty"/></StgValue>
</bind>
</comp>

<comp id="90" class="1001" name="const_90">
<pin_list>
<pin id="91" dir="1" index="0" bw="1" slack="2147483647"/>
</pin_list>
<bind>
<StgValue><ssdm name=""/></StgValue>
</bind>
</comp>

<comp id="92" class="1001" name="const_92">
<pin_list>
<pin id="93" dir="1" index="0" bw="1" slack="2147483647"/>
</pin_list>
<bind>
<StgValue><ssdm name="empty_8"/></StgValue>
</bind>
</comp>

<comp id="94" class="1001" name="const_94">
<pin_list>
<pin id="95" dir="1" index="0" bw="1" slack="2147483647"/>
</pin_list>
<bind>
<StgValue><ssdm name="empty_14"/></StgValue>
</bind>
</comp>

<comp id="96" class="1001" name="const_96">
<pin_list>
<pin id="97" dir="1" index="0" bw="1" slack="2147483647"/>
</pin_list>
<bind>
<StgValue><ssdm name="empty_17"/></StgValue>
</bind>
</comp>

<comp id="98" class="1001" name="const_98">
<pin_list>
<pin id="99" dir="1" index="0" bw="1" slack="2147483647"/>
</pin_list>
<bind>
<StgValue><ssdm name=""/></StgValue>
</bind>
</comp>

<comp id="100" class="1004" name="out_c_fu_100">
<pin_list>
<pin id="101" dir="0" index="0" bw="1" slack="0"/>
<pin id="102" dir="1" index="1" bw="64" slack="0"/>
</pin_list>
<bind>
<opcode="alloca(26) " fcode="alloca"/>
<opset="out_c/1 "/>
</bind>
</comp>

<comp id="104" class="1004" name="out_hysteresis_alloca_fu_104">
<pin_list>
<pin id="105" dir="0" index="0" bw="1" slack="0"/>
<pin id="106" dir="1" index="1" bw="2" slack="2147483647"/>
</pin_list>
<bind>
<opcode="alloca(26) " fcode="alloca"/>
<opset="out_hysteresis/1 "/>
</bind>
</comp>

<comp id="108" class="1004" name="out_double_alloca_fu_108">
<pin_list>
<pin id="109" dir="0" index="0" bw="1" slack="0"/>
<pin id="110" dir="1" index="1" bw="8" slack="2147483647"/>
</pin_list>
<bind>
<opcode="alloca(26) " fcode="alloca"/>
<opset="out_double/1 "/>
</bind>
</comp>

<comp id="112" class="1004" name="out_nonmax_alloca_fu_112">
<pin_list>
<pin id="113" dir="0" index="0" bw="1" slack="0"/>
<pin id="114" dir="1" index="1" bw="8" slack="2147483647"/>
</pin_list>
<bind>
<opcode="alloca(26) " fcode="alloca"/>
<opset="out_nonmax/1 "/>
</bind>
</comp>

<comp id="116" class="1004" name="out_sobel_direction_alloca_fu_116">
<pin_list>
<pin id="117" dir="0" index="0" bw="1" slack="0"/>
<pin id="118" dir="1" index="1" bw="2" slack="2147483647"/>
</pin_list>
<bind>
<opcode="alloca(26) " fcode="alloca"/>
<opset="out_sobel_direction/1 "/>
</bind>
</comp>

<comp id="120" class="1004" name="out_sobel_magnitude_alloca_fu_120">
<pin_list>
<pin id="121" dir="0" index="0" bw="1" slack="0"/>
<pin id="122" dir="1" index="1" bw="8" slack="2147483647"/>
</pin_list>
<bind>
<opcode="alloca(26) " fcode="alloca"/>
<opset="out_sobel_magnitude/1 "/>
</bind>
</comp>

<comp id="124" class="1004" name="out_gaussian_alloca_fu_124">
<pin_list>
<pin id="125" dir="0" index="0" bw="1" slack="0"/>
<pin id="126" dir="1" index="1" bw="8" slack="2147483647"/>
</pin_list>
<bind>
<opcode="alloca(26) " fcode="alloca"/>
<opset="out_gaussian/1 "/>
</bind>
</comp>

<comp id="128" class="1004" name="out_grayscale_alloca_fu_128">
<pin_list>
<pin id="129" dir="0" index="0" bw="1" slack="0"/>
<pin id="130" dir="1" index="1" bw="8" slack="2147483647"/>
</pin_list>
<bind>
<opcode="alloca(26) " fcode="alloca"/>
<opset="out_grayscale/1 "/>
</bind>
</comp>

<comp id="132" class="1004" name="out_read_read_fu_132">
<pin_list>
<pin id="133" dir="0" index="0" bw="64" slack="0"/>
<pin id="134" dir="0" index="1" bw="64" slack="0"/>
<pin id="135" dir="1" index="2" bw="64" slack="0"/>
</pin_list>
<bind>
<opcode="read(1150) " fcode="read"/>
<opset="out_read/1 "/>
</bind>
</comp>

<comp id="138" class="1004" name="i_0_read_read_fu_138">
<pin_list>
<pin id="139" dir="0" index="0" bw="10" slack="0"/>
<pin id="140" dir="0" index="1" bw="10" slack="0"/>
<pin id="141" dir="1" index="2" bw="10" slack="0"/>
</pin_list>
<bind>
<opcode="read(1150) " fcode="read"/>
<opset="i_0_read/1 "/>
</bind>
</comp>

<comp id="144" class="1004" name="in_read_read_fu_144">
<pin_list>
<pin id="145" dir="0" index="0" bw="64" slack="0"/>
<pin id="146" dir="0" index="1" bw="64" slack="0"/>
<pin id="147" dir="1" index="2" bw="64" slack="0"/>
</pin_list>
<bind>
<opcode="read(1150) " fcode="read"/>
<opset="in_read/2 "/>
</bind>
</comp>

<comp id="150" class="1004" name="call_ln0_entry_proc_fu_150">
<pin_list>
<pin id="151" dir="0" index="0" bw="0" slack="0"/>
<pin id="152" dir="0" index="1" bw="64" slack="0"/>
<pin id="153" dir="0" index="2" bw="64" slack="0"/>
<pin id="154" dir="1" index="3" bw="0" slack="2147483647"/>
</pin_list>
<bind>
<opcode="call(48) " fcode="call"/>
<opset="call_ln0/1 "/>
</bind>
</comp>

<comp id="157" class="1004" name="cond_loc_channel_dataflow_in_loop_VITIS_LOOP_7_1_1_Block_newFuncRoot_proc_fu_157">
<pin_list>
<pin id="158" dir="0" index="0" bw="18" slack="0"/>
<pin id="159" dir="0" index="1" bw="10" slack="0"/>
<pin id="160" dir="1" index="2" bw="18" slack="1"/>
</pin_list>
<bind>
<opcode="call(48) " fcode="call"/>
<opset="cond_loc_channel/1 "/>
</bind>
</comp>

<comp id="163" class="1004" name="grp_grayscale_fu_163">
<pin_list>
<pin id="164" dir="0" index="0" bw="0" slack="0"/>
<pin id="165" dir="0" index="1" bw="18" slack="1"/>
<pin id="166" dir="0" index="2" bw="32" slack="0"/>
<pin id="167" dir="0" index="3" bw="64" slack="0"/>
<pin id="168" dir="0" index="4" bw="8" slack="2147483647"/>
<pin id="169" dir="1" index="5" bw="0" slack="2147483647"/>
</pin_list>
<bind>
<opcode="call(48) " fcode="call"/>
<opset="call_ln23/2 "/>
</bind>
</comp>

<comp id="173" class="1004" name="grp_gaussian_blur_fu_173">
<pin_list>
<pin id="174" dir="0" index="0" bw="1" slack="0"/>
<pin id="175" dir="0" index="1" bw="8" slack="2147483647"/>
<pin id="176" dir="0" index="2" bw="8" slack="2147483647"/>
<pin id="177" dir="0" index="3" bw="32" slack="0"/>
<pin id="178" dir="0" index="4" bw="8" slack="0"/>
<pin id="179" dir="0" index="5" bw="8" slack="0"/>
<pin id="180" dir="1" index="6" bw="1" slack="1"/>
</pin_list>
<bind>
<opcode="call(48) " fcode="call"/>
<opset="gaussian_valid/4 "/>
</bind>
</comp>

<comp id="185" class="1004" name="grp_sobel_fu_185">
<pin_list>
<pin id="186" dir="0" index="0" bw="1" slack="0"/>
<pin id="187" dir="0" index="1" bw="1" slack="1"/>
<pin id="188" dir="0" index="2" bw="8" slack="2147483647"/>
<pin id="189" dir="0" index="3" bw="8" slack="2147483647"/>
<pin id="190" dir="0" index="4" bw="2" slack="2147483647"/>
<pin id="191" dir="0" index="5" bw="32" slack="0"/>
<pin id="192" dir="0" index="6" bw="8" slack="0"/>
<pin id="193" dir="0" index="7" bw="8" slack="0"/>
<pin id="194" dir="1" index="8" bw="1" slack="1"/>
</pin_list>
<bind>
<opcode="call(48) " fcode="call"/>
<opset="sobel_valid/6 "/>
</bind>
</comp>

<comp id="199" class="1004" name="grp_non_maximum_suppression_fu_199">
<pin_list>
<pin id="200" dir="0" index="0" bw="1" slack="0"/>
<pin id="201" dir="0" index="1" bw="1" slack="1"/>
<pin id="202" dir="0" index="2" bw="8" slack="2147483647"/>
<pin id="203" dir="0" index="3" bw="2" slack="2147483647"/>
<pin id="204" dir="0" index="4" bw="8" slack="2147483647"/>
<pin id="205" dir="0" index="5" bw="32" slack="0"/>
<pin id="206" dir="0" index="6" bw="2" slack="0"/>
<pin id="207" dir="0" index="7" bw="8" slack="0"/>
<pin id="208" dir="0" index="8" bw="8" slack="0"/>
<pin id="209" dir="1" index="9" bw="1" slack="1"/>
</pin_list>
<bind>
<opcode="call(48) " fcode="call"/>
<opset="nonmax_valid/8 "/>
</bind>
</comp>

<comp id="215" class="1004" name="grp_double_threshold_fu_215">
<pin_list>
<pin id="216" dir="0" index="0" bw="1" slack="0"/>
<pin id="217" dir="0" index="1" bw="1" slack="1"/>
<pin id="218" dir="0" index="2" bw="8" slack="2147483647"/>
<pin id="219" dir="0" index="3" bw="8" slack="2147483647"/>
<pin id="220" dir="1" index="4" bw="1" slack="1"/>
</pin_list>
<bind>
<opcode="call(48) " fcode="call"/>
<opset="double_valid/10 "/>
</bind>
</comp>

<comp id="222" class="1004" name="grp_hysteresis_fu_222">
<pin_list>
<pin id="223" dir="0" index="0" bw="1" slack="0"/>
<pin id="224" dir="0" index="1" bw="1" slack="1"/>
<pin id="225" dir="0" index="2" bw="8" slack="2147483647"/>
<pin id="226" dir="0" index="3" bw="2" slack="2147483647"/>
<pin id="227" dir="0" index="4" bw="32" slack="0"/>
<pin id="228" dir="0" index="5" bw="8" slack="0"/>
<pin id="229" dir="0" index="6" bw="8" slack="0"/>
<pin id="230" dir="1" index="7" bw="1" slack="1"/>
</pin_list>
<bind>
<opcode="call(48) " fcode="call"/>
<opset="hysteresis_valid/12 "/>
</bind>
</comp>

<comp id="235" class="1004" name="grp_output_row_fu_235">
<pin_list>
<pin id="236" dir="0" index="0" bw="0" slack="0"/>
<pin id="237" dir="0" index="1" bw="1" slack="1"/>
<pin id="238" dir="0" index="2" bw="2" slack="2147483647"/>
<pin id="239" dir="0" index="3" bw="512" slack="0"/>
<pin id="240" dir="0" index="4" bw="64" slack="13"/>
<pin id="241" dir="0" index="5" bw="32" slack="0"/>
<pin id="242" dir="1" index="6" bw="0" slack="2147483647"/>
</pin_list>
<bind>
<opcode="call(48) " fcode="call"/>
<opset="call_ln29/14 "/>
</bind>
</comp>

<comp id="246" class="1005" name="out_c_reg_246">
<pin_list>
<pin id="247" dir="0" index="0" bw="64" slack="0"/>
<pin id="248" dir="1" index="1" bw="64" slack="0"/>
</pin_list>
<bind>
<opset="out_c "/>
</bind>
</comp>

<comp id="252" class="1005" name="cond_loc_channel_reg_252">
<pin_list>
<pin id="253" dir="0" index="0" bw="18" slack="1"/>
<pin id="254" dir="1" index="1" bw="18" slack="1"/>
</pin_list>
<bind>
<opset="cond_loc_channel "/>
</bind>
</comp>

<comp id="257" class="1005" name="in_read_reg_257">
<pin_list>
<pin id="258" dir="0" index="0" bw="64" slack="1"/>
<pin id="259" dir="1" index="1" bw="64" slack="1"/>
</pin_list>
<bind>
<opset="in_read "/>
</bind>
</comp>

<comp id="262" class="1005" name="gaussian_valid_reg_262">
<pin_list>
<pin id="263" dir="0" index="0" bw="1" slack="1"/>
<pin id="264" dir="1" index="1" bw="1" slack="1"/>
</pin_list>
<bind>
<opset="gaussian_valid "/>
</bind>
</comp>

<comp id="267" class="1005" name="sobel_valid_reg_267">
<pin_list>
<pin id="268" dir="0" index="0" bw="1" slack="1"/>
<pin id="269" dir="1" index="1" bw="1" slack="1"/>
</pin_list>
<bind>
<opset="sobel_valid "/>
</bind>
</comp>

<comp id="272" class="1005" name="nonmax_valid_reg_272">
<pin_list>
<pin id="273" dir="0" index="0" bw="1" slack="1"/>
<pin id="274" dir="1" index="1" bw="1" slack="1"/>
</pin_list>
<bind>
<opset="nonmax_valid "/>
</bind>
</comp>

<comp id="277" class="1005" name="double_valid_reg_277">
<pin_list>
<pin id="278" dir="0" index="0" bw="1" slack="1"/>
<pin id="279" dir="1" index="1" bw="1" slack="1"/>
</pin_list>
<bind>
<opset="double_valid "/>
</bind>
</comp>

<comp id="282" class="1005" name="hysteresis_valid_reg_282">
<pin_list>
<pin id="283" dir="0" index="0" bw="1" slack="1"/>
<pin id="284" dir="1" index="1" bw="1" slack="1"/>
</pin_list>
<bind>
<opset="hysteresis_valid "/>
</bind>
</comp>

</comp_list>

<net_list>
<net id="103"><net_src comp="42" pin="0"/><net_sink comp="100" pin=0"/></net>

<net id="107"><net_src comp="42" pin="0"/><net_sink comp="104" pin=0"/></net>

<net id="111"><net_src comp="42" pin="0"/><net_sink comp="108" pin=0"/></net>

<net id="115"><net_src comp="42" pin="0"/><net_sink comp="112" pin=0"/></net>

<net id="119"><net_src comp="42" pin="0"/><net_sink comp="116" pin=0"/></net>

<net id="123"><net_src comp="42" pin="0"/><net_sink comp="120" pin=0"/></net>

<net id="127"><net_src comp="42" pin="0"/><net_sink comp="124" pin=0"/></net>

<net id="131"><net_src comp="42" pin="0"/><net_sink comp="128" pin=0"/></net>

<net id="136"><net_src comp="38" pin="0"/><net_sink comp="132" pin=0"/></net>

<net id="137"><net_src comp="8" pin="0"/><net_sink comp="132" pin=1"/></net>

<net id="142"><net_src comp="40" pin="0"/><net_sink comp="138" pin=0"/></net>

<net id="143"><net_src comp="0" pin="0"/><net_sink comp="138" pin=1"/></net>

<net id="148"><net_src comp="38" pin="0"/><net_sink comp="144" pin=0"/></net>

<net id="149"><net_src comp="4" pin="0"/><net_sink comp="144" pin=1"/></net>

<net id="155"><net_src comp="44" pin="0"/><net_sink comp="150" pin=0"/></net>

<net id="156"><net_src comp="132" pin="2"/><net_sink comp="150" pin=1"/></net>

<net id="161"><net_src comp="46" pin="0"/><net_sink comp="157" pin=0"/></net>

<net id="162"><net_src comp="138" pin="2"/><net_sink comp="157" pin=1"/></net>

<net id="170"><net_src comp="48" pin="0"/><net_sink comp="163" pin=0"/></net>

<net id="171"><net_src comp="2" pin="0"/><net_sink comp="163" pin=2"/></net>

<net id="172"><net_src comp="144" pin="2"/><net_sink comp="163" pin=3"/></net>

<net id="181"><net_src comp="50" pin="0"/><net_sink comp="173" pin=0"/></net>

<net id="182"><net_src comp="10" pin="0"/><net_sink comp="173" pin=3"/></net>

<net id="183"><net_src comp="12" pin="0"/><net_sink comp="173" pin=4"/></net>

<net id="184"><net_src comp="14" pin="0"/><net_sink comp="173" pin=5"/></net>

<net id="195"><net_src comp="52" pin="0"/><net_sink comp="185" pin=0"/></net>

<net id="196"><net_src comp="16" pin="0"/><net_sink comp="185" pin=5"/></net>

<net id="197"><net_src comp="18" pin="0"/><net_sink comp="185" pin=6"/></net>

<net id="198"><net_src comp="20" pin="0"/><net_sink comp="185" pin=7"/></net>

<net id="210"><net_src comp="54" pin="0"/><net_sink comp="199" pin=0"/></net>

<net id="211"><net_src comp="22" pin="0"/><net_sink comp="199" pin=5"/></net>

<net id="212"><net_src comp="24" pin="0"/><net_sink comp="199" pin=6"/></net>

<net id="213"><net_src comp="26" pin="0"/><net_sink comp="199" pin=7"/></net>

<net id="214"><net_src comp="28" pin="0"/><net_sink comp="199" pin=8"/></net>

<net id="221"><net_src comp="56" pin="0"/><net_sink comp="215" pin=0"/></net>

<net id="231"><net_src comp="58" pin="0"/><net_sink comp="222" pin=0"/></net>

<net id="232"><net_src comp="30" pin="0"/><net_sink comp="222" pin=4"/></net>

<net id="233"><net_src comp="32" pin="0"/><net_sink comp="222" pin=5"/></net>

<net id="234"><net_src comp="34" pin="0"/><net_sink comp="222" pin=6"/></net>

<net id="243"><net_src comp="60" pin="0"/><net_sink comp="235" pin=0"/></net>

<net id="244"><net_src comp="6" pin="0"/><net_sink comp="235" pin=3"/></net>

<net id="245"><net_src comp="36" pin="0"/><net_sink comp="235" pin=5"/></net>

<net id="249"><net_src comp="100" pin="1"/><net_sink comp="246" pin=0"/></net>

<net id="250"><net_src comp="246" pin="1"/><net_sink comp="150" pin=2"/></net>

<net id="251"><net_src comp="246" pin="1"/><net_sink comp="235" pin=4"/></net>

<net id="255"><net_src comp="157" pin="2"/><net_sink comp="252" pin=0"/></net>

<net id="256"><net_src comp="252" pin="1"/><net_sink comp="163" pin=1"/></net>

<net id="260"><net_src comp="144" pin="2"/><net_sink comp="257" pin=0"/></net>

<net id="261"><net_src comp="257" pin="1"/><net_sink comp="163" pin=3"/></net>

<net id="265"><net_src comp="173" pin="6"/><net_sink comp="262" pin=0"/></net>

<net id="266"><net_src comp="262" pin="1"/><net_sink comp="185" pin=1"/></net>

<net id="270"><net_src comp="185" pin="8"/><net_sink comp="267" pin=0"/></net>

<net id="271"><net_src comp="267" pin="1"/><net_sink comp="199" pin=1"/></net>

<net id="275"><net_src comp="199" pin="9"/><net_sink comp="272" pin=0"/></net>

<net id="276"><net_src comp="272" pin="1"/><net_sink comp="215" pin=1"/></net>

<net id="280"><net_src comp="215" pin="4"/><net_sink comp="277" pin=0"/></net>

<net id="281"><net_src comp="277" pin="1"/><net_sink comp="222" pin=1"/></net>

<net id="285"><net_src comp="222" pin="7"/><net_sink comp="282" pin=0"/></net>

<net id="286"><net_src comp="282" pin="1"/><net_sink comp="235" pin=1"/></net>

</net_list>

</model> 
---------------- Datapath Model END ------------------

* FSMD analyzer results:
  - Output states:
	Port: gmem_in | {}
	Port: gmem_out | {14 15 }
	Port: p_anonymous_namespace_rowsReceived | {4 5 }
	Port: p_ZN12_GLOBAL_N_110lineBufferE_0 | {4 5 }
	Port: p_ZN12_GLOBAL_N_110lineBufferE_1 | {4 5 }
	Port: p_anonymous_namespace_rowsReceived_2 | {6 7 }
	Port: p_anonymous_namespace_lineBuffer_16_0 | {6 7 }
	Port: p_anonymous_namespace_lineBuffer_16_1 | {6 7 }
	Port: p_anonymous_namespace_rowsReceived_3 | {8 9 }
	Port: p_anonymous_namespace_lineBuffer_direction | {8 9 }
	Port: p_anonymous_namespace_lineBuffer_11_magnitude_0 | {8 9 }
	Port: p_anonymous_namespace_lineBuffer_11_magnitude_1 | {8 9 }
	Port: p_anonymous_namespace_rowsReceived_1 | {12 13 }
	Port: p_anonymous_namespace_lineBuffer_6_0 | {12 13 }
	Port: p_anonymous_namespace_lineBuffer_6_1 | {12 13 }
	Port: rowsReceived | {14 15 }
 - Input state : 
	Port: dataflow_in_loop_VITIS_LOOP_7_1.1 : i_0 | {1 }
	Port: dataflow_in_loop_VITIS_LOOP_7_1.1 : gmem_in | {2 3 }
	Port: dataflow_in_loop_VITIS_LOOP_7_1.1 : in_r | {2 }
	Port: dataflow_in_loop_VITIS_LOOP_7_1.1 : gmem_out | {}
	Port: dataflow_in_loop_VITIS_LOOP_7_1.1 : out_r | {1 }
	Port: dataflow_in_loop_VITIS_LOOP_7_1.1 : p_anonymous_namespace_rowsReceived | {4 5 }
	Port: dataflow_in_loop_VITIS_LOOP_7_1.1 : p_ZN12_GLOBAL_N_110lineBufferE_0 | {4 5 }
	Port: dataflow_in_loop_VITIS_LOOP_7_1.1 : p_ZN12_GLOBAL_N_110lineBufferE_1 | {4 5 }
	Port: dataflow_in_loop_VITIS_LOOP_7_1.1 : p_anonymous_namespace_rowsReceived_2 | {6 7 }
	Port: dataflow_in_loop_VITIS_LOOP_7_1.1 : p_anonymous_namespace_lineBuffer_16_0 | {6 7 }
	Port: dataflow_in_loop_VITIS_LOOP_7_1.1 : p_anonymous_namespace_lineBuffer_16_1 | {6 7 }
	Port: dataflow_in_loop_VITIS_LOOP_7_1.1 : p_anonymous_namespace_rowsReceived_3 | {8 9 }
	Port: dataflow_in_loop_VITIS_LOOP_7_1.1 : p_anonymous_namespace_lineBuffer_direction | {8 9 }
	Port: dataflow_in_loop_VITIS_LOOP_7_1.1 : p_anonymous_namespace_lineBuffer_11_magnitude_0 | {8 9 }
	Port: dataflow_in_loop_VITIS_LOOP_7_1.1 : p_anonymous_namespace_lineBuffer_11_magnitude_1 | {8 9 }
	Port: dataflow_in_loop_VITIS_LOOP_7_1.1 : p_anonymous_namespace_rowsReceived_1 | {12 13 }
	Port: dataflow_in_loop_VITIS_LOOP_7_1.1 : p_anonymous_namespace_lineBuffer_6_0 | {12 13 }
	Port: dataflow_in_loop_VITIS_LOOP_7_1.1 : p_anonymous_namespace_lineBuffer_6_1 | {12 13 }
	Port: dataflow_in_loop_VITIS_LOOP_7_1.1 : rowsReceived | {14 15 }
  - Chain level:
	State 1
		call_ln0 : 1
	State 2
	State 3
	State 4
	State 5
	State 6
	State 7
	State 8
	State 9
	State 10
	State 11
	State 12
	State 13
	State 14
	State 15


============================================================
+ Verbose Summary: Datapath Resource usage 
============================================================

* Functional unit list:
|----------|----------------------------------------------------------------------------------|---------|---------|---------|---------|
| Operation|                                  Functional Unit                                 |   DSP   |  Delay  |    FF   |   LUT   |
|----------|----------------------------------------------------------------------------------|---------|---------|---------|---------|
|          |                            call_ln0_entry_proc_fu_150                            |    0    |    0    |    0    |    0    |
|          | cond_loc_channel_dataflow_in_loop_VITIS_LOOP_7_1_1_Block_newFuncRoot_proc_fu_157 |    0    |    0    |    0    |    17   |
|          |                               grp_grayscale_fu_163                               |    2    |  2.331  |   386   |   790   |
|          |                             grp_gaussian_blur_fu_173                             |    0    |  7.7796 |   2986  |   2671  |
|   call   |                                 grp_sobel_fu_185                                 |    4    |  6.776  |   2260  |   2233  |
|          |                        grp_non_maximum_suppression_fu_199                        |    0    | 6.79367 |   1584  |   1362  |
|          |                            grp_double_threshold_fu_215                           |    0    |  0.427  |    85   |    89   |
|          |                               grp_hysteresis_fu_222                              |    0    | 6.41567 |   1601  |   1347  |
|          |                               grp_output_row_fu_235                              |    0    |  0.427  |   1660  |   696   |
|----------|----------------------------------------------------------------------------------|---------|---------|---------|---------|
|          |                               out_read_read_fu_132                               |    0    |    0    |    0    |    0    |
|   read   |                               i_0_read_read_fu_138                               |    0    |    0    |    0    |    0    |
|          |                                in_read_read_fu_144                               |    0    |    0    |    0    |    0    |
|----------|----------------------------------------------------------------------------------|---------|---------|---------|---------|
|   Total  |                                                                                  |    6    | 30.9499 |  10562  |   9205  |
|----------|----------------------------------------------------------------------------------|---------|---------|---------|---------|

Memories:
+-------------------+--------+--------+--------+--------+
|                   |  BRAM  |   FF   |   LUT  |  URAM  |
+-------------------+--------+--------+--------+--------+
|     out_double    |    1   |    0   |    0   |    0   |
|    out_gaussian   |    1   |    0   |    0   |    0   |
|   out_grayscale   |    1   |    0   |    0   |    0   |
|   out_hysteresis  |    1   |    0   |    0   |    0   |
|     out_nonmax    |    1   |    0   |    0   |    0   |
|out_sobel_direction|    1   |    0   |    0   |    0   |
|out_sobel_magnitude|    1   |    0   |    0   |    0   |
+-------------------+--------+--------+--------+--------+
|       Total       |    7   |    0   |    0   |    0   |
+-------------------+--------+--------+--------+--------+

* Register list:
+------------------------+--------+
|                        |   FF   |
+------------------------+--------+
|cond_loc_channel_reg_252|   18   |
|  double_valid_reg_277  |    1   |
| gaussian_valid_reg_262 |    1   |
|hysteresis_valid_reg_282|    1   |
|     in_read_reg_257    |   64   |
|  nonmax_valid_reg_272  |    1   |
|      out_c_reg_246     |   64   |
|   sobel_valid_reg_267  |    1   |
+------------------------+--------+
|          Total         |   151  |
+------------------------+--------+

* Multiplexer (MUX) list: 
|----------------------|------|------|------|--------||---------||---------||---------|
|         Comp         |  Pin | Size |  BW  | S x BW ||  Delay  ||    FF   ||   LUT   |
|----------------------|------|------|------|--------||---------||---------||---------|
| grp_grayscale_fu_163 |  p3  |   2  |  64  |   128  ||    0    ||    9    |
|----------------------|------|------|------|--------||---------||---------||---------|
|         Total        |      |      |      |   128  ||  0.427  ||    0    ||    9    |
|----------------------|------|------|------|--------||---------||---------||---------|



* Summary:
+-----------+--------+--------+--------+--------+--------+--------+
|           |  BRAM  |   DSP  |  Delay |   FF   |   LUT  |  URAM  |
+-----------+--------+--------+--------+--------+--------+--------+
|  Function |    -   |    6   |   30   |  10562 |  9205  |    -   |
|   Memory  |    7   |    -   |    -   |    0   |    0   |    0   |
|Multiplexer|    -   |    -   |    0   |    0   |    9   |    -   |
|  Register |    -   |    -   |    -   |   151  |    -   |    -   |
+-----------+--------+--------+--------+--------+--------+--------+
|   Total   |    7   |    6   |   31   |  10713 |  9214  |    0   |
+-----------+--------+--------+--------+--------+--------+--------+
