

================================================================
== Vitis HLS Report for 'dataflow_parent_loop_proc'
================================================================
* Date:           Sat Jul 25 12:05:05 2026

* Version:        2025.2 (Build 6295257 on Nov 14 2025)
* Project:        canny_top
* Solution:       hls (Vitis Kernel Flow Target)
* Product family: zynquplus
* Target device:  xck26-sfvc784-2LV-c


================================================================
== Performance Estimates
================================================================
+ Timing: 
    * Summary: 
    +--------+---------+----------+------------+
    |  Clock |  Target | Estimated| Uncertainty|
    +--------+---------+----------+------------+
    |ap_clk  |  5.00 ns|  3.650 ns|     1.35 ns|
    +--------+---------+----------+------------+

+ Latency: 
    * Summary: 
    +---------+---------+----------+-----------+--------+---------+---------+
    |  Latency (cycles) |  Latency (absolute)  |     Interval     | Pipeline|
    |   min   |   max   |    min   |    max    |   min  |   max   |   Type  |
    +---------+---------+----------+-----------+--------+---------+---------+
    |   840890|  3806230|  4.204 ms|  19.031 ms|  840890|  3806230|       no|
    +---------+---------+----------+-----------+--------+---------+---------+

    + Detail: 
        * Instance: 
        +---------------------------------------+------------------------------------+---------+---------+-----------+----------+------+------+----------+
        |                                       |                                    |  Latency (cycles) |  Latency (absolute)  |   Interval  | Pipeline |
        |                Instance               |               Module               |   min   |   max   |    min    |    max   |  min |  max |   Type   |
        +---------------------------------------+------------------------------------+---------+---------+-----------+----------+------+------+----------+
        |dataflow_in_loop_VITIS_LOOP_12_1_1_U0  |dataflow_in_loop_VITIS_LOOP_12_1_1  |     2184|    26870|  10.920 us|  0.134 ms|  1616|  7282|  dataflow|
        +---------------------------------------+------------------------------------+---------+---------+-----------+----------+------+------+----------+

        * Loop: 
        +-------------------+---------+---------+--------------+-----------+-----------+------+----------+
        |                   |  Latency (cycles) |   Iteration  |  Initiation Interval  | Trip |          |
        |     Loop Name     |   min   |   max   |    Latency   |  achieved |   target  | Count| Pipelined|
        +-------------------+---------+---------+--------------+-----------+-----------+------+----------+
        |- VITIS_LOOP_12_1  |   840889|  3806229|  2186 ~ 26872|          -|          -|   520|        no|
        +-------------------+---------+---------+--------------+-----------+-----------+------+----------+



================================================================
== Utilization Estimates
================================================================
* Summary: 
+-----------------+---------+------+--------+--------+-----+
|       Name      | BRAM_18K|  DSP |   FF   |   LUT  | URAM|
+-----------------+---------+------+--------+--------+-----+
|DSP              |        -|     -|       -|       -|    -|
|Expression       |        -|     -|       0|      34|    -|
|FIFO             |        -|     -|       -|       -|    -|
|Instance         |       10|     4|   23315|   33694|    0|
|Memory           |        -|     -|       -|       -|    -|
|Multiplexer      |        -|     -|       0|      18|    -|
|Register         |        -|     -|      20|       -|    -|
+-----------------+---------+------+--------+--------+-----+
|Total            |       10|     4|   23335|   33746|    0|
+-----------------+---------+------+--------+--------+-----+
|Available        |      288|  1248|  234240|  117120|   64|
+-----------------+---------+------+--------+--------+-----+
|Utilization (%)  |        3|    ~0|       9|      28|    0|
+-----------------+---------+------+--------+--------+-----+

+ Detail: 
    * Instance: 
    +---------------------------------------+------------------------------------+---------+----+-------+-------+-----+
    |                Instance               |               Module               | BRAM_18K| DSP|   FF  |  LUT  | URAM|
    +---------------------------------------+------------------------------------+---------+----+-------+-------+-----+
    |dataflow_in_loop_VITIS_LOOP_12_1_1_U0  |dataflow_in_loop_VITIS_LOOP_12_1_1  |       10|   4|  23315|  33694|    0|
    +---------------------------------------+------------------------------------+---------+----+-------+-------+-----+
    |Total                                  |                                    |       10|   4|  23315|  33694|    0|
    +---------------------------------------+------------------------------------+---------+----+-------+-------+-----+

    * DSP: 
    N/A

    * Memory: 
    N/A

    * FIFO: 
    N/A

    * Expression: 
    +---------------------------+----------+----+---+----+------------+------------+
    |       Variable Name       | Operation| DSP| FF| LUT| Bitwidth P0| Bitwidth P1|
    +---------------------------+----------+----+---+----+------------+------------+
    |ap_input_count_plus_step   |         +|   0|  0|  17|          10|           1|
    |ap_output_count_plus_step  |         +|   0|  0|  17|          10|           1|
    +---------------------------+----------+----+---+----+------------+------------+
    |Total                      |          |   0|  0|  34|          20|           2|
    +---------------------------+----------+----+---+----+------------+------------+

    * Multiplexer: 
    +----------------------------+----+-----------+-----+-----------+
    |            Name            | LUT| Input Size| Bits| Total Bits|
    +----------------------------+----+-----------+-----+-----------+
    |loop_dataflow_input_count   |   9|          2|   10|         20|
    |loop_dataflow_output_count  |   9|          2|   10|         20|
    +----------------------------+----+-----------+-----+-----------+
    |Total                       |  18|          4|   20|         40|
    +----------------------------+----+-----------+-----+-----------+

    * Register: 
    +----------------------------+----+----+-----+-----------+
    |            Name            | FF | LUT| Bits| Const Bits|
    +----------------------------+----+----+-----+-----------+
    |loop_dataflow_input_count   |  10|   0|   10|          0|
    |loop_dataflow_output_count  |  10|   0|   10|          0|
    +----------------------------+----+----+-----+-----------+
    |Total                       |  20|   0|   20|          0|
    +----------------------------+----+----+-----+-----------+



================================================================
== Interface
================================================================
* Summary: 
+----------------------------------------------------------+-----+-----+------------+-------------------------------------------------+--------------+
|                         RTL Ports                        | Dir | Bits|  Protocol  |                  Source Object                  |    C Type    |
+----------------------------------------------------------+-----+-----+------------+-------------------------------------------------+--------------+
|m_axi_gmem_0_AWVALID                                      |  out|    1|       m_axi|                                             gmem|       pointer|
|m_axi_gmem_0_AWREADY                                      |   in|    1|       m_axi|                                             gmem|       pointer|
|m_axi_gmem_0_AWADDR                                       |  out|   64|       m_axi|                                             gmem|       pointer|
|m_axi_gmem_0_AWID                                         |  out|    1|       m_axi|                                             gmem|       pointer|
|m_axi_gmem_0_AWLEN                                        |  out|   32|       m_axi|                                             gmem|       pointer|
|m_axi_gmem_0_AWSIZE                                       |  out|    3|       m_axi|                                             gmem|       pointer|
|m_axi_gmem_0_AWBURST                                      |  out|    2|       m_axi|                                             gmem|       pointer|
|m_axi_gmem_0_AWLOCK                                       |  out|    2|       m_axi|                                             gmem|       pointer|
|m_axi_gmem_0_AWCACHE                                      |  out|    4|       m_axi|                                             gmem|       pointer|
|m_axi_gmem_0_AWPROT                                       |  out|    3|       m_axi|                                             gmem|       pointer|
|m_axi_gmem_0_AWQOS                                        |  out|    4|       m_axi|                                             gmem|       pointer|
|m_axi_gmem_0_AWREGION                                     |  out|    4|       m_axi|                                             gmem|       pointer|
|m_axi_gmem_0_AWUSER                                       |  out|    1|       m_axi|                                             gmem|       pointer|
|m_axi_gmem_0_WVALID                                       |  out|    1|       m_axi|                                             gmem|       pointer|
|m_axi_gmem_0_WREADY                                       |   in|    1|       m_axi|                                             gmem|       pointer|
|m_axi_gmem_0_WDATA                                        |  out|  512|       m_axi|                                             gmem|       pointer|
|m_axi_gmem_0_WSTRB                                        |  out|   64|       m_axi|                                             gmem|       pointer|
|m_axi_gmem_0_WLAST                                        |  out|    1|       m_axi|                                             gmem|       pointer|
|m_axi_gmem_0_WID                                          |  out|    1|       m_axi|                                             gmem|       pointer|
|m_axi_gmem_0_WUSER                                        |  out|    1|       m_axi|                                             gmem|       pointer|
|m_axi_gmem_0_ARVALID                                      |  out|    1|       m_axi|                                             gmem|       pointer|
|m_axi_gmem_0_ARREADY                                      |   in|    1|       m_axi|                                             gmem|       pointer|
|m_axi_gmem_0_ARADDR                                       |  out|   64|       m_axi|                                             gmem|       pointer|
|m_axi_gmem_0_ARID                                         |  out|    1|       m_axi|                                             gmem|       pointer|
|m_axi_gmem_0_ARLEN                                        |  out|   32|       m_axi|                                             gmem|       pointer|
|m_axi_gmem_0_ARSIZE                                       |  out|    3|       m_axi|                                             gmem|       pointer|
|m_axi_gmem_0_ARBURST                                      |  out|    2|       m_axi|                                             gmem|       pointer|
|m_axi_gmem_0_ARLOCK                                       |  out|    2|       m_axi|                                             gmem|       pointer|
|m_axi_gmem_0_ARCACHE                                      |  out|    4|       m_axi|                                             gmem|       pointer|
|m_axi_gmem_0_ARPROT                                       |  out|    3|       m_axi|                                             gmem|       pointer|
|m_axi_gmem_0_ARQOS                                        |  out|    4|       m_axi|                                             gmem|       pointer|
|m_axi_gmem_0_ARREGION                                     |  out|    4|       m_axi|                                             gmem|       pointer|
|m_axi_gmem_0_ARUSER                                       |  out|    1|       m_axi|                                             gmem|       pointer|
|m_axi_gmem_0_RVALID                                       |   in|    1|       m_axi|                                             gmem|       pointer|
|m_axi_gmem_0_RREADY                                       |  out|    1|       m_axi|                                             gmem|       pointer|
|m_axi_gmem_0_RDATA                                        |   in|  512|       m_axi|                                             gmem|       pointer|
|m_axi_gmem_0_RLAST                                        |   in|    1|       m_axi|                                             gmem|       pointer|
|m_axi_gmem_0_RID                                          |   in|    1|       m_axi|                                             gmem|       pointer|
|m_axi_gmem_0_RFIFONUM                                     |   in|    9|       m_axi|                                             gmem|       pointer|
|m_axi_gmem_0_RUSER                                        |   in|    1|       m_axi|                                             gmem|       pointer|
|m_axi_gmem_0_RRESP                                        |   in|    2|       m_axi|                                             gmem|       pointer|
|m_axi_gmem_0_BVALID                                       |   in|    1|       m_axi|                                             gmem|       pointer|
|m_axi_gmem_0_BREADY                                       |  out|    1|       m_axi|                                             gmem|       pointer|
|m_axi_gmem_0_BRESP                                        |   in|    2|       m_axi|                                             gmem|       pointer|
|m_axi_gmem_0_BID                                          |   in|    1|       m_axi|                                             gmem|       pointer|
|m_axi_gmem_0_BUSER                                        |   in|    1|       m_axi|                                             gmem|       pointer|
|in_r                                                      |   in|   64|     ap_none|                                             in_r|        scalar|
|in_r_ap_vld                                               |   in|    1|     ap_none|                                             in_r|        scalar|
|out_r                                                     |   in|   64|     ap_none|                                            out_r|        scalar|
|out_r_ap_vld                                              |   in|    1|     ap_none|                                            out_r|        scalar|
|p_anonymous_namespace_rowsReceived_i                      |   in|   32|     ap_ovld|               p_anonymous_namespace_rowsReceived|       pointer|
|p_anonymous_namespace_rowsReceived_o                      |  out|   32|     ap_ovld|               p_anonymous_namespace_rowsReceived|       pointer|
|p_anonymous_namespace_rowsReceived_i_ap_vld               |   in|    1|     ap_ovld|               p_anonymous_namespace_rowsReceived|       pointer|
|p_anonymous_namespace_rowsReceived_o_ap_vld               |  out|    1|     ap_ovld|               p_anonymous_namespace_rowsReceived|       pointer|
|lineBuffer_1_address0                                     |  out|   12|   ap_memory|                                     lineBuffer_1|         array|
|lineBuffer_1_ce0                                          |  out|    1|   ap_memory|                                     lineBuffer_1|         array|
|lineBuffer_1_d0                                           |  out|    8|   ap_memory|                                     lineBuffer_1|         array|
|lineBuffer_1_q0                                           |   in|    8|   ap_memory|                                     lineBuffer_1|         array|
|lineBuffer_1_we0                                          |  out|    1|   ap_memory|                                     lineBuffer_1|         array|
|lineBuffer_1_address1                                     |  out|   12|   ap_memory|                                     lineBuffer_1|         array|
|lineBuffer_1_ce1                                          |  out|    1|   ap_memory|                                     lineBuffer_1|         array|
|lineBuffer_1_d1                                           |  out|    8|   ap_memory|                                     lineBuffer_1|         array|
|lineBuffer_1_q1                                           |   in|    8|   ap_memory|                                     lineBuffer_1|         array|
|lineBuffer_1_we1                                          |  out|    1|   ap_memory|                                     lineBuffer_1|         array|
|p_anonymous_namespace_rowsReceived_1_i                    |   in|   32|     ap_ovld|             p_anonymous_namespace_rowsReceived_1|       pointer|
|p_anonymous_namespace_rowsReceived_1_o                    |  out|   32|     ap_ovld|             p_anonymous_namespace_rowsReceived_1|       pointer|
|p_anonymous_namespace_rowsReceived_1_i_ap_vld             |   in|    1|     ap_ovld|             p_anonymous_namespace_rowsReceived_1|       pointer|
|p_anonymous_namespace_rowsReceived_1_o_ap_vld             |  out|    1|     ap_ovld|             p_anonymous_namespace_rowsReceived_1|       pointer|
|lineBuffer_address0                                       |  out|   11|   ap_memory|                                       lineBuffer|         array|
|lineBuffer_ce0                                            |  out|    1|   ap_memory|                                       lineBuffer|         array|
|lineBuffer_d0                                             |  out|    8|   ap_memory|                                       lineBuffer|         array|
|lineBuffer_q0                                             |   in|    8|   ap_memory|                                       lineBuffer|         array|
|lineBuffer_we0                                            |  out|    1|   ap_memory|                                       lineBuffer|         array|
|lineBuffer_address1                                       |  out|   11|   ap_memory|                                       lineBuffer|         array|
|lineBuffer_ce1                                            |  out|    1|   ap_memory|                                       lineBuffer|         array|
|lineBuffer_d1                                             |  out|    8|   ap_memory|                                       lineBuffer|         array|
|lineBuffer_q1                                             |   in|    8|   ap_memory|                                       lineBuffer|         array|
|lineBuffer_we1                                            |  out|    1|   ap_memory|                                       lineBuffer|         array|
|p_anonymous_namespace_rowsReceived_2_i                    |   in|   32|     ap_ovld|             p_anonymous_namespace_rowsReceived_2|       pointer|
|p_anonymous_namespace_rowsReceived_2_o                    |  out|   32|     ap_ovld|             p_anonymous_namespace_rowsReceived_2|       pointer|
|p_anonymous_namespace_rowsReceived_2_i_ap_vld             |   in|    1|     ap_ovld|             p_anonymous_namespace_rowsReceived_2|       pointer|
|p_anonymous_namespace_rowsReceived_2_o_ap_vld             |  out|    1|     ap_ovld|             p_anonymous_namespace_rowsReceived_2|       pointer|
|p_anonymous_namespace_lineBuffer_direction_address0       |  out|   11|   ap_memory|       p_anonymous_namespace_lineBuffer_direction|         array|
|p_anonymous_namespace_lineBuffer_direction_ce0            |  out|    1|   ap_memory|       p_anonymous_namespace_lineBuffer_direction|         array|
|p_anonymous_namespace_lineBuffer_direction_d0             |  out|    2|   ap_memory|       p_anonymous_namespace_lineBuffer_direction|         array|
|p_anonymous_namespace_lineBuffer_direction_q0             |   in|    2|   ap_memory|       p_anonymous_namespace_lineBuffer_direction|         array|
|p_anonymous_namespace_lineBuffer_direction_we0            |  out|    1|   ap_memory|       p_anonymous_namespace_lineBuffer_direction|         array|
|p_anonymous_namespace_lineBuffer_direction_address1       |  out|   11|   ap_memory|       p_anonymous_namespace_lineBuffer_direction|         array|
|p_anonymous_namespace_lineBuffer_direction_ce1            |  out|    1|   ap_memory|       p_anonymous_namespace_lineBuffer_direction|         array|
|p_anonymous_namespace_lineBuffer_direction_d1             |  out|    2|   ap_memory|       p_anonymous_namespace_lineBuffer_direction|         array|
|p_anonymous_namespace_lineBuffer_direction_q1             |   in|    2|   ap_memory|       p_anonymous_namespace_lineBuffer_direction|         array|
|p_anonymous_namespace_lineBuffer_direction_we1            |  out|    1|   ap_memory|       p_anonymous_namespace_lineBuffer_direction|         array|
|p_anonymous_namespace_lineBuffer_25_magnitude_0_address0  |  out|   10|   ap_memory|  p_anonymous_namespace_lineBuffer_25_magnitude_0|         array|
|p_anonymous_namespace_lineBuffer_25_magnitude_0_ce0       |  out|    1|   ap_memory|  p_anonymous_namespace_lineBuffer_25_magnitude_0|         array|
|p_anonymous_namespace_lineBuffer_25_magnitude_0_d0        |  out|   11|   ap_memory|  p_anonymous_namespace_lineBuffer_25_magnitude_0|         array|
|p_anonymous_namespace_lineBuffer_25_magnitude_0_q0        |   in|   11|   ap_memory|  p_anonymous_namespace_lineBuffer_25_magnitude_0|         array|
|p_anonymous_namespace_lineBuffer_25_magnitude_0_we0       |  out|    1|   ap_memory|  p_anonymous_namespace_lineBuffer_25_magnitude_0|         array|
|p_anonymous_namespace_lineBuffer_25_magnitude_0_address1  |  out|   10|   ap_memory|  p_anonymous_namespace_lineBuffer_25_magnitude_0|         array|
|p_anonymous_namespace_lineBuffer_25_magnitude_0_ce1       |  out|    1|   ap_memory|  p_anonymous_namespace_lineBuffer_25_magnitude_0|         array|
|p_anonymous_namespace_lineBuffer_25_magnitude_0_d1        |  out|   11|   ap_memory|  p_anonymous_namespace_lineBuffer_25_magnitude_0|         array|
|p_anonymous_namespace_lineBuffer_25_magnitude_0_q1        |   in|   11|   ap_memory|  p_anonymous_namespace_lineBuffer_25_magnitude_0|         array|
|p_anonymous_namespace_lineBuffer_25_magnitude_0_we1       |  out|    1|   ap_memory|  p_anonymous_namespace_lineBuffer_25_magnitude_0|         array|
|p_anonymous_namespace_lineBuffer_25_magnitude_1_address0  |  out|   10|   ap_memory|  p_anonymous_namespace_lineBuffer_25_magnitude_1|         array|
|p_anonymous_namespace_lineBuffer_25_magnitude_1_ce0       |  out|    1|   ap_memory|  p_anonymous_namespace_lineBuffer_25_magnitude_1|         array|
|p_anonymous_namespace_lineBuffer_25_magnitude_1_d0        |  out|   11|   ap_memory|  p_anonymous_namespace_lineBuffer_25_magnitude_1|         array|
|p_anonymous_namespace_lineBuffer_25_magnitude_1_q0        |   in|   11|   ap_memory|  p_anonymous_namespace_lineBuffer_25_magnitude_1|         array|
|p_anonymous_namespace_lineBuffer_25_magnitude_1_we0       |  out|    1|   ap_memory|  p_anonymous_namespace_lineBuffer_25_magnitude_1|         array|
|p_anonymous_namespace_lineBuffer_25_magnitude_1_address1  |  out|   10|   ap_memory|  p_anonymous_namespace_lineBuffer_25_magnitude_1|         array|
|p_anonymous_namespace_lineBuffer_25_magnitude_1_ce1       |  out|    1|   ap_memory|  p_anonymous_namespace_lineBuffer_25_magnitude_1|         array|
|p_anonymous_namespace_lineBuffer_25_magnitude_1_d1        |  out|   11|   ap_memory|  p_anonymous_namespace_lineBuffer_25_magnitude_1|         array|
|p_anonymous_namespace_lineBuffer_25_magnitude_1_q1        |   in|   11|   ap_memory|  p_anonymous_namespace_lineBuffer_25_magnitude_1|         array|
|p_anonymous_namespace_lineBuffer_25_magnitude_1_we1       |  out|    1|   ap_memory|  p_anonymous_namespace_lineBuffer_25_magnitude_1|         array|
|p_anonymous_namespace_rowsReceived_1_s_i                  |   in|   32|     ap_ovld|           p_anonymous_namespace_rowsReceived_1_s|       pointer|
|p_anonymous_namespace_rowsReceived_1_s_o                  |  out|   32|     ap_ovld|           p_anonymous_namespace_rowsReceived_1_s|       pointer|
|p_anonymous_namespace_rowsReceived_1_s_i_ap_vld           |   in|    1|     ap_ovld|           p_anonymous_namespace_rowsReceived_1_s|       pointer|
|p_anonymous_namespace_rowsReceived_1_s_o_ap_vld           |  out|    1|     ap_ovld|           p_anonymous_namespace_rowsReceived_1_s|       pointer|
|p_ZN12_GLOBAL_N_110lineBufferILi1EEE_0_address0           |  out|   10|   ap_memory|           p_ZN12_GLOBAL_N_110lineBufferILi1EEE_0|         array|
|p_ZN12_GLOBAL_N_110lineBufferILi1EEE_0_ce0                |  out|    1|   ap_memory|           p_ZN12_GLOBAL_N_110lineBufferILi1EEE_0|         array|
|p_ZN12_GLOBAL_N_110lineBufferILi1EEE_0_d0                 |  out|    8|   ap_memory|           p_ZN12_GLOBAL_N_110lineBufferILi1EEE_0|         array|
|p_ZN12_GLOBAL_N_110lineBufferILi1EEE_0_q0                 |   in|    8|   ap_memory|           p_ZN12_GLOBAL_N_110lineBufferILi1EEE_0|         array|
|p_ZN12_GLOBAL_N_110lineBufferILi1EEE_0_we0                |  out|    1|   ap_memory|           p_ZN12_GLOBAL_N_110lineBufferILi1EEE_0|         array|
|p_ZN12_GLOBAL_N_110lineBufferILi1EEE_0_address1           |  out|   10|   ap_memory|           p_ZN12_GLOBAL_N_110lineBufferILi1EEE_0|         array|
|p_ZN12_GLOBAL_N_110lineBufferILi1EEE_0_ce1                |  out|    1|   ap_memory|           p_ZN12_GLOBAL_N_110lineBufferILi1EEE_0|         array|
|p_ZN12_GLOBAL_N_110lineBufferILi1EEE_0_d1                 |  out|    8|   ap_memory|           p_ZN12_GLOBAL_N_110lineBufferILi1EEE_0|         array|
|p_ZN12_GLOBAL_N_110lineBufferILi1EEE_0_q1                 |   in|    8|   ap_memory|           p_ZN12_GLOBAL_N_110lineBufferILi1EEE_0|         array|
|p_ZN12_GLOBAL_N_110lineBufferILi1EEE_0_we1                |  out|    1|   ap_memory|           p_ZN12_GLOBAL_N_110lineBufferILi1EEE_0|         array|
|p_ZN12_GLOBAL_N_110lineBufferILi1EEE_1_address0           |  out|   10|   ap_memory|           p_ZN12_GLOBAL_N_110lineBufferILi1EEE_1|         array|
|p_ZN12_GLOBAL_N_110lineBufferILi1EEE_1_ce0                |  out|    1|   ap_memory|           p_ZN12_GLOBAL_N_110lineBufferILi1EEE_1|         array|
|p_ZN12_GLOBAL_N_110lineBufferILi1EEE_1_d0                 |  out|    8|   ap_memory|           p_ZN12_GLOBAL_N_110lineBufferILi1EEE_1|         array|
|p_ZN12_GLOBAL_N_110lineBufferILi1EEE_1_q0                 |   in|    8|   ap_memory|           p_ZN12_GLOBAL_N_110lineBufferILi1EEE_1|         array|
|p_ZN12_GLOBAL_N_110lineBufferILi1EEE_1_we0                |  out|    1|   ap_memory|           p_ZN12_GLOBAL_N_110lineBufferILi1EEE_1|         array|
|p_ZN12_GLOBAL_N_110lineBufferILi1EEE_1_address1           |  out|   10|   ap_memory|           p_ZN12_GLOBAL_N_110lineBufferILi1EEE_1|         array|
|p_ZN12_GLOBAL_N_110lineBufferILi1EEE_1_ce1                |  out|    1|   ap_memory|           p_ZN12_GLOBAL_N_110lineBufferILi1EEE_1|         array|
|p_ZN12_GLOBAL_N_110lineBufferILi1EEE_1_d1                 |  out|    8|   ap_memory|           p_ZN12_GLOBAL_N_110lineBufferILi1EEE_1|         array|
|p_ZN12_GLOBAL_N_110lineBufferILi1EEE_1_q1                 |   in|    8|   ap_memory|           p_ZN12_GLOBAL_N_110lineBufferILi1EEE_1|         array|
|p_ZN12_GLOBAL_N_110lineBufferILi1EEE_1_we1                |  out|    1|   ap_memory|           p_ZN12_GLOBAL_N_110lineBufferILi1EEE_1|         array|
|p_anonymous_namespace_rowsReceived_2_s_i                  |   in|   32|     ap_ovld|           p_anonymous_namespace_rowsReceived_2_s|       pointer|
|p_anonymous_namespace_rowsReceived_2_s_o                  |  out|   32|     ap_ovld|           p_anonymous_namespace_rowsReceived_2_s|       pointer|
|p_anonymous_namespace_rowsReceived_2_s_i_ap_vld           |   in|    1|     ap_ovld|           p_anonymous_namespace_rowsReceived_2_s|       pointer|
|p_anonymous_namespace_rowsReceived_2_s_o_ap_vld           |  out|    1|     ap_ovld|           p_anonymous_namespace_rowsReceived_2_s|       pointer|
|p_ZN12_GLOBAL_N_110lineBufferILi2EEE_0_address0           |  out|   10|   ap_memory|           p_ZN12_GLOBAL_N_110lineBufferILi2EEE_0|         array|
|p_ZN12_GLOBAL_N_110lineBufferILi2EEE_0_ce0                |  out|    1|   ap_memory|           p_ZN12_GLOBAL_N_110lineBufferILi2EEE_0|         array|
|p_ZN12_GLOBAL_N_110lineBufferILi2EEE_0_d0                 |  out|    8|   ap_memory|           p_ZN12_GLOBAL_N_110lineBufferILi2EEE_0|         array|
|p_ZN12_GLOBAL_N_110lineBufferILi2EEE_0_q0                 |   in|    8|   ap_memory|           p_ZN12_GLOBAL_N_110lineBufferILi2EEE_0|         array|
|p_ZN12_GLOBAL_N_110lineBufferILi2EEE_0_we0                |  out|    1|   ap_memory|           p_ZN12_GLOBAL_N_110lineBufferILi2EEE_0|         array|
|p_ZN12_GLOBAL_N_110lineBufferILi2EEE_0_address1           |  out|   10|   ap_memory|           p_ZN12_GLOBAL_N_110lineBufferILi2EEE_0|         array|
|p_ZN12_GLOBAL_N_110lineBufferILi2EEE_0_ce1                |  out|    1|   ap_memory|           p_ZN12_GLOBAL_N_110lineBufferILi2EEE_0|         array|
|p_ZN12_GLOBAL_N_110lineBufferILi2EEE_0_d1                 |  out|    8|   ap_memory|           p_ZN12_GLOBAL_N_110lineBufferILi2EEE_0|         array|
|p_ZN12_GLOBAL_N_110lineBufferILi2EEE_0_q1                 |   in|    8|   ap_memory|           p_ZN12_GLOBAL_N_110lineBufferILi2EEE_0|         array|
|p_ZN12_GLOBAL_N_110lineBufferILi2EEE_0_we1                |  out|    1|   ap_memory|           p_ZN12_GLOBAL_N_110lineBufferILi2EEE_0|         array|
|p_ZN12_GLOBAL_N_110lineBufferILi2EEE_1_address0           |  out|   10|   ap_memory|           p_ZN12_GLOBAL_N_110lineBufferILi2EEE_1|         array|
|p_ZN12_GLOBAL_N_110lineBufferILi2EEE_1_ce0                |  out|    1|   ap_memory|           p_ZN12_GLOBAL_N_110lineBufferILi2EEE_1|         array|
|p_ZN12_GLOBAL_N_110lineBufferILi2EEE_1_d0                 |  out|    8|   ap_memory|           p_ZN12_GLOBAL_N_110lineBufferILi2EEE_1|         array|
|p_ZN12_GLOBAL_N_110lineBufferILi2EEE_1_q0                 |   in|    8|   ap_memory|           p_ZN12_GLOBAL_N_110lineBufferILi2EEE_1|         array|
|p_ZN12_GLOBAL_N_110lineBufferILi2EEE_1_we0                |  out|    1|   ap_memory|           p_ZN12_GLOBAL_N_110lineBufferILi2EEE_1|         array|
|p_ZN12_GLOBAL_N_110lineBufferILi2EEE_1_address1           |  out|   10|   ap_memory|           p_ZN12_GLOBAL_N_110lineBufferILi2EEE_1|         array|
|p_ZN12_GLOBAL_N_110lineBufferILi2EEE_1_ce1                |  out|    1|   ap_memory|           p_ZN12_GLOBAL_N_110lineBufferILi2EEE_1|         array|
|p_ZN12_GLOBAL_N_110lineBufferILi2EEE_1_d1                 |  out|    8|   ap_memory|           p_ZN12_GLOBAL_N_110lineBufferILi2EEE_1|         array|
|p_ZN12_GLOBAL_N_110lineBufferILi2EEE_1_q1                 |   in|    8|   ap_memory|           p_ZN12_GLOBAL_N_110lineBufferILi2EEE_1|         array|
|p_ZN12_GLOBAL_N_110lineBufferILi2EEE_1_we1                |  out|    1|   ap_memory|           p_ZN12_GLOBAL_N_110lineBufferILi2EEE_1|         array|
|p_anonymous_namespace_rowsReceived_3_s_i                  |   in|   32|     ap_ovld|           p_anonymous_namespace_rowsReceived_3_s|       pointer|
|p_anonymous_namespace_rowsReceived_3_s_o                  |  out|   32|     ap_ovld|           p_anonymous_namespace_rowsReceived_3_s|       pointer|
|p_anonymous_namespace_rowsReceived_3_s_i_ap_vld           |   in|    1|     ap_ovld|           p_anonymous_namespace_rowsReceived_3_s|       pointer|
|p_anonymous_namespace_rowsReceived_3_s_o_ap_vld           |  out|    1|     ap_ovld|           p_anonymous_namespace_rowsReceived_3_s|       pointer|
|p_ZN12_GLOBAL_N_110lineBufferILi3EEE_0_address0           |  out|   10|   ap_memory|           p_ZN12_GLOBAL_N_110lineBufferILi3EEE_0|         array|
|p_ZN12_GLOBAL_N_110lineBufferILi3EEE_0_ce0                |  out|    1|   ap_memory|           p_ZN12_GLOBAL_N_110lineBufferILi3EEE_0|         array|
|p_ZN12_GLOBAL_N_110lineBufferILi3EEE_0_d0                 |  out|    8|   ap_memory|           p_ZN12_GLOBAL_N_110lineBufferILi3EEE_0|         array|
|p_ZN12_GLOBAL_N_110lineBufferILi3EEE_0_q0                 |   in|    8|   ap_memory|           p_ZN12_GLOBAL_N_110lineBufferILi3EEE_0|         array|
|p_ZN12_GLOBAL_N_110lineBufferILi3EEE_0_we0                |  out|    1|   ap_memory|           p_ZN12_GLOBAL_N_110lineBufferILi3EEE_0|         array|
|p_ZN12_GLOBAL_N_110lineBufferILi3EEE_0_address1           |  out|   10|   ap_memory|           p_ZN12_GLOBAL_N_110lineBufferILi3EEE_0|         array|
|p_ZN12_GLOBAL_N_110lineBufferILi3EEE_0_ce1                |  out|    1|   ap_memory|           p_ZN12_GLOBAL_N_110lineBufferILi3EEE_0|         array|
|p_ZN12_GLOBAL_N_110lineBufferILi3EEE_0_d1                 |  out|    8|   ap_memory|           p_ZN12_GLOBAL_N_110lineBufferILi3EEE_0|         array|
|p_ZN12_GLOBAL_N_110lineBufferILi3EEE_0_q1                 |   in|    8|   ap_memory|           p_ZN12_GLOBAL_N_110lineBufferILi3EEE_0|         array|
|p_ZN12_GLOBAL_N_110lineBufferILi3EEE_0_we1                |  out|    1|   ap_memory|           p_ZN12_GLOBAL_N_110lineBufferILi3EEE_0|         array|
|p_ZN12_GLOBAL_N_110lineBufferILi3EEE_1_address0           |  out|   10|   ap_memory|           p_ZN12_GLOBAL_N_110lineBufferILi3EEE_1|         array|
|p_ZN12_GLOBAL_N_110lineBufferILi3EEE_1_ce0                |  out|    1|   ap_memory|           p_ZN12_GLOBAL_N_110lineBufferILi3EEE_1|         array|
|p_ZN12_GLOBAL_N_110lineBufferILi3EEE_1_d0                 |  out|    8|   ap_memory|           p_ZN12_GLOBAL_N_110lineBufferILi3EEE_1|         array|
|p_ZN12_GLOBAL_N_110lineBufferILi3EEE_1_q0                 |   in|    8|   ap_memory|           p_ZN12_GLOBAL_N_110lineBufferILi3EEE_1|         array|
|p_ZN12_GLOBAL_N_110lineBufferILi3EEE_1_we0                |  out|    1|   ap_memory|           p_ZN12_GLOBAL_N_110lineBufferILi3EEE_1|         array|
|p_ZN12_GLOBAL_N_110lineBufferILi3EEE_1_address1           |  out|   10|   ap_memory|           p_ZN12_GLOBAL_N_110lineBufferILi3EEE_1|         array|
|p_ZN12_GLOBAL_N_110lineBufferILi3EEE_1_ce1                |  out|    1|   ap_memory|           p_ZN12_GLOBAL_N_110lineBufferILi3EEE_1|         array|
|p_ZN12_GLOBAL_N_110lineBufferILi3EEE_1_d1                 |  out|    8|   ap_memory|           p_ZN12_GLOBAL_N_110lineBufferILi3EEE_1|         array|
|p_ZN12_GLOBAL_N_110lineBufferILi3EEE_1_q1                 |   in|    8|   ap_memory|           p_ZN12_GLOBAL_N_110lineBufferILi3EEE_1|         array|
|p_ZN12_GLOBAL_N_110lineBufferILi3EEE_1_we1                |  out|    1|   ap_memory|           p_ZN12_GLOBAL_N_110lineBufferILi3EEE_1|         array|
|p_anonymous_namespace_rowsReceived_4_s_i                  |   in|   32|     ap_ovld|           p_anonymous_namespace_rowsReceived_4_s|       pointer|
|p_anonymous_namespace_rowsReceived_4_s_o                  |  out|   32|     ap_ovld|           p_anonymous_namespace_rowsReceived_4_s|       pointer|
|p_anonymous_namespace_rowsReceived_4_s_i_ap_vld           |   in|    1|     ap_ovld|           p_anonymous_namespace_rowsReceived_4_s|       pointer|
|p_anonymous_namespace_rowsReceived_4_s_o_ap_vld           |  out|    1|     ap_ovld|           p_anonymous_namespace_rowsReceived_4_s|       pointer|
|p_ZN12_GLOBAL_N_110lineBufferILi4EEE_0_address0           |  out|   10|   ap_memory|           p_ZN12_GLOBAL_N_110lineBufferILi4EEE_0|         array|
|p_ZN12_GLOBAL_N_110lineBufferILi4EEE_0_ce0                |  out|    1|   ap_memory|           p_ZN12_GLOBAL_N_110lineBufferILi4EEE_0|         array|
|p_ZN12_GLOBAL_N_110lineBufferILi4EEE_0_d0                 |  out|    8|   ap_memory|           p_ZN12_GLOBAL_N_110lineBufferILi4EEE_0|         array|
|p_ZN12_GLOBAL_N_110lineBufferILi4EEE_0_q0                 |   in|    8|   ap_memory|           p_ZN12_GLOBAL_N_110lineBufferILi4EEE_0|         array|
|p_ZN12_GLOBAL_N_110lineBufferILi4EEE_0_we0                |  out|    1|   ap_memory|           p_ZN12_GLOBAL_N_110lineBufferILi4EEE_0|         array|
|p_ZN12_GLOBAL_N_110lineBufferILi4EEE_0_address1           |  out|   10|   ap_memory|           p_ZN12_GLOBAL_N_110lineBufferILi4EEE_0|         array|
|p_ZN12_GLOBAL_N_110lineBufferILi4EEE_0_ce1                |  out|    1|   ap_memory|           p_ZN12_GLOBAL_N_110lineBufferILi4EEE_0|         array|
|p_ZN12_GLOBAL_N_110lineBufferILi4EEE_0_d1                 |  out|    8|   ap_memory|           p_ZN12_GLOBAL_N_110lineBufferILi4EEE_0|         array|
|p_ZN12_GLOBAL_N_110lineBufferILi4EEE_0_q1                 |   in|    8|   ap_memory|           p_ZN12_GLOBAL_N_110lineBufferILi4EEE_0|         array|
|p_ZN12_GLOBAL_N_110lineBufferILi4EEE_0_we1                |  out|    1|   ap_memory|           p_ZN12_GLOBAL_N_110lineBufferILi4EEE_0|         array|
|p_ZN12_GLOBAL_N_110lineBufferILi4EEE_1_address0           |  out|   10|   ap_memory|           p_ZN12_GLOBAL_N_110lineBufferILi4EEE_1|         array|
|p_ZN12_GLOBAL_N_110lineBufferILi4EEE_1_ce0                |  out|    1|   ap_memory|           p_ZN12_GLOBAL_N_110lineBufferILi4EEE_1|         array|
|p_ZN12_GLOBAL_N_110lineBufferILi4EEE_1_d0                 |  out|    8|   ap_memory|           p_ZN12_GLOBAL_N_110lineBufferILi4EEE_1|         array|
|p_ZN12_GLOBAL_N_110lineBufferILi4EEE_1_q0                 |   in|    8|   ap_memory|           p_ZN12_GLOBAL_N_110lineBufferILi4EEE_1|         array|
|p_ZN12_GLOBAL_N_110lineBufferILi4EEE_1_we0                |  out|    1|   ap_memory|           p_ZN12_GLOBAL_N_110lineBufferILi4EEE_1|         array|
|p_ZN12_GLOBAL_N_110lineBufferILi4EEE_1_address1           |  out|   10|   ap_memory|           p_ZN12_GLOBAL_N_110lineBufferILi4EEE_1|         array|
|p_ZN12_GLOBAL_N_110lineBufferILi4EEE_1_ce1                |  out|    1|   ap_memory|           p_ZN12_GLOBAL_N_110lineBufferILi4EEE_1|         array|
|p_ZN12_GLOBAL_N_110lineBufferILi4EEE_1_d1                 |  out|    8|   ap_memory|           p_ZN12_GLOBAL_N_110lineBufferILi4EEE_1|         array|
|p_ZN12_GLOBAL_N_110lineBufferILi4EEE_1_q1                 |   in|    8|   ap_memory|           p_ZN12_GLOBAL_N_110lineBufferILi4EEE_1|         array|
|p_ZN12_GLOBAL_N_110lineBufferILi4EEE_1_we1                |  out|    1|   ap_memory|           p_ZN12_GLOBAL_N_110lineBufferILi4EEE_1|         array|
|rowsReceived_i                                            |   in|   32|     ap_ovld|                                     rowsReceived|       pointer|
|rowsReceived_o                                            |  out|   32|     ap_ovld|                                     rowsReceived|       pointer|
|rowsReceived_i_ap_vld                                     |   in|    1|     ap_ovld|                                     rowsReceived|       pointer|
|rowsReceived_o_ap_vld                                     |  out|    1|     ap_ovld|                                     rowsReceived|       pointer|
|ap_clk                                                    |   in|    1|  ap_ctrl_hs|                        dataflow_parent_loop_proc|  return value|
|ap_rst                                                    |   in|    1|  ap_ctrl_hs|                        dataflow_parent_loop_proc|  return value|
|ap_start                                                  |   in|    1|  ap_ctrl_hs|                        dataflow_parent_loop_proc|  return value|
|ap_done                                                   |  out|    1|  ap_ctrl_hs|                        dataflow_parent_loop_proc|  return value|
|ap_ready                                                  |  out|    1|  ap_ctrl_hs|                        dataflow_parent_loop_proc|  return value|
|ap_idle                                                   |  out|    1|  ap_ctrl_hs|                        dataflow_parent_loop_proc|  return value|
|ap_continue                                               |   in|    1|  ap_ctrl_hs|                        dataflow_parent_loop_proc|  return value|
+----------------------------------------------------------+-----+-----+------------+-------------------------------------------------+--------------+

============================================================
+ Verbose Summary: Synthesis Manager
============================================================
InlineROM: 1
ExposeGlobal: 0
============================================================
+ Verbose Summary: CDFG Model
============================================================
IsTopModel: 0
ResetActiveHigh: 1
IsCombinational: 2
IsDatapathOnly: 2
HasWiredReturn: 1
HasMFsm: 0
HasVarLatency: 1
IsPipeline: 0
IsRtlPipelined: 0
IsInstanceOverlapped: 0
IsDontTouch: 0
HasImplIP: 0
IsGatedGlobalClock: 0


============================================================
+ Verbose Summary: Schedule
============================================================
* Number of FSM states : 3
* Pipeline : 0
* Dataflow Pipeline: 1
  DF-Pipeline-0: Size = 2, States = { 2 3 }

* FSM state transitions: 
1 --> 2 
2 --> 3 
3 --> 2 

* FSM state operations: 

State 1 <SV = 0> <Delay = 0.42>
ST_1 : Operation 4 [1/1] (0.00ns)   --->   "%specstablecontent_ln0 = specstablecontent void @_ssdm_op_SpecStableContent, i64 %out_r, i1 1, void @p_str"   --->   Operation 4 'specstablecontent' 'specstablecontent_ln0' <Predicate = true> <Delay = 0.00>
ST_1 : Operation 5 [1/1] (0.00ns)   --->   "%specstablecontent_ln0 = specstablecontent void @_ssdm_op_SpecStableContent, i64 %in_r, i1 1, void @p_str"   --->   Operation 5 'specstablecontent' 'specstablecontent_ln0' <Predicate = true> <Delay = 0.00>
ST_1 : Operation 6 [1/1] (0.00ns)   --->   "%specinterface_ln0 = specinterface void @_ssdm_op_SpecInterface, i512 %gmem, void @empty_16, i32 0, i32 0, void @empty, i32 64, i32 0, void @empty_21, void @empty_8, void @empty, i32 16, i32 16, i32 16, i32 16, void @empty, void @empty, i32 4294967295, i32 0, i32 0, i32 64"   --->   Operation 6 'specinterface' 'specinterface_ln0' <Predicate = true> <Delay = 0.00>
ST_1 : Operation 7 [1/1] (0.00ns)   --->   "%out_r_read = read i64 @_ssdm_op_Read.ap_auto.i64, i64 %out_r"   --->   Operation 7 'read' 'out_r_read' <Predicate = true> <Delay = 0.00>
ST_1 : Operation 8 [1/1] (0.00ns)   --->   "%in_r_read = read i64 @_ssdm_op_Read.ap_auto.i64, i64 %in_r"   --->   Operation 8 'read' 'in_r_read' <Predicate = true> <Delay = 0.00>
ST_1 : Operation 9 [1/1] (0.42ns)   --->   "%br_ln0 = br void %for.cond"   --->   Operation 9 'br' 'br_ln0' <Predicate = true> <Delay = 0.42>

State 2 <SV = 1> <Delay = 2.95>
ST_2 : Operation 10 [1/1] (0.00ns)   --->   "%i = phi i10 0, void %newFuncRoot, i10 %add_ln12, void %codeRepl" [../src/canny_top.cpp:12]   --->   Operation 10 'phi' 'i' <Predicate = true> <Delay = 0.00>
ST_2 : Operation 11 [1/1] (0.78ns)   --->   "%icmp_ln12 = icmp_eq  i10 %i, i10 520" [../src/canny_top.cpp:12]   --->   Operation 11 'icmp' 'icmp_ln12' <Predicate = true> <Delay = 0.78> <CoreInst = "Cmp">   --->   Core 9 'Cmp' <Latency = 0> <II = 1> <Delay = 0.78> <FuncUnit> <Opcode : 'seteq' 'setne' 'setle' 'setge' 'setlt' 'setgt'> <InPorts = 2> <OutPorts = 1>
ST_2 : Operation 12 [1/1] (0.78ns)   --->   "%add_ln12 = add i10 %i, i10 1" [../src/canny_top.cpp:12]   --->   Operation 12 'add' 'add_ln12' <Predicate = true> <Delay = 0.78> <CoreInst = "Adder">   --->   Core 1 'Adder' <Latency = 0> <II = 1> <Delay = 0.78> <FuncUnit> <Opcode : 'add' 'sub'> <InPorts = 2> <OutPorts = 1>
ST_2 : Operation 13 [1/1] (0.00ns)   --->   "%specdataflowpipeline_ln12 = specdataflowpipeline void @_ssdm_op_SpecDataflowPipeline, i32 4294967295, i32 0, void @dataflow_parent_loop_str, i10 %i, i10 520, i32 0, i10 0, i10 1, i32 1" [../src/canny_top.cpp:12]   --->   Operation 13 'specdataflowpipeline' 'specdataflowpipeline_ln12' <Predicate = true> <Delay = 0.00>
ST_2 : Operation 14 [1/1] (0.00ns)   --->   "%br_ln12 = br i1 %icmp_ln12, void %codeRepl, void %for.end.exitStub" [../src/canny_top.cpp:12]   --->   Operation 14 'br' 'br_ln12' <Predicate = true> <Delay = 0.00>
ST_2 : Operation 15 [2/2] (2.17ns)   --->   "%call_ln24 = call void @dataflow_in_loop_VITIS_LOOP_12_1.1, i10 %i, i512 %gmem, i64 %in_r_read, i64 %out_r_read, i32 %p_anonymous_namespace_rowsReceived, i8 %lineBuffer_1, i32 %p_anonymous_namespace_rowsReceived_1, i8 %lineBuffer, i32 %p_anonymous_namespace_rowsReceived_2, i2 %p_anonymous_namespace_lineBuffer_direction, i11 %p_anonymous_namespace_lineBuffer_25_magnitude_0, i11 %p_anonymous_namespace_lineBuffer_25_magnitude_1, i32 %p_anonymous_namespace_rowsReceived_1_s, i8 %p_ZN12_GLOBAL_N_110lineBufferILi1EEE_0, i8 %p_ZN12_GLOBAL_N_110lineBufferILi1EEE_1, i32 %p_anonymous_namespace_rowsReceived_2_s, i8 %p_ZN12_GLOBAL_N_110lineBufferILi2EEE_0, i8 %p_ZN12_GLOBAL_N_110lineBufferILi2EEE_1, i32 %p_anonymous_namespace_rowsReceived_3_s, i8 %p_ZN12_GLOBAL_N_110lineBufferILi3EEE_0, i8 %p_ZN12_GLOBAL_N_110lineBufferILi3EEE_1, i32 %p_anonymous_namespace_rowsReceived_4_s, i8 %p_ZN12_GLOBAL_N_110lineBufferILi4EEE_0, i8 %p_ZN12_GLOBAL_N_110lineBufferILi4EEE_1, i32 %rowsReceived" [../src/canny_top.cpp:24]   --->   Operation 15 'call' 'call_ln24' <Predicate = (!icmp_ln12)> <Delay = 2.17> <CoreType = "Generic">   --->   Generic Core
ST_2 : Operation 16 [1/1] (0.00ns)   --->   "%ret_ln0 = ret"   --->   Operation 16 'ret' 'ret_ln0' <Predicate = (icmp_ln12)> <Delay = 0.00>

State 3 <SV = 2> <Delay = 0.00>
ST_3 : Operation 17 [1/1] (0.00ns)   --->   "%speclooptripcount_ln24 = speclooptripcount void @_ssdm_op_SpecLoopTripCount, i64 520, i64 520, i64 520" [../src/canny_top.cpp:24]   --->   Operation 17 'speclooptripcount' 'speclooptripcount_ln24' <Predicate = (!icmp_ln12)> <Delay = 0.00>
ST_3 : Operation 18 [1/1] (0.00ns)   --->   "%specloopname_ln12 = specloopname void @_ssdm_op_SpecLoopName, void @empty_0" [../src/canny_top.cpp:12]   --->   Operation 18 'specloopname' 'specloopname_ln12' <Predicate = (!icmp_ln12)> <Delay = 0.00>
ST_3 : Operation 19 [1/2] (0.00ns)   --->   "%call_ln24 = call void @dataflow_in_loop_VITIS_LOOP_12_1.1, i10 %i, i512 %gmem, i64 %in_r_read, i64 %out_r_read, i32 %p_anonymous_namespace_rowsReceived, i8 %lineBuffer_1, i32 %p_anonymous_namespace_rowsReceived_1, i8 %lineBuffer, i32 %p_anonymous_namespace_rowsReceived_2, i2 %p_anonymous_namespace_lineBuffer_direction, i11 %p_anonymous_namespace_lineBuffer_25_magnitude_0, i11 %p_anonymous_namespace_lineBuffer_25_magnitude_1, i32 %p_anonymous_namespace_rowsReceived_1_s, i8 %p_ZN12_GLOBAL_N_110lineBufferILi1EEE_0, i8 %p_ZN12_GLOBAL_N_110lineBufferILi1EEE_1, i32 %p_anonymous_namespace_rowsReceived_2_s, i8 %p_ZN12_GLOBAL_N_110lineBufferILi2EEE_0, i8 %p_ZN12_GLOBAL_N_110lineBufferILi2EEE_1, i32 %p_anonymous_namespace_rowsReceived_3_s, i8 %p_ZN12_GLOBAL_N_110lineBufferILi3EEE_0, i8 %p_ZN12_GLOBAL_N_110lineBufferILi3EEE_1, i32 %p_anonymous_namespace_rowsReceived_4_s, i8 %p_ZN12_GLOBAL_N_110lineBufferILi4EEE_0, i8 %p_ZN12_GLOBAL_N_110lineBufferILi4EEE_1, i32 %rowsReceived" [../src/canny_top.cpp:24]   --->   Operation 19 'call' 'call_ln24' <Predicate = (!icmp_ln12)> <Delay = 0.00> <CoreType = "Generic">   --->   Generic Core
ST_3 : Operation 20 [1/1] (0.00ns)   --->   "%br_ln12 = br void %for.cond" [../src/canny_top.cpp:12]   --->   Operation 20 'br' 'br_ln12' <Predicate = (!icmp_ln12)> <Delay = 0.00>


============================================================
+ Verbose Summary: Binding
============================================================
STG Binding: 
---------------- STG Properties BEGIN ----------------
- Is combinational: 0
- Is one-state seq: 0
- Is datapath-only: 0
- Is pipelined: 0
- Is top level: 0
Port [ Return ] is wired: 1; IO mode=ap_ctrl_hs:ce=0
Port [ gmem]:  wired=1; compound=1; hidden=0; nouse=0; global=0; static=0; extern=0; dir=2; type=4; pingpong=0; private_global=0; IO mode=m_axi:ce=0
Port [ in_r]:  wired=1; compound=0; hidden=0; nouse=0; global=0; static=0; extern=0; dir=0; type=0; pingpong=0; private_global=0; IO mode=ap_none:ce=0
Port [ out_r]:  wired=1; compound=0; hidden=0; nouse=0; global=0; static=0; extern=0; dir=0; type=0; pingpong=0; private_global=0; IO mode=ap_none:ce=0
Port [ p_anonymous_namespace_rowsReceived]:  wired=1; compound=0; hidden=0; nouse=0; global=1; static=1; extern=0; dir=2; type=0; pingpong=0; private_global=0; IO mode=ap_ovld:ce=0
Port [ lineBuffer_1]:  wired=1; compound=1; hidden=0; nouse=0; global=1; static=1; extern=0; dir=2; type=1; pingpong=0; private_global=0; MemPort=[21]; IO mode=ap_memory:ce=0
Port [ p_anonymous_namespace_rowsReceived_1]:  wired=1; compound=0; hidden=0; nouse=0; global=1; static=1; extern=0; dir=2; type=0; pingpong=0; private_global=0; IO mode=ap_ovld:ce=0
Port [ lineBuffer]:  wired=1; compound=1; hidden=0; nouse=0; global=1; static=1; extern=0; dir=2; type=1; pingpong=0; private_global=0; MemPort=[21]; IO mode=ap_memory:ce=0
Port [ p_anonymous_namespace_rowsReceived_2]:  wired=1; compound=0; hidden=0; nouse=0; global=1; static=1; extern=0; dir=2; type=0; pingpong=0; private_global=0; IO mode=ap_ovld:ce=0
Port [ p_anonymous_namespace_lineBuffer_direction]:  wired=1; compound=1; hidden=0; nouse=0; global=1; static=1; extern=0; dir=2; type=1; pingpong=0; private_global=0; MemPort=[23]; IO mode=ap_memory:ce=0
Port [ p_anonymous_namespace_lineBuffer_25_magnitude_0]:  wired=1; compound=1; hidden=0; nouse=0; global=1; static=1; extern=0; dir=2; type=1; pingpong=0; private_global=0; MemPort=[21]; IO mode=ap_memory:ce=0
Port [ p_anonymous_namespace_lineBuffer_25_magnitude_1]:  wired=1; compound=1; hidden=0; nouse=0; global=1; static=1; extern=0; dir=2; type=1; pingpong=0; private_global=0; MemPort=[21]; IO mode=ap_memory:ce=0
Port [ p_anonymous_namespace_rowsReceived_1_s]:  wired=1; compound=0; hidden=0; nouse=0; global=1; static=1; extern=0; dir=2; type=0; pingpong=0; private_global=0; IO mode=ap_ovld:ce=0
Port [ p_ZN12_GLOBAL_N_110lineBufferILi1EEE_0]:  wired=1; compound=1; hidden=0; nouse=0; global=1; static=1; extern=0; dir=2; type=1; pingpong=0; private_global=0; MemPort=[21]; IO mode=ap_memory:ce=0
Port [ p_ZN12_GLOBAL_N_110lineBufferILi1EEE_1]:  wired=1; compound=1; hidden=0; nouse=0; global=1; static=1; extern=0; dir=2; type=1; pingpong=0; private_global=0; MemPort=[21]; IO mode=ap_memory:ce=0
Port [ p_anonymous_namespace_rowsReceived_2_s]:  wired=1; compound=0; hidden=0; nouse=0; global=1; static=1; extern=0; dir=2; type=0; pingpong=0; private_global=0; IO mode=ap_ovld:ce=0
Port [ p_ZN12_GLOBAL_N_110lineBufferILi2EEE_0]:  wired=1; compound=1; hidden=0; nouse=0; global=1; static=1; extern=0; dir=2; type=1; pingpong=0; private_global=0; MemPort=[21]; IO mode=ap_memory:ce=0
Port [ p_ZN12_GLOBAL_N_110lineBufferILi2EEE_1]:  wired=1; compound=1; hidden=0; nouse=0; global=1; static=1; extern=0; dir=2; type=1; pingpong=0; private_global=0; MemPort=[21]; IO mode=ap_memory:ce=0
Port [ p_anonymous_namespace_rowsReceived_3_s]:  wired=1; compound=0; hidden=0; nouse=0; global=1; static=1; extern=0; dir=2; type=0; pingpong=0; private_global=0; IO mode=ap_ovld:ce=0
Port [ p_ZN12_GLOBAL_N_110lineBufferILi3EEE_0]:  wired=1; compound=1; hidden=0; nouse=0; global=1; static=1; extern=0; dir=2; type=1; pingpong=0; private_global=0; MemPort=[21]; IO mode=ap_memory:ce=0
Port [ p_ZN12_GLOBAL_N_110lineBufferILi3EEE_1]:  wired=1; compound=1; hidden=0; nouse=0; global=1; static=1; extern=0; dir=2; type=1; pingpong=0; private_global=0; MemPort=[21]; IO mode=ap_memory:ce=0
Port [ p_anonymous_namespace_rowsReceived_4_s]:  wired=1; compound=0; hidden=0; nouse=0; global=1; static=1; extern=0; dir=2; type=0; pingpong=0; private_global=0; IO mode=ap_ovld:ce=0
Port [ p_ZN12_GLOBAL_N_110lineBufferILi4EEE_0]:  wired=1; compound=1; hidden=0; nouse=0; global=1; static=1; extern=0; dir=2; type=1; pingpong=0; private_global=0; MemPort=[21]; IO mode=ap_memory:ce=0
Port [ p_ZN12_GLOBAL_N_110lineBufferILi4EEE_1]:  wired=1; compound=1; hidden=0; nouse=0; global=1; static=1; extern=0; dir=2; type=1; pingpong=0; private_global=0; MemPort=[21]; IO mode=ap_memory:ce=0
Port [ rowsReceived]:  wired=1; compound=0; hidden=0; nouse=0; global=1; static=1; extern=0; dir=2; type=0; pingpong=0; private_global=0; IO mode=ap_ovld:ce=0
---------------- STG Properties END ------------------

---------------- Datapath Model BEGIN ----------------

<LifeTime>
<method=bitvector/>
specstablecontent_ln0     (specstablecontent   ) [ 0000]
specstablecontent_ln0     (specstablecontent   ) [ 0000]
specinterface_ln0         (specinterface       ) [ 0000]
out_r_read                (read                ) [ 0011]
in_r_read                 (read                ) [ 0011]
br_ln0                    (br                  ) [ 0111]
i                         (phi                 ) [ 0011]
icmp_ln12                 (icmp                ) [ 0011]
add_ln12                  (add                 ) [ 0111]
specdataflowpipeline_ln12 (specdataflowpipeline) [ 0000]
br_ln12                   (br                  ) [ 0000]
ret_ln0                   (ret                 ) [ 0000]
speclooptripcount_ln24    (speclooptripcount   ) [ 0000]
specloopname_ln12         (specloopname        ) [ 0000]
call_ln24                 (call                ) [ 0000]
br_ln12                   (br                  ) [ 0111]
</LifeTime>

<model>

<comp_list>
<comp id="0" class="1000" name="gmem">
<pin_list>
<pin id="1" dir="1" index="0" bw="1" slack="0"/>
</pin_list>
<bind>
<StgValue><ssdm name="gmem"/><MemPortTyVec>2 </MemPortTyVec>
</StgValue>
</bind>
</comp>

<comp id="2" class="1000" name="in_r">
<pin_list>
<pin id="3" dir="1" index="0" bw="1" slack="0"/>
</pin_list>
<bind>
<StgValue><ssdm name="in_r"/></StgValue>
</bind>
</comp>

<comp id="4" class="1000" name="out_r">
<pin_list>
<pin id="5" dir="1" index="0" bw="1" slack="0"/>
</pin_list>
<bind>
<StgValue><ssdm name="out_r"/></StgValue>
</bind>
</comp>

<comp id="6" class="1000" name="p_anonymous_namespace_rowsReceived">
<pin_list>
<pin id="7" dir="1" index="0" bw="1" slack="0"/>
</pin_list>
<bind>
<StgValue><ssdm name="p_anonymous_namespace_rowsReceived"/></StgValue>
</bind>
</comp>

<comp id="8" class="1000" name="lineBuffer_1">
<pin_list>
<pin id="9" dir="1" index="0" bw="1" slack="0"/>
</pin_list>
<bind>
<StgValue><ssdm name="lineBuffer_1"/><MemPortTyVec>2 1 </MemPortTyVec>
</StgValue>
</bind>
</comp>

<comp id="10" class="1000" name="p_anonymous_namespace_rowsReceived_1">
<pin_list>
<pin id="11" dir="1" index="0" bw="1" slack="0"/>
</pin_list>
<bind>
<StgValue><ssdm name="p_anonymous_namespace_rowsReceived_1"/></StgValue>
</bind>
</comp>

<comp id="12" class="1000" name="lineBuffer">
<pin_list>
<pin id="13" dir="1" index="0" bw="1" slack="0"/>
</pin_list>
<bind>
<StgValue><ssdm name="lineBuffer"/><MemPortTyVec>2 1 </MemPortTyVec>
</StgValue>
</bind>
</comp>

<comp id="14" class="1000" name="p_anonymous_namespace_rowsReceived_2">
<pin_list>
<pin id="15" dir="1" index="0" bw="1" slack="0"/>
</pin_list>
<bind>
<StgValue><ssdm name="p_anonymous_namespace_rowsReceived_2"/></StgValue>
</bind>
</comp>

<comp id="16" class="1000" name="p_anonymous_namespace_lineBuffer_direction">
<pin_list>
<pin id="17" dir="1" index="0" bw="1" slack="0"/>
</pin_list>
<bind>
<StgValue><ssdm name="p_anonymous_namespace_lineBuffer_direction"/><MemPortTyVec>2 3 </MemPortTyVec>
</StgValue>
</bind>
</comp>

<comp id="18" class="1000" name="p_anonymous_namespace_lineBuffer_25_magnitude_0">
<pin_list>
<pin id="19" dir="1" index="0" bw="1" slack="0"/>
</pin_list>
<bind>
<StgValue><ssdm name="p_anonymous_namespace_lineBuffer_25_magnitude_0"/><MemPortTyVec>2 1 </MemPortTyVec>
</StgValue>
</bind>
</comp>

<comp id="20" class="1000" name="p_anonymous_namespace_lineBuffer_25_magnitude_1">
<pin_list>
<pin id="21" dir="1" index="0" bw="1" slack="0"/>
</pin_list>
<bind>
<StgValue><ssdm name="p_anonymous_namespace_lineBuffer_25_magnitude_1"/><MemPortTyVec>2 1 </MemPortTyVec>
</StgValue>
</bind>
</comp>

<comp id="22" class="1000" name="p_anonymous_namespace_rowsReceived_1_s">
<pin_list>
<pin id="23" dir="1" index="0" bw="1" slack="0"/>
</pin_list>
<bind>
<StgValue><ssdm name="p_anonymous_namespace_rowsReceived_1_s"/></StgValue>
</bind>
</comp>

<comp id="24" class="1000" name="p_ZN12_GLOBAL_N_110lineBufferILi1EEE_0">
<pin_list>
<pin id="25" dir="1" index="0" bw="1" slack="0"/>
</pin_list>
<bind>
<StgValue><ssdm name="p_ZN12_GLOBAL_N_110lineBufferILi1EEE_0"/><MemPortTyVec>2 1 </MemPortTyVec>
</StgValue>
</bind>
</comp>

<comp id="26" class="1000" name="p_ZN12_GLOBAL_N_110lineBufferILi1EEE_1">
<pin_list>
<pin id="27" dir="1" index="0" bw="1" slack="0"/>
</pin_list>
<bind>
<StgValue><ssdm name="p_ZN12_GLOBAL_N_110lineBufferILi1EEE_1"/><MemPortTyVec>2 1 </MemPortTyVec>
</StgValue>
</bind>
</comp>

<comp id="28" class="1000" name="p_anonymous_namespace_rowsReceived_2_s">
<pin_list>
<pin id="29" dir="1" index="0" bw="1" slack="0"/>
</pin_list>
<bind>
<StgValue><ssdm name="p_anonymous_namespace_rowsReceived_2_s"/></StgValue>
</bind>
</comp>

<comp id="30" class="1000" name="p_ZN12_GLOBAL_N_110lineBufferILi2EEE_0">
<pin_list>
<pin id="31" dir="1" index="0" bw="1" slack="0"/>
</pin_list>
<bind>
<StgValue><ssdm name="p_ZN12_GLOBAL_N_110lineBufferILi2EEE_0"/><MemPortTyVec>2 1 </MemPortTyVec>
</StgValue>
</bind>
</comp>

<comp id="32" class="1000" name="p_ZN12_GLOBAL_N_110lineBufferILi2EEE_1">
<pin_list>
<pin id="33" dir="1" index="0" bw="1" slack="0"/>
</pin_list>
<bind>
<StgValue><ssdm name="p_ZN12_GLOBAL_N_110lineBufferILi2EEE_1"/><MemPortTyVec>2 1 </MemPortTyVec>
</StgValue>
</bind>
</comp>

<comp id="34" class="1000" name="p_anonymous_namespace_rowsReceived_3_s">
<pin_list>
<pin id="35" dir="1" index="0" bw="1" slack="0"/>
</pin_list>
<bind>
<StgValue><ssdm name="p_anonymous_namespace_rowsReceived_3_s"/></StgValue>
</bind>
</comp>

<comp id="36" class="1000" name="p_ZN12_GLOBAL_N_110lineBufferILi3EEE_0">
<pin_list>
<pin id="37" dir="1" index="0" bw="1" slack="0"/>
</pin_list>
<bind>
<StgValue><ssdm name="p_ZN12_GLOBAL_N_110lineBufferILi3EEE_0"/><MemPortTyVec>2 1 </MemPortTyVec>
</StgValue>
</bind>
</comp>

<comp id="38" class="1000" name="p_ZN12_GLOBAL_N_110lineBufferILi3EEE_1">
<pin_list>
<pin id="39" dir="1" index="0" bw="1" slack="0"/>
</pin_list>
<bind>
<StgValue><ssdm name="p_ZN12_GLOBAL_N_110lineBufferILi3EEE_1"/><MemPortTyVec>2 1 </MemPortTyVec>
</StgValue>
</bind>
</comp>

<comp id="40" class="1000" name="p_anonymous_namespace_rowsReceived_4_s">
<pin_list>
<pin id="41" dir="1" index="0" bw="1" slack="0"/>
</pin_list>
<bind>
<StgValue><ssdm name="p_anonymous_namespace_rowsReceived_4_s"/></StgValue>
</bind>
</comp>

<comp id="42" class="1000" name="p_ZN12_GLOBAL_N_110lineBufferILi4EEE_0">
<pin_list>
<pin id="43" dir="1" index="0" bw="1" slack="0"/>
</pin_list>
<bind>
<StgValue><ssdm name="p_ZN12_GLOBAL_N_110lineBufferILi4EEE_0"/><MemPortTyVec>2 1 </MemPortTyVec>
</StgValue>
</bind>
</comp>

<comp id="44" class="1000" name="p_ZN12_GLOBAL_N_110lineBufferILi4EEE_1">
<pin_list>
<pin id="45" dir="1" index="0" bw="1" slack="0"/>
</pin_list>
<bind>
<StgValue><ssdm name="p_ZN12_GLOBAL_N_110lineBufferILi4EEE_1"/><MemPortTyVec>2 1 </MemPortTyVec>
</StgValue>
</bind>
</comp>

<comp id="46" class="1000" name="rowsReceived">
<pin_list>
<pin id="47" dir="1" index="0" bw="1" slack="0"/>
</pin_list>
<bind>
<StgValue><ssdm name="rowsReceived"/></StgValue>
</bind>
</comp>

<comp id="48" class="1001" name="const_48">
<pin_list>
<pin id="49" dir="1" index="0" bw="1" slack="2147483647"/>
</pin_list>
<bind>
<StgValue><ssdm name="_ssdm_op_SpecStableContent"/></StgValue>
</bind>
</comp>

<comp id="50" class="1001" name="const_50">
<pin_list>
<pin id="51" dir="1" index="0" bw="1" slack="2147483647"/>
</pin_list>
<bind>
<StgValue><ssdm name=""/></StgValue>
</bind>
</comp>

<comp id="52" class="1001" name="const_52">
<pin_list>
<pin id="53" dir="1" index="0" bw="1" slack="2147483647"/>
</pin_list>
<bind>
<StgValue><ssdm name="p_str"/></StgValue>
</bind>
</comp>

<comp id="54" class="1001" name="const_54">
<pin_list>
<pin id="55" dir="1" index="0" bw="1" slack="2147483647"/>
</pin_list>
<bind>
<StgValue><ssdm name="_ssdm_op_SpecInterface"/></StgValue>
</bind>
</comp>

<comp id="56" class="1001" name="const_56">
<pin_list>
<pin id="57" dir="1" index="0" bw="1" slack="2147483647"/>
</pin_list>
<bind>
<StgValue><ssdm name="empty_16"/></StgValue>
</bind>
</comp>

<comp id="58" class="1001" name="const_58">
<pin_list>
<pin id="59" dir="1" index="0" bw="1" slack="2147483647"/>
</pin_list>
<bind>
<StgValue><ssdm name=""/></StgValue>
</bind>
</comp>

<comp id="60" class="1001" name="const_60">
<pin_list>
<pin id="61" dir="1" index="0" bw="1" slack="2147483647"/>
</pin_list>
<bind>
<StgValue><ssdm name="empty"/></StgValue>
</bind>
</comp>

<comp id="62" class="1001" name="const_62">
<pin_list>
<pin id="63" dir="1" index="0" bw="1" slack="2147483647"/>
</pin_list>
<bind>
<StgValue><ssdm name=""/></StgValue>
</bind>
</comp>

<comp id="64" class="1001" name="const_64">
<pin_list>
<pin id="65" dir="1" index="0" bw="1" slack="2147483647"/>
</pin_list>
<bind>
<StgValue><ssdm name="empty_21"/></StgValue>
</bind>
</comp>

<comp id="66" class="1001" name="const_66">
<pin_list>
<pin id="67" dir="1" index="0" bw="1" slack="2147483647"/>
</pin_list>
<bind>
<StgValue><ssdm name="empty_8"/></StgValue>
</bind>
</comp>

<comp id="68" class="1001" name="const_68">
<pin_list>
<pin id="69" dir="1" index="0" bw="1" slack="2147483647"/>
</pin_list>
<bind>
<StgValue><ssdm name=""/></StgValue>
</bind>
</comp>

<comp id="70" class="1001" name="const_70">
<pin_list>
<pin id="71" dir="1" index="0" bw="1" slack="2147483647"/>
</pin_list>
<bind>
<StgValue><ssdm name=""/></StgValue>
</bind>
</comp>

<comp id="72" class="1001" name="const_72">
<pin_list>
<pin id="73" dir="1" index="0" bw="1" slack="0"/>
</pin_list>
<bind>
<StgValue><ssdm name="_ssdm_op_Read.ap_auto.i64"/></StgValue>
</bind>
</comp>

<comp id="74" class="1001" name="const_74">
<pin_list>
<pin id="75" dir="1" index="0" bw="1" slack="1"/>
</pin_list>
<bind>
<StgValue><ssdm name=""/></StgValue>
</bind>
</comp>

<comp id="76" class="1001" name="const_76">
<pin_list>
<pin id="77" dir="1" index="0" bw="1" slack="0"/>
</pin_list>
<bind>
<StgValue><ssdm name=""/></StgValue>
</bind>
</comp>

<comp id="78" class="1001" name="const_78">
<pin_list>
<pin id="79" dir="1" index="0" bw="1" slack="0"/>
</pin_list>
<bind>
<StgValue><ssdm name=""/></StgValue>
</bind>
</comp>

<comp id="80" class="1001" name="const_80">
<pin_list>
<pin id="81" dir="1" index="0" bw="1" slack="2147483647"/>
</pin_list>
<bind>
<StgValue><ssdm name="_ssdm_op_SpecDataflowPipeline"/></StgValue>
</bind>
</comp>

<comp id="82" class="1001" name="const_82">
<pin_list>
<pin id="83" dir="1" index="0" bw="1" slack="2147483647"/>
</pin_list>
<bind>
<StgValue><ssdm name="dataflow_parent_loop_str"/></StgValue>
</bind>
</comp>

<comp id="84" class="1001" name="const_84">
<pin_list>
<pin id="85" dir="1" index="0" bw="1" slack="2147483647"/>
</pin_list>
<bind>
<StgValue><ssdm name=""/></StgValue>
</bind>
</comp>

<comp id="86" class="1001" name="const_86">
<pin_list>
<pin id="87" dir="1" index="0" bw="1" slack="0"/>
</pin_list>
<bind>
<StgValue><ssdm name="dataflow_in_loop_VITIS_LOOP_12_1.1"/></StgValue>
</bind>
</comp>

<comp id="88" class="1001" name="const_88">
<pin_list>
<pin id="89" dir="1" index="0" bw="1" slack="2147483647"/>
</pin_list>
<bind>
<StgValue><ssdm name="_ssdm_op_SpecLoopTripCount"/></StgValue>
</bind>
</comp>

<comp id="90" class="1001" name="const_90">
<pin_list>
<pin id="91" dir="1" index="0" bw="1" slack="2147483647"/>
</pin_list>
<bind>
<StgValue><ssdm name=""/></StgValue>
</bind>
</comp>

<comp id="92" class="1001" name="const_92">
<pin_list>
<pin id="93" dir="1" index="0" bw="1" slack="2147483647"/>
</pin_list>
<bind>
<StgValue><ssdm name="_ssdm_op_SpecLoopName"/></StgValue>
</bind>
</comp>

<comp id="94" class="1001" name="const_94">
<pin_list>
<pin id="95" dir="1" index="0" bw="1" slack="2147483647"/>
</pin_list>
<bind>
<StgValue><ssdm name="empty_0"/></StgValue>
</bind>
</comp>

<comp id="96" class="1004" name="out_r_read_read_fu_96">
<pin_list>
<pin id="97" dir="0" index="0" bw="64" slack="0"/>
<pin id="98" dir="0" index="1" bw="64" slack="0"/>
<pin id="99" dir="1" index="2" bw="64" slack="1"/>
</pin_list>
<bind>
<opcode="read(1150) " fcode="read"/>
<opset="out_r_read/1 "/>
</bind>
</comp>

<comp id="102" class="1004" name="in_r_read_read_fu_102">
<pin_list>
<pin id="103" dir="0" index="0" bw="64" slack="0"/>
<pin id="104" dir="0" index="1" bw="64" slack="0"/>
<pin id="105" dir="1" index="2" bw="64" slack="1"/>
</pin_list>
<bind>
<opcode="read(1150) " fcode="read"/>
<opset="in_r_read/1 "/>
</bind>
</comp>

<comp id="108" class="1005" name="i_reg_108">
<pin_list>
<pin id="109" dir="0" index="0" bw="10" slack="1"/>
<pin id="110" dir="1" index="1" bw="10" slack="1"/>
</pin_list>
<bind>
<opset="i (phireg) "/>
</bind>
</comp>

<comp id="112" class="1004" name="i_phi_fu_112">
<pin_list>
<pin id="113" dir="0" index="0" bw="1" slack="1"/>
<pin id="114" dir="0" index="1" bw="0" slack="2147483647"/>
<pin id="115" dir="0" index="2" bw="10" slack="0"/>
<pin id="116" dir="0" index="3" bw="0" slack="2147483647"/>
<pin id="117" dir="1" index="4" bw="10" slack="0"/>
</pin_list>
<bind>
<opcode="phi(47) " fcode="phi"/>
<opset="i/2 "/>
</bind>
</comp>

<comp id="120" class="1004" name="grp_dataflow_in_loop_VITIS_LOOP_12_1_1_fu_120">
<pin_list>
<pin id="121" dir="0" index="0" bw="0" slack="0"/>
<pin id="122" dir="0" index="1" bw="10" slack="0"/>
<pin id="123" dir="0" index="2" bw="512" slack="0"/>
<pin id="124" dir="0" index="3" bw="64" slack="1"/>
<pin id="125" dir="0" index="4" bw="64" slack="1"/>
<pin id="126" dir="0" index="5" bw="32" slack="0"/>
<pin id="127" dir="0" index="6" bw="8" slack="0"/>
<pin id="128" dir="0" index="7" bw="32" slack="0"/>
<pin id="129" dir="0" index="8" bw="8" slack="0"/>
<pin id="130" dir="0" index="9" bw="32" slack="0"/>
<pin id="131" dir="0" index="10" bw="2" slack="0"/>
<pin id="132" dir="0" index="11" bw="11" slack="0"/>
<pin id="133" dir="0" index="12" bw="11" slack="0"/>
<pin id="134" dir="0" index="13" bw="32" slack="0"/>
<pin id="135" dir="0" index="14" bw="8" slack="0"/>
<pin id="136" dir="0" index="15" bw="8" slack="0"/>
<pin id="137" dir="0" index="16" bw="32" slack="0"/>
<pin id="138" dir="0" index="17" bw="8" slack="0"/>
<pin id="139" dir="0" index="18" bw="8" slack="0"/>
<pin id="140" dir="0" index="19" bw="32" slack="0"/>
<pin id="141" dir="0" index="20" bw="8" slack="0"/>
<pin id="142" dir="0" index="21" bw="8" slack="0"/>
<pin id="143" dir="0" index="22" bw="32" slack="0"/>
<pin id="144" dir="0" index="23" bw="8" slack="0"/>
<pin id="145" dir="0" index="24" bw="8" slack="0"/>
<pin id="146" dir="0" index="25" bw="32" slack="0"/>
<pin id="147" dir="1" index="26" bw="0" slack="2147483647"/>
</pin_list>
<bind>
<opcode="call(48) " fcode="call"/>
<opset="call_ln24/2 "/>
</bind>
</comp>

<comp id="172" class="1004" name="icmp_ln12_fu_172">
<pin_list>
<pin id="173" dir="0" index="0" bw="10" slack="0"/>
<pin id="174" dir="0" index="1" bw="10" slack="0"/>
<pin id="175" dir="1" index="2" bw="1" slack="1"/>
</pin_list>
<bind>
<opcode="icmp(45) " fcode="icmp"/>
<opset="icmp_ln12/2 "/>
</bind>
</comp>

<comp id="178" class="1004" name="add_ln12_fu_178">
<pin_list>
<pin id="179" dir="0" index="0" bw="10" slack="0"/>
<pin id="180" dir="0" index="1" bw="1" slack="0"/>
<pin id="181" dir="1" index="2" bw="10" slack="0"/>
</pin_list>
<bind>
<opcode="add(8) " fcode="add"/>
<opset="add_ln12/2 "/>
</bind>
</comp>

<comp id="184" class="1005" name="out_r_read_reg_184">
<pin_list>
<pin id="185" dir="0" index="0" bw="64" slack="1"/>
<pin id="186" dir="1" index="1" bw="64" slack="1"/>
</pin_list>
<bind>
<opset="out_r_read "/>
</bind>
</comp>

<comp id="189" class="1005" name="in_r_read_reg_189">
<pin_list>
<pin id="190" dir="0" index="0" bw="64" slack="1"/>
<pin id="191" dir="1" index="1" bw="64" slack="1"/>
</pin_list>
<bind>
<opset="in_r_read "/>
</bind>
</comp>

<comp id="194" class="1005" name="icmp_ln12_reg_194">
<pin_list>
<pin id="195" dir="0" index="0" bw="1" slack="1"/>
<pin id="196" dir="1" index="1" bw="1" slack="2147483647"/>
</pin_list>
<bind>
<opset="icmp_ln12 "/>
</bind>
</comp>

<comp id="198" class="1005" name="add_ln12_reg_198">
<pin_list>
<pin id="199" dir="0" index="0" bw="10" slack="0"/>
<pin id="200" dir="1" index="1" bw="10" slack="0"/>
</pin_list>
<bind>
<opset="add_ln12 "/>
</bind>
</comp>

</comp_list>

<net_list>
<net id="100"><net_src comp="72" pin="0"/><net_sink comp="96" pin=0"/></net>

<net id="101"><net_src comp="4" pin="0"/><net_sink comp="96" pin=1"/></net>

<net id="106"><net_src comp="72" pin="0"/><net_sink comp="102" pin=0"/></net>

<net id="107"><net_src comp="2" pin="0"/><net_sink comp="102" pin=1"/></net>

<net id="111"><net_src comp="74" pin="0"/><net_sink comp="108" pin=0"/></net>

<net id="118"><net_src comp="108" pin="1"/><net_sink comp="112" pin=0"/></net>

<net id="119"><net_src comp="112" pin="4"/><net_sink comp="108" pin=0"/></net>

<net id="148"><net_src comp="86" pin="0"/><net_sink comp="120" pin=0"/></net>

<net id="149"><net_src comp="112" pin="4"/><net_sink comp="120" pin=1"/></net>

<net id="150"><net_src comp="0" pin="0"/><net_sink comp="120" pin=2"/></net>

<net id="151"><net_src comp="6" pin="0"/><net_sink comp="120" pin=5"/></net>

<net id="152"><net_src comp="8" pin="0"/><net_sink comp="120" pin=6"/></net>

<net id="153"><net_src comp="10" pin="0"/><net_sink comp="120" pin=7"/></net>

<net id="154"><net_src comp="12" pin="0"/><net_sink comp="120" pin=8"/></net>

<net id="155"><net_src comp="14" pin="0"/><net_sink comp="120" pin=9"/></net>

<net id="156"><net_src comp="16" pin="0"/><net_sink comp="120" pin=10"/></net>

<net id="157"><net_src comp="18" pin="0"/><net_sink comp="120" pin=11"/></net>

<net id="158"><net_src comp="20" pin="0"/><net_sink comp="120" pin=12"/></net>

<net id="159"><net_src comp="22" pin="0"/><net_sink comp="120" pin=13"/></net>

<net id="160"><net_src comp="24" pin="0"/><net_sink comp="120" pin=14"/></net>

<net id="161"><net_src comp="26" pin="0"/><net_sink comp="120" pin=15"/></net>

<net id="162"><net_src comp="28" pin="0"/><net_sink comp="120" pin=16"/></net>

<net id="163"><net_src comp="30" pin="0"/><net_sink comp="120" pin=17"/></net>

<net id="164"><net_src comp="32" pin="0"/><net_sink comp="120" pin=18"/></net>

<net id="165"><net_src comp="34" pin="0"/><net_sink comp="120" pin=19"/></net>

<net id="166"><net_src comp="36" pin="0"/><net_sink comp="120" pin=20"/></net>

<net id="167"><net_src comp="38" pin="0"/><net_sink comp="120" pin=21"/></net>

<net id="168"><net_src comp="40" pin="0"/><net_sink comp="120" pin=22"/></net>

<net id="169"><net_src comp="42" pin="0"/><net_sink comp="120" pin=23"/></net>

<net id="170"><net_src comp="44" pin="0"/><net_sink comp="120" pin=24"/></net>

<net id="171"><net_src comp="46" pin="0"/><net_sink comp="120" pin=25"/></net>

<net id="176"><net_src comp="112" pin="4"/><net_sink comp="172" pin=0"/></net>

<net id="177"><net_src comp="76" pin="0"/><net_sink comp="172" pin=1"/></net>

<net id="182"><net_src comp="112" pin="4"/><net_sink comp="178" pin=0"/></net>

<net id="183"><net_src comp="78" pin="0"/><net_sink comp="178" pin=1"/></net>

<net id="187"><net_src comp="96" pin="2"/><net_sink comp="184" pin=0"/></net>

<net id="188"><net_src comp="184" pin="1"/><net_sink comp="120" pin=4"/></net>

<net id="192"><net_src comp="102" pin="2"/><net_sink comp="189" pin=0"/></net>

<net id="193"><net_src comp="189" pin="1"/><net_sink comp="120" pin=3"/></net>

<net id="197"><net_src comp="172" pin="2"/><net_sink comp="194" pin=0"/></net>

<net id="201"><net_src comp="178" pin="2"/><net_sink comp="198" pin=0"/></net>

<net id="202"><net_src comp="198" pin="1"/><net_sink comp="112" pin=2"/></net>

</net_list>

</model> 
---------------- Datapath Model END ------------------

* FSMD analyzer results:
  - Output states:
	Port: gmem | {2 3 }
	Port: p_anonymous_namespace_rowsReceived | {2 3 }
	Port: lineBuffer_1 | {2 3 }
	Port: p_anonymous_namespace_rowsReceived_1 | {2 3 }
	Port: lineBuffer | {2 3 }
	Port: p_anonymous_namespace_rowsReceived_2 | {2 3 }
	Port: p_anonymous_namespace_lineBuffer_direction | {2 3 }
	Port: p_anonymous_namespace_lineBuffer_25_magnitude_0 | {2 3 }
	Port: p_anonymous_namespace_lineBuffer_25_magnitude_1 | {2 3 }
	Port: p_anonymous_namespace_rowsReceived_1_s | {2 3 }
	Port: p_ZN12_GLOBAL_N_110lineBufferILi1EEE_0 | {2 3 }
	Port: p_ZN12_GLOBAL_N_110lineBufferILi1EEE_1 | {2 3 }
	Port: p_anonymous_namespace_rowsReceived_2_s | {2 3 }
	Port: p_ZN12_GLOBAL_N_110lineBufferILi2EEE_0 | {2 3 }
	Port: p_ZN12_GLOBAL_N_110lineBufferILi2EEE_1 | {2 3 }
	Port: p_anonymous_namespace_rowsReceived_3_s | {2 3 }
	Port: p_ZN12_GLOBAL_N_110lineBufferILi3EEE_0 | {2 3 }
	Port: p_ZN12_GLOBAL_N_110lineBufferILi3EEE_1 | {2 3 }
	Port: p_anonymous_namespace_rowsReceived_4_s | {2 3 }
	Port: p_ZN12_GLOBAL_N_110lineBufferILi4EEE_0 | {2 3 }
	Port: p_ZN12_GLOBAL_N_110lineBufferILi4EEE_1 | {2 3 }
	Port: rowsReceived | {2 3 }
 - Input state : 
	Port: dataflow_parent_loop_proc : gmem | {2 3 }
	Port: dataflow_parent_loop_proc : in_r | {1 }
	Port: dataflow_parent_loop_proc : out_r | {1 }
	Port: dataflow_parent_loop_proc : p_anonymous_namespace_rowsReceived | {2 3 }
	Port: dataflow_parent_loop_proc : lineBuffer_1 | {2 3 }
	Port: dataflow_parent_loop_proc : p_anonymous_namespace_rowsReceived_1 | {2 3 }
	Port: dataflow_parent_loop_proc : lineBuffer | {2 3 }
	Port: dataflow_parent_loop_proc : p_anonymous_namespace_rowsReceived_2 | {2 3 }
	Port: dataflow_parent_loop_proc : p_anonymous_namespace_lineBuffer_direction | {2 3 }
	Port: dataflow_parent_loop_proc : p_anonymous_namespace_lineBuffer_25_magnitude_0 | {2 3 }
	Port: dataflow_parent_loop_proc : p_anonymous_namespace_lineBuffer_25_magnitude_1 | {2 3 }
	Port: dataflow_parent_loop_proc : p_anonymous_namespace_rowsReceived_1_s | {2 3 }
	Port: dataflow_parent_loop_proc : p_ZN12_GLOBAL_N_110lineBufferILi1EEE_0 | {2 3 }
	Port: dataflow_parent_loop_proc : p_ZN12_GLOBAL_N_110lineBufferILi1EEE_1 | {2 3 }
	Port: dataflow_parent_loop_proc : p_anonymous_namespace_rowsReceived_2_s | {2 3 }
	Port: dataflow_parent_loop_proc : p_ZN12_GLOBAL_N_110lineBufferILi2EEE_0 | {2 3 }
	Port: dataflow_parent_loop_proc : p_ZN12_GLOBAL_N_110lineBufferILi2EEE_1 | {2 3 }
	Port: dataflow_parent_loop_proc : p_anonymous_namespace_rowsReceived_3_s | {2 3 }
	Port: dataflow_parent_loop_proc : p_ZN12_GLOBAL_N_110lineBufferILi3EEE_0 | {2 3 }
	Port: dataflow_parent_loop_proc : p_ZN12_GLOBAL_N_110lineBufferILi3EEE_1 | {2 3 }
	Port: dataflow_parent_loop_proc : p_anonymous_namespace_rowsReceived_4_s | {2 3 }
	Port: dataflow_parent_loop_proc : p_ZN12_GLOBAL_N_110lineBufferILi4EEE_0 | {2 3 }
	Port: dataflow_parent_loop_proc : p_ZN12_GLOBAL_N_110lineBufferILi4EEE_1 | {2 3 }
	Port: dataflow_parent_loop_proc : rowsReceived | {2 3 }
  - Chain level:
	State 1
	State 2
		icmp_ln12 : 1
		add_ln12 : 1
		specdataflowpipeline_ln12 : 1
		br_ln12 : 2
		call_ln24 : 1
	State 3


============================================================
+ Verbose Summary: Datapath Resource usage 
============================================================

* Functional unit list:
|----------|-----------------------------------------------|---------|---------|---------|---------|---------|---------|
| Operation|                Functional Unit                |   BRAM  |   DSP   |  Delay  |    FF   |   LUT   |   URAM  |
|----------|-----------------------------------------------|---------|---------|---------|---------|---------|---------|
|   call   | grp_dataflow_in_loop_VITIS_LOOP_12_1_1_fu_120 |    10   |    4    | 52.5651 |  26219  |  27466  |    0    |
|----------|-----------------------------------------------|---------|---------|---------|---------|---------|---------|
|   icmp   |                icmp_ln12_fu_172               |    0    |    0    |    0    |    0    |    17   |    0    |
|----------|-----------------------------------------------|---------|---------|---------|---------|---------|---------|
|    add   |                add_ln12_fu_178                |    0    |    0    |    0    |    0    |    17   |    0    |
|----------|-----------------------------------------------|---------|---------|---------|---------|---------|---------|
|   read   |             out_r_read_read_fu_96             |    0    |    0    |    0    |    0    |    0    |    0    |
|          |             in_r_read_read_fu_102             |    0    |    0    |    0    |    0    |    0    |    0    |
|----------|-----------------------------------------------|---------|---------|---------|---------|---------|---------|
|   Total  |                                               |    10   |    4    | 52.5651 |  26219  |  27500  |    0    |
|----------|-----------------------------------------------|---------|---------|---------|---------|---------|---------|

Memories:
N/A

* Register list:
+------------------+--------+
|                  |   FF   |
+------------------+--------+
| add_ln12_reg_198 |   10   |
|     i_reg_108    |   10   |
| icmp_ln12_reg_194|    1   |
| in_r_read_reg_189|   64   |
|out_r_read_reg_184|   64   |
+------------------+--------+
|       Total      |   149  |
+------------------+--------+

* Multiplexer (MUX) list: 
|-----------|------|------|------|--------||---------||---------||---------|
|    Comp   |  Pin | Size |  BW  | S x BW ||  Delay  ||    FF   ||   LUT   |
|-----------|------|------|------|--------||---------||---------||---------|
| i_reg_108 |  p0  |   2  |  10  |   20   ||    0    ||    9    |
|-----------|------|------|------|--------||---------||---------||---------|
|   Total   |      |      |      |   20   ||  0.427  ||    0    ||    9    |
|-----------|------|------|------|--------||---------||---------||---------|



* Summary:
+-----------+--------+--------+--------+--------+--------+--------+
|           |  BRAM  |   DSP  |  Delay |   FF   |   LUT  |  URAM  |
+-----------+--------+--------+--------+--------+--------+--------+
|  Function |   10   |    4   |   52   |  26219 |  27500 |    0   |
|   Memory  |    -   |    -   |    -   |    -   |    -   |    -   |
|Multiplexer|    -   |    -   |    0   |    0   |    9   |    -   |
|  Register |    -   |    -   |    -   |   149  |    -   |    -   |
+-----------+--------+--------+--------+--------+--------+--------+
|   Total   |   10   |    4   |   52   |  26368 |  27509 |    0   |
+-----------+--------+--------+--------+--------+--------+--------+
