

================================================================
== Vitis HLS Report for 'dataflow_parent_loop_proc'
================================================================
* Date:           Thu Jul 30 19:40:37 2026

* Version:        2025.2 (Build 6295257 on Nov 14 2025)
* Project:        canny_top
* Solution:       hls (Vitis Kernel Flow Target)
* Product family: zynquplus
* Target device:  xck26-sfvc784-2LV-c


================================================================
== Performance Estimates
================================================================
+ Timing: 
    * Summary: 
    +--------+---------+----------+------------+
    |  Clock |  Target | Estimated| Uncertainty|
    +--------+---------+----------+------------+
    |ap_clk  |  5.00 ns|  3.650 ns|     1.35 ns|
    +--------+---------+----------+------------+

+ Latency: 
    * Summary: 
    +---------+---------+----------+----------+---------+---------+---------+
    |  Latency (cycles) |  Latency (absolute) |      Interval     | Pipeline|
    |   min   |   max   |    min   |    max   |   min   |   max   |   Type  |
    +---------+---------+----------+----------+---------+---------+---------+
    |  1109731|  1117983|  5.549 ms|  5.590 ms|  1109731|  1117983|       no|
    +---------+---------+----------+----------+---------+---------+---------+

    + Detail: 
        * Instance: 
        N/A

        * Loop: 
        +-------------------+---------+---------+--------------+-----------+-----------+------+----------+
        |                   |  Latency (cycles) |   Iteration  |  Initiation Interval  | Trip |          |
        |     Loop Name     |   min   |   max   |    Latency   |  achieved |   target  | Count| Pipelined|
        +-------------------+---------+---------+--------------+-----------+-----------+------+----------+
        |- VITIS_LOOP_12_1  |  1109730|  1117982|  2704 ~ 10956|          -|          -|   520|        no|
        +-------------------+---------+---------+--------------+-----------+-----------+------+----------+

============================================================
+ Verbose Summary: Synthesis Manager
============================================================
InlineROM: 1
ExposeGlobal: 0
============================================================
+ Verbose Summary: CDFG Model
============================================================
IsTopModel: 0
ResetActiveHigh: 1
IsCombinational: 2
IsDatapathOnly: 0
HasWiredReturn: 1
HasMFsm: 0
HasVarLatency: 1
IsPipeline: 0
IsRtlPipelined: 0
IsInstanceOverlapped: 0
IsDontTouch: 0
HasImplIP: 0
IsGatedGlobalClock: 0


============================================================
+ Verbose Summary: Schedule
============================================================
* Number of FSM states : 3
* Pipeline : 0
* Dataflow Pipeline: 1
  DF-Pipeline-0: Size = 2, States = { 2 3 }

* FSM state transitions: 
1 --> 2 
2 --> 3 
3 --> 2 

* FSM state operations: 

State 1 <SV = 0> <Delay = 0.42>
ST_1 : Operation 4 [1/1] (0.00ns)   --->   "%specstablecontent_ln0 = specstablecontent void @_ssdm_op_SpecStableContent, i64 %out_r, i1 1, void @p_str"   --->   Operation 4 'specstablecontent' 'specstablecontent_ln0' <Predicate = true> <Delay = 0.00>
ST_1 : Operation 5 [1/1] (0.00ns)   --->   "%specstablecontent_ln0 = specstablecontent void @_ssdm_op_SpecStableContent, i64 %in_r, i1 1, void @p_str"   --->   Operation 5 'specstablecontent' 'specstablecontent_ln0' <Predicate = true> <Delay = 0.00>
ST_1 : Operation 6 [1/1] (0.00ns)   --->   "%specinterface_ln0 = specinterface void @_ssdm_op_SpecInterface, i512 %gmem, void @empty_17, i32 0, i32 0, void @empty_14, i32 64, i32 0, void @empty_21, void @empty_13, void @empty_14, i32 16, i32 16, i32 16, i32 16, void @empty_14, void @empty_14, i32 4294967295, i32 0, i32 0, i32 64"   --->   Operation 6 'specinterface' 'specinterface_ln0' <Predicate = true> <Delay = 0.00>
ST_1 : Operation 7 [1/1] (0.00ns)   --->   "%out_r_read = read i64 @_ssdm_op_Read.ap_auto.i64, i64 %out_r"   --->   Operation 7 'read' 'out_r_read' <Predicate = true> <Delay = 0.00>
ST_1 : Operation 8 [1/1] (0.00ns)   --->   "%in_r_read = read i64 @_ssdm_op_Read.ap_auto.i64, i64 %in_r"   --->   Operation 8 'read' 'in_r_read' <Predicate = true> <Delay = 0.00>
ST_1 : Operation 9 [1/1] (0.42ns)   --->   "%br_ln0 = br void %for.cond"   --->   Operation 9 'br' 'br_ln0' <Predicate = true> <Delay = 0.42>

State 2 <SV = 1> <Delay = 2.95>
ST_2 : Operation 10 [1/1] (0.00ns)   --->   "%i = phi i10 0, void %newFuncRoot, i10 %add_ln12, void %codeRepl" [../src/canny_top.cpp:12]   --->   Operation 10 'phi' 'i' <Predicate = true> <Delay = 0.00>
ST_2 : Operation 11 [1/1] (0.78ns)   --->   "%icmp_ln12 = icmp_eq  i10 %i, i10 520" [../src/canny_top.cpp:12]   --->   Operation 11 'icmp' 'icmp_ln12' <Predicate = true> <Delay = 0.78> <CoreInst = "Cmp">   --->   Core 9 'Cmp' <Latency = 0> <II = 1> <Delay = 0.78> <FuncUnit> <Opcode : 'seteq' 'setne' 'setle' 'setge' 'setlt' 'setgt'> <InPorts = 2> <OutPorts = 1>
ST_2 : Operation 12 [1/1] (0.78ns)   --->   "%add_ln12 = add i10 %i, i10 1" [../src/canny_top.cpp:12]   --->   Operation 12 'add' 'add_ln12' <Predicate = true> <Delay = 0.78> <CoreInst = "Adder">   --->   Core 1 'Adder' <Latency = 0> <II = 1> <Delay = 0.78> <FuncUnit> <Opcode : 'add' 'sub'> <InPorts = 2> <OutPorts = 1>
ST_2 : Operation 13 [1/1] (0.00ns)   --->   "%specdataflowpipeline_ln12 = specdataflowpipeline void @_ssdm_op_SpecDataflowPipeline, i32 4294967295, i32 0, void @dataflow_parent_loop_str, i10 %i, i10 520, i32 0, i10 0, i10 1, i32 1" [../src/canny_top.cpp:12]   --->   Operation 13 'specdataflowpipeline' 'specdataflowpipeline_ln12' <Predicate = true> <Delay = 0.00>
ST_2 : Operation 14 [1/1] (0.00ns)   --->   "%br_ln12 = br i1 %icmp_ln12, void %codeRepl, void %for.end.exitStub" [../src/canny_top.cpp:12]   --->   Operation 14 'br' 'br_ln12' <Predicate = true> <Delay = 0.00>
ST_2 : Operation 15 [2/2] (2.17ns)   --->   "%call_ln24 = call void @dataflow_in_loop_VITIS_LOOP_12_1.1, i10 %i, i512 %gmem, i64 %in_r_read, i64 %out_r_read, i32 %p_anonymous_namespace_rowsReceived_1, i12 %p_anonymous_namespace_lineBuffer_39_0, i12 %p_anonymous_namespace_lineBuffer_39_1, i12 %p_anonymous_namespace_lineBuffer_39_2, i12 %p_anonymous_namespace_lineBuffer_39_3, i12 %p_anonymous_namespace_lineBuffer_39_4, i32 %p_anonymous_namespace_rowsReceived_2, i8 %p_anonymous_namespace_lineBuffer_32_0, i8 %p_anonymous_namespace_lineBuffer_32_1, i8 %p_anonymous_namespace_lineBuffer_32_2, i32 %p_anonymous_namespace_rowsReceived, i11 %p_anonymous_namespace_lineBuffer_magnitude_0, i2 %p_anonymous_namespace_lineBuffer_direction_0, i11 %p_anonymous_namespace_lineBuffer_magnitude_1, i2 %p_anonymous_namespace_lineBuffer_direction_1, i11 %p_anonymous_namespace_lineBuffer_magnitude_2, i2 %p_anonymous_namespace_lineBuffer_direction_2, i32 %p_anonymous_namespace_rowsReceived_1_s, i8 %p_ZN12_GLOBAL_N_110lineBufferILi1EEE_0, i8 %p_ZN12_GLOBAL_N_110lineBufferILi1EEE_1, i8 %p_ZN12_GLOBAL_N_110lineBufferILi1EEE_2, i32 %p_anonymous_namespace_rowsReceived_2_s, i8 %p_ZN12_GLOBAL_N_110lineBufferILi2EEE_0, i8 %p_ZN12_GLOBAL_N_110lineBufferILi2EEE_1, i8 %p_ZN12_GLOBAL_N_110lineBufferILi2EEE_2, i32 %p_anonymous_namespace_rowsReceived_3_s, i8 %p_ZN12_GLOBAL_N_110lineBufferILi3EEE_0, i8 %p_ZN12_GLOBAL_N_110lineBufferILi3EEE_1, i8 %p_ZN12_GLOBAL_N_110lineBufferILi3EEE_2, i32 %p_anonymous_namespace_rowsReceived_4_s, i8 %p_ZN12_GLOBAL_N_110lineBufferILi4EEE_0, i8 %p_ZN12_GLOBAL_N_110lineBufferILi4EEE_1, i8 %p_ZN12_GLOBAL_N_110lineBufferILi4EEE_2, i32 %rowsReceived" [../src/canny_top.cpp:24]   --->   Operation 15 'call' 'call_ln24' <Predicate = (!icmp_ln12)> <Delay = 2.17> <CoreType = "Generic">   --->   Generic Core
ST_2 : Operation 16 [1/1] (0.00ns)   --->   "%ret_ln0 = ret"   --->   Operation 16 'ret' 'ret_ln0' <Predicate = (icmp_ln12)> <Delay = 0.00>

State 3 <SV = 2> <Delay = 0.00>
ST_3 : Operation 17 [1/1] (0.00ns)   --->   "%speclooptripcount_ln24 = speclooptripcount void @_ssdm_op_SpecLoopTripCount, i64 520, i64 520, i64 520" [../src/canny_top.cpp:24]   --->   Operation 17 'speclooptripcount' 'speclooptripcount_ln24' <Predicate = (!icmp_ln12)> <Delay = 0.00>
ST_3 : Operation 18 [1/1] (0.00ns)   --->   "%specloopname_ln12 = specloopname void @_ssdm_op_SpecLoopName, void @empty" [../src/canny_top.cpp:12]   --->   Operation 18 'specloopname' 'specloopname_ln12' <Predicate = (!icmp_ln12)> <Delay = 0.00>
ST_3 : Operation 19 [1/2] (0.00ns)   --->   "%call_ln24 = call void @dataflow_in_loop_VITIS_LOOP_12_1.1, i10 %i, i512 %gmem, i64 %in_r_read, i64 %out_r_read, i32 %p_anonymous_namespace_rowsReceived_1, i12 %p_anonymous_namespace_lineBuffer_39_0, i12 %p_anonymous_namespace_lineBuffer_39_1, i12 %p_anonymous_namespace_lineBuffer_39_2, i12 %p_anonymous_namespace_lineBuffer_39_3, i12 %p_anonymous_namespace_lineBuffer_39_4, i32 %p_anonymous_namespace_rowsReceived_2, i8 %p_anonymous_namespace_lineBuffer_32_0, i8 %p_anonymous_namespace_lineBuffer_32_1, i8 %p_anonymous_namespace_lineBuffer_32_2, i32 %p_anonymous_namespace_rowsReceived, i11 %p_anonymous_namespace_lineBuffer_magnitude_0, i2 %p_anonymous_namespace_lineBuffer_direction_0, i11 %p_anonymous_namespace_lineBuffer_magnitude_1, i2 %p_anonymous_namespace_lineBuffer_direction_1, i11 %p_anonymous_namespace_lineBuffer_magnitude_2, i2 %p_anonymous_namespace_lineBuffer_direction_2, i32 %p_anonymous_namespace_rowsReceived_1_s, i8 %p_ZN12_GLOBAL_N_110lineBufferILi1EEE_0, i8 %p_ZN12_GLOBAL_N_110lineBufferILi1EEE_1, i8 %p_ZN12_GLOBAL_N_110lineBufferILi1EEE_2, i32 %p_anonymous_namespace_rowsReceived_2_s, i8 %p_ZN12_GLOBAL_N_110lineBufferILi2EEE_0, i8 %p_ZN12_GLOBAL_N_110lineBufferILi2EEE_1, i8 %p_ZN12_GLOBAL_N_110lineBufferILi2EEE_2, i32 %p_anonymous_namespace_rowsReceived_3_s, i8 %p_ZN12_GLOBAL_N_110lineBufferILi3EEE_0, i8 %p_ZN12_GLOBAL_N_110lineBufferILi3EEE_1, i8 %p_ZN12_GLOBAL_N_110lineBufferILi3EEE_2, i32 %p_anonymous_namespace_rowsReceived_4_s, i8 %p_ZN12_GLOBAL_N_110lineBufferILi4EEE_0, i8 %p_ZN12_GLOBAL_N_110lineBufferILi4EEE_1, i8 %p_ZN12_GLOBAL_N_110lineBufferILi4EEE_2, i32 %rowsReceived" [../src/canny_top.cpp:24]   --->   Operation 19 'call' 'call_ln24' <Predicate = (!icmp_ln12)> <Delay = 0.00> <CoreType = "Generic">   --->   Generic Core
ST_3 : Operation 20 [1/1] (0.00ns)   --->   "%br_ln12 = br void %for.cond" [../src/canny_top.cpp:12]   --->   Operation 20 'br' 'br_ln12' <Predicate = (!icmp_ln12)> <Delay = 0.00>


============================================================
+ Verbose Summary: Timing violations
============================================================
Target clock period: 5.000ns, clock uncertainty: 1.350ns.

 <State 1>: 0.427ns
The critical path consists of the following:
	multiplexor before 'phi' operation 10 bit ('i', ../src/canny_top.cpp:12) with incoming values : ('add_ln12', ../src/canny_top.cpp:12) [45]  (0.427 ns)
	'br' operation ('br_ln0') [43]  (0.427 ns)

 <State 2>: 2.957ns
The critical path consists of the following:
	'phi' operation 10 bit ('i', ../src/canny_top.cpp:12) with incoming values : ('add_ln12', ../src/canny_top.cpp:12) [45]  (0.000 ns)
	'icmp' operation 1 bit ('icmp_ln12', ../src/canny_top.cpp:12) [46]  (0.787 ns)
	'call' operation ('call_ln24', ../src/canny_top.cpp:24) to 'dataflow_in_loop_VITIS_LOOP_12_1.1' [53]  (2.170 ns)

 <State 3>: 0.000ns
The critical path consists of the following:


============================================================
+ Verbose Summary: Binding
============================================================
N/A
* FSMD analyzer results:
  - Output states:
 - Input state : 
  - Chain level:
	State 1
	State 2
	State 3


============================================================
+ Verbose Summary: Datapath Resource usage 
============================================================
N/A
