

================================================================
== Vitis HLS Report for 'dataflow_in_loop_VITIS_LOOP_11_1_1'
================================================================
* Date:           Fri Jul 24 16:27:49 2026

* Version:        2025.2 (Build 6295257 on Nov 14 2025)
* Project:        canny_top
* Solution:       hls (Vitis Kernel Flow Target)
* Product family: zynquplus
* Target device:  xck26-sfvc784-2LV-c


================================================================
== Performance Estimates
================================================================
+ Timing: 
    * Summary: 
    +--------+---------+----------+------------+
    |  Clock |  Target | Estimated| Uncertainty|
    +--------+---------+----------+------------+
    |ap_clk  |  5.00 ns|  3.650 ns|     1.35 ns|
    +--------+---------+----------+------------+

+ Latency: 
    * Summary: 
    +---------+---------+-----------+-----------+------+------+----------+
    |  Latency (cycles) |   Latency (absolute)  |   Interval  | Pipeline |
    |   min   |   max   |    min    |    max    |  min |  max |   Type   |
    +---------+---------+-----------+-----------+------+------+----------+
    |     2184|    17607|  10.920 us|  88.035 us|  1616|  4655|  dataflow|
    +---------+---------+-----------+-----------+------+------+----------+

    + Detail: 
        * Instance: 
        N/A

        * Loop: 
        N/A

============================================================
+ Verbose Summary: Synthesis Manager
============================================================
InlineROM: 1
ExposeGlobal: 0
============================================================
+ Verbose Summary: CDFG Model
============================================================
IsTopModel: 0
ResetActiveHigh: 1
IsCombinational: 2
IsDatapathOnly: 0
HasWiredReturn: 1
HasMFsm: 0
HasVarLatency: 1
IsPipeline: 0
IsRtlPipelined: 0
IsInstanceOverlapped: 0
IsDontTouch: 0
HasImplIP: 0
IsGatedGlobalClock: 0


============================================================
+ Verbose Summary: Schedule
============================================================
* Number of FSM states : 21
* Pipeline : 0
* Dataflow Pipeline: 1
  DF-Pipeline-0: Size = 21, States = { 1 2 3 4 5 6 7 8 9 10 11 12 13 14 15 16 17 18 19 20 21 }

* FSM state transitions: 
1 --> 2 
2 --> 3 
3 --> 4 
4 --> 5 
5 --> 6 
6 --> 7 
7 --> 8 
8 --> 9 
9 --> 10 
10 --> 11 
11 --> 12 
12 --> 13 
13 --> 14 
14 --> 15 
15 --> 16 
16 --> 17 
17 --> 18 
18 --> 19 
19 --> 20 
20 --> 21 
21 --> 

* FSM state operations: 

State 1 <SV = 0> <Delay = 0.36>
ST_1 : Operation 22 [1/1] (0.00ns)   --->   "%i_0_read = read i10 @_ssdm_op_Read.ap_auto.i10, i10 %i_0"   --->   Operation 22 'read' 'i_0_read' <Predicate = true> <Delay = 0.00>
ST_1 : Operation 23 [1/1] (0.00ns)   --->   "%out_hysteresis4 = alloca i64 1" [../src/canny_top.cpp:18]   --->   Operation 23 'alloca' 'out_hysteresis4' <Predicate = true> <Delay = 0.00>
ST_1 : Operation 24 [1/1] (0.00ns)   --->   "%out_hysteresis3 = alloca i64 1" [../src/canny_top.cpp:18]   --->   Operation 24 'alloca' 'out_hysteresis3' <Predicate = true> <Delay = 0.00>
ST_1 : Operation 25 [1/1] (0.00ns)   --->   "%out_hysteresis2 = alloca i64 1" [../src/canny_top.cpp:18]   --->   Operation 25 'alloca' 'out_hysteresis2' <Predicate = true> <Delay = 0.00>
ST_1 : Operation 26 [1/1] (0.00ns)   --->   "%out_hysteresis1 = alloca i64 1" [../src/canny_top.cpp:18]   --->   Operation 26 'alloca' 'out_hysteresis1' <Predicate = true> <Delay = 0.00>
ST_1 : Operation 27 [1/1] (0.00ns)   --->   "%out_double = alloca i64 1" [../src/canny_top.cpp:17]   --->   Operation 27 'alloca' 'out_double' <Predicate = true> <Delay = 0.00>
ST_1 : Operation 28 [1/1] (0.00ns)   --->   "%out_nonmax = alloca i64 1" [../src/canny_top.cpp:16]   --->   Operation 28 'alloca' 'out_nonmax' <Predicate = true> <Delay = 0.00>
ST_1 : Operation 29 [1/1] (0.00ns)   --->   "%out_sobel_direction = alloca i64 1" [../src/canny_top.cpp:15]   --->   Operation 29 'alloca' 'out_sobel_direction' <Predicate = true> <Delay = 0.00>
ST_1 : Operation 30 [1/1] (0.00ns)   --->   "%out_sobel_magnitude = alloca i64 1" [../src/canny_top.cpp:15]   --->   Operation 30 'alloca' 'out_sobel_magnitude' <Predicate = true> <Delay = 0.00>
ST_1 : Operation 31 [1/1] (0.00ns)   --->   "%out_gaussian = alloca i64 1" [../src/canny_top.cpp:14]   --->   Operation 31 'alloca' 'out_gaussian' <Predicate = true> <Delay = 0.00>
ST_1 : Operation 32 [1/1] (0.00ns)   --->   "%out_grayscale = alloca i64 1" [../src/canny_top.cpp:13]   --->   Operation 32 'alloca' 'out_grayscale' <Predicate = true> <Delay = 0.00>
ST_1 : Operation 33 [1/1] (0.36ns)   --->   "%cond_loc_channel = call i18 @dataflow_in_loop_VITIS_LOOP_11_1.1_Block_newFuncRoot_proc, i10 %i_0_read" [../src/canny_top.cpp:25]   --->   Operation 33 'call' 'cond_loc_channel' <Predicate = true> <Delay = 0.36> <CoreInst = "FIFO_SRL">   --->   Core 80 'FIFO_SRL' <Latency = 0> <II = 1> <Delay = 1.83> <Storage> <Opcode : 'read' 'write' 'nbread' 'nbwrite'> <Ports = 0> <Width = 18> <Depth = 2> <FIFO>

State 2 <SV = 1> <Delay = 2.17>
ST_2 : Operation 34 [1/1] (0.00ns)   --->   "%in_read = read i64 @_ssdm_op_Read.ap_auto.i64, i64 %in_r"   --->   Operation 34 'read' 'in_read' <Predicate = true> <Delay = 0.00>
ST_2 : Operation 35 [2/2] (2.17ns)   --->   "%call_ln27 = call void @grayscale, i18 %cond_loc_channel, i512 %gmem, i64 %in_read, i8 %out_grayscale" [../src/canny_top.cpp:27]   --->   Operation 35 'call' 'call_ln27' <Predicate = true> <Delay = 2.17> <CoreType = "Generic">   --->   Generic Core

State 3 <SV = 2> <Delay = 0.00>
ST_3 : Operation 36 [1/2] (0.00ns)   --->   "%call_ln27 = call void @grayscale, i18 %cond_loc_channel, i512 %gmem, i64 %in_read, i8 %out_grayscale" [../src/canny_top.cpp:27]   --->   Operation 36 'call' 'call_ln27' <Predicate = true> <Delay = 0.00> <CoreType = "Generic">   --->   Generic Core

State 4 <SV = 3> <Delay = 0.00>
ST_4 : Operation 37 [2/2] (0.00ns)   --->   "%gaussian_valid = call i1 @gaussian_blur, i8 %out_grayscale, i8 %out_gaussian, i32 %p_anonymous_namespace_rowsReceived, i8 %p_ZN12_GLOBAL_N_110lineBufferE_0, i8 %p_ZN12_GLOBAL_N_110lineBufferE_1" [../src/canny_top.cpp:29]   --->   Operation 37 'call' 'gaussian_valid' <Predicate = true> <Delay = 0.00> <CoreInst = "FIFO_SRL">   --->   Core 80 'FIFO_SRL' <Latency = 0> <II = 1> <Delay = 1.83> <Storage> <Opcode : 'read' 'write' 'nbread' 'nbwrite'> <Ports = 0> <Width = 1> <Depth = 2> <FIFO>

State 5 <SV = 4> <Delay = 0.42>
ST_5 : Operation 38 [1/2] (0.42ns)   --->   "%gaussian_valid = call i1 @gaussian_blur, i8 %out_grayscale, i8 %out_gaussian, i32 %p_anonymous_namespace_rowsReceived, i8 %p_ZN12_GLOBAL_N_110lineBufferE_0, i8 %p_ZN12_GLOBAL_N_110lineBufferE_1" [../src/canny_top.cpp:29]   --->   Operation 38 'call' 'gaussian_valid' <Predicate = true> <Delay = 0.42> <CoreInst = "FIFO_SRL">   --->   Core 80 'FIFO_SRL' <Latency = 0> <II = 1> <Delay = 1.83> <Storage> <Opcode : 'read' 'write' 'nbread' 'nbwrite'> <Ports = 0> <Width = 1> <Depth = 2> <FIFO>

State 6 <SV = 5> <Delay = 2.25>
ST_6 : Operation 39 [2/2] (2.25ns)   --->   "%sobel_valid = call i1 @sobel, i1 %gaussian_valid, i8 %out_gaussian, i8 %out_sobel_magnitude, i2 %out_sobel_direction, i32 %p_anonymous_namespace_rowsReceived_1, i8 %p_anonymous_namespace_lineBuffer_32_0, i8 %p_anonymous_namespace_lineBuffer_32_1" [../src/canny_top.cpp:30]   --->   Operation 39 'call' 'sobel_valid' <Predicate = true> <Delay = 2.25> <CoreInst = "FIFO_SRL">   --->   Core 80 'FIFO_SRL' <Latency = 0> <II = 1> <Delay = 1.83> <Storage> <Opcode : 'read' 'write' 'nbread' 'nbwrite'> <Ports = 0> <Width = 1> <Depth = 2> <FIFO>

State 7 <SV = 6> <Delay = 0.85>
ST_7 : Operation 40 [1/2] (0.85ns)   --->   "%sobel_valid = call i1 @sobel, i1 %gaussian_valid, i8 %out_gaussian, i8 %out_sobel_magnitude, i2 %out_sobel_direction, i32 %p_anonymous_namespace_rowsReceived_1, i8 %p_anonymous_namespace_lineBuffer_32_0, i8 %p_anonymous_namespace_lineBuffer_32_1" [../src/canny_top.cpp:30]   --->   Operation 40 'call' 'sobel_valid' <Predicate = true> <Delay = 0.85> <CoreInst = "FIFO_SRL">   --->   Core 80 'FIFO_SRL' <Latency = 0> <II = 1> <Delay = 1.83> <Storage> <Opcode : 'read' 'write' 'nbread' 'nbwrite'> <Ports = 0> <Width = 1> <Depth = 2> <FIFO>

State 8 <SV = 7> <Delay = 2.25>
ST_8 : Operation 41 [2/2] (2.25ns)   --->   "%nonmax_valid = call i1 @non_maximum_suppression, i1 %sobel_valid, i8 %out_sobel_magnitude, i2 %out_sobel_direction, i8 %out_nonmax, i32 %p_anonymous_namespace_rowsReceived_2, i2 %p_anonymous_namespace_lineBuffer_direction, i8 %p_anonymous_namespace_lineBuffer_25_magnitude_0, i8 %p_anonymous_namespace_lineBuffer_25_magnitude_1" [../src/canny_top.cpp:31]   --->   Operation 41 'call' 'nonmax_valid' <Predicate = true> <Delay = 2.25> <CoreInst = "FIFO_SRL">   --->   Core 80 'FIFO_SRL' <Latency = 0> <II = 1> <Delay = 1.83> <Storage> <Opcode : 'read' 'write' 'nbread' 'nbwrite'> <Ports = 0> <Width = 1> <Depth = 2> <FIFO>

State 9 <SV = 8> <Delay = 0.85>
ST_9 : Operation 42 [1/2] (0.85ns)   --->   "%nonmax_valid = call i1 @non_maximum_suppression, i1 %sobel_valid, i8 %out_sobel_magnitude, i2 %out_sobel_direction, i8 %out_nonmax, i32 %p_anonymous_namespace_rowsReceived_2, i2 %p_anonymous_namespace_lineBuffer_direction, i8 %p_anonymous_namespace_lineBuffer_25_magnitude_0, i8 %p_anonymous_namespace_lineBuffer_25_magnitude_1" [../src/canny_top.cpp:31]   --->   Operation 42 'call' 'nonmax_valid' <Predicate = true> <Delay = 0.85> <CoreInst = "FIFO_SRL">   --->   Core 80 'FIFO_SRL' <Latency = 0> <II = 1> <Delay = 1.83> <Storage> <Opcode : 'read' 'write' 'nbread' 'nbwrite'> <Ports = 0> <Width = 1> <Depth = 2> <FIFO>

State 10 <SV = 9> <Delay = 2.25>
ST_10 : Operation 43 [2/2] (2.25ns)   --->   "%double_valid = call i1 @double_threshold, i1 %nonmax_valid, i8 %out_nonmax, i8 %out_double" [../src/canny_top.cpp:32]   --->   Operation 43 'call' 'double_valid' <Predicate = true> <Delay = 2.25> <CoreInst = "FIFO_SRL">   --->   Core 80 'FIFO_SRL' <Latency = 0> <II = 1> <Delay = 1.83> <Storage> <Opcode : 'read' 'write' 'nbread' 'nbwrite'> <Ports = 0> <Width = 1> <Depth = 2> <FIFO>

State 11 <SV = 10> <Delay = 0.42>
ST_11 : Operation 44 [1/2] (0.42ns)   --->   "%double_valid = call i1 @double_threshold, i1 %nonmax_valid, i8 %out_nonmax, i8 %out_double" [../src/canny_top.cpp:32]   --->   Operation 44 'call' 'double_valid' <Predicate = true> <Delay = 0.42> <CoreInst = "FIFO_SRL">   --->   Core 80 'FIFO_SRL' <Latency = 0> <II = 1> <Delay = 1.83> <Storage> <Opcode : 'read' 'write' 'nbread' 'nbwrite'> <Ports = 0> <Width = 1> <Depth = 2> <FIFO>

State 12 <SV = 11> <Delay = 2.25>
ST_12 : Operation 45 [2/2] (2.25ns)   --->   "%hysteresis1_valid = call i1 @hysteresis<1>, i1 %double_valid, i8 %out_double, i2 %out_hysteresis1, i32 %p_anonymous_namespace_rowsReceived_1_s, i8 %p_ZN12_GLOBAL_N_110lineBufferILi1EEE_0, i8 %p_ZN12_GLOBAL_N_110lineBufferILi1EEE_1" [../src/canny_top.cpp:33]   --->   Operation 45 'call' 'hysteresis1_valid' <Predicate = true> <Delay = 2.25> <CoreInst = "FIFO_SRL">   --->   Core 80 'FIFO_SRL' <Latency = 0> <II = 1> <Delay = 1.83> <Storage> <Opcode : 'read' 'write' 'nbread' 'nbwrite'> <Ports = 0> <Width = 1> <Depth = 2> <FIFO>

State 13 <SV = 12> <Delay = 0.85>
ST_13 : Operation 46 [1/2] (0.85ns)   --->   "%hysteresis1_valid = call i1 @hysteresis<1>, i1 %double_valid, i8 %out_double, i2 %out_hysteresis1, i32 %p_anonymous_namespace_rowsReceived_1_s, i8 %p_ZN12_GLOBAL_N_110lineBufferILi1EEE_0, i8 %p_ZN12_GLOBAL_N_110lineBufferILi1EEE_1" [../src/canny_top.cpp:33]   --->   Operation 46 'call' 'hysteresis1_valid' <Predicate = true> <Delay = 0.85> <CoreInst = "FIFO_SRL">   --->   Core 80 'FIFO_SRL' <Latency = 0> <II = 1> <Delay = 1.83> <Storage> <Opcode : 'read' 'write' 'nbread' 'nbwrite'> <Ports = 0> <Width = 1> <Depth = 2> <FIFO>

State 14 <SV = 13> <Delay = 2.25>
ST_14 : Operation 47 [2/2] (2.25ns)   --->   "%hysteresis2_valid = call i1 @hysteresis<2>, i1 %hysteresis1_valid, i2 %out_hysteresis1, i2 %out_hysteresis2, i32 %p_anonymous_namespace_rowsReceived_2_s, i2 %p_ZN12_GLOBAL_N_110lineBufferILi2EEE_0, i2 %p_ZN12_GLOBAL_N_110lineBufferILi2EEE_1" [../src/canny_top.cpp:34]   --->   Operation 47 'call' 'hysteresis2_valid' <Predicate = true> <Delay = 2.25> <CoreInst = "FIFO_SRL">   --->   Core 80 'FIFO_SRL' <Latency = 0> <II = 1> <Delay = 1.83> <Storage> <Opcode : 'read' 'write' 'nbread' 'nbwrite'> <Ports = 0> <Width = 1> <Depth = 2> <FIFO>

State 15 <SV = 14> <Delay = 0.85>
ST_15 : Operation 48 [1/2] (0.85ns)   --->   "%hysteresis2_valid = call i1 @hysteresis<2>, i1 %hysteresis1_valid, i2 %out_hysteresis1, i2 %out_hysteresis2, i32 %p_anonymous_namespace_rowsReceived_2_s, i2 %p_ZN12_GLOBAL_N_110lineBufferILi2EEE_0, i2 %p_ZN12_GLOBAL_N_110lineBufferILi2EEE_1" [../src/canny_top.cpp:34]   --->   Operation 48 'call' 'hysteresis2_valid' <Predicate = true> <Delay = 0.85> <CoreInst = "FIFO_SRL">   --->   Core 80 'FIFO_SRL' <Latency = 0> <II = 1> <Delay = 1.83> <Storage> <Opcode : 'read' 'write' 'nbread' 'nbwrite'> <Ports = 0> <Width = 1> <Depth = 2> <FIFO>

State 16 <SV = 15> <Delay = 2.25>
ST_16 : Operation 49 [2/2] (2.25ns)   --->   "%hysteresis3_valid = call i1 @hysteresis<3>, i1 %hysteresis2_valid, i2 %out_hysteresis2, i2 %out_hysteresis3, i32 %p_anonymous_namespace_rowsReceived_3_s, i2 %p_ZN12_GLOBAL_N_110lineBufferILi3EEE_0, i2 %p_ZN12_GLOBAL_N_110lineBufferILi3EEE_1" [../src/canny_top.cpp:35]   --->   Operation 49 'call' 'hysteresis3_valid' <Predicate = true> <Delay = 2.25> <CoreInst = "FIFO_SRL">   --->   Core 80 'FIFO_SRL' <Latency = 0> <II = 1> <Delay = 1.83> <Storage> <Opcode : 'read' 'write' 'nbread' 'nbwrite'> <Ports = 0> <Width = 1> <Depth = 2> <FIFO>

State 17 <SV = 16> <Delay = 0.85>
ST_17 : Operation 50 [1/2] (0.85ns)   --->   "%hysteresis3_valid = call i1 @hysteresis<3>, i1 %hysteresis2_valid, i2 %out_hysteresis2, i2 %out_hysteresis3, i32 %p_anonymous_namespace_rowsReceived_3_s, i2 %p_ZN12_GLOBAL_N_110lineBufferILi3EEE_0, i2 %p_ZN12_GLOBAL_N_110lineBufferILi3EEE_1" [../src/canny_top.cpp:35]   --->   Operation 50 'call' 'hysteresis3_valid' <Predicate = true> <Delay = 0.85> <CoreInst = "FIFO_SRL">   --->   Core 80 'FIFO_SRL' <Latency = 0> <II = 1> <Delay = 1.83> <Storage> <Opcode : 'read' 'write' 'nbread' 'nbwrite'> <Ports = 0> <Width = 1> <Depth = 2> <FIFO>

State 18 <SV = 17> <Delay = 2.25>
ST_18 : Operation 51 [2/2] (2.25ns)   --->   "%hysteresis4_valid = call i1 @hysteresis<4>, i1 %hysteresis3_valid, i2 %out_hysteresis3, i2 %out_hysteresis4, i32 %p_anonymous_namespace_rowsReceived_4_s, i2 %p_ZN12_GLOBAL_N_110lineBufferILi4EEE_0, i2 %p_ZN12_GLOBAL_N_110lineBufferILi4EEE_1" [../src/canny_top.cpp:36]   --->   Operation 51 'call' 'hysteresis4_valid' <Predicate = true> <Delay = 2.25> <CoreInst = "FIFO_SRL">   --->   Core 80 'FIFO_SRL' <Latency = 0> <II = 1> <Delay = 1.83> <Storage> <Opcode : 'read' 'write' 'nbread' 'nbwrite'> <Ports = 0> <Width = 1> <Depth = 2> <FIFO>

State 19 <SV = 18> <Delay = 0.85>
ST_19 : Operation 52 [1/2] (0.85ns)   --->   "%hysteresis4_valid = call i1 @hysteresis<4>, i1 %hysteresis3_valid, i2 %out_hysteresis3, i2 %out_hysteresis4, i32 %p_anonymous_namespace_rowsReceived_4_s, i2 %p_ZN12_GLOBAL_N_110lineBufferILi4EEE_0, i2 %p_ZN12_GLOBAL_N_110lineBufferILi4EEE_1" [../src/canny_top.cpp:36]   --->   Operation 52 'call' 'hysteresis4_valid' <Predicate = true> <Delay = 0.85> <CoreInst = "FIFO_SRL">   --->   Core 80 'FIFO_SRL' <Latency = 0> <II = 1> <Delay = 1.83> <Storage> <Opcode : 'read' 'write' 'nbread' 'nbwrite'> <Ports = 0> <Width = 1> <Depth = 2> <FIFO>

State 20 <SV = 19> <Delay = 1.82>
ST_20 : Operation 53 [1/1] (0.00ns)   --->   "%out_read = read i64 @_ssdm_op_Read.ap_auto.i64, i64 %out_r"   --->   Operation 53 'read' 'out_read' <Predicate = true> <Delay = 0.00>
ST_20 : Operation 54 [2/2] (1.82ns)   --->   "%call_ln37 = call void @output_row, i1 %hysteresis4_valid, i2 %out_hysteresis4, i512 %gmem, i64 %out_read, i32 %rowsReceived" [../src/canny_top.cpp:37]   --->   Operation 54 'call' 'call_ln37' <Predicate = true> <Delay = 1.82> <CoreType = "Generic">   --->   Generic Core

State 21 <SV = 20> <Delay = 0.00>
ST_21 : Operation 55 [1/1] (0.00ns)   --->   "%specstablecontent_ln0 = specstablecontent void @_ssdm_op_SpecStableContent, i64 %out_r, i1 1, void @p_str"   --->   Operation 55 'specstablecontent' 'specstablecontent_ln0' <Predicate = true> <Delay = 0.00>
ST_21 : Operation 56 [1/1] (0.00ns)   --->   "%specstablecontent_ln0 = specstablecontent void @_ssdm_op_SpecStableContent, i64 %in_r, i1 1, void @p_str"   --->   Operation 56 'specstablecontent' 'specstablecontent_ln0' <Predicate = true> <Delay = 0.00>
ST_21 : Operation 57 [1/1] (0.00ns)   --->   "%specdataflowpipeline_ln0 = specdataflowpipeline void @_ssdm_op_SpecDataflowPipeline, i32 4294967295, i32 0, void @empty_10"   --->   Operation 57 'specdataflowpipeline' 'specdataflowpipeline_ln0' <Predicate = true> <Delay = 0.00>
ST_21 : Operation 58 [1/1] (0.00ns)   --->   "%specinterface_ln0 = specinterface void @_ssdm_op_SpecInterface, i512 %gmem, void @empty_0, i32 0, i32 0, void @empty_10, i32 64, i32 0, void @empty_9, void @empty_8, void @empty_10, i32 16, i32 16, i32 16, i32 16, void @empty_10, void @empty_10, i32 4294967295, i32 0, i32 0, i32 64"   --->   Operation 58 'specinterface' 'specinterface_ln0' <Predicate = true> <Delay = 0.00>
ST_21 : Operation 59 [1/2] (0.00ns)   --->   "%call_ln37 = call void @output_row, i1 %hysteresis4_valid, i2 %out_hysteresis4, i512 %gmem, i64 %out_read, i32 %rowsReceived" [../src/canny_top.cpp:37]   --->   Operation 59 'call' 'call_ln37' <Predicate = true> <Delay = 0.00> <CoreType = "Generic">   --->   Generic Core
ST_21 : Operation 60 [1/1] (0.00ns)   --->   "%ret_ln0 = ret"   --->   Operation 60 'ret' 'ret_ln0' <Predicate = true> <Delay = 0.00>


============================================================
+ Verbose Summary: Timing violations
============================================================
Target clock period: 5.000ns, clock uncertainty: 1.350ns.

 <State 1>: 0.360ns
The critical path consists of the following:
	wire read operation ('i_0_read') on port 'i_0' [33]  (0.000 ns)
	'call' operation 18 bit ('cond_loc_channel', ../src/canny_top.cpp:25) to 'dataflow_in_loop_VITIS_LOOP_11_1.1_Block_newFuncRoot_proc' [45]  (0.360 ns)

 <State 2>: 2.170ns
The critical path consists of the following:
	wire read operation ('in_read') on port 'in_r' [32]  (0.000 ns)
	'call' operation ('call_ln27', ../src/canny_top.cpp:27) to 'grayscale' [46]  (2.170 ns)

 <State 3>: 0.000ns
The critical path consists of the following:

 <State 4>: 0.000ns
The critical path consists of the following:

 <State 5>: 0.427ns
The critical path consists of the following:
	'call' operation 1 bit ('gaussian_valid', ../src/canny_top.cpp:29) to 'gaussian_blur' [47]  (0.427 ns)

 <State 6>: 2.252ns
The critical path consists of the following:
	'call' operation 1 bit ('sobel_valid', ../src/canny_top.cpp:30) to 'sobel' [48]  (2.252 ns)

 <State 7>: 0.854ns
The critical path consists of the following:
	'call' operation 1 bit ('sobel_valid', ../src/canny_top.cpp:30) to 'sobel' [48]  (0.854 ns)

 <State 8>: 2.252ns
The critical path consists of the following:
	'call' operation 1 bit ('nonmax_valid', ../src/canny_top.cpp:31) to 'non_maximum_suppression' [49]  (2.252 ns)

 <State 9>: 0.854ns
The critical path consists of the following:
	'call' operation 1 bit ('nonmax_valid', ../src/canny_top.cpp:31) to 'non_maximum_suppression' [49]  (0.854 ns)

 <State 10>: 2.252ns
The critical path consists of the following:
	'call' operation 1 bit ('double_valid', ../src/canny_top.cpp:32) to 'double_threshold' [50]  (2.252 ns)

 <State 11>: 0.427ns
The critical path consists of the following:
	'call' operation 1 bit ('double_valid', ../src/canny_top.cpp:32) to 'double_threshold' [50]  (0.427 ns)

 <State 12>: 2.252ns
The critical path consists of the following:
	'call' operation 1 bit ('hysteresis1_valid', ../src/canny_top.cpp:33) to 'hysteresis<1>' [51]  (2.252 ns)

 <State 13>: 0.854ns
The critical path consists of the following:
	'call' operation 1 bit ('hysteresis1_valid', ../src/canny_top.cpp:33) to 'hysteresis<1>' [51]  (0.854 ns)

 <State 14>: 2.252ns
The critical path consists of the following:
	'call' operation 1 bit ('hysteresis2_valid', ../src/canny_top.cpp:34) to 'hysteresis<2>' [52]  (2.252 ns)

 <State 15>: 0.854ns
The critical path consists of the following:
	'call' operation 1 bit ('hysteresis2_valid', ../src/canny_top.cpp:34) to 'hysteresis<2>' [52]  (0.854 ns)

 <State 16>: 2.252ns
The critical path consists of the following:
	'call' operation 1 bit ('hysteresis3_valid', ../src/canny_top.cpp:35) to 'hysteresis<3>' [53]  (2.252 ns)

 <State 17>: 0.854ns
The critical path consists of the following:
	'call' operation 1 bit ('hysteresis3_valid', ../src/canny_top.cpp:35) to 'hysteresis<3>' [53]  (0.854 ns)

 <State 18>: 2.252ns
The critical path consists of the following:
	'call' operation 1 bit ('hysteresis4_valid', ../src/canny_top.cpp:36) to 'hysteresis<4>' [54]  (2.252 ns)

 <State 19>: 0.854ns
The critical path consists of the following:
	'call' operation 1 bit ('hysteresis4_valid', ../src/canny_top.cpp:36) to 'hysteresis<4>' [54]  (0.854 ns)

 <State 20>: 1.825ns
The critical path consists of the following:
	wire read operation ('out_read') on port 'out_r' [31]  (0.000 ns)
	'call' operation ('call_ln37', ../src/canny_top.cpp:37) to 'output_row' [55]  (1.825 ns)

 <State 21>: 0.000ns
The critical path consists of the following:


============================================================
+ Verbose Summary: Binding
============================================================
N/A
* FSMD analyzer results:
  - Output states:
 - Input state : 
  - Chain level:
	State 1
	State 2
	State 3
	State 4
	State 5
	State 6
	State 7
	State 8
	State 9
	State 10
	State 11
	State 12
	State 13
	State 14
	State 15
	State 16
	State 17
	State 18
	State 19
	State 20
	State 21


============================================================
+ Verbose Summary: Datapath Resource usage 
============================================================
N/A
