

================================================================
== Vitis HLS Report for 'dataflow_in_loop_VITIS_LOOP_12_1_1'
================================================================
* Date:           Wed Jul 29 23:33:18 2026

* Version:        2025.2 (Build 6295257 on Nov 14 2025)
* Project:        canny_top
* Solution:       hls (Vitis Kernel Flow Target)
* Product family: zynquplus
* Target device:  xck26-sfvc784-2LV-c


================================================================
== Performance Estimates
================================================================
+ Timing: 
    * Summary: 
    +--------+---------+----------+------------+
    |  Clock |  Target | Estimated| Uncertainty|
    +--------+---------+----------+------------+
    |ap_clk  |  5.00 ns|  3.650 ns|     1.35 ns|
    +--------+---------+----------+------------+

+ Latency: 
    * Summary: 
    +---------+---------+-----------+-----------+------+------+----------+
    |  Latency (cycles) |   Latency (absolute)  |   Interval  | Pipeline |
    |   min   |   max   |    min    |    max    |  min |  max |   Type   |
    +---------+---------+-----------+-----------+------+------+----------+
    |     2185|    10437|  10.925 us|  52.185 us|  1616|  1616|  dataflow|
    +---------+---------+-----------+-----------+------+------+----------+

    + Detail: 
        * Instance: 
        +-----------------------------------------------------------------------------------+-----------------------------------------------------------+---------+---------+----------+----------+------+------+---------+
        |                                                                                   |                                                           |  Latency (cycles) |  Latency (absolute) |   Interval  | Pipeline|
        |                                      Instance                                     |                           Module                          |   min   |   max   |    min   |    max   |  min |  max |   Type  |
        +-----------------------------------------------------------------------------------+-----------------------------------------------------------+---------+---------+----------+----------+------+------+---------+
        |cond_loc_channel_dataflow_in_loop_VITIS_LOOP_12_1_1_Block_newFuncRoot_proc_fu_188  |dataflow_in_loop_VITIS_LOOP_12_1_1_Block_newFuncRoot_proc  |        0|        0|      0 ns|      0 ns|     0|     0|       no|
        |grp_grayscale_fu_194                                                               |grayscale                                                  |     1615|     1615|  8.075 us|  8.075 us|  1615|  1615|       no|
        |grp_gaussian_blur_fu_204                                                           |gaussian_blur                                              |      552|     1103|  2.760 us|  5.515 us|   552|  1103|       no|
        |grp_sobel_fu_222                                                                   |sobel                                                      |        1|     1102|  5.000 ns|  5.510 us|     1|  1102|       no|
        |grp_non_maximum_suppression_fu_238                                                 |non_maximum_suppression                                    |        1|     1101|  5.000 ns|  5.505 us|     1|  1101|       no|
        |grp_double_threshold_fu_260                                                        |double_threshold                                           |        1|      516|  5.000 ns|  2.580 us|     1|   516|       no|
        |grp_hysteresis_1_s_fu_267                                                          |hysteresis_1_s                                             |        1|     1101|  5.000 ns|  5.505 us|     1|  1101|       no|
        |grp_hysteresis_2_s_fu_282                                                          |hysteresis_2_s                                             |        1|     1101|  5.000 ns|  5.505 us|     1|  1101|       no|
        |grp_hysteresis_3_s_fu_297                                                          |hysteresis_3_s                                             |        1|     1101|  5.000 ns|  5.505 us|     1|  1101|       no|
        |grp_hysteresis_4_s_fu_312                                                          |hysteresis_4_s                                             |        1|     1101|  5.000 ns|  5.505 us|     1|  1101|       no|
        |grp_output_row_fu_327                                                              |output_row                                                 |        1|      586|  5.000 ns|  2.930 us|     1|   586|       no|
        +-----------------------------------------------------------------------------------+-----------------------------------------------------------+---------+---------+----------+----------+------+------+---------+

        * Loop: 
        N/A

============================================================
+ Verbose Summary: Synthesis Manager
============================================================
InlineROM: 1
ExposeGlobal: 0
============================================================
+ Verbose Summary: CDFG Model
============================================================
IsTopModel: 0
ResetActiveHigh: 1
IsCombinational: 2
IsDatapathOnly: 0
HasWiredReturn: 1
HasMFsm: 0
HasVarLatency: 1
IsPipeline: 0
IsRtlPipelined: 0
IsInstanceOverlapped: 0
IsDontTouch: 0
HasImplIP: 0
IsGatedGlobalClock: 0


============================================================
+ Verbose Summary: Schedule
============================================================
* Number of FSM states : 21
* Pipeline : 0
* Dataflow Pipeline: 1
  DF-Pipeline-0: Size = 21, States = { 1 2 3 4 5 6 7 8 9 10 11 12 13 14 15 16 17 18 19 20 21 }

* FSM state transitions: 
1 --> 2 
2 --> 3 
3 --> 4 
4 --> 5 
5 --> 6 
6 --> 7 
7 --> 8 
8 --> 9 
9 --> 10 
10 --> 11 
11 --> 12 
12 --> 13 
13 --> 14 
14 --> 15 
15 --> 16 
16 --> 17 
17 --> 18 
18 --> 19 
19 --> 20 
20 --> 21 
21 --> 

* FSM state operations: 

State 1 <SV = 0> <Delay = 1.23>
ST_1 : Operation 22 [1/1] (0.00ns)   --->   "%i_0_read = read i10 @_ssdm_op_Read.ap_auto.i10, i10 %i_0"   --->   Operation 22 'read' 'i_0_read' <Predicate = true> <Delay = 0.00>
ST_1 : Operation 23 [1/1] (1.23ns)   --->   "%out_hysteresis4 = alloca i64 1" [../src/canny_top.cpp:19]   --->   Operation 23 'alloca' 'out_hysteresis4' <Predicate = true> <Delay = 1.23>
ST_1 : Operation 24 [1/1] (1.23ns)   --->   "%out_hysteresis3 = alloca i64 1" [../src/canny_top.cpp:19]   --->   Operation 24 'alloca' 'out_hysteresis3' <Predicate = true> <Delay = 1.23>
ST_1 : Operation 25 [1/1] (1.23ns)   --->   "%out_hysteresis2 = alloca i64 1" [../src/canny_top.cpp:19]   --->   Operation 25 'alloca' 'out_hysteresis2' <Predicate = true> <Delay = 1.23>
ST_1 : Operation 26 [1/1] (1.23ns)   --->   "%out_hysteresis1 = alloca i64 1" [../src/canny_top.cpp:19]   --->   Operation 26 'alloca' 'out_hysteresis1' <Predicate = true> <Delay = 1.23>
ST_1 : Operation 27 [1/1] (1.23ns)   --->   "%out_double = alloca i64 1" [../src/canny_top.cpp:18]   --->   Operation 27 'alloca' 'out_double' <Predicate = true> <Delay = 1.23>
ST_1 : Operation 28 [1/1] (1.23ns)   --->   "%out_nonmax = alloca i64 1" [../src/canny_top.cpp:17]   --->   Operation 28 'alloca' 'out_nonmax' <Predicate = true> <Delay = 1.23>
ST_1 : Operation 29 [1/1] (1.23ns)   --->   "%out_sobel_direction = alloca i64 1" [../src/canny_top.cpp:16]   --->   Operation 29 'alloca' 'out_sobel_direction' <Predicate = true> <Delay = 1.23>
ST_1 : Operation 30 [1/1] (1.23ns)   --->   "%out_sobel_magnitude = alloca i64 1" [../src/canny_top.cpp:16]   --->   Operation 30 'alloca' 'out_sobel_magnitude' <Predicate = true> <Delay = 1.23>
ST_1 : Operation 31 [1/1] (1.23ns)   --->   "%out_gaussian = alloca i64 1" [../src/canny_top.cpp:15]   --->   Operation 31 'alloca' 'out_gaussian' <Predicate = true> <Delay = 1.23>
ST_1 : Operation 32 [1/1] (1.23ns)   --->   "%out_grayscale = alloca i64 1" [../src/canny_top.cpp:14]   --->   Operation 32 'alloca' 'out_grayscale' <Predicate = true> <Delay = 1.23>
ST_1 : Operation 33 [1/1] (0.36ns)   --->   "%cond_loc_channel = call i18 @dataflow_in_loop_VITIS_LOOP_12_1.1_Block_newFuncRoot_proc, i10 %i_0_read" [../src/canny_top.cpp:26]   --->   Operation 33 'call' 'cond_loc_channel' <Predicate = true> <Delay = 0.36> <CoreInst = "FIFO_SRL">   --->   Core 80 'FIFO_SRL' <Latency = 0> <II = 1> <Delay = 1.83> <Storage> <Opcode : 'read' 'write' 'nbread' 'nbwrite'> <Ports = 0> <Width = 18> <Depth = 2> <FIFO>

State 2 <SV = 1> <Delay = 2.17>
ST_2 : Operation 34 [1/1] (0.00ns)   --->   "%in_read = read i64 @_ssdm_op_Read.ap_auto.i64, i64 %in_r"   --->   Operation 34 'read' 'in_read' <Predicate = true> <Delay = 0.00>
ST_2 : Operation 35 [2/2] (2.17ns)   --->   "%call_ln28 = call void @grayscale, i18 %cond_loc_channel, i512 %gmem, i64 %in_read, i8 %out_grayscale" [../src/canny_top.cpp:28]   --->   Operation 35 'call' 'call_ln28' <Predicate = true> <Delay = 2.17> <CoreType = "Generic">   --->   Generic Core

State 3 <SV = 2> <Delay = 0.00>
ST_3 : Operation 36 [1/2] (0.00ns)   --->   "%call_ln28 = call void @grayscale, i18 %cond_loc_channel, i512 %gmem, i64 %in_read, i8 %out_grayscale" [../src/canny_top.cpp:28]   --->   Operation 36 'call' 'call_ln28' <Predicate = true> <Delay = 0.00> <CoreType = "Generic">   --->   Generic Core

State 4 <SV = 3> <Delay = 0.00>
ST_4 : Operation 37 [2/2] (0.00ns)   --->   "%gaussian_valid = call i1 @gaussian_blur, i8 %out_grayscale, i8 %out_gaussian, i32 %p_anonymous_namespace_rowsReceived_1, i12 %p_anonymous_namespace_lineBuffer_39_0, i12 %p_anonymous_namespace_lineBuffer_39_1, i12 %p_anonymous_namespace_lineBuffer_39_2, i12 %p_anonymous_namespace_lineBuffer_39_3, i12 %p_anonymous_namespace_lineBuffer_39_4" [../src/canny_top.cpp:30]   --->   Operation 37 'call' 'gaussian_valid' <Predicate = true> <Delay = 0.00> <CoreInst = "FIFO_SRL">   --->   Core 80 'FIFO_SRL' <Latency = 0> <II = 1> <Delay = 1.83> <Storage> <Opcode : 'read' 'write' 'nbread' 'nbwrite'> <Ports = 0> <Width = 1> <Depth = 2> <FIFO>

State 5 <SV = 4> <Delay = 0.42>
ST_5 : Operation 38 [1/2] (0.42ns)   --->   "%gaussian_valid = call i1 @gaussian_blur, i8 %out_grayscale, i8 %out_gaussian, i32 %p_anonymous_namespace_rowsReceived_1, i12 %p_anonymous_namespace_lineBuffer_39_0, i12 %p_anonymous_namespace_lineBuffer_39_1, i12 %p_anonymous_namespace_lineBuffer_39_2, i12 %p_anonymous_namespace_lineBuffer_39_3, i12 %p_anonymous_namespace_lineBuffer_39_4" [../src/canny_top.cpp:30]   --->   Operation 38 'call' 'gaussian_valid' <Predicate = true> <Delay = 0.42> <CoreInst = "FIFO_SRL">   --->   Core 80 'FIFO_SRL' <Latency = 0> <II = 1> <Delay = 1.83> <Storage> <Opcode : 'read' 'write' 'nbread' 'nbwrite'> <Ports = 0> <Width = 1> <Depth = 2> <FIFO>

State 6 <SV = 5> <Delay = 2.25>
ST_6 : Operation 39 [2/2] (2.25ns)   --->   "%sobel_valid = call i1 @sobel, i1 %gaussian_valid, i8 %out_gaussian, i11 %out_sobel_magnitude, i2 %out_sobel_direction, i32 %p_anonymous_namespace_rowsReceived_2, i8 %p_anonymous_namespace_lineBuffer_32_0, i8 %p_anonymous_namespace_lineBuffer_32_1, i8 %p_anonymous_namespace_lineBuffer_32_2" [../src/canny_top.cpp:31]   --->   Operation 39 'call' 'sobel_valid' <Predicate = true> <Delay = 2.25> <CoreInst = "FIFO_SRL">   --->   Core 80 'FIFO_SRL' <Latency = 0> <II = 1> <Delay = 1.83> <Storage> <Opcode : 'read' 'write' 'nbread' 'nbwrite'> <Ports = 0> <Width = 1> <Depth = 2> <FIFO>

State 7 <SV = 6> <Delay = 0.42>
ST_7 : Operation 40 [1/2] (0.42ns)   --->   "%sobel_valid = call i1 @sobel, i1 %gaussian_valid, i8 %out_gaussian, i11 %out_sobel_magnitude, i2 %out_sobel_direction, i32 %p_anonymous_namespace_rowsReceived_2, i8 %p_anonymous_namespace_lineBuffer_32_0, i8 %p_anonymous_namespace_lineBuffer_32_1, i8 %p_anonymous_namespace_lineBuffer_32_2" [../src/canny_top.cpp:31]   --->   Operation 40 'call' 'sobel_valid' <Predicate = true> <Delay = 0.42> <CoreInst = "FIFO_SRL">   --->   Core 80 'FIFO_SRL' <Latency = 0> <II = 1> <Delay = 1.83> <Storage> <Opcode : 'read' 'write' 'nbread' 'nbwrite'> <Ports = 0> <Width = 1> <Depth = 2> <FIFO>

State 8 <SV = 7> <Delay = 2.25>
ST_8 : Operation 41 [2/2] (2.25ns)   --->   "%nonmax_valid = call i1 @non_maximum_suppression, i1 %sobel_valid, i11 %out_sobel_magnitude, i2 %out_sobel_direction, i11 %out_nonmax, i32 %p_anonymous_namespace_rowsReceived, i11 %p_anonymous_namespace_lineBuffer_magnitude_0, i2 %p_anonymous_namespace_lineBuffer_direction_0, i11 %p_anonymous_namespace_lineBuffer_magnitude_1, i2 %p_anonymous_namespace_lineBuffer_direction_1, i11 %p_anonymous_namespace_lineBuffer_magnitude_2, i2 %p_anonymous_namespace_lineBuffer_direction_2" [../src/canny_top.cpp:32]   --->   Operation 41 'call' 'nonmax_valid' <Predicate = true> <Delay = 2.25> <CoreInst = "FIFO_SRL">   --->   Core 80 'FIFO_SRL' <Latency = 0> <II = 1> <Delay = 1.83> <Storage> <Opcode : 'read' 'write' 'nbread' 'nbwrite'> <Ports = 0> <Width = 1> <Depth = 2> <FIFO>

State 9 <SV = 8> <Delay = 0.42>
ST_9 : Operation 42 [1/2] (0.42ns)   --->   "%nonmax_valid = call i1 @non_maximum_suppression, i1 %sobel_valid, i11 %out_sobel_magnitude, i2 %out_sobel_direction, i11 %out_nonmax, i32 %p_anonymous_namespace_rowsReceived, i11 %p_anonymous_namespace_lineBuffer_magnitude_0, i2 %p_anonymous_namespace_lineBuffer_direction_0, i11 %p_anonymous_namespace_lineBuffer_magnitude_1, i2 %p_anonymous_namespace_lineBuffer_direction_1, i11 %p_anonymous_namespace_lineBuffer_magnitude_2, i2 %p_anonymous_namespace_lineBuffer_direction_2" [../src/canny_top.cpp:32]   --->   Operation 42 'call' 'nonmax_valid' <Predicate = true> <Delay = 0.42> <CoreInst = "FIFO_SRL">   --->   Core 80 'FIFO_SRL' <Latency = 0> <II = 1> <Delay = 1.83> <Storage> <Opcode : 'read' 'write' 'nbread' 'nbwrite'> <Ports = 0> <Width = 1> <Depth = 2> <FIFO>

State 10 <SV = 9> <Delay = 2.25>
ST_10 : Operation 43 [2/2] (2.25ns)   --->   "%double_valid = call i1 @double_threshold, i1 %nonmax_valid, i11 %out_nonmax, i8 %out_double" [../src/canny_top.cpp:33]   --->   Operation 43 'call' 'double_valid' <Predicate = true> <Delay = 2.25> <CoreInst = "FIFO_SRL">   --->   Core 80 'FIFO_SRL' <Latency = 0> <II = 1> <Delay = 1.83> <Storage> <Opcode : 'read' 'write' 'nbread' 'nbwrite'> <Ports = 0> <Width = 1> <Depth = 2> <FIFO>

State 11 <SV = 10> <Delay = 0.42>
ST_11 : Operation 44 [1/2] (0.42ns)   --->   "%double_valid = call i1 @double_threshold, i1 %nonmax_valid, i11 %out_nonmax, i8 %out_double" [../src/canny_top.cpp:33]   --->   Operation 44 'call' 'double_valid' <Predicate = true> <Delay = 0.42> <CoreInst = "FIFO_SRL">   --->   Core 80 'FIFO_SRL' <Latency = 0> <II = 1> <Delay = 1.83> <Storage> <Opcode : 'read' 'write' 'nbread' 'nbwrite'> <Ports = 0> <Width = 1> <Depth = 2> <FIFO>

State 12 <SV = 11> <Delay = 2.25>
ST_12 : Operation 45 [2/2] (2.25ns)   --->   "%hysteresis1_valid = call i1 @hysteresis<1>, i1 %double_valid, i8 %out_double, i8 %out_hysteresis1, i32 %p_anonymous_namespace_rowsReceived_1_s, i8 %p_ZN12_GLOBAL_N_110lineBufferILi1EEE_0, i8 %p_ZN12_GLOBAL_N_110lineBufferILi1EEE_1, i8 %p_ZN12_GLOBAL_N_110lineBufferILi1EEE_2" [../src/canny_top.cpp:34]   --->   Operation 45 'call' 'hysteresis1_valid' <Predicate = true> <Delay = 2.25> <CoreInst = "FIFO_SRL">   --->   Core 80 'FIFO_SRL' <Latency = 0> <II = 1> <Delay = 1.83> <Storage> <Opcode : 'read' 'write' 'nbread' 'nbwrite'> <Ports = 0> <Width = 1> <Depth = 2> <FIFO>

State 13 <SV = 12> <Delay = 0.42>
ST_13 : Operation 46 [1/2] (0.42ns)   --->   "%hysteresis1_valid = call i1 @hysteresis<1>, i1 %double_valid, i8 %out_double, i8 %out_hysteresis1, i32 %p_anonymous_namespace_rowsReceived_1_s, i8 %p_ZN12_GLOBAL_N_110lineBufferILi1EEE_0, i8 %p_ZN12_GLOBAL_N_110lineBufferILi1EEE_1, i8 %p_ZN12_GLOBAL_N_110lineBufferILi1EEE_2" [../src/canny_top.cpp:34]   --->   Operation 46 'call' 'hysteresis1_valid' <Predicate = true> <Delay = 0.42> <CoreInst = "FIFO_SRL">   --->   Core 80 'FIFO_SRL' <Latency = 0> <II = 1> <Delay = 1.83> <Storage> <Opcode : 'read' 'write' 'nbread' 'nbwrite'> <Ports = 0> <Width = 1> <Depth = 2> <FIFO>

State 14 <SV = 13> <Delay = 2.25>
ST_14 : Operation 47 [2/2] (2.25ns)   --->   "%hysteresis2_valid = call i1 @hysteresis<2>, i1 %hysteresis1_valid, i8 %out_hysteresis1, i8 %out_hysteresis2, i32 %p_anonymous_namespace_rowsReceived_2_s, i8 %p_ZN12_GLOBAL_N_110lineBufferILi2EEE_0, i8 %p_ZN12_GLOBAL_N_110lineBufferILi2EEE_1, i8 %p_ZN12_GLOBAL_N_110lineBufferILi2EEE_2" [../src/canny_top.cpp:35]   --->   Operation 47 'call' 'hysteresis2_valid' <Predicate = true> <Delay = 2.25> <CoreInst = "FIFO_SRL">   --->   Core 80 'FIFO_SRL' <Latency = 0> <II = 1> <Delay = 1.83> <Storage> <Opcode : 'read' 'write' 'nbread' 'nbwrite'> <Ports = 0> <Width = 1> <Depth = 2> <FIFO>

State 15 <SV = 14> <Delay = 0.42>
ST_15 : Operation 48 [1/2] (0.42ns)   --->   "%hysteresis2_valid = call i1 @hysteresis<2>, i1 %hysteresis1_valid, i8 %out_hysteresis1, i8 %out_hysteresis2, i32 %p_anonymous_namespace_rowsReceived_2_s, i8 %p_ZN12_GLOBAL_N_110lineBufferILi2EEE_0, i8 %p_ZN12_GLOBAL_N_110lineBufferILi2EEE_1, i8 %p_ZN12_GLOBAL_N_110lineBufferILi2EEE_2" [../src/canny_top.cpp:35]   --->   Operation 48 'call' 'hysteresis2_valid' <Predicate = true> <Delay = 0.42> <CoreInst = "FIFO_SRL">   --->   Core 80 'FIFO_SRL' <Latency = 0> <II = 1> <Delay = 1.83> <Storage> <Opcode : 'read' 'write' 'nbread' 'nbwrite'> <Ports = 0> <Width = 1> <Depth = 2> <FIFO>

State 16 <SV = 15> <Delay = 2.25>
ST_16 : Operation 49 [2/2] (2.25ns)   --->   "%hysteresis3_valid = call i1 @hysteresis<3>, i1 %hysteresis2_valid, i8 %out_hysteresis2, i8 %out_hysteresis3, i32 %p_anonymous_namespace_rowsReceived_3_s, i8 %p_ZN12_GLOBAL_N_110lineBufferILi3EEE_0, i8 %p_ZN12_GLOBAL_N_110lineBufferILi3EEE_1, i8 %p_ZN12_GLOBAL_N_110lineBufferILi3EEE_2" [../src/canny_top.cpp:36]   --->   Operation 49 'call' 'hysteresis3_valid' <Predicate = true> <Delay = 2.25> <CoreInst = "FIFO_SRL">   --->   Core 80 'FIFO_SRL' <Latency = 0> <II = 1> <Delay = 1.83> <Storage> <Opcode : 'read' 'write' 'nbread' 'nbwrite'> <Ports = 0> <Width = 1> <Depth = 2> <FIFO>

State 17 <SV = 16> <Delay = 0.42>
ST_17 : Operation 50 [1/2] (0.42ns)   --->   "%hysteresis3_valid = call i1 @hysteresis<3>, i1 %hysteresis2_valid, i8 %out_hysteresis2, i8 %out_hysteresis3, i32 %p_anonymous_namespace_rowsReceived_3_s, i8 %p_ZN12_GLOBAL_N_110lineBufferILi3EEE_0, i8 %p_ZN12_GLOBAL_N_110lineBufferILi3EEE_1, i8 %p_ZN12_GLOBAL_N_110lineBufferILi3EEE_2" [../src/canny_top.cpp:36]   --->   Operation 50 'call' 'hysteresis3_valid' <Predicate = true> <Delay = 0.42> <CoreInst = "FIFO_SRL">   --->   Core 80 'FIFO_SRL' <Latency = 0> <II = 1> <Delay = 1.83> <Storage> <Opcode : 'read' 'write' 'nbread' 'nbwrite'> <Ports = 0> <Width = 1> <Depth = 2> <FIFO>

State 18 <SV = 17> <Delay = 2.25>
ST_18 : Operation 51 [2/2] (2.25ns)   --->   "%hysteresis4_valid = call i1 @hysteresis<4>, i1 %hysteresis3_valid, i8 %out_hysteresis3, i2 %out_hysteresis4, i32 %p_anonymous_namespace_rowsReceived_4_s, i8 %p_ZN12_GLOBAL_N_110lineBufferILi4EEE_0, i8 %p_ZN12_GLOBAL_N_110lineBufferILi4EEE_1, i8 %p_ZN12_GLOBAL_N_110lineBufferILi4EEE_2" [../src/canny_top.cpp:37]   --->   Operation 51 'call' 'hysteresis4_valid' <Predicate = true> <Delay = 2.25> <CoreInst = "FIFO_SRL">   --->   Core 80 'FIFO_SRL' <Latency = 0> <II = 1> <Delay = 1.83> <Storage> <Opcode : 'read' 'write' 'nbread' 'nbwrite'> <Ports = 0> <Width = 1> <Depth = 2> <FIFO>

State 19 <SV = 18> <Delay = 0.42>
ST_19 : Operation 52 [1/2] (0.42ns)   --->   "%hysteresis4_valid = call i1 @hysteresis<4>, i1 %hysteresis3_valid, i8 %out_hysteresis3, i2 %out_hysteresis4, i32 %p_anonymous_namespace_rowsReceived_4_s, i8 %p_ZN12_GLOBAL_N_110lineBufferILi4EEE_0, i8 %p_ZN12_GLOBAL_N_110lineBufferILi4EEE_1, i8 %p_ZN12_GLOBAL_N_110lineBufferILi4EEE_2" [../src/canny_top.cpp:37]   --->   Operation 52 'call' 'hysteresis4_valid' <Predicate = true> <Delay = 0.42> <CoreInst = "FIFO_SRL">   --->   Core 80 'FIFO_SRL' <Latency = 0> <II = 1> <Delay = 1.83> <Storage> <Opcode : 'read' 'write' 'nbread' 'nbwrite'> <Ports = 0> <Width = 1> <Depth = 2> <FIFO>

State 20 <SV = 19> <Delay = 1.82>
ST_20 : Operation 53 [1/1] (0.00ns)   --->   "%out_read = read i64 @_ssdm_op_Read.ap_auto.i64, i64 %out_r"   --->   Operation 53 'read' 'out_read' <Predicate = true> <Delay = 0.00>
ST_20 : Operation 54 [2/2] (1.82ns)   --->   "%call_ln38 = call void @output_row, i1 %hysteresis4_valid, i2 %out_hysteresis4, i512 %gmem, i64 %out_read, i32 %rowsReceived" [../src/canny_top.cpp:38]   --->   Operation 54 'call' 'call_ln38' <Predicate = true> <Delay = 1.82> <CoreType = "Generic">   --->   Generic Core

State 21 <SV = 20> <Delay = 0.00>
ST_21 : Operation 55 [1/1] (0.00ns)   --->   "%specstablecontent_ln0 = specstablecontent void @_ssdm_op_SpecStableContent, i64 %out_r, i1 1, void @p_str"   --->   Operation 55 'specstablecontent' 'specstablecontent_ln0' <Predicate = true> <Delay = 0.00>
ST_21 : Operation 56 [1/1] (0.00ns)   --->   "%specstablecontent_ln0 = specstablecontent void @_ssdm_op_SpecStableContent, i64 %in_r, i1 1, void @p_str"   --->   Operation 56 'specstablecontent' 'specstablecontent_ln0' <Predicate = true> <Delay = 0.00>
ST_21 : Operation 57 [1/1] (0.00ns)   --->   "%specdataflowpipeline_ln0 = specdataflowpipeline void @_ssdm_op_SpecDataflowPipeline, i32 4294967295, i32 0, void @empty_14"   --->   Operation 57 'specdataflowpipeline' 'specdataflowpipeline_ln0' <Predicate = true> <Delay = 0.00>
ST_21 : Operation 58 [1/1] (0.00ns)   --->   "%specinterface_ln0 = specinterface void @_ssdm_op_SpecInterface, i512 %gmem, void @empty_17, i32 0, i32 0, void @empty_14, i32 64, i32 0, void @empty_21, void @empty_13, void @empty_14, i32 16, i32 16, i32 16, i32 16, void @empty_14, void @empty_14, i32 4294967295, i32 0, i32 0, i32 64"   --->   Operation 58 'specinterface' 'specinterface_ln0' <Predicate = true> <Delay = 0.00>
ST_21 : Operation 59 [1/2] (0.00ns)   --->   "%call_ln38 = call void @output_row, i1 %hysteresis4_valid, i2 %out_hysteresis4, i512 %gmem, i64 %out_read, i32 %rowsReceived" [../src/canny_top.cpp:38]   --->   Operation 59 'call' 'call_ln38' <Predicate = true> <Delay = 0.00> <CoreType = "Generic">   --->   Generic Core
ST_21 : Operation 60 [1/1] (0.00ns)   --->   "%ret_ln0 = ret"   --->   Operation 60 'ret' 'ret_ln0' <Predicate = true> <Delay = 0.00>


============================================================
+ Verbose Summary: Binding
============================================================
STG Binding: 
---------------- STG Properties BEGIN ----------------
- Is combinational: 0
- Is one-state seq: 0
- Is datapath-only: 0
- Is pipelined: 0
- Is top level: 0
Port [ Return ] is wired: 1; IO mode=ap_ctrl_hs:ce=0
Port [ i_0]:  wired=1; compound=0; hidden=0; nouse=0; global=0; static=0; extern=0; dir=0; type=0; pingpong=0; private_global=0; IO mode=ap_none:ce=0
Port [ gmem]:  wired=1; compound=1; hidden=0; nouse=0; global=0; static=0; extern=0; dir=2; type=4; pingpong=0; private_global=0; IO mode=m_axi:ce=0
Port [ in_r]:  wired=1; compound=0; hidden=0; nouse=0; global=0; static=0; extern=0; dir=0; type=0; pingpong=0; private_global=0; IO mode=ap_stable:ce=0
Port [ out_r]:  wired=1; compound=0; hidden=0; nouse=0; global=0; static=0; extern=0; dir=0; type=0; pingpong=0; private_global=0; IO mode=ap_stable:ce=0
Port [ p_anonymous_namespace_rowsReceived_1]:  wired=1; compound=0; hidden=0; nouse=0; global=1; static=1; extern=0; dir=2; type=0; pingpong=0; private_global=0; IO mode=ap_ovld:ce=0
Port [ p_anonymous_namespace_lineBuffer_39_0]:  wired=1; compound=1; hidden=0; nouse=0; global=1; static=1; extern=0; dir=2; type=1; pingpong=0; private_global=0; MemPort=[23]; IO mode=ap_memory:ce=0
Port [ p_anonymous_namespace_lineBuffer_39_1]:  wired=1; compound=1; hidden=0; nouse=0; global=1; static=1; extern=0; dir=2; type=1; pingpong=0; private_global=0; MemPort=[23]; IO mode=ap_memory:ce=0
Port [ p_anonymous_namespace_lineBuffer_39_2]:  wired=1; compound=1; hidden=0; nouse=0; global=1; static=1; extern=0; dir=2; type=1; pingpong=0; private_global=0; MemPort=[23]; IO mode=ap_memory:ce=0
Port [ p_anonymous_namespace_lineBuffer_39_3]:  wired=1; compound=1; hidden=0; nouse=0; global=1; static=1; extern=0; dir=2; type=1; pingpong=0; private_global=0; MemPort=[23]; IO mode=ap_memory:ce=0
Port [ p_anonymous_namespace_lineBuffer_39_4]:  wired=1; compound=1; hidden=0; nouse=0; global=1; static=1; extern=0; dir=2; type=1; pingpong=0; private_global=0; MemPort=[23]; IO mode=ap_memory:ce=0
Port [ p_anonymous_namespace_rowsReceived_2]:  wired=1; compound=0; hidden=0; nouse=0; global=1; static=1; extern=0; dir=2; type=0; pingpong=0; private_global=0; IO mode=ap_ovld:ce=0
Port [ p_anonymous_namespace_lineBuffer_32_0]:  wired=1; compound=1; hidden=0; nouse=0; global=1; static=1; extern=0; dir=2; type=1; pingpong=0; private_global=0; MemPort=[21]; IO mode=ap_memory:ce=0
Port [ p_anonymous_namespace_lineBuffer_32_1]:  wired=1; compound=1; hidden=0; nouse=0; global=1; static=1; extern=0; dir=2; type=1; pingpong=0; private_global=0; MemPort=[21]; IO mode=ap_memory:ce=0
Port [ p_anonymous_namespace_lineBuffer_32_2]:  wired=1; compound=1; hidden=0; nouse=0; global=1; static=1; extern=0; dir=2; type=1; pingpong=0; private_global=0; MemPort=[21]; IO mode=ap_memory:ce=0
Port [ p_anonymous_namespace_rowsReceived]:  wired=1; compound=0; hidden=0; nouse=0; global=1; static=1; extern=0; dir=2; type=0; pingpong=0; private_global=0; IO mode=ap_ovld:ce=0
Port [ p_anonymous_namespace_lineBuffer_magnitude_0]:  wired=1; compound=1; hidden=0; nouse=0; global=1; static=1; extern=0; dir=2; type=1; pingpong=0; private_global=0; MemPort=[21]; IO mode=ap_memory:ce=0
Port [ p_anonymous_namespace_lineBuffer_direction_0]:  wired=1; compound=1; hidden=0; nouse=0; global=1; static=1; extern=0; dir=2; type=1; pingpong=0; private_global=0; MemPort=[21]; IO mode=ap_memory:ce=0
Port [ p_anonymous_namespace_lineBuffer_magnitude_1]:  wired=1; compound=1; hidden=0; nouse=0; global=1; static=1; extern=0; dir=2; type=1; pingpong=0; private_global=0; MemPort=[21]; IO mode=ap_memory:ce=0
Port [ p_anonymous_namespace_lineBuffer_direction_1]:  wired=1; compound=1; hidden=0; nouse=0; global=1; static=1; extern=0; dir=2; type=1; pingpong=0; private_global=0; MemPort=[21]; IO mode=ap_memory:ce=0
Port [ p_anonymous_namespace_lineBuffer_magnitude_2]:  wired=1; compound=1; hidden=0; nouse=0; global=1; static=1; extern=0; dir=2; type=1; pingpong=0; private_global=0; MemPort=[21]; IO mode=ap_memory:ce=0
Port [ p_anonymous_namespace_lineBuffer_direction_2]:  wired=1; compound=1; hidden=0; nouse=0; global=1; static=1; extern=0; dir=2; type=1; pingpong=0; private_global=0; MemPort=[21]; IO mode=ap_memory:ce=0
Port [ p_anonymous_namespace_rowsReceived_1_s]:  wired=1; compound=0; hidden=0; nouse=0; global=1; static=1; extern=0; dir=2; type=0; pingpong=0; private_global=0; IO mode=ap_ovld:ce=0
Port [ p_ZN12_GLOBAL_N_110lineBufferILi1EEE_0]:  wired=1; compound=1; hidden=0; nouse=0; global=1; static=1; extern=0; dir=2; type=1; pingpong=0; private_global=0; MemPort=[21]; IO mode=ap_memory:ce=0
Port [ p_ZN12_GLOBAL_N_110lineBufferILi1EEE_1]:  wired=1; compound=1; hidden=0; nouse=0; global=1; static=1; extern=0; dir=2; type=1; pingpong=0; private_global=0; MemPort=[21]; IO mode=ap_memory:ce=0
Port [ p_ZN12_GLOBAL_N_110lineBufferILi1EEE_2]:  wired=1; compound=1; hidden=0; nouse=0; global=1; static=1; extern=0; dir=2; type=1; pingpong=0; private_global=0; MemPort=[21]; IO mode=ap_memory:ce=0
Port [ p_anonymous_namespace_rowsReceived_2_s]:  wired=1; compound=0; hidden=0; nouse=0; global=1; static=1; extern=0; dir=2; type=0; pingpong=0; private_global=0; IO mode=ap_ovld:ce=0
Port [ p_ZN12_GLOBAL_N_110lineBufferILi2EEE_0]:  wired=1; compound=1; hidden=0; nouse=0; global=1; static=1; extern=0; dir=2; type=1; pingpong=0; private_global=0; MemPort=[21]; IO mode=ap_memory:ce=0
Port [ p_ZN12_GLOBAL_N_110lineBufferILi2EEE_1]:  wired=1; compound=1; hidden=0; nouse=0; global=1; static=1; extern=0; dir=2; type=1; pingpong=0; private_global=0; MemPort=[21]; IO mode=ap_memory:ce=0
Port [ p_ZN12_GLOBAL_N_110lineBufferILi2EEE_2]:  wired=1; compound=1; hidden=0; nouse=0; global=1; static=1; extern=0; dir=2; type=1; pingpong=0; private_global=0; MemPort=[21]; IO mode=ap_memory:ce=0
Port [ p_anonymous_namespace_rowsReceived_3_s]:  wired=1; compound=0; hidden=0; nouse=0; global=1; static=1; extern=0; dir=2; type=0; pingpong=0; private_global=0; IO mode=ap_ovld:ce=0
Port [ p_ZN12_GLOBAL_N_110lineBufferILi3EEE_0]:  wired=1; compound=1; hidden=0; nouse=0; global=1; static=1; extern=0; dir=2; type=1; pingpong=0; private_global=0; MemPort=[21]; IO mode=ap_memory:ce=0
Port [ p_ZN12_GLOBAL_N_110lineBufferILi3EEE_1]:  wired=1; compound=1; hidden=0; nouse=0; global=1; static=1; extern=0; dir=2; type=1; pingpong=0; private_global=0; MemPort=[21]; IO mode=ap_memory:ce=0
Port [ p_ZN12_GLOBAL_N_110lineBufferILi3EEE_2]:  wired=1; compound=1; hidden=0; nouse=0; global=1; static=1; extern=0; dir=2; type=1; pingpong=0; private_global=0; MemPort=[21]; IO mode=ap_memory:ce=0
Port [ p_anonymous_namespace_rowsReceived_4_s]:  wired=1; compound=0; hidden=0; nouse=0; global=1; static=1; extern=0; dir=2; type=0; pingpong=0; private_global=0; IO mode=ap_ovld:ce=0
Port [ p_ZN12_GLOBAL_N_110lineBufferILi4EEE_0]:  wired=1; compound=1; hidden=0; nouse=0; global=1; static=1; extern=0; dir=2; type=1; pingpong=0; private_global=0; MemPort=[21]; IO mode=ap_memory:ce=0
Port [ p_ZN12_GLOBAL_N_110lineBufferILi4EEE_1]:  wired=1; compound=1; hidden=0; nouse=0; global=1; static=1; extern=0; dir=2; type=1; pingpong=0; private_global=0; MemPort=[21]; IO mode=ap_memory:ce=0
Port [ p_ZN12_GLOBAL_N_110lineBufferILi4EEE_2]:  wired=1; compound=1; hidden=0; nouse=0; global=1; static=1; extern=0; dir=2; type=1; pingpong=0; private_global=0; MemPort=[21]; IO mode=ap_memory:ce=0
Port [ rowsReceived]:  wired=1; compound=0; hidden=0; nouse=0; global=1; static=1; extern=0; dir=2; type=0; pingpong=0; private_global=0; IO mode=ap_ovld:ce=0
---------------- STG Properties END ------------------

---------------- Datapath Model BEGIN ----------------

<LifeTime>
<method=bitvector/>
i_0_read                 (read                ) [ 0000000000000000000000]
out_hysteresis4          (alloca              ) [ 0011111111111111111111]
out_hysteresis3          (alloca              ) [ 0011111111111111111100]
out_hysteresis2          (alloca              ) [ 0011111111111111110000]
out_hysteresis1          (alloca              ) [ 0011111111111111000000]
out_double               (alloca              ) [ 0011111111111100000000]
out_nonmax               (alloca              ) [ 0011111111110000000000]
out_sobel_direction      (alloca              ) [ 0011111111000000000000]
out_sobel_magnitude      (alloca              ) [ 0011111111000000000000]
out_gaussian             (alloca              ) [ 0011111100000000000000]
out_grayscale            (alloca              ) [ 0011110000000000000000]
cond_loc_channel         (call                ) [ 0011000000000000000000]
in_read                  (read                ) [ 0001000000000000000000]
call_ln28                (call                ) [ 0000000000000000000000]
gaussian_valid           (call                ) [ 0000001100000000000000]
sobel_valid              (call                ) [ 0000000011000000000000]
nonmax_valid             (call                ) [ 0000000000110000000000]
double_valid             (call                ) [ 0000000000001100000000]
hysteresis1_valid        (call                ) [ 0000000000000011000000]
hysteresis2_valid        (call                ) [ 0000000000000000110000]
hysteresis3_valid        (call                ) [ 0000000000000000001100]
hysteresis4_valid        (call                ) [ 0000000000000000000011]
out_read                 (read                ) [ 0000000000000000000001]
specstablecontent_ln0    (specstablecontent   ) [ 0000000000000000000000]
specstablecontent_ln0    (specstablecontent   ) [ 0000000000000000000000]
specdataflowpipeline_ln0 (specdataflowpipeline) [ 0000000000000000000000]
specinterface_ln0        (specinterface       ) [ 0000000000000000000000]
call_ln38                (call                ) [ 0000000000000000000000]
ret_ln0                  (ret                 ) [ 0000000000000000000000]
</LifeTime>

<model>

<comp_list>
<comp id="0" class="1000" name="i_0">
<pin_list>
<pin id="1" dir="1" index="0" bw="1" slack="0"/>
</pin_list>
<bind>
<StgValue><ssdm name="i_0"/></StgValue>
</bind>
</comp>

<comp id="2" class="1000" name="gmem">
<pin_list>
<pin id="3" dir="1" index="0" bw="1" slack="0"/>
</pin_list>
<bind>
<StgValue><ssdm name="gmem"/><MemPortTyVec>2 </MemPortTyVec>
</StgValue>
</bind>
</comp>

<comp id="4" class="1000" name="in_r">
<pin_list>
<pin id="5" dir="1" index="0" bw="1" slack="0"/>
</pin_list>
<bind>
<StgValue><ssdm name="in_r"/></StgValue>
</bind>
</comp>

<comp id="6" class="1000" name="out_r">
<pin_list>
<pin id="7" dir="1" index="0" bw="1" slack="0"/>
</pin_list>
<bind>
<StgValue><ssdm name="out_r"/></StgValue>
</bind>
</comp>

<comp id="8" class="1000" name="p_anonymous_namespace_rowsReceived_1">
<pin_list>
<pin id="9" dir="1" index="0" bw="1" slack="0"/>
</pin_list>
<bind>
<StgValue><ssdm name="p_anonymous_namespace_rowsReceived_1"/></StgValue>
</bind>
</comp>

<comp id="10" class="1000" name="p_anonymous_namespace_lineBuffer_39_0">
<pin_list>
<pin id="11" dir="1" index="0" bw="1" slack="0"/>
</pin_list>
<bind>
<StgValue><ssdm name="p_anonymous_namespace_lineBuffer_39_0"/><MemPortTyVec>2 3 </MemPortTyVec>
</StgValue>
</bind>
</comp>

<comp id="12" class="1000" name="p_anonymous_namespace_lineBuffer_39_1">
<pin_list>
<pin id="13" dir="1" index="0" bw="1" slack="0"/>
</pin_list>
<bind>
<StgValue><ssdm name="p_anonymous_namespace_lineBuffer_39_1"/><MemPortTyVec>2 3 </MemPortTyVec>
</StgValue>
</bind>
</comp>

<comp id="14" class="1000" name="p_anonymous_namespace_lineBuffer_39_2">
<pin_list>
<pin id="15" dir="1" index="0" bw="1" slack="0"/>
</pin_list>
<bind>
<StgValue><ssdm name="p_anonymous_namespace_lineBuffer_39_2"/><MemPortTyVec>2 3 </MemPortTyVec>
</StgValue>
</bind>
</comp>

<comp id="16" class="1000" name="p_anonymous_namespace_lineBuffer_39_3">
<pin_list>
<pin id="17" dir="1" index="0" bw="1" slack="0"/>
</pin_list>
<bind>
<StgValue><ssdm name="p_anonymous_namespace_lineBuffer_39_3"/><MemPortTyVec>2 3 </MemPortTyVec>
</StgValue>
</bind>
</comp>

<comp id="18" class="1000" name="p_anonymous_namespace_lineBuffer_39_4">
<pin_list>
<pin id="19" dir="1" index="0" bw="1" slack="0"/>
</pin_list>
<bind>
<StgValue><ssdm name="p_anonymous_namespace_lineBuffer_39_4"/><MemPortTyVec>2 3 </MemPortTyVec>
</StgValue>
</bind>
</comp>

<comp id="20" class="1000" name="p_anonymous_namespace_rowsReceived_2">
<pin_list>
<pin id="21" dir="1" index="0" bw="1" slack="0"/>
</pin_list>
<bind>
<StgValue><ssdm name="p_anonymous_namespace_rowsReceived_2"/></StgValue>
</bind>
</comp>

<comp id="22" class="1000" name="p_anonymous_namespace_lineBuffer_32_0">
<pin_list>
<pin id="23" dir="1" index="0" bw="1" slack="0"/>
</pin_list>
<bind>
<StgValue><ssdm name="p_anonymous_namespace_lineBuffer_32_0"/><MemPortTyVec>2 1 </MemPortTyVec>
</StgValue>
</bind>
</comp>

<comp id="24" class="1000" name="p_anonymous_namespace_lineBuffer_32_1">
<pin_list>
<pin id="25" dir="1" index="0" bw="1" slack="0"/>
</pin_list>
<bind>
<StgValue><ssdm name="p_anonymous_namespace_lineBuffer_32_1"/><MemPortTyVec>2 1 </MemPortTyVec>
</StgValue>
</bind>
</comp>

<comp id="26" class="1000" name="p_anonymous_namespace_lineBuffer_32_2">
<pin_list>
<pin id="27" dir="1" index="0" bw="1" slack="0"/>
</pin_list>
<bind>
<StgValue><ssdm name="p_anonymous_namespace_lineBuffer_32_2"/><MemPortTyVec>2 1 </MemPortTyVec>
</StgValue>
</bind>
</comp>

<comp id="28" class="1000" name="p_anonymous_namespace_rowsReceived">
<pin_list>
<pin id="29" dir="1" index="0" bw="1" slack="0"/>
</pin_list>
<bind>
<StgValue><ssdm name="p_anonymous_namespace_rowsReceived"/></StgValue>
</bind>
</comp>

<comp id="30" class="1000" name="p_anonymous_namespace_lineBuffer_magnitude_0">
<pin_list>
<pin id="31" dir="1" index="0" bw="1" slack="0"/>
</pin_list>
<bind>
<StgValue><ssdm name="p_anonymous_namespace_lineBuffer_magnitude_0"/><MemPortTyVec>2 1 </MemPortTyVec>
</StgValue>
</bind>
</comp>

<comp id="32" class="1000" name="p_anonymous_namespace_lineBuffer_direction_0">
<pin_list>
<pin id="33" dir="1" index="0" bw="1" slack="0"/>
</pin_list>
<bind>
<StgValue><ssdm name="p_anonymous_namespace_lineBuffer_direction_0"/><MemPortTyVec>2 1 </MemPortTyVec>
</StgValue>
</bind>
</comp>

<comp id="34" class="1000" name="p_anonymous_namespace_lineBuffer_magnitude_1">
<pin_list>
<pin id="35" dir="1" index="0" bw="1" slack="0"/>
</pin_list>
<bind>
<StgValue><ssdm name="p_anonymous_namespace_lineBuffer_magnitude_1"/><MemPortTyVec>2 1 </MemPortTyVec>
</StgValue>
</bind>
</comp>

<comp id="36" class="1000" name="p_anonymous_namespace_lineBuffer_direction_1">
<pin_list>
<pin id="37" dir="1" index="0" bw="1" slack="0"/>
</pin_list>
<bind>
<StgValue><ssdm name="p_anonymous_namespace_lineBuffer_direction_1"/><MemPortTyVec>2 1 </MemPortTyVec>
</StgValue>
</bind>
</comp>

<comp id="38" class="1000" name="p_anonymous_namespace_lineBuffer_magnitude_2">
<pin_list>
<pin id="39" dir="1" index="0" bw="1" slack="0"/>
</pin_list>
<bind>
<StgValue><ssdm name="p_anonymous_namespace_lineBuffer_magnitude_2"/><MemPortTyVec>2 1 </MemPortTyVec>
</StgValue>
</bind>
</comp>

<comp id="40" class="1000" name="p_anonymous_namespace_lineBuffer_direction_2">
<pin_list>
<pin id="41" dir="1" index="0" bw="1" slack="0"/>
</pin_list>
<bind>
<StgValue><ssdm name="p_anonymous_namespace_lineBuffer_direction_2"/><MemPortTyVec>2 1 </MemPortTyVec>
</StgValue>
</bind>
</comp>

<comp id="42" class="1000" name="p_anonymous_namespace_rowsReceived_1_s">
<pin_list>
<pin id="43" dir="1" index="0" bw="1" slack="0"/>
</pin_list>
<bind>
<StgValue><ssdm name="p_anonymous_namespace_rowsReceived_1_s"/></StgValue>
</bind>
</comp>

<comp id="44" class="1000" name="p_ZN12_GLOBAL_N_110lineBufferILi1EEE_0">
<pin_list>
<pin id="45" dir="1" index="0" bw="1" slack="0"/>
</pin_list>
<bind>
<StgValue><ssdm name="p_ZN12_GLOBAL_N_110lineBufferILi1EEE_0"/><MemPortTyVec>2 1 </MemPortTyVec>
</StgValue>
</bind>
</comp>

<comp id="46" class="1000" name="p_ZN12_GLOBAL_N_110lineBufferILi1EEE_1">
<pin_list>
<pin id="47" dir="1" index="0" bw="1" slack="0"/>
</pin_list>
<bind>
<StgValue><ssdm name="p_ZN12_GLOBAL_N_110lineBufferILi1EEE_1"/><MemPortTyVec>2 1 </MemPortTyVec>
</StgValue>
</bind>
</comp>

<comp id="48" class="1000" name="p_ZN12_GLOBAL_N_110lineBufferILi1EEE_2">
<pin_list>
<pin id="49" dir="1" index="0" bw="1" slack="0"/>
</pin_list>
<bind>
<StgValue><ssdm name="p_ZN12_GLOBAL_N_110lineBufferILi1EEE_2"/><MemPortTyVec>2 1 </MemPortTyVec>
</StgValue>
</bind>
</comp>

<comp id="50" class="1000" name="p_anonymous_namespace_rowsReceived_2_s">
<pin_list>
<pin id="51" dir="1" index="0" bw="1" slack="0"/>
</pin_list>
<bind>
<StgValue><ssdm name="p_anonymous_namespace_rowsReceived_2_s"/></StgValue>
</bind>
</comp>

<comp id="52" class="1000" name="p_ZN12_GLOBAL_N_110lineBufferILi2EEE_0">
<pin_list>
<pin id="53" dir="1" index="0" bw="1" slack="0"/>
</pin_list>
<bind>
<StgValue><ssdm name="p_ZN12_GLOBAL_N_110lineBufferILi2EEE_0"/><MemPortTyVec>2 1 </MemPortTyVec>
</StgValue>
</bind>
</comp>

<comp id="54" class="1000" name="p_ZN12_GLOBAL_N_110lineBufferILi2EEE_1">
<pin_list>
<pin id="55" dir="1" index="0" bw="1" slack="0"/>
</pin_list>
<bind>
<StgValue><ssdm name="p_ZN12_GLOBAL_N_110lineBufferILi2EEE_1"/><MemPortTyVec>2 1 </MemPortTyVec>
</StgValue>
</bind>
</comp>

<comp id="56" class="1000" name="p_ZN12_GLOBAL_N_110lineBufferILi2EEE_2">
<pin_list>
<pin id="57" dir="1" index="0" bw="1" slack="0"/>
</pin_list>
<bind>
<StgValue><ssdm name="p_ZN12_GLOBAL_N_110lineBufferILi2EEE_2"/><MemPortTyVec>2 1 </MemPortTyVec>
</StgValue>
</bind>
</comp>

<comp id="58" class="1000" name="p_anonymous_namespace_rowsReceived_3_s">
<pin_list>
<pin id="59" dir="1" index="0" bw="1" slack="0"/>
</pin_list>
<bind>
<StgValue><ssdm name="p_anonymous_namespace_rowsReceived_3_s"/></StgValue>
</bind>
</comp>

<comp id="60" class="1000" name="p_ZN12_GLOBAL_N_110lineBufferILi3EEE_0">
<pin_list>
<pin id="61" dir="1" index="0" bw="1" slack="0"/>
</pin_list>
<bind>
<StgValue><ssdm name="p_ZN12_GLOBAL_N_110lineBufferILi3EEE_0"/><MemPortTyVec>2 1 </MemPortTyVec>
</StgValue>
</bind>
</comp>

<comp id="62" class="1000" name="p_ZN12_GLOBAL_N_110lineBufferILi3EEE_1">
<pin_list>
<pin id="63" dir="1" index="0" bw="1" slack="0"/>
</pin_list>
<bind>
<StgValue><ssdm name="p_ZN12_GLOBAL_N_110lineBufferILi3EEE_1"/><MemPortTyVec>2 1 </MemPortTyVec>
</StgValue>
</bind>
</comp>

<comp id="64" class="1000" name="p_ZN12_GLOBAL_N_110lineBufferILi3EEE_2">
<pin_list>
<pin id="65" dir="1" index="0" bw="1" slack="0"/>
</pin_list>
<bind>
<StgValue><ssdm name="p_ZN12_GLOBAL_N_110lineBufferILi3EEE_2"/><MemPortTyVec>2 1 </MemPortTyVec>
</StgValue>
</bind>
</comp>

<comp id="66" class="1000" name="p_anonymous_namespace_rowsReceived_4_s">
<pin_list>
<pin id="67" dir="1" index="0" bw="1" slack="0"/>
</pin_list>
<bind>
<StgValue><ssdm name="p_anonymous_namespace_rowsReceived_4_s"/></StgValue>
</bind>
</comp>

<comp id="68" class="1000" name="p_ZN12_GLOBAL_N_110lineBufferILi4EEE_0">
<pin_list>
<pin id="69" dir="1" index="0" bw="1" slack="0"/>
</pin_list>
<bind>
<StgValue><ssdm name="p_ZN12_GLOBAL_N_110lineBufferILi4EEE_0"/><MemPortTyVec>2 1 </MemPortTyVec>
</StgValue>
</bind>
</comp>

<comp id="70" class="1000" name="p_ZN12_GLOBAL_N_110lineBufferILi4EEE_1">
<pin_list>
<pin id="71" dir="1" index="0" bw="1" slack="0"/>
</pin_list>
<bind>
<StgValue><ssdm name="p_ZN12_GLOBAL_N_110lineBufferILi4EEE_1"/><MemPortTyVec>2 1 </MemPortTyVec>
</StgValue>
</bind>
</comp>

<comp id="72" class="1000" name="p_ZN12_GLOBAL_N_110lineBufferILi4EEE_2">
<pin_list>
<pin id="73" dir="1" index="0" bw="1" slack="0"/>
</pin_list>
<bind>
<StgValue><ssdm name="p_ZN12_GLOBAL_N_110lineBufferILi4EEE_2"/><MemPortTyVec>2 1 </MemPortTyVec>
</StgValue>
</bind>
</comp>

<comp id="74" class="1000" name="rowsReceived">
<pin_list>
<pin id="75" dir="1" index="0" bw="1" slack="0"/>
</pin_list>
<bind>
<StgValue><ssdm name="rowsReceived"/></StgValue>
</bind>
</comp>

<comp id="76" class="1001" name="const_76">
<pin_list>
<pin id="77" dir="1" index="0" bw="1" slack="0"/>
</pin_list>
<bind>
<StgValue><ssdm name="_ssdm_op_Read.ap_auto.i10"/></StgValue>
</bind>
</comp>

<comp id="78" class="1001" name="const_78">
<pin_list>
<pin id="79" dir="1" index="0" bw="1" slack="0"/>
</pin_list>
<bind>
<StgValue><ssdm name=""/></StgValue>
</bind>
</comp>

<comp id="80" class="1001" name="const_80">
<pin_list>
<pin id="81" dir="1" index="0" bw="1" slack="0"/>
</pin_list>
<bind>
<StgValue><ssdm name="dataflow_in_loop_VITIS_LOOP_12_1.1_Block_newFuncRoot_proc"/></StgValue>
</bind>
</comp>

<comp id="82" class="1001" name="const_82">
<pin_list>
<pin id="83" dir="1" index="0" bw="1" slack="0"/>
</pin_list>
<bind>
<StgValue><ssdm name="_ssdm_op_Read.ap_auto.i64"/></StgValue>
</bind>
</comp>

<comp id="84" class="1001" name="const_84">
<pin_list>
<pin id="85" dir="1" index="0" bw="1" slack="0"/>
</pin_list>
<bind>
<StgValue><ssdm name="grayscale"/></StgValue>
</bind>
</comp>

<comp id="86" class="1001" name="const_86">
<pin_list>
<pin id="87" dir="1" index="0" bw="1" slack="0"/>
</pin_list>
<bind>
<StgValue><ssdm name="gaussian_blur"/></StgValue>
</bind>
</comp>

<comp id="88" class="1001" name="const_88">
<pin_list>
<pin id="89" dir="1" index="0" bw="1" slack="0"/>
</pin_list>
<bind>
<StgValue><ssdm name="sobel"/></StgValue>
</bind>
</comp>

<comp id="90" class="1001" name="const_90">
<pin_list>
<pin id="91" dir="1" index="0" bw="1" slack="0"/>
</pin_list>
<bind>
<StgValue><ssdm name="non_maximum_suppression"/></StgValue>
</bind>
</comp>

<comp id="92" class="1001" name="const_92">
<pin_list>
<pin id="93" dir="1" index="0" bw="1" slack="0"/>
</pin_list>
<bind>
<StgValue><ssdm name="double_threshold"/></StgValue>
</bind>
</comp>

<comp id="94" class="1001" name="const_94">
<pin_list>
<pin id="95" dir="1" index="0" bw="1" slack="0"/>
</pin_list>
<bind>
<StgValue><ssdm name="hysteresis<1>"/></StgValue>
</bind>
</comp>

<comp id="96" class="1001" name="const_96">
<pin_list>
<pin id="97" dir="1" index="0" bw="1" slack="0"/>
</pin_list>
<bind>
<StgValue><ssdm name="hysteresis<2>"/></StgValue>
</bind>
</comp>

<comp id="98" class="1001" name="const_98">
<pin_list>
<pin id="99" dir="1" index="0" bw="1" slack="0"/>
</pin_list>
<bind>
<StgValue><ssdm name="hysteresis<3>"/></StgValue>
</bind>
</comp>

<comp id="100" class="1001" name="const_100">
<pin_list>
<pin id="101" dir="1" index="0" bw="1" slack="0"/>
</pin_list>
<bind>
<StgValue><ssdm name="hysteresis<4>"/></StgValue>
</bind>
</comp>

<comp id="102" class="1001" name="const_102">
<pin_list>
<pin id="103" dir="1" index="0" bw="1" slack="0"/>
</pin_list>
<bind>
<StgValue><ssdm name="output_row"/></StgValue>
</bind>
</comp>

<comp id="104" class="1001" name="const_104">
<pin_list>
<pin id="105" dir="1" index="0" bw="1" slack="2147483647"/>
</pin_list>
<bind>
<StgValue><ssdm name="_ssdm_op_SpecStableContent"/></StgValue>
</bind>
</comp>

<comp id="106" class="1001" name="const_106">
<pin_list>
<pin id="107" dir="1" index="0" bw="1" slack="2147483647"/>
</pin_list>
<bind>
<StgValue><ssdm name=""/></StgValue>
</bind>
</comp>

<comp id="108" class="1001" name="const_108">
<pin_list>
<pin id="109" dir="1" index="0" bw="1" slack="2147483647"/>
</pin_list>
<bind>
<StgValue><ssdm name="p_str"/></StgValue>
</bind>
</comp>

<comp id="110" class="1001" name="const_110">
<pin_list>
<pin id="111" dir="1" index="0" bw="1" slack="2147483647"/>
</pin_list>
<bind>
<StgValue><ssdm name="_ssdm_op_SpecDataflowPipeline"/></StgValue>
</bind>
</comp>

<comp id="112" class="1001" name="const_112">
<pin_list>
<pin id="113" dir="1" index="0" bw="1" slack="2147483647"/>
</pin_list>
<bind>
<StgValue><ssdm name=""/></StgValue>
</bind>
</comp>

<comp id="114" class="1001" name="const_114">
<pin_list>
<pin id="115" dir="1" index="0" bw="1" slack="2147483647"/>
</pin_list>
<bind>
<StgValue><ssdm name=""/></StgValue>
</bind>
</comp>

<comp id="116" class="1001" name="const_116">
<pin_list>
<pin id="117" dir="1" index="0" bw="1" slack="2147483647"/>
</pin_list>
<bind>
<StgValue><ssdm name="empty_14"/></StgValue>
</bind>
</comp>

<comp id="118" class="1001" name="const_118">
<pin_list>
<pin id="119" dir="1" index="0" bw="1" slack="2147483647"/>
</pin_list>
<bind>
<StgValue><ssdm name="_ssdm_op_SpecInterface"/></StgValue>
</bind>
</comp>

<comp id="120" class="1001" name="const_120">
<pin_list>
<pin id="121" dir="1" index="0" bw="1" slack="2147483647"/>
</pin_list>
<bind>
<StgValue><ssdm name="empty_17"/></StgValue>
</bind>
</comp>

<comp id="122" class="1001" name="const_122">
<pin_list>
<pin id="123" dir="1" index="0" bw="1" slack="2147483647"/>
</pin_list>
<bind>
<StgValue><ssdm name=""/></StgValue>
</bind>
</comp>

<comp id="124" class="1001" name="const_124">
<pin_list>
<pin id="125" dir="1" index="0" bw="1" slack="2147483647"/>
</pin_list>
<bind>
<StgValue><ssdm name="empty_21"/></StgValue>
</bind>
</comp>

<comp id="126" class="1001" name="const_126">
<pin_list>
<pin id="127" dir="1" index="0" bw="1" slack="2147483647"/>
</pin_list>
<bind>
<StgValue><ssdm name="empty_13"/></StgValue>
</bind>
</comp>

<comp id="128" class="1001" name="const_128">
<pin_list>
<pin id="129" dir="1" index="0" bw="1" slack="2147483647"/>
</pin_list>
<bind>
<StgValue><ssdm name=""/></StgValue>
</bind>
</comp>

<comp id="130" class="1004" name="out_hysteresis4_alloca_fu_130">
<pin_list>
<pin id="131" dir="0" index="0" bw="1" slack="0"/>
<pin id="132" dir="1" index="1" bw="2" slack="2147483647"/>
</pin_list>
<bind>
<opcode="alloca(26) " fcode="alloca"/>
<opset="out_hysteresis4/1 "/>
</bind>
</comp>

<comp id="134" class="1004" name="out_hysteresis3_alloca_fu_134">
<pin_list>
<pin id="135" dir="0" index="0" bw="1" slack="0"/>
<pin id="136" dir="1" index="1" bw="8" slack="2147483647"/>
</pin_list>
<bind>
<opcode="alloca(26) " fcode="alloca"/>
<opset="out_hysteresis3/1 "/>
</bind>
</comp>

<comp id="138" class="1004" name="out_hysteresis2_alloca_fu_138">
<pin_list>
<pin id="139" dir="0" index="0" bw="1" slack="0"/>
<pin id="140" dir="1" index="1" bw="8" slack="2147483647"/>
</pin_list>
<bind>
<opcode="alloca(26) " fcode="alloca"/>
<opset="out_hysteresis2/1 "/>
</bind>
</comp>

<comp id="142" class="1004" name="out_hysteresis1_alloca_fu_142">
<pin_list>
<pin id="143" dir="0" index="0" bw="1" slack="0"/>
<pin id="144" dir="1" index="1" bw="8" slack="2147483647"/>
</pin_list>
<bind>
<opcode="alloca(26) " fcode="alloca"/>
<opset="out_hysteresis1/1 "/>
</bind>
</comp>

<comp id="146" class="1004" name="out_double_alloca_fu_146">
<pin_list>
<pin id="147" dir="0" index="0" bw="1" slack="0"/>
<pin id="148" dir="1" index="1" bw="8" slack="2147483647"/>
</pin_list>
<bind>
<opcode="alloca(26) " fcode="alloca"/>
<opset="out_double/1 "/>
</bind>
</comp>

<comp id="150" class="1004" name="out_nonmax_alloca_fu_150">
<pin_list>
<pin id="151" dir="0" index="0" bw="1" slack="0"/>
<pin id="152" dir="1" index="1" bw="11" slack="2147483647"/>
</pin_list>
<bind>
<opcode="alloca(26) " fcode="alloca"/>
<opset="out_nonmax/1 "/>
</bind>
</comp>

<comp id="154" class="1004" name="out_sobel_direction_alloca_fu_154">
<pin_list>
<pin id="155" dir="0" index="0" bw="1" slack="0"/>
<pin id="156" dir="1" index="1" bw="2" slack="2147483647"/>
</pin_list>
<bind>
<opcode="alloca(26) " fcode="alloca"/>
<opset="out_sobel_direction/1 "/>
</bind>
</comp>

<comp id="158" class="1004" name="out_sobel_magnitude_alloca_fu_158">
<pin_list>
<pin id="159" dir="0" index="0" bw="1" slack="0"/>
<pin id="160" dir="1" index="1" bw="11" slack="2147483647"/>
</pin_list>
<bind>
<opcode="alloca(26) " fcode="alloca"/>
<opset="out_sobel_magnitude/1 "/>
</bind>
</comp>

<comp id="162" class="1004" name="out_gaussian_alloca_fu_162">
<pin_list>
<pin id="163" dir="0" index="0" bw="1" slack="0"/>
<pin id="164" dir="1" index="1" bw="8" slack="2147483647"/>
</pin_list>
<bind>
<opcode="alloca(26) " fcode="alloca"/>
<opset="out_gaussian/1 "/>
</bind>
</comp>

<comp id="166" class="1004" name="out_grayscale_alloca_fu_166">
<pin_list>
<pin id="167" dir="0" index="0" bw="1" slack="0"/>
<pin id="168" dir="1" index="1" bw="8" slack="2147483647"/>
</pin_list>
<bind>
<opcode="alloca(26) " fcode="alloca"/>
<opset="out_grayscale/1 "/>
</bind>
</comp>

<comp id="170" class="1004" name="i_0_read_read_fu_170">
<pin_list>
<pin id="171" dir="0" index="0" bw="10" slack="0"/>
<pin id="172" dir="0" index="1" bw="10" slack="0"/>
<pin id="173" dir="1" index="2" bw="10" slack="0"/>
</pin_list>
<bind>
<opcode="read(1150) " fcode="read"/>
<opset="i_0_read/1 "/>
</bind>
</comp>

<comp id="176" class="1004" name="in_read_read_fu_176">
<pin_list>
<pin id="177" dir="0" index="0" bw="64" slack="0"/>
<pin id="178" dir="0" index="1" bw="64" slack="0"/>
<pin id="179" dir="1" index="2" bw="64" slack="0"/>
</pin_list>
<bind>
<opcode="read(1150) " fcode="read"/>
<opset="in_read/2 "/>
</bind>
</comp>

<comp id="182" class="1004" name="out_read_read_fu_182">
<pin_list>
<pin id="183" dir="0" index="0" bw="64" slack="0"/>
<pin id="184" dir="0" index="1" bw="64" slack="0"/>
<pin id="185" dir="1" index="2" bw="64" slack="0"/>
</pin_list>
<bind>
<opcode="read(1150) " fcode="read"/>
<opset="out_read/20 "/>
</bind>
</comp>

<comp id="188" class="1004" name="cond_loc_channel_dataflow_in_loop_VITIS_LOOP_12_1_1_Block_newFuncRoot_proc_fu_188">
<pin_list>
<pin id="189" dir="0" index="0" bw="18" slack="0"/>
<pin id="190" dir="0" index="1" bw="10" slack="0"/>
<pin id="191" dir="1" index="2" bw="18" slack="1"/>
</pin_list>
<bind>
<opcode="call(48) " fcode="call"/>
<opset="cond_loc_channel/1 "/>
</bind>
</comp>

<comp id="194" class="1004" name="grp_grayscale_fu_194">
<pin_list>
<pin id="195" dir="0" index="0" bw="0" slack="0"/>
<pin id="196" dir="0" index="1" bw="18" slack="1"/>
<pin id="197" dir="0" index="2" bw="512" slack="0"/>
<pin id="198" dir="0" index="3" bw="64" slack="0"/>
<pin id="199" dir="0" index="4" bw="8" slack="2147483647"/>
<pin id="200" dir="1" index="5" bw="0" slack="2147483647"/>
</pin_list>
<bind>
<opcode="call(48) " fcode="call"/>
<opset="call_ln28/2 "/>
</bind>
</comp>

<comp id="204" class="1004" name="grp_gaussian_blur_fu_204">
<pin_list>
<pin id="205" dir="0" index="0" bw="1" slack="0"/>
<pin id="206" dir="0" index="1" bw="8" slack="2147483647"/>
<pin id="207" dir="0" index="2" bw="8" slack="2147483647"/>
<pin id="208" dir="0" index="3" bw="32" slack="0"/>
<pin id="209" dir="0" index="4" bw="12" slack="0"/>
<pin id="210" dir="0" index="5" bw="12" slack="0"/>
<pin id="211" dir="0" index="6" bw="12" slack="0"/>
<pin id="212" dir="0" index="7" bw="12" slack="0"/>
<pin id="213" dir="0" index="8" bw="12" slack="0"/>
<pin id="214" dir="1" index="9" bw="1" slack="1"/>
</pin_list>
<bind>
<opcode="call(48) " fcode="call"/>
<opset="gaussian_valid/4 "/>
</bind>
</comp>

<comp id="222" class="1004" name="grp_sobel_fu_222">
<pin_list>
<pin id="223" dir="0" index="0" bw="1" slack="0"/>
<pin id="224" dir="0" index="1" bw="1" slack="1"/>
<pin id="225" dir="0" index="2" bw="8" slack="2147483647"/>
<pin id="226" dir="0" index="3" bw="11" slack="2147483647"/>
<pin id="227" dir="0" index="4" bw="2" slack="2147483647"/>
<pin id="228" dir="0" index="5" bw="32" slack="0"/>
<pin id="229" dir="0" index="6" bw="8" slack="0"/>
<pin id="230" dir="0" index="7" bw="8" slack="0"/>
<pin id="231" dir="0" index="8" bw="8" slack="0"/>
<pin id="232" dir="1" index="9" bw="1" slack="1"/>
</pin_list>
<bind>
<opcode="call(48) " fcode="call"/>
<opset="sobel_valid/6 "/>
</bind>
</comp>

<comp id="238" class="1004" name="grp_non_maximum_suppression_fu_238">
<pin_list>
<pin id="239" dir="0" index="0" bw="1" slack="0"/>
<pin id="240" dir="0" index="1" bw="1" slack="1"/>
<pin id="241" dir="0" index="2" bw="11" slack="2147483647"/>
<pin id="242" dir="0" index="3" bw="2" slack="2147483647"/>
<pin id="243" dir="0" index="4" bw="11" slack="2147483647"/>
<pin id="244" dir="0" index="5" bw="32" slack="0"/>
<pin id="245" dir="0" index="6" bw="11" slack="0"/>
<pin id="246" dir="0" index="7" bw="2" slack="0"/>
<pin id="247" dir="0" index="8" bw="11" slack="0"/>
<pin id="248" dir="0" index="9" bw="2" slack="0"/>
<pin id="249" dir="0" index="10" bw="11" slack="0"/>
<pin id="250" dir="0" index="11" bw="2" slack="0"/>
<pin id="251" dir="1" index="12" bw="1" slack="1"/>
</pin_list>
<bind>
<opcode="call(48) " fcode="call"/>
<opset="nonmax_valid/8 "/>
</bind>
</comp>

<comp id="260" class="1004" name="grp_double_threshold_fu_260">
<pin_list>
<pin id="261" dir="0" index="0" bw="1" slack="0"/>
<pin id="262" dir="0" index="1" bw="1" slack="1"/>
<pin id="263" dir="0" index="2" bw="11" slack="2147483647"/>
<pin id="264" dir="0" index="3" bw="8" slack="2147483647"/>
<pin id="265" dir="1" index="4" bw="1" slack="1"/>
</pin_list>
<bind>
<opcode="call(48) " fcode="call"/>
<opset="double_valid/10 "/>
</bind>
</comp>

<comp id="267" class="1004" name="grp_hysteresis_1_s_fu_267">
<pin_list>
<pin id="268" dir="0" index="0" bw="1" slack="0"/>
<pin id="269" dir="0" index="1" bw="1" slack="1"/>
<pin id="270" dir="0" index="2" bw="8" slack="2147483647"/>
<pin id="271" dir="0" index="3" bw="8" slack="2147483647"/>
<pin id="272" dir="0" index="4" bw="32" slack="0"/>
<pin id="273" dir="0" index="5" bw="8" slack="0"/>
<pin id="274" dir="0" index="6" bw="8" slack="0"/>
<pin id="275" dir="0" index="7" bw="8" slack="0"/>
<pin id="276" dir="1" index="8" bw="1" slack="1"/>
</pin_list>
<bind>
<opcode="call(48) " fcode="call"/>
<opset="hysteresis1_valid/12 "/>
</bind>
</comp>

<comp id="282" class="1004" name="grp_hysteresis_2_s_fu_282">
<pin_list>
<pin id="283" dir="0" index="0" bw="1" slack="0"/>
<pin id="284" dir="0" index="1" bw="1" slack="1"/>
<pin id="285" dir="0" index="2" bw="8" slack="2147483647"/>
<pin id="286" dir="0" index="3" bw="8" slack="2147483647"/>
<pin id="287" dir="0" index="4" bw="32" slack="0"/>
<pin id="288" dir="0" index="5" bw="8" slack="0"/>
<pin id="289" dir="0" index="6" bw="8" slack="0"/>
<pin id="290" dir="0" index="7" bw="8" slack="0"/>
<pin id="291" dir="1" index="8" bw="1" slack="1"/>
</pin_list>
<bind>
<opcode="call(48) " fcode="call"/>
<opset="hysteresis2_valid/14 "/>
</bind>
</comp>

<comp id="297" class="1004" name="grp_hysteresis_3_s_fu_297">
<pin_list>
<pin id="298" dir="0" index="0" bw="1" slack="0"/>
<pin id="299" dir="0" index="1" bw="1" slack="1"/>
<pin id="300" dir="0" index="2" bw="8" slack="2147483647"/>
<pin id="301" dir="0" index="3" bw="8" slack="2147483647"/>
<pin id="302" dir="0" index="4" bw="32" slack="0"/>
<pin id="303" dir="0" index="5" bw="8" slack="0"/>
<pin id="304" dir="0" index="6" bw="8" slack="0"/>
<pin id="305" dir="0" index="7" bw="8" slack="0"/>
<pin id="306" dir="1" index="8" bw="1" slack="1"/>
</pin_list>
<bind>
<opcode="call(48) " fcode="call"/>
<opset="hysteresis3_valid/16 "/>
</bind>
</comp>

<comp id="312" class="1004" name="grp_hysteresis_4_s_fu_312">
<pin_list>
<pin id="313" dir="0" index="0" bw="1" slack="0"/>
<pin id="314" dir="0" index="1" bw="1" slack="1"/>
<pin id="315" dir="0" index="2" bw="8" slack="2147483647"/>
<pin id="316" dir="0" index="3" bw="2" slack="2147483647"/>
<pin id="317" dir="0" index="4" bw="32" slack="0"/>
<pin id="318" dir="0" index="5" bw="8" slack="0"/>
<pin id="319" dir="0" index="6" bw="8" slack="0"/>
<pin id="320" dir="0" index="7" bw="8" slack="0"/>
<pin id="321" dir="1" index="8" bw="1" slack="1"/>
</pin_list>
<bind>
<opcode="call(48) " fcode="call"/>
<opset="hysteresis4_valid/18 "/>
</bind>
</comp>

<comp id="327" class="1004" name="grp_output_row_fu_327">
<pin_list>
<pin id="328" dir="0" index="0" bw="0" slack="0"/>
<pin id="329" dir="0" index="1" bw="1" slack="1"/>
<pin id="330" dir="0" index="2" bw="2" slack="2147483647"/>
<pin id="331" dir="0" index="3" bw="512" slack="0"/>
<pin id="332" dir="0" index="4" bw="64" slack="0"/>
<pin id="333" dir="0" index="5" bw="32" slack="0"/>
<pin id="334" dir="1" index="6" bw="0" slack="2147483647"/>
</pin_list>
<bind>
<opcode="call(48) " fcode="call"/>
<opset="call_ln38/20 "/>
</bind>
</comp>

<comp id="339" class="1005" name="cond_loc_channel_reg_339">
<pin_list>
<pin id="340" dir="0" index="0" bw="18" slack="1"/>
<pin id="341" dir="1" index="1" bw="18" slack="1"/>
</pin_list>
<bind>
<opset="cond_loc_channel "/>
</bind>
</comp>

<comp id="344" class="1005" name="in_read_reg_344">
<pin_list>
<pin id="345" dir="0" index="0" bw="64" slack="1"/>
<pin id="346" dir="1" index="1" bw="64" slack="1"/>
</pin_list>
<bind>
<opset="in_read "/>
</bind>
</comp>

<comp id="349" class="1005" name="gaussian_valid_reg_349">
<pin_list>
<pin id="350" dir="0" index="0" bw="1" slack="1"/>
<pin id="351" dir="1" index="1" bw="1" slack="1"/>
</pin_list>
<bind>
<opset="gaussian_valid "/>
</bind>
</comp>

<comp id="354" class="1005" name="sobel_valid_reg_354">
<pin_list>
<pin id="355" dir="0" index="0" bw="1" slack="1"/>
<pin id="356" dir="1" index="1" bw="1" slack="1"/>
</pin_list>
<bind>
<opset="sobel_valid "/>
</bind>
</comp>

<comp id="359" class="1005" name="nonmax_valid_reg_359">
<pin_list>
<pin id="360" dir="0" index="0" bw="1" slack="1"/>
<pin id="361" dir="1" index="1" bw="1" slack="1"/>
</pin_list>
<bind>
<opset="nonmax_valid "/>
</bind>
</comp>

<comp id="364" class="1005" name="double_valid_reg_364">
<pin_list>
<pin id="365" dir="0" index="0" bw="1" slack="1"/>
<pin id="366" dir="1" index="1" bw="1" slack="1"/>
</pin_list>
<bind>
<opset="double_valid "/>
</bind>
</comp>

<comp id="369" class="1005" name="hysteresis1_valid_reg_369">
<pin_list>
<pin id="370" dir="0" index="0" bw="1" slack="1"/>
<pin id="371" dir="1" index="1" bw="1" slack="1"/>
</pin_list>
<bind>
<opset="hysteresis1_valid "/>
</bind>
</comp>

<comp id="374" class="1005" name="hysteresis2_valid_reg_374">
<pin_list>
<pin id="375" dir="0" index="0" bw="1" slack="1"/>
<pin id="376" dir="1" index="1" bw="1" slack="1"/>
</pin_list>
<bind>
<opset="hysteresis2_valid "/>
</bind>
</comp>

<comp id="379" class="1005" name="hysteresis3_valid_reg_379">
<pin_list>
<pin id="380" dir="0" index="0" bw="1" slack="1"/>
<pin id="381" dir="1" index="1" bw="1" slack="1"/>
</pin_list>
<bind>
<opset="hysteresis3_valid "/>
</bind>
</comp>

<comp id="384" class="1005" name="hysteresis4_valid_reg_384">
<pin_list>
<pin id="385" dir="0" index="0" bw="1" slack="1"/>
<pin id="386" dir="1" index="1" bw="1" slack="1"/>
</pin_list>
<bind>
<opset="hysteresis4_valid "/>
</bind>
</comp>

<comp id="389" class="1005" name="out_read_reg_389">
<pin_list>
<pin id="390" dir="0" index="0" bw="64" slack="1"/>
<pin id="391" dir="1" index="1" bw="64" slack="1"/>
</pin_list>
<bind>
<opset="out_read "/>
</bind>
</comp>

</comp_list>

<net_list>
<net id="133"><net_src comp="78" pin="0"/><net_sink comp="130" pin=0"/></net>

<net id="137"><net_src comp="78" pin="0"/><net_sink comp="134" pin=0"/></net>

<net id="141"><net_src comp="78" pin="0"/><net_sink comp="138" pin=0"/></net>

<net id="145"><net_src comp="78" pin="0"/><net_sink comp="142" pin=0"/></net>

<net id="149"><net_src comp="78" pin="0"/><net_sink comp="146" pin=0"/></net>

<net id="153"><net_src comp="78" pin="0"/><net_sink comp="150" pin=0"/></net>

<net id="157"><net_src comp="78" pin="0"/><net_sink comp="154" pin=0"/></net>

<net id="161"><net_src comp="78" pin="0"/><net_sink comp="158" pin=0"/></net>

<net id="165"><net_src comp="78" pin="0"/><net_sink comp="162" pin=0"/></net>

<net id="169"><net_src comp="78" pin="0"/><net_sink comp="166" pin=0"/></net>

<net id="174"><net_src comp="76" pin="0"/><net_sink comp="170" pin=0"/></net>

<net id="175"><net_src comp="0" pin="0"/><net_sink comp="170" pin=1"/></net>

<net id="180"><net_src comp="82" pin="0"/><net_sink comp="176" pin=0"/></net>

<net id="181"><net_src comp="4" pin="0"/><net_sink comp="176" pin=1"/></net>

<net id="186"><net_src comp="82" pin="0"/><net_sink comp="182" pin=0"/></net>

<net id="187"><net_src comp="6" pin="0"/><net_sink comp="182" pin=1"/></net>

<net id="192"><net_src comp="80" pin="0"/><net_sink comp="188" pin=0"/></net>

<net id="193"><net_src comp="170" pin="2"/><net_sink comp="188" pin=1"/></net>

<net id="201"><net_src comp="84" pin="0"/><net_sink comp="194" pin=0"/></net>

<net id="202"><net_src comp="2" pin="0"/><net_sink comp="194" pin=2"/></net>

<net id="203"><net_src comp="176" pin="2"/><net_sink comp="194" pin=3"/></net>

<net id="215"><net_src comp="86" pin="0"/><net_sink comp="204" pin=0"/></net>

<net id="216"><net_src comp="8" pin="0"/><net_sink comp="204" pin=3"/></net>

<net id="217"><net_src comp="10" pin="0"/><net_sink comp="204" pin=4"/></net>

<net id="218"><net_src comp="12" pin="0"/><net_sink comp="204" pin=5"/></net>

<net id="219"><net_src comp="14" pin="0"/><net_sink comp="204" pin=6"/></net>

<net id="220"><net_src comp="16" pin="0"/><net_sink comp="204" pin=7"/></net>

<net id="221"><net_src comp="18" pin="0"/><net_sink comp="204" pin=8"/></net>

<net id="233"><net_src comp="88" pin="0"/><net_sink comp="222" pin=0"/></net>

<net id="234"><net_src comp="20" pin="0"/><net_sink comp="222" pin=5"/></net>

<net id="235"><net_src comp="22" pin="0"/><net_sink comp="222" pin=6"/></net>

<net id="236"><net_src comp="24" pin="0"/><net_sink comp="222" pin=7"/></net>

<net id="237"><net_src comp="26" pin="0"/><net_sink comp="222" pin=8"/></net>

<net id="252"><net_src comp="90" pin="0"/><net_sink comp="238" pin=0"/></net>

<net id="253"><net_src comp="28" pin="0"/><net_sink comp="238" pin=5"/></net>

<net id="254"><net_src comp="30" pin="0"/><net_sink comp="238" pin=6"/></net>

<net id="255"><net_src comp="32" pin="0"/><net_sink comp="238" pin=7"/></net>

<net id="256"><net_src comp="34" pin="0"/><net_sink comp="238" pin=8"/></net>

<net id="257"><net_src comp="36" pin="0"/><net_sink comp="238" pin=9"/></net>

<net id="258"><net_src comp="38" pin="0"/><net_sink comp="238" pin=10"/></net>

<net id="259"><net_src comp="40" pin="0"/><net_sink comp="238" pin=11"/></net>

<net id="266"><net_src comp="92" pin="0"/><net_sink comp="260" pin=0"/></net>

<net id="277"><net_src comp="94" pin="0"/><net_sink comp="267" pin=0"/></net>

<net id="278"><net_src comp="42" pin="0"/><net_sink comp="267" pin=4"/></net>

<net id="279"><net_src comp="44" pin="0"/><net_sink comp="267" pin=5"/></net>

<net id="280"><net_src comp="46" pin="0"/><net_sink comp="267" pin=6"/></net>

<net id="281"><net_src comp="48" pin="0"/><net_sink comp="267" pin=7"/></net>

<net id="292"><net_src comp="96" pin="0"/><net_sink comp="282" pin=0"/></net>

<net id="293"><net_src comp="50" pin="0"/><net_sink comp="282" pin=4"/></net>

<net id="294"><net_src comp="52" pin="0"/><net_sink comp="282" pin=5"/></net>

<net id="295"><net_src comp="54" pin="0"/><net_sink comp="282" pin=6"/></net>

<net id="296"><net_src comp="56" pin="0"/><net_sink comp="282" pin=7"/></net>

<net id="307"><net_src comp="98" pin="0"/><net_sink comp="297" pin=0"/></net>

<net id="308"><net_src comp="58" pin="0"/><net_sink comp="297" pin=4"/></net>

<net id="309"><net_src comp="60" pin="0"/><net_sink comp="297" pin=5"/></net>

<net id="310"><net_src comp="62" pin="0"/><net_sink comp="297" pin=6"/></net>

<net id="311"><net_src comp="64" pin="0"/><net_sink comp="297" pin=7"/></net>

<net id="322"><net_src comp="100" pin="0"/><net_sink comp="312" pin=0"/></net>

<net id="323"><net_src comp="66" pin="0"/><net_sink comp="312" pin=4"/></net>

<net id="324"><net_src comp="68" pin="0"/><net_sink comp="312" pin=5"/></net>

<net id="325"><net_src comp="70" pin="0"/><net_sink comp="312" pin=6"/></net>

<net id="326"><net_src comp="72" pin="0"/><net_sink comp="312" pin=7"/></net>

<net id="335"><net_src comp="102" pin="0"/><net_sink comp="327" pin=0"/></net>

<net id="336"><net_src comp="2" pin="0"/><net_sink comp="327" pin=3"/></net>

<net id="337"><net_src comp="182" pin="2"/><net_sink comp="327" pin=4"/></net>

<net id="338"><net_src comp="74" pin="0"/><net_sink comp="327" pin=5"/></net>

<net id="342"><net_src comp="188" pin="2"/><net_sink comp="339" pin=0"/></net>

<net id="343"><net_src comp="339" pin="1"/><net_sink comp="194" pin=1"/></net>

<net id="347"><net_src comp="176" pin="2"/><net_sink comp="344" pin=0"/></net>

<net id="348"><net_src comp="344" pin="1"/><net_sink comp="194" pin=3"/></net>

<net id="352"><net_src comp="204" pin="9"/><net_sink comp="349" pin=0"/></net>

<net id="353"><net_src comp="349" pin="1"/><net_sink comp="222" pin=1"/></net>

<net id="357"><net_src comp="222" pin="9"/><net_sink comp="354" pin=0"/></net>

<net id="358"><net_src comp="354" pin="1"/><net_sink comp="238" pin=1"/></net>

<net id="362"><net_src comp="238" pin="12"/><net_sink comp="359" pin=0"/></net>

<net id="363"><net_src comp="359" pin="1"/><net_sink comp="260" pin=1"/></net>

<net id="367"><net_src comp="260" pin="4"/><net_sink comp="364" pin=0"/></net>

<net id="368"><net_src comp="364" pin="1"/><net_sink comp="267" pin=1"/></net>

<net id="372"><net_src comp="267" pin="8"/><net_sink comp="369" pin=0"/></net>

<net id="373"><net_src comp="369" pin="1"/><net_sink comp="282" pin=1"/></net>

<net id="377"><net_src comp="282" pin="8"/><net_sink comp="374" pin=0"/></net>

<net id="378"><net_src comp="374" pin="1"/><net_sink comp="297" pin=1"/></net>

<net id="382"><net_src comp="297" pin="8"/><net_sink comp="379" pin=0"/></net>

<net id="383"><net_src comp="379" pin="1"/><net_sink comp="312" pin=1"/></net>

<net id="387"><net_src comp="312" pin="8"/><net_sink comp="384" pin=0"/></net>

<net id="388"><net_src comp="384" pin="1"/><net_sink comp="327" pin=1"/></net>

<net id="392"><net_src comp="182" pin="2"/><net_sink comp="389" pin=0"/></net>

<net id="393"><net_src comp="389" pin="1"/><net_sink comp="327" pin=4"/></net>

</net_list>

</model> 
---------------- Datapath Model END ------------------

* FSMD analyzer results:
  - Output states:
	Port: gmem | {20 21 }
	Port: p_anonymous_namespace_rowsReceived_1 | {4 5 }
	Port: p_anonymous_namespace_lineBuffer_39_0 | {4 5 }
	Port: p_anonymous_namespace_lineBuffer_39_1 | {4 5 }
	Port: p_anonymous_namespace_lineBuffer_39_2 | {4 5 }
	Port: p_anonymous_namespace_lineBuffer_39_3 | {4 5 }
	Port: p_anonymous_namespace_lineBuffer_39_4 | {4 5 }
	Port: p_anonymous_namespace_rowsReceived_2 | {6 7 }
	Port: p_anonymous_namespace_lineBuffer_32_0 | {6 7 }
	Port: p_anonymous_namespace_lineBuffer_32_1 | {6 7 }
	Port: p_anonymous_namespace_lineBuffer_32_2 | {6 7 }
	Port: p_anonymous_namespace_rowsReceived | {8 9 }
	Port: p_anonymous_namespace_lineBuffer_magnitude_0 | {8 9 }
	Port: p_anonymous_namespace_lineBuffer_direction_0 | {8 9 }
	Port: p_anonymous_namespace_lineBuffer_magnitude_1 | {8 9 }
	Port: p_anonymous_namespace_lineBuffer_direction_1 | {8 9 }
	Port: p_anonymous_namespace_lineBuffer_magnitude_2 | {8 9 }
	Port: p_anonymous_namespace_lineBuffer_direction_2 | {8 9 }
	Port: p_anonymous_namespace_rowsReceived_1_s | {12 13 }
	Port: p_ZN12_GLOBAL_N_110lineBufferILi1EEE_0 | {12 13 }
	Port: p_ZN12_GLOBAL_N_110lineBufferILi1EEE_1 | {12 13 }
	Port: p_ZN12_GLOBAL_N_110lineBufferILi1EEE_2 | {12 13 }
	Port: p_anonymous_namespace_rowsReceived_2_s | {14 15 }
	Port: p_ZN12_GLOBAL_N_110lineBufferILi2EEE_0 | {14 15 }
	Port: p_ZN12_GLOBAL_N_110lineBufferILi2EEE_1 | {14 15 }
	Port: p_ZN12_GLOBAL_N_110lineBufferILi2EEE_2 | {14 15 }
	Port: p_anonymous_namespace_rowsReceived_3_s | {16 17 }
	Port: p_ZN12_GLOBAL_N_110lineBufferILi3EEE_0 | {16 17 }
	Port: p_ZN12_GLOBAL_N_110lineBufferILi3EEE_1 | {16 17 }
	Port: p_ZN12_GLOBAL_N_110lineBufferILi3EEE_2 | {16 17 }
	Port: p_anonymous_namespace_rowsReceived_4_s | {18 19 }
	Port: p_ZN12_GLOBAL_N_110lineBufferILi4EEE_0 | {18 19 }
	Port: p_ZN12_GLOBAL_N_110lineBufferILi4EEE_1 | {18 19 }
	Port: p_ZN12_GLOBAL_N_110lineBufferILi4EEE_2 | {18 19 }
	Port: rowsReceived | {20 21 }
 - Input state : 
	Port: dataflow_in_loop_VITIS_LOOP_12_1.1 : i_0 | {1 }
	Port: dataflow_in_loop_VITIS_LOOP_12_1.1 : gmem | {2 3 }
	Port: dataflow_in_loop_VITIS_LOOP_12_1.1 : in_r | {2 }
	Port: dataflow_in_loop_VITIS_LOOP_12_1.1 : out_r | {20 }
	Port: dataflow_in_loop_VITIS_LOOP_12_1.1 : p_anonymous_namespace_rowsReceived_1 | {4 5 }
	Port: dataflow_in_loop_VITIS_LOOP_12_1.1 : p_anonymous_namespace_lineBuffer_39_0 | {4 5 }
	Port: dataflow_in_loop_VITIS_LOOP_12_1.1 : p_anonymous_namespace_lineBuffer_39_1 | {4 5 }
	Port: dataflow_in_loop_VITIS_LOOP_12_1.1 : p_anonymous_namespace_lineBuffer_39_2 | {4 5 }
	Port: dataflow_in_loop_VITIS_LOOP_12_1.1 : p_anonymous_namespace_lineBuffer_39_3 | {4 5 }
	Port: dataflow_in_loop_VITIS_LOOP_12_1.1 : p_anonymous_namespace_lineBuffer_39_4 | {4 5 }
	Port: dataflow_in_loop_VITIS_LOOP_12_1.1 : p_anonymous_namespace_rowsReceived_2 | {6 7 }
	Port: dataflow_in_loop_VITIS_LOOP_12_1.1 : p_anonymous_namespace_lineBuffer_32_0 | {6 7 }
	Port: dataflow_in_loop_VITIS_LOOP_12_1.1 : p_anonymous_namespace_lineBuffer_32_1 | {6 7 }
	Port: dataflow_in_loop_VITIS_LOOP_12_1.1 : p_anonymous_namespace_lineBuffer_32_2 | {6 7 }
	Port: dataflow_in_loop_VITIS_LOOP_12_1.1 : p_anonymous_namespace_rowsReceived | {8 9 }
	Port: dataflow_in_loop_VITIS_LOOP_12_1.1 : p_anonymous_namespace_lineBuffer_magnitude_0 | {8 9 }
	Port: dataflow_in_loop_VITIS_LOOP_12_1.1 : p_anonymous_namespace_lineBuffer_direction_0 | {8 9 }
	Port: dataflow_in_loop_VITIS_LOOP_12_1.1 : p_anonymous_namespace_lineBuffer_magnitude_1 | {8 9 }
	Port: dataflow_in_loop_VITIS_LOOP_12_1.1 : p_anonymous_namespace_lineBuffer_direction_1 | {8 9 }
	Port: dataflow_in_loop_VITIS_LOOP_12_1.1 : p_anonymous_namespace_lineBuffer_magnitude_2 | {8 9 }
	Port: dataflow_in_loop_VITIS_LOOP_12_1.1 : p_anonymous_namespace_lineBuffer_direction_2 | {8 9 }
	Port: dataflow_in_loop_VITIS_LOOP_12_1.1 : p_anonymous_namespace_rowsReceived_1_s | {12 13 }
	Port: dataflow_in_loop_VITIS_LOOP_12_1.1 : p_ZN12_GLOBAL_N_110lineBufferILi1EEE_0 | {12 13 }
	Port: dataflow_in_loop_VITIS_LOOP_12_1.1 : p_ZN12_GLOBAL_N_110lineBufferILi1EEE_1 | {12 13 }
	Port: dataflow_in_loop_VITIS_LOOP_12_1.1 : p_ZN12_GLOBAL_N_110lineBufferILi1EEE_2 | {12 13 }
	Port: dataflow_in_loop_VITIS_LOOP_12_1.1 : p_anonymous_namespace_rowsReceived_2_s | {14 15 }
	Port: dataflow_in_loop_VITIS_LOOP_12_1.1 : p_ZN12_GLOBAL_N_110lineBufferILi2EEE_0 | {14 15 }
	Port: dataflow_in_loop_VITIS_LOOP_12_1.1 : p_ZN12_GLOBAL_N_110lineBufferILi2EEE_1 | {14 15 }
	Port: dataflow_in_loop_VITIS_LOOP_12_1.1 : p_ZN12_GLOBAL_N_110lineBufferILi2EEE_2 | {14 15 }
	Port: dataflow_in_loop_VITIS_LOOP_12_1.1 : p_anonymous_namespace_rowsReceived_3_s | {16 17 }
	Port: dataflow_in_loop_VITIS_LOOP_12_1.1 : p_ZN12_GLOBAL_N_110lineBufferILi3EEE_0 | {16 17 }
	Port: dataflow_in_loop_VITIS_LOOP_12_1.1 : p_ZN12_GLOBAL_N_110lineBufferILi3EEE_1 | {16 17 }
	Port: dataflow_in_loop_VITIS_LOOP_12_1.1 : p_ZN12_GLOBAL_N_110lineBufferILi3EEE_2 | {16 17 }
	Port: dataflow_in_loop_VITIS_LOOP_12_1.1 : p_anonymous_namespace_rowsReceived_4_s | {18 19 }
	Port: dataflow_in_loop_VITIS_LOOP_12_1.1 : p_ZN12_GLOBAL_N_110lineBufferILi4EEE_0 | {18 19 }
	Port: dataflow_in_loop_VITIS_LOOP_12_1.1 : p_ZN12_GLOBAL_N_110lineBufferILi4EEE_1 | {18 19 }
	Port: dataflow_in_loop_VITIS_LOOP_12_1.1 : p_ZN12_GLOBAL_N_110lineBufferILi4EEE_2 | {18 19 }
	Port: dataflow_in_loop_VITIS_LOOP_12_1.1 : rowsReceived | {20 21 }
  - Chain level:
	State 1
	State 2
	State 3
	State 4
	State 5
	State 6
	State 7
	State 8
	State 9
	State 10
	State 11
	State 12
	State 13
	State 14
	State 15
	State 16
	State 17
	State 18
	State 19
	State 20
	State 21


============================================================
+ Verbose Summary: Datapath Resource usage 
============================================================

* Functional unit list:
|----------|-----------------------------------------------------------------------------------|---------|---------|---------|---------|
| Operation|                                  Functional Unit                                  |   DSP   |  Delay  |    FF   |   LUT   |
|----------|-----------------------------------------------------------------------------------|---------|---------|---------|---------|
|          | cond_loc_channel_dataflow_in_loop_VITIS_LOOP_12_1_1_Block_newFuncRoot_proc_fu_188 |    0    |    0    |    0    |    17   |
|          |                                grp_grayscale_fu_194                               |    2    |  2.478  |   2500  |   7032  |
|          |                              grp_gaussian_blur_fu_204                             |    0    |  6.503  |   2877  |   3036  |
|          |                                  grp_sobel_fu_222                                 |    2    |  6.832  |   1685  |   1716  |
|          |                         grp_non_maximum_suppression_fu_238                        |    0    |  9.394  |   1799  |   1547  |
|   call   |                            grp_double_threshold_fu_260                            |    0    |  0.427  |    88   |    95   |
|          |                             grp_hysteresis_1_s_fu_267                             |    0    |  7.833  |   1629  |   1490  |
|          |                             grp_hysteresis_2_s_fu_282                             |    0    |  7.833  |   1629  |   1490  |
|          |                             grp_hysteresis_3_s_fu_297                             |    0    |  7.833  |   1629  |   1490  |
|          |                             grp_hysteresis_4_s_fu_312                             |    0    |  7.784  |   1629  |   1490  |
|          |                               grp_output_row_fu_327                               |    0    |  0.427  |   1660  |   696   |
|----------|-----------------------------------------------------------------------------------|---------|---------|---------|---------|
|          |                                i_0_read_read_fu_170                               |    0    |    0    |    0    |    0    |
|   read   |                                in_read_read_fu_176                                |    0    |    0    |    0    |    0    |
|          |                                out_read_read_fu_182                               |    0    |    0    |    0    |    0    |
|----------|-----------------------------------------------------------------------------------|---------|---------|---------|---------|
|   Total  |                                                                                   |    4    |  57.344 |  17125  |  20099  |
|----------|-----------------------------------------------------------------------------------|---------|---------|---------|---------|

Memories:
+-------------------+--------+--------+--------+--------+
|                   |  BRAM  |   FF   |   LUT  |  URAM  |
+-------------------+--------+--------+--------+--------+
|     out_double    |    1   |    0   |    0   |    0   |
|    out_gaussian   |    1   |    0   |    0   |    0   |
|   out_grayscale   |    2   |    0   |    0   |    0   |
|  out_hysteresis1  |    1   |    0   |    0   |    0   |
|  out_hysteresis2  |    1   |    0   |    0   |    0   |
|  out_hysteresis3  |    1   |    0   |    0   |    0   |
|  out_hysteresis4  |    1   |    0   |    0   |    0   |
|     out_nonmax    |    1   |    0   |    0   |    0   |
|out_sobel_direction|    1   |    0   |    0   |    0   |
|out_sobel_magnitude|    1   |    0   |    0   |    0   |
+-------------------+--------+--------+--------+--------+
|       Total       |   11   |    0   |    0   |    0   |
+-------------------+--------+--------+--------+--------+

* Register list:
+-------------------------+--------+
|                         |   FF   |
+-------------------------+--------+
| cond_loc_channel_reg_339|   18   |
|   double_valid_reg_364  |    1   |
|  gaussian_valid_reg_349 |    1   |
|hysteresis1_valid_reg_369|    1   |
|hysteresis2_valid_reg_374|    1   |
|hysteresis3_valid_reg_379|    1   |
|hysteresis4_valid_reg_384|    1   |
|     in_read_reg_344     |   64   |
|   nonmax_valid_reg_359  |    1   |
|     out_read_reg_389    |   64   |
|   sobel_valid_reg_354   |    1   |
+-------------------------+--------+
|          Total          |   154  |
+-------------------------+--------+

* Multiplexer (MUX) list: 
|-----------------------|------|------|------|--------||---------||---------||---------|
|          Comp         |  Pin | Size |  BW  | S x BW ||  Delay  ||    FF   ||   LUT   |
|-----------------------|------|------|------|--------||---------||---------||---------|
|  grp_grayscale_fu_194 |  p3  |   2  |  64  |   128  ||    0    ||    9    |
| grp_output_row_fu_327 |  p4  |   2  |  64  |   128  ||    0    ||    9    |
|-----------------------|------|------|------|--------||---------||---------||---------|
|         Total         |      |      |      |   256  ||  0.854  ||    0    ||    18   |
|-----------------------|------|------|------|--------||---------||---------||---------|



* Summary:
+-----------+--------+--------+--------+--------+--------+--------+
|           |  BRAM  |   DSP  |  Delay |   FF   |   LUT  |  URAM  |
+-----------+--------+--------+--------+--------+--------+--------+
|  Function |    -   |    4   |   57   |  17125 |  20099 |    -   |
|   Memory  |   11   |    -   |    -   |    0   |    0   |    0   |
|Multiplexer|    -   |    -   |    0   |    0   |   18   |    -   |
|  Register |    -   |    -   |    -   |   154  |    -   |    -   |
+-----------+--------+--------+--------+--------+--------+--------+
|   Total   |   11   |    4   |   58   |  17279 |  20117 |    0   |
+-----------+--------+--------+--------+--------+--------+--------+
