

================================================================
== Vitis HLS Report for 'double_threshold'
================================================================
* Date:           Wed Jul 29 23:33:10 2026

* Version:        2025.2 (Build 6295257 on Nov 14 2025)
* Project:        canny_top
* Solution:       hls (Vitis Kernel Flow Target)
* Product family: zynquplus
* Target device:  xck26-sfvc784-2LV-c


================================================================
== Performance Estimates
================================================================
+ Timing: 
    * Summary: 
    +--------+---------+----------+------------+
    |  Clock |  Target | Estimated| Uncertainty|
    +--------+---------+----------+------------+
    |ap_clk  |  5.00 ns|  2.252 ns|     1.35 ns|
    +--------+---------+----------+------------+

+ Latency: 
    * Summary: 
    +---------+---------+----------+----------+-----+-----+---------+
    |  Latency (cycles) |  Latency (absolute) |  Interval | Pipeline|
    |   min   |   max   |    min   |    max   | min | max |   Type  |
    +---------+---------+----------+----------+-----+-----+---------+
    |        1|      516|  5.000 ns|  2.580 us|    1|  516|       no|
    +---------+---------+----------+----------+-----+-----+---------+

    + Detail: 
        * Instance: 
        +-----------------------------------------------------+-------------------------------------------+---------+---------+----------+----------+-----+-----+-------------------+
        |                                                     |                                           |  Latency (cycles) |  Latency (absolute) |  Interval |      Pipeline     |
        |                       Instance                      |                   Module                  |   min   |   max   |    min   |    max   | min | max |        Type       |
        +-----------------------------------------------------+-------------------------------------------+---------+---------+----------+----------+-----+-----+-------------------+
        |grp_double_threshold_Pipeline_VITIS_LOOP_16_1_fu_32  |double_threshold_Pipeline_VITIS_LOOP_16_1  |      515|      515|  2.575 us|  2.575 us|    0|    0|  loop pipeline stp|
        +-----------------------------------------------------+-------------------------------------------+---------+---------+----------+----------+-----+-----+-------------------+

        * Loop: 
        N/A

============================================================
+ Verbose Summary: Synthesis Manager
============================================================
InlineROM: 1
ExposeGlobal: 0
============================================================
+ Verbose Summary: CDFG Model
============================================================
IsTopModel: 0
ResetActiveHigh: 1
IsCombinational: 2
IsDatapathOnly: 0
HasWiredReturn: 1
HasMFsm: 0
HasVarLatency: 1
IsPipeline: 0
IsRtlPipelined: 0
IsInstanceOverlapped: 0
IsDontTouch: 0
HasImplIP: 0
IsGatedGlobalClock: 0


============================================================
+ Verbose Summary: Schedule
============================================================
* Number of FSM states : 2
* Pipeline : 0
* Dataflow Pipeline: 0

* FSM state transitions: 
1 --> 2 
2 --> 

* FSM state operations: 

State 1 <SV = 0> <Delay = 2.25>
ST_1 : Operation 3 [1/1] (1.82ns)   --->   "%p_read_8 = read i1 @_ssdm_op_Read.ap_auto.i1, i1 %p_read" [../src/double_threshold.cpp:6->../src/canny_top.cpp:33]   --->   Operation 3 'read' 'p_read_8' <Predicate = true> <Delay = 1.82> <CoreInst = "FIFO_SRL">   --->   Core 80 'FIFO_SRL' <Latency = 0> <II = 1> <Delay = 1.83> <Storage> <Opcode : 'read' 'write' 'nbread' 'nbwrite'> <Ports = 0> <Width = 1> <Depth = 2> <FIFO>
ST_1 : Operation 4 [1/1] (0.42ns)   --->   "%br_ln11 = br i1 %p_read_8, void %_Z16double_thresholdPKtPhbPb.4.exit, void %for.body.i.preheader" [../src/double_threshold.cpp:11->../src/canny_top.cpp:33]   --->   Operation 4 'br' 'br_ln11' <Predicate = true> <Delay = 0.42>
ST_1 : Operation 5 [2/2] (0.00ns)   --->   "%call_ln0 = call void @double_threshold_Pipeline_VITIS_LOOP_16_1, i11 %out_nonmax, i8 %out_double"   --->   Operation 5 'call' 'call_ln0' <Predicate = (p_read_8)> <Delay = 0.00> <CoreType = "Generic">   --->   Generic Core

State 2 <SV = 1> <Delay = 0.42>
ST_2 : Operation 6 [1/2] (0.00ns)   --->   "%call_ln0 = call void @double_threshold_Pipeline_VITIS_LOOP_16_1, i11 %out_nonmax, i8 %out_double"   --->   Operation 6 'call' 'call_ln0' <Predicate = (p_read_8)> <Delay = 0.00> <CoreType = "Generic">   --->   Generic Core
ST_2 : Operation 7 [1/1] (0.42ns)   --->   "%br_ln0 = br void %_Z16double_thresholdPKtPhbPb.4.exit"   --->   Operation 7 'br' 'br_ln0' <Predicate = (p_read_8)> <Delay = 0.42>
ST_2 : Operation 8 [1/1] (0.00ns)   --->   "%valid_out_write_assign = phi i1 0, void %newFuncRoot, i1 1, void %for.body.i.preheader"   --->   Operation 8 'phi' 'valid_out_write_assign' <Predicate = true> <Delay = 0.00>
ST_2 : Operation 9 [1/1] (0.00ns)   --->   "%ret_ln0 = ret i1 %valid_out_write_assign"   --->   Operation 9 'ret' 'ret_ln0' <Predicate = true> <Delay = 0.00>


============================================================
+ Verbose Summary: Binding
============================================================
STG Binding: 
---------------- STG Properties BEGIN ----------------
- Is combinational: 0
- Is one-state seq: 0
- Is datapath-only: 0
- Is pipelined: 0
- Is top level: 0
Port [ Return ] is wired: 1; IO mode=ap_ctrl_hs:ce=0
Port [ p_read]:  wired=1; compound=0; hidden=0; nouse=0; global=0; static=0; extern=0; dir=0; type=0; pingpong=0; private_global=0; IO mode=ap_none:ce=0
Port [ out_nonmax]:  wired=1; compound=1; hidden=0; nouse=0; global=0; static=0; extern=0; dir=0; type=1; pingpong=1; private_global=0; MemPort=[13]; IO mode=ap_memory:ce=0
Port [ out_double]:  wired=1; compound=1; hidden=0; nouse=0; global=0; static=0; extern=0; dir=1; type=1; pingpong=1; private_global=0; MemPort=[03]; IO mode=ap_memory:ce=0
---------------- STG Properties END ------------------

---------------- Datapath Model BEGIN ----------------

<LifeTime>
<method=bitvector/>
p_read_8               (read) [ 011]
br_ln11                (br  ) [ 011]
call_ln0               (call) [ 000]
br_ln0                 (br  ) [ 000]
valid_out_write_assign (phi ) [ 001]
ret_ln0                (ret ) [ 000]
</LifeTime>

<model>

<comp_list>
<comp id="0" class="1000" name="p_read">
<pin_list>
<pin id="1" dir="1" index="0" bw="1" slack="0"/>
</pin_list>
<bind>
<StgValue><ssdm name="p_read"/></StgValue>
</bind>
</comp>

<comp id="2" class="1000" name="out_nonmax">
<pin_list>
<pin id="3" dir="1" index="0" bw="1" slack="0"/>
</pin_list>
<bind>
<StgValue><ssdm name="out_nonmax"/><MemPortTyVec>1 3 </MemPortTyVec>
</StgValue>
</bind>
</comp>

<comp id="4" class="1000" name="out_double">
<pin_list>
<pin id="5" dir="1" index="0" bw="1" slack="0"/>
</pin_list>
<bind>
<StgValue><ssdm name="out_double"/><MemPortTyVec>0 3 </MemPortTyVec>
</StgValue>
</bind>
</comp>

<comp id="6" class="1001" name="const_6">
<pin_list>
<pin id="7" dir="1" index="0" bw="1" slack="0"/>
</pin_list>
<bind>
<StgValue><ssdm name="_ssdm_op_Read.ap_auto.i1"/></StgValue>
</bind>
</comp>

<comp id="8" class="1001" name="const_8">
<pin_list>
<pin id="9" dir="1" index="0" bw="1" slack="0"/>
</pin_list>
<bind>
<StgValue><ssdm name="double_threshold_Pipeline_VITIS_LOOP_16_1"/></StgValue>
</bind>
</comp>

<comp id="10" class="1001" name="const_10">
<pin_list>
<pin id="11" dir="1" index="0" bw="1" slack="1"/>
</pin_list>
<bind>
<StgValue><ssdm name=""/></StgValue>
</bind>
</comp>

<comp id="12" class="1001" name="const_12">
<pin_list>
<pin id="13" dir="1" index="0" bw="1" slack="0"/>
</pin_list>
<bind>
<StgValue><ssdm name=""/></StgValue>
</bind>
</comp>

<comp id="14" class="1004" name="p_read_8_read_fu_14">
<pin_list>
<pin id="15" dir="0" index="0" bw="1" slack="0"/>
<pin id="16" dir="0" index="1" bw="1" slack="0"/>
<pin id="17" dir="1" index="2" bw="1" slack="1"/>
</pin_list>
<bind>
<opcode="read(1150) " fcode="read"/>
<opset="p_read_8/1 "/>
</bind>
</comp>

<comp id="20" class="1005" name="valid_out_write_assign_reg_20">
<pin_list>
<pin id="21" dir="0" index="0" bw="1" slack="1"/>
<pin id="22" dir="1" index="1" bw="1" slack="1"/>
</pin_list>
<bind>
<opset="valid_out_write_assign (phireg) "/>
</bind>
</comp>

<comp id="24" class="1004" name="valid_out_write_assign_phi_fu_24">
<pin_list>
<pin id="25" dir="0" index="0" bw="1" slack="1"/>
<pin id="26" dir="0" index="1" bw="0" slack="2147483647"/>
<pin id="27" dir="0" index="2" bw="1" slack="0"/>
<pin id="28" dir="0" index="3" bw="0" slack="2147483647"/>
<pin id="29" dir="1" index="4" bw="1" slack="2147483647"/>
</pin_list>
<bind>
<opcode="phi(47) " fcode="phi"/>
<opset="valid_out_write_assign/2 "/>
</bind>
</comp>

<comp id="32" class="1004" name="grp_double_threshold_Pipeline_VITIS_LOOP_16_1_fu_32">
<pin_list>
<pin id="33" dir="0" index="0" bw="0" slack="0"/>
<pin id="34" dir="0" index="1" bw="11" slack="0"/>
<pin id="35" dir="0" index="2" bw="8" slack="0"/>
<pin id="36" dir="1" index="3" bw="0" slack="2147483647"/>
</pin_list>
<bind>
<opcode="call(48) " fcode="call"/>
<opset="call_ln0/1 "/>
</bind>
</comp>

<comp id="40" class="1005" name="p_read_8_reg_40">
<pin_list>
<pin id="41" dir="0" index="0" bw="1" slack="1"/>
<pin id="42" dir="1" index="1" bw="1" slack="2147483647"/>
</pin_list>
<bind>
<opset="p_read_8 "/>
</bind>
</comp>

</comp_list>

<net_list>
<net id="18"><net_src comp="6" pin="0"/><net_sink comp="14" pin=0"/></net>

<net id="19"><net_src comp="0" pin="0"/><net_sink comp="14" pin=1"/></net>

<net id="23"><net_src comp="10" pin="0"/><net_sink comp="20" pin=0"/></net>

<net id="30"><net_src comp="20" pin="1"/><net_sink comp="24" pin=0"/></net>

<net id="31"><net_src comp="12" pin="0"/><net_sink comp="24" pin=2"/></net>

<net id="37"><net_src comp="8" pin="0"/><net_sink comp="32" pin=0"/></net>

<net id="38"><net_src comp="2" pin="0"/><net_sink comp="32" pin=1"/></net>

<net id="39"><net_src comp="4" pin="0"/><net_sink comp="32" pin=2"/></net>

<net id="43"><net_src comp="14" pin="2"/><net_sink comp="40" pin=0"/></net>

</net_list>

</model> 
---------------- Datapath Model END ------------------

* FSMD analyzer results:
  - Output states:
	Port: out_double | {1 2 }
 - Input state : 
	Port: double_threshold : p_read | {1 }
	Port: double_threshold : out_nonmax | {1 2 }
  - Chain level:
	State 1
	State 2
		valid_out_write_assign : 1
		ret_ln0 : 2


============================================================
+ Verbose Summary: Datapath Resource usage 
============================================================

* Functional unit list:
|----------|-----------------------------------------------------|---------|---------|---------|
| Operation|                   Functional Unit                   |  Delay  |    FF   |   LUT   |
|----------|-----------------------------------------------------|---------|---------|---------|
|   call   | grp_double_threshold_Pipeline_VITIS_LOOP_16_1_fu_32 |  0.427  |    86   |    95   |
|----------|-----------------------------------------------------|---------|---------|---------|
|   read   |                 p_read_8_read_fu_14                 |    0    |    0    |    0    |
|----------|-----------------------------------------------------|---------|---------|---------|
|   Total  |                                                     |  0.427  |    86   |    95   |
|----------|-----------------------------------------------------|---------|---------|---------|

Memories:
N/A

* Register list:
+-----------------------------+--------+
|                             |   FF   |
+-----------------------------+--------+
|       p_read_8_reg_40       |    1   |
|valid_out_write_assign_reg_20|    1   |
+-----------------------------+--------+
|            Total            |    2   |
+-----------------------------+--------+

* Multiplexer (MUX) list: 
|--------|------|------|------|--------|
|  Comp  |  Pin | Size |  BW  | S x BW |
|--------|------|------|------|--------|
|  Total |      |      |      |    0   |
|--------|------|------|------|--------|



* Summary:
+-----------+--------+--------+--------+
|           |  Delay |   FF   |   LUT  |
+-----------+--------+--------+--------+
|  Function |    0   |   86   |   95   |
|   Memory  |    -   |    -   |    -   |
|Multiplexer|    -   |    -   |    -   |
|  Register |    -   |    2   |    -   |
+-----------+--------+--------+--------+
|   Total   |    0   |   88   |   95   |
+-----------+--------+--------+--------+
