

================================================================
== Vitis HLS Report for 'double_threshold'
================================================================
* Date:           Sat Aug  1 12:52:06 2026

* Version:        2025.2 (Build 6295257 on Nov 14 2025)
* Project:        canny_top
* Solution:       hls (Vitis Kernel Flow Target)
* Product family: zynquplus
* Target device:  xck26-sfvc784-2LV-c


================================================================
== Performance Estimates
================================================================
+ Timing: 
    * Summary: 
    +--------+---------+----------+------------+
    |  Clock |  Target | Estimated| Uncertainty|
    +--------+---------+----------+------------+
    |ap_clk  |  5.00 ns|  2.603 ns|     1.35 ns|
    +--------+---------+----------+------------+

+ Latency: 
    * Summary: 
    +---------+---------+----------+----------+--------+--------+------------------------------------------------+
    |  Latency (cycles) |  Latency (absolute) |     Interval    |                    Pipeline                    |
    |   min   |   max   |    min   |    max   |   min  |   max  |                      Type                      |
    +---------+---------+----------+----------+--------+--------+------------------------------------------------+
    |   262146|   262146|  1.311 ms|  1.311 ms|  262144|  262144|  loop auto-rewind stp (delay=0 clock cycles(s))|
    +---------+---------+----------+----------+--------+--------+------------------------------------------------+

    + Detail: 
        * Instance: 
        N/A

        * Loop: 
        +-------------------+---------+---------+----------+-----------+-----------+--------+----------+
        |                   |  Latency (cycles) | Iteration|  Initiation Interval  |  Trip  |          |
        |     Loop Name     |   min   |   max   |  Latency |  achieved |   target  |  Count | Pipelined|
        +-------------------+---------+---------+----------+-----------+-----------+--------+----------+
        |- VITIS_LOOP_10_1  |   262144|   262144|         2|          1|          1|  262144|       yes|
        +-------------------+---------+---------+----------+-----------+-----------+--------+----------+

============================================================
+ Verbose Summary: Synthesis Manager
============================================================
InlineROM: 1
ExposeGlobal: 0
============================================================
+ Verbose Summary: CDFG Model
============================================================
IsTopModel: 0
ResetActiveHigh: 1
IsCombinational: 2
IsDatapathOnly: 0
HasWiredReturn: 1
HasMFsm: 2
HasVarLatency: 1
IsPipeline: 0
IsRtlPipelined: 0
IsInstanceOverlapped: 0
IsDontTouch: 0
HasImplIP: 0
IsGatedGlobalClock: 0

+ Individual pipeline summary: 
  * Pipeline-0: initiation interval (II) = 1, depth = 2


============================================================
+ Verbose Summary: Schedule
============================================================
* Number of FSM states : 2
* Pipeline : 1
  Pipeline-0 : II = 1, D = 2, States = { 1 2 }
* Dataflow Pipeline: 0

* FSM state transitions: 
1 --> 2 
2 --> 

* FSM state operations: 

State 1 <SV = 0> <Delay = 2.60>
ST_1 : Operation 5 [1/1] (0.00ns)   --->   "%i = alloca i32 1" [../src/double_threshold.cpp:10]   --->   Operation 5 'alloca' 'i' <Predicate = true> <Delay = 0.00>
ST_1 : Operation 6 [1/1] (0.00ns)   --->   "%specinterface_ln0 = specinterface void @_ssdm_op_SpecInterface, i8 %thresh_out, void @empty_11, i32 0, i32 0, void @empty_5, i32 0, i32 0, void @empty_5, void @empty_5, void @empty_5, i32 0, i32 0, i32 0, i32 0, void @empty_5, void @empty_5, i32 4294967295, i32 0, i32 0, i32 0"   --->   Operation 6 'specinterface' 'specinterface_ln0' <Predicate = true> <Delay = 0.00>
ST_1 : Operation 7 [1/1] (0.00ns)   --->   "%specinterface_ln0 = specinterface void @_ssdm_op_SpecInterface, i16 %nms_out, void @empty_11, i32 0, i32 0, void @empty_5, i32 0, i32 0, void @empty_5, void @empty_5, void @empty_5, i32 0, i32 0, i32 0, i32 0, void @empty_5, void @empty_5, i32 4294967295, i32 0, i32 0, i32 0"   --->   Operation 7 'specinterface' 'specinterface_ln0' <Predicate = true> <Delay = 0.00>
ST_1 : Operation 8 [1/1] (0.42ns)   --->   "%store_ln10 = store i18 0, i18 %i" [../src/double_threshold.cpp:10]   --->   Operation 8 'store' 'store_ln10' <Predicate = true> <Delay = 0.42>
ST_1 : Operation 9 [1/1] (0.00ns)   --->   "%br_ln10 = br void %for.body.split" [../src/double_threshold.cpp:10]   --->   Operation 9 'br' 'br_ln10' <Predicate = true> <Delay = 0.00>
ST_1 : Operation 10 [1/1] (0.00ns)   --->   "%i_2 = load i18 %i" [../src/double_threshold.cpp:10]   --->   Operation 10 'load' 'i_2' <Predicate = true> <Delay = 0.00>
ST_1 : Operation 11 [1/1] ( I:1.75ns O:1.75ns )   --->   "%magnitude = read i16 @_ssdm_op_Read.ap_fifo.volatile.i16P0A, i16 %nms_out" [../src/double_threshold.cpp:13]   --->   Operation 11 'read' 'magnitude' <Predicate = true> <Delay = 1.75> <CoreInst = "FIFO">   --->   Core 77 'FIFO' <Latency = 0> <II = 1> <Delay = 1.75> <Storage> <Opcode : 'read' 'write' 'nbread' 'nbwrite'> <Ports = 0> <Width = 16> <Depth = 1024> <FIFO>
ST_1 : Operation 12 [1/1] (0.85ns)   --->   "%icmp_ln16 = icmp_ugt  i16 %magnitude, i16 79" [../src/double_threshold.cpp:16]   --->   Operation 12 'icmp' 'icmp_ln16' <Predicate = true> <Delay = 0.85> <CoreInst = "Cmp">   --->   Core 9 'Cmp' <Latency = 0> <II = 1> <Delay = 0.85> <FuncUnit> <Opcode : 'seteq' 'setne' 'setle' 'setge' 'setlt' 'setgt'> <InPorts = 2> <OutPorts = 1>
ST_1 : Operation 13 [1/1] (0.85ns)   --->   "%icmp_ln19 = icmp_ugt  i16 %magnitude, i16 19" [../src/double_threshold.cpp:19]   --->   Operation 13 'icmp' 'icmp_ln19' <Predicate = true> <Delay = 0.85> <CoreInst = "Cmp">   --->   Core 9 'Cmp' <Latency = 0> <II = 1> <Delay = 0.85> <FuncUnit> <Opcode : 'seteq' 'setne' 'setle' 'setge' 'setlt' 'setgt'> <InPorts = 2> <OutPorts = 1>
ST_1 : Operation 14 [1/1] (0.87ns)   --->   "%i_3 = add i18 %i_2, i18 1" [../src/double_threshold.cpp:10]   --->   Operation 14 'add' 'i_3' <Predicate = true> <Delay = 0.87> <CoreInst = "Adder">   --->   Core 1 'Adder' <Latency = 0> <II = 1> <Delay = 0.87> <FuncUnit> <Opcode : 'add' 'sub'> <InPorts = 2> <OutPorts = 1>
ST_1 : Operation 15 [1/1] (0.87ns)   --->   "%icmp_ln10 = icmp_eq  i18 %i_2, i18 262143" [../src/double_threshold.cpp:10]   --->   Operation 15 'icmp' 'icmp_ln10' <Predicate = true> <Delay = 0.87> <CoreInst = "Cmp">   --->   Core 9 'Cmp' <Latency = 0> <II = 1> <Delay = 0.87> <FuncUnit> <Opcode : 'seteq' 'setne' 'setle' 'setge' 'setlt' 'setgt'> <InPorts = 2> <OutPorts = 1>
ST_1 : Operation 16 [1/1] (0.42ns)   --->   "%store_ln10 = store i18 %i_3, i18 %i" [../src/double_threshold.cpp:10]   --->   Operation 16 'store' 'store_ln10' <Predicate = true> <Delay = 0.42>
ST_1 : Operation 17 [1/1] (0.00ns)   --->   "%br_ln10 = br i1 %icmp_ln10, void %for.body.split, void %for.end" [../src/double_threshold.cpp:10]   --->   Operation 17 'br' 'br_ln10' <Predicate = true> <Delay = 0.00>

State 2 <SV = 1> <Delay = 2.14>
ST_2 : Operation 18 [1/1] (0.00ns)   --->   "%specpipeline_ln11 = specpipeline void @_ssdm_op_SpecPipeline, i32 1, i32 0, i32 0, i32 0, i32 4294967295, void @empty_5" [../src/double_threshold.cpp:11]   --->   Operation 18 'specpipeline' 'specpipeline_ln11' <Predicate = true> <Delay = 0.00>
ST_2 : Operation 19 [1/1] (0.00ns)   --->   "%speclooptripcount_ln10 = speclooptripcount void @_ssdm_op_SpecLoopTripCount, i64 262144, i64 262144, i64 262144" [../src/double_threshold.cpp:10]   --->   Operation 19 'speclooptripcount' 'speclooptripcount_ln10' <Predicate = true> <Delay = 0.00>
ST_2 : Operation 20 [1/1] (0.00ns)   --->   "%specloopname_ln10 = specloopname void @_ssdm_op_SpecLoopName, void @empty_19" [../src/double_threshold.cpp:10]   --->   Operation 20 'specloopname' 'specloopname_ln10' <Predicate = true> <Delay = 0.00>
ST_2 : Operation 21 [1/1] (0.00ns) (grouped into LUT with out node result)   --->   "%select_ln16 = select i1 %icmp_ln16, i8 255, i8 128" [../src/double_threshold.cpp:16]   --->   Operation 21 'select' 'select_ln16' <Predicate = (icmp_ln19)> <Delay = 0.00> <CoreInst = "Sel">   --->   Core 73 'Sel' <Latency = 0> <II = 1> <Delay = 0.39> <FuncUnit> <Opcode : 'select'> <InPorts = 3> <OutPorts = 1>
ST_2 : Operation 22 [1/1] (0.39ns) (out node of the LUT)   --->   "%result = select i1 %icmp_ln19, i8 %select_ln16, i8 0" [../src/double_threshold.cpp:16]   --->   Operation 22 'select' 'result' <Predicate = true> <Delay = 0.39> <CoreInst = "Sel">   --->   Core 73 'Sel' <Latency = 0> <II = 1> <Delay = 0.39> <FuncUnit> <Opcode : 'select'> <InPorts = 3> <OutPorts = 1>
ST_2 : Operation 23 [1/1] ( I:1.75ns O:1.75ns )   --->   "%write_ln26 = write void @_ssdm_op_Write.ap_fifo.volatile.i8P0A, i8 %thresh_out, i8 %result" [../src/double_threshold.cpp:26]   --->   Operation 23 'write' 'write_ln26' <Predicate = true> <Delay = 1.75> <CoreInst = "FIFO">   --->   Core 77 'FIFO' <Latency = 0> <II = 1> <Delay = 1.75> <Storage> <Opcode : 'read' 'write' 'nbread' 'nbwrite'> <Ports = 0> <Width = 8> <Depth = 1024> <FIFO>
ST_2 : Operation 24 [1/1] (0.42ns)   --->   "%ret_ln28 = ret" [../src/double_threshold.cpp:28]   --->   Operation 24 'ret' 'ret_ln28' <Predicate = (icmp_ln10)> <Delay = 0.42>


============================================================
+ Verbose Summary: Timing violations
============================================================
Target clock period: 5.000ns, clock uncertainty: 1.350ns.

 <State 1>: 2.603ns
The critical path consists of the following:
	fifo read operation ('magnitude', ../src/double_threshold.cpp:13) on port 'nms_out' (../src/double_threshold.cpp:13) [13]  (1.750 ns)
	'icmp' operation 1 bit ('icmp_ln16', ../src/double_threshold.cpp:16) [14]  (0.853 ns)

 <State 2>: 2.143ns
The critical path consists of the following:
	'select' operation 8 bit ('select_ln16', ../src/double_threshold.cpp:16) [16]  (0.000 ns)
	'select' operation 8 bit ('result', ../src/double_threshold.cpp:16) [17]  (0.393 ns)
	fifo write operation ('write_ln26', ../src/double_threshold.cpp:26) on port 'thresh_out' (../src/double_threshold.cpp:26) [18]  (1.750 ns)


============================================================
+ Verbose Summary: Binding
============================================================
N/A
* FSMD analyzer results:
  - Output states:
 - Input state : 
  - Chain level:
	State 1
	State 2


============================================================
+ Verbose Summary: Datapath Resource usage 
============================================================
N/A
