

================================================================
== Vitis HLS Report for 'gaussian_blur_Pipeline_VITIS_LOOP_76_2'
================================================================
* Date:           Wed Jul 29 23:33:22 2026

* Version:        2025.2 (Build 6295257 on Nov 14 2025)
* Project:        canny_top
* Solution:       hls (Vitis Kernel Flow Target)
* Product family: zynquplus
* Target device:  xck26-sfvc784-2LV-c


================================================================
== Performance Estimates
================================================================
+ Timing: 
    * Summary: 
    +--------+---------+----------+------------+
    |  Clock |  Target | Estimated| Uncertainty|
    +--------+---------+----------+------------+
    |ap_clk  |  5.00 ns|  3.614 ns|     1.35 ns|
    +--------+---------+----------+------------+

+ Latency: 
    * Summary: 
    +---------+---------+----------+----------+-----+-----+-------------------+
    |  Latency (cycles) |  Latency (absolute) |  Interval |      Pipeline     |
    |   min   |   max   |    min   |    max   | min | max |        Type       |
    +---------+---------+----------+----------+-----+-----+-------------------+
    |      515|      515|  2.575 us|  2.575 us|    0|    0|  loop pipeline stp|
    +---------+---------+----------+----------+-----+-----+-------------------+

    + Detail: 
        * Instance: 
        N/A

        * Loop: 
        +-------------------+---------+---------+----------+-----------+-----------+------+----------+
        |                   |  Latency (cycles) | Iteration|  Initiation Interval  | Trip |          |
        |     Loop Name     |   min   |   max   |  Latency |  achieved |   target  | Count| Pipelined|
        +-------------------+---------+---------+----------+-----------+-----------+------+----------+
        |- VITIS_LOOP_76_2  |      513|      513|         3|          1|          1|   512|       yes|
        +-------------------+---------+---------+----------+-----------+-----------+------+----------+



================================================================
== Utilization Estimates
================================================================
* Summary: 
+-----------------+---------+------+--------+--------+-----+
|       Name      | BRAM_18K|  DSP |   FF   |   LUT  | URAM|
+-----------------+---------+------+--------+--------+-----+
|DSP              |        -|     -|       -|       -|    -|
|Expression       |        -|     -|       0|     164|    -|
|FIFO             |        -|     -|       -|       -|    -|
|Instance         |        -|     -|       -|       -|    -|
|Memory           |        -|     -|       -|       -|    -|
|Multiplexer      |        -|     -|       0|      81|    -|
|Register         |        -|     -|      88|       -|    -|
+-----------------+---------+------+--------+--------+-----+
|Total            |        0|     0|      88|     245|    0|
+-----------------+---------+------+--------+--------+-----+
|Available        |      288|  1248|  234240|  117120|   64|
+-----------------+---------+------+--------+--------+-----+
|Utilization (%)  |        0|     0|      ~0|      ~0|    0|
+-----------------+---------+------+--------+--------+-----+

+ Detail: 
    * Instance: 
    N/A

    * DSP: 
    N/A

    * Memory: 
    N/A

    * FIFO: 
    N/A

    * Expression: 
    +-----------------------+----------+----+---+----+------------+------------+
    |     Variable Name     | Operation| DSP| FF| LUT| Bitwidth P0| Bitwidth P1|
    +-----------------------+----------+----+---+----+------------+------------+
    |add_ln76_fu_245_p2     |         +|   0|  0|  17|          10|           1|
    |add_ln83_1_fu_400_p2   |         +|   0|  0|  17|          11|          11|
    |add_ln83_2_fu_410_p2   |         +|   0|  0|  19|          12|          12|
    |add_ln83_fu_390_p2     |         +|   0|  0|  16|           9|           9|
    |add_ln96_fu_273_p2     |         +|   0|  0|  17|          10|           2|
    |tmp4_fu_372_p2         |         +|   0|  0|  16|           9|           9|
    |sub_ln36_fu_291_p2     |         -|   0|  0|  16|           3|           9|
    |sub_ln83_fu_358_p2     |         -|   0|  0|  17|          11|          11|
    |icmp_ln76_fu_239_p2    |      icmp|   0|  0|  18|          10|          11|
    |select_ln35_fu_297_p3  |    select|   0|  0|   9|           1|           9|
    |ap_enable_pp0          |       xor|   0|  0|   2|           1|           2|
    +-----------------------+----------+----+---+----+------------+------------+
    |Total                  |          |   0|  0| 164|          87|          86|
    +-----------------------+----------+----+---+----+------------+------------+

    * Multiplexer: 
    +----------------------------+----+-----------+-----+-----------+
    |            Name            | LUT| Input Size| Bits| Total Bits|
    +----------------------------+----+-----------+-----+-----------+
    |ap_done_int                 |   9|          2|    1|          2|
    |ap_enable_reg_pp0_iter2     |   9|          2|    1|          2|
    |ap_sig_allocacmp_column_10  |   9|          2|   10|         20|
    |column_fu_84                |   9|          2|   10|         20|
    |empty_83_fu_80              |   9|          2|    8|         16|
    |empty_84_fu_88              |   9|          2|    8|         16|
    |empty_85_fu_92              |   9|          2|    8|         16|
    |empty_86_fu_96              |   9|          2|    8|         16|
    |empty_87_fu_100             |   9|          2|    8|         16|
    +----------------------------+----+-----------+-----+-----------+
    |Total                       |  81|         18|   62|        124|
    +----------------------------+----+-----------+-----+-----------+

    * Register: 
    +----------------------------------+----+----+-----+-----------+
    |               Name               | FF | LUT| Bits| Const Bits|
    +----------------------------------+----+----+-----+-----------+
    |add_ln83_2_reg_509                |  12|   0|   12|          0|
    |ap_CS_fsm                         |   1|   0|    1|          0|
    |ap_done_reg                       |   1|   0|    1|          0|
    |ap_enable_reg_pp0_iter1           |   1|   0|    1|          0|
    |ap_enable_reg_pp0_iter2           |   1|   0|    1|          0|
    |ap_loop_exit_ready_pp0_iter1_reg  |   1|   0|    1|          0|
    |column_10_reg_495                 |  10|   0|   10|          0|
    |column_10_reg_495_pp0_iter1_reg   |  10|   0|   10|          0|
    |column_fu_84                      |  10|   0|   10|          0|
    |empty_83_fu_80                    |   8|   0|    8|          0|
    |empty_84_fu_88                    |   8|   0|    8|          0|
    |empty_85_fu_92                    |   8|   0|    8|          0|
    |empty_86_fu_96                    |   8|   0|    8|          0|
    |empty_87_fu_100                   |   8|   0|    8|          0|
    |icmp_ln76_reg_500                 |   1|   0|    1|          0|
    +----------------------------------+----+----+-----+-----------+
    |Total                             |  88|   0|   88|          0|
    +----------------------------------+----+----+-----+-----------+



================================================================
== Interface
================================================================
* Summary: 
+------------------------------------------------+-----+-----+------------+----------------------------------------+--------------+
|                    RTL Ports                   | Dir | Bits|  Protocol  |              Source Object             |    C Type    |
+------------------------------------------------+-----+-----+------------+----------------------------------------+--------------+
|ap_clk                                          |   in|    1|  ap_ctrl_hs|  gaussian_blur_Pipeline_VITIS_LOOP_76_2|  return value|
|ap_rst                                          |   in|    1|  ap_ctrl_hs|  gaussian_blur_Pipeline_VITIS_LOOP_76_2|  return value|
|ap_start                                        |   in|    1|  ap_ctrl_hs|  gaussian_blur_Pipeline_VITIS_LOOP_76_2|  return value|
|ap_done                                         |  out|    1|  ap_ctrl_hs|  gaussian_blur_Pipeline_VITIS_LOOP_76_2|  return value|
|ap_idle                                         |  out|    1|  ap_ctrl_hs|  gaussian_blur_Pipeline_VITIS_LOOP_76_2|  return value|
|ap_ready                                        |  out|    1|  ap_ctrl_hs|  gaussian_blur_Pipeline_VITIS_LOOP_76_2|  return value|
|input_load                                      |   in|    8|     ap_none|                              input_load|        scalar|
|input_load_1                                    |   in|    8|     ap_none|                            input_load_1|        scalar|
|input_load_2                                    |   in|    8|     ap_none|                            input_load_2|        scalar|
|input_r_address0                                |  out|    9|   ap_memory|                                 input_r|         array|
|input_r_ce0                                     |  out|    1|   ap_memory|                                 input_r|         array|
|input_r_q0                                      |   in|    8|   ap_memory|                                 input_r|         array|
|empty                                           |   in|    4|     ap_none|                                   empty|        scalar|
|p_anonymous_namespace_lineBuffer_39_0_address0  |  out|    9|   ap_memory|   p_anonymous_namespace_lineBuffer_39_0|         array|
|p_anonymous_namespace_lineBuffer_39_0_ce0       |  out|    1|   ap_memory|   p_anonymous_namespace_lineBuffer_39_0|         array|
|p_anonymous_namespace_lineBuffer_39_0_we0       |  out|    1|   ap_memory|   p_anonymous_namespace_lineBuffer_39_0|         array|
|p_anonymous_namespace_lineBuffer_39_0_d0        |  out|   12|   ap_memory|   p_anonymous_namespace_lineBuffer_39_0|         array|
|p_anonymous_namespace_lineBuffer_39_1_address0  |  out|    9|   ap_memory|   p_anonymous_namespace_lineBuffer_39_1|         array|
|p_anonymous_namespace_lineBuffer_39_1_ce0       |  out|    1|   ap_memory|   p_anonymous_namespace_lineBuffer_39_1|         array|
|p_anonymous_namespace_lineBuffer_39_1_we0       |  out|    1|   ap_memory|   p_anonymous_namespace_lineBuffer_39_1|         array|
|p_anonymous_namespace_lineBuffer_39_1_d0        |  out|   12|   ap_memory|   p_anonymous_namespace_lineBuffer_39_1|         array|
|p_anonymous_namespace_lineBuffer_39_2_address0  |  out|    9|   ap_memory|   p_anonymous_namespace_lineBuffer_39_2|         array|
|p_anonymous_namespace_lineBuffer_39_2_ce0       |  out|    1|   ap_memory|   p_anonymous_namespace_lineBuffer_39_2|         array|
|p_anonymous_namespace_lineBuffer_39_2_we0       |  out|    1|   ap_memory|   p_anonymous_namespace_lineBuffer_39_2|         array|
|p_anonymous_namespace_lineBuffer_39_2_d0        |  out|   12|   ap_memory|   p_anonymous_namespace_lineBuffer_39_2|         array|
|p_anonymous_namespace_lineBuffer_39_3_address0  |  out|    9|   ap_memory|   p_anonymous_namespace_lineBuffer_39_3|         array|
|p_anonymous_namespace_lineBuffer_39_3_ce0       |  out|    1|   ap_memory|   p_anonymous_namespace_lineBuffer_39_3|         array|
|p_anonymous_namespace_lineBuffer_39_3_we0       |  out|    1|   ap_memory|   p_anonymous_namespace_lineBuffer_39_3|         array|
|p_anonymous_namespace_lineBuffer_39_3_d0        |  out|   12|   ap_memory|   p_anonymous_namespace_lineBuffer_39_3|         array|
|p_anonymous_namespace_lineBuffer_39_4_address0  |  out|    9|   ap_memory|   p_anonymous_namespace_lineBuffer_39_4|         array|
|p_anonymous_namespace_lineBuffer_39_4_ce0       |  out|    1|   ap_memory|   p_anonymous_namespace_lineBuffer_39_4|         array|
|p_anonymous_namespace_lineBuffer_39_4_we0       |  out|    1|   ap_memory|   p_anonymous_namespace_lineBuffer_39_4|         array|
|p_anonymous_namespace_lineBuffer_39_4_d0        |  out|   12|   ap_memory|   p_anonymous_namespace_lineBuffer_39_4|         array|
+------------------------------------------------+-----+-----+------------+----------------------------------------+--------------+

============================================================
+ Verbose Summary: Synthesis Manager
============================================================
InlineROM: 1
ExposeGlobal: 0
============================================================
+ Verbose Summary: CDFG Model
============================================================
IsTopModel: 0
ResetActiveHigh: 1
IsCombinational: 2
IsDatapathOnly: 2
HasWiredReturn: 1
HasMFsm: 2
HasVarLatency: 1
IsPipeline: 0
IsRtlPipelined: 0
IsInstanceOverlapped: 0
IsDontTouch: 0
HasImplIP: 0
IsGatedGlobalClock: 0

+ Individual pipeline summary: 
  * Pipeline-0: initiation interval (II) = 1, depth = 3


============================================================
+ Verbose Summary: Schedule
============================================================
* Number of FSM states : 3
* Pipeline : 1
  Pipeline-0 : II = 1, D = 3, States = { 1 2 3 }
* Dataflow Pipeline: 0

* FSM state transitions: 
1 --> 2 
2 --> 3 
3 --> 

* FSM state operations: 

State 1 <SV = 0> <Delay = 3.61>
ST_1 : Operation 6 [1/1] (0.00ns)   --->   "%empty_83 = alloca i32 1"   --->   Operation 6 'alloca' 'empty_83' <Predicate = true> <Delay = 0.00>
ST_1 : Operation 7 [1/1] (0.00ns)   --->   "%column = alloca i32 1" [../src/gaussian_blur.cpp:76]   --->   Operation 7 'alloca' 'column' <Predicate = true> <Delay = 0.00>
ST_1 : Operation 8 [1/1] (0.00ns)   --->   "%empty_84 = alloca i32 1"   --->   Operation 8 'alloca' 'empty_84' <Predicate = true> <Delay = 0.00>
ST_1 : Operation 9 [1/1] (0.00ns)   --->   "%empty_85 = alloca i32 1"   --->   Operation 9 'alloca' 'empty_85' <Predicate = true> <Delay = 0.00>
ST_1 : Operation 10 [1/1] (0.00ns)   --->   "%empty_86 = alloca i32 1"   --->   Operation 10 'alloca' 'empty_86' <Predicate = true> <Delay = 0.00>
ST_1 : Operation 11 [1/1] (0.00ns)   --->   "%empty_87 = alloca i32 1"   --->   Operation 11 'alloca' 'empty_87' <Predicate = true> <Delay = 0.00>
ST_1 : Operation 12 [1/1] (0.00ns)   --->   "%tmp = read i4 @_ssdm_op_Read.ap_auto.i4, i4 %empty"   --->   Operation 12 'read' 'tmp' <Predicate = true> <Delay = 0.00>
ST_1 : Operation 13 [1/1] (0.00ns)   --->   "%input_load_2_read = read i8 @_ssdm_op_Read.ap_auto.i8, i8 %input_load_2"   --->   Operation 13 'read' 'input_load_2_read' <Predicate = true> <Delay = 0.00>
ST_1 : Operation 14 [1/1] (0.00ns)   --->   "%input_load_1_read = read i8 @_ssdm_op_Read.ap_auto.i8, i8 %input_load_1"   --->   Operation 14 'read' 'input_load_1_read' <Predicate = true> <Delay = 0.00>
ST_1 : Operation 15 [1/1] (0.00ns)   --->   "%input_load_read = read i8 @_ssdm_op_Read.ap_auto.i8, i8 %input_load"   --->   Operation 15 'read' 'input_load_read' <Predicate = true> <Delay = 0.00>
ST_1 : Operation 16 [1/1] (0.42ns)   --->   "%store_ln0 = store i8 %input_load_read, i8 %empty_87"   --->   Operation 16 'store' 'store_ln0' <Predicate = true> <Delay = 0.42>
ST_1 : Operation 17 [1/1] (0.42ns)   --->   "%store_ln0 = store i8 %input_load_1_read, i8 %empty_86"   --->   Operation 17 'store' 'store_ln0' <Predicate = true> <Delay = 0.42>
ST_1 : Operation 18 [1/1] (0.42ns)   --->   "%store_ln0 = store i8 %input_load_2_read, i8 %empty_85"   --->   Operation 18 'store' 'store_ln0' <Predicate = true> <Delay = 0.42>
ST_1 : Operation 19 [1/1] (0.42ns)   --->   "%store_ln0 = store i8 %input_load_1_read, i8 %empty_84"   --->   Operation 19 'store' 'store_ln0' <Predicate = true> <Delay = 0.42>
ST_1 : Operation 20 [1/1] (0.42ns)   --->   "%store_ln76 = store i10 0, i10 %column" [../src/gaussian_blur.cpp:76]   --->   Operation 20 'store' 'store_ln76' <Predicate = true> <Delay = 0.42>
ST_1 : Operation 21 [1/1] (0.42ns)   --->   "%store_ln0 = store i8 %input_load_read, i8 %empty_83"   --->   Operation 21 'store' 'store_ln0' <Predicate = true> <Delay = 0.42>
ST_1 : Operation 22 [1/1] (0.00ns)   --->   "%br_ln0 = br void %VITIS_LOOP_81_3"   --->   Operation 22 'br' 'br_ln0' <Predicate = true> <Delay = 0.00>
ST_1 : Operation 23 [1/1] (0.00ns)   --->   "%column_10 = load i10 %column" [../src/gaussian_blur.cpp:76]   --->   Operation 23 'load' 'column_10' <Predicate = true> <Delay = 0.00>
ST_1 : Operation 24 [1/1] (0.78ns)   --->   "%icmp_ln76 = icmp_eq  i10 %column_10, i10 512" [../src/gaussian_blur.cpp:76]   --->   Operation 24 'icmp' 'icmp_ln76' <Predicate = true> <Delay = 0.78> <CoreInst = "Cmp">   --->   Core 9 'Cmp' <Latency = 0> <II = 1> <Delay = 0.79> <FuncUnit> <Opcode : 'seteq' 'setne' 'setle' 'setge' 'setlt' 'setgt'> <InPorts = 2> <OutPorts = 1>
ST_1 : Operation 25 [1/1] (0.78ns)   --->   "%add_ln76 = add i10 %column_10, i10 1" [../src/gaussian_blur.cpp:76]   --->   Operation 25 'add' 'add_ln76' <Predicate = true> <Delay = 0.78> <CoreInst = "Adder">   --->   Core 1 'Adder' <Latency = 0> <II = 1> <Delay = 0.78> <FuncUnit> <Opcode : 'add' 'sub'> <InPorts = 2> <OutPorts = 1>
ST_1 : Operation 26 [1/1] (0.00ns)   --->   "%br_ln76 = br i1 %icmp_ln76, void %VITIS_LOOP_81_3.split, void %for.end44.exitStub" [../src/gaussian_blur.cpp:76]   --->   Operation 26 'br' 'br_ln76' <Predicate = true> <Delay = 0.00>
ST_1 : Operation 27 [1/1] (0.79ns)   --->   "%switch_ln87 = switch i4 %tmp, void %arrayidx232.exit, i4 0, void %arrayidx232.case.0, i4 1, void %arrayidx232.case.1, i4 2, void %arrayidx232.case.2, i4 3, void %arrayidx232.case.3, i4 4, void %arrayidx232.case.4" [../src/gaussian_blur.cpp:87]   --->   Operation 27 'switch' 'switch_ln87' <Predicate = (!icmp_ln76)> <Delay = 0.79>
ST_1 : Operation 28 [1/1] (0.00ns)   --->   "%trunc_ln96 = trunc i10 %column_10" [../src/gaussian_blur.cpp:96]   --->   Operation 28 'trunc' 'trunc_ln96' <Predicate = (!icmp_ln76)> <Delay = 0.00>
ST_1 : Operation 29 [1/1] (0.00ns)   --->   "%zext_ln96 = zext i9 %trunc_ln96" [../src/gaussian_blur.cpp:96]   --->   Operation 29 'zext' 'zext_ln96' <Predicate = (!icmp_ln76)> <Delay = 0.00>
ST_1 : Operation 30 [1/1] (0.77ns)   --->   "%add_ln96 = add i10 %zext_ln96, i10 3" [../src/gaussian_blur.cpp:96]   --->   Operation 30 'add' 'add_ln96' <Predicate = (!icmp_ln76)> <Delay = 0.77> <CoreInst = "Adder">   --->   Core 1 'Adder' <Latency = 0> <II = 1> <Delay = 0.78> <FuncUnit> <Opcode : 'add' 'sub'> <InPorts = 2> <OutPorts = 1>
ST_1 : Operation 31 [1/1] (0.00ns)   --->   "%trunc_ln34 = trunc i10 %add_ln96" [../src/gaussian_blur.cpp:34->../src/gaussian_blur.cpp:96]   --->   Operation 31 'trunc' 'trunc_ln34' <Predicate = (!icmp_ln76)> <Delay = 0.00>
ST_1 : Operation 32 [1/1] (0.00ns)   --->   "%tmp_48 = bitselect i1 @_ssdm_op_BitSelect.i1.i10.i32, i10 %add_ln96, i32 9" [../src/gaussian_blur.cpp:35->../src/gaussian_blur.cpp:96]   --->   Operation 32 'bitselect' 'tmp_48' <Predicate = (!icmp_ln76)> <Delay = 0.00>
ST_1 : Operation 33 [1/1] (0.77ns)   --->   "%sub_ln36 = sub i9 510, i9 %trunc_ln34" [../src/gaussian_blur.cpp:36->../src/gaussian_blur.cpp:96]   --->   Operation 33 'sub' 'sub_ln36' <Predicate = (!icmp_ln76)> <Delay = 0.77> <CoreInst = "Adder">   --->   Core 1 'Adder' <Latency = 0> <II = 1> <Delay = 0.77> <FuncUnit> <Opcode : 'add' 'sub'> <InPorts = 2> <OutPorts = 1>
ST_1 : Operation 34 [1/1] (0.39ns)   --->   "%select_ln35 = select i1 %tmp_48, i9 %sub_ln36, i9 %trunc_ln34" [../src/gaussian_blur.cpp:35->../src/gaussian_blur.cpp:96]   --->   Operation 34 'select' 'select_ln35' <Predicate = (!icmp_ln76)> <Delay = 0.39> <CoreInst = "Sel">   --->   Core 73 'Sel' <Latency = 0> <II = 1> <Delay = 0.39> <FuncUnit> <Opcode : 'select'> <InPorts = 3> <OutPorts = 1>
ST_1 : Operation 35 [1/1] (0.00ns)   --->   "%zext_ln96_1 = zext i9 %select_ln35" [../src/gaussian_blur.cpp:96]   --->   Operation 35 'zext' 'zext_ln96_1' <Predicate = (!icmp_ln76)> <Delay = 0.00>
ST_1 : Operation 36 [1/1] (0.00ns)   --->   "%input_addr = getelementptr i8 %input_r, i64 0, i64 %zext_ln96_1" [../src/gaussian_blur.cpp:96]   --->   Operation 36 'getelementptr' 'input_addr' <Predicate = (!icmp_ln76)> <Delay = 0.00>
ST_1 : Operation 37 [2/2] (1.23ns)   --->   "%input_load_3 = load i9 %input_addr" [../src/gaussian_blur.cpp:96]   --->   Operation 37 'load' 'input_load_3' <Predicate = (!icmp_ln76)> <Delay = 1.23> <CoreInst = "RAM">   --->   Core 82 'RAM' <Latency = 1> <II = 1> <Delay = 1.23> <Storage> <Opcode : 'load' 'store'> <Ports = 2> <Width = 8> <Depth = 512> <RAM>
ST_1 : Operation 38 [1/1] (0.42ns)   --->   "%store_ln76 = store i10 %add_ln76, i10 %column" [../src/gaussian_blur.cpp:76]   --->   Operation 38 'store' 'store_ln76' <Predicate = (!icmp_ln76)> <Delay = 0.42>

State 2 <SV = 1> <Delay = 2.47>
ST_2 : Operation 39 [1/1] (0.00ns)   --->   "%p_load11 = load i8 %empty_84"   --->   Operation 39 'load' 'p_load11' <Predicate = true> <Delay = 0.00>
ST_2 : Operation 40 [1/1] (0.00ns)   --->   "%p_load10 = load i8 %empty_85" [../src/gaussian_blur.cpp:83]   --->   Operation 40 'load' 'p_load10' <Predicate = true> <Delay = 0.00>
ST_2 : Operation 41 [1/1] (0.00ns)   --->   "%p_load9 = load i8 %empty_86"   --->   Operation 41 'load' 'p_load9' <Predicate = true> <Delay = 0.00>
ST_2 : Operation 42 [1/1] (0.00ns)   --->   "%p_load = load i8 %empty_87" [../src/gaussian_blur.cpp:83]   --->   Operation 42 'load' 'p_load' <Predicate = true> <Delay = 0.00>
ST_2 : Operation 43 [1/1] (0.00ns)   --->   "%p_load12 = load i8 %empty_83" [../src/gaussian_blur.cpp:84]   --->   Operation 43 'load' 'p_load12' <Predicate = (!icmp_ln76)> <Delay = 0.00>
ST_2 : Operation 44 [1/1] (0.00ns)   --->   "%zext_ln84 = zext i8 %p_load12" [../src/gaussian_blur.cpp:84]   --->   Operation 44 'zext' 'zext_ln84' <Predicate = (!icmp_ln76)> <Delay = 0.00>
ST_2 : Operation 45 [1/1] (0.00ns)   --->   "%zext_ln83 = zext i8 %p_load" [../src/gaussian_blur.cpp:83]   --->   Operation 45 'zext' 'zext_ln83' <Predicate = (!icmp_ln76)> <Delay = 0.00>
ST_2 : Operation 46 [1/1] (0.00ns)   --->   "%p_shl = bitconcatenate i11 @_ssdm_op_BitConcatenate.i11.i8.i3, i8 %p_load10, i3 0" [../src/gaussian_blur.cpp:83]   --->   Operation 46 'bitconcatenate' 'p_shl' <Predicate = (!icmp_ln76)> <Delay = 0.00>
ST_2 : Operation 47 [1/1] (0.00ns)   --->   "%tmp_47 = bitconcatenate i9 @_ssdm_op_BitConcatenate.i9.i8.i1, i8 %p_load10, i1 0" [../src/gaussian_blur.cpp:83]   --->   Operation 47 'bitconcatenate' 'tmp_47' <Predicate = (!icmp_ln76)> <Delay = 0.00>
ST_2 : Operation 48 [1/1] (0.00ns)   --->   "%zext_ln83_4 = zext i9 %tmp_47" [../src/gaussian_blur.cpp:83]   --->   Operation 48 'zext' 'zext_ln83_4' <Predicate = (!icmp_ln76)> <Delay = 0.00>
ST_2 : Operation 49 [1/1] (0.00ns) (grouped into TernaryAdder)   --->   "%sub_ln83 = sub i11 %p_shl, i11 %zext_ln83_4" [../src/gaussian_blur.cpp:83]   --->   Operation 49 'sub' 'sub_ln83' <Predicate = (!icmp_ln76)> <Delay = 0.00> <CoreInst = "TAddSub">   --->   Core 10 'TAddSub' <Latency = 0> <II = 1> <Delay = 0.45> <IPBlock> <Opcode : 'add' 'sub'> <InPorts = 3> <OutPorts = 1> <Sync> <CReg>
ST_2 : Operation 50 [1/1] (0.00ns)   --->   "%p_cast9 = zext i8 %p_load9"   --->   Operation 50 'zext' 'p_cast9' <Predicate = (!icmp_ln76)> <Delay = 0.00>
ST_2 : Operation 51 [1/1] (0.00ns)   --->   "%p_cast8 = zext i8 %p_load11"   --->   Operation 51 'zext' 'p_cast8' <Predicate = (!icmp_ln76)> <Delay = 0.00>
ST_2 : Operation 52 [1/1] (0.76ns)   --->   "%tmp4 = add i9 %p_cast8, i9 %p_cast9"   --->   Operation 52 'add' 'tmp4' <Predicate = (!icmp_ln76)> <Delay = 0.76> <CoreInst = "Adder">   --->   Core 1 'Adder' <Latency = 0> <II = 1> <Delay = 0.77> <FuncUnit> <Opcode : 'add' 'sub'> <InPorts = 2> <OutPorts = 1>
ST_2 : Operation 53 [1/1] (0.00ns)   --->   "%tmp1 = bitconcatenate i11 @_ssdm_op_BitConcatenate.i11.i9.i2, i9 %tmp4, i2 0"   --->   Operation 53 'bitconcatenate' 'tmp1' <Predicate = (!icmp_ln76)> <Delay = 0.00>
ST_2 : Operation 54 [1/1] (0.00ns)   --->   "%zext_ln83_1 = zext i11 %tmp1" [../src/gaussian_blur.cpp:83]   --->   Operation 54 'zext' 'zext_ln83_1' <Predicate = (!icmp_ln76)> <Delay = 0.00>
ST_2 : Operation 55 [1/1] (0.76ns)   --->   "%add_ln83 = add i9 %zext_ln83, i9 %zext_ln84" [../src/gaussian_blur.cpp:83]   --->   Operation 55 'add' 'add_ln83' <Predicate = (!icmp_ln76)> <Delay = 0.76> <CoreInst = "Adder">   --->   Core 1 'Adder' <Latency = 0> <II = 1> <Delay = 0.77> <FuncUnit> <Opcode : 'add' 'sub'> <InPorts = 2> <OutPorts = 1>
ST_2 : Operation 56 [1/1] (0.00ns)   --->   "%zext_ln83_3 = zext i9 %add_ln83" [../src/gaussian_blur.cpp:83]   --->   Operation 56 'zext' 'zext_ln83_3' <Predicate = (!icmp_ln76)> <Delay = 0.00>
ST_2 : Operation 57 [1/1] (0.91ns) (root node of TernaryAdder)   --->   "%add_ln83_1 = add i11 %zext_ln83_3, i11 %sub_ln83" [../src/gaussian_blur.cpp:83]   --->   Operation 57 'add' 'add_ln83_1' <Predicate = (!icmp_ln76)> <Delay = 0.91> <CoreInst = "TAddSub">   --->   Core 10 'TAddSub' <Latency = 0> <II = 1> <Delay = 0.45> <IPBlock> <Opcode : 'add' 'sub'> <InPorts = 3> <OutPorts = 1> <Sync> <CReg>
ST_2 : Operation 58 [1/1] (0.00ns)   --->   "%zext_ln83_2 = zext i11 %add_ln83_1" [../src/gaussian_blur.cpp:83]   --->   Operation 58 'zext' 'zext_ln83_2' <Predicate = (!icmp_ln76)> <Delay = 0.00>
ST_2 : Operation 59 [1/1] (0.79ns)   --->   "%add_ln83_2 = add i12 %zext_ln83_2, i12 %zext_ln83_1" [../src/gaussian_blur.cpp:83]   --->   Operation 59 'add' 'add_ln83_2' <Predicate = (!icmp_ln76)> <Delay = 0.79> <CoreInst = "Adder">   --->   Core 1 'Adder' <Latency = 0> <II = 1> <Delay = 0.80> <FuncUnit> <Opcode : 'add' 'sub'> <InPorts = 2> <OutPorts = 1>
ST_2 : Operation 60 [1/2] ( I:1.23ns O:1.23ns )   --->   "%input_load_3 = load i9 %input_addr" [../src/gaussian_blur.cpp:96]   --->   Operation 60 'load' 'input_load_3' <Predicate = (!icmp_ln76)> <Delay = 1.23> <CoreInst = "RAM">   --->   Core 82 'RAM' <Latency = 1> <II = 1> <Delay = 1.23> <Storage> <Opcode : 'load' 'store'> <Ports = 2> <Width = 8> <Depth = 512> <RAM>
ST_2 : Operation 61 [1/1] (0.42ns)   --->   "%store_ln96 = store i8 %input_load_3, i8 %empty_87" [../src/gaussian_blur.cpp:96]   --->   Operation 61 'store' 'store_ln96' <Predicate = (!icmp_ln76)> <Delay = 0.42>
ST_2 : Operation 62 [1/1] (0.42ns)   --->   "%store_ln83 = store i8 %p_load, i8 %empty_86" [../src/gaussian_blur.cpp:83]   --->   Operation 62 'store' 'store_ln83' <Predicate = (!icmp_ln76)> <Delay = 0.42>
ST_2 : Operation 63 [1/1] (0.42ns)   --->   "%store_ln0 = store i8 %p_load9, i8 %empty_85"   --->   Operation 63 'store' 'store_ln0' <Predicate = (!icmp_ln76)> <Delay = 0.42>
ST_2 : Operation 64 [1/1] (0.42ns)   --->   "%store_ln83 = store i8 %p_load10, i8 %empty_84" [../src/gaussian_blur.cpp:83]   --->   Operation 64 'store' 'store_ln83' <Predicate = (!icmp_ln76)> <Delay = 0.42>
ST_2 : Operation 65 [1/1] (0.42ns)   --->   "%store_ln0 = store i8 %p_load11, i8 %empty_83"   --->   Operation 65 'store' 'store_ln0' <Predicate = (!icmp_ln76)> <Delay = 0.42>
ST_2 : Operation 66 [1/1] (0.00ns)   --->   "%br_ln76 = br void %VITIS_LOOP_81_3" [../src/gaussian_blur.cpp:76]   --->   Operation 66 'br' 'br_ln76' <Predicate = (!icmp_ln76)> <Delay = 0.00>
ST_2 : Operation 86 [1/1] (0.42ns)   --->   "%ret_ln0 = ret"   --->   Operation 86 'ret' 'ret_ln0' <Predicate = (icmp_ln76)> <Delay = 0.42>

State 3 <SV = 2> <Delay = 1.23>
ST_3 : Operation 67 [1/1] (0.00ns)   --->   "%zext_ln76 = zext i10 %column_10" [../src/gaussian_blur.cpp:76]   --->   Operation 67 'zext' 'zext_ln76' <Predicate = true> <Delay = 0.00>
ST_3 : Operation 68 [1/1] (0.00ns)   --->   "%specpipeline_ln77 = specpipeline void @_ssdm_op_SpecPipeline, i32 1, i32 0, i32 0, i32 0, i32 4294967295, void @empty_14" [../src/gaussian_blur.cpp:77]   --->   Operation 68 'specpipeline' 'specpipeline_ln77' <Predicate = true> <Delay = 0.00>
ST_3 : Operation 69 [1/1] (0.00ns)   --->   "%speclooptripcount_ln76 = speclooptripcount void @_ssdm_op_SpecLoopTripCount, i64 512, i64 512, i64 512" [../src/gaussian_blur.cpp:76]   --->   Operation 69 'speclooptripcount' 'speclooptripcount_ln76' <Predicate = true> <Delay = 0.00>
ST_3 : Operation 70 [1/1] (0.00ns)   --->   "%specloopname_ln76 = specloopname void @_ssdm_op_SpecLoopName, void @empty_18" [../src/gaussian_blur.cpp:76]   --->   Operation 70 'specloopname' 'specloopname_ln76' <Predicate = true> <Delay = 0.00>
ST_3 : Operation 71 [1/1] (0.00ns)   --->   "%p_anonymous_namespace_lineBuffer_39_0_addr = getelementptr i12 %p_anonymous_namespace_lineBuffer_39_0, i64 0, i64 %zext_ln76" [../src/gaussian_blur.cpp:87]   --->   Operation 71 'getelementptr' 'p_anonymous_namespace_lineBuffer_39_0_addr' <Predicate = true> <Delay = 0.00>
ST_3 : Operation 72 [1/1] (0.00ns)   --->   "%p_anonymous_namespace_lineBuffer_39_1_addr = getelementptr i12 %p_anonymous_namespace_lineBuffer_39_1, i64 0, i64 %zext_ln76" [../src/gaussian_blur.cpp:87]   --->   Operation 72 'getelementptr' 'p_anonymous_namespace_lineBuffer_39_1_addr' <Predicate = true> <Delay = 0.00>
ST_3 : Operation 73 [1/1] (0.00ns)   --->   "%p_anonymous_namespace_lineBuffer_39_2_addr = getelementptr i12 %p_anonymous_namespace_lineBuffer_39_2, i64 0, i64 %zext_ln76" [../src/gaussian_blur.cpp:87]   --->   Operation 73 'getelementptr' 'p_anonymous_namespace_lineBuffer_39_2_addr' <Predicate = true> <Delay = 0.00>
ST_3 : Operation 74 [1/1] (0.00ns)   --->   "%p_anonymous_namespace_lineBuffer_39_3_addr = getelementptr i12 %p_anonymous_namespace_lineBuffer_39_3, i64 0, i64 %zext_ln76" [../src/gaussian_blur.cpp:87]   --->   Operation 74 'getelementptr' 'p_anonymous_namespace_lineBuffer_39_3_addr' <Predicate = true> <Delay = 0.00>
ST_3 : Operation 75 [1/1] (0.00ns)   --->   "%p_anonymous_namespace_lineBuffer_39_4_addr = getelementptr i12 %p_anonymous_namespace_lineBuffer_39_4, i64 0, i64 %zext_ln76" [../src/gaussian_blur.cpp:87]   --->   Operation 75 'getelementptr' 'p_anonymous_namespace_lineBuffer_39_4_addr' <Predicate = true> <Delay = 0.00>
ST_3 : Operation 76 [1/1] ( I:1.23ns O:1.23ns )   --->   "%store_ln87 = store i12 %add_ln83_2, i9 %p_anonymous_namespace_lineBuffer_39_4_addr" [../src/gaussian_blur.cpp:87]   --->   Operation 76 'store' 'store_ln87' <Predicate = (tmp == 4)> <Delay = 1.23> <CoreInst = "RAM">   --->   Core 82 'RAM' <Latency = 1> <II = 1> <Delay = 1.23> <Storage> <Opcode : 'load' 'store'> <Ports = 2> <Width = 12> <Depth = 512> <RAM>
ST_3 : Operation 77 [1/1] (0.00ns)   --->   "%br_ln87 = br void %arrayidx232.exit" [../src/gaussian_blur.cpp:87]   --->   Operation 77 'br' 'br_ln87' <Predicate = (tmp == 4)> <Delay = 0.00>
ST_3 : Operation 78 [1/1] ( I:1.23ns O:1.23ns )   --->   "%store_ln87 = store i12 %add_ln83_2, i9 %p_anonymous_namespace_lineBuffer_39_3_addr" [../src/gaussian_blur.cpp:87]   --->   Operation 78 'store' 'store_ln87' <Predicate = (tmp == 3)> <Delay = 1.23> <CoreInst = "RAM">   --->   Core 82 'RAM' <Latency = 1> <II = 1> <Delay = 1.23> <Storage> <Opcode : 'load' 'store'> <Ports = 2> <Width = 12> <Depth = 512> <RAM>
ST_3 : Operation 79 [1/1] (0.00ns)   --->   "%br_ln87 = br void %arrayidx232.exit" [../src/gaussian_blur.cpp:87]   --->   Operation 79 'br' 'br_ln87' <Predicate = (tmp == 3)> <Delay = 0.00>
ST_3 : Operation 80 [1/1] ( I:1.23ns O:1.23ns )   --->   "%store_ln87 = store i12 %add_ln83_2, i9 %p_anonymous_namespace_lineBuffer_39_2_addr" [../src/gaussian_blur.cpp:87]   --->   Operation 80 'store' 'store_ln87' <Predicate = (tmp == 2)> <Delay = 1.23> <CoreInst = "RAM">   --->   Core 82 'RAM' <Latency = 1> <II = 1> <Delay = 1.23> <Storage> <Opcode : 'load' 'store'> <Ports = 2> <Width = 12> <Depth = 512> <RAM>
ST_3 : Operation 81 [1/1] (0.00ns)   --->   "%br_ln87 = br void %arrayidx232.exit" [../src/gaussian_blur.cpp:87]   --->   Operation 81 'br' 'br_ln87' <Predicate = (tmp == 2)> <Delay = 0.00>
ST_3 : Operation 82 [1/1] ( I:1.23ns O:1.23ns )   --->   "%store_ln87 = store i12 %add_ln83_2, i9 %p_anonymous_namespace_lineBuffer_39_1_addr" [../src/gaussian_blur.cpp:87]   --->   Operation 82 'store' 'store_ln87' <Predicate = (tmp == 1)> <Delay = 1.23> <CoreInst = "RAM">   --->   Core 82 'RAM' <Latency = 1> <II = 1> <Delay = 1.23> <Storage> <Opcode : 'load' 'store'> <Ports = 2> <Width = 12> <Depth = 512> <RAM>
ST_3 : Operation 83 [1/1] (0.00ns)   --->   "%br_ln87 = br void %arrayidx232.exit" [../src/gaussian_blur.cpp:87]   --->   Operation 83 'br' 'br_ln87' <Predicate = (tmp == 1)> <Delay = 0.00>
ST_3 : Operation 84 [1/1] ( I:1.23ns O:1.23ns )   --->   "%store_ln87 = store i12 %add_ln83_2, i9 %p_anonymous_namespace_lineBuffer_39_0_addr" [../src/gaussian_blur.cpp:87]   --->   Operation 84 'store' 'store_ln87' <Predicate = (tmp == 0)> <Delay = 1.23> <CoreInst = "RAM">   --->   Core 82 'RAM' <Latency = 1> <II = 1> <Delay = 1.23> <Storage> <Opcode : 'load' 'store'> <Ports = 2> <Width = 12> <Depth = 512> <RAM>
ST_3 : Operation 85 [1/1] (0.00ns)   --->   "%br_ln87 = br void %arrayidx232.exit" [../src/gaussian_blur.cpp:87]   --->   Operation 85 'br' 'br_ln87' <Predicate = (tmp == 0)> <Delay = 0.00>


============================================================
+ Verbose Summary: Binding
============================================================
STG Binding: 
---------------- STG Properties BEGIN ----------------
- Is combinational: 0
- Is one-state seq: 0
- Is datapath-only: 0
- Is pipelined: 0
- Is top level: 0
Port [ Return ] is wired: 1; IO mode=ap_ctrl_hs:ce=0
Port [ input_load]:  wired=1; compound=0; hidden=0; nouse=0; global=0; static=0; extern=0; dir=0; type=0; pingpong=0; private_global=0; IO mode=ap_none:ce=0
Port [ input_load_1]:  wired=1; compound=0; hidden=0; nouse=0; global=0; static=0; extern=0; dir=0; type=0; pingpong=0; private_global=0; IO mode=ap_none:ce=0
Port [ input_load_2]:  wired=1; compound=0; hidden=0; nouse=0; global=0; static=0; extern=0; dir=0; type=0; pingpong=0; private_global=0; IO mode=ap_none:ce=0
Port [ input_r]:  wired=1; compound=1; hidden=0; nouse=0; global=0; static=0; extern=0; dir=0; type=1; pingpong=1; private_global=0; MemPort=[13]; IO mode=ap_memory:ce=0
Port [ empty]:  wired=1; compound=0; hidden=0; nouse=0; global=0; static=0; extern=0; dir=0; type=0; pingpong=0; private_global=0; IO mode=ap_none:ce=0
Port [ p_anonymous_namespace_lineBuffer_39_0]:  wired=1; compound=1; hidden=0; nouse=0; global=1; static=1; extern=0; dir=1; type=1; pingpong=0; private_global=0; MemPort=[03]; IO mode=ap_memory:ce=0
Port [ p_anonymous_namespace_lineBuffer_39_1]:  wired=1; compound=1; hidden=0; nouse=0; global=1; static=1; extern=0; dir=1; type=1; pingpong=0; private_global=0; MemPort=[03]; IO mode=ap_memory:ce=0
Port [ p_anonymous_namespace_lineBuffer_39_2]:  wired=1; compound=1; hidden=0; nouse=0; global=1; static=1; extern=0; dir=1; type=1; pingpong=0; private_global=0; MemPort=[03]; IO mode=ap_memory:ce=0
Port [ p_anonymous_namespace_lineBuffer_39_3]:  wired=1; compound=1; hidden=0; nouse=0; global=1; static=1; extern=0; dir=1; type=1; pingpong=0; private_global=0; MemPort=[03]; IO mode=ap_memory:ce=0
Port [ p_anonymous_namespace_lineBuffer_39_4]:  wired=1; compound=1; hidden=0; nouse=0; global=1; static=1; extern=0; dir=1; type=1; pingpong=0; private_global=0; MemPort=[03]; IO mode=ap_memory:ce=0
---------------- STG Properties END ------------------

---------------- Datapath Model BEGIN ----------------

<LifeTime>
<method=bitvector/>
empty_83                                   (alloca           ) [ 0110]
column                                     (alloca           ) [ 0100]
empty_84                                   (alloca           ) [ 0110]
empty_85                                   (alloca           ) [ 0110]
empty_86                                   (alloca           ) [ 0110]
empty_87                                   (alloca           ) [ 0110]
tmp                                        (read             ) [ 0111]
input_load_2_read                          (read             ) [ 0000]
input_load_1_read                          (read             ) [ 0000]
input_load_read                            (read             ) [ 0000]
store_ln0                                  (store            ) [ 0000]
store_ln0                                  (store            ) [ 0000]
store_ln0                                  (store            ) [ 0000]
store_ln0                                  (store            ) [ 0000]
store_ln76                                 (store            ) [ 0000]
store_ln0                                  (store            ) [ 0000]
br_ln0                                     (br               ) [ 0000]
column_10                                  (load             ) [ 0111]
icmp_ln76                                  (icmp             ) [ 0110]
add_ln76                                   (add              ) [ 0000]
br_ln76                                    (br               ) [ 0000]
switch_ln87                                (switch           ) [ 0000]
trunc_ln96                                 (trunc            ) [ 0000]
zext_ln96                                  (zext             ) [ 0000]
add_ln96                                   (add              ) [ 0000]
trunc_ln34                                 (trunc            ) [ 0000]
tmp_48                                     (bitselect        ) [ 0000]
sub_ln36                                   (sub              ) [ 0000]
select_ln35                                (select           ) [ 0000]
zext_ln96_1                                (zext             ) [ 0000]
input_addr                                 (getelementptr    ) [ 0110]
store_ln76                                 (store            ) [ 0000]
p_load11                                   (load             ) [ 0000]
p_load10                                   (load             ) [ 0000]
p_load9                                    (load             ) [ 0000]
p_load                                     (load             ) [ 0000]
p_load12                                   (load             ) [ 0000]
zext_ln84                                  (zext             ) [ 0000]
zext_ln83                                  (zext             ) [ 0000]
p_shl                                      (bitconcatenate   ) [ 0000]
tmp_47                                     (bitconcatenate   ) [ 0000]
zext_ln83_4                                (zext             ) [ 0000]
sub_ln83                                   (sub              ) [ 0000]
p_cast9                                    (zext             ) [ 0000]
p_cast8                                    (zext             ) [ 0000]
tmp4                                       (add              ) [ 0000]
tmp1                                       (bitconcatenate   ) [ 0000]
zext_ln83_1                                (zext             ) [ 0000]
add_ln83                                   (add              ) [ 0000]
zext_ln83_3                                (zext             ) [ 0000]
add_ln83_1                                 (add              ) [ 0000]
zext_ln83_2                                (zext             ) [ 0000]
add_ln83_2                                 (add              ) [ 0101]
input_load_3                               (load             ) [ 0000]
store_ln96                                 (store            ) [ 0000]
store_ln83                                 (store            ) [ 0000]
store_ln0                                  (store            ) [ 0000]
store_ln83                                 (store            ) [ 0000]
store_ln0                                  (store            ) [ 0000]
br_ln76                                    (br               ) [ 0000]
zext_ln76                                  (zext             ) [ 0000]
specpipeline_ln77                          (specpipeline     ) [ 0000]
speclooptripcount_ln76                     (speclooptripcount) [ 0000]
specloopname_ln76                          (specloopname     ) [ 0000]
p_anonymous_namespace_lineBuffer_39_0_addr (getelementptr    ) [ 0000]
p_anonymous_namespace_lineBuffer_39_1_addr (getelementptr    ) [ 0000]
p_anonymous_namespace_lineBuffer_39_2_addr (getelementptr    ) [ 0000]
p_anonymous_namespace_lineBuffer_39_3_addr (getelementptr    ) [ 0000]
p_anonymous_namespace_lineBuffer_39_4_addr (getelementptr    ) [ 0000]
store_ln87                                 (store            ) [ 0000]
br_ln87                                    (br               ) [ 0000]
store_ln87                                 (store            ) [ 0000]
br_ln87                                    (br               ) [ 0000]
store_ln87                                 (store            ) [ 0000]
br_ln87                                    (br               ) [ 0000]
store_ln87                                 (store            ) [ 0000]
br_ln87                                    (br               ) [ 0000]
store_ln87                                 (store            ) [ 0000]
br_ln87                                    (br               ) [ 0000]
ret_ln0                                    (ret              ) [ 0000]
</LifeTime>

<model>

<comp_list>
<comp id="0" class="1000" name="input_load">
<pin_list>
<pin id="1" dir="1" index="0" bw="1" slack="0"/>
</pin_list>
<bind>
<StgValue><ssdm name="input_load"/></StgValue>
</bind>
</comp>

<comp id="2" class="1000" name="input_load_1">
<pin_list>
<pin id="3" dir="1" index="0" bw="1" slack="0"/>
</pin_list>
<bind>
<StgValue><ssdm name="input_load_1"/></StgValue>
</bind>
</comp>

<comp id="4" class="1000" name="input_load_2">
<pin_list>
<pin id="5" dir="1" index="0" bw="1" slack="0"/>
</pin_list>
<bind>
<StgValue><ssdm name="input_load_2"/></StgValue>
</bind>
</comp>

<comp id="6" class="1000" name="input_r">
<pin_list>
<pin id="7" dir="1" index="0" bw="1" slack="0"/>
</pin_list>
<bind>
<StgValue><ssdm name="input_r"/><MemPortTyVec>1 3 </MemPortTyVec>
</StgValue>
</bind>
</comp>

<comp id="8" class="1000" name="empty">
<pin_list>
<pin id="9" dir="1" index="0" bw="1" slack="0"/>
</pin_list>
<bind>
<StgValue><ssdm name="empty"/></StgValue>
</bind>
</comp>

<comp id="10" class="1000" name="p_anonymous_namespace_lineBuffer_39_0">
<pin_list>
<pin id="11" dir="1" index="0" bw="1" slack="0"/>
</pin_list>
<bind>
<StgValue><ssdm name="p_anonymous_namespace_lineBuffer_39_0"/><MemPortTyVec>0 3 </MemPortTyVec>
</StgValue>
</bind>
</comp>

<comp id="12" class="1000" name="p_anonymous_namespace_lineBuffer_39_1">
<pin_list>
<pin id="13" dir="1" index="0" bw="1" slack="0"/>
</pin_list>
<bind>
<StgValue><ssdm name="p_anonymous_namespace_lineBuffer_39_1"/><MemPortTyVec>0 3 </MemPortTyVec>
</StgValue>
</bind>
</comp>

<comp id="14" class="1000" name="p_anonymous_namespace_lineBuffer_39_2">
<pin_list>
<pin id="15" dir="1" index="0" bw="1" slack="0"/>
</pin_list>
<bind>
<StgValue><ssdm name="p_anonymous_namespace_lineBuffer_39_2"/><MemPortTyVec>0 3 </MemPortTyVec>
</StgValue>
</bind>
</comp>

<comp id="16" class="1000" name="p_anonymous_namespace_lineBuffer_39_3">
<pin_list>
<pin id="17" dir="1" index="0" bw="1" slack="0"/>
</pin_list>
<bind>
<StgValue><ssdm name="p_anonymous_namespace_lineBuffer_39_3"/><MemPortTyVec>0 3 </MemPortTyVec>
</StgValue>
</bind>
</comp>

<comp id="18" class="1000" name="p_anonymous_namespace_lineBuffer_39_4">
<pin_list>
<pin id="19" dir="1" index="0" bw="1" slack="0"/>
</pin_list>
<bind>
<StgValue><ssdm name="p_anonymous_namespace_lineBuffer_39_4"/><MemPortTyVec>0 3 </MemPortTyVec>
</StgValue>
</bind>
</comp>

<comp id="20" class="1001" name="const_20">
<pin_list>
<pin id="21" dir="1" index="0" bw="1" slack="0"/>
</pin_list>
<bind>
<StgValue><ssdm name=""/></StgValue>
</bind>
</comp>

<comp id="22" class="1001" name="const_22">
<pin_list>
<pin id="23" dir="1" index="0" bw="1" slack="0"/>
</pin_list>
<bind>
<StgValue><ssdm name="_ssdm_op_Read.ap_auto.i4"/></StgValue>
</bind>
</comp>

<comp id="24" class="1001" name="const_24">
<pin_list>
<pin id="25" dir="1" index="0" bw="1" slack="0"/>
</pin_list>
<bind>
<StgValue><ssdm name="_ssdm_op_Read.ap_auto.i8"/></StgValue>
</bind>
</comp>

<comp id="26" class="1001" name="const_26">
<pin_list>
<pin id="27" dir="1" index="0" bw="1" slack="0"/>
</pin_list>
<bind>
<StgValue><ssdm name=""/></StgValue>
</bind>
</comp>

<comp id="28" class="1001" name="const_28">
<pin_list>
<pin id="29" dir="1" index="0" bw="1" slack="0"/>
</pin_list>
<bind>
<StgValue><ssdm name=""/></StgValue>
</bind>
</comp>

<comp id="30" class="1001" name="const_30">
<pin_list>
<pin id="31" dir="1" index="0" bw="1" slack="0"/>
</pin_list>
<bind>
<StgValue><ssdm name=""/></StgValue>
</bind>
</comp>

<comp id="32" class="1001" name="const_32">
<pin_list>
<pin id="33" dir="1" index="0" bw="1" slack="0"/>
</pin_list>
<bind>
<StgValue><ssdm name=""/></StgValue>
</bind>
</comp>

<comp id="34" class="1001" name="const_34">
<pin_list>
<pin id="35" dir="1" index="0" bw="1" slack="0"/>
</pin_list>
<bind>
<StgValue><ssdm name=""/></StgValue>
</bind>
</comp>

<comp id="36" class="1001" name="const_36">
<pin_list>
<pin id="37" dir="1" index="0" bw="1" slack="0"/>
</pin_list>
<bind>
<StgValue><ssdm name=""/></StgValue>
</bind>
</comp>

<comp id="38" class="1001" name="const_38">
<pin_list>
<pin id="39" dir="1" index="0" bw="1" slack="0"/>
</pin_list>
<bind>
<StgValue><ssdm name=""/></StgValue>
</bind>
</comp>

<comp id="40" class="1001" name="const_40">
<pin_list>
<pin id="41" dir="1" index="0" bw="1" slack="0"/>
</pin_list>
<bind>
<StgValue><ssdm name=""/></StgValue>
</bind>
</comp>

<comp id="42" class="1001" name="const_42">
<pin_list>
<pin id="43" dir="1" index="0" bw="1" slack="0"/>
</pin_list>
<bind>
<StgValue><ssdm name=""/></StgValue>
</bind>
</comp>

<comp id="44" class="1001" name="const_44">
<pin_list>
<pin id="45" dir="1" index="0" bw="1" slack="0"/>
</pin_list>
<bind>
<StgValue><ssdm name="_ssdm_op_BitSelect.i1.i10.i32"/></StgValue>
</bind>
</comp>

<comp id="46" class="1001" name="const_46">
<pin_list>
<pin id="47" dir="1" index="0" bw="1" slack="0"/>
</pin_list>
<bind>
<StgValue><ssdm name=""/></StgValue>
</bind>
</comp>

<comp id="48" class="1001" name="const_48">
<pin_list>
<pin id="49" dir="1" index="0" bw="1" slack="0"/>
</pin_list>
<bind>
<StgValue><ssdm name=""/></StgValue>
</bind>
</comp>

<comp id="50" class="1001" name="const_50">
<pin_list>
<pin id="51" dir="1" index="0" bw="1" slack="0"/>
</pin_list>
<bind>
<StgValue><ssdm name=""/></StgValue>
</bind>
</comp>

<comp id="52" class="1001" name="const_52">
<pin_list>
<pin id="53" dir="1" index="0" bw="1" slack="0"/>
</pin_list>
<bind>
<StgValue><ssdm name="_ssdm_op_BitConcatenate.i11.i8.i3"/></StgValue>
</bind>
</comp>

<comp id="54" class="1001" name="const_54">
<pin_list>
<pin id="55" dir="1" index="0" bw="1" slack="0"/>
</pin_list>
<bind>
<StgValue><ssdm name=""/></StgValue>
</bind>
</comp>

<comp id="56" class="1001" name="const_56">
<pin_list>
<pin id="57" dir="1" index="0" bw="1" slack="0"/>
</pin_list>
<bind>
<StgValue><ssdm name="_ssdm_op_BitConcatenate.i9.i8.i1"/></StgValue>
</bind>
</comp>

<comp id="58" class="1001" name="const_58">
<pin_list>
<pin id="59" dir="1" index="0" bw="1" slack="0"/>
</pin_list>
<bind>
<StgValue><ssdm name=""/></StgValue>
</bind>
</comp>

<comp id="60" class="1001" name="const_60">
<pin_list>
<pin id="61" dir="1" index="0" bw="1" slack="0"/>
</pin_list>
<bind>
<StgValue><ssdm name="_ssdm_op_BitConcatenate.i11.i9.i2"/></StgValue>
</bind>
</comp>

<comp id="62" class="1001" name="const_62">
<pin_list>
<pin id="63" dir="1" index="0" bw="1" slack="0"/>
</pin_list>
<bind>
<StgValue><ssdm name=""/></StgValue>
</bind>
</comp>

<comp id="64" class="1001" name="const_64">
<pin_list>
<pin id="65" dir="1" index="0" bw="1" slack="2147483647"/>
</pin_list>
<bind>
<StgValue><ssdm name="_ssdm_op_SpecPipeline"/></StgValue>
</bind>
</comp>

<comp id="66" class="1001" name="const_66">
<pin_list>
<pin id="67" dir="1" index="0" bw="1" slack="2147483647"/>
</pin_list>
<bind>
<StgValue><ssdm name=""/></StgValue>
</bind>
</comp>

<comp id="68" class="1001" name="const_68">
<pin_list>
<pin id="69" dir="1" index="0" bw="1" slack="2147483647"/>
</pin_list>
<bind>
<StgValue><ssdm name=""/></StgValue>
</bind>
</comp>

<comp id="70" class="1001" name="const_70">
<pin_list>
<pin id="71" dir="1" index="0" bw="1" slack="2147483647"/>
</pin_list>
<bind>
<StgValue><ssdm name="empty_14"/></StgValue>
</bind>
</comp>

<comp id="72" class="1001" name="const_72">
<pin_list>
<pin id="73" dir="1" index="0" bw="1" slack="2147483647"/>
</pin_list>
<bind>
<StgValue><ssdm name="_ssdm_op_SpecLoopTripCount"/></StgValue>
</bind>
</comp>

<comp id="74" class="1001" name="const_74">
<pin_list>
<pin id="75" dir="1" index="0" bw="1" slack="2147483647"/>
</pin_list>
<bind>
<StgValue><ssdm name=""/></StgValue>
</bind>
</comp>

<comp id="76" class="1001" name="const_76">
<pin_list>
<pin id="77" dir="1" index="0" bw="1" slack="2147483647"/>
</pin_list>
<bind>
<StgValue><ssdm name="_ssdm_op_SpecLoopName"/></StgValue>
</bind>
</comp>

<comp id="78" class="1001" name="const_78">
<pin_list>
<pin id="79" dir="1" index="0" bw="1" slack="2147483647"/>
</pin_list>
<bind>
<StgValue><ssdm name="empty_18"/></StgValue>
</bind>
</comp>

<comp id="80" class="1004" name="empty_83_fu_80">
<pin_list>
<pin id="81" dir="0" index="0" bw="1" slack="0"/>
<pin id="82" dir="1" index="1" bw="8" slack="0"/>
</pin_list>
<bind>
<opcode="alloca(26) " fcode="alloca"/>
<opset="empty_83/1 "/>
</bind>
</comp>

<comp id="84" class="1004" name="column_fu_84">
<pin_list>
<pin id="85" dir="0" index="0" bw="1" slack="0"/>
<pin id="86" dir="1" index="1" bw="10" slack="0"/>
</pin_list>
<bind>
<opcode="alloca(26) " fcode="alloca"/>
<opset="column/1 "/>
</bind>
</comp>

<comp id="88" class="1004" name="empty_84_fu_88">
<pin_list>
<pin id="89" dir="0" index="0" bw="1" slack="0"/>
<pin id="90" dir="1" index="1" bw="8" slack="0"/>
</pin_list>
<bind>
<opcode="alloca(26) " fcode="alloca"/>
<opset="empty_84/1 "/>
</bind>
</comp>

<comp id="92" class="1004" name="empty_85_fu_92">
<pin_list>
<pin id="93" dir="0" index="0" bw="1" slack="0"/>
<pin id="94" dir="1" index="1" bw="8" slack="0"/>
</pin_list>
<bind>
<opcode="alloca(26) " fcode="alloca"/>
<opset="empty_85/1 "/>
</bind>
</comp>

<comp id="96" class="1004" name="empty_86_fu_96">
<pin_list>
<pin id="97" dir="0" index="0" bw="1" slack="0"/>
<pin id="98" dir="1" index="1" bw="8" slack="0"/>
</pin_list>
<bind>
<opcode="alloca(26) " fcode="alloca"/>
<opset="empty_86/1 "/>
</bind>
</comp>

<comp id="100" class="1004" name="empty_87_fu_100">
<pin_list>
<pin id="101" dir="0" index="0" bw="1" slack="0"/>
<pin id="102" dir="1" index="1" bw="8" slack="0"/>
</pin_list>
<bind>
<opcode="alloca(26) " fcode="alloca"/>
<opset="empty_87/1 "/>
</bind>
</comp>

<comp id="104" class="1004" name="tmp_read_fu_104">
<pin_list>
<pin id="105" dir="0" index="0" bw="4" slack="0"/>
<pin id="106" dir="0" index="1" bw="4" slack="0"/>
<pin id="107" dir="1" index="2" bw="4" slack="0"/>
</pin_list>
<bind>
<opcode="read(1150) " fcode="read"/>
<opset="tmp/1 "/>
</bind>
</comp>

<comp id="110" class="1004" name="input_load_2_read_read_fu_110">
<pin_list>
<pin id="111" dir="0" index="0" bw="8" slack="0"/>
<pin id="112" dir="0" index="1" bw="8" slack="0"/>
<pin id="113" dir="1" index="2" bw="8" slack="0"/>
</pin_list>
<bind>
<opcode="read(1150) " fcode="read"/>
<opset="input_load_2_read/1 "/>
</bind>
</comp>

<comp id="116" class="1004" name="input_load_1_read_read_fu_116">
<pin_list>
<pin id="117" dir="0" index="0" bw="8" slack="0"/>
<pin id="118" dir="0" index="1" bw="8" slack="0"/>
<pin id="119" dir="1" index="2" bw="8" slack="0"/>
</pin_list>
<bind>
<opcode="read(1150) " fcode="read"/>
<opset="input_load_1_read/1 "/>
</bind>
</comp>

<comp id="122" class="1004" name="input_load_read_read_fu_122">
<pin_list>
<pin id="123" dir="0" index="0" bw="8" slack="0"/>
<pin id="124" dir="0" index="1" bw="8" slack="0"/>
<pin id="125" dir="1" index="2" bw="8" slack="0"/>
</pin_list>
<bind>
<opcode="read(1150) " fcode="read"/>
<opset="input_load_read/1 "/>
</bind>
</comp>

<comp id="128" class="1004" name="input_addr_gep_fu_128">
<pin_list>
<pin id="129" dir="0" index="0" bw="8" slack="0"/>
<pin id="130" dir="0" index="1" bw="1" slack="0"/>
<pin id="131" dir="0" index="2" bw="9" slack="0"/>
<pin id="132" dir="1" index="3" bw="9" slack="0"/>
</pin_list>
<bind>
<opcode="getelementptr(29) " fcode="getelementptr"/>
<opset="input_addr/1 "/>
</bind>
</comp>

<comp id="135" class="1004" name="grp_access_fu_135">
<pin_list>
<pin id="136" dir="0" index="0" bw="9" slack="0"/>
<pin id="137" dir="0" index="1" bw="8" slack="2147483647"/>
<pin id="138" dir="0" index="2" bw="0" slack="2147483647"/>
<pin id="139" dir="1" index="3" bw="8" slack="0"/>
</pin_list>
<bind>
<opcode="load(27) " fcode="load"/>
<opset="input_load_3/1 "/>
</bind>
</comp>

<comp id="141" class="1004" name="p_anonymous_namespace_lineBuffer_39_0_addr_gep_fu_141">
<pin_list>
<pin id="142" dir="0" index="0" bw="12" slack="0"/>
<pin id="143" dir="0" index="1" bw="1" slack="0"/>
<pin id="144" dir="0" index="2" bw="10" slack="0"/>
<pin id="145" dir="1" index="3" bw="9" slack="0"/>
</pin_list>
<bind>
<opcode="getelementptr(29) " fcode="getelementptr"/>
<opset="p_anonymous_namespace_lineBuffer_39_0_addr/3 "/>
</bind>
</comp>

<comp id="148" class="1004" name="p_anonymous_namespace_lineBuffer_39_1_addr_gep_fu_148">
<pin_list>
<pin id="149" dir="0" index="0" bw="12" slack="0"/>
<pin id="150" dir="0" index="1" bw="1" slack="0"/>
<pin id="151" dir="0" index="2" bw="10" slack="0"/>
<pin id="152" dir="1" index="3" bw="9" slack="0"/>
</pin_list>
<bind>
<opcode="getelementptr(29) " fcode="getelementptr"/>
<opset="p_anonymous_namespace_lineBuffer_39_1_addr/3 "/>
</bind>
</comp>

<comp id="155" class="1004" name="p_anonymous_namespace_lineBuffer_39_2_addr_gep_fu_155">
<pin_list>
<pin id="156" dir="0" index="0" bw="12" slack="0"/>
<pin id="157" dir="0" index="1" bw="1" slack="0"/>
<pin id="158" dir="0" index="2" bw="10" slack="0"/>
<pin id="159" dir="1" index="3" bw="9" slack="0"/>
</pin_list>
<bind>
<opcode="getelementptr(29) " fcode="getelementptr"/>
<opset="p_anonymous_namespace_lineBuffer_39_2_addr/3 "/>
</bind>
</comp>

<comp id="162" class="1004" name="p_anonymous_namespace_lineBuffer_39_3_addr_gep_fu_162">
<pin_list>
<pin id="163" dir="0" index="0" bw="12" slack="0"/>
<pin id="164" dir="0" index="1" bw="1" slack="0"/>
<pin id="165" dir="0" index="2" bw="10" slack="0"/>
<pin id="166" dir="1" index="3" bw="9" slack="0"/>
</pin_list>
<bind>
<opcode="getelementptr(29) " fcode="getelementptr"/>
<opset="p_anonymous_namespace_lineBuffer_39_3_addr/3 "/>
</bind>
</comp>

<comp id="169" class="1004" name="p_anonymous_namespace_lineBuffer_39_4_addr_gep_fu_169">
<pin_list>
<pin id="170" dir="0" index="0" bw="12" slack="0"/>
<pin id="171" dir="0" index="1" bw="1" slack="0"/>
<pin id="172" dir="0" index="2" bw="10" slack="0"/>
<pin id="173" dir="1" index="3" bw="9" slack="0"/>
</pin_list>
<bind>
<opcode="getelementptr(29) " fcode="getelementptr"/>
<opset="p_anonymous_namespace_lineBuffer_39_4_addr/3 "/>
</bind>
</comp>

<comp id="176" class="1004" name="store_ln87_access_fu_176">
<pin_list>
<pin id="177" dir="0" index="0" bw="9" slack="0"/>
<pin id="178" dir="0" index="1" bw="12" slack="1"/>
<pin id="179" dir="0" index="2" bw="0" slack="2147483647"/>
<pin id="180" dir="1" index="3" bw="12" slack="2147483647"/>
</pin_list>
<bind>
<opcode="store(28) " fcode="store"/>
<opset="store_ln87/3 "/>
</bind>
</comp>

<comp id="182" class="1004" name="store_ln87_access_fu_182">
<pin_list>
<pin id="183" dir="0" index="0" bw="9" slack="0"/>
<pin id="184" dir="0" index="1" bw="12" slack="1"/>
<pin id="185" dir="0" index="2" bw="0" slack="2147483647"/>
<pin id="186" dir="1" index="3" bw="12" slack="2147483647"/>
</pin_list>
<bind>
<opcode="store(28) " fcode="store"/>
<opset="store_ln87/3 "/>
</bind>
</comp>

<comp id="188" class="1004" name="store_ln87_access_fu_188">
<pin_list>
<pin id="189" dir="0" index="0" bw="9" slack="0"/>
<pin id="190" dir="0" index="1" bw="12" slack="1"/>
<pin id="191" dir="0" index="2" bw="0" slack="2147483647"/>
<pin id="192" dir="1" index="3" bw="12" slack="2147483647"/>
</pin_list>
<bind>
<opcode="store(28) " fcode="store"/>
<opset="store_ln87/3 "/>
</bind>
</comp>

<comp id="194" class="1004" name="store_ln87_access_fu_194">
<pin_list>
<pin id="195" dir="0" index="0" bw="9" slack="0"/>
<pin id="196" dir="0" index="1" bw="12" slack="1"/>
<pin id="197" dir="0" index="2" bw="0" slack="2147483647"/>
<pin id="198" dir="1" index="3" bw="12" slack="2147483647"/>
</pin_list>
<bind>
<opcode="store(28) " fcode="store"/>
<opset="store_ln87/3 "/>
</bind>
</comp>

<comp id="200" class="1004" name="store_ln87_access_fu_200">
<pin_list>
<pin id="201" dir="0" index="0" bw="9" slack="0"/>
<pin id="202" dir="0" index="1" bw="12" slack="1"/>
<pin id="203" dir="0" index="2" bw="0" slack="2147483647"/>
<pin id="204" dir="1" index="3" bw="12" slack="2147483647"/>
</pin_list>
<bind>
<opcode="store(28) " fcode="store"/>
<opset="store_ln87/3 "/>
</bind>
</comp>

<comp id="206" class="1004" name="store_ln0_store_fu_206">
<pin_list>
<pin id="207" dir="0" index="0" bw="8" slack="0"/>
<pin id="208" dir="0" index="1" bw="8" slack="0"/>
<pin id="209" dir="1" index="2" bw="0" slack="2147483647"/>
</pin_list>
<bind>
<opcode="store(28) " fcode="store"/>
<opset="store_ln0/1 "/>
</bind>
</comp>

<comp id="211" class="1004" name="store_ln0_store_fu_211">
<pin_list>
<pin id="212" dir="0" index="0" bw="8" slack="0"/>
<pin id="213" dir="0" index="1" bw="8" slack="0"/>
<pin id="214" dir="1" index="2" bw="0" slack="2147483647"/>
</pin_list>
<bind>
<opcode="store(28) " fcode="store"/>
<opset="store_ln0/1 "/>
</bind>
</comp>

<comp id="216" class="1004" name="store_ln0_store_fu_216">
<pin_list>
<pin id="217" dir="0" index="0" bw="8" slack="0"/>
<pin id="218" dir="0" index="1" bw="8" slack="0"/>
<pin id="219" dir="1" index="2" bw="0" slack="2147483647"/>
</pin_list>
<bind>
<opcode="store(28) " fcode="store"/>
<opset="store_ln0/1 "/>
</bind>
</comp>

<comp id="221" class="1004" name="store_ln0_store_fu_221">
<pin_list>
<pin id="222" dir="0" index="0" bw="8" slack="0"/>
<pin id="223" dir="0" index="1" bw="8" slack="0"/>
<pin id="224" dir="1" index="2" bw="0" slack="2147483647"/>
</pin_list>
<bind>
<opcode="store(28) " fcode="store"/>
<opset="store_ln0/1 "/>
</bind>
</comp>

<comp id="226" class="1004" name="store_ln76_store_fu_226">
<pin_list>
<pin id="227" dir="0" index="0" bw="1" slack="0"/>
<pin id="228" dir="0" index="1" bw="10" slack="0"/>
<pin id="229" dir="1" index="2" bw="0" slack="2147483647"/>
</pin_list>
<bind>
<opcode="store(28) " fcode="store"/>
<opset="store_ln76/1 "/>
</bind>
</comp>

<comp id="231" class="1004" name="store_ln0_store_fu_231">
<pin_list>
<pin id="232" dir="0" index="0" bw="8" slack="0"/>
<pin id="233" dir="0" index="1" bw="8" slack="0"/>
<pin id="234" dir="1" index="2" bw="0" slack="2147483647"/>
</pin_list>
<bind>
<opcode="store(28) " fcode="store"/>
<opset="store_ln0/1 "/>
</bind>
</comp>

<comp id="236" class="1004" name="column_10_load_fu_236">
<pin_list>
<pin id="237" dir="0" index="0" bw="10" slack="0"/>
<pin id="238" dir="1" index="1" bw="10" slack="0"/>
</pin_list>
<bind>
<opcode="load(27) " fcode="load"/>
<opset="column_10/1 "/>
</bind>
</comp>

<comp id="239" class="1004" name="icmp_ln76_fu_239">
<pin_list>
<pin id="240" dir="0" index="0" bw="10" slack="0"/>
<pin id="241" dir="0" index="1" bw="10" slack="0"/>
<pin id="242" dir="1" index="2" bw="1" slack="1"/>
</pin_list>
<bind>
<opcode="icmp(45) " fcode="icmp"/>
<opset="icmp_ln76/1 "/>
</bind>
</comp>

<comp id="245" class="1004" name="add_ln76_fu_245">
<pin_list>
<pin id="246" dir="0" index="0" bw="10" slack="0"/>
<pin id="247" dir="0" index="1" bw="1" slack="0"/>
<pin id="248" dir="1" index="2" bw="10" slack="0"/>
</pin_list>
<bind>
<opcode="add(8) " fcode="add"/>
<opset="add_ln76/1 "/>
</bind>
</comp>

<comp id="251" class="1004" name="switch_ln87_fu_251">
<pin_list>
<pin id="252" dir="0" index="0" bw="4" slack="0"/>
<pin id="253" dir="0" index="1" bw="1" slack="0"/>
<pin id="254" dir="0" index="2" bw="1" slack="0"/>
<pin id="255" dir="0" index="3" bw="3" slack="0"/>
<pin id="256" dir="0" index="4" bw="3" slack="0"/>
<pin id="257" dir="0" index="5" bw="4" slack="0"/>
<pin id="258" dir="1" index="6" bw="0" slack="2147483647"/>
</pin_list>
<bind>
<opcode="switch(3) " fcode="switch"/>
<opset="switch_ln87/1 "/>
</bind>
</comp>

<comp id="265" class="1004" name="trunc_ln96_fu_265">
<pin_list>
<pin id="266" dir="0" index="0" bw="10" slack="0"/>
<pin id="267" dir="1" index="1" bw="9" slack="0"/>
</pin_list>
<bind>
<opcode="trunc(33) " fcode="trunc"/>
<opset="trunc_ln96/1 "/>
</bind>
</comp>

<comp id="269" class="1004" name="zext_ln96_fu_269">
<pin_list>
<pin id="270" dir="0" index="0" bw="9" slack="0"/>
<pin id="271" dir="1" index="1" bw="10" slack="0"/>
</pin_list>
<bind>
<opcode="zext(34) " fcode="zext"/>
<opset="zext_ln96/1 "/>
</bind>
</comp>

<comp id="273" class="1004" name="add_ln96_fu_273">
<pin_list>
<pin id="274" dir="0" index="0" bw="9" slack="0"/>
<pin id="275" dir="0" index="1" bw="3" slack="0"/>
<pin id="276" dir="1" index="2" bw="10" slack="0"/>
</pin_list>
<bind>
<opcode="add(8) " fcode="add"/>
<opset="add_ln96/1 "/>
</bind>
</comp>

<comp id="279" class="1004" name="trunc_ln34_fu_279">
<pin_list>
<pin id="280" dir="0" index="0" bw="10" slack="0"/>
<pin id="281" dir="1" index="1" bw="9" slack="0"/>
</pin_list>
<bind>
<opcode="trunc(33) " fcode="trunc"/>
<opset="trunc_ln34/1 "/>
</bind>
</comp>

<comp id="283" class="1004" name="tmp_48_fu_283">
<pin_list>
<pin id="284" dir="0" index="0" bw="1" slack="0"/>
<pin id="285" dir="0" index="1" bw="10" slack="0"/>
<pin id="286" dir="0" index="2" bw="5" slack="0"/>
<pin id="287" dir="1" index="3" bw="1" slack="0"/>
</pin_list>
<bind>
<opcode="bitselect(1000) " fcode="bitselect"/>
<opset="tmp_48/1 "/>
</bind>
</comp>

<comp id="291" class="1004" name="sub_ln36_fu_291">
<pin_list>
<pin id="292" dir="0" index="0" bw="2" slack="0"/>
<pin id="293" dir="0" index="1" bw="9" slack="0"/>
<pin id="294" dir="1" index="2" bw="9" slack="0"/>
</pin_list>
<bind>
<opcode="sub(10) " fcode="sub"/>
<opset="sub_ln36/1 "/>
</bind>
</comp>

<comp id="297" class="1004" name="select_ln35_fu_297">
<pin_list>
<pin id="298" dir="0" index="0" bw="1" slack="0"/>
<pin id="299" dir="0" index="1" bw="9" slack="0"/>
<pin id="300" dir="0" index="2" bw="9" slack="0"/>
<pin id="301" dir="1" index="3" bw="9" slack="0"/>
</pin_list>
<bind>
<opcode="select(49) " fcode="select"/>
<opset="select_ln35/1 "/>
</bind>
</comp>

<comp id="305" class="1004" name="zext_ln96_1_fu_305">
<pin_list>
<pin id="306" dir="0" index="0" bw="9" slack="0"/>
<pin id="307" dir="1" index="1" bw="64" slack="0"/>
</pin_list>
<bind>
<opcode="zext(34) " fcode="zext"/>
<opset="zext_ln96_1/1 "/>
</bind>
</comp>

<comp id="310" class="1004" name="store_ln76_store_fu_310">
<pin_list>
<pin id="311" dir="0" index="0" bw="10" slack="0"/>
<pin id="312" dir="0" index="1" bw="10" slack="0"/>
<pin id="313" dir="1" index="2" bw="0" slack="2147483647"/>
</pin_list>
<bind>
<opcode="store(28) " fcode="store"/>
<opset="store_ln76/1 "/>
</bind>
</comp>

<comp id="315" class="1004" name="p_load11_load_fu_315">
<pin_list>
<pin id="316" dir="0" index="0" bw="8" slack="1"/>
<pin id="317" dir="1" index="1" bw="8" slack="0"/>
</pin_list>
<bind>
<opcode="load(27) " fcode="load"/>
<opset="p_load11/2 "/>
</bind>
</comp>

<comp id="318" class="1004" name="p_load10_load_fu_318">
<pin_list>
<pin id="319" dir="0" index="0" bw="8" slack="1"/>
<pin id="320" dir="1" index="1" bw="8" slack="0"/>
</pin_list>
<bind>
<opcode="load(27) " fcode="load"/>
<opset="p_load10/2 "/>
</bind>
</comp>

<comp id="321" class="1004" name="p_load9_load_fu_321">
<pin_list>
<pin id="322" dir="0" index="0" bw="8" slack="1"/>
<pin id="323" dir="1" index="1" bw="8" slack="0"/>
</pin_list>
<bind>
<opcode="load(27) " fcode="load"/>
<opset="p_load9/2 "/>
</bind>
</comp>

<comp id="324" class="1004" name="p_load_load_fu_324">
<pin_list>
<pin id="325" dir="0" index="0" bw="8" slack="1"/>
<pin id="326" dir="1" index="1" bw="8" slack="0"/>
</pin_list>
<bind>
<opcode="load(27) " fcode="load"/>
<opset="p_load/2 "/>
</bind>
</comp>

<comp id="327" class="1004" name="p_load12_load_fu_327">
<pin_list>
<pin id="328" dir="0" index="0" bw="8" slack="1"/>
<pin id="329" dir="1" index="1" bw="8" slack="0"/>
</pin_list>
<bind>
<opcode="load(27) " fcode="load"/>
<opset="p_load12/2 "/>
</bind>
</comp>

<comp id="330" class="1004" name="zext_ln84_fu_330">
<pin_list>
<pin id="331" dir="0" index="0" bw="8" slack="0"/>
<pin id="332" dir="1" index="1" bw="9" slack="0"/>
</pin_list>
<bind>
<opcode="zext(34) " fcode="zext"/>
<opset="zext_ln84/2 "/>
</bind>
</comp>

<comp id="334" class="1004" name="zext_ln83_fu_334">
<pin_list>
<pin id="335" dir="0" index="0" bw="8" slack="0"/>
<pin id="336" dir="1" index="1" bw="9" slack="0"/>
</pin_list>
<bind>
<opcode="zext(34) " fcode="zext"/>
<opset="zext_ln83/2 "/>
</bind>
</comp>

<comp id="338" class="1004" name="p_shl_fu_338">
<pin_list>
<pin id="339" dir="0" index="0" bw="11" slack="0"/>
<pin id="340" dir="0" index="1" bw="8" slack="0"/>
<pin id="341" dir="0" index="2" bw="1" slack="0"/>
<pin id="342" dir="1" index="3" bw="11" slack="0"/>
</pin_list>
<bind>
<opcode="bitconcatenate(1004) " fcode="bitconcatenate"/>
<opset="p_shl/2 "/>
</bind>
</comp>

<comp id="346" class="1004" name="tmp_47_fu_346">
<pin_list>
<pin id="347" dir="0" index="0" bw="9" slack="0"/>
<pin id="348" dir="0" index="1" bw="8" slack="0"/>
<pin id="349" dir="0" index="2" bw="1" slack="0"/>
<pin id="350" dir="1" index="3" bw="9" slack="0"/>
</pin_list>
<bind>
<opcode="bitconcatenate(1004) " fcode="bitconcatenate"/>
<opset="tmp_47/2 "/>
</bind>
</comp>

<comp id="354" class="1004" name="zext_ln83_4_fu_354">
<pin_list>
<pin id="355" dir="0" index="0" bw="9" slack="0"/>
<pin id="356" dir="1" index="1" bw="11" slack="0"/>
</pin_list>
<bind>
<opcode="zext(34) " fcode="zext"/>
<opset="zext_ln83_4/2 "/>
</bind>
</comp>

<comp id="358" class="1004" name="sub_ln83_fu_358">
<pin_list>
<pin id="359" dir="0" index="0" bw="11" slack="0"/>
<pin id="360" dir="0" index="1" bw="9" slack="0"/>
<pin id="361" dir="1" index="2" bw="11" slack="0"/>
</pin_list>
<bind>
<opcode="sub(10) " fcode="sub"/>
<opset="sub_ln83/2 "/>
</bind>
</comp>

<comp id="364" class="1004" name="p_cast9_fu_364">
<pin_list>
<pin id="365" dir="0" index="0" bw="8" slack="0"/>
<pin id="366" dir="1" index="1" bw="9" slack="0"/>
</pin_list>
<bind>
<opcode="zext(34) " fcode="zext"/>
<opset="p_cast9/2 "/>
</bind>
</comp>

<comp id="368" class="1004" name="p_cast8_fu_368">
<pin_list>
<pin id="369" dir="0" index="0" bw="8" slack="0"/>
<pin id="370" dir="1" index="1" bw="9" slack="0"/>
</pin_list>
<bind>
<opcode="zext(34) " fcode="zext"/>
<opset="p_cast8/2 "/>
</bind>
</comp>

<comp id="372" class="1004" name="tmp4_fu_372">
<pin_list>
<pin id="373" dir="0" index="0" bw="8" slack="0"/>
<pin id="374" dir="0" index="1" bw="8" slack="0"/>
<pin id="375" dir="1" index="2" bw="9" slack="0"/>
</pin_list>
<bind>
<opcode="add(8) " fcode="add"/>
<opset="tmp4/2 "/>
</bind>
</comp>

<comp id="378" class="1004" name="tmp1_fu_378">
<pin_list>
<pin id="379" dir="0" index="0" bw="11" slack="0"/>
<pin id="380" dir="0" index="1" bw="9" slack="0"/>
<pin id="381" dir="0" index="2" bw="1" slack="0"/>
<pin id="382" dir="1" index="3" bw="11" slack="0"/>
</pin_list>
<bind>
<opcode="bitconcatenate(1004) " fcode="bitconcatenate"/>
<opset="tmp1/2 "/>
</bind>
</comp>

<comp id="386" class="1004" name="zext_ln83_1_fu_386">
<pin_list>
<pin id="387" dir="0" index="0" bw="11" slack="0"/>
<pin id="388" dir="1" index="1" bw="12" slack="0"/>
</pin_list>
<bind>
<opcode="zext(34) " fcode="zext"/>
<opset="zext_ln83_1/2 "/>
</bind>
</comp>

<comp id="390" class="1004" name="add_ln83_fu_390">
<pin_list>
<pin id="391" dir="0" index="0" bw="8" slack="0"/>
<pin id="392" dir="0" index="1" bw="8" slack="0"/>
<pin id="393" dir="1" index="2" bw="9" slack="0"/>
</pin_list>
<bind>
<opcode="add(8) " fcode="add"/>
<opset="add_ln83/2 "/>
</bind>
</comp>

<comp id="396" class="1004" name="zext_ln83_3_fu_396">
<pin_list>
<pin id="397" dir="0" index="0" bw="9" slack="0"/>
<pin id="398" dir="1" index="1" bw="11" slack="0"/>
</pin_list>
<bind>
<opcode="zext(34) " fcode="zext"/>
<opset="zext_ln83_3/2 "/>
</bind>
</comp>

<comp id="400" class="1004" name="add_ln83_1_fu_400">
<pin_list>
<pin id="401" dir="0" index="0" bw="9" slack="0"/>
<pin id="402" dir="0" index="1" bw="11" slack="0"/>
<pin id="403" dir="1" index="2" bw="11" slack="0"/>
</pin_list>
<bind>
<opcode="add(8) " fcode="add"/>
<opset="add_ln83_1/2 "/>
</bind>
</comp>

<comp id="406" class="1004" name="zext_ln83_2_fu_406">
<pin_list>
<pin id="407" dir="0" index="0" bw="11" slack="0"/>
<pin id="408" dir="1" index="1" bw="12" slack="0"/>
</pin_list>
<bind>
<opcode="zext(34) " fcode="zext"/>
<opset="zext_ln83_2/2 "/>
</bind>
</comp>

<comp id="410" class="1004" name="add_ln83_2_fu_410">
<pin_list>
<pin id="411" dir="0" index="0" bw="11" slack="0"/>
<pin id="412" dir="0" index="1" bw="11" slack="0"/>
<pin id="413" dir="1" index="2" bw="12" slack="1"/>
</pin_list>
<bind>
<opcode="add(8) " fcode="add"/>
<opset="add_ln83_2/2 "/>
</bind>
</comp>

<comp id="416" class="1004" name="store_ln96_store_fu_416">
<pin_list>
<pin id="417" dir="0" index="0" bw="8" slack="0"/>
<pin id="418" dir="0" index="1" bw="8" slack="1"/>
<pin id="419" dir="1" index="2" bw="0" slack="2147483647"/>
</pin_list>
<bind>
<opcode="store(28) " fcode="store"/>
<opset="store_ln96/2 "/>
</bind>
</comp>

<comp id="421" class="1004" name="store_ln83_store_fu_421">
<pin_list>
<pin id="422" dir="0" index="0" bw="8" slack="0"/>
<pin id="423" dir="0" index="1" bw="8" slack="1"/>
<pin id="424" dir="1" index="2" bw="0" slack="2147483647"/>
</pin_list>
<bind>
<opcode="store(28) " fcode="store"/>
<opset="store_ln83/2 "/>
</bind>
</comp>

<comp id="426" class="1004" name="store_ln0_store_fu_426">
<pin_list>
<pin id="427" dir="0" index="0" bw="8" slack="0"/>
<pin id="428" dir="0" index="1" bw="8" slack="1"/>
<pin id="429" dir="1" index="2" bw="0" slack="2147483647"/>
</pin_list>
<bind>
<opcode="store(28) " fcode="store"/>
<opset="store_ln0/2 "/>
</bind>
</comp>

<comp id="431" class="1004" name="store_ln83_store_fu_431">
<pin_list>
<pin id="432" dir="0" index="0" bw="8" slack="0"/>
<pin id="433" dir="0" index="1" bw="8" slack="1"/>
<pin id="434" dir="1" index="2" bw="0" slack="2147483647"/>
</pin_list>
<bind>
<opcode="store(28) " fcode="store"/>
<opset="store_ln83/2 "/>
</bind>
</comp>

<comp id="436" class="1004" name="store_ln0_store_fu_436">
<pin_list>
<pin id="437" dir="0" index="0" bw="8" slack="0"/>
<pin id="438" dir="0" index="1" bw="8" slack="1"/>
<pin id="439" dir="1" index="2" bw="0" slack="2147483647"/>
</pin_list>
<bind>
<opcode="store(28) " fcode="store"/>
<opset="store_ln0/2 "/>
</bind>
</comp>

<comp id="441" class="1004" name="zext_ln76_fu_441">
<pin_list>
<pin id="442" dir="0" index="0" bw="10" slack="2"/>
<pin id="443" dir="1" index="1" bw="64" slack="0"/>
</pin_list>
<bind>
<opcode="zext(34) " fcode="zext"/>
<opset="zext_ln76/3 "/>
</bind>
</comp>

<comp id="449" class="1005" name="empty_83_reg_449">
<pin_list>
<pin id="450" dir="0" index="0" bw="8" slack="0"/>
<pin id="451" dir="1" index="1" bw="8" slack="0"/>
</pin_list>
<bind>
<opset="empty_83 "/>
</bind>
</comp>

<comp id="456" class="1005" name="column_reg_456">
<pin_list>
<pin id="457" dir="0" index="0" bw="10" slack="0"/>
<pin id="458" dir="1" index="1" bw="10" slack="0"/>
</pin_list>
<bind>
<opset="column "/>
</bind>
</comp>

<comp id="463" class="1005" name="empty_84_reg_463">
<pin_list>
<pin id="464" dir="0" index="0" bw="8" slack="0"/>
<pin id="465" dir="1" index="1" bw="8" slack="0"/>
</pin_list>
<bind>
<opset="empty_84 "/>
</bind>
</comp>

<comp id="470" class="1005" name="empty_85_reg_470">
<pin_list>
<pin id="471" dir="0" index="0" bw="8" slack="0"/>
<pin id="472" dir="1" index="1" bw="8" slack="0"/>
</pin_list>
<bind>
<opset="empty_85 "/>
</bind>
</comp>

<comp id="477" class="1005" name="empty_86_reg_477">
<pin_list>
<pin id="478" dir="0" index="0" bw="8" slack="0"/>
<pin id="479" dir="1" index="1" bw="8" slack="0"/>
</pin_list>
<bind>
<opset="empty_86 "/>
</bind>
</comp>

<comp id="484" class="1005" name="empty_87_reg_484">
<pin_list>
<pin id="485" dir="0" index="0" bw="8" slack="0"/>
<pin id="486" dir="1" index="1" bw="8" slack="0"/>
</pin_list>
<bind>
<opset="empty_87 "/>
</bind>
</comp>

<comp id="491" class="1005" name="tmp_reg_491">
<pin_list>
<pin id="492" dir="0" index="0" bw="4" slack="2"/>
<pin id="493" dir="1" index="1" bw="4" slack="2147483647"/>
</pin_list>
<bind>
<opset="tmp "/>
</bind>
</comp>

<comp id="495" class="1005" name="column_10_reg_495">
<pin_list>
<pin id="496" dir="0" index="0" bw="10" slack="2"/>
<pin id="497" dir="1" index="1" bw="10" slack="2"/>
</pin_list>
<bind>
<opset="column_10 "/>
</bind>
</comp>

<comp id="500" class="1005" name="icmp_ln76_reg_500">
<pin_list>
<pin id="501" dir="0" index="0" bw="1" slack="1"/>
<pin id="502" dir="1" index="1" bw="1" slack="2147483647"/>
</pin_list>
<bind>
<opset="icmp_ln76 "/>
</bind>
</comp>

<comp id="504" class="1005" name="input_addr_reg_504">
<pin_list>
<pin id="505" dir="0" index="0" bw="9" slack="1"/>
<pin id="506" dir="1" index="1" bw="9" slack="1"/>
</pin_list>
<bind>
<opset="input_addr "/>
</bind>
</comp>

<comp id="509" class="1005" name="add_ln83_2_reg_509">
<pin_list>
<pin id="510" dir="0" index="0" bw="12" slack="1"/>
<pin id="511" dir="1" index="1" bw="12" slack="1"/>
</pin_list>
<bind>
<opset="add_ln83_2 "/>
</bind>
</comp>

</comp_list>

<net_list>
<net id="83"><net_src comp="20" pin="0"/><net_sink comp="80" pin=0"/></net>

<net id="87"><net_src comp="20" pin="0"/><net_sink comp="84" pin=0"/></net>

<net id="91"><net_src comp="20" pin="0"/><net_sink comp="88" pin=0"/></net>

<net id="95"><net_src comp="20" pin="0"/><net_sink comp="92" pin=0"/></net>

<net id="99"><net_src comp="20" pin="0"/><net_sink comp="96" pin=0"/></net>

<net id="103"><net_src comp="20" pin="0"/><net_sink comp="100" pin=0"/></net>

<net id="108"><net_src comp="22" pin="0"/><net_sink comp="104" pin=0"/></net>

<net id="109"><net_src comp="8" pin="0"/><net_sink comp="104" pin=1"/></net>

<net id="114"><net_src comp="24" pin="0"/><net_sink comp="110" pin=0"/></net>

<net id="115"><net_src comp="4" pin="0"/><net_sink comp="110" pin=1"/></net>

<net id="120"><net_src comp="24" pin="0"/><net_sink comp="116" pin=0"/></net>

<net id="121"><net_src comp="2" pin="0"/><net_sink comp="116" pin=1"/></net>

<net id="126"><net_src comp="24" pin="0"/><net_sink comp="122" pin=0"/></net>

<net id="127"><net_src comp="0" pin="0"/><net_sink comp="122" pin=1"/></net>

<net id="133"><net_src comp="6" pin="0"/><net_sink comp="128" pin=0"/></net>

<net id="134"><net_src comp="50" pin="0"/><net_sink comp="128" pin=1"/></net>

<net id="140"><net_src comp="128" pin="3"/><net_sink comp="135" pin=0"/></net>

<net id="146"><net_src comp="10" pin="0"/><net_sink comp="141" pin=0"/></net>

<net id="147"><net_src comp="50" pin="0"/><net_sink comp="141" pin=1"/></net>

<net id="153"><net_src comp="12" pin="0"/><net_sink comp="148" pin=0"/></net>

<net id="154"><net_src comp="50" pin="0"/><net_sink comp="148" pin=1"/></net>

<net id="160"><net_src comp="14" pin="0"/><net_sink comp="155" pin=0"/></net>

<net id="161"><net_src comp="50" pin="0"/><net_sink comp="155" pin=1"/></net>

<net id="167"><net_src comp="16" pin="0"/><net_sink comp="162" pin=0"/></net>

<net id="168"><net_src comp="50" pin="0"/><net_sink comp="162" pin=1"/></net>

<net id="174"><net_src comp="18" pin="0"/><net_sink comp="169" pin=0"/></net>

<net id="175"><net_src comp="50" pin="0"/><net_sink comp="169" pin=1"/></net>

<net id="181"><net_src comp="169" pin="3"/><net_sink comp="176" pin=0"/></net>

<net id="187"><net_src comp="162" pin="3"/><net_sink comp="182" pin=0"/></net>

<net id="193"><net_src comp="155" pin="3"/><net_sink comp="188" pin=0"/></net>

<net id="199"><net_src comp="148" pin="3"/><net_sink comp="194" pin=0"/></net>

<net id="205"><net_src comp="141" pin="3"/><net_sink comp="200" pin=0"/></net>

<net id="210"><net_src comp="122" pin="2"/><net_sink comp="206" pin=0"/></net>

<net id="215"><net_src comp="116" pin="2"/><net_sink comp="211" pin=0"/></net>

<net id="220"><net_src comp="110" pin="2"/><net_sink comp="216" pin=0"/></net>

<net id="225"><net_src comp="116" pin="2"/><net_sink comp="221" pin=0"/></net>

<net id="230"><net_src comp="26" pin="0"/><net_sink comp="226" pin=0"/></net>

<net id="235"><net_src comp="122" pin="2"/><net_sink comp="231" pin=0"/></net>

<net id="243"><net_src comp="236" pin="1"/><net_sink comp="239" pin=0"/></net>

<net id="244"><net_src comp="28" pin="0"/><net_sink comp="239" pin=1"/></net>

<net id="249"><net_src comp="236" pin="1"/><net_sink comp="245" pin=0"/></net>

<net id="250"><net_src comp="30" pin="0"/><net_sink comp="245" pin=1"/></net>

<net id="259"><net_src comp="104" pin="2"/><net_sink comp="251" pin=0"/></net>

<net id="260"><net_src comp="32" pin="0"/><net_sink comp="251" pin=1"/></net>

<net id="261"><net_src comp="34" pin="0"/><net_sink comp="251" pin=2"/></net>

<net id="262"><net_src comp="36" pin="0"/><net_sink comp="251" pin=3"/></net>

<net id="263"><net_src comp="38" pin="0"/><net_sink comp="251" pin=4"/></net>

<net id="264"><net_src comp="40" pin="0"/><net_sink comp="251" pin=5"/></net>

<net id="268"><net_src comp="236" pin="1"/><net_sink comp="265" pin=0"/></net>

<net id="272"><net_src comp="265" pin="1"/><net_sink comp="269" pin=0"/></net>

<net id="277"><net_src comp="269" pin="1"/><net_sink comp="273" pin=0"/></net>

<net id="278"><net_src comp="42" pin="0"/><net_sink comp="273" pin=1"/></net>

<net id="282"><net_src comp="273" pin="2"/><net_sink comp="279" pin=0"/></net>

<net id="288"><net_src comp="44" pin="0"/><net_sink comp="283" pin=0"/></net>

<net id="289"><net_src comp="273" pin="2"/><net_sink comp="283" pin=1"/></net>

<net id="290"><net_src comp="46" pin="0"/><net_sink comp="283" pin=2"/></net>

<net id="295"><net_src comp="48" pin="0"/><net_sink comp="291" pin=0"/></net>

<net id="296"><net_src comp="279" pin="1"/><net_sink comp="291" pin=1"/></net>

<net id="302"><net_src comp="283" pin="3"/><net_sink comp="297" pin=0"/></net>

<net id="303"><net_src comp="291" pin="2"/><net_sink comp="297" pin=1"/></net>

<net id="304"><net_src comp="279" pin="1"/><net_sink comp="297" pin=2"/></net>

<net id="308"><net_src comp="297" pin="3"/><net_sink comp="305" pin=0"/></net>

<net id="309"><net_src comp="305" pin="1"/><net_sink comp="128" pin=2"/></net>

<net id="314"><net_src comp="245" pin="2"/><net_sink comp="310" pin=0"/></net>

<net id="333"><net_src comp="327" pin="1"/><net_sink comp="330" pin=0"/></net>

<net id="337"><net_src comp="324" pin="1"/><net_sink comp="334" pin=0"/></net>

<net id="343"><net_src comp="52" pin="0"/><net_sink comp="338" pin=0"/></net>

<net id="344"><net_src comp="318" pin="1"/><net_sink comp="338" pin=1"/></net>

<net id="345"><net_src comp="54" pin="0"/><net_sink comp="338" pin=2"/></net>

<net id="351"><net_src comp="56" pin="0"/><net_sink comp="346" pin=0"/></net>

<net id="352"><net_src comp="318" pin="1"/><net_sink comp="346" pin=1"/></net>

<net id="353"><net_src comp="58" pin="0"/><net_sink comp="346" pin=2"/></net>

<net id="357"><net_src comp="346" pin="3"/><net_sink comp="354" pin=0"/></net>

<net id="362"><net_src comp="338" pin="3"/><net_sink comp="358" pin=0"/></net>

<net id="363"><net_src comp="354" pin="1"/><net_sink comp="358" pin=1"/></net>

<net id="367"><net_src comp="321" pin="1"/><net_sink comp="364" pin=0"/></net>

<net id="371"><net_src comp="315" pin="1"/><net_sink comp="368" pin=0"/></net>

<net id="376"><net_src comp="368" pin="1"/><net_sink comp="372" pin=0"/></net>

<net id="377"><net_src comp="364" pin="1"/><net_sink comp="372" pin=1"/></net>

<net id="383"><net_src comp="60" pin="0"/><net_sink comp="378" pin=0"/></net>

<net id="384"><net_src comp="372" pin="2"/><net_sink comp="378" pin=1"/></net>

<net id="385"><net_src comp="62" pin="0"/><net_sink comp="378" pin=2"/></net>

<net id="389"><net_src comp="378" pin="3"/><net_sink comp="386" pin=0"/></net>

<net id="394"><net_src comp="334" pin="1"/><net_sink comp="390" pin=0"/></net>

<net id="395"><net_src comp="330" pin="1"/><net_sink comp="390" pin=1"/></net>

<net id="399"><net_src comp="390" pin="2"/><net_sink comp="396" pin=0"/></net>

<net id="404"><net_src comp="396" pin="1"/><net_sink comp="400" pin=0"/></net>

<net id="405"><net_src comp="358" pin="2"/><net_sink comp="400" pin=1"/></net>

<net id="409"><net_src comp="400" pin="2"/><net_sink comp="406" pin=0"/></net>

<net id="414"><net_src comp="406" pin="1"/><net_sink comp="410" pin=0"/></net>

<net id="415"><net_src comp="386" pin="1"/><net_sink comp="410" pin=1"/></net>

<net id="420"><net_src comp="135" pin="3"/><net_sink comp="416" pin=0"/></net>

<net id="425"><net_src comp="324" pin="1"/><net_sink comp="421" pin=0"/></net>

<net id="430"><net_src comp="321" pin="1"/><net_sink comp="426" pin=0"/></net>

<net id="435"><net_src comp="318" pin="1"/><net_sink comp="431" pin=0"/></net>

<net id="440"><net_src comp="315" pin="1"/><net_sink comp="436" pin=0"/></net>

<net id="444"><net_src comp="441" pin="1"/><net_sink comp="141" pin=2"/></net>

<net id="445"><net_src comp="441" pin="1"/><net_sink comp="148" pin=2"/></net>

<net id="446"><net_src comp="441" pin="1"/><net_sink comp="155" pin=2"/></net>

<net id="447"><net_src comp="441" pin="1"/><net_sink comp="162" pin=2"/></net>

<net id="448"><net_src comp="441" pin="1"/><net_sink comp="169" pin=2"/></net>

<net id="452"><net_src comp="80" pin="1"/><net_sink comp="449" pin=0"/></net>

<net id="453"><net_src comp="449" pin="1"/><net_sink comp="231" pin=1"/></net>

<net id="454"><net_src comp="449" pin="1"/><net_sink comp="327" pin=0"/></net>

<net id="455"><net_src comp="449" pin="1"/><net_sink comp="436" pin=1"/></net>

<net id="459"><net_src comp="84" pin="1"/><net_sink comp="456" pin=0"/></net>

<net id="460"><net_src comp="456" pin="1"/><net_sink comp="226" pin=1"/></net>

<net id="461"><net_src comp="456" pin="1"/><net_sink comp="236" pin=0"/></net>

<net id="462"><net_src comp="456" pin="1"/><net_sink comp="310" pin=1"/></net>

<net id="466"><net_src comp="88" pin="1"/><net_sink comp="463" pin=0"/></net>

<net id="467"><net_src comp="463" pin="1"/><net_sink comp="221" pin=1"/></net>

<net id="468"><net_src comp="463" pin="1"/><net_sink comp="315" pin=0"/></net>

<net id="469"><net_src comp="463" pin="1"/><net_sink comp="431" pin=1"/></net>

<net id="473"><net_src comp="92" pin="1"/><net_sink comp="470" pin=0"/></net>

<net id="474"><net_src comp="470" pin="1"/><net_sink comp="216" pin=1"/></net>

<net id="475"><net_src comp="470" pin="1"/><net_sink comp="318" pin=0"/></net>

<net id="476"><net_src comp="470" pin="1"/><net_sink comp="426" pin=1"/></net>

<net id="480"><net_src comp="96" pin="1"/><net_sink comp="477" pin=0"/></net>

<net id="481"><net_src comp="477" pin="1"/><net_sink comp="211" pin=1"/></net>

<net id="482"><net_src comp="477" pin="1"/><net_sink comp="321" pin=0"/></net>

<net id="483"><net_src comp="477" pin="1"/><net_sink comp="421" pin=1"/></net>

<net id="487"><net_src comp="100" pin="1"/><net_sink comp="484" pin=0"/></net>

<net id="488"><net_src comp="484" pin="1"/><net_sink comp="206" pin=1"/></net>

<net id="489"><net_src comp="484" pin="1"/><net_sink comp="324" pin=0"/></net>

<net id="490"><net_src comp="484" pin="1"/><net_sink comp="416" pin=1"/></net>

<net id="494"><net_src comp="104" pin="2"/><net_sink comp="491" pin=0"/></net>

<net id="498"><net_src comp="236" pin="1"/><net_sink comp="495" pin=0"/></net>

<net id="499"><net_src comp="495" pin="1"/><net_sink comp="441" pin=0"/></net>

<net id="503"><net_src comp="239" pin="2"/><net_sink comp="500" pin=0"/></net>

<net id="507"><net_src comp="128" pin="3"/><net_sink comp="504" pin=0"/></net>

<net id="508"><net_src comp="504" pin="1"/><net_sink comp="135" pin=0"/></net>

<net id="512"><net_src comp="410" pin="2"/><net_sink comp="509" pin=0"/></net>

<net id="513"><net_src comp="509" pin="1"/><net_sink comp="176" pin=1"/></net>

<net id="514"><net_src comp="509" pin="1"/><net_sink comp="182" pin=1"/></net>

<net id="515"><net_src comp="509" pin="1"/><net_sink comp="188" pin=1"/></net>

<net id="516"><net_src comp="509" pin="1"/><net_sink comp="194" pin=1"/></net>

<net id="517"><net_src comp="509" pin="1"/><net_sink comp="200" pin=1"/></net>

</net_list>

</model> 
---------------- Datapath Model END ------------------

* FSMD analyzer results:
  - Output states:
	Port: input_r | {}
	Port: p_anonymous_namespace_lineBuffer_39_0 | {3 }
	Port: p_anonymous_namespace_lineBuffer_39_1 | {3 }
	Port: p_anonymous_namespace_lineBuffer_39_2 | {3 }
	Port: p_anonymous_namespace_lineBuffer_39_3 | {3 }
	Port: p_anonymous_namespace_lineBuffer_39_4 | {3 }
 - Input state : 
	Port: gaussian_blur_Pipeline_VITIS_LOOP_76_2 : input_load | {1 }
	Port: gaussian_blur_Pipeline_VITIS_LOOP_76_2 : input_load_1 | {1 }
	Port: gaussian_blur_Pipeline_VITIS_LOOP_76_2 : input_load_2 | {1 }
	Port: gaussian_blur_Pipeline_VITIS_LOOP_76_2 : input_r | {1 2 }
	Port: gaussian_blur_Pipeline_VITIS_LOOP_76_2 : empty | {1 }
	Port: gaussian_blur_Pipeline_VITIS_LOOP_76_2 : p_anonymous_namespace_lineBuffer_39_0 | {}
	Port: gaussian_blur_Pipeline_VITIS_LOOP_76_2 : p_anonymous_namespace_lineBuffer_39_1 | {}
	Port: gaussian_blur_Pipeline_VITIS_LOOP_76_2 : p_anonymous_namespace_lineBuffer_39_2 | {}
	Port: gaussian_blur_Pipeline_VITIS_LOOP_76_2 : p_anonymous_namespace_lineBuffer_39_3 | {}
	Port: gaussian_blur_Pipeline_VITIS_LOOP_76_2 : p_anonymous_namespace_lineBuffer_39_4 | {}
  - Chain level:
	State 1
		store_ln76 : 1
		column_10 : 1
		icmp_ln76 : 2
		add_ln76 : 2
		br_ln76 : 3
		trunc_ln96 : 2
		zext_ln96 : 3
		add_ln96 : 4
		trunc_ln34 : 5
		tmp_48 : 5
		sub_ln36 : 6
		select_ln35 : 7
		zext_ln96_1 : 8
		input_addr : 9
		input_load_3 : 10
		store_ln76 : 3
	State 2
		zext_ln84 : 1
		zext_ln83 : 1
		p_shl : 1
		tmp_47 : 1
		zext_ln83_4 : 2
		sub_ln83 : 3
		p_cast9 : 1
		p_cast8 : 1
		tmp4 : 2
		tmp1 : 3
		zext_ln83_1 : 4
		add_ln83 : 2
		zext_ln83_3 : 3
		add_ln83_1 : 4
		zext_ln83_2 : 5
		add_ln83_2 : 6
		store_ln96 : 1
		store_ln83 : 1
		store_ln0 : 1
		store_ln83 : 1
		store_ln0 : 1
	State 3
		p_anonymous_namespace_lineBuffer_39_0_addr : 1
		p_anonymous_namespace_lineBuffer_39_1_addr : 1
		p_anonymous_namespace_lineBuffer_39_2_addr : 1
		p_anonymous_namespace_lineBuffer_39_3_addr : 1
		p_anonymous_namespace_lineBuffer_39_4_addr : 1
		store_ln87 : 2
		store_ln87 : 2
		store_ln87 : 2
		store_ln87 : 2
		store_ln87 : 2


============================================================
+ Verbose Summary: Datapath Resource usage 
============================================================

* Functional unit list:
|----------|-------------------------------|---------|---------|
| Operation|        Functional Unit        |    FF   |   LUT   |
|----------|-------------------------------|---------|---------|
|          |        add_ln76_fu_245        |    0    |    17   |
|          |        add_ln96_fu_273        |    0    |    16   |
|    add   |          tmp4_fu_372          |    0    |    15   |
|          |        add_ln83_fu_390        |    0    |    15   |
|          |       add_ln83_1_fu_400       |    0    |    17   |
|          |       add_ln83_2_fu_410       |    0    |    18   |
|----------|-------------------------------|---------|---------|
|    sub   |        sub_ln36_fu_291        |    0    |    16   |
|          |        sub_ln83_fu_358        |    0    |    17   |
|----------|-------------------------------|---------|---------|
|   icmp   |        icmp_ln76_fu_239       |    0    |    17   |
|----------|-------------------------------|---------|---------|
|  select  |       select_ln35_fu_297      |    0    |    9    |
|----------|-------------------------------|---------|---------|
|          |        tmp_read_fu_104        |    0    |    0    |
|   read   | input_load_2_read_read_fu_110 |    0    |    0    |
|          | input_load_1_read_read_fu_116 |    0    |    0    |
|          |  input_load_read_read_fu_122  |    0    |    0    |
|----------|-------------------------------|---------|---------|
|  switch  |       switch_ln87_fu_251      |    0    |    0    |
|----------|-------------------------------|---------|---------|
|   trunc  |       trunc_ln96_fu_265       |    0    |    0    |
|          |       trunc_ln34_fu_279       |    0    |    0    |
|----------|-------------------------------|---------|---------|
|          |        zext_ln96_fu_269       |    0    |    0    |
|          |       zext_ln96_1_fu_305      |    0    |    0    |
|          |        zext_ln84_fu_330       |    0    |    0    |
|          |        zext_ln83_fu_334       |    0    |    0    |
|          |       zext_ln83_4_fu_354      |    0    |    0    |
|   zext   |         p_cast9_fu_364        |    0    |    0    |
|          |         p_cast8_fu_368        |    0    |    0    |
|          |       zext_ln83_1_fu_386      |    0    |    0    |
|          |       zext_ln83_3_fu_396      |    0    |    0    |
|          |       zext_ln83_2_fu_406      |    0    |    0    |
|          |        zext_ln76_fu_441       |    0    |    0    |
|----------|-------------------------------|---------|---------|
| bitselect|         tmp_48_fu_283         |    0    |    0    |
|----------|-------------------------------|---------|---------|
|          |          p_shl_fu_338         |    0    |    0    |
|bitconcatenate|         tmp_47_fu_346         |    0    |    0    |
|          |          tmp1_fu_378          |    0    |    0    |
|----------|-------------------------------|---------|---------|
|   Total  |                               |    0    |   157   |
|----------|-------------------------------|---------|---------|

Memories:
N/A

* Register list:
+------------------+--------+
|                  |   FF   |
+------------------+--------+
|add_ln83_2_reg_509|   12   |
| column_10_reg_495|   10   |
|  column_reg_456  |   10   |
| empty_83_reg_449 |    8   |
| empty_84_reg_463 |    8   |
| empty_85_reg_470 |    8   |
| empty_86_reg_477 |    8   |
| empty_87_reg_484 |    8   |
| icmp_ln76_reg_500|    1   |
|input_addr_reg_504|    9   |
|    tmp_reg_491   |    4   |
+------------------+--------+
|       Total      |   86   |
+------------------+--------+

* Multiplexer (MUX) list: 
|-------------------|------|------|------|--------||---------||---------||---------|
|        Comp       |  Pin | Size |  BW  | S x BW ||  Delay  ||    FF   ||   LUT   |
|-------------------|------|------|------|--------||---------||---------||---------|
| grp_access_fu_135 |  p0  |   2  |   9  |   18   ||    0    ||    9    |
|-------------------|------|------|------|--------||---------||---------||---------|
|       Total       |      |      |      |   18   ||  0.427  ||    0    ||    9    |
|-------------------|------|------|------|--------||---------||---------||---------|



* Summary:
+-----------+--------+--------+--------+
|           |  Delay |   FF   |   LUT  |
+-----------+--------+--------+--------+
|  Function |    -   |    0   |   157  |
|   Memory  |    -   |    -   |    -   |
|Multiplexer|    0   |    0   |    9   |
|  Register |    -   |   86   |    -   |
+-----------+--------+--------+--------+
|   Total   |    0   |   86   |   166  |
+-----------+--------+--------+--------+
