

================================================================
== Vitis HLS Report for 'gaussian_blur_Pipeline_VITIS_LOOP_82_4'
================================================================
* Date:           Sat Aug  1 12:52:05 2026

* Version:        2025.2 (Build 6295257 on Nov 14 2025)
* Project:        canny_top
* Solution:       hls (Vitis Kernel Flow Target)
* Product family: zynquplus
* Target device:  xck26-sfvc784-2LV-c


================================================================
== Performance Estimates
================================================================
+ Timing: 
    * Summary: 
    +--------+---------+----------+------------+
    |  Clock |  Target | Estimated| Uncertainty|
    +--------+---------+----------+------------+
    |ap_clk  |  5.00 ns|  3.614 ns|     1.35 ns|
    +--------+---------+----------+------------+

+ Latency: 
    * Summary: 
    +---------+---------+----------+----------+-----+-----+-------------------+
    |  Latency (cycles) |  Latency (absolute) |  Interval |      Pipeline     |
    |   min   |   max   |    min   |    max   | min | max |        Type       |
    +---------+---------+----------+----------+-----+-----+-------------------+
    |      515|      515|  2.575 us|  2.575 us|    0|    0|  loop pipeline stp|
    +---------+---------+----------+----------+-----+-----+-------------------+

    + Detail: 
        * Instance: 
        N/A

        * Loop: 
        +-------------------+---------+---------+----------+-----------+-----------+------+----------+
        |                   |  Latency (cycles) | Iteration|  Initiation Interval  | Trip |          |
        |     Loop Name     |   min   |   max   |  Latency |  achieved |   target  | Count| Pipelined|
        +-------------------+---------+---------+----------+-----------+-----------+------+----------+
        |- VITIS_LOOP_82_4  |      513|      513|         3|          1|          1|   512|       yes|
        +-------------------+---------+---------+----------+-----------+-----------+------+----------+

============================================================
+ Verbose Summary: Synthesis Manager
============================================================
InlineROM: 1
ExposeGlobal: 0
============================================================
+ Verbose Summary: CDFG Model
============================================================
IsTopModel: 0
ResetActiveHigh: 1
IsCombinational: 0
IsDatapathOnly: 0
HasWiredReturn: 1
HasMFsm: 2
HasVarLatency: 1
IsPipeline: 0
IsRtlPipelined: 0
IsInstanceOverlapped: 0
IsDontTouch: 0
HasImplIP: 0
IsGatedGlobalClock: 0

+ Individual pipeline summary: 
  * Pipeline-0: initiation interval (II) = 1, depth = 3


============================================================
+ Verbose Summary: Schedule
============================================================
* Number of FSM states : 3
* Pipeline : 1
  Pipeline-0 : II = 1, D = 3, States = { 1 2 3 }
* Dataflow Pipeline: 0

* FSM state transitions: 
1 --> 2 
2 --> 3 
3 --> 

* FSM state operations: 

State 1 <SV = 0> <Delay = 3.61>
ST_1 : Operation 6 [1/1] (0.00ns)   --->   "%empty_96 = alloca i32 1"   --->   Operation 6 'alloca' 'empty_96' <Predicate = true> <Delay = 0.00>
ST_1 : Operation 7 [1/1] (0.00ns)   --->   "%column_13 = alloca i32 1" [../src/gaussian_blur.cpp:82]   --->   Operation 7 'alloca' 'column_13' <Predicate = true> <Delay = 0.00>
ST_1 : Operation 8 [1/1] (0.00ns)   --->   "%empty_97 = alloca i32 1"   --->   Operation 8 'alloca' 'empty_97' <Predicate = true> <Delay = 0.00>
ST_1 : Operation 9 [1/1] (0.00ns)   --->   "%empty_98 = alloca i32 1"   --->   Operation 9 'alloca' 'empty_98' <Predicate = true> <Delay = 0.00>
ST_1 : Operation 10 [1/1] (0.00ns)   --->   "%empty_99 = alloca i32 1"   --->   Operation 10 'alloca' 'empty_99' <Predicate = true> <Delay = 0.00>
ST_1 : Operation 11 [1/1] (0.00ns)   --->   "%empty_100 = alloca i32 1"   --->   Operation 11 'alloca' 'empty_100' <Predicate = true> <Delay = 0.00>
ST_1 : Operation 12 [1/1] (0.00ns)   --->   "%tmp = read i3 @_ssdm_op_Read.ap_auto.i3, i3 %empty"   --->   Operation 12 'read' 'tmp' <Predicate = true> <Delay = 0.00>
ST_1 : Operation 13 [1/1] (0.00ns)   --->   "%row_in_load_2_read = read i8 @_ssdm_op_Read.ap_auto.i8, i8 %row_in_load_2"   --->   Operation 13 'read' 'row_in_load_2_read' <Predicate = true> <Delay = 0.00>
ST_1 : Operation 14 [1/1] (0.00ns)   --->   "%row_in_load_1_read = read i8 @_ssdm_op_Read.ap_auto.i8, i8 %row_in_load_1"   --->   Operation 14 'read' 'row_in_load_1_read' <Predicate = true> <Delay = 0.00>
ST_1 : Operation 15 [1/1] (0.00ns)   --->   "%row_in_load_read = read i8 @_ssdm_op_Read.ap_auto.i8, i8 %row_in_load"   --->   Operation 15 'read' 'row_in_load_read' <Predicate = true> <Delay = 0.00>
ST_1 : Operation 16 [1/1] (0.42ns)   --->   "%store_ln0 = store i8 %row_in_load_read, i8 %empty_100"   --->   Operation 16 'store' 'store_ln0' <Predicate = true> <Delay = 0.42>
ST_1 : Operation 17 [1/1] (0.42ns)   --->   "%store_ln0 = store i8 %row_in_load_1_read, i8 %empty_99"   --->   Operation 17 'store' 'store_ln0' <Predicate = true> <Delay = 0.42>
ST_1 : Operation 18 [1/1] (0.42ns)   --->   "%store_ln0 = store i8 %row_in_load_2_read, i8 %empty_98"   --->   Operation 18 'store' 'store_ln0' <Predicate = true> <Delay = 0.42>
ST_1 : Operation 19 [1/1] (0.42ns)   --->   "%store_ln0 = store i8 %row_in_load_1_read, i8 %empty_97"   --->   Operation 19 'store' 'store_ln0' <Predicate = true> <Delay = 0.42>
ST_1 : Operation 20 [1/1] (0.42ns)   --->   "%store_ln82 = store i10 0, i10 %column_13" [../src/gaussian_blur.cpp:82]   --->   Operation 20 'store' 'store_ln82' <Predicate = true> <Delay = 0.42>
ST_1 : Operation 21 [1/1] (0.42ns)   --->   "%store_ln0 = store i8 %row_in_load_read, i8 %empty_96"   --->   Operation 21 'store' 'store_ln0' <Predicate = true> <Delay = 0.42>
ST_1 : Operation 22 [1/1] (0.00ns)   --->   "%br_ln0 = br void %VITIS_LOOP_87_5"   --->   Operation 22 'br' 'br_ln0' <Predicate = true> <Delay = 0.00>
ST_1 : Operation 23 [1/1] (0.00ns)   --->   "%column = load i10 %column_13" [../src/gaussian_blur.cpp:82]   --->   Operation 23 'load' 'column' <Predicate = true> <Delay = 0.00>
ST_1 : Operation 24 [1/1] (0.78ns)   --->   "%icmp_ln82 = icmp_eq  i10 %column, i10 512" [../src/gaussian_blur.cpp:82]   --->   Operation 24 'icmp' 'icmp_ln82' <Predicate = true> <Delay = 0.78> <CoreInst = "Cmp">   --->   Core 9 'Cmp' <Latency = 0> <II = 1> <Delay = 0.78> <FuncUnit> <Opcode : 'seteq' 'setne' 'setle' 'setge' 'setlt' 'setgt'> <InPorts = 2> <OutPorts = 1>
ST_1 : Operation 25 [1/1] (0.78ns)   --->   "%add_ln82 = add i10 %column, i10 1" [../src/gaussian_blur.cpp:82]   --->   Operation 25 'add' 'add_ln82' <Predicate = true> <Delay = 0.78> <CoreInst = "Adder">   --->   Core 1 'Adder' <Latency = 0> <II = 1> <Delay = 0.78> <FuncUnit> <Opcode : 'add' 'sub'> <InPorts = 2> <OutPorts = 1>
ST_1 : Operation 26 [1/1] (0.00ns)   --->   "%br_ln82 = br i1 %icmp_ln82, void %VITIS_LOOP_87_5.split, void %if.end.loopexit.exitStub" [../src/gaussian_blur.cpp:82]   --->   Operation 26 'br' 'br_ln82' <Predicate = true> <Delay = 0.00>
ST_1 : Operation 27 [1/1] (0.67ns)   --->   "%switch_ln93 = switch i3 %tmp, void %arrayidx392.case.4, i3 0, void %arrayidx392.case.0, i3 1, void %arrayidx392.case.1, i3 2, void %arrayidx392.case.2, i3 3, void %arrayidx392.case.3" [../src/gaussian_blur.cpp:93]   --->   Operation 27 'switch' 'switch_ln93' <Predicate = (!icmp_ln82)> <Delay = 0.67>
ST_1 : Operation 28 [1/1] (0.00ns)   --->   "%trunc_ln102 = trunc i10 %column" [../src/gaussian_blur.cpp:102]   --->   Operation 28 'trunc' 'trunc_ln102' <Predicate = (!icmp_ln82)> <Delay = 0.00>
ST_1 : Operation 29 [1/1] (0.00ns)   --->   "%zext_ln102 = zext i9 %trunc_ln102" [../src/gaussian_blur.cpp:102]   --->   Operation 29 'zext' 'zext_ln102' <Predicate = (!icmp_ln82)> <Delay = 0.00>
ST_1 : Operation 30 [1/1] (0.77ns)   --->   "%add_ln102 = add i10 %zext_ln102, i10 3" [../src/gaussian_blur.cpp:102]   --->   Operation 30 'add' 'add_ln102' <Predicate = (!icmp_ln82)> <Delay = 0.77> <CoreInst = "Adder">   --->   Core 1 'Adder' <Latency = 0> <II = 1> <Delay = 0.77> <FuncUnit> <Opcode : 'add' 'sub'> <InPorts = 2> <OutPorts = 1>
ST_1 : Operation 31 [1/1] (0.00ns)   --->   "%trunc_ln26 = trunc i10 %add_ln102" [../src/gaussian_blur.cpp:26->../src/gaussian_blur.cpp:102]   --->   Operation 31 'trunc' 'trunc_ln26' <Predicate = (!icmp_ln82)> <Delay = 0.00>
ST_1 : Operation 32 [1/1] (0.00ns)   --->   "%tmp_46 = bitselect i1 @_ssdm_op_BitSelect.i1.i10.i32, i10 %add_ln102, i32 9" [../src/gaussian_blur.cpp:27->../src/gaussian_blur.cpp:102]   --->   Operation 32 'bitselect' 'tmp_46' <Predicate = (!icmp_ln82)> <Delay = 0.00>
ST_1 : Operation 33 [1/1] (0.77ns)   --->   "%sub_ln28 = sub i9 510, i9 %trunc_ln26" [../src/gaussian_blur.cpp:28->../src/gaussian_blur.cpp:102]   --->   Operation 33 'sub' 'sub_ln28' <Predicate = (!icmp_ln82)> <Delay = 0.77> <CoreInst = "Adder">   --->   Core 1 'Adder' <Latency = 0> <II = 1> <Delay = 0.77> <FuncUnit> <Opcode : 'add' 'sub'> <InPorts = 2> <OutPorts = 1>
ST_1 : Operation 34 [1/1] (0.39ns)   --->   "%select_ln27 = select i1 %tmp_46, i9 %sub_ln28, i9 %trunc_ln26" [../src/gaussian_blur.cpp:27->../src/gaussian_blur.cpp:102]   --->   Operation 34 'select' 'select_ln27' <Predicate = (!icmp_ln82)> <Delay = 0.39> <CoreInst = "Sel">   --->   Core 73 'Sel' <Latency = 0> <II = 1> <Delay = 0.39> <FuncUnit> <Opcode : 'select'> <InPorts = 3> <OutPorts = 1>
ST_1 : Operation 35 [1/1] (0.00ns)   --->   "%zext_ln102_1 = zext i9 %select_ln27" [../src/gaussian_blur.cpp:102]   --->   Operation 35 'zext' 'zext_ln102_1' <Predicate = (!icmp_ln82)> <Delay = 0.00>
ST_1 : Operation 36 [1/1] (0.00ns)   --->   "%row_in_addr = getelementptr i8 %row_in, i64 0, i64 %zext_ln102_1" [../src/gaussian_blur.cpp:102]   --->   Operation 36 'getelementptr' 'row_in_addr' <Predicate = (!icmp_ln82)> <Delay = 0.00>
ST_1 : Operation 37 [2/2] (1.23ns)   --->   "%row_in_load_3 = load i9 %row_in_addr" [../src/gaussian_blur.cpp:102]   --->   Operation 37 'load' 'row_in_load_3' <Predicate = (!icmp_ln82)> <Delay = 1.23> <CoreInst = "RAM">   --->   Core 82 'RAM' <Latency = 1> <II = 1> <Delay = 1.23> <Storage> <Opcode : 'load' 'store'> <Ports = 2> <Width = 8> <Depth = 512> <RAM>
ST_1 : Operation 38 [1/1] (0.42ns)   --->   "%store_ln82 = store i10 %add_ln82, i10 %column_13" [../src/gaussian_blur.cpp:82]   --->   Operation 38 'store' 'store_ln82' <Predicate = (!icmp_ln82)> <Delay = 0.42>

State 2 <SV = 1> <Delay = 2.47>
ST_2 : Operation 39 [1/1] (0.00ns)   --->   "%p_load3 = load i8 %empty_97"   --->   Operation 39 'load' 'p_load3' <Predicate = true> <Delay = 0.00>
ST_2 : Operation 40 [1/1] (0.00ns)   --->   "%p_load2 = load i8 %empty_98" [../src/gaussian_blur.cpp:89]   --->   Operation 40 'load' 'p_load2' <Predicate = true> <Delay = 0.00>
ST_2 : Operation 41 [1/1] (0.00ns)   --->   "%p_load1 = load i8 %empty_99"   --->   Operation 41 'load' 'p_load1' <Predicate = true> <Delay = 0.00>
ST_2 : Operation 42 [1/1] (0.00ns)   --->   "%p_load = load i8 %empty_100" [../src/gaussian_blur.cpp:89]   --->   Operation 42 'load' 'p_load' <Predicate = true> <Delay = 0.00>
ST_2 : Operation 43 [1/1] (0.00ns)   --->   "%p_load4 = load i8 %empty_96" [../src/gaussian_blur.cpp:90]   --->   Operation 43 'load' 'p_load4' <Predicate = (!icmp_ln82)> <Delay = 0.00>
ST_2 : Operation 44 [1/1] (0.00ns)   --->   "%zext_ln90 = zext i8 %p_load4" [../src/gaussian_blur.cpp:90]   --->   Operation 44 'zext' 'zext_ln90' <Predicate = (!icmp_ln82)> <Delay = 0.00>
ST_2 : Operation 45 [1/1] (0.00ns)   --->   "%zext_ln89 = zext i8 %p_load" [../src/gaussian_blur.cpp:89]   --->   Operation 45 'zext' 'zext_ln89' <Predicate = (!icmp_ln82)> <Delay = 0.00>
ST_2 : Operation 46 [1/1] (0.00ns)   --->   "%p_shl = bitconcatenate i11 @_ssdm_op_BitConcatenate.i11.i8.i3, i8 %p_load2, i3 0" [../src/gaussian_blur.cpp:89]   --->   Operation 46 'bitconcatenate' 'p_shl' <Predicate = (!icmp_ln82)> <Delay = 0.00>
ST_2 : Operation 47 [1/1] (0.00ns)   --->   "%tmp_45 = bitconcatenate i9 @_ssdm_op_BitConcatenate.i9.i8.i1, i8 %p_load2, i1 0" [../src/gaussian_blur.cpp:89]   --->   Operation 47 'bitconcatenate' 'tmp_45' <Predicate = (!icmp_ln82)> <Delay = 0.00>
ST_2 : Operation 48 [1/1] (0.00ns)   --->   "%zext_ln89_4 = zext i9 %tmp_45" [../src/gaussian_blur.cpp:89]   --->   Operation 48 'zext' 'zext_ln89_4' <Predicate = (!icmp_ln82)> <Delay = 0.00>
ST_2 : Operation 49 [1/1] (0.00ns) (grouped into TernaryAdder)   --->   "%sub_ln89 = sub i11 %p_shl, i11 %zext_ln89_4" [../src/gaussian_blur.cpp:89]   --->   Operation 49 'sub' 'sub_ln89' <Predicate = (!icmp_ln82)> <Delay = 0.00> <CoreInst = "TAddSub">   --->   Core 10 'TAddSub' <Latency = 0> <II = 1> <Delay = 0.45> <IPBlock> <Opcode : 'add' 'sub'> <InPorts = 3> <OutPorts = 1> <Sync> <CReg>
ST_2 : Operation 50 [1/1] (0.00ns)   --->   "%p_cast14 = zext i8 %p_load1"   --->   Operation 50 'zext' 'p_cast14' <Predicate = (!icmp_ln82)> <Delay = 0.00>
ST_2 : Operation 51 [1/1] (0.00ns)   --->   "%p_cast13 = zext i8 %p_load3"   --->   Operation 51 'zext' 'p_cast13' <Predicate = (!icmp_ln82)> <Delay = 0.00>
ST_2 : Operation 52 [1/1] (0.76ns)   --->   "%tmp4 = add i9 %p_cast13, i9 %p_cast14"   --->   Operation 52 'add' 'tmp4' <Predicate = (!icmp_ln82)> <Delay = 0.76> <CoreInst = "Adder">   --->   Core 1 'Adder' <Latency = 0> <II = 1> <Delay = 0.76> <FuncUnit> <Opcode : 'add' 'sub'> <InPorts = 2> <OutPorts = 1>
ST_2 : Operation 53 [1/1] (0.00ns)   --->   "%tmp1 = bitconcatenate i11 @_ssdm_op_BitConcatenate.i11.i9.i2, i9 %tmp4, i2 0"   --->   Operation 53 'bitconcatenate' 'tmp1' <Predicate = (!icmp_ln82)> <Delay = 0.00>
ST_2 : Operation 54 [1/1] (0.00ns)   --->   "%zext_ln89_1 = zext i11 %tmp1" [../src/gaussian_blur.cpp:89]   --->   Operation 54 'zext' 'zext_ln89_1' <Predicate = (!icmp_ln82)> <Delay = 0.00>
ST_2 : Operation 55 [1/1] (0.76ns)   --->   "%add_ln89 = add i9 %zext_ln89, i9 %zext_ln90" [../src/gaussian_blur.cpp:89]   --->   Operation 55 'add' 'add_ln89' <Predicate = (!icmp_ln82)> <Delay = 0.76> <CoreInst = "Adder">   --->   Core 1 'Adder' <Latency = 0> <II = 1> <Delay = 0.76> <FuncUnit> <Opcode : 'add' 'sub'> <InPorts = 2> <OutPorts = 1>
ST_2 : Operation 56 [1/1] (0.00ns)   --->   "%zext_ln89_3 = zext i9 %add_ln89" [../src/gaussian_blur.cpp:89]   --->   Operation 56 'zext' 'zext_ln89_3' <Predicate = (!icmp_ln82)> <Delay = 0.00>
ST_2 : Operation 57 [1/1] (0.91ns) (root node of TernaryAdder)   --->   "%add_ln89_1 = add i11 %zext_ln89_3, i11 %sub_ln89" [../src/gaussian_blur.cpp:89]   --->   Operation 57 'add' 'add_ln89_1' <Predicate = (!icmp_ln82)> <Delay = 0.91> <CoreInst = "TAddSub">   --->   Core 10 'TAddSub' <Latency = 0> <II = 1> <Delay = 0.45> <IPBlock> <Opcode : 'add' 'sub'> <InPorts = 3> <OutPorts = 1> <Sync> <CReg>
ST_2 : Operation 58 [1/1] (0.00ns)   --->   "%zext_ln89_2 = zext i11 %add_ln89_1" [../src/gaussian_blur.cpp:89]   --->   Operation 58 'zext' 'zext_ln89_2' <Predicate = (!icmp_ln82)> <Delay = 0.00>
ST_2 : Operation 59 [1/1] (0.79ns)   --->   "%add_ln89_2 = add i12 %zext_ln89_2, i12 %zext_ln89_1" [../src/gaussian_blur.cpp:89]   --->   Operation 59 'add' 'add_ln89_2' <Predicate = (!icmp_ln82)> <Delay = 0.79> <CoreInst = "Adder">   --->   Core 1 'Adder' <Latency = 0> <II = 1> <Delay = 0.79> <FuncUnit> <Opcode : 'add' 'sub'> <InPorts = 2> <OutPorts = 1>
ST_2 : Operation 60 [1/2] ( I:1.23ns O:1.23ns )   --->   "%row_in_load_3 = load i9 %row_in_addr" [../src/gaussian_blur.cpp:102]   --->   Operation 60 'load' 'row_in_load_3' <Predicate = (!icmp_ln82)> <Delay = 1.23> <CoreInst = "RAM">   --->   Core 82 'RAM' <Latency = 1> <II = 1> <Delay = 1.23> <Storage> <Opcode : 'load' 'store'> <Ports = 2> <Width = 8> <Depth = 512> <RAM>
ST_2 : Operation 61 [1/1] (0.42ns)   --->   "%store_ln102 = store i8 %row_in_load_3, i8 %empty_100" [../src/gaussian_blur.cpp:102]   --->   Operation 61 'store' 'store_ln102' <Predicate = (!icmp_ln82)> <Delay = 0.42>
ST_2 : Operation 62 [1/1] (0.42ns)   --->   "%store_ln89 = store i8 %p_load, i8 %empty_99" [../src/gaussian_blur.cpp:89]   --->   Operation 62 'store' 'store_ln89' <Predicate = (!icmp_ln82)> <Delay = 0.42>
ST_2 : Operation 63 [1/1] (0.42ns)   --->   "%store_ln0 = store i8 %p_load1, i8 %empty_98"   --->   Operation 63 'store' 'store_ln0' <Predicate = (!icmp_ln82)> <Delay = 0.42>
ST_2 : Operation 64 [1/1] (0.42ns)   --->   "%store_ln89 = store i8 %p_load2, i8 %empty_97" [../src/gaussian_blur.cpp:89]   --->   Operation 64 'store' 'store_ln89' <Predicate = (!icmp_ln82)> <Delay = 0.42>
ST_2 : Operation 65 [1/1] (0.42ns)   --->   "%store_ln0 = store i8 %p_load3, i8 %empty_96"   --->   Operation 65 'store' 'store_ln0' <Predicate = (!icmp_ln82)> <Delay = 0.42>
ST_2 : Operation 66 [1/1] (0.00ns)   --->   "%br_ln82 = br void %VITIS_LOOP_87_5" [../src/gaussian_blur.cpp:82]   --->   Operation 66 'br' 'br_ln82' <Predicate = (!icmp_ln82)> <Delay = 0.00>
ST_2 : Operation 86 [1/1] (0.42ns)   --->   "%ret_ln0 = ret"   --->   Operation 86 'ret' 'ret_ln0' <Predicate = (icmp_ln82)> <Delay = 0.42>

State 3 <SV = 2> <Delay = 1.23>
ST_3 : Operation 67 [1/1] (0.00ns)   --->   "%zext_ln82 = zext i10 %column" [../src/gaussian_blur.cpp:82]   --->   Operation 67 'zext' 'zext_ln82' <Predicate = true> <Delay = 0.00>
ST_3 : Operation 68 [1/1] (0.00ns)   --->   "%specpipeline_ln83 = specpipeline void @_ssdm_op_SpecPipeline, i32 1, i32 0, i32 0, i32 0, i32 4294967295, void @empty_5" [../src/gaussian_blur.cpp:83]   --->   Operation 68 'specpipeline' 'specpipeline_ln83' <Predicate = true> <Delay = 0.00>
ST_3 : Operation 69 [1/1] (0.00ns)   --->   "%speclooptripcount_ln82 = speclooptripcount void @_ssdm_op_SpecLoopTripCount, i64 512, i64 512, i64 512" [../src/gaussian_blur.cpp:82]   --->   Operation 69 'speclooptripcount' 'speclooptripcount_ln82' <Predicate = true> <Delay = 0.00>
ST_3 : Operation 70 [1/1] (0.00ns)   --->   "%specloopname_ln82 = specloopname void @_ssdm_op_SpecLoopName, void @empty_9" [../src/gaussian_blur.cpp:82]   --->   Operation 70 'specloopname' 'specloopname_ln82' <Predicate = true> <Delay = 0.00>
ST_3 : Operation 71 [1/1] (0.00ns)   --->   "%lineBuffer_addr = getelementptr i12 %lineBuffer, i64 0, i64 %zext_ln82" [../src/gaussian_blur.cpp:93]   --->   Operation 71 'getelementptr' 'lineBuffer_addr' <Predicate = true> <Delay = 0.00>
ST_3 : Operation 72 [1/1] (0.00ns)   --->   "%lineBuffer_1_addr = getelementptr i12 %lineBuffer_1, i64 0, i64 %zext_ln82" [../src/gaussian_blur.cpp:93]   --->   Operation 72 'getelementptr' 'lineBuffer_1_addr' <Predicate = true> <Delay = 0.00>
ST_3 : Operation 73 [1/1] (0.00ns)   --->   "%lineBuffer_2_addr = getelementptr i12 %lineBuffer_2, i64 0, i64 %zext_ln82" [../src/gaussian_blur.cpp:93]   --->   Operation 73 'getelementptr' 'lineBuffer_2_addr' <Predicate = true> <Delay = 0.00>
ST_3 : Operation 74 [1/1] (0.00ns)   --->   "%lineBuffer_3_addr = getelementptr i12 %lineBuffer_3, i64 0, i64 %zext_ln82" [../src/gaussian_blur.cpp:93]   --->   Operation 74 'getelementptr' 'lineBuffer_3_addr' <Predicate = true> <Delay = 0.00>
ST_3 : Operation 75 [1/1] (0.00ns)   --->   "%lineBuffer_4_addr = getelementptr i12 %lineBuffer_4, i64 0, i64 %zext_ln82" [../src/gaussian_blur.cpp:93]   --->   Operation 75 'getelementptr' 'lineBuffer_4_addr' <Predicate = true> <Delay = 0.00>
ST_3 : Operation 76 [1/1] ( I:1.23ns O:1.23ns )   --->   "%store_ln93 = store i12 %add_ln89_2, i9 %lineBuffer_3_addr" [../src/gaussian_blur.cpp:93]   --->   Operation 76 'store' 'store_ln93' <Predicate = (tmp == 3)> <Delay = 1.23> <CoreInst = "RAM">   --->   Core 82 'RAM' <Latency = 1> <II = 1> <Delay = 1.23> <Storage> <Opcode : 'load' 'store'> <Ports = 2> <Width = 12> <Depth = 512> <RAM>
ST_3 : Operation 77 [1/1] (0.00ns)   --->   "%br_ln93 = br void %arrayidx392.exit" [../src/gaussian_blur.cpp:93]   --->   Operation 77 'br' 'br_ln93' <Predicate = (tmp == 3)> <Delay = 0.00>
ST_3 : Operation 78 [1/1] ( I:1.23ns O:1.23ns )   --->   "%store_ln93 = store i12 %add_ln89_2, i9 %lineBuffer_2_addr" [../src/gaussian_blur.cpp:93]   --->   Operation 78 'store' 'store_ln93' <Predicate = (tmp == 2)> <Delay = 1.23> <CoreInst = "RAM">   --->   Core 82 'RAM' <Latency = 1> <II = 1> <Delay = 1.23> <Storage> <Opcode : 'load' 'store'> <Ports = 2> <Width = 12> <Depth = 512> <RAM>
ST_3 : Operation 79 [1/1] (0.00ns)   --->   "%br_ln93 = br void %arrayidx392.exit" [../src/gaussian_blur.cpp:93]   --->   Operation 79 'br' 'br_ln93' <Predicate = (tmp == 2)> <Delay = 0.00>
ST_3 : Operation 80 [1/1] ( I:1.23ns O:1.23ns )   --->   "%store_ln93 = store i12 %add_ln89_2, i9 %lineBuffer_1_addr" [../src/gaussian_blur.cpp:93]   --->   Operation 80 'store' 'store_ln93' <Predicate = (tmp == 1)> <Delay = 1.23> <CoreInst = "RAM">   --->   Core 82 'RAM' <Latency = 1> <II = 1> <Delay = 1.23> <Storage> <Opcode : 'load' 'store'> <Ports = 2> <Width = 12> <Depth = 512> <RAM>
ST_3 : Operation 81 [1/1] (0.00ns)   --->   "%br_ln93 = br void %arrayidx392.exit" [../src/gaussian_blur.cpp:93]   --->   Operation 81 'br' 'br_ln93' <Predicate = (tmp == 1)> <Delay = 0.00>
ST_3 : Operation 82 [1/1] ( I:1.23ns O:1.23ns )   --->   "%store_ln93 = store i12 %add_ln89_2, i9 %lineBuffer_addr" [../src/gaussian_blur.cpp:93]   --->   Operation 82 'store' 'store_ln93' <Predicate = (tmp == 0)> <Delay = 1.23> <CoreInst = "RAM">   --->   Core 82 'RAM' <Latency = 1> <II = 1> <Delay = 1.23> <Storage> <Opcode : 'load' 'store'> <Ports = 2> <Width = 12> <Depth = 512> <RAM>
ST_3 : Operation 83 [1/1] (0.00ns)   --->   "%br_ln93 = br void %arrayidx392.exit" [../src/gaussian_blur.cpp:93]   --->   Operation 83 'br' 'br_ln93' <Predicate = (tmp == 0)> <Delay = 0.00>
ST_3 : Operation 84 [1/1] ( I:1.23ns O:1.23ns )   --->   "%store_ln93 = store i12 %add_ln89_2, i9 %lineBuffer_4_addr" [../src/gaussian_blur.cpp:93]   --->   Operation 84 'store' 'store_ln93' <Predicate = (tmp != 0 & tmp != 1 & tmp != 2 & tmp != 3)> <Delay = 1.23> <CoreInst = "RAM">   --->   Core 82 'RAM' <Latency = 1> <II = 1> <Delay = 1.23> <Storage> <Opcode : 'load' 'store'> <Ports = 2> <Width = 12> <Depth = 512> <RAM>
ST_3 : Operation 85 [1/1] (0.00ns)   --->   "%br_ln93 = br void %arrayidx392.exit" [../src/gaussian_blur.cpp:93]   --->   Operation 85 'br' 'br_ln93' <Predicate = (tmp != 0 & tmp != 1 & tmp != 2 & tmp != 3)> <Delay = 0.00>


============================================================
+ Verbose Summary: Timing violations
============================================================
Target clock period: 5.000ns, clock uncertainty: 1.350ns.

 <State 1>: 3.614ns
The critical path consists of the following:
	'store' operation ('store_ln82', ../src/gaussian_blur.cpp:82) of constant 0 10 bit on local variable 'column', ../src/gaussian_blur.cpp:82 [25]  (0.427 ns)
	'load' operation 10 bit ('column', ../src/gaussian_blur.cpp:82) on local variable 'column', ../src/gaussian_blur.cpp:82 [29]  (0.000 ns)
	'add' operation 10 bit ('add_ln102', ../src/gaussian_blur.cpp:102) [83]  (0.776 ns)
	'sub' operation 9 bit ('sub_ln28', ../src/gaussian_blur.cpp:28->../src/gaussian_blur.cpp:102) [86]  (0.776 ns)
	'select' operation 9 bit ('select_ln27', ../src/gaussian_blur.cpp:27->../src/gaussian_blur.cpp:102) [87]  (0.398 ns)
	'getelementptr' operation 9 bit ('row_in_addr', ../src/gaussian_blur.cpp:102) [89]  (0.000 ns)
	'load' operation 8 bit ('row_in_load_3', ../src/gaussian_blur.cpp:102) on array 'row_in' [90]  (1.237 ns)

 <State 2>: 2.478ns
The critical path consists of the following:
	'load' operation 8 bit ('p_load', ../src/gaussian_blur.cpp:89) on local variable 'empty_100' [33]  (0.000 ns)
	'add' operation 9 bit ('add_ln89', ../src/gaussian_blur.cpp:89) [54]  (0.765 ns)
	'add' operation 11 bit ('add_ln89_1', ../src/gaussian_blur.cpp:89) [56]  (0.914 ns)
	'add' operation 12 bit ('add_ln89_2', ../src/gaussian_blur.cpp:89) [58]  (0.798 ns)

 <State 3>: 1.237ns
The critical path consists of the following:
	'getelementptr' operation 9 bit ('lineBuffer_3_addr', ../src/gaussian_blur.cpp:93) [62]  (0.000 ns)
	'store' operation ('store_ln93', ../src/gaussian_blur.cpp:93) of variable 'add_ln89_2', ../src/gaussian_blur.cpp:89 12 bit on array 'lineBuffer_3' [66]  (1.237 ns)


============================================================
+ Verbose Summary: Binding
============================================================
N/A
* FSMD analyzer results:
  - Output states:
 - Input state : 
  - Chain level:
	State 1
	State 2
	State 3


============================================================
+ Verbose Summary: Datapath Resource usage 
============================================================
N/A
