

================================================================
== Vitis HLS Report for 'gaussian_blur_Pipeline_VITIS_LOOP_76_2'
================================================================
* Date:           Wed Jul 29 23:33:06 2026

* Version:        2025.2 (Build 6295257 on Nov 14 2025)
* Project:        canny_top
* Solution:       hls (Vitis Kernel Flow Target)
* Product family: zynquplus
* Target device:  xck26-sfvc784-2LV-c


================================================================
== Performance Estimates
================================================================
+ Timing: 
    * Summary: 
    +--------+---------+----------+------------+
    |  Clock |  Target | Estimated| Uncertainty|
    +--------+---------+----------+------------+
    |ap_clk  |  5.00 ns|  3.614 ns|     1.35 ns|
    +--------+---------+----------+------------+

+ Latency: 
    * Summary: 
    +---------+---------+----------+----------+-----+-----+-------------------+
    |  Latency (cycles) |  Latency (absolute) |  Interval |      Pipeline     |
    |   min   |   max   |    min   |    max   | min | max |        Type       |
    +---------+---------+----------+----------+-----+-----+-------------------+
    |      515|      515|  2.575 us|  2.575 us|    0|    0|  loop pipeline stp|
    +---------+---------+----------+----------+-----+-----+-------------------+

    + Detail: 
        * Instance: 
        N/A

        * Loop: 
        +-------------------+---------+---------+----------+-----------+-----------+------+----------+
        |                   |  Latency (cycles) | Iteration|  Initiation Interval  | Trip |          |
        |     Loop Name     |   min   |   max   |  Latency |  achieved |   target  | Count| Pipelined|
        +-------------------+---------+---------+----------+-----------+-----------+------+----------+
        |- VITIS_LOOP_76_2  |      513|      513|         3|          1|          1|   512|       yes|
        +-------------------+---------+---------+----------+-----------+-----------+------+----------+

============================================================
+ Verbose Summary: Synthesis Manager
============================================================
InlineROM: 1
ExposeGlobal: 0
============================================================
+ Verbose Summary: CDFG Model
============================================================
IsTopModel: 0
ResetActiveHigh: 1
IsCombinational: 0
IsDatapathOnly: 0
HasWiredReturn: 1
HasMFsm: 2
HasVarLatency: 1
IsPipeline: 0
IsRtlPipelined: 0
IsInstanceOverlapped: 0
IsDontTouch: 0
HasImplIP: 0
IsGatedGlobalClock: 0

+ Individual pipeline summary: 
  * Pipeline-0: initiation interval (II) = 1, depth = 3


============================================================
+ Verbose Summary: Schedule
============================================================
* Number of FSM states : 3
* Pipeline : 1
  Pipeline-0 : II = 1, D = 3, States = { 1 2 3 }
* Dataflow Pipeline: 0

* FSM state transitions: 
1 --> 2 
2 --> 3 
3 --> 

* FSM state operations: 

State 1 <SV = 0> <Delay = 3.61>
ST_1 : Operation 6 [1/1] (0.00ns)   --->   "%empty_83 = alloca i32 1"   --->   Operation 6 'alloca' 'empty_83' <Predicate = true> <Delay = 0.00>
ST_1 : Operation 7 [1/1] (0.00ns)   --->   "%column = alloca i32 1" [../src/gaussian_blur.cpp:76]   --->   Operation 7 'alloca' 'column' <Predicate = true> <Delay = 0.00>
ST_1 : Operation 8 [1/1] (0.00ns)   --->   "%empty_84 = alloca i32 1"   --->   Operation 8 'alloca' 'empty_84' <Predicate = true> <Delay = 0.00>
ST_1 : Operation 9 [1/1] (0.00ns)   --->   "%empty_85 = alloca i32 1"   --->   Operation 9 'alloca' 'empty_85' <Predicate = true> <Delay = 0.00>
ST_1 : Operation 10 [1/1] (0.00ns)   --->   "%empty_86 = alloca i32 1"   --->   Operation 10 'alloca' 'empty_86' <Predicate = true> <Delay = 0.00>
ST_1 : Operation 11 [1/1] (0.00ns)   --->   "%empty_87 = alloca i32 1"   --->   Operation 11 'alloca' 'empty_87' <Predicate = true> <Delay = 0.00>
ST_1 : Operation 12 [1/1] (0.00ns)   --->   "%tmp = read i4 @_ssdm_op_Read.ap_auto.i4, i4 %empty"   --->   Operation 12 'read' 'tmp' <Predicate = true> <Delay = 0.00>
ST_1 : Operation 13 [1/1] (0.00ns)   --->   "%input_load_2_read = read i8 @_ssdm_op_Read.ap_auto.i8, i8 %input_load_2"   --->   Operation 13 'read' 'input_load_2_read' <Predicate = true> <Delay = 0.00>
ST_1 : Operation 14 [1/1] (0.00ns)   --->   "%input_load_1_read = read i8 @_ssdm_op_Read.ap_auto.i8, i8 %input_load_1"   --->   Operation 14 'read' 'input_load_1_read' <Predicate = true> <Delay = 0.00>
ST_1 : Operation 15 [1/1] (0.00ns)   --->   "%input_load_read = read i8 @_ssdm_op_Read.ap_auto.i8, i8 %input_load"   --->   Operation 15 'read' 'input_load_read' <Predicate = true> <Delay = 0.00>
ST_1 : Operation 16 [1/1] (0.42ns)   --->   "%store_ln0 = store i8 %input_load_read, i8 %empty_87"   --->   Operation 16 'store' 'store_ln0' <Predicate = true> <Delay = 0.42>
ST_1 : Operation 17 [1/1] (0.42ns)   --->   "%store_ln0 = store i8 %input_load_1_read, i8 %empty_86"   --->   Operation 17 'store' 'store_ln0' <Predicate = true> <Delay = 0.42>
ST_1 : Operation 18 [1/1] (0.42ns)   --->   "%store_ln0 = store i8 %input_load_2_read, i8 %empty_85"   --->   Operation 18 'store' 'store_ln0' <Predicate = true> <Delay = 0.42>
ST_1 : Operation 19 [1/1] (0.42ns)   --->   "%store_ln0 = store i8 %input_load_1_read, i8 %empty_84"   --->   Operation 19 'store' 'store_ln0' <Predicate = true> <Delay = 0.42>
ST_1 : Operation 20 [1/1] (0.42ns)   --->   "%store_ln76 = store i10 0, i10 %column" [../src/gaussian_blur.cpp:76]   --->   Operation 20 'store' 'store_ln76' <Predicate = true> <Delay = 0.42>
ST_1 : Operation 21 [1/1] (0.42ns)   --->   "%store_ln0 = store i8 %input_load_read, i8 %empty_83"   --->   Operation 21 'store' 'store_ln0' <Predicate = true> <Delay = 0.42>
ST_1 : Operation 22 [1/1] (0.00ns)   --->   "%br_ln0 = br void %VITIS_LOOP_81_3"   --->   Operation 22 'br' 'br_ln0' <Predicate = true> <Delay = 0.00>
ST_1 : Operation 23 [1/1] (0.00ns)   --->   "%column_10 = load i10 %column" [../src/gaussian_blur.cpp:76]   --->   Operation 23 'load' 'column_10' <Predicate = true> <Delay = 0.00>
ST_1 : Operation 24 [1/1] (0.78ns)   --->   "%icmp_ln76 = icmp_eq  i10 %column_10, i10 512" [../src/gaussian_blur.cpp:76]   --->   Operation 24 'icmp' 'icmp_ln76' <Predicate = true> <Delay = 0.78> <CoreInst = "Cmp">   --->   Core 9 'Cmp' <Latency = 0> <II = 1> <Delay = 0.78> <FuncUnit> <Opcode : 'seteq' 'setne' 'setle' 'setge' 'setlt' 'setgt'> <InPorts = 2> <OutPorts = 1>
ST_1 : Operation 25 [1/1] (0.78ns)   --->   "%add_ln76 = add i10 %column_10, i10 1" [../src/gaussian_blur.cpp:76]   --->   Operation 25 'add' 'add_ln76' <Predicate = true> <Delay = 0.78> <CoreInst = "Adder">   --->   Core 1 'Adder' <Latency = 0> <II = 1> <Delay = 0.78> <FuncUnit> <Opcode : 'add' 'sub'> <InPorts = 2> <OutPorts = 1>
ST_1 : Operation 26 [1/1] (0.00ns)   --->   "%br_ln76 = br i1 %icmp_ln76, void %VITIS_LOOP_81_3.split, void %for.end44.exitStub" [../src/gaussian_blur.cpp:76]   --->   Operation 26 'br' 'br_ln76' <Predicate = true> <Delay = 0.00>
ST_1 : Operation 27 [1/1] (0.79ns)   --->   "%switch_ln87 = switch i4 %tmp, void %arrayidx232.exit, i4 0, void %arrayidx232.case.0, i4 1, void %arrayidx232.case.1, i4 2, void %arrayidx232.case.2, i4 3, void %arrayidx232.case.3, i4 4, void %arrayidx232.case.4" [../src/gaussian_blur.cpp:87]   --->   Operation 27 'switch' 'switch_ln87' <Predicate = (!icmp_ln76)> <Delay = 0.79>
ST_1 : Operation 28 [1/1] (0.00ns)   --->   "%trunc_ln96 = trunc i10 %column_10" [../src/gaussian_blur.cpp:96]   --->   Operation 28 'trunc' 'trunc_ln96' <Predicate = (!icmp_ln76)> <Delay = 0.00>
ST_1 : Operation 29 [1/1] (0.00ns)   --->   "%zext_ln96 = zext i9 %trunc_ln96" [../src/gaussian_blur.cpp:96]   --->   Operation 29 'zext' 'zext_ln96' <Predicate = (!icmp_ln76)> <Delay = 0.00>
ST_1 : Operation 30 [1/1] (0.77ns)   --->   "%add_ln96 = add i10 %zext_ln96, i10 3" [../src/gaussian_blur.cpp:96]   --->   Operation 30 'add' 'add_ln96' <Predicate = (!icmp_ln76)> <Delay = 0.77> <CoreInst = "Adder">   --->   Core 1 'Adder' <Latency = 0> <II = 1> <Delay = 0.77> <FuncUnit> <Opcode : 'add' 'sub'> <InPorts = 2> <OutPorts = 1>
ST_1 : Operation 31 [1/1] (0.00ns)   --->   "%trunc_ln34 = trunc i10 %add_ln96" [../src/gaussian_blur.cpp:34->../src/gaussian_blur.cpp:96]   --->   Operation 31 'trunc' 'trunc_ln34' <Predicate = (!icmp_ln76)> <Delay = 0.00>
ST_1 : Operation 32 [1/1] (0.00ns)   --->   "%tmp_48 = bitselect i1 @_ssdm_op_BitSelect.i1.i10.i32, i10 %add_ln96, i32 9" [../src/gaussian_blur.cpp:35->../src/gaussian_blur.cpp:96]   --->   Operation 32 'bitselect' 'tmp_48' <Predicate = (!icmp_ln76)> <Delay = 0.00>
ST_1 : Operation 33 [1/1] (0.77ns)   --->   "%sub_ln36 = sub i9 510, i9 %trunc_ln34" [../src/gaussian_blur.cpp:36->../src/gaussian_blur.cpp:96]   --->   Operation 33 'sub' 'sub_ln36' <Predicate = (!icmp_ln76)> <Delay = 0.77> <CoreInst = "Adder">   --->   Core 1 'Adder' <Latency = 0> <II = 1> <Delay = 0.77> <FuncUnit> <Opcode : 'add' 'sub'> <InPorts = 2> <OutPorts = 1>
ST_1 : Operation 34 [1/1] (0.39ns)   --->   "%select_ln35 = select i1 %tmp_48, i9 %sub_ln36, i9 %trunc_ln34" [../src/gaussian_blur.cpp:35->../src/gaussian_blur.cpp:96]   --->   Operation 34 'select' 'select_ln35' <Predicate = (!icmp_ln76)> <Delay = 0.39> <CoreInst = "Sel">   --->   Core 73 'Sel' <Latency = 0> <II = 1> <Delay = 0.39> <FuncUnit> <Opcode : 'select'> <InPorts = 3> <OutPorts = 1>
ST_1 : Operation 35 [1/1] (0.00ns)   --->   "%zext_ln96_1 = zext i9 %select_ln35" [../src/gaussian_blur.cpp:96]   --->   Operation 35 'zext' 'zext_ln96_1' <Predicate = (!icmp_ln76)> <Delay = 0.00>
ST_1 : Operation 36 [1/1] (0.00ns)   --->   "%input_addr = getelementptr i8 %input_r, i64 0, i64 %zext_ln96_1" [../src/gaussian_blur.cpp:96]   --->   Operation 36 'getelementptr' 'input_addr' <Predicate = (!icmp_ln76)> <Delay = 0.00>
ST_1 : Operation 37 [2/2] (1.23ns)   --->   "%input_load_3 = load i9 %input_addr" [../src/gaussian_blur.cpp:96]   --->   Operation 37 'load' 'input_load_3' <Predicate = (!icmp_ln76)> <Delay = 1.23> <CoreInst = "RAM">   --->   Core 82 'RAM' <Latency = 1> <II = 1> <Delay = 1.23> <Storage> <Opcode : 'load' 'store'> <Ports = 2> <Width = 8> <Depth = 512> <RAM>
ST_1 : Operation 38 [1/1] (0.42ns)   --->   "%store_ln76 = store i10 %add_ln76, i10 %column" [../src/gaussian_blur.cpp:76]   --->   Operation 38 'store' 'store_ln76' <Predicate = (!icmp_ln76)> <Delay = 0.42>

State 2 <SV = 1> <Delay = 2.47>
ST_2 : Operation 39 [1/1] (0.00ns)   --->   "%p_load11 = load i8 %empty_84"   --->   Operation 39 'load' 'p_load11' <Predicate = true> <Delay = 0.00>
ST_2 : Operation 40 [1/1] (0.00ns)   --->   "%p_load10 = load i8 %empty_85" [../src/gaussian_blur.cpp:83]   --->   Operation 40 'load' 'p_load10' <Predicate = true> <Delay = 0.00>
ST_2 : Operation 41 [1/1] (0.00ns)   --->   "%p_load9 = load i8 %empty_86"   --->   Operation 41 'load' 'p_load9' <Predicate = true> <Delay = 0.00>
ST_2 : Operation 42 [1/1] (0.00ns)   --->   "%p_load = load i8 %empty_87" [../src/gaussian_blur.cpp:83]   --->   Operation 42 'load' 'p_load' <Predicate = true> <Delay = 0.00>
ST_2 : Operation 43 [1/1] (0.00ns)   --->   "%p_load12 = load i8 %empty_83" [../src/gaussian_blur.cpp:84]   --->   Operation 43 'load' 'p_load12' <Predicate = (!icmp_ln76)> <Delay = 0.00>
ST_2 : Operation 44 [1/1] (0.00ns)   --->   "%zext_ln84 = zext i8 %p_load12" [../src/gaussian_blur.cpp:84]   --->   Operation 44 'zext' 'zext_ln84' <Predicate = (!icmp_ln76)> <Delay = 0.00>
ST_2 : Operation 45 [1/1] (0.00ns)   --->   "%zext_ln83 = zext i8 %p_load" [../src/gaussian_blur.cpp:83]   --->   Operation 45 'zext' 'zext_ln83' <Predicate = (!icmp_ln76)> <Delay = 0.00>
ST_2 : Operation 46 [1/1] (0.00ns)   --->   "%p_shl = bitconcatenate i11 @_ssdm_op_BitConcatenate.i11.i8.i3, i8 %p_load10, i3 0" [../src/gaussian_blur.cpp:83]   --->   Operation 46 'bitconcatenate' 'p_shl' <Predicate = (!icmp_ln76)> <Delay = 0.00>
ST_2 : Operation 47 [1/1] (0.00ns)   --->   "%tmp_47 = bitconcatenate i9 @_ssdm_op_BitConcatenate.i9.i8.i1, i8 %p_load10, i1 0" [../src/gaussian_blur.cpp:83]   --->   Operation 47 'bitconcatenate' 'tmp_47' <Predicate = (!icmp_ln76)> <Delay = 0.00>
ST_2 : Operation 48 [1/1] (0.00ns)   --->   "%zext_ln83_4 = zext i9 %tmp_47" [../src/gaussian_blur.cpp:83]   --->   Operation 48 'zext' 'zext_ln83_4' <Predicate = (!icmp_ln76)> <Delay = 0.00>
ST_2 : Operation 49 [1/1] (0.00ns) (grouped into TernaryAdder)   --->   "%sub_ln83 = sub i11 %p_shl, i11 %zext_ln83_4" [../src/gaussian_blur.cpp:83]   --->   Operation 49 'sub' 'sub_ln83' <Predicate = (!icmp_ln76)> <Delay = 0.00> <CoreInst = "TAddSub">   --->   Core 10 'TAddSub' <Latency = 0> <II = 1> <Delay = 0.45> <IPBlock> <Opcode : 'add' 'sub'> <InPorts = 3> <OutPorts = 1> <Sync> <CReg>
ST_2 : Operation 50 [1/1] (0.00ns)   --->   "%p_cast9 = zext i8 %p_load9"   --->   Operation 50 'zext' 'p_cast9' <Predicate = (!icmp_ln76)> <Delay = 0.00>
ST_2 : Operation 51 [1/1] (0.00ns)   --->   "%p_cast8 = zext i8 %p_load11"   --->   Operation 51 'zext' 'p_cast8' <Predicate = (!icmp_ln76)> <Delay = 0.00>
ST_2 : Operation 52 [1/1] (0.76ns)   --->   "%tmp4 = add i9 %p_cast8, i9 %p_cast9"   --->   Operation 52 'add' 'tmp4' <Predicate = (!icmp_ln76)> <Delay = 0.76> <CoreInst = "Adder">   --->   Core 1 'Adder' <Latency = 0> <II = 1> <Delay = 0.76> <FuncUnit> <Opcode : 'add' 'sub'> <InPorts = 2> <OutPorts = 1>
ST_2 : Operation 53 [1/1] (0.00ns)   --->   "%tmp1 = bitconcatenate i11 @_ssdm_op_BitConcatenate.i11.i9.i2, i9 %tmp4, i2 0"   --->   Operation 53 'bitconcatenate' 'tmp1' <Predicate = (!icmp_ln76)> <Delay = 0.00>
ST_2 : Operation 54 [1/1] (0.00ns)   --->   "%zext_ln83_1 = zext i11 %tmp1" [../src/gaussian_blur.cpp:83]   --->   Operation 54 'zext' 'zext_ln83_1' <Predicate = (!icmp_ln76)> <Delay = 0.00>
ST_2 : Operation 55 [1/1] (0.76ns)   --->   "%add_ln83 = add i9 %zext_ln83, i9 %zext_ln84" [../src/gaussian_blur.cpp:83]   --->   Operation 55 'add' 'add_ln83' <Predicate = (!icmp_ln76)> <Delay = 0.76> <CoreInst = "Adder">   --->   Core 1 'Adder' <Latency = 0> <II = 1> <Delay = 0.76> <FuncUnit> <Opcode : 'add' 'sub'> <InPorts = 2> <OutPorts = 1>
ST_2 : Operation 56 [1/1] (0.00ns)   --->   "%zext_ln83_3 = zext i9 %add_ln83" [../src/gaussian_blur.cpp:83]   --->   Operation 56 'zext' 'zext_ln83_3' <Predicate = (!icmp_ln76)> <Delay = 0.00>
ST_2 : Operation 57 [1/1] (0.91ns) (root node of TernaryAdder)   --->   "%add_ln83_1 = add i11 %zext_ln83_3, i11 %sub_ln83" [../src/gaussian_blur.cpp:83]   --->   Operation 57 'add' 'add_ln83_1' <Predicate = (!icmp_ln76)> <Delay = 0.91> <CoreInst = "TAddSub">   --->   Core 10 'TAddSub' <Latency = 0> <II = 1> <Delay = 0.45> <IPBlock> <Opcode : 'add' 'sub'> <InPorts = 3> <OutPorts = 1> <Sync> <CReg>
ST_2 : Operation 58 [1/1] (0.00ns)   --->   "%zext_ln83_2 = zext i11 %add_ln83_1" [../src/gaussian_blur.cpp:83]   --->   Operation 58 'zext' 'zext_ln83_2' <Predicate = (!icmp_ln76)> <Delay = 0.00>
ST_2 : Operation 59 [1/1] (0.79ns)   --->   "%add_ln83_2 = add i12 %zext_ln83_2, i12 %zext_ln83_1" [../src/gaussian_blur.cpp:83]   --->   Operation 59 'add' 'add_ln83_2' <Predicate = (!icmp_ln76)> <Delay = 0.79> <CoreInst = "Adder">   --->   Core 1 'Adder' <Latency = 0> <II = 1> <Delay = 0.79> <FuncUnit> <Opcode : 'add' 'sub'> <InPorts = 2> <OutPorts = 1>
ST_2 : Operation 60 [1/2] ( I:1.23ns O:1.23ns )   --->   "%input_load_3 = load i9 %input_addr" [../src/gaussian_blur.cpp:96]   --->   Operation 60 'load' 'input_load_3' <Predicate = (!icmp_ln76)> <Delay = 1.23> <CoreInst = "RAM">   --->   Core 82 'RAM' <Latency = 1> <II = 1> <Delay = 1.23> <Storage> <Opcode : 'load' 'store'> <Ports = 2> <Width = 8> <Depth = 512> <RAM>
ST_2 : Operation 61 [1/1] (0.42ns)   --->   "%store_ln96 = store i8 %input_load_3, i8 %empty_87" [../src/gaussian_blur.cpp:96]   --->   Operation 61 'store' 'store_ln96' <Predicate = (!icmp_ln76)> <Delay = 0.42>
ST_2 : Operation 62 [1/1] (0.42ns)   --->   "%store_ln83 = store i8 %p_load, i8 %empty_86" [../src/gaussian_blur.cpp:83]   --->   Operation 62 'store' 'store_ln83' <Predicate = (!icmp_ln76)> <Delay = 0.42>
ST_2 : Operation 63 [1/1] (0.42ns)   --->   "%store_ln0 = store i8 %p_load9, i8 %empty_85"   --->   Operation 63 'store' 'store_ln0' <Predicate = (!icmp_ln76)> <Delay = 0.42>
ST_2 : Operation 64 [1/1] (0.42ns)   --->   "%store_ln83 = store i8 %p_load10, i8 %empty_84" [../src/gaussian_blur.cpp:83]   --->   Operation 64 'store' 'store_ln83' <Predicate = (!icmp_ln76)> <Delay = 0.42>
ST_2 : Operation 65 [1/1] (0.42ns)   --->   "%store_ln0 = store i8 %p_load11, i8 %empty_83"   --->   Operation 65 'store' 'store_ln0' <Predicate = (!icmp_ln76)> <Delay = 0.42>
ST_2 : Operation 66 [1/1] (0.00ns)   --->   "%br_ln76 = br void %VITIS_LOOP_81_3" [../src/gaussian_blur.cpp:76]   --->   Operation 66 'br' 'br_ln76' <Predicate = (!icmp_ln76)> <Delay = 0.00>
ST_2 : Operation 86 [1/1] (0.42ns)   --->   "%ret_ln0 = ret"   --->   Operation 86 'ret' 'ret_ln0' <Predicate = (icmp_ln76)> <Delay = 0.42>

State 3 <SV = 2> <Delay = 1.23>
ST_3 : Operation 67 [1/1] (0.00ns)   --->   "%zext_ln76 = zext i10 %column_10" [../src/gaussian_blur.cpp:76]   --->   Operation 67 'zext' 'zext_ln76' <Predicate = true> <Delay = 0.00>
ST_3 : Operation 68 [1/1] (0.00ns)   --->   "%specpipeline_ln77 = specpipeline void @_ssdm_op_SpecPipeline, i32 1, i32 0, i32 0, i32 0, i32 4294967295, void @empty_14" [../src/gaussian_blur.cpp:77]   --->   Operation 68 'specpipeline' 'specpipeline_ln77' <Predicate = true> <Delay = 0.00>
ST_3 : Operation 69 [1/1] (0.00ns)   --->   "%speclooptripcount_ln76 = speclooptripcount void @_ssdm_op_SpecLoopTripCount, i64 512, i64 512, i64 512" [../src/gaussian_blur.cpp:76]   --->   Operation 69 'speclooptripcount' 'speclooptripcount_ln76' <Predicate = true> <Delay = 0.00>
ST_3 : Operation 70 [1/1] (0.00ns)   --->   "%specloopname_ln76 = specloopname void @_ssdm_op_SpecLoopName, void @empty_18" [../src/gaussian_blur.cpp:76]   --->   Operation 70 'specloopname' 'specloopname_ln76' <Predicate = true> <Delay = 0.00>
ST_3 : Operation 71 [1/1] (0.00ns)   --->   "%p_anonymous_namespace_lineBuffer_39_0_addr = getelementptr i12 %p_anonymous_namespace_lineBuffer_39_0, i64 0, i64 %zext_ln76" [../src/gaussian_blur.cpp:87]   --->   Operation 71 'getelementptr' 'p_anonymous_namespace_lineBuffer_39_0_addr' <Predicate = true> <Delay = 0.00>
ST_3 : Operation 72 [1/1] (0.00ns)   --->   "%p_anonymous_namespace_lineBuffer_39_1_addr = getelementptr i12 %p_anonymous_namespace_lineBuffer_39_1, i64 0, i64 %zext_ln76" [../src/gaussian_blur.cpp:87]   --->   Operation 72 'getelementptr' 'p_anonymous_namespace_lineBuffer_39_1_addr' <Predicate = true> <Delay = 0.00>
ST_3 : Operation 73 [1/1] (0.00ns)   --->   "%p_anonymous_namespace_lineBuffer_39_2_addr = getelementptr i12 %p_anonymous_namespace_lineBuffer_39_2, i64 0, i64 %zext_ln76" [../src/gaussian_blur.cpp:87]   --->   Operation 73 'getelementptr' 'p_anonymous_namespace_lineBuffer_39_2_addr' <Predicate = true> <Delay = 0.00>
ST_3 : Operation 74 [1/1] (0.00ns)   --->   "%p_anonymous_namespace_lineBuffer_39_3_addr = getelementptr i12 %p_anonymous_namespace_lineBuffer_39_3, i64 0, i64 %zext_ln76" [../src/gaussian_blur.cpp:87]   --->   Operation 74 'getelementptr' 'p_anonymous_namespace_lineBuffer_39_3_addr' <Predicate = true> <Delay = 0.00>
ST_3 : Operation 75 [1/1] (0.00ns)   --->   "%p_anonymous_namespace_lineBuffer_39_4_addr = getelementptr i12 %p_anonymous_namespace_lineBuffer_39_4, i64 0, i64 %zext_ln76" [../src/gaussian_blur.cpp:87]   --->   Operation 75 'getelementptr' 'p_anonymous_namespace_lineBuffer_39_4_addr' <Predicate = true> <Delay = 0.00>
ST_3 : Operation 76 [1/1] ( I:1.23ns O:1.23ns )   --->   "%store_ln87 = store i12 %add_ln83_2, i9 %p_anonymous_namespace_lineBuffer_39_4_addr" [../src/gaussian_blur.cpp:87]   --->   Operation 76 'store' 'store_ln87' <Predicate = (tmp == 4)> <Delay = 1.23> <CoreInst = "RAM">   --->   Core 82 'RAM' <Latency = 1> <II = 1> <Delay = 1.23> <Storage> <Opcode : 'load' 'store'> <Ports = 2> <Width = 12> <Depth = 512> <RAM>
ST_3 : Operation 77 [1/1] (0.00ns)   --->   "%br_ln87 = br void %arrayidx232.exit" [../src/gaussian_blur.cpp:87]   --->   Operation 77 'br' 'br_ln87' <Predicate = (tmp == 4)> <Delay = 0.00>
ST_3 : Operation 78 [1/1] ( I:1.23ns O:1.23ns )   --->   "%store_ln87 = store i12 %add_ln83_2, i9 %p_anonymous_namespace_lineBuffer_39_3_addr" [../src/gaussian_blur.cpp:87]   --->   Operation 78 'store' 'store_ln87' <Predicate = (tmp == 3)> <Delay = 1.23> <CoreInst = "RAM">   --->   Core 82 'RAM' <Latency = 1> <II = 1> <Delay = 1.23> <Storage> <Opcode : 'load' 'store'> <Ports = 2> <Width = 12> <Depth = 512> <RAM>
ST_3 : Operation 79 [1/1] (0.00ns)   --->   "%br_ln87 = br void %arrayidx232.exit" [../src/gaussian_blur.cpp:87]   --->   Operation 79 'br' 'br_ln87' <Predicate = (tmp == 3)> <Delay = 0.00>
ST_3 : Operation 80 [1/1] ( I:1.23ns O:1.23ns )   --->   "%store_ln87 = store i12 %add_ln83_2, i9 %p_anonymous_namespace_lineBuffer_39_2_addr" [../src/gaussian_blur.cpp:87]   --->   Operation 80 'store' 'store_ln87' <Predicate = (tmp == 2)> <Delay = 1.23> <CoreInst = "RAM">   --->   Core 82 'RAM' <Latency = 1> <II = 1> <Delay = 1.23> <Storage> <Opcode : 'load' 'store'> <Ports = 2> <Width = 12> <Depth = 512> <RAM>
ST_3 : Operation 81 [1/1] (0.00ns)   --->   "%br_ln87 = br void %arrayidx232.exit" [../src/gaussian_blur.cpp:87]   --->   Operation 81 'br' 'br_ln87' <Predicate = (tmp == 2)> <Delay = 0.00>
ST_3 : Operation 82 [1/1] ( I:1.23ns O:1.23ns )   --->   "%store_ln87 = store i12 %add_ln83_2, i9 %p_anonymous_namespace_lineBuffer_39_1_addr" [../src/gaussian_blur.cpp:87]   --->   Operation 82 'store' 'store_ln87' <Predicate = (tmp == 1)> <Delay = 1.23> <CoreInst = "RAM">   --->   Core 82 'RAM' <Latency = 1> <II = 1> <Delay = 1.23> <Storage> <Opcode : 'load' 'store'> <Ports = 2> <Width = 12> <Depth = 512> <RAM>
ST_3 : Operation 83 [1/1] (0.00ns)   --->   "%br_ln87 = br void %arrayidx232.exit" [../src/gaussian_blur.cpp:87]   --->   Operation 83 'br' 'br_ln87' <Predicate = (tmp == 1)> <Delay = 0.00>
ST_3 : Operation 84 [1/1] ( I:1.23ns O:1.23ns )   --->   "%store_ln87 = store i12 %add_ln83_2, i9 %p_anonymous_namespace_lineBuffer_39_0_addr" [../src/gaussian_blur.cpp:87]   --->   Operation 84 'store' 'store_ln87' <Predicate = (tmp == 0)> <Delay = 1.23> <CoreInst = "RAM">   --->   Core 82 'RAM' <Latency = 1> <II = 1> <Delay = 1.23> <Storage> <Opcode : 'load' 'store'> <Ports = 2> <Width = 12> <Depth = 512> <RAM>
ST_3 : Operation 85 [1/1] (0.00ns)   --->   "%br_ln87 = br void %arrayidx232.exit" [../src/gaussian_blur.cpp:87]   --->   Operation 85 'br' 'br_ln87' <Predicate = (tmp == 0)> <Delay = 0.00>


============================================================
+ Verbose Summary: Timing violations
============================================================
Target clock period: 5.000ns, clock uncertainty: 1.350ns.

 <State 1>: 3.614ns
The critical path consists of the following:
	'store' operation ('store_ln76', ../src/gaussian_blur.cpp:76) of constant 0 10 bit on local variable 'column', ../src/gaussian_blur.cpp:76 [25]  (0.427 ns)
	'load' operation 10 bit ('column', ../src/gaussian_blur.cpp:76) on local variable 'column', ../src/gaussian_blur.cpp:76 [29]  (0.000 ns)
	'add' operation 10 bit ('v', ../src/gaussian_blur.cpp:96) [83]  (0.776 ns)
	'sub' operation 9 bit ('sub_ln36', ../src/gaussian_blur.cpp:36->../src/gaussian_blur.cpp:96) [86]  (0.776 ns)
	'select' operation 9 bit ('select_ln35', ../src/gaussian_blur.cpp:35->../src/gaussian_blur.cpp:96) [87]  (0.398 ns)
	'getelementptr' operation 9 bit ('input_addr', ../src/gaussian_blur.cpp:96) [89]  (0.000 ns)
	'load' operation 8 bit ('input_load_3', ../src/gaussian_blur.cpp:96) on array 'input_r' [90]  (1.237 ns)

 <State 2>: 2.478ns
The critical path consists of the following:
	'load' operation 8 bit ('p_load', ../src/gaussian_blur.cpp:83) on local variable 'empty_87' [33]  (0.000 ns)
	'add' operation 9 bit ('add_ln83', ../src/gaussian_blur.cpp:83) [54]  (0.765 ns)
	'add' operation 11 bit ('add_ln83_1', ../src/gaussian_blur.cpp:83) [56]  (0.914 ns)
	'add' operation 12 bit ('add_ln83_2', ../src/gaussian_blur.cpp:83) [58]  (0.798 ns)

 <State 3>: 1.237ns
The critical path consists of the following:
	'getelementptr' operation 9 bit ('p_anonymous_namespace_lineBuffer_39_0_addr', ../src/gaussian_blur.cpp:87) [59]  (0.000 ns)
	'store' operation ('store_ln87', ../src/gaussian_blur.cpp:87) of variable 'add_ln83_2', ../src/gaussian_blur.cpp:83 12 bit on array 'p_anonymous_namespace_lineBuffer_39_0' [78]  (1.237 ns)


============================================================
+ Verbose Summary: Binding
============================================================
N/A
* FSMD analyzer results:
  - Output states:
 - Input state : 
  - Chain level:
	State 1
	State 2
	State 3


============================================================
+ Verbose Summary: Datapath Resource usage 
============================================================
N/A
