

================================================================
== Vitis HLS Report for 'gaussian_blur_Pipeline_VITIS_LOOP_63_2'
================================================================
* Date:           Sat Aug  1 12:52:07 2026

* Version:        2025.2 (Build 6295257 on Nov 14 2025)
* Project:        canny_top
* Solution:       hls (Vitis Kernel Flow Target)
* Product family: zynquplus
* Target device:  xck26-sfvc784-2LV-c


================================================================
== Performance Estimates
================================================================
+ Timing: 
    * Summary: 
    +--------+---------+----------+------------+
    |  Clock |  Target | Estimated| Uncertainty|
    +--------+---------+----------+------------+
    |ap_clk  |  5.00 ns|  2.987 ns|     1.35 ns|
    +--------+---------+----------+------------+

+ Latency: 
    * Summary: 
    +---------+---------+----------+----------+-----+-----+-------------------+
    |  Latency (cycles) |  Latency (absolute) |  Interval |      Pipeline     |
    |   min   |   max   |    min   |    max   | min | max |        Type       |
    +---------+---------+----------+----------+-----+-----+-------------------+
    |      514|      514|  2.570 us|  2.570 us|    0|    0|  loop pipeline stp|
    +---------+---------+----------+----------+-----+-----+-------------------+

    + Detail: 
        * Instance: 
        N/A

        * Loop: 
        +-------------------+---------+---------+----------+-----------+-----------+------+----------+
        |                   |  Latency (cycles) | Iteration|  Initiation Interval  | Trip |          |
        |     Loop Name     |   min   |   max   |  Latency |  achieved |   target  | Count| Pipelined|
        +-------------------+---------+---------+----------+-----------+-----------+------+----------+
        |- VITIS_LOOP_63_2  |      512|      512|         2|          1|          1|   512|       yes|
        +-------------------+---------+---------+----------+-----------+-----------+------+----------+



================================================================
== Utilization Estimates
================================================================
* Summary: 
+-----------------+---------+------+--------+--------+-----+
|       Name      | BRAM_18K|  DSP |   FF   |   LUT  | URAM|
+-----------------+---------+------+--------+--------+-----+
|DSP              |        -|     -|       -|       -|    -|
|Expression       |        -|     -|       0|      39|    -|
|FIFO             |        -|     -|       -|       -|    -|
|Instance         |        -|     -|       -|       -|    -|
|Memory           |        -|     -|       -|       -|    -|
|Multiplexer      |        -|     -|       0|      45|    -|
|Register         |        -|     -|      23|       -|    -|
+-----------------+---------+------+--------+--------+-----+
|Total            |        0|     0|      23|      84|    0|
+-----------------+---------+------+--------+--------+-----+
|Available        |      288|  1248|  234240|  117120|   64|
+-----------------+---------+------+--------+--------+-----+
|Utilization (%)  |        0|     0|      ~0|      ~0|    0|
+-----------------+---------+------+--------+--------+-----+

+ Detail: 
    * Instance: 
    N/A

    * DSP: 
    N/A

    * Memory: 
    N/A

    * FIFO: 
    N/A

    * Expression: 
    +---------------------------+----------+----+---+----+------------+------------+
    |       Variable Name       | Operation| DSP| FF| LUT| Bitwidth P0| Bitwidth P1|
    +---------------------------+----------+----+---+----+------------+------------+
    |add_ln63_fu_74_p2          |         +|   0|  0|  17|          10|           1|
    |ap_block_pp0_stage0_11001  |       and|   0|  0|   2|           1|           1|
    |icmp_ln63_fu_68_p2         |      icmp|   0|  0|  18|          10|          11|
    |ap_enable_pp0              |       xor|   0|  0|   2|           1|           2|
    +---------------------------+----------+----+---+----+------------+------------+
    |Total                      |          |   0|  0|  39|          22|          15|
    +---------------------------+----------+----+---+----+------------+------------+

    * Multiplexer: 
    +----------------------------+----+-----------+-----+-----------+
    |            Name            | LUT| Input Size| Bits| Total Bits|
    +----------------------------+----+-----------+-----+-----------+
    |ap_done_int                 |   9|          2|    1|          2|
    |ap_enable_reg_pp0_iter1     |   9|          2|    1|          2|
    |ap_sig_allocacmp_column_14  |   9|          2|   10|         20|
    |column_fu_36                |   9|          2|   10|         20|
    |gray_out_blk_n              |   9|          2|    1|          2|
    +----------------------------+----+-----------+-----+-----------+
    |Total                       |  45|         10|   23|         46|
    +----------------------------+----+-----------+-----+-----------+

    * Register: 
    +-------------------------+----+----+-----+-----------+
    |           Name          | FF | LUT| Bits| Const Bits|
    +-------------------------+----+----+-----+-----------+
    |ap_CS_fsm                |   1|   0|    1|          0|
    |ap_done_reg              |   1|   0|    1|          0|
    |ap_enable_reg_pp0_iter1  |   1|   0|    1|          0|
    |column_14_reg_96         |  10|   0|   10|          0|
    |column_fu_36             |  10|   0|   10|          0|
    +-------------------------+----+----+-----+-----------+
    |Total                    |  23|   0|   23|          0|
    +-------------------------+----+----+-----+-----------+



================================================================
== Interface
================================================================
* Summary: 
+-------------------------+-----+-----+------------+----------------------------------------+--------------+
|        RTL Ports        | Dir | Bits|  Protocol  |              Source Object             |    C Type    |
+-------------------------+-----+-----+------------+----------------------------------------+--------------+
|ap_clk                   |   in|    1|  ap_ctrl_hs|  gaussian_blur_Pipeline_VITIS_LOOP_63_2|  return value|
|ap_rst                   |   in|    1|  ap_ctrl_hs|  gaussian_blur_Pipeline_VITIS_LOOP_63_2|  return value|
|ap_start                 |   in|    1|  ap_ctrl_hs|  gaussian_blur_Pipeline_VITIS_LOOP_63_2|  return value|
|ap_done                  |  out|    1|  ap_ctrl_hs|  gaussian_blur_Pipeline_VITIS_LOOP_63_2|  return value|
|ap_idle                  |  out|    1|  ap_ctrl_hs|  gaussian_blur_Pipeline_VITIS_LOOP_63_2|  return value|
|ap_ready                 |  out|    1|  ap_ctrl_hs|  gaussian_blur_Pipeline_VITIS_LOOP_63_2|  return value|
|gray_out_dout            |   in|    8|     ap_fifo|                                gray_out|       pointer|
|gray_out_empty_n         |   in|    1|     ap_fifo|                                gray_out|       pointer|
|gray_out_read            |  out|    1|     ap_fifo|                                gray_out|       pointer|
|gray_out_num_data_valid  |   in|   11|     ap_fifo|                                gray_out|       pointer|
|gray_out_fifo_cap        |   in|   11|     ap_fifo|                                gray_out|       pointer|
|row_in_address0          |  out|    9|   ap_memory|                                  row_in|         array|
|row_in_ce0               |  out|    1|   ap_memory|                                  row_in|         array|
|row_in_we0               |  out|    1|   ap_memory|                                  row_in|         array|
|row_in_d0                |  out|    8|   ap_memory|                                  row_in|         array|
+-------------------------+-----+-----+------------+----------------------------------------+--------------+

============================================================
+ Verbose Summary: Synthesis Manager
============================================================
InlineROM: 1
ExposeGlobal: 0
============================================================
+ Verbose Summary: CDFG Model
============================================================
IsTopModel: 0
ResetActiveHigh: 1
IsCombinational: 2
IsDatapathOnly: 2
HasWiredReturn: 1
HasMFsm: 2
HasVarLatency: 1
IsPipeline: 0
IsRtlPipelined: 0
IsInstanceOverlapped: 0
IsDontTouch: 0
HasImplIP: 0
IsGatedGlobalClock: 0

+ Individual pipeline summary: 
  * Pipeline-0: initiation interval (II) = 1, depth = 2


============================================================
+ Verbose Summary: Schedule
============================================================
* Number of FSM states : 2
* Pipeline : 1
  Pipeline-0 : II = 1, D = 2, States = { 1 2 }
* Dataflow Pipeline: 0

* FSM state transitions: 
1 --> 2 
2 --> 

* FSM state operations: 

State 1 <SV = 0> <Delay = 1.64>
ST_1 : Operation 5 [1/1] (0.00ns)   --->   "%column = alloca i32 1" [../src/gaussian_blur.cpp:63]   --->   Operation 5 'alloca' 'column' <Predicate = true> <Delay = 0.00>
ST_1 : Operation 6 [1/1] (0.00ns)   --->   "%specinterface_ln0 = specinterface void @_ssdm_op_SpecInterface, i8 %gray_out, void @empty_11, i32 0, i32 0, void @empty_5, i32 0, i32 0, void @empty_5, void @empty_5, void @empty_5, i32 0, i32 0, i32 0, i32 0, void @empty_5, void @empty_5, i32 4294967295, i32 0, i32 0, i32 0"   --->   Operation 6 'specinterface' 'specinterface_ln0' <Predicate = true> <Delay = 0.00>
ST_1 : Operation 7 [1/1] (0.42ns)   --->   "%store_ln63 = store i10 0, i10 %column" [../src/gaussian_blur.cpp:63]   --->   Operation 7 'store' 'store_ln63' <Predicate = true> <Delay = 0.42>
ST_1 : Operation 8 [1/1] (0.00ns)   --->   "%br_ln63 = br void %for.inc" [../src/gaussian_blur.cpp:63]   --->   Operation 8 'br' 'br_ln63' <Predicate = true> <Delay = 0.00>
ST_1 : Operation 9 [1/1] (0.00ns)   --->   "%column_14 = load i10 %column" [../src/gaussian_blur.cpp:63]   --->   Operation 9 'load' 'column_14' <Predicate = true> <Delay = 0.00>
ST_1 : Operation 10 [1/1] (0.78ns)   --->   "%icmp_ln63 = icmp_eq  i10 %column_14, i10 512" [../src/gaussian_blur.cpp:63]   --->   Operation 10 'icmp' 'icmp_ln63' <Predicate = true> <Delay = 0.78> <CoreInst = "Cmp">   --->   Core 9 'Cmp' <Latency = 0> <II = 1> <Delay = 0.79> <FuncUnit> <Opcode : 'seteq' 'setne' 'setle' 'setge' 'setlt' 'setgt'> <InPorts = 2> <OutPorts = 1>
ST_1 : Operation 11 [1/1] (0.78ns)   --->   "%add_ln63 = add i10 %column_14, i10 1" [../src/gaussian_blur.cpp:63]   --->   Operation 11 'add' 'add_ln63' <Predicate = true> <Delay = 0.78> <CoreInst = "Adder">   --->   Core 1 'Adder' <Latency = 0> <II = 1> <Delay = 0.78> <FuncUnit> <Opcode : 'add' 'sub'> <InPorts = 2> <OutPorts = 1>
ST_1 : Operation 12 [1/1] (0.00ns)   --->   "%br_ln63 = br i1 %icmp_ln63, void %for.inc.split, void %VITIS_LOOP_77_3.exitStub" [../src/gaussian_blur.cpp:63]   --->   Operation 12 'br' 'br_ln63' <Predicate = true> <Delay = 0.00>
ST_1 : Operation 13 [1/1] (0.42ns)   --->   "%store_ln63 = store i10 %add_ln63, i10 %column" [../src/gaussian_blur.cpp:63]   --->   Operation 13 'store' 'store_ln63' <Predicate = (!icmp_ln63)> <Delay = 0.42>
ST_1 : Operation 22 [1/1] (0.42ns)   --->   "%ret_ln0 = ret"   --->   Operation 22 'ret' 'ret_ln0' <Predicate = (icmp_ln63)> <Delay = 0.42>

State 2 <SV = 1> <Delay = 2.98>
ST_2 : Operation 14 [1/1] (0.00ns)   --->   "%zext_ln63 = zext i10 %column_14" [../src/gaussian_blur.cpp:63]   --->   Operation 14 'zext' 'zext_ln63' <Predicate = true> <Delay = 0.00>
ST_2 : Operation 15 [1/1] (0.00ns)   --->   "%specpipeline_ln64 = specpipeline void @_ssdm_op_SpecPipeline, i32 1, i32 0, i32 0, i32 0, i32 4294967295, void @empty_5" [../src/gaussian_blur.cpp:64]   --->   Operation 15 'specpipeline' 'specpipeline_ln64' <Predicate = true> <Delay = 0.00>
ST_2 : Operation 16 [1/1] (0.00ns)   --->   "%speclooptripcount_ln63 = speclooptripcount void @_ssdm_op_SpecLoopTripCount, i64 512, i64 512, i64 512" [../src/gaussian_blur.cpp:63]   --->   Operation 16 'speclooptripcount' 'speclooptripcount_ln63' <Predicate = true> <Delay = 0.00>
ST_2 : Operation 17 [1/1] (0.00ns)   --->   "%specloopname_ln63 = specloopname void @_ssdm_op_SpecLoopName, void @empty_10" [../src/gaussian_blur.cpp:63]   --->   Operation 17 'specloopname' 'specloopname_ln63' <Predicate = true> <Delay = 0.00>
ST_2 : Operation 18 [1/1] ( I:1.75ns O:1.75ns )   --->   "%gray_out_read = read i8 @_ssdm_op_Read.ap_fifo.volatile.i8P0A, i8 %gray_out" [../src/gaussian_blur.cpp:65]   --->   Operation 18 'read' 'gray_out_read' <Predicate = true> <Delay = 1.75> <CoreInst = "FIFO">   --->   Core 77 'FIFO' <Latency = 0> <II = 1> <Delay = 1.75> <Storage> <Opcode : 'read' 'write' 'nbread' 'nbwrite'> <Ports = 0> <Width = 8> <Depth = 1024> <FIFO>
ST_2 : Operation 19 [1/1] (0.00ns)   --->   "%row_in_addr = getelementptr i8 %row_in, i64 0, i64 %zext_ln63" [../src/gaussian_blur.cpp:65]   --->   Operation 19 'getelementptr' 'row_in_addr' <Predicate = true> <Delay = 0.00>
ST_2 : Operation 20 [1/1] ( I:1.23ns O:1.23ns )   --->   "%store_ln65 = store i8 %gray_out_read, i9 %row_in_addr" [../src/gaussian_blur.cpp:65]   --->   Operation 20 'store' 'store_ln65' <Predicate = true> <Delay = 1.23> <CoreInst = "RAM">   --->   Core 82 'RAM' <Latency = 1> <II = 1> <Delay = 1.23> <Storage> <Opcode : 'load' 'store'> <Ports = 2> <Width = 8> <Depth = 512> <RAM>
ST_2 : Operation 21 [1/1] (0.00ns)   --->   "%br_ln63 = br void %for.inc" [../src/gaussian_blur.cpp:63]   --->   Operation 21 'br' 'br_ln63' <Predicate = true> <Delay = 0.00>


============================================================
+ Verbose Summary: Binding
============================================================
STG Binding: 
---------------- STG Properties BEGIN ----------------
- Is combinational: 0
- Is one-state seq: 0
- Is datapath-only: 0
- Is pipelined: 0
- Is top level: 0
Port [ Return ] is wired: 1; IO mode=ap_ctrl_hs:ce=0
Port [ gray_out]:  wired=1; compound=1; hidden=0; nouse=0; global=0; static=0; extern=0; dir=0; type=3; pingpong=0; private_global=0; IO mode=ap_fifo:ce=0
Port [ row_in]:  wired=1; compound=1; hidden=0; nouse=0; global=0; static=0; extern=0; dir=1; type=1; pingpong=0; private_global=0; MemPort=[03]; IO mode=ap_memory:ce=0
---------------- STG Properties END ------------------

---------------- Datapath Model BEGIN ----------------

<LifeTime>
<method=bitvector/>
column                 (alloca           ) [ 010]
specinterface_ln0      (specinterface    ) [ 000]
store_ln63             (store            ) [ 000]
br_ln63                (br               ) [ 000]
column_14              (load             ) [ 011]
icmp_ln63              (icmp             ) [ 010]
add_ln63               (add              ) [ 000]
br_ln63                (br               ) [ 000]
store_ln63             (store            ) [ 000]
zext_ln63              (zext             ) [ 000]
specpipeline_ln64      (specpipeline     ) [ 000]
speclooptripcount_ln63 (speclooptripcount) [ 000]
specloopname_ln63      (specloopname     ) [ 000]
gray_out_read          (read             ) [ 000]
row_in_addr            (getelementptr    ) [ 000]
store_ln65             (store            ) [ 000]
br_ln63                (br               ) [ 000]
ret_ln0                (ret              ) [ 000]
</LifeTime>

<model>

<comp_list>
<comp id="0" class="1000" name="gray_out">
<pin_list>
<pin id="1" dir="1" index="0" bw="1" slack="0"/>
</pin_list>
<bind>
<StgValue><ssdm name="gray_out"/></StgValue>
</bind>
</comp>

<comp id="2" class="1000" name="row_in">
<pin_list>
<pin id="3" dir="1" index="0" bw="1" slack="0"/>
</pin_list>
<bind>
<StgValue><ssdm name="row_in"/><MemPortTyVec>0 3 </MemPortTyVec>
</StgValue>
</bind>
</comp>

<comp id="4" class="1001" name="const_4">
<pin_list>
<pin id="5" dir="1" index="0" bw="1" slack="0"/>
</pin_list>
<bind>
<StgValue><ssdm name=""/></StgValue>
</bind>
</comp>

<comp id="6" class="1001" name="const_6">
<pin_list>
<pin id="7" dir="1" index="0" bw="1" slack="2147483647"/>
</pin_list>
<bind>
<StgValue><ssdm name="_ssdm_op_SpecInterface"/></StgValue>
</bind>
</comp>

<comp id="8" class="1001" name="const_8">
<pin_list>
<pin id="9" dir="1" index="0" bw="1" slack="2147483647"/>
</pin_list>
<bind>
<StgValue><ssdm name="empty_11"/></StgValue>
</bind>
</comp>

<comp id="10" class="1001" name="const_10">
<pin_list>
<pin id="11" dir="1" index="0" bw="1" slack="2147483647"/>
</pin_list>
<bind>
<StgValue><ssdm name=""/></StgValue>
</bind>
</comp>

<comp id="12" class="1001" name="const_12">
<pin_list>
<pin id="13" dir="1" index="0" bw="1" slack="2147483647"/>
</pin_list>
<bind>
<StgValue><ssdm name="empty_5"/></StgValue>
</bind>
</comp>

<comp id="14" class="1001" name="const_14">
<pin_list>
<pin id="15" dir="1" index="0" bw="1" slack="2147483647"/>
</pin_list>
<bind>
<StgValue><ssdm name=""/></StgValue>
</bind>
</comp>

<comp id="16" class="1001" name="const_16">
<pin_list>
<pin id="17" dir="1" index="0" bw="1" slack="0"/>
</pin_list>
<bind>
<StgValue><ssdm name=""/></StgValue>
</bind>
</comp>

<comp id="18" class="1001" name="const_18">
<pin_list>
<pin id="19" dir="1" index="0" bw="1" slack="0"/>
</pin_list>
<bind>
<StgValue><ssdm name=""/></StgValue>
</bind>
</comp>

<comp id="20" class="1001" name="const_20">
<pin_list>
<pin id="21" dir="1" index="0" bw="1" slack="0"/>
</pin_list>
<bind>
<StgValue><ssdm name=""/></StgValue>
</bind>
</comp>

<comp id="22" class="1001" name="const_22">
<pin_list>
<pin id="23" dir="1" index="0" bw="1" slack="2147483647"/>
</pin_list>
<bind>
<StgValue><ssdm name="_ssdm_op_SpecPipeline"/></StgValue>
</bind>
</comp>

<comp id="24" class="1001" name="const_24">
<pin_list>
<pin id="25" dir="1" index="0" bw="1" slack="2147483647"/>
</pin_list>
<bind>
<StgValue><ssdm name="_ssdm_op_SpecLoopTripCount"/></StgValue>
</bind>
</comp>

<comp id="26" class="1001" name="const_26">
<pin_list>
<pin id="27" dir="1" index="0" bw="1" slack="2147483647"/>
</pin_list>
<bind>
<StgValue><ssdm name=""/></StgValue>
</bind>
</comp>

<comp id="28" class="1001" name="const_28">
<pin_list>
<pin id="29" dir="1" index="0" bw="1" slack="2147483647"/>
</pin_list>
<bind>
<StgValue><ssdm name="_ssdm_op_SpecLoopName"/></StgValue>
</bind>
</comp>

<comp id="30" class="1001" name="const_30">
<pin_list>
<pin id="31" dir="1" index="0" bw="1" slack="2147483647"/>
</pin_list>
<bind>
<StgValue><ssdm name="empty_10"/></StgValue>
</bind>
</comp>

<comp id="32" class="1001" name="const_32">
<pin_list>
<pin id="33" dir="1" index="0" bw="1" slack="0"/>
</pin_list>
<bind>
<StgValue><ssdm name="_ssdm_op_Read.ap_fifo.volatile.i8P0A"/></StgValue>
</bind>
</comp>

<comp id="34" class="1001" name="const_34">
<pin_list>
<pin id="35" dir="1" index="0" bw="1" slack="0"/>
</pin_list>
<bind>
<StgValue><ssdm name=""/></StgValue>
</bind>
</comp>

<comp id="36" class="1004" name="column_fu_36">
<pin_list>
<pin id="37" dir="0" index="0" bw="1" slack="0"/>
<pin id="38" dir="1" index="1" bw="10" slack="0"/>
</pin_list>
<bind>
<opcode="alloca(26) " fcode="alloca"/>
<opset="column/1 "/>
</bind>
</comp>

<comp id="40" class="1004" name="gray_out_read_read_fu_40">
<pin_list>
<pin id="41" dir="0" index="0" bw="8" slack="0"/>
<pin id="42" dir="0" index="1" bw="8" slack="0"/>
<pin id="43" dir="1" index="2" bw="8" slack="0"/>
</pin_list>
<bind>
<opcode="read(1150) " fcode="read"/>
<opset="gray_out_read/2 "/>
</bind>
</comp>

<comp id="46" class="1004" name="row_in_addr_gep_fu_46">
<pin_list>
<pin id="47" dir="0" index="0" bw="8" slack="0"/>
<pin id="48" dir="0" index="1" bw="1" slack="0"/>
<pin id="49" dir="0" index="2" bw="10" slack="0"/>
<pin id="50" dir="1" index="3" bw="9" slack="0"/>
</pin_list>
<bind>
<opcode="getelementptr(29) " fcode="getelementptr"/>
<opset="row_in_addr/2 "/>
</bind>
</comp>

<comp id="53" class="1004" name="store_ln65_access_fu_53">
<pin_list>
<pin id="54" dir="0" index="0" bw="9" slack="0"/>
<pin id="55" dir="0" index="1" bw="8" slack="0"/>
<pin id="56" dir="0" index="2" bw="0" slack="2147483647"/>
<pin id="57" dir="1" index="3" bw="8" slack="2147483647"/>
</pin_list>
<bind>
<opcode="store(28) " fcode="store"/>
<opset="store_ln65/2 "/>
</bind>
</comp>

<comp id="60" class="1004" name="store_ln63_store_fu_60">
<pin_list>
<pin id="61" dir="0" index="0" bw="1" slack="0"/>
<pin id="62" dir="0" index="1" bw="10" slack="0"/>
<pin id="63" dir="1" index="2" bw="0" slack="2147483647"/>
</pin_list>
<bind>
<opcode="store(28) " fcode="store"/>
<opset="store_ln63/1 "/>
</bind>
</comp>

<comp id="65" class="1004" name="column_14_load_fu_65">
<pin_list>
<pin id="66" dir="0" index="0" bw="10" slack="0"/>
<pin id="67" dir="1" index="1" bw="10" slack="0"/>
</pin_list>
<bind>
<opcode="load(27) " fcode="load"/>
<opset="column_14/1 "/>
</bind>
</comp>

<comp id="68" class="1004" name="icmp_ln63_fu_68">
<pin_list>
<pin id="69" dir="0" index="0" bw="10" slack="0"/>
<pin id="70" dir="0" index="1" bw="10" slack="0"/>
<pin id="71" dir="1" index="2" bw="1" slack="2147483647"/>
</pin_list>
<bind>
<opcode="icmp(45) " fcode="icmp"/>
<opset="icmp_ln63/1 "/>
</bind>
</comp>

<comp id="74" class="1004" name="add_ln63_fu_74">
<pin_list>
<pin id="75" dir="0" index="0" bw="10" slack="0"/>
<pin id="76" dir="0" index="1" bw="1" slack="0"/>
<pin id="77" dir="1" index="2" bw="10" slack="0"/>
</pin_list>
<bind>
<opcode="add(8) " fcode="add"/>
<opset="add_ln63/1 "/>
</bind>
</comp>

<comp id="80" class="1004" name="store_ln63_store_fu_80">
<pin_list>
<pin id="81" dir="0" index="0" bw="10" slack="0"/>
<pin id="82" dir="0" index="1" bw="10" slack="0"/>
<pin id="83" dir="1" index="2" bw="0" slack="2147483647"/>
</pin_list>
<bind>
<opcode="store(28) " fcode="store"/>
<opset="store_ln63/1 "/>
</bind>
</comp>

<comp id="85" class="1004" name="zext_ln63_fu_85">
<pin_list>
<pin id="86" dir="0" index="0" bw="10" slack="1"/>
<pin id="87" dir="1" index="1" bw="64" slack="0"/>
</pin_list>
<bind>
<opcode="zext(34) " fcode="zext"/>
<opset="zext_ln63/2 "/>
</bind>
</comp>

<comp id="89" class="1005" name="column_reg_89">
<pin_list>
<pin id="90" dir="0" index="0" bw="10" slack="0"/>
<pin id="91" dir="1" index="1" bw="10" slack="0"/>
</pin_list>
<bind>
<opset="column "/>
</bind>
</comp>

<comp id="96" class="1005" name="column_14_reg_96">
<pin_list>
<pin id="97" dir="0" index="0" bw="10" slack="1"/>
<pin id="98" dir="1" index="1" bw="10" slack="1"/>
</pin_list>
<bind>
<opset="column_14 "/>
</bind>
</comp>

</comp_list>

<net_list>
<net id="39"><net_src comp="4" pin="0"/><net_sink comp="36" pin=0"/></net>

<net id="44"><net_src comp="32" pin="0"/><net_sink comp="40" pin=0"/></net>

<net id="45"><net_src comp="0" pin="0"/><net_sink comp="40" pin=1"/></net>

<net id="51"><net_src comp="2" pin="0"/><net_sink comp="46" pin=0"/></net>

<net id="52"><net_src comp="34" pin="0"/><net_sink comp="46" pin=1"/></net>

<net id="58"><net_src comp="40" pin="2"/><net_sink comp="53" pin=1"/></net>

<net id="59"><net_src comp="46" pin="3"/><net_sink comp="53" pin=0"/></net>

<net id="64"><net_src comp="16" pin="0"/><net_sink comp="60" pin=0"/></net>

<net id="72"><net_src comp="65" pin="1"/><net_sink comp="68" pin=0"/></net>

<net id="73"><net_src comp="18" pin="0"/><net_sink comp="68" pin=1"/></net>

<net id="78"><net_src comp="65" pin="1"/><net_sink comp="74" pin=0"/></net>

<net id="79"><net_src comp="20" pin="0"/><net_sink comp="74" pin=1"/></net>

<net id="84"><net_src comp="74" pin="2"/><net_sink comp="80" pin=0"/></net>

<net id="88"><net_src comp="85" pin="1"/><net_sink comp="46" pin=2"/></net>

<net id="92"><net_src comp="36" pin="1"/><net_sink comp="89" pin=0"/></net>

<net id="93"><net_src comp="89" pin="1"/><net_sink comp="60" pin=1"/></net>

<net id="94"><net_src comp="89" pin="1"/><net_sink comp="65" pin=0"/></net>

<net id="95"><net_src comp="89" pin="1"/><net_sink comp="80" pin=1"/></net>

<net id="99"><net_src comp="65" pin="1"/><net_sink comp="96" pin=0"/></net>

<net id="100"><net_src comp="96" pin="1"/><net_sink comp="85" pin=0"/></net>

</net_list>

</model> 
---------------- Datapath Model END ------------------

* FSMD analyzer results:
  - Output states:
	Port: gray_out | {}
	Port: row_in | {2 }
 - Input state : 
	Port: gaussian_blur_Pipeline_VITIS_LOOP_63_2 : gray_out | {2 }
  - Chain level:
	State 1
		store_ln63 : 1
		column_14 : 1
		icmp_ln63 : 2
		add_ln63 : 2
		br_ln63 : 3
		store_ln63 : 3
	State 2
		row_in_addr : 1
		store_ln65 : 2


============================================================
+ Verbose Summary: Datapath Resource usage 
============================================================

* Functional unit list:
|----------|--------------------------|---------|---------|
| Operation|      Functional Unit     |    FF   |   LUT   |
|----------|--------------------------|---------|---------|
|   icmp   |      icmp_ln63_fu_68     |    0    |    17   |
|----------|--------------------------|---------|---------|
|    add   |      add_ln63_fu_74      |    0    |    17   |
|----------|--------------------------|---------|---------|
|   read   | gray_out_read_read_fu_40 |    0    |    0    |
|----------|--------------------------|---------|---------|
|   zext   |      zext_ln63_fu_85     |    0    |    0    |
|----------|--------------------------|---------|---------|
|   Total  |                          |    0    |    34   |
|----------|--------------------------|---------|---------|

Memories:
N/A

* Register list:
+----------------+--------+
|                |   FF   |
+----------------+--------+
|column_14_reg_96|   10   |
|  column_reg_89 |   10   |
+----------------+--------+
|      Total     |   20   |
+----------------+--------+

* Multiplexer (MUX) list: 
|--------|------|------|------|--------|
|  Comp  |  Pin | Size |  BW  | S x BW |
|--------|------|------|------|--------|
|  Total |      |      |      |    0   |
|--------|------|------|------|--------|



* Summary:
+-----------+--------+--------+
|           |   FF   |   LUT  |
+-----------+--------+--------+
|  Function |    0   |   34   |
|   Memory  |    -   |    -   |
|Multiplexer|    -   |    -   |
|  Register |   20   |    -   |
+-----------+--------+--------+
|   Total   |   20   |   34   |
+-----------+--------+--------+
