

================================================================
== Vitis HLS Report for 'gaussian_blur'
================================================================
* Date:           Sat Jul 25 12:05:02 2026

* Version:        2025.2 (Build 6295257 on Nov 14 2025)
* Project:        canny_top
* Solution:       hls (Vitis Kernel Flow Target)
* Product family: zynquplus
* Target device:  xck26-sfvc784-2LV-c


================================================================
== Performance Estimates
================================================================
+ Timing: 
    * Summary: 
    +--------+---------+----------+------------+
    |  Clock |  Target | Estimated| Uncertainty|
    +--------+---------+----------+------------+
    |ap_clk  |  5.00 ns|  3.617 ns|     1.35 ns|
    +--------+---------+----------+------------+

+ Latency: 
    * Summary: 
    +---------+---------+----------+-----------+-----+------+---------+
    |  Latency (cycles) |  Latency (absolute)  |  Interval  | Pipeline|
    |   min   |   max   |    min   |    max    | min |  max |   Type  |
    +---------+---------+----------+-----------+-----+------+---------+
    |      551|     7281|  2.755 us|  36.405 us|  551|  7281|       no|
    +---------+---------+----------+-----------+-----+------+---------+

    + Detail: 
        * Instance: 
        N/A

        * Loop: 
        N/A

============================================================
+ Verbose Summary: Synthesis Manager
============================================================
InlineROM: 1
ExposeGlobal: 0
============================================================
+ Verbose Summary: CDFG Model
============================================================
IsTopModel: 0
ResetActiveHigh: 1
IsCombinational: 2
IsDatapathOnly: 0
HasWiredReturn: 1
HasMFsm: 0
HasVarLatency: 1
IsPipeline: 0
IsRtlPipelined: 0
IsInstanceOverlapped: 0
IsDontTouch: 0
HasImplIP: 0
IsGatedGlobalClock: 0


============================================================
+ Verbose Summary: Schedule
============================================================
* Number of FSM states : 74
* Pipeline : 0
* Dataflow Pipeline: 0

* FSM state transitions: 
1 --> 2 
2 --> 3 
3 --> 4 
4 --> 5 
5 --> 6 
6 --> 7 
7 --> 8 
8 --> 9 
9 --> 10 
10 --> 11 
11 --> 12 
12 --> 13 
13 --> 14 
14 --> 15 
15 --> 16 
16 --> 17 
17 --> 18 
18 --> 19 
19 --> 20 
20 --> 21 
21 --> 22 
22 --> 23 
23 --> 24 
24 --> 25 
25 --> 26 
26 --> 27 
27 --> 28 
28 --> 29 
29 --> 30 
30 --> 31 
31 --> 32 
32 --> 33 
33 --> 34 
34 --> 35 
35 --> 36 
36 --> 37 
37 --> 38 74 
38 --> 39 
39 --> 40 
40 --> 41 
41 --> 42 
42 --> 43 
43 --> 44 
44 --> 45 
45 --> 46 
46 --> 47 
47 --> 48 
48 --> 49 
49 --> 50 
50 --> 51 
51 --> 52 
52 --> 53 
53 --> 54 
54 --> 55 
55 --> 56 
56 --> 57 
57 --> 58 
58 --> 59 
59 --> 60 
60 --> 61 
61 --> 62 
62 --> 63 
63 --> 64 
64 --> 65 
65 --> 66 
66 --> 67 
67 --> 68 
68 --> 69 
69 --> 70 
70 --> 71 
71 --> 72 
72 --> 73 
73 --> 74 
74 --> 

* FSM state operations: 

State 1 <SV = 0> <Delay = 1.47>
ST_1 : Operation 75 [1/1] (0.00ns)   --->   "%p_anonymous_namespace_rowsReceived_load = load i32 %p_anonymous_namespace_rowsReceived" [../src/gaussian_blur.cpp:54]   --->   Operation 75 'load' 'p_anonymous_namespace_rowsReceived_load' <Predicate = true> <Delay = 0.00>
ST_1 : Operation 76 [36/36] (1.47ns)   --->   "%writeSlot = srem i32 %p_anonymous_namespace_rowsReceived_load, i32 5" [../src/gaussian_blur.cpp:54]   --->   Operation 76 'srem' 'writeSlot' <Predicate = true> <Delay = 1.47> <CoreInst = "DivnS_SEQ">   --->   Core 7 'DivnS_SEQ' <Latency = 35> <II = 3> <Delay = 1.47> <FuncUnit> <Opcode : 'udiv' 'sdiv' 'urem' 'srem'> <InPorts = 2> <OutPorts = 1>
ST_1 : Operation 77 [1/1] (1.01ns)   --->   "%add_ln61 = add i32 %p_anonymous_namespace_rowsReceived_load, i32 1" [../src/gaussian_blur.cpp:61]   --->   Operation 77 'add' 'add_ln61' <Predicate = true> <Delay = 1.01> <CoreInst = "Adder">   --->   Core 1 'Adder' <Latency = 0> <II = 1> <Delay = 1.01> <FuncUnit> <Opcode : 'add' 'sub'> <InPorts = 2> <OutPorts = 1>
ST_1 : Operation 78 [1/1] (0.00ns)   --->   "%store_ln61 = store i32 %add_ln61, i32 %p_anonymous_namespace_rowsReceived" [../src/gaussian_blur.cpp:61]   --->   Operation 78 'store' 'store_ln61' <Predicate = true> <Delay = 0.00>

State 2 <SV = 1> <Delay = 1.47>
ST_2 : Operation 79 [35/36] (1.47ns)   --->   "%writeSlot = srem i32 %p_anonymous_namespace_rowsReceived_load, i32 5" [../src/gaussian_blur.cpp:54]   --->   Operation 79 'srem' 'writeSlot' <Predicate = true> <Delay = 1.47> <CoreInst = "DivnS_SEQ">   --->   Core 7 'DivnS_SEQ' <Latency = 35> <II = 3> <Delay = 1.47> <FuncUnit> <Opcode : 'udiv' 'sdiv' 'urem' 'srem'> <InPorts = 2> <OutPorts = 1>

State 3 <SV = 2> <Delay = 1.47>
ST_3 : Operation 80 [34/36] (1.47ns)   --->   "%writeSlot = srem i32 %p_anonymous_namespace_rowsReceived_load, i32 5" [../src/gaussian_blur.cpp:54]   --->   Operation 80 'srem' 'writeSlot' <Predicate = true> <Delay = 1.47> <CoreInst = "DivnS_SEQ">   --->   Core 7 'DivnS_SEQ' <Latency = 35> <II = 3> <Delay = 1.47> <FuncUnit> <Opcode : 'udiv' 'sdiv' 'urem' 'srem'> <InPorts = 2> <OutPorts = 1>

State 4 <SV = 3> <Delay = 1.47>
ST_4 : Operation 81 [33/36] (1.47ns)   --->   "%writeSlot = srem i32 %p_anonymous_namespace_rowsReceived_load, i32 5" [../src/gaussian_blur.cpp:54]   --->   Operation 81 'srem' 'writeSlot' <Predicate = true> <Delay = 1.47> <CoreInst = "DivnS_SEQ">   --->   Core 7 'DivnS_SEQ' <Latency = 35> <II = 3> <Delay = 1.47> <FuncUnit> <Opcode : 'udiv' 'sdiv' 'urem' 'srem'> <InPorts = 2> <OutPorts = 1>

State 5 <SV = 4> <Delay = 1.47>
ST_5 : Operation 82 [32/36] (1.47ns)   --->   "%writeSlot = srem i32 %p_anonymous_namespace_rowsReceived_load, i32 5" [../src/gaussian_blur.cpp:54]   --->   Operation 82 'srem' 'writeSlot' <Predicate = true> <Delay = 1.47> <CoreInst = "DivnS_SEQ">   --->   Core 7 'DivnS_SEQ' <Latency = 35> <II = 3> <Delay = 1.47> <FuncUnit> <Opcode : 'udiv' 'sdiv' 'urem' 'srem'> <InPorts = 2> <OutPorts = 1>

State 6 <SV = 5> <Delay = 1.47>
ST_6 : Operation 83 [31/36] (1.47ns)   --->   "%writeSlot = srem i32 %p_anonymous_namespace_rowsReceived_load, i32 5" [../src/gaussian_blur.cpp:54]   --->   Operation 83 'srem' 'writeSlot' <Predicate = true> <Delay = 1.47> <CoreInst = "DivnS_SEQ">   --->   Core 7 'DivnS_SEQ' <Latency = 35> <II = 3> <Delay = 1.47> <FuncUnit> <Opcode : 'udiv' 'sdiv' 'urem' 'srem'> <InPorts = 2> <OutPorts = 1>

State 7 <SV = 6> <Delay = 1.47>
ST_7 : Operation 84 [30/36] (1.47ns)   --->   "%writeSlot = srem i32 %p_anonymous_namespace_rowsReceived_load, i32 5" [../src/gaussian_blur.cpp:54]   --->   Operation 84 'srem' 'writeSlot' <Predicate = true> <Delay = 1.47> <CoreInst = "DivnS_SEQ">   --->   Core 7 'DivnS_SEQ' <Latency = 35> <II = 3> <Delay = 1.47> <FuncUnit> <Opcode : 'udiv' 'sdiv' 'urem' 'srem'> <InPorts = 2> <OutPorts = 1>

State 8 <SV = 7> <Delay = 1.47>
ST_8 : Operation 85 [29/36] (1.47ns)   --->   "%writeSlot = srem i32 %p_anonymous_namespace_rowsReceived_load, i32 5" [../src/gaussian_blur.cpp:54]   --->   Operation 85 'srem' 'writeSlot' <Predicate = true> <Delay = 1.47> <CoreInst = "DivnS_SEQ">   --->   Core 7 'DivnS_SEQ' <Latency = 35> <II = 3> <Delay = 1.47> <FuncUnit> <Opcode : 'udiv' 'sdiv' 'urem' 'srem'> <InPorts = 2> <OutPorts = 1>

State 9 <SV = 8> <Delay = 1.47>
ST_9 : Operation 86 [28/36] (1.47ns)   --->   "%writeSlot = srem i32 %p_anonymous_namespace_rowsReceived_load, i32 5" [../src/gaussian_blur.cpp:54]   --->   Operation 86 'srem' 'writeSlot' <Predicate = true> <Delay = 1.47> <CoreInst = "DivnS_SEQ">   --->   Core 7 'DivnS_SEQ' <Latency = 35> <II = 3> <Delay = 1.47> <FuncUnit> <Opcode : 'udiv' 'sdiv' 'urem' 'srem'> <InPorts = 2> <OutPorts = 1>

State 10 <SV = 9> <Delay = 1.47>
ST_10 : Operation 87 [27/36] (1.47ns)   --->   "%writeSlot = srem i32 %p_anonymous_namespace_rowsReceived_load, i32 5" [../src/gaussian_blur.cpp:54]   --->   Operation 87 'srem' 'writeSlot' <Predicate = true> <Delay = 1.47> <CoreInst = "DivnS_SEQ">   --->   Core 7 'DivnS_SEQ' <Latency = 35> <II = 3> <Delay = 1.47> <FuncUnit> <Opcode : 'udiv' 'sdiv' 'urem' 'srem'> <InPorts = 2> <OutPorts = 1>

State 11 <SV = 10> <Delay = 1.47>
ST_11 : Operation 88 [26/36] (1.47ns)   --->   "%writeSlot = srem i32 %p_anonymous_namespace_rowsReceived_load, i32 5" [../src/gaussian_blur.cpp:54]   --->   Operation 88 'srem' 'writeSlot' <Predicate = true> <Delay = 1.47> <CoreInst = "DivnS_SEQ">   --->   Core 7 'DivnS_SEQ' <Latency = 35> <II = 3> <Delay = 1.47> <FuncUnit> <Opcode : 'udiv' 'sdiv' 'urem' 'srem'> <InPorts = 2> <OutPorts = 1>

State 12 <SV = 11> <Delay = 1.47>
ST_12 : Operation 89 [25/36] (1.47ns)   --->   "%writeSlot = srem i32 %p_anonymous_namespace_rowsReceived_load, i32 5" [../src/gaussian_blur.cpp:54]   --->   Operation 89 'srem' 'writeSlot' <Predicate = true> <Delay = 1.47> <CoreInst = "DivnS_SEQ">   --->   Core 7 'DivnS_SEQ' <Latency = 35> <II = 3> <Delay = 1.47> <FuncUnit> <Opcode : 'udiv' 'sdiv' 'urem' 'srem'> <InPorts = 2> <OutPorts = 1>

State 13 <SV = 12> <Delay = 1.47>
ST_13 : Operation 90 [24/36] (1.47ns)   --->   "%writeSlot = srem i32 %p_anonymous_namespace_rowsReceived_load, i32 5" [../src/gaussian_blur.cpp:54]   --->   Operation 90 'srem' 'writeSlot' <Predicate = true> <Delay = 1.47> <CoreInst = "DivnS_SEQ">   --->   Core 7 'DivnS_SEQ' <Latency = 35> <II = 3> <Delay = 1.47> <FuncUnit> <Opcode : 'udiv' 'sdiv' 'urem' 'srem'> <InPorts = 2> <OutPorts = 1>

State 14 <SV = 13> <Delay = 1.47>
ST_14 : Operation 91 [23/36] (1.47ns)   --->   "%writeSlot = srem i32 %p_anonymous_namespace_rowsReceived_load, i32 5" [../src/gaussian_blur.cpp:54]   --->   Operation 91 'srem' 'writeSlot' <Predicate = true> <Delay = 1.47> <CoreInst = "DivnS_SEQ">   --->   Core 7 'DivnS_SEQ' <Latency = 35> <II = 3> <Delay = 1.47> <FuncUnit> <Opcode : 'udiv' 'sdiv' 'urem' 'srem'> <InPorts = 2> <OutPorts = 1>

State 15 <SV = 14> <Delay = 1.47>
ST_15 : Operation 92 [22/36] (1.47ns)   --->   "%writeSlot = srem i32 %p_anonymous_namespace_rowsReceived_load, i32 5" [../src/gaussian_blur.cpp:54]   --->   Operation 92 'srem' 'writeSlot' <Predicate = true> <Delay = 1.47> <CoreInst = "DivnS_SEQ">   --->   Core 7 'DivnS_SEQ' <Latency = 35> <II = 3> <Delay = 1.47> <FuncUnit> <Opcode : 'udiv' 'sdiv' 'urem' 'srem'> <InPorts = 2> <OutPorts = 1>

State 16 <SV = 15> <Delay = 1.47>
ST_16 : Operation 93 [21/36] (1.47ns)   --->   "%writeSlot = srem i32 %p_anonymous_namespace_rowsReceived_load, i32 5" [../src/gaussian_blur.cpp:54]   --->   Operation 93 'srem' 'writeSlot' <Predicate = true> <Delay = 1.47> <CoreInst = "DivnS_SEQ">   --->   Core 7 'DivnS_SEQ' <Latency = 35> <II = 3> <Delay = 1.47> <FuncUnit> <Opcode : 'udiv' 'sdiv' 'urem' 'srem'> <InPorts = 2> <OutPorts = 1>

State 17 <SV = 16> <Delay = 1.47>
ST_17 : Operation 94 [20/36] (1.47ns)   --->   "%writeSlot = srem i32 %p_anonymous_namespace_rowsReceived_load, i32 5" [../src/gaussian_blur.cpp:54]   --->   Operation 94 'srem' 'writeSlot' <Predicate = true> <Delay = 1.47> <CoreInst = "DivnS_SEQ">   --->   Core 7 'DivnS_SEQ' <Latency = 35> <II = 3> <Delay = 1.47> <FuncUnit> <Opcode : 'udiv' 'sdiv' 'urem' 'srem'> <InPorts = 2> <OutPorts = 1>

State 18 <SV = 17> <Delay = 1.47>
ST_18 : Operation 95 [19/36] (1.47ns)   --->   "%writeSlot = srem i32 %p_anonymous_namespace_rowsReceived_load, i32 5" [../src/gaussian_blur.cpp:54]   --->   Operation 95 'srem' 'writeSlot' <Predicate = true> <Delay = 1.47> <CoreInst = "DivnS_SEQ">   --->   Core 7 'DivnS_SEQ' <Latency = 35> <II = 3> <Delay = 1.47> <FuncUnit> <Opcode : 'udiv' 'sdiv' 'urem' 'srem'> <InPorts = 2> <OutPorts = 1>

State 19 <SV = 18> <Delay = 1.47>
ST_19 : Operation 96 [18/36] (1.47ns)   --->   "%writeSlot = srem i32 %p_anonymous_namespace_rowsReceived_load, i32 5" [../src/gaussian_blur.cpp:54]   --->   Operation 96 'srem' 'writeSlot' <Predicate = true> <Delay = 1.47> <CoreInst = "DivnS_SEQ">   --->   Core 7 'DivnS_SEQ' <Latency = 35> <II = 3> <Delay = 1.47> <FuncUnit> <Opcode : 'udiv' 'sdiv' 'urem' 'srem'> <InPorts = 2> <OutPorts = 1>

State 20 <SV = 19> <Delay = 1.47>
ST_20 : Operation 97 [17/36] (1.47ns)   --->   "%writeSlot = srem i32 %p_anonymous_namespace_rowsReceived_load, i32 5" [../src/gaussian_blur.cpp:54]   --->   Operation 97 'srem' 'writeSlot' <Predicate = true> <Delay = 1.47> <CoreInst = "DivnS_SEQ">   --->   Core 7 'DivnS_SEQ' <Latency = 35> <II = 3> <Delay = 1.47> <FuncUnit> <Opcode : 'udiv' 'sdiv' 'urem' 'srem'> <InPorts = 2> <OutPorts = 1>

State 21 <SV = 20> <Delay = 1.47>
ST_21 : Operation 98 [16/36] (1.47ns)   --->   "%writeSlot = srem i32 %p_anonymous_namespace_rowsReceived_load, i32 5" [../src/gaussian_blur.cpp:54]   --->   Operation 98 'srem' 'writeSlot' <Predicate = true> <Delay = 1.47> <CoreInst = "DivnS_SEQ">   --->   Core 7 'DivnS_SEQ' <Latency = 35> <II = 3> <Delay = 1.47> <FuncUnit> <Opcode : 'udiv' 'sdiv' 'urem' 'srem'> <InPorts = 2> <OutPorts = 1>

State 22 <SV = 21> <Delay = 1.47>
ST_22 : Operation 99 [15/36] (1.47ns)   --->   "%writeSlot = srem i32 %p_anonymous_namespace_rowsReceived_load, i32 5" [../src/gaussian_blur.cpp:54]   --->   Operation 99 'srem' 'writeSlot' <Predicate = true> <Delay = 1.47> <CoreInst = "DivnS_SEQ">   --->   Core 7 'DivnS_SEQ' <Latency = 35> <II = 3> <Delay = 1.47> <FuncUnit> <Opcode : 'udiv' 'sdiv' 'urem' 'srem'> <InPorts = 2> <OutPorts = 1>

State 23 <SV = 22> <Delay = 1.47>
ST_23 : Operation 100 [14/36] (1.47ns)   --->   "%writeSlot = srem i32 %p_anonymous_namespace_rowsReceived_load, i32 5" [../src/gaussian_blur.cpp:54]   --->   Operation 100 'srem' 'writeSlot' <Predicate = true> <Delay = 1.47> <CoreInst = "DivnS_SEQ">   --->   Core 7 'DivnS_SEQ' <Latency = 35> <II = 3> <Delay = 1.47> <FuncUnit> <Opcode : 'udiv' 'sdiv' 'urem' 'srem'> <InPorts = 2> <OutPorts = 1>

State 24 <SV = 23> <Delay = 1.47>
ST_24 : Operation 101 [13/36] (1.47ns)   --->   "%writeSlot = srem i32 %p_anonymous_namespace_rowsReceived_load, i32 5" [../src/gaussian_blur.cpp:54]   --->   Operation 101 'srem' 'writeSlot' <Predicate = true> <Delay = 1.47> <CoreInst = "DivnS_SEQ">   --->   Core 7 'DivnS_SEQ' <Latency = 35> <II = 3> <Delay = 1.47> <FuncUnit> <Opcode : 'udiv' 'sdiv' 'urem' 'srem'> <InPorts = 2> <OutPorts = 1>

State 25 <SV = 24> <Delay = 1.47>
ST_25 : Operation 102 [12/36] (1.47ns)   --->   "%writeSlot = srem i32 %p_anonymous_namespace_rowsReceived_load, i32 5" [../src/gaussian_blur.cpp:54]   --->   Operation 102 'srem' 'writeSlot' <Predicate = true> <Delay = 1.47> <CoreInst = "DivnS_SEQ">   --->   Core 7 'DivnS_SEQ' <Latency = 35> <II = 3> <Delay = 1.47> <FuncUnit> <Opcode : 'udiv' 'sdiv' 'urem' 'srem'> <InPorts = 2> <OutPorts = 1>

State 26 <SV = 25> <Delay = 1.47>
ST_26 : Operation 103 [11/36] (1.47ns)   --->   "%writeSlot = srem i32 %p_anonymous_namespace_rowsReceived_load, i32 5" [../src/gaussian_blur.cpp:54]   --->   Operation 103 'srem' 'writeSlot' <Predicate = true> <Delay = 1.47> <CoreInst = "DivnS_SEQ">   --->   Core 7 'DivnS_SEQ' <Latency = 35> <II = 3> <Delay = 1.47> <FuncUnit> <Opcode : 'udiv' 'sdiv' 'urem' 'srem'> <InPorts = 2> <OutPorts = 1>

State 27 <SV = 26> <Delay = 1.47>
ST_27 : Operation 104 [10/36] (1.47ns)   --->   "%writeSlot = srem i32 %p_anonymous_namespace_rowsReceived_load, i32 5" [../src/gaussian_blur.cpp:54]   --->   Operation 104 'srem' 'writeSlot' <Predicate = true> <Delay = 1.47> <CoreInst = "DivnS_SEQ">   --->   Core 7 'DivnS_SEQ' <Latency = 35> <II = 3> <Delay = 1.47> <FuncUnit> <Opcode : 'udiv' 'sdiv' 'urem' 'srem'> <InPorts = 2> <OutPorts = 1>

State 28 <SV = 27> <Delay = 1.47>
ST_28 : Operation 105 [9/36] (1.47ns)   --->   "%writeSlot = srem i32 %p_anonymous_namespace_rowsReceived_load, i32 5" [../src/gaussian_blur.cpp:54]   --->   Operation 105 'srem' 'writeSlot' <Predicate = true> <Delay = 1.47> <CoreInst = "DivnS_SEQ">   --->   Core 7 'DivnS_SEQ' <Latency = 35> <II = 3> <Delay = 1.47> <FuncUnit> <Opcode : 'udiv' 'sdiv' 'urem' 'srem'> <InPorts = 2> <OutPorts = 1>

State 29 <SV = 28> <Delay = 1.47>
ST_29 : Operation 106 [8/36] (1.47ns)   --->   "%writeSlot = srem i32 %p_anonymous_namespace_rowsReceived_load, i32 5" [../src/gaussian_blur.cpp:54]   --->   Operation 106 'srem' 'writeSlot' <Predicate = true> <Delay = 1.47> <CoreInst = "DivnS_SEQ">   --->   Core 7 'DivnS_SEQ' <Latency = 35> <II = 3> <Delay = 1.47> <FuncUnit> <Opcode : 'udiv' 'sdiv' 'urem' 'srem'> <InPorts = 2> <OutPorts = 1>

State 30 <SV = 29> <Delay = 1.47>
ST_30 : Operation 107 [7/36] (1.47ns)   --->   "%writeSlot = srem i32 %p_anonymous_namespace_rowsReceived_load, i32 5" [../src/gaussian_blur.cpp:54]   --->   Operation 107 'srem' 'writeSlot' <Predicate = true> <Delay = 1.47> <CoreInst = "DivnS_SEQ">   --->   Core 7 'DivnS_SEQ' <Latency = 35> <II = 3> <Delay = 1.47> <FuncUnit> <Opcode : 'udiv' 'sdiv' 'urem' 'srem'> <InPorts = 2> <OutPorts = 1>

State 31 <SV = 30> <Delay = 1.47>
ST_31 : Operation 108 [6/36] (1.47ns)   --->   "%writeSlot = srem i32 %p_anonymous_namespace_rowsReceived_load, i32 5" [../src/gaussian_blur.cpp:54]   --->   Operation 108 'srem' 'writeSlot' <Predicate = true> <Delay = 1.47> <CoreInst = "DivnS_SEQ">   --->   Core 7 'DivnS_SEQ' <Latency = 35> <II = 3> <Delay = 1.47> <FuncUnit> <Opcode : 'udiv' 'sdiv' 'urem' 'srem'> <InPorts = 2> <OutPorts = 1>

State 32 <SV = 31> <Delay = 1.47>
ST_32 : Operation 109 [5/36] (1.47ns)   --->   "%writeSlot = srem i32 %p_anonymous_namespace_rowsReceived_load, i32 5" [../src/gaussian_blur.cpp:54]   --->   Operation 109 'srem' 'writeSlot' <Predicate = true> <Delay = 1.47> <CoreInst = "DivnS_SEQ">   --->   Core 7 'DivnS_SEQ' <Latency = 35> <II = 3> <Delay = 1.47> <FuncUnit> <Opcode : 'udiv' 'sdiv' 'urem' 'srem'> <InPorts = 2> <OutPorts = 1>

State 33 <SV = 32> <Delay = 1.47>
ST_33 : Operation 110 [4/36] (1.47ns)   --->   "%writeSlot = srem i32 %p_anonymous_namespace_rowsReceived_load, i32 5" [../src/gaussian_blur.cpp:54]   --->   Operation 110 'srem' 'writeSlot' <Predicate = true> <Delay = 1.47> <CoreInst = "DivnS_SEQ">   --->   Core 7 'DivnS_SEQ' <Latency = 35> <II = 3> <Delay = 1.47> <FuncUnit> <Opcode : 'udiv' 'sdiv' 'urem' 'srem'> <InPorts = 2> <OutPorts = 1>

State 34 <SV = 33> <Delay = 1.47>
ST_34 : Operation 111 [3/36] (1.47ns)   --->   "%writeSlot = srem i32 %p_anonymous_namespace_rowsReceived_load, i32 5" [../src/gaussian_blur.cpp:54]   --->   Operation 111 'srem' 'writeSlot' <Predicate = true> <Delay = 1.47> <CoreInst = "DivnS_SEQ">   --->   Core 7 'DivnS_SEQ' <Latency = 35> <II = 3> <Delay = 1.47> <FuncUnit> <Opcode : 'udiv' 'sdiv' 'urem' 'srem'> <InPorts = 2> <OutPorts = 1>

State 35 <SV = 34> <Delay = 1.47>
ST_35 : Operation 112 [2/36] (1.47ns)   --->   "%writeSlot = srem i32 %p_anonymous_namespace_rowsReceived_load, i32 5" [../src/gaussian_blur.cpp:54]   --->   Operation 112 'srem' 'writeSlot' <Predicate = true> <Delay = 1.47> <CoreInst = "DivnS_SEQ">   --->   Core 7 'DivnS_SEQ' <Latency = 35> <II = 3> <Delay = 1.47> <FuncUnit> <Opcode : 'udiv' 'sdiv' 'urem' 'srem'> <InPorts = 2> <OutPorts = 1>

State 36 <SV = 35> <Delay = 2.28>
ST_36 : Operation 113 [1/36] (1.47ns)   --->   "%writeSlot = srem i32 %p_anonymous_namespace_rowsReceived_load, i32 5" [../src/gaussian_blur.cpp:54]   --->   Operation 113 'srem' 'writeSlot' <Predicate = true> <Delay = 1.47> <CoreInst = "DivnS_SEQ">   --->   Core 7 'DivnS_SEQ' <Latency = 35> <II = 3> <Delay = 1.47> <FuncUnit> <Opcode : 'udiv' 'sdiv' 'urem' 'srem'> <InPorts = 2> <OutPorts = 1>
ST_36 : Operation 114 [1/1] (0.00ns)   --->   "%trunc_ln58 = trunc i3 %writeSlot" [../src/gaussian_blur.cpp:58]   --->   Operation 114 'trunc' 'trunc_ln58' <Predicate = true> <Delay = 0.00>
ST_36 : Operation 115 [1/1] (0.00ns)   --->   "%tmp_s = bitconcatenate i12 @_ssdm_op_BitConcatenate.i12.i3.i9, i3 %trunc_ln58, i9 0" [../src/gaussian_blur.cpp:58]   --->   Operation 115 'bitconcatenate' 'tmp_s' <Predicate = true> <Delay = 0.00>
ST_36 : Operation 116 [2/2] (0.80ns)   --->   "%call_ln58 = call void @gaussian_blur_Pipeline_VITIS_LOOP_57_1, i12 %tmp_s, i8 %input_r, i8 %output_r, i8 %lineBuffer_1" [../src/gaussian_blur.cpp:58]   --->   Operation 116 'call' 'call_ln58' <Predicate = true> <Delay = 0.80> <CoreType = "Generic">   --->   Generic Core
ST_36 : Operation 117 [1/1] (1.01ns)   --->   "%outputRow = add i32 %p_anonymous_namespace_rowsReceived_load, i32 4294967294" [../src/gaussian_blur.cpp:63]   --->   Operation 117 'add' 'outputRow' <Predicate = true> <Delay = 1.01> <CoreInst = "Adder">   --->   Core 1 'Adder' <Latency = 0> <II = 1> <Delay = 1.01> <FuncUnit> <Opcode : 'add' 'sub'> <InPorts = 2> <OutPorts = 1>
ST_36 : Operation 118 [1/1] (0.00ns)   --->   "%tmp = bitselect i1 @_ssdm_op_BitSelect.i1.i32.i32, i32 %outputRow, i32 31" [../src/gaussian_blur.cpp:65]   --->   Operation 118 'bitselect' 'tmp' <Predicate = true> <Delay = 0.00>

State 37 <SV = 36> <Delay = 2.94>
ST_37 : Operation 119 [1/1] (1.01ns)   --->   "%sub_ln28 = sub i32 0, i32 %p_anonymous_namespace_rowsReceived_load" [../src/gaussian_blur.cpp:28->../src/gaussian_blur.cpp:78]   --->   Operation 119 'sub' 'sub_ln28' <Predicate = true> <Delay = 1.01> <CoreInst = "Adder">   --->   Core 1 'Adder' <Latency = 0> <II = 1> <Delay = 1.01> <FuncUnit> <Opcode : 'add' 'sub'> <InPorts = 2> <OutPorts = 1>
ST_37 : Operation 120 [1/2] (1.64ns)   --->   "%call_ln58 = call void @gaussian_blur_Pipeline_VITIS_LOOP_57_1, i12 %tmp_s, i8 %input_r, i8 %output_r, i8 %lineBuffer_1" [../src/gaussian_blur.cpp:58]   --->   Operation 120 'call' 'call_ln58' <Predicate = true> <Delay = 1.64> <CoreType = "Generic">   --->   Generic Core
ST_37 : Operation 121 [1/1] (0.42ns)   --->   "%br_ln65 = br i1 %tmp, void %VITIS_LOOP_70_2, void %cleanup" [../src/gaussian_blur.cpp:65]   --->   Operation 121 'br' 'br_ln65' <Predicate = true> <Delay = 0.42>
ST_37 : Operation 122 [1/1] (0.00ns)   --->   "%tmp_65 = partselect i23 @_ssdm_op_PartSelect.i23.i32.i32.i32, i32 %outputRow, i32 9, i32 31" [../src/gaussian_blur.cpp:29->../src/gaussian_blur.cpp:78]   --->   Operation 122 'partselect' 'tmp_65' <Predicate = (!tmp)> <Delay = 0.00>
ST_37 : Operation 123 [1/1] (0.92ns)   --->   "%icmp_ln29 = icmp_sgt  i23 %tmp_65, i23 0" [../src/gaussian_blur.cpp:29->../src/gaussian_blur.cpp:78]   --->   Operation 123 'icmp' 'icmp_ln29' <Predicate = (!tmp)> <Delay = 0.92> <CoreInst = "Cmp">   --->   Core 9 'Cmp' <Latency = 0> <II = 1> <Delay = 0.92> <FuncUnit> <Opcode : 'seteq' 'setne' 'setle' 'setge' 'setlt' 'setgt'> <InPorts = 2> <OutPorts = 1>
ST_37 : Operation 124 [1/1] (1.01ns)   --->   "%sub_ln30_2 = sub i32 1024, i32 %p_anonymous_namespace_rowsReceived_load" [../src/gaussian_blur.cpp:30->../src/gaussian_blur.cpp:78]   --->   Operation 124 'sub' 'sub_ln30_2' <Predicate = (!tmp)> <Delay = 1.01> <CoreInst = "Adder">   --->   Core 1 'Adder' <Latency = 0> <II = 1> <Delay = 1.01> <FuncUnit> <Opcode : 'add' 'sub'> <InPorts = 2> <OutPorts = 1>
ST_37 : Operation 125 [1/1] (0.44ns)   --->   "%select_ln29 = select i1 %icmp_ln29, i32 %sub_ln30_2, i32 %outputRow" [../src/gaussian_blur.cpp:29->../src/gaussian_blur.cpp:78]   --->   Operation 125 'select' 'select_ln29' <Predicate = (!tmp)> <Delay = 0.44> <CoreInst = "Sel">   --->   Core 73 'Sel' <Latency = 0> <II = 1> <Delay = 0.44> <FuncUnit> <Opcode : 'select'> <InPorts = 3> <OutPorts = 1>
ST_37 : Operation 126 [36/36] (1.47ns)   --->   "%srem_ln22 = srem i32 %select_ln29, i32 5" [../src/gaussian_blur.cpp:22->../src/gaussian_blur.cpp:81]   --->   Operation 126 'srem' 'srem_ln22' <Predicate = (!tmp)> <Delay = 1.47> <CoreInst = "DivnS_SEQ">   --->   Core 7 'DivnS_SEQ' <Latency = 35> <II = 32> <Delay = 1.47> <FuncUnit> <Opcode : 'udiv' 'sdiv' 'urem' 'srem'> <InPorts = 2> <OutPorts = 1>

State 38 <SV = 37> <Delay = 1.47>
ST_38 : Operation 127 [35/36] (1.47ns)   --->   "%srem_ln22 = srem i32 %select_ln29, i32 5" [../src/gaussian_blur.cpp:22->../src/gaussian_blur.cpp:81]   --->   Operation 127 'srem' 'srem_ln22' <Predicate = true> <Delay = 1.47> <CoreInst = "DivnS_SEQ">   --->   Core 7 'DivnS_SEQ' <Latency = 35> <II = 32> <Delay = 1.47> <FuncUnit> <Opcode : 'udiv' 'sdiv' 'urem' 'srem'> <InPorts = 2> <OutPorts = 1>

State 39 <SV = 38> <Delay = 1.47>
ST_39 : Operation 128 [34/36] (1.47ns)   --->   "%srem_ln22 = srem i32 %select_ln29, i32 5" [../src/gaussian_blur.cpp:22->../src/gaussian_blur.cpp:81]   --->   Operation 128 'srem' 'srem_ln22' <Predicate = true> <Delay = 1.47> <CoreInst = "DivnS_SEQ">   --->   Core 7 'DivnS_SEQ' <Latency = 35> <II = 32> <Delay = 1.47> <FuncUnit> <Opcode : 'udiv' 'sdiv' 'urem' 'srem'> <InPorts = 2> <OutPorts = 1>

State 40 <SV = 39> <Delay = 1.47>
ST_40 : Operation 129 [33/36] (1.47ns)   --->   "%srem_ln22 = srem i32 %select_ln29, i32 5" [../src/gaussian_blur.cpp:22->../src/gaussian_blur.cpp:81]   --->   Operation 129 'srem' 'srem_ln22' <Predicate = true> <Delay = 1.47> <CoreInst = "DivnS_SEQ">   --->   Core 7 'DivnS_SEQ' <Latency = 35> <II = 32> <Delay = 1.47> <FuncUnit> <Opcode : 'udiv' 'sdiv' 'urem' 'srem'> <InPorts = 2> <OutPorts = 1>

State 41 <SV = 40> <Delay = 1.47>
ST_41 : Operation 130 [32/36] (1.47ns)   --->   "%srem_ln22 = srem i32 %select_ln29, i32 5" [../src/gaussian_blur.cpp:22->../src/gaussian_blur.cpp:81]   --->   Operation 130 'srem' 'srem_ln22' <Predicate = true> <Delay = 1.47> <CoreInst = "DivnS_SEQ">   --->   Core 7 'DivnS_SEQ' <Latency = 35> <II = 32> <Delay = 1.47> <FuncUnit> <Opcode : 'udiv' 'sdiv' 'urem' 'srem'> <InPorts = 2> <OutPorts = 1>

State 42 <SV = 41> <Delay = 1.47>
ST_42 : Operation 131 [31/36] (1.47ns)   --->   "%srem_ln22 = srem i32 %select_ln29, i32 5" [../src/gaussian_blur.cpp:22->../src/gaussian_blur.cpp:81]   --->   Operation 131 'srem' 'srem_ln22' <Predicate = true> <Delay = 1.47> <CoreInst = "DivnS_SEQ">   --->   Core 7 'DivnS_SEQ' <Latency = 35> <II = 32> <Delay = 1.47> <FuncUnit> <Opcode : 'udiv' 'sdiv' 'urem' 'srem'> <InPorts = 2> <OutPorts = 1>

State 43 <SV = 42> <Delay = 1.47>
ST_43 : Operation 132 [30/36] (1.47ns)   --->   "%srem_ln22 = srem i32 %select_ln29, i32 5" [../src/gaussian_blur.cpp:22->../src/gaussian_blur.cpp:81]   --->   Operation 132 'srem' 'srem_ln22' <Predicate = true> <Delay = 1.47> <CoreInst = "DivnS_SEQ">   --->   Core 7 'DivnS_SEQ' <Latency = 35> <II = 32> <Delay = 1.47> <FuncUnit> <Opcode : 'udiv' 'sdiv' 'urem' 'srem'> <InPorts = 2> <OutPorts = 1>

State 44 <SV = 43> <Delay = 1.47>
ST_44 : Operation 133 [29/36] (1.47ns)   --->   "%srem_ln22 = srem i32 %select_ln29, i32 5" [../src/gaussian_blur.cpp:22->../src/gaussian_blur.cpp:81]   --->   Operation 133 'srem' 'srem_ln22' <Predicate = true> <Delay = 1.47> <CoreInst = "DivnS_SEQ">   --->   Core 7 'DivnS_SEQ' <Latency = 35> <II = 32> <Delay = 1.47> <FuncUnit> <Opcode : 'udiv' 'sdiv' 'urem' 'srem'> <InPorts = 2> <OutPorts = 1>

State 45 <SV = 44> <Delay = 1.47>
ST_45 : Operation 134 [28/36] (1.47ns)   --->   "%srem_ln22 = srem i32 %select_ln29, i32 5" [../src/gaussian_blur.cpp:22->../src/gaussian_blur.cpp:81]   --->   Operation 134 'srem' 'srem_ln22' <Predicate = true> <Delay = 1.47> <CoreInst = "DivnS_SEQ">   --->   Core 7 'DivnS_SEQ' <Latency = 35> <II = 32> <Delay = 1.47> <FuncUnit> <Opcode : 'udiv' 'sdiv' 'urem' 'srem'> <InPorts = 2> <OutPorts = 1>

State 46 <SV = 45> <Delay = 1.47>
ST_46 : Operation 135 [27/36] (1.47ns)   --->   "%srem_ln22 = srem i32 %select_ln29, i32 5" [../src/gaussian_blur.cpp:22->../src/gaussian_blur.cpp:81]   --->   Operation 135 'srem' 'srem_ln22' <Predicate = true> <Delay = 1.47> <CoreInst = "DivnS_SEQ">   --->   Core 7 'DivnS_SEQ' <Latency = 35> <II = 32> <Delay = 1.47> <FuncUnit> <Opcode : 'udiv' 'sdiv' 'urem' 'srem'> <InPorts = 2> <OutPorts = 1>

State 47 <SV = 46> <Delay = 1.47>
ST_47 : Operation 136 [26/36] (1.47ns)   --->   "%srem_ln22 = srem i32 %select_ln29, i32 5" [../src/gaussian_blur.cpp:22->../src/gaussian_blur.cpp:81]   --->   Operation 136 'srem' 'srem_ln22' <Predicate = true> <Delay = 1.47> <CoreInst = "DivnS_SEQ">   --->   Core 7 'DivnS_SEQ' <Latency = 35> <II = 32> <Delay = 1.47> <FuncUnit> <Opcode : 'udiv' 'sdiv' 'urem' 'srem'> <InPorts = 2> <OutPorts = 1>

State 48 <SV = 47> <Delay = 1.47>
ST_48 : Operation 137 [25/36] (1.47ns)   --->   "%srem_ln22 = srem i32 %select_ln29, i32 5" [../src/gaussian_blur.cpp:22->../src/gaussian_blur.cpp:81]   --->   Operation 137 'srem' 'srem_ln22' <Predicate = true> <Delay = 1.47> <CoreInst = "DivnS_SEQ">   --->   Core 7 'DivnS_SEQ' <Latency = 35> <II = 32> <Delay = 1.47> <FuncUnit> <Opcode : 'udiv' 'sdiv' 'urem' 'srem'> <InPorts = 2> <OutPorts = 1>

State 49 <SV = 48> <Delay = 1.47>
ST_49 : Operation 138 [24/36] (1.47ns)   --->   "%srem_ln22 = srem i32 %select_ln29, i32 5" [../src/gaussian_blur.cpp:22->../src/gaussian_blur.cpp:81]   --->   Operation 138 'srem' 'srem_ln22' <Predicate = true> <Delay = 1.47> <CoreInst = "DivnS_SEQ">   --->   Core 7 'DivnS_SEQ' <Latency = 35> <II = 32> <Delay = 1.47> <FuncUnit> <Opcode : 'udiv' 'sdiv' 'urem' 'srem'> <InPorts = 2> <OutPorts = 1>

State 50 <SV = 49> <Delay = 1.47>
ST_50 : Operation 139 [23/36] (1.47ns)   --->   "%srem_ln22 = srem i32 %select_ln29, i32 5" [../src/gaussian_blur.cpp:22->../src/gaussian_blur.cpp:81]   --->   Operation 139 'srem' 'srem_ln22' <Predicate = true> <Delay = 1.47> <CoreInst = "DivnS_SEQ">   --->   Core 7 'DivnS_SEQ' <Latency = 35> <II = 32> <Delay = 1.47> <FuncUnit> <Opcode : 'udiv' 'sdiv' 'urem' 'srem'> <InPorts = 2> <OutPorts = 1>

State 51 <SV = 50> <Delay = 1.47>
ST_51 : Operation 140 [22/36] (1.47ns)   --->   "%srem_ln22 = srem i32 %select_ln29, i32 5" [../src/gaussian_blur.cpp:22->../src/gaussian_blur.cpp:81]   --->   Operation 140 'srem' 'srem_ln22' <Predicate = true> <Delay = 1.47> <CoreInst = "DivnS_SEQ">   --->   Core 7 'DivnS_SEQ' <Latency = 35> <II = 32> <Delay = 1.47> <FuncUnit> <Opcode : 'udiv' 'sdiv' 'urem' 'srem'> <InPorts = 2> <OutPorts = 1>

State 52 <SV = 51> <Delay = 1.47>
ST_52 : Operation 141 [21/36] (1.47ns)   --->   "%srem_ln22 = srem i32 %select_ln29, i32 5" [../src/gaussian_blur.cpp:22->../src/gaussian_blur.cpp:81]   --->   Operation 141 'srem' 'srem_ln22' <Predicate = true> <Delay = 1.47> <CoreInst = "DivnS_SEQ">   --->   Core 7 'DivnS_SEQ' <Latency = 35> <II = 32> <Delay = 1.47> <FuncUnit> <Opcode : 'udiv' 'sdiv' 'urem' 'srem'> <InPorts = 2> <OutPorts = 1>

State 53 <SV = 52> <Delay = 1.47>
ST_53 : Operation 142 [20/36] (1.47ns)   --->   "%srem_ln22 = srem i32 %select_ln29, i32 5" [../src/gaussian_blur.cpp:22->../src/gaussian_blur.cpp:81]   --->   Operation 142 'srem' 'srem_ln22' <Predicate = true> <Delay = 1.47> <CoreInst = "DivnS_SEQ">   --->   Core 7 'DivnS_SEQ' <Latency = 35> <II = 32> <Delay = 1.47> <FuncUnit> <Opcode : 'udiv' 'sdiv' 'urem' 'srem'> <InPorts = 2> <OutPorts = 1>

State 54 <SV = 53> <Delay = 1.47>
ST_54 : Operation 143 [19/36] (1.47ns)   --->   "%srem_ln22 = srem i32 %select_ln29, i32 5" [../src/gaussian_blur.cpp:22->../src/gaussian_blur.cpp:81]   --->   Operation 143 'srem' 'srem_ln22' <Predicate = true> <Delay = 1.47> <CoreInst = "DivnS_SEQ">   --->   Core 7 'DivnS_SEQ' <Latency = 35> <II = 32> <Delay = 1.47> <FuncUnit> <Opcode : 'udiv' 'sdiv' 'urem' 'srem'> <InPorts = 2> <OutPorts = 1>

State 55 <SV = 54> <Delay = 1.47>
ST_55 : Operation 144 [18/36] (1.47ns)   --->   "%srem_ln22 = srem i32 %select_ln29, i32 5" [../src/gaussian_blur.cpp:22->../src/gaussian_blur.cpp:81]   --->   Operation 144 'srem' 'srem_ln22' <Predicate = true> <Delay = 1.47> <CoreInst = "DivnS_SEQ">   --->   Core 7 'DivnS_SEQ' <Latency = 35> <II = 32> <Delay = 1.47> <FuncUnit> <Opcode : 'udiv' 'sdiv' 'urem' 'srem'> <InPorts = 2> <OutPorts = 1>

State 56 <SV = 55> <Delay = 1.47>
ST_56 : Operation 145 [17/36] (1.47ns)   --->   "%srem_ln22 = srem i32 %select_ln29, i32 5" [../src/gaussian_blur.cpp:22->../src/gaussian_blur.cpp:81]   --->   Operation 145 'srem' 'srem_ln22' <Predicate = true> <Delay = 1.47> <CoreInst = "DivnS_SEQ">   --->   Core 7 'DivnS_SEQ' <Latency = 35> <II = 32> <Delay = 1.47> <FuncUnit> <Opcode : 'udiv' 'sdiv' 'urem' 'srem'> <InPorts = 2> <OutPorts = 1>

State 57 <SV = 56> <Delay = 1.47>
ST_57 : Operation 146 [16/36] (1.47ns)   --->   "%srem_ln22 = srem i32 %select_ln29, i32 5" [../src/gaussian_blur.cpp:22->../src/gaussian_blur.cpp:81]   --->   Operation 146 'srem' 'srem_ln22' <Predicate = true> <Delay = 1.47> <CoreInst = "DivnS_SEQ">   --->   Core 7 'DivnS_SEQ' <Latency = 35> <II = 32> <Delay = 1.47> <FuncUnit> <Opcode : 'udiv' 'sdiv' 'urem' 'srem'> <InPorts = 2> <OutPorts = 1>

State 58 <SV = 57> <Delay = 1.47>
ST_58 : Operation 147 [15/36] (1.47ns)   --->   "%srem_ln22 = srem i32 %select_ln29, i32 5" [../src/gaussian_blur.cpp:22->../src/gaussian_blur.cpp:81]   --->   Operation 147 'srem' 'srem_ln22' <Predicate = true> <Delay = 1.47> <CoreInst = "DivnS_SEQ">   --->   Core 7 'DivnS_SEQ' <Latency = 35> <II = 32> <Delay = 1.47> <FuncUnit> <Opcode : 'udiv' 'sdiv' 'urem' 'srem'> <InPorts = 2> <OutPorts = 1>

State 59 <SV = 58> <Delay = 1.47>
ST_59 : Operation 148 [14/36] (1.47ns)   --->   "%srem_ln22 = srem i32 %select_ln29, i32 5" [../src/gaussian_blur.cpp:22->../src/gaussian_blur.cpp:81]   --->   Operation 148 'srem' 'srem_ln22' <Predicate = true> <Delay = 1.47> <CoreInst = "DivnS_SEQ">   --->   Core 7 'DivnS_SEQ' <Latency = 35> <II = 32> <Delay = 1.47> <FuncUnit> <Opcode : 'udiv' 'sdiv' 'urem' 'srem'> <InPorts = 2> <OutPorts = 1>

State 60 <SV = 59> <Delay = 1.47>
ST_60 : Operation 149 [13/36] (1.47ns)   --->   "%srem_ln22 = srem i32 %select_ln29, i32 5" [../src/gaussian_blur.cpp:22->../src/gaussian_blur.cpp:81]   --->   Operation 149 'srem' 'srem_ln22' <Predicate = true> <Delay = 1.47> <CoreInst = "DivnS_SEQ">   --->   Core 7 'DivnS_SEQ' <Latency = 35> <II = 32> <Delay = 1.47> <FuncUnit> <Opcode : 'udiv' 'sdiv' 'urem' 'srem'> <InPorts = 2> <OutPorts = 1>

State 61 <SV = 60> <Delay = 1.47>
ST_61 : Operation 150 [12/36] (1.47ns)   --->   "%srem_ln22 = srem i32 %select_ln29, i32 5" [../src/gaussian_blur.cpp:22->../src/gaussian_blur.cpp:81]   --->   Operation 150 'srem' 'srem_ln22' <Predicate = true> <Delay = 1.47> <CoreInst = "DivnS_SEQ">   --->   Core 7 'DivnS_SEQ' <Latency = 35> <II = 32> <Delay = 1.47> <FuncUnit> <Opcode : 'udiv' 'sdiv' 'urem' 'srem'> <InPorts = 2> <OutPorts = 1>

State 62 <SV = 61> <Delay = 1.47>
ST_62 : Operation 151 [11/36] (1.47ns)   --->   "%srem_ln22 = srem i32 %select_ln29, i32 5" [../src/gaussian_blur.cpp:22->../src/gaussian_blur.cpp:81]   --->   Operation 151 'srem' 'srem_ln22' <Predicate = true> <Delay = 1.47> <CoreInst = "DivnS_SEQ">   --->   Core 7 'DivnS_SEQ' <Latency = 35> <II = 32> <Delay = 1.47> <FuncUnit> <Opcode : 'udiv' 'sdiv' 'urem' 'srem'> <InPorts = 2> <OutPorts = 1>

State 63 <SV = 62> <Delay = 1.47>
ST_63 : Operation 152 [10/36] (1.47ns)   --->   "%srem_ln22 = srem i32 %select_ln29, i32 5" [../src/gaussian_blur.cpp:22->../src/gaussian_blur.cpp:81]   --->   Operation 152 'srem' 'srem_ln22' <Predicate = true> <Delay = 1.47> <CoreInst = "DivnS_SEQ">   --->   Core 7 'DivnS_SEQ' <Latency = 35> <II = 32> <Delay = 1.47> <FuncUnit> <Opcode : 'udiv' 'sdiv' 'urem' 'srem'> <InPorts = 2> <OutPorts = 1>

State 64 <SV = 63> <Delay = 1.47>
ST_64 : Operation 153 [9/36] (1.47ns)   --->   "%srem_ln22 = srem i32 %select_ln29, i32 5" [../src/gaussian_blur.cpp:22->../src/gaussian_blur.cpp:81]   --->   Operation 153 'srem' 'srem_ln22' <Predicate = true> <Delay = 1.47> <CoreInst = "DivnS_SEQ">   --->   Core 7 'DivnS_SEQ' <Latency = 35> <II = 32> <Delay = 1.47> <FuncUnit> <Opcode : 'udiv' 'sdiv' 'urem' 'srem'> <InPorts = 2> <OutPorts = 1>

State 65 <SV = 64> <Delay = 1.47>
ST_65 : Operation 154 [8/36] (1.47ns)   --->   "%srem_ln22 = srem i32 %select_ln29, i32 5" [../src/gaussian_blur.cpp:22->../src/gaussian_blur.cpp:81]   --->   Operation 154 'srem' 'srem_ln22' <Predicate = true> <Delay = 1.47> <CoreInst = "DivnS_SEQ">   --->   Core 7 'DivnS_SEQ' <Latency = 35> <II = 32> <Delay = 1.47> <FuncUnit> <Opcode : 'udiv' 'sdiv' 'urem' 'srem'> <InPorts = 2> <OutPorts = 1>

State 66 <SV = 65> <Delay = 1.47>
ST_66 : Operation 155 [7/36] (1.47ns)   --->   "%srem_ln22 = srem i32 %select_ln29, i32 5" [../src/gaussian_blur.cpp:22->../src/gaussian_blur.cpp:81]   --->   Operation 155 'srem' 'srem_ln22' <Predicate = true> <Delay = 1.47> <CoreInst = "DivnS_SEQ">   --->   Core 7 'DivnS_SEQ' <Latency = 35> <II = 32> <Delay = 1.47> <FuncUnit> <Opcode : 'udiv' 'sdiv' 'urem' 'srem'> <InPorts = 2> <OutPorts = 1>

State 67 <SV = 66> <Delay = 1.47>
ST_67 : Operation 156 [6/36] (1.47ns)   --->   "%srem_ln22 = srem i32 %select_ln29, i32 5" [../src/gaussian_blur.cpp:22->../src/gaussian_blur.cpp:81]   --->   Operation 156 'srem' 'srem_ln22' <Predicate = true> <Delay = 1.47> <CoreInst = "DivnS_SEQ">   --->   Core 7 'DivnS_SEQ' <Latency = 35> <II = 32> <Delay = 1.47> <FuncUnit> <Opcode : 'udiv' 'sdiv' 'urem' 'srem'> <InPorts = 2> <OutPorts = 1>

State 68 <SV = 67> <Delay = 1.47>
ST_68 : Operation 157 [5/36] (1.47ns)   --->   "%srem_ln22 = srem i32 %select_ln29, i32 5" [../src/gaussian_blur.cpp:22->../src/gaussian_blur.cpp:81]   --->   Operation 157 'srem' 'srem_ln22' <Predicate = true> <Delay = 1.47> <CoreInst = "DivnS_SEQ">   --->   Core 7 'DivnS_SEQ' <Latency = 35> <II = 32> <Delay = 1.47> <FuncUnit> <Opcode : 'udiv' 'sdiv' 'urem' 'srem'> <InPorts = 2> <OutPorts = 1>

State 69 <SV = 68> <Delay = 1.47>
ST_69 : Operation 158 [4/36] (1.47ns)   --->   "%srem_ln22 = srem i32 %select_ln29, i32 5" [../src/gaussian_blur.cpp:22->../src/gaussian_blur.cpp:81]   --->   Operation 158 'srem' 'srem_ln22' <Predicate = true> <Delay = 1.47> <CoreInst = "DivnS_SEQ">   --->   Core 7 'DivnS_SEQ' <Latency = 35> <II = 32> <Delay = 1.47> <FuncUnit> <Opcode : 'udiv' 'sdiv' 'urem' 'srem'> <InPorts = 2> <OutPorts = 1>

State 70 <SV = 69> <Delay = 1.47>
ST_70 : Operation 159 [3/36] (1.47ns)   --->   "%srem_ln22 = srem i32 %select_ln29, i32 5" [../src/gaussian_blur.cpp:22->../src/gaussian_blur.cpp:81]   --->   Operation 159 'srem' 'srem_ln22' <Predicate = true> <Delay = 1.47> <CoreInst = "DivnS_SEQ">   --->   Core 7 'DivnS_SEQ' <Latency = 35> <II = 32> <Delay = 1.47> <FuncUnit> <Opcode : 'udiv' 'sdiv' 'urem' 'srem'> <InPorts = 2> <OutPorts = 1>

State 71 <SV = 70> <Delay = 1.47>
ST_71 : Operation 160 [2/36] (1.47ns)   --->   "%srem_ln22 = srem i32 %select_ln29, i32 5" [../src/gaussian_blur.cpp:22->../src/gaussian_blur.cpp:81]   --->   Operation 160 'srem' 'srem_ln22' <Predicate = true> <Delay = 1.47> <CoreInst = "DivnS_SEQ">   --->   Core 7 'DivnS_SEQ' <Latency = 35> <II = 32> <Delay = 1.47> <FuncUnit> <Opcode : 'udiv' 'sdiv' 'urem' 'srem'> <InPorts = 2> <OutPorts = 1>

State 72 <SV = 71> <Delay = 2.35>
ST_72 : Operation 161 [1/1] (1.01ns)   --->   "%add_ln78 = add i32 %p_anonymous_namespace_rowsReceived_load, i32 4294967292" [../src/gaussian_blur.cpp:78]   --->   Operation 161 'add' 'add_ln78' <Predicate = true> <Delay = 1.01> <CoreInst = "Adder">   --->   Core 1 'Adder' <Latency = 0> <II = 1> <Delay = 1.01> <FuncUnit> <Opcode : 'add' 'sub'> <InPorts = 2> <OutPorts = 1>
ST_72 : Operation 162 [1/1] (0.00ns)   --->   "%tmp_61 = bitselect i1 @_ssdm_op_BitSelect.i1.i32.i32, i32 %add_ln78, i32 31" [../src/gaussian_blur.cpp:27->../src/gaussian_blur.cpp:78]   --->   Operation 162 'bitselect' 'tmp_61' <Predicate = true> <Delay = 0.00>
ST_72 : Operation 163 [1/1] (1.01ns)   --->   "%sub_ln28_1 = sub i32 4, i32 %p_anonymous_namespace_rowsReceived_load" [../src/gaussian_blur.cpp:28->../src/gaussian_blur.cpp:78]   --->   Operation 163 'sub' 'sub_ln28_1' <Predicate = true> <Delay = 1.01> <CoreInst = "Adder">   --->   Core 1 'Adder' <Latency = 0> <II = 1> <Delay = 1.01> <FuncUnit> <Opcode : 'add' 'sub'> <InPorts = 2> <OutPorts = 1>
ST_72 : Operation 164 [1/1] (0.00ns)   --->   "%tmp_62 = partselect i23 @_ssdm_op_PartSelect.i23.i32.i32.i32, i32 %add_ln78, i32 9, i32 31" [../src/gaussian_blur.cpp:29->../src/gaussian_blur.cpp:78]   --->   Operation 164 'partselect' 'tmp_62' <Predicate = true> <Delay = 0.00>
ST_72 : Operation 165 [1/1] (1.01ns)   --->   "%sub_ln30 = sub i32 1026, i32 %p_anonymous_namespace_rowsReceived_load" [../src/gaussian_blur.cpp:30->../src/gaussian_blur.cpp:78]   --->   Operation 165 'sub' 'sub_ln30' <Predicate = true> <Delay = 1.01> <CoreInst = "Adder">   --->   Core 1 'Adder' <Latency = 0> <II = 1> <Delay = 1.01> <FuncUnit> <Opcode : 'add' 'sub'> <InPorts = 2> <OutPorts = 1>
ST_72 : Operation 166 [1/1] (1.01ns)   --->   "%add_ln78_1 = add i32 %p_anonymous_namespace_rowsReceived_load, i32 4294967293" [../src/gaussian_blur.cpp:78]   --->   Operation 166 'add' 'add_ln78_1' <Predicate = true> <Delay = 1.01> <CoreInst = "Adder">   --->   Core 1 'Adder' <Latency = 0> <II = 1> <Delay = 1.01> <FuncUnit> <Opcode : 'add' 'sub'> <InPorts = 2> <OutPorts = 1>
ST_72 : Operation 167 [1/1] (0.00ns)   --->   "%tmp_63 = bitselect i1 @_ssdm_op_BitSelect.i1.i32.i32, i32 %add_ln78_1, i32 31" [../src/gaussian_blur.cpp:27->../src/gaussian_blur.cpp:78]   --->   Operation 167 'bitselect' 'tmp_63' <Predicate = true> <Delay = 0.00>
ST_72 : Operation 168 [1/1] (1.01ns)   --->   "%sub_ln28_2 = sub i32 3, i32 %p_anonymous_namespace_rowsReceived_load" [../src/gaussian_blur.cpp:28->../src/gaussian_blur.cpp:78]   --->   Operation 168 'sub' 'sub_ln28_2' <Predicate = true> <Delay = 1.01> <CoreInst = "Adder">   --->   Core 1 'Adder' <Latency = 0> <II = 1> <Delay = 1.01> <FuncUnit> <Opcode : 'add' 'sub'> <InPorts = 2> <OutPorts = 1>
ST_72 : Operation 169 [1/1] (0.00ns)   --->   "%tmp_64 = partselect i23 @_ssdm_op_PartSelect.i23.i32.i32.i32, i32 %add_ln78_1, i32 9, i32 31" [../src/gaussian_blur.cpp:29->../src/gaussian_blur.cpp:78]   --->   Operation 169 'partselect' 'tmp_64' <Predicate = true> <Delay = 0.00>
ST_72 : Operation 170 [1/1] (1.01ns)   --->   "%sub_ln30_1 = sub i32 1025, i32 %p_anonymous_namespace_rowsReceived_load" [../src/gaussian_blur.cpp:30->../src/gaussian_blur.cpp:78]   --->   Operation 170 'sub' 'sub_ln30_1' <Predicate = true> <Delay = 1.01> <CoreInst = "Adder">   --->   Core 1 'Adder' <Latency = 0> <II = 1> <Delay = 1.01> <FuncUnit> <Opcode : 'add' 'sub'> <InPorts = 2> <OutPorts = 1>
ST_72 : Operation 171 [1/36] (1.47ns)   --->   "%srem_ln22 = srem i32 %select_ln29, i32 5" [../src/gaussian_blur.cpp:22->../src/gaussian_blur.cpp:81]   --->   Operation 171 'srem' 'srem_ln22' <Predicate = true> <Delay = 1.47> <CoreInst = "DivnS_SEQ">   --->   Core 7 'DivnS_SEQ' <Latency = 35> <II = 32> <Delay = 1.47> <FuncUnit> <Opcode : 'udiv' 'sdiv' 'urem' 'srem'> <InPorts = 2> <OutPorts = 1>
ST_72 : Operation 172 [1/1] (0.00ns)   --->   "%trunc_ln23 = trunc i32 %srem_ln22" [../src/gaussian_blur.cpp:23->../src/gaussian_blur.cpp:81]   --->   Operation 172 'trunc' 'trunc_ln23' <Predicate = true> <Delay = 0.00>
ST_72 : Operation 173 [1/1] (0.00ns)   --->   "%tmp_66 = bitselect i1 @_ssdm_op_BitSelect.i1.i32.i32, i32 %srem_ln22, i32 3" [../src/gaussian_blur.cpp:23->../src/gaussian_blur.cpp:81]   --->   Operation 173 'bitselect' 'tmp_66' <Predicate = true> <Delay = 0.00>
ST_72 : Operation 174 [1/1] (0.67ns)   --->   "%add_ln23 = add i3 %trunc_ln23, i3 5" [../src/gaussian_blur.cpp:23->../src/gaussian_blur.cpp:81]   --->   Operation 174 'add' 'add_ln23' <Predicate = true> <Delay = 0.67> <CoreInst = "Adder">   --->   Core 1 'Adder' <Latency = 0> <II = 1> <Delay = 0.67> <FuncUnit> <Opcode : 'add' 'sub'> <InPorts = 2> <OutPorts = 1>
ST_72 : Operation 175 [1/1] (0.20ns)   --->   "%select_ln23 = select i1 %tmp_66, i3 %add_ln23, i3 %trunc_ln23" [../src/gaussian_blur.cpp:23->../src/gaussian_blur.cpp:81]   --->   Operation 175 'select' 'select_ln23' <Predicate = true> <Delay = 0.20> <CoreInst = "Sel">   --->   Core 73 'Sel' <Latency = 0> <II = 1> <Delay = 0.20> <FuncUnit> <Opcode : 'select'> <InPorts = 3> <OutPorts = 1>
ST_72 : Operation 176 [1/1] (1.01ns)   --->   "%add_ln78_2 = add i32 %p_anonymous_namespace_rowsReceived_load, i32 4294967295" [../src/gaussian_blur.cpp:78]   --->   Operation 176 'add' 'add_ln78_2' <Predicate = true> <Delay = 1.01> <CoreInst = "Adder">   --->   Core 1 'Adder' <Latency = 0> <II = 1> <Delay = 1.01> <FuncUnit> <Opcode : 'add' 'sub'> <InPorts = 2> <OutPorts = 1>
ST_72 : Operation 177 [1/1] (0.00ns)   --->   "%tmp_67 = bitselect i1 @_ssdm_op_BitSelect.i1.i32.i32, i32 %add_ln78_2, i32 31" [../src/gaussian_blur.cpp:27->../src/gaussian_blur.cpp:78]   --->   Operation 177 'bitselect' 'tmp_67' <Predicate = true> <Delay = 0.00>
ST_72 : Operation 178 [1/1] (1.01ns)   --->   "%sub_ln28_3 = sub i32 1, i32 %p_anonymous_namespace_rowsReceived_load" [../src/gaussian_blur.cpp:28->../src/gaussian_blur.cpp:78]   --->   Operation 178 'sub' 'sub_ln28_3' <Predicate = true> <Delay = 1.01> <CoreInst = "Adder">   --->   Core 1 'Adder' <Latency = 0> <II = 1> <Delay = 1.01> <FuncUnit> <Opcode : 'add' 'sub'> <InPorts = 2> <OutPorts = 1>
ST_72 : Operation 179 [1/1] (0.00ns)   --->   "%tmp_68 = partselect i23 @_ssdm_op_PartSelect.i23.i32.i32.i32, i32 %add_ln78_2, i32 9, i32 31" [../src/gaussian_blur.cpp:29->../src/gaussian_blur.cpp:78]   --->   Operation 179 'partselect' 'tmp_68' <Predicate = true> <Delay = 0.00>
ST_72 : Operation 180 [1/1] (1.01ns)   --->   "%sub_ln30_3 = sub i32 1023, i32 %p_anonymous_namespace_rowsReceived_load" [../src/gaussian_blur.cpp:30->../src/gaussian_blur.cpp:78]   --->   Operation 180 'sub' 'sub_ln30_3' <Predicate = true> <Delay = 1.01> <CoreInst = "Adder">   --->   Core 1 'Adder' <Latency = 0> <II = 1> <Delay = 1.01> <FuncUnit> <Opcode : 'add' 'sub'> <InPorts = 2> <OutPorts = 1>
ST_72 : Operation 181 [1/1] (1.01ns)   --->   "%sub_ln30_4 = sub i32 1022, i32 %p_anonymous_namespace_rowsReceived_load" [../src/gaussian_blur.cpp:30->../src/gaussian_blur.cpp:78]   --->   Operation 181 'sub' 'sub_ln30_4' <Predicate = true> <Delay = 1.01> <CoreInst = "Adder">   --->   Core 1 'Adder' <Latency = 0> <II = 1> <Delay = 1.01> <FuncUnit> <Opcode : 'add' 'sub'> <InPorts = 2> <OutPorts = 1>

State 73 <SV = 72> <Delay = 2.82>
ST_73 : Operation 182 [1/1] (0.00ns)   --->   "%tmp_59 = bitconcatenate i12 @_ssdm_op_BitConcatenate.i12.i3.i9, i3 %select_ln23, i9 0" [../src/gaussian_blur.cpp:95]   --->   Operation 182 'bitconcatenate' 'tmp_59' <Predicate = true> <Delay = 0.00>
ST_73 : Operation 183 [1/1] (0.00ns)   --->   "%tmp_69 = bitselect i1 @_ssdm_op_BitSelect.i1.i32.i32, i32 %p_anonymous_namespace_rowsReceived_load, i32 31" [../src/gaussian_blur.cpp:27->../src/gaussian_blur.cpp:78]   --->   Operation 183 'bitselect' 'tmp_69' <Predicate = true> <Delay = 0.00>
ST_73 : Operation 184 [1/1] (0.00ns)   --->   "%tmp_70 = partselect i23 @_ssdm_op_PartSelect.i23.i32.i32.i32, i32 %p_anonymous_namespace_rowsReceived_load, i32 9, i32 31" [../src/gaussian_blur.cpp:29->../src/gaussian_blur.cpp:78]   --->   Operation 184 'partselect' 'tmp_70' <Predicate = true> <Delay = 0.00>
ST_73 : Operation 185 [2/2] (2.82ns)   --->   "%call_ln29 = call void @gaussian_blur_Pipeline_VITIS_LOOP_70_2, i23 %tmp_70, i23 %tmp_68, i23 %tmp_64, i23 %tmp_62, i32 %sub_ln30, i32 %add_ln78, i1 %tmp_61, i32 %sub_ln28_1, i12 %tmp_59, i3 %select_ln23, i32 %sub_ln30_1, i32 %add_ln78_1, i1 %tmp_63, i32 %sub_ln28_2, i32 %sub_ln30_3, i32 %add_ln78_2, i1 %tmp_67, i32 %sub_ln28_3, i32 %sub_ln30_4, i32 %p_anonymous_namespace_rowsReceived_load, i1 %tmp_69, i32 %sub_ln28, i8 %output_r, i8 %lineBuffer_1" [../src/gaussian_blur.cpp:29->../src/gaussian_blur.cpp:78]   --->   Operation 185 'call' 'call_ln29' <Predicate = true> <Delay = 2.82> <CoreType = "Generic">   --->   Generic Core

State 74 <SV = 73> <Delay = 0.42>
ST_74 : Operation 186 [1/2] (0.00ns)   --->   "%call_ln29 = call void @gaussian_blur_Pipeline_VITIS_LOOP_70_2, i23 %tmp_70, i23 %tmp_68, i23 %tmp_64, i23 %tmp_62, i32 %sub_ln30, i32 %add_ln78, i1 %tmp_61, i32 %sub_ln28_1, i12 %tmp_59, i3 %select_ln23, i32 %sub_ln30_1, i32 %add_ln78_1, i1 %tmp_63, i32 %sub_ln28_2, i32 %sub_ln30_3, i32 %add_ln78_2, i1 %tmp_67, i32 %sub_ln28_3, i32 %sub_ln30_4, i32 %p_anonymous_namespace_rowsReceived_load, i1 %tmp_69, i32 %sub_ln28, i8 %output_r, i8 %lineBuffer_1" [../src/gaussian_blur.cpp:29->../src/gaussian_blur.cpp:78]   --->   Operation 186 'call' 'call_ln29' <Predicate = (!tmp)> <Delay = 0.00> <CoreType = "Generic">   --->   Generic Core
ST_74 : Operation 187 [1/1] (0.42ns)   --->   "%br_ln0 = br void %cleanup"   --->   Operation 187 'br' 'br_ln0' <Predicate = (!tmp)> <Delay = 0.42>
ST_74 : Operation 188 [1/1] (0.00ns)   --->   "%valid_out_write_assign = phi i1 0, void %entry, i1 1, void %VITIS_LOOP_70_2"   --->   Operation 188 'phi' 'valid_out_write_assign' <Predicate = true> <Delay = 0.00>
ST_74 : Operation 189 [1/1] (0.00ns)   --->   "%ret_ln106 = ret i1 %valid_out_write_assign" [../src/gaussian_blur.cpp:106]   --->   Operation 189 'ret' 'ret_ln106' <Predicate = true> <Delay = 0.00>


============================================================
+ Verbose Summary: Timing violations
============================================================
Target clock period: 5.000ns, clock uncertainty: 1.350ns.

 <State 1>: 1.476ns
The critical path consists of the following:
	'load' operation 32 bit ('p_anonymous_namespace_rowsReceived_load', ../src/gaussian_blur.cpp:54) on static variable 'p_anonymous_namespace_rowsReceived' [5]  (0.000 ns)
	'srem' operation 3 bit ('writeSlot', ../src/gaussian_blur.cpp:54) [7]  (1.476 ns)

 <State 2>: 1.476ns
The critical path consists of the following:
	'srem' operation 3 bit ('writeSlot', ../src/gaussian_blur.cpp:54) [7]  (1.476 ns)

 <State 3>: 1.476ns
The critical path consists of the following:
	'srem' operation 3 bit ('writeSlot', ../src/gaussian_blur.cpp:54) [7]  (1.476 ns)

 <State 4>: 1.476ns
The critical path consists of the following:
	'srem' operation 3 bit ('writeSlot', ../src/gaussian_blur.cpp:54) [7]  (1.476 ns)

 <State 5>: 1.476ns
The critical path consists of the following:
	'srem' operation 3 bit ('writeSlot', ../src/gaussian_blur.cpp:54) [7]  (1.476 ns)

 <State 6>: 1.476ns
The critical path consists of the following:
	'srem' operation 3 bit ('writeSlot', ../src/gaussian_blur.cpp:54) [7]  (1.476 ns)

 <State 7>: 1.476ns
The critical path consists of the following:
	'srem' operation 3 bit ('writeSlot', ../src/gaussian_blur.cpp:54) [7]  (1.476 ns)

 <State 8>: 1.476ns
The critical path consists of the following:
	'srem' operation 3 bit ('writeSlot', ../src/gaussian_blur.cpp:54) [7]  (1.476 ns)

 <State 9>: 1.476ns
The critical path consists of the following:
	'srem' operation 3 bit ('writeSlot', ../src/gaussian_blur.cpp:54) [7]  (1.476 ns)

 <State 10>: 1.476ns
The critical path consists of the following:
	'srem' operation 3 bit ('writeSlot', ../src/gaussian_blur.cpp:54) [7]  (1.476 ns)

 <State 11>: 1.476ns
The critical path consists of the following:
	'srem' operation 3 bit ('writeSlot', ../src/gaussian_blur.cpp:54) [7]  (1.476 ns)

 <State 12>: 1.476ns
The critical path consists of the following:
	'srem' operation 3 bit ('writeSlot', ../src/gaussian_blur.cpp:54) [7]  (1.476 ns)

 <State 13>: 1.476ns
The critical path consists of the following:
	'srem' operation 3 bit ('writeSlot', ../src/gaussian_blur.cpp:54) [7]  (1.476 ns)

 <State 14>: 1.476ns
The critical path consists of the following:
	'srem' operation 3 bit ('writeSlot', ../src/gaussian_blur.cpp:54) [7]  (1.476 ns)

 <State 15>: 1.476ns
The critical path consists of the following:
	'srem' operation 3 bit ('writeSlot', ../src/gaussian_blur.cpp:54) [7]  (1.476 ns)

 <State 16>: 1.476ns
The critical path consists of the following:
	'srem' operation 3 bit ('writeSlot', ../src/gaussian_blur.cpp:54) [7]  (1.476 ns)

 <State 17>: 1.476ns
The critical path consists of the following:
	'srem' operation 3 bit ('writeSlot', ../src/gaussian_blur.cpp:54) [7]  (1.476 ns)

 <State 18>: 1.476ns
The critical path consists of the following:
	'srem' operation 3 bit ('writeSlot', ../src/gaussian_blur.cpp:54) [7]  (1.476 ns)

 <State 19>: 1.476ns
The critical path consists of the following:
	'srem' operation 3 bit ('writeSlot', ../src/gaussian_blur.cpp:54) [7]  (1.476 ns)

 <State 20>: 1.476ns
The critical path consists of the following:
	'srem' operation 3 bit ('writeSlot', ../src/gaussian_blur.cpp:54) [7]  (1.476 ns)

 <State 21>: 1.476ns
The critical path consists of the following:
	'srem' operation 3 bit ('writeSlot', ../src/gaussian_blur.cpp:54) [7]  (1.476 ns)

 <State 22>: 1.476ns
The critical path consists of the following:
	'srem' operation 3 bit ('writeSlot', ../src/gaussian_blur.cpp:54) [7]  (1.476 ns)

 <State 23>: 1.476ns
The critical path consists of the following:
	'srem' operation 3 bit ('writeSlot', ../src/gaussian_blur.cpp:54) [7]  (1.476 ns)

 <State 24>: 1.476ns
The critical path consists of the following:
	'srem' operation 3 bit ('writeSlot', ../src/gaussian_blur.cpp:54) [7]  (1.476 ns)

 <State 25>: 1.476ns
The critical path consists of the following:
	'srem' operation 3 bit ('writeSlot', ../src/gaussian_blur.cpp:54) [7]  (1.476 ns)

 <State 26>: 1.476ns
The critical path consists of the following:
	'srem' operation 3 bit ('writeSlot', ../src/gaussian_blur.cpp:54) [7]  (1.476 ns)

 <State 27>: 1.476ns
The critical path consists of the following:
	'srem' operation 3 bit ('writeSlot', ../src/gaussian_blur.cpp:54) [7]  (1.476 ns)

 <State 28>: 1.476ns
The critical path consists of the following:
	'srem' operation 3 bit ('writeSlot', ../src/gaussian_blur.cpp:54) [7]  (1.476 ns)

 <State 29>: 1.476ns
The critical path consists of the following:
	'srem' operation 3 bit ('writeSlot', ../src/gaussian_blur.cpp:54) [7]  (1.476 ns)

 <State 30>: 1.476ns
The critical path consists of the following:
	'srem' operation 3 bit ('writeSlot', ../src/gaussian_blur.cpp:54) [7]  (1.476 ns)

 <State 31>: 1.476ns
The critical path consists of the following:
	'srem' operation 3 bit ('writeSlot', ../src/gaussian_blur.cpp:54) [7]  (1.476 ns)

 <State 32>: 1.476ns
The critical path consists of the following:
	'srem' operation 3 bit ('writeSlot', ../src/gaussian_blur.cpp:54) [7]  (1.476 ns)

 <State 33>: 1.476ns
The critical path consists of the following:
	'srem' operation 3 bit ('writeSlot', ../src/gaussian_blur.cpp:54) [7]  (1.476 ns)

 <State 34>: 1.476ns
The critical path consists of the following:
	'srem' operation 3 bit ('writeSlot', ../src/gaussian_blur.cpp:54) [7]  (1.476 ns)

 <State 35>: 1.476ns
The critical path consists of the following:
	'srem' operation 3 bit ('writeSlot', ../src/gaussian_blur.cpp:54) [7]  (1.476 ns)

 <State 36>: 2.285ns
The critical path consists of the following:
	'srem' operation 3 bit ('writeSlot', ../src/gaussian_blur.cpp:54) [7]  (1.476 ns)
	'call' operation ('call_ln58', ../src/gaussian_blur.cpp:58) to 'gaussian_blur_Pipeline_VITIS_LOOP_57_1' [10]  (0.809 ns)

 <State 37>: 2.941ns
The critical path consists of the following:
	'sub' operation 32 bit ('sub_ln30_2', ../src/gaussian_blur.cpp:30->../src/gaussian_blur.cpp:78) [29]  (1.016 ns)
	'select' operation 32 bit ('select_ln29', ../src/gaussian_blur.cpp:29->../src/gaussian_blur.cpp:78) [30]  (0.449 ns)
	'srem' operation 32 bit ('srem_ln22', ../src/gaussian_blur.cpp:22->../src/gaussian_blur.cpp:81) [31]  (1.476 ns)

 <State 38>: 1.476ns
The critical path consists of the following:
	'srem' operation 32 bit ('srem_ln22', ../src/gaussian_blur.cpp:22->../src/gaussian_blur.cpp:81) [31]  (1.476 ns)

 <State 39>: 1.476ns
The critical path consists of the following:
	'srem' operation 32 bit ('srem_ln22', ../src/gaussian_blur.cpp:22->../src/gaussian_blur.cpp:81) [31]  (1.476 ns)

 <State 40>: 1.476ns
The critical path consists of the following:
	'srem' operation 32 bit ('srem_ln22', ../src/gaussian_blur.cpp:22->../src/gaussian_blur.cpp:81) [31]  (1.476 ns)

 <State 41>: 1.476ns
The critical path consists of the following:
	'srem' operation 32 bit ('srem_ln22', ../src/gaussian_blur.cpp:22->../src/gaussian_blur.cpp:81) [31]  (1.476 ns)

 <State 42>: 1.476ns
The critical path consists of the following:
	'srem' operation 32 bit ('srem_ln22', ../src/gaussian_blur.cpp:22->../src/gaussian_blur.cpp:81) [31]  (1.476 ns)

 <State 43>: 1.476ns
The critical path consists of the following:
	'srem' operation 32 bit ('srem_ln22', ../src/gaussian_blur.cpp:22->../src/gaussian_blur.cpp:81) [31]  (1.476 ns)

 <State 44>: 1.476ns
The critical path consists of the following:
	'srem' operation 32 bit ('srem_ln22', ../src/gaussian_blur.cpp:22->../src/gaussian_blur.cpp:81) [31]  (1.476 ns)

 <State 45>: 1.476ns
The critical path consists of the following:
	'srem' operation 32 bit ('srem_ln22', ../src/gaussian_blur.cpp:22->../src/gaussian_blur.cpp:81) [31]  (1.476 ns)

 <State 46>: 1.476ns
The critical path consists of the following:
	'srem' operation 32 bit ('srem_ln22', ../src/gaussian_blur.cpp:22->../src/gaussian_blur.cpp:81) [31]  (1.476 ns)

 <State 47>: 1.476ns
The critical path consists of the following:
	'srem' operation 32 bit ('srem_ln22', ../src/gaussian_blur.cpp:22->../src/gaussian_blur.cpp:81) [31]  (1.476 ns)

 <State 48>: 1.476ns
The critical path consists of the following:
	'srem' operation 32 bit ('srem_ln22', ../src/gaussian_blur.cpp:22->../src/gaussian_blur.cpp:81) [31]  (1.476 ns)

 <State 49>: 1.476ns
The critical path consists of the following:
	'srem' operation 32 bit ('srem_ln22', ../src/gaussian_blur.cpp:22->../src/gaussian_blur.cpp:81) [31]  (1.476 ns)

 <State 50>: 1.476ns
The critical path consists of the following:
	'srem' operation 32 bit ('srem_ln22', ../src/gaussian_blur.cpp:22->../src/gaussian_blur.cpp:81) [31]  (1.476 ns)

 <State 51>: 1.476ns
The critical path consists of the following:
	'srem' operation 32 bit ('srem_ln22', ../src/gaussian_blur.cpp:22->../src/gaussian_blur.cpp:81) [31]  (1.476 ns)

 <State 52>: 1.476ns
The critical path consists of the following:
	'srem' operation 32 bit ('srem_ln22', ../src/gaussian_blur.cpp:22->../src/gaussian_blur.cpp:81) [31]  (1.476 ns)

 <State 53>: 1.476ns
The critical path consists of the following:
	'srem' operation 32 bit ('srem_ln22', ../src/gaussian_blur.cpp:22->../src/gaussian_blur.cpp:81) [31]  (1.476 ns)

 <State 54>: 1.476ns
The critical path consists of the following:
	'srem' operation 32 bit ('srem_ln22', ../src/gaussian_blur.cpp:22->../src/gaussian_blur.cpp:81) [31]  (1.476 ns)

 <State 55>: 1.476ns
The critical path consists of the following:
	'srem' operation 32 bit ('srem_ln22', ../src/gaussian_blur.cpp:22->../src/gaussian_blur.cpp:81) [31]  (1.476 ns)

 <State 56>: 1.476ns
The critical path consists of the following:
	'srem' operation 32 bit ('srem_ln22', ../src/gaussian_blur.cpp:22->../src/gaussian_blur.cpp:81) [31]  (1.476 ns)

 <State 57>: 1.476ns
The critical path consists of the following:
	'srem' operation 32 bit ('srem_ln22', ../src/gaussian_blur.cpp:22->../src/gaussian_blur.cpp:81) [31]  (1.476 ns)

 <State 58>: 1.476ns
The critical path consists of the following:
	'srem' operation 32 bit ('srem_ln22', ../src/gaussian_blur.cpp:22->../src/gaussian_blur.cpp:81) [31]  (1.476 ns)

 <State 59>: 1.476ns
The critical path consists of the following:
	'srem' operation 32 bit ('srem_ln22', ../src/gaussian_blur.cpp:22->../src/gaussian_blur.cpp:81) [31]  (1.476 ns)

 <State 60>: 1.476ns
The critical path consists of the following:
	'srem' operation 32 bit ('srem_ln22', ../src/gaussian_blur.cpp:22->../src/gaussian_blur.cpp:81) [31]  (1.476 ns)

 <State 61>: 1.476ns
The critical path consists of the following:
	'srem' operation 32 bit ('srem_ln22', ../src/gaussian_blur.cpp:22->../src/gaussian_blur.cpp:81) [31]  (1.476 ns)

 <State 62>: 1.476ns
The critical path consists of the following:
	'srem' operation 32 bit ('srem_ln22', ../src/gaussian_blur.cpp:22->../src/gaussian_blur.cpp:81) [31]  (1.476 ns)

 <State 63>: 1.476ns
The critical path consists of the following:
	'srem' operation 32 bit ('srem_ln22', ../src/gaussian_blur.cpp:22->../src/gaussian_blur.cpp:81) [31]  (1.476 ns)

 <State 64>: 1.476ns
The critical path consists of the following:
	'srem' operation 32 bit ('srem_ln22', ../src/gaussian_blur.cpp:22->../src/gaussian_blur.cpp:81) [31]  (1.476 ns)

 <State 65>: 1.476ns
The critical path consists of the following:
	'srem' operation 32 bit ('srem_ln22', ../src/gaussian_blur.cpp:22->../src/gaussian_blur.cpp:81) [31]  (1.476 ns)

 <State 66>: 1.476ns
The critical path consists of the following:
	'srem' operation 32 bit ('srem_ln22', ../src/gaussian_blur.cpp:22->../src/gaussian_blur.cpp:81) [31]  (1.476 ns)

 <State 67>: 1.476ns
The critical path consists of the following:
	'srem' operation 32 bit ('srem_ln22', ../src/gaussian_blur.cpp:22->../src/gaussian_blur.cpp:81) [31]  (1.476 ns)

 <State 68>: 1.476ns
The critical path consists of the following:
	'srem' operation 32 bit ('srem_ln22', ../src/gaussian_blur.cpp:22->../src/gaussian_blur.cpp:81) [31]  (1.476 ns)

 <State 69>: 1.476ns
The critical path consists of the following:
	'srem' operation 32 bit ('srem_ln22', ../src/gaussian_blur.cpp:22->../src/gaussian_blur.cpp:81) [31]  (1.476 ns)

 <State 70>: 1.476ns
The critical path consists of the following:
	'srem' operation 32 bit ('srem_ln22', ../src/gaussian_blur.cpp:22->../src/gaussian_blur.cpp:81) [31]  (1.476 ns)

 <State 71>: 1.476ns
The critical path consists of the following:
	'srem' operation 32 bit ('srem_ln22', ../src/gaussian_blur.cpp:22->../src/gaussian_blur.cpp:81) [31]  (1.476 ns)

 <State 72>: 2.357ns
The critical path consists of the following:
	'srem' operation 32 bit ('srem_ln22', ../src/gaussian_blur.cpp:22->../src/gaussian_blur.cpp:81) [31]  (1.476 ns)
	'add' operation 3 bit ('add_ln23', ../src/gaussian_blur.cpp:23->../src/gaussian_blur.cpp:81) [34]  (0.673 ns)
	'select' operation 3 bit ('select_ln23', ../src/gaussian_blur.cpp:23->../src/gaussian_blur.cpp:81) [35]  (0.208 ns)

 <State 73>: 2.826ns
The critical path consists of the following:
	'call' operation ('call_ln29', ../src/gaussian_blur.cpp:29->../src/gaussian_blur.cpp:78) to 'gaussian_blur_Pipeline_VITIS_LOOP_70_2' [45]  (2.826 ns)

 <State 74>: 0.427ns
The critical path consists of the following:
	multiplexor before 'phi' operation 1 bit ('valid_out') [48]  (0.427 ns)
	'br' operation ('br_ln0') [46]  (0.427 ns)
	'phi' operation 1 bit ('valid_out') [48]  (0.000 ns)


============================================================
+ Verbose Summary: Binding
============================================================
N/A
* FSMD analyzer results:
  - Output states:
 - Input state : 
  - Chain level:
	State 1
	State 2
	State 3
	State 4
	State 5
	State 6
	State 7
	State 8
	State 9
	State 10
	State 11
	State 12
	State 13
	State 14
	State 15
	State 16
	State 17
	State 18
	State 19
	State 20
	State 21
	State 22
	State 23
	State 24
	State 25
	State 26
	State 27
	State 28
	State 29
	State 30
	State 31
	State 32
	State 33
	State 34
	State 35
	State 36
	State 37
	State 38
	State 39
	State 40
	State 41
	State 42
	State 43
	State 44
	State 45
	State 46
	State 47
	State 48
	State 49
	State 50
	State 51
	State 52
	State 53
	State 54
	State 55
	State 56
	State 57
	State 58
	State 59
	State 60
	State 61
	State 62
	State 63
	State 64
	State 65
	State 66
	State 67
	State 68
	State 69
	State 70
	State 71
	State 72
	State 73
	State 74


============================================================
+ Verbose Summary: Datapath Resource usage 
============================================================
N/A
