

================================================================
== Vitis HLS Report for 'gaussian_blur_Pipeline_VITIS_LOOP_94_2'
================================================================
* Date:           Sat Aug  1 15:48:51 2026

* Version:        2025.2 (Build 6295257 on Nov 14 2025)
* Project:        canny_top
* Solution:       hls (Vitis Kernel Flow Target)
* Product family: zynquplus
* Target device:  xck26-sfvc784-2LV-c


================================================================
== Performance Estimates
================================================================
+ Timing: 
    * Summary: 
    +--------+---------+----------+------------+
    |  Clock |  Target | Estimated| Uncertainty|
    +--------+---------+----------+------------+
    |ap_clk  |  5.00 ns|  2.478 ns|     1.35 ns|
    +--------+---------+----------+------------+

+ Latency: 
    * Summary: 
    +---------+---------+----------+----------+-----+-----+-------------------+
    |  Latency (cycles) |  Latency (absolute) |  Interval |      Pipeline     |
    |   min   |   max   |    min   |    max   | min | max |        Type       |
    +---------+---------+----------+----------+-----+-----+-------------------+
    |      515|      515|  2.575 us|  2.575 us|    0|    0|  loop pipeline stp|
    +---------+---------+----------+----------+-----+-----+-------------------+

    + Detail: 
        * Instance: 
        N/A

        * Loop: 
        +-------------------+---------+---------+----------+-----------+-----------+------+----------+
        |                   |  Latency (cycles) | Iteration|  Initiation Interval  | Trip |          |
        |     Loop Name     |   min   |   max   |  Latency |  achieved |   target  | Count| Pipelined|
        +-------------------+---------+---------+----------+-----------+-----------+------+----------+
        |- VITIS_LOOP_94_2  |      513|      513|         3|          1|          1|   512|       yes|
        +-------------------+---------+---------+----------+-----------+-----------+------+----------+

============================================================
+ Verbose Summary: Synthesis Manager
============================================================
InlineROM: 1
ExposeGlobal: 0
============================================================
+ Verbose Summary: CDFG Model
============================================================
IsTopModel: 0
ResetActiveHigh: 1
IsCombinational: 0
IsDatapathOnly: 0
HasWiredReturn: 1
HasMFsm: 2
HasVarLatency: 1
IsPipeline: 0
IsRtlPipelined: 0
IsInstanceOverlapped: 0
IsDontTouch: 0
HasImplIP: 0
IsGatedGlobalClock: 0

+ Individual pipeline summary: 
  * Pipeline-0: initiation interval (II) = 1, depth = 3


============================================================
+ Verbose Summary: Schedule
============================================================
* Number of FSM states : 3
* Pipeline : 1
  Pipeline-0 : II = 1, D = 3, States = { 1 2 3 }
* Dataflow Pipeline: 0

* FSM state transitions: 
1 --> 2 
2 --> 3 
3 --> 

* FSM state operations: 

State 1 <SV = 0> <Delay = 1.64>
ST_1 : Operation 6 [1/1] (0.00ns)   --->   "%empty_92 = alloca i32 1"   --->   Operation 6 'alloca' 'empty_92' <Predicate = true> <Delay = 0.00>
ST_1 : Operation 7 [1/1] (0.00ns)   --->   "%column = alloca i32 1" [../src/gaussian_blur.cpp:94]   --->   Operation 7 'alloca' 'column' <Predicate = true> <Delay = 0.00>
ST_1 : Operation 8 [1/1] (0.00ns)   --->   "%empty_93 = alloca i32 1"   --->   Operation 8 'alloca' 'empty_93' <Predicate = true> <Delay = 0.00>
ST_1 : Operation 9 [1/1] (0.00ns)   --->   "%empty_94 = alloca i32 1"   --->   Operation 9 'alloca' 'empty_94' <Predicate = true> <Delay = 0.00>
ST_1 : Operation 10 [1/1] (0.00ns)   --->   "%empty_95 = alloca i32 1"   --->   Operation 10 'alloca' 'empty_95' <Predicate = true> <Delay = 0.00>
ST_1 : Operation 11 [1/1] (0.00ns)   --->   "%empty_96 = alloca i32 1"   --->   Operation 11 'alloca' 'empty_96' <Predicate = true> <Delay = 0.00>
ST_1 : Operation 12 [1/1] (0.00ns)   --->   "%history = alloca i32 1" [../src/gaussian_blur.cpp:76]   --->   Operation 12 'alloca' 'history' <Predicate = true> <Delay = 0.00>
ST_1 : Operation 13 [1/1] (0.00ns)   --->   "%history_1 = alloca i32 1" [../src/gaussian_blur.cpp:76]   --->   Operation 13 'alloca' 'history_1' <Predicate = true> <Delay = 0.00>
ST_1 : Operation 14 [1/1] (0.00ns)   --->   "%history_2 = alloca i32 1" [../src/gaussian_blur.cpp:76]   --->   Operation 14 'alloca' 'history_2' <Predicate = true> <Delay = 0.00>
ST_1 : Operation 15 [1/1] (0.00ns)   --->   "%history_3 = alloca i32 1" [../src/gaussian_blur.cpp:76]   --->   Operation 15 'alloca' 'history_3' <Predicate = true> <Delay = 0.00>
ST_1 : Operation 16 [1/1] (0.00ns)   --->   "%specinterface_ln0 = specinterface void @_ssdm_op_SpecInterface, i8 %gray_out, void @empty_10, i32 0, i32 0, void @empty_4, i32 0, i32 0, void @empty_4, void @empty_4, void @empty_4, i32 0, i32 0, i32 0, i32 0, void @empty_4, void @empty_4, i32 4294967295, i32 0, i32 0, i32 0"   --->   Operation 16 'specinterface' 'specinterface_ln0' <Predicate = true> <Delay = 0.00>
ST_1 : Operation 17 [1/1] (0.00ns)   --->   "%tmp = read i3 @_ssdm_op_Read.ap_auto.i3, i3 %empty"   --->   Operation 17 'read' 'tmp' <Predicate = true> <Delay = 0.00>
ST_1 : Operation 18 [1/1] (0.00ns)   --->   "%sample0_read = read i8 @_ssdm_op_Read.ap_auto.i8, i8 %sample0"   --->   Operation 18 'read' 'sample0_read' <Predicate = true> <Delay = 0.00>
ST_1 : Operation 19 [1/1] (0.00ns)   --->   "%sample1_read = read i8 @_ssdm_op_Read.ap_auto.i8, i8 %sample1"   --->   Operation 19 'read' 'sample1_read' <Predicate = true> <Delay = 0.00>
ST_1 : Operation 20 [1/1] (0.00ns)   --->   "%sample2_read = read i8 @_ssdm_op_Read.ap_auto.i8, i8 %sample2"   --->   Operation 20 'read' 'sample2_read' <Predicate = true> <Delay = 0.00>
ST_1 : Operation 21 [1/1] (0.42ns)   --->   "%store_ln76 = store i8 %sample0_read, i8 %history_3" [../src/gaussian_blur.cpp:76]   --->   Operation 21 'store' 'store_ln76' <Predicate = true> <Delay = 0.42>
ST_1 : Operation 22 [1/1] (0.42ns)   --->   "%store_ln76 = store i8 %sample0_read, i8 %history_2" [../src/gaussian_blur.cpp:76]   --->   Operation 22 'store' 'store_ln76' <Predicate = true> <Delay = 0.42>
ST_1 : Operation 23 [1/1] (0.42ns)   --->   "%store_ln76 = store i8 %sample1_read, i8 %history_1" [../src/gaussian_blur.cpp:76]   --->   Operation 23 'store' 'store_ln76' <Predicate = true> <Delay = 0.42>
ST_1 : Operation 24 [1/1] (0.42ns)   --->   "%store_ln76 = store i8 %sample2_read, i8 %history" [../src/gaussian_blur.cpp:76]   --->   Operation 24 'store' 'store_ln76' <Predicate = true> <Delay = 0.42>
ST_1 : Operation 25 [1/1] (0.42ns)   --->   "%store_ln0 = store i8 %sample2_read, i8 %empty_96"   --->   Operation 25 'store' 'store_ln0' <Predicate = true> <Delay = 0.42>
ST_1 : Operation 26 [1/1] (0.42ns)   --->   "%store_ln0 = store i8 %sample1_read, i8 %empty_95"   --->   Operation 26 'store' 'store_ln0' <Predicate = true> <Delay = 0.42>
ST_1 : Operation 27 [1/1] (0.42ns)   --->   "%store_ln0 = store i8 %sample0_read, i8 %empty_94"   --->   Operation 27 'store' 'store_ln0' <Predicate = true> <Delay = 0.42>
ST_1 : Operation 28 [1/1] (0.42ns)   --->   "%store_ln0 = store i8 %sample1_read, i8 %empty_93"   --->   Operation 28 'store' 'store_ln0' <Predicate = true> <Delay = 0.42>
ST_1 : Operation 29 [1/1] (0.42ns)   --->   "%store_ln94 = store i10 0, i10 %column" [../src/gaussian_blur.cpp:94]   --->   Operation 29 'store' 'store_ln94' <Predicate = true> <Delay = 0.42>
ST_1 : Operation 30 [1/1] (0.42ns)   --->   "%store_ln0 = store i8 %sample2_read, i8 %empty_92"   --->   Operation 30 'store' 'store_ln0' <Predicate = true> <Delay = 0.42>
ST_1 : Operation 31 [1/1] (0.00ns)   --->   "%br_ln94 = br void %VITIS_LOOP_99_3" [../src/gaussian_blur.cpp:94]   --->   Operation 31 'br' 'br_ln94' <Predicate = true> <Delay = 0.00>
ST_1 : Operation 32 [1/1] (0.00ns)   --->   "%column_14 = load i10 %column" [../src/gaussian_blur.cpp:110]   --->   Operation 32 'load' 'column_14' <Predicate = true> <Delay = 0.00>
ST_1 : Operation 33 [1/1] (0.78ns)   --->   "%icmp_ln94 = icmp_eq  i10 %column_14, i10 512" [../src/gaussian_blur.cpp:94]   --->   Operation 33 'icmp' 'icmp_ln94' <Predicate = true> <Delay = 0.78> <CoreInst = "Cmp">   --->   Core 9 'Cmp' <Latency = 0> <II = 1> <Delay = 0.78> <FuncUnit> <Opcode : 'seteq' 'setne' 'setle' 'setge' 'setlt' 'setgt'> <InPorts = 2> <OutPorts = 1>
ST_1 : Operation 34 [1/1] (0.78ns)   --->   "%add_ln94 = add i10 %column_14, i10 1" [../src/gaussian_blur.cpp:94]   --->   Operation 34 'add' 'add_ln94' <Predicate = true> <Delay = 0.78> <CoreInst = "Adder">   --->   Core 1 'Adder' <Latency = 0> <II = 1> <Delay = 0.78> <FuncUnit> <Opcode : 'add' 'sub'> <InPorts = 2> <OutPorts = 1>
ST_1 : Operation 35 [1/1] (0.00ns)   --->   "%br_ln94 = br i1 %icmp_ln94, void %VITIS_LOOP_99_3.split, void %if.end65.loopexit.exitStub" [../src/gaussian_blur.cpp:94]   --->   Operation 35 'br' 'br_ln94' <Predicate = true> <Delay = 0.00>
ST_1 : Operation 36 [1/1] (0.67ns)   --->   "%switch_ln105 = switch i3 %tmp, void %arrayidx272.case.4, i3 0, void %arrayidx272.case.0, i3 1, void %arrayidx272.case.1, i3 2, void %arrayidx272.case.2, i3 3, void %arrayidx272.case.3" [../src/gaussian_blur.cpp:105]   --->   Operation 36 'switch' 'switch_ln105' <Predicate = (!icmp_ln94)> <Delay = 0.67>
ST_1 : Operation 37 [1/1] (0.78ns)   --->   "%add_ln110 = add i10 %column_14, i10 3" [../src/gaussian_blur.cpp:110]   --->   Operation 37 'add' 'add_ln110' <Predicate = (!icmp_ln94)> <Delay = 0.78> <CoreInst = "Adder">   --->   Core 1 'Adder' <Latency = 0> <II = 1> <Delay = 0.78> <FuncUnit> <Opcode : 'add' 'sub'> <InPorts = 2> <OutPorts = 1>
ST_1 : Operation 38 [1/1] (0.00ns)   --->   "%tmp_46 = bitselect i1 @_ssdm_op_BitSelect.i1.i10.i32, i10 %add_ln110, i32 9" [../src/gaussian_blur.cpp:110]   --->   Operation 38 'bitselect' 'tmp_46' <Predicate = (!icmp_ln94)> <Delay = 0.00>
ST_1 : Operation 39 [1/1] (0.00ns)   --->   "%br_ln110 = br i1 %tmp_46, void %VITIS_LOOP_113_4, void %if.else" [../src/gaussian_blur.cpp:110]   --->   Operation 39 'br' 'br_ln110' <Predicate = (!icmp_ln94)> <Delay = 0.00>
ST_1 : Operation 40 [1/1] (0.42ns)   --->   "%br_ln118 = br void %for.inc58" [../src/gaussian_blur.cpp:118]   --->   Operation 40 'br' 'br_ln118' <Predicate = (!icmp_ln94 & !tmp_46)> <Delay = 0.42>
ST_1 : Operation 41 [1/1] (0.42ns)   --->   "%br_ln0 = br void %for.inc58"   --->   Operation 41 'br' 'br_ln0' <Predicate = (!icmp_ln94 & tmp_46)> <Delay = 0.42>
ST_1 : Operation 42 [1/1] (0.42ns)   --->   "%store_ln94 = store i10 %add_ln94, i10 %column" [../src/gaussian_blur.cpp:94]   --->   Operation 42 'store' 'store_ln94' <Predicate = (!icmp_ln94)> <Delay = 0.42>

State 2 <SV = 1> <Delay = 2.47>
ST_2 : Operation 43 [1/1] (0.00ns)   --->   "%p_load6 = load i8 %empty_93"   --->   Operation 43 'load' 'p_load6' <Predicate = true> <Delay = 0.00>
ST_2 : Operation 44 [1/1] (0.00ns)   --->   "%p_load5 = load i8 %empty_94" [../src/gaussian_blur.cpp:101]   --->   Operation 44 'load' 'p_load5' <Predicate = true> <Delay = 0.00>
ST_2 : Operation 45 [1/1] (0.00ns)   --->   "%p_load4 = load i8 %empty_95"   --->   Operation 45 'load' 'p_load4' <Predicate = true> <Delay = 0.00>
ST_2 : Operation 46 [1/1] (0.00ns)   --->   "%p_load = load i8 %empty_96" [../src/gaussian_blur.cpp:101]   --->   Operation 46 'load' 'p_load' <Predicate = true> <Delay = 0.00>
ST_2 : Operation 47 [1/1] (0.00ns)   --->   "%p_load7 = load i8 %empty_92" [../src/gaussian_blur.cpp:102]   --->   Operation 47 'load' 'p_load7' <Predicate = (!icmp_ln94)> <Delay = 0.00>
ST_2 : Operation 48 [1/1] (0.00ns)   --->   "%trunc_ln94 = trunc i10 %column_14" [../src/gaussian_blur.cpp:94]   --->   Operation 48 'trunc' 'trunc_ln94' <Predicate = (!icmp_ln94)> <Delay = 0.00>
ST_2 : Operation 49 [1/1] (0.00ns)   --->   "%zext_ln102 = zext i8 %p_load7" [../src/gaussian_blur.cpp:102]   --->   Operation 49 'zext' 'zext_ln102' <Predicate = (!icmp_ln94)> <Delay = 0.00>
ST_2 : Operation 50 [1/1] (0.00ns)   --->   "%zext_ln101 = zext i8 %p_load" [../src/gaussian_blur.cpp:101]   --->   Operation 50 'zext' 'zext_ln101' <Predicate = (!icmp_ln94)> <Delay = 0.00>
ST_2 : Operation 51 [1/1] (0.00ns)   --->   "%p_shl = bitconcatenate i11 @_ssdm_op_BitConcatenate.i11.i8.i3, i8 %p_load5, i3 0" [../src/gaussian_blur.cpp:101]   --->   Operation 51 'bitconcatenate' 'p_shl' <Predicate = (!icmp_ln94)> <Delay = 0.00>
ST_2 : Operation 52 [1/1] (0.00ns)   --->   "%tmp_45 = bitconcatenate i9 @_ssdm_op_BitConcatenate.i9.i8.i1, i8 %p_load5, i1 0" [../src/gaussian_blur.cpp:101]   --->   Operation 52 'bitconcatenate' 'tmp_45' <Predicate = (!icmp_ln94)> <Delay = 0.00>
ST_2 : Operation 53 [1/1] (0.00ns)   --->   "%zext_ln101_4 = zext i9 %tmp_45" [../src/gaussian_blur.cpp:101]   --->   Operation 53 'zext' 'zext_ln101_4' <Predicate = (!icmp_ln94)> <Delay = 0.00>
ST_2 : Operation 54 [1/1] (0.00ns) (grouped into TernaryAdder)   --->   "%sub_ln101 = sub i11 %p_shl, i11 %zext_ln101_4" [../src/gaussian_blur.cpp:101]   --->   Operation 54 'sub' 'sub_ln101' <Predicate = (!icmp_ln94)> <Delay = 0.00> <CoreInst = "TAddSub">   --->   Core 10 'TAddSub' <Latency = 0> <II = 1> <Delay = 0.45> <IPBlock> <Opcode : 'add' 'sub'> <InPorts = 3> <OutPorts = 1> <Sync> <CReg>
ST_2 : Operation 55 [1/1] (0.00ns)   --->   "%p_cast11 = zext i8 %p_load4"   --->   Operation 55 'zext' 'p_cast11' <Predicate = (!icmp_ln94)> <Delay = 0.00>
ST_2 : Operation 56 [1/1] (0.00ns)   --->   "%p_cast10 = zext i8 %p_load6"   --->   Operation 56 'zext' 'p_cast10' <Predicate = (!icmp_ln94)> <Delay = 0.00>
ST_2 : Operation 57 [1/1] (0.76ns)   --->   "%tmp4 = add i9 %p_cast10, i9 %p_cast11"   --->   Operation 57 'add' 'tmp4' <Predicate = (!icmp_ln94)> <Delay = 0.76> <CoreInst = "Adder">   --->   Core 1 'Adder' <Latency = 0> <II = 1> <Delay = 0.76> <FuncUnit> <Opcode : 'add' 'sub'> <InPorts = 2> <OutPorts = 1>
ST_2 : Operation 58 [1/1] (0.00ns)   --->   "%tmp1 = bitconcatenate i11 @_ssdm_op_BitConcatenate.i11.i9.i2, i9 %tmp4, i2 0"   --->   Operation 58 'bitconcatenate' 'tmp1' <Predicate = (!icmp_ln94)> <Delay = 0.00>
ST_2 : Operation 59 [1/1] (0.00ns)   --->   "%zext_ln101_1 = zext i11 %tmp1" [../src/gaussian_blur.cpp:101]   --->   Operation 59 'zext' 'zext_ln101_1' <Predicate = (!icmp_ln94)> <Delay = 0.00>
ST_2 : Operation 60 [1/1] (0.76ns)   --->   "%add_ln101 = add i9 %zext_ln101, i9 %zext_ln102" [../src/gaussian_blur.cpp:101]   --->   Operation 60 'add' 'add_ln101' <Predicate = (!icmp_ln94)> <Delay = 0.76> <CoreInst = "Adder">   --->   Core 1 'Adder' <Latency = 0> <II = 1> <Delay = 0.76> <FuncUnit> <Opcode : 'add' 'sub'> <InPorts = 2> <OutPorts = 1>
ST_2 : Operation 61 [1/1] (0.00ns)   --->   "%zext_ln101_3 = zext i9 %add_ln101" [../src/gaussian_blur.cpp:101]   --->   Operation 61 'zext' 'zext_ln101_3' <Predicate = (!icmp_ln94)> <Delay = 0.00>
ST_2 : Operation 62 [1/1] (0.91ns) (root node of TernaryAdder)   --->   "%add_ln101_1 = add i11 %zext_ln101_3, i11 %sub_ln101" [../src/gaussian_blur.cpp:101]   --->   Operation 62 'add' 'add_ln101_1' <Predicate = (!icmp_ln94)> <Delay = 0.91> <CoreInst = "TAddSub">   --->   Core 10 'TAddSub' <Latency = 0> <II = 1> <Delay = 0.45> <IPBlock> <Opcode : 'add' 'sub'> <InPorts = 3> <OutPorts = 1> <Sync> <CReg>
ST_2 : Operation 63 [1/1] (0.00ns)   --->   "%zext_ln101_2 = zext i11 %add_ln101_1" [../src/gaussian_blur.cpp:101]   --->   Operation 63 'zext' 'zext_ln101_2' <Predicate = (!icmp_ln94)> <Delay = 0.00>
ST_2 : Operation 64 [1/1] (0.79ns)   --->   "%add_ln101_2 = add i12 %zext_ln101_2, i12 %zext_ln101_1" [../src/gaussian_blur.cpp:101]   --->   Operation 64 'add' 'add_ln101_2' <Predicate = (!icmp_ln94)> <Delay = 0.79> <CoreInst = "Adder">   --->   Core 1 'Adder' <Latency = 0> <II = 1> <Delay = 0.79> <FuncUnit> <Opcode : 'add' 'sub'> <InPorts = 2> <OutPorts = 1>
ST_2 : Operation 65 [1/1] (0.00ns)   --->   "%history_load = load i8 %history" [../src/gaussian_blur.cpp:121]   --->   Operation 65 'load' 'history_load' <Predicate = (!icmp_ln94)> <Delay = 0.00>
ST_2 : Operation 66 [1/1] (0.00ns)   --->   "%history_1_load = load i8 %history_1" [../src/gaussian_blur.cpp:121]   --->   Operation 66 'load' 'history_1_load' <Predicate = (!icmp_ln94)> <Delay = 0.00>
ST_2 : Operation 67 [1/1] (0.00ns)   --->   "%history_2_load = load i8 %history_2" [../src/gaussian_blur.cpp:121]   --->   Operation 67 'load' 'history_2_load' <Predicate = (!icmp_ln94)> <Delay = 0.00>
ST_2 : Operation 68 [1/1] ( I:1.75ns O:1.75ns )   --->   "%nextSample_3 = read i8 @_ssdm_op_Read.ap_fifo.volatile.i8P0A, i8 %gray_out" [../src/gaussian_blur.cpp:111]   --->   Operation 68 'read' 'nextSample_3' <Predicate = (!icmp_ln94 & !tmp_46)> <Delay = 1.75> <CoreInst = "FIFO">   --->   Core 77 'FIFO' <Latency = 0> <II = 1> <Delay = 1.75> <Storage> <Opcode : 'read' 'write' 'nbread' 'nbwrite'> <Ports = 0> <Width = 8> <Depth = 1024> <FIFO>
ST_2 : Operation 69 [1/1] (0.42ns)   --->   "%store_ln76 = store i8 %history_2_load, i8 %history_3" [../src/gaussian_blur.cpp:76]   --->   Operation 69 'store' 'store_ln76' <Predicate = (!icmp_ln94 & !tmp_46)> <Delay = 0.42>
ST_2 : Operation 70 [1/1] (0.42ns)   --->   "%store_ln76 = store i8 %history_1_load, i8 %history_2" [../src/gaussian_blur.cpp:76]   --->   Operation 70 'store' 'store_ln76' <Predicate = (!icmp_ln94 & !tmp_46)> <Delay = 0.42>
ST_2 : Operation 71 [1/1] (0.42ns)   --->   "%store_ln76 = store i8 %history_load, i8 %history_1" [../src/gaussian_blur.cpp:76]   --->   Operation 71 'store' 'store_ln76' <Predicate = (!icmp_ln94 & !tmp_46)> <Delay = 0.42>
ST_2 : Operation 72 [1/1] (0.42ns)   --->   "%store_ln76 = store i8 %nextSample_3, i8 %history" [../src/gaussian_blur.cpp:76]   --->   Operation 72 'store' 'store_ln76' <Predicate = (!icmp_ln94 & !tmp_46)> <Delay = 0.42>
ST_2 : Operation 73 [1/1] (0.00ns)   --->   "%history_3_load = load i8 %history_3" [../src/gaussian_blur.cpp:121]   --->   Operation 73 'load' 'history_3_load' <Predicate = (!icmp_ln94 & tmp_46)> <Delay = 0.00>
ST_2 : Operation 74 [1/1] (0.28ns)   --->   "%xor_ln121 = xor i2 %trunc_ln94, i2 3" [../src/gaussian_blur.cpp:121]   --->   Operation 74 'xor' 'xor_ln121' <Predicate = (!icmp_ln94 & tmp_46)> <Delay = 0.28> <CoreInst = "LogicGate">   --->   Core 74 'LogicGate' <Latency = 0> <II = 1> <Delay = 0.28> <FuncUnit> <Opcode : 'and' 'or' 'xor'> <InPorts = 2> <OutPorts = 1>
ST_2 : Operation 75 [1/1] (0.52ns)   --->   "%nextSample = sparsemux i8 @_ssdm_op_SparseMux.ap_auto.4i8.i8.i2, i2 0, i8 %history_3_load, i2 1, i8 %history_2_load, i2 2, i8 %history_1_load, i2 3, i8 %history_load, i8 0, i2 %xor_ln121" [../src/gaussian_blur.cpp:121]   --->   Operation 75 'sparsemux' 'nextSample' <Predicate = (!icmp_ln94 & tmp_46)> <Delay = 0.52> <CoreInst = "BinarySparseMux_DontCare">   --->   Core 149 'BinarySparseMux_DontCare' <Latency = 0> <II = 1> <Delay = 0.52> <FuncUnit> <Opcode : 'sparsemux'> <InPorts = 2> <OutPorts = 1>
ST_2 : Operation 76 [1/1] (0.00ns)   --->   "%nextSample_1 = phi i8 %nextSample_3, void %VITIS_LOOP_113_4, i8 %nextSample, void %if.else"   --->   Operation 76 'phi' 'nextSample_1' <Predicate = (!icmp_ln94)> <Delay = 0.00>
ST_2 : Operation 77 [1/1] (0.42ns)   --->   "%store_ln111 = store i8 %nextSample_1, i8 %empty_96" [../src/gaussian_blur.cpp:111]   --->   Operation 77 'store' 'store_ln111' <Predicate = (!icmp_ln94)> <Delay = 0.42>
ST_2 : Operation 78 [1/1] (0.42ns)   --->   "%store_ln101 = store i8 %p_load, i8 %empty_95" [../src/gaussian_blur.cpp:101]   --->   Operation 78 'store' 'store_ln101' <Predicate = (!icmp_ln94)> <Delay = 0.42>
ST_2 : Operation 79 [1/1] (0.42ns)   --->   "%store_ln0 = store i8 %p_load4, i8 %empty_94"   --->   Operation 79 'store' 'store_ln0' <Predicate = (!icmp_ln94)> <Delay = 0.42>
ST_2 : Operation 80 [1/1] (0.42ns)   --->   "%store_ln101 = store i8 %p_load5, i8 %empty_93" [../src/gaussian_blur.cpp:101]   --->   Operation 80 'store' 'store_ln101' <Predicate = (!icmp_ln94)> <Delay = 0.42>
ST_2 : Operation 81 [1/1] (0.42ns)   --->   "%store_ln0 = store i8 %p_load6, i8 %empty_92"   --->   Operation 81 'store' 'store_ln0' <Predicate = (!icmp_ln94)> <Delay = 0.42>
ST_2 : Operation 82 [1/1] (0.00ns)   --->   "%br_ln94 = br void %VITIS_LOOP_99_3" [../src/gaussian_blur.cpp:94]   --->   Operation 82 'br' 'br_ln94' <Predicate = (!icmp_ln94)> <Delay = 0.00>
ST_2 : Operation 102 [1/1] (0.42ns)   --->   "%ret_ln0 = ret"   --->   Operation 102 'ret' 'ret_ln0' <Predicate = (icmp_ln94)> <Delay = 0.42>

State 3 <SV = 2> <Delay = 1.23>
ST_3 : Operation 83 [1/1] (0.00ns)   --->   "%zext_ln94 = zext i10 %column_14" [../src/gaussian_blur.cpp:94]   --->   Operation 83 'zext' 'zext_ln94' <Predicate = (!icmp_ln94)> <Delay = 0.00>
ST_3 : Operation 84 [1/1] (0.00ns)   --->   "%specpipeline_ln95 = specpipeline void @_ssdm_op_SpecPipeline, i32 1, i32 0, i32 0, i32 0, i32 4294967295, void @empty_4" [../src/gaussian_blur.cpp:95]   --->   Operation 84 'specpipeline' 'specpipeline_ln95' <Predicate = (!icmp_ln94)> <Delay = 0.00>
ST_3 : Operation 85 [1/1] (0.00ns)   --->   "%speclooptripcount_ln76 = speclooptripcount void @_ssdm_op_SpecLoopTripCount, i64 512, i64 512, i64 512" [../src/gaussian_blur.cpp:76]   --->   Operation 85 'speclooptripcount' 'speclooptripcount_ln76' <Predicate = (!icmp_ln94)> <Delay = 0.00>
ST_3 : Operation 86 [1/1] (0.00ns)   --->   "%specloopname_ln94 = specloopname void @_ssdm_op_SpecLoopName, void @empty_9" [../src/gaussian_blur.cpp:94]   --->   Operation 86 'specloopname' 'specloopname_ln94' <Predicate = (!icmp_ln94)> <Delay = 0.00>
ST_3 : Operation 87 [1/1] (0.00ns)   --->   "%lineBuffer_addr = getelementptr i12 %lineBuffer, i64 0, i64 %zext_ln94" [../src/gaussian_blur.cpp:105]   --->   Operation 87 'getelementptr' 'lineBuffer_addr' <Predicate = (!icmp_ln94)> <Delay = 0.00>
ST_3 : Operation 88 [1/1] (0.00ns)   --->   "%lineBuffer_1_addr = getelementptr i12 %lineBuffer_1, i64 0, i64 %zext_ln94" [../src/gaussian_blur.cpp:105]   --->   Operation 88 'getelementptr' 'lineBuffer_1_addr' <Predicate = (!icmp_ln94)> <Delay = 0.00>
ST_3 : Operation 89 [1/1] (0.00ns)   --->   "%lineBuffer_2_addr = getelementptr i12 %lineBuffer_2, i64 0, i64 %zext_ln94" [../src/gaussian_blur.cpp:105]   --->   Operation 89 'getelementptr' 'lineBuffer_2_addr' <Predicate = (!icmp_ln94)> <Delay = 0.00>
ST_3 : Operation 90 [1/1] (0.00ns)   --->   "%lineBuffer_3_addr = getelementptr i12 %lineBuffer_3, i64 0, i64 %zext_ln94" [../src/gaussian_blur.cpp:105]   --->   Operation 90 'getelementptr' 'lineBuffer_3_addr' <Predicate = (!icmp_ln94)> <Delay = 0.00>
ST_3 : Operation 91 [1/1] (0.00ns)   --->   "%lineBuffer_4_addr = getelementptr i12 %lineBuffer_4, i64 0, i64 %zext_ln94" [../src/gaussian_blur.cpp:105]   --->   Operation 91 'getelementptr' 'lineBuffer_4_addr' <Predicate = (!icmp_ln94)> <Delay = 0.00>
ST_3 : Operation 92 [1/1] ( I:1.23ns O:1.23ns )   --->   "%store_ln105 = store i12 %add_ln101_2, i9 %lineBuffer_3_addr" [../src/gaussian_blur.cpp:105]   --->   Operation 92 'store' 'store_ln105' <Predicate = (tmp == 3)> <Delay = 1.23> <CoreInst = "RAM">   --->   Core 82 'RAM' <Latency = 1> <II = 1> <Delay = 1.23> <Storage> <Opcode : 'load' 'store'> <Ports = 2> <Width = 12> <Depth = 512> <RAM>
ST_3 : Operation 93 [1/1] (0.00ns)   --->   "%br_ln105 = br void %arrayidx272.exit" [../src/gaussian_blur.cpp:105]   --->   Operation 93 'br' 'br_ln105' <Predicate = (tmp == 3)> <Delay = 0.00>
ST_3 : Operation 94 [1/1] ( I:1.23ns O:1.23ns )   --->   "%store_ln105 = store i12 %add_ln101_2, i9 %lineBuffer_2_addr" [../src/gaussian_blur.cpp:105]   --->   Operation 94 'store' 'store_ln105' <Predicate = (tmp == 2)> <Delay = 1.23> <CoreInst = "RAM">   --->   Core 82 'RAM' <Latency = 1> <II = 1> <Delay = 1.23> <Storage> <Opcode : 'load' 'store'> <Ports = 2> <Width = 12> <Depth = 512> <RAM>
ST_3 : Operation 95 [1/1] (0.00ns)   --->   "%br_ln105 = br void %arrayidx272.exit" [../src/gaussian_blur.cpp:105]   --->   Operation 95 'br' 'br_ln105' <Predicate = (tmp == 2)> <Delay = 0.00>
ST_3 : Operation 96 [1/1] ( I:1.23ns O:1.23ns )   --->   "%store_ln105 = store i12 %add_ln101_2, i9 %lineBuffer_1_addr" [../src/gaussian_blur.cpp:105]   --->   Operation 96 'store' 'store_ln105' <Predicate = (tmp == 1)> <Delay = 1.23> <CoreInst = "RAM">   --->   Core 82 'RAM' <Latency = 1> <II = 1> <Delay = 1.23> <Storage> <Opcode : 'load' 'store'> <Ports = 2> <Width = 12> <Depth = 512> <RAM>
ST_3 : Operation 97 [1/1] (0.00ns)   --->   "%br_ln105 = br void %arrayidx272.exit" [../src/gaussian_blur.cpp:105]   --->   Operation 97 'br' 'br_ln105' <Predicate = (tmp == 1)> <Delay = 0.00>
ST_3 : Operation 98 [1/1] ( I:1.23ns O:1.23ns )   --->   "%store_ln105 = store i12 %add_ln101_2, i9 %lineBuffer_addr" [../src/gaussian_blur.cpp:105]   --->   Operation 98 'store' 'store_ln105' <Predicate = (tmp == 0)> <Delay = 1.23> <CoreInst = "RAM">   --->   Core 82 'RAM' <Latency = 1> <II = 1> <Delay = 1.23> <Storage> <Opcode : 'load' 'store'> <Ports = 2> <Width = 12> <Depth = 512> <RAM>
ST_3 : Operation 99 [1/1] (0.00ns)   --->   "%br_ln105 = br void %arrayidx272.exit" [../src/gaussian_blur.cpp:105]   --->   Operation 99 'br' 'br_ln105' <Predicate = (tmp == 0)> <Delay = 0.00>
ST_3 : Operation 100 [1/1] ( I:1.23ns O:1.23ns )   --->   "%store_ln105 = store i12 %add_ln101_2, i9 %lineBuffer_4_addr" [../src/gaussian_blur.cpp:105]   --->   Operation 100 'store' 'store_ln105' <Predicate = (tmp != 0 & tmp != 1 & tmp != 2 & tmp != 3)> <Delay = 1.23> <CoreInst = "RAM">   --->   Core 82 'RAM' <Latency = 1> <II = 1> <Delay = 1.23> <Storage> <Opcode : 'load' 'store'> <Ports = 2> <Width = 12> <Depth = 512> <RAM>
ST_3 : Operation 101 [1/1] (0.00ns)   --->   "%br_ln105 = br void %arrayidx272.exit" [../src/gaussian_blur.cpp:105]   --->   Operation 101 'br' 'br_ln105' <Predicate = (tmp != 0 & tmp != 1 & tmp != 2 & tmp != 3)> <Delay = 0.00>


============================================================
+ Verbose Summary: Timing violations
============================================================
Target clock period: 5.000ns, clock uncertainty: 1.350ns.

 <State 1>: 1.641ns
The critical path consists of the following:
	'store' operation ('store_ln94', ../src/gaussian_blur.cpp:94) of constant 0 10 bit on local variable 'column', ../src/gaussian_blur.cpp:94 [34]  (0.427 ns)
	'load' operation 10 bit ('column', ../src/gaussian_blur.cpp:110) on local variable 'column', ../src/gaussian_blur.cpp:94 [38]  (0.000 ns)
	'icmp' operation 1 bit ('icmp_ln94', ../src/gaussian_blur.cpp:94) [43]  (0.787 ns)
	'store' operation ('store_ln94', ../src/gaussian_blur.cpp:94) of variable 'add_ln94', ../src/gaussian_blur.cpp:94 10 bit on local variable 'column', ../src/gaussian_blur.cpp:94 [115]  (0.427 ns)

 <State 2>: 2.478ns
The critical path consists of the following:
	'load' operation 8 bit ('p_load', ../src/gaussian_blur.cpp:101) on local variable 'empty_96' [42]  (0.000 ns)
	'add' operation 9 bit ('add_ln101', ../src/gaussian_blur.cpp:101) [64]  (0.765 ns)
	'add' operation 11 bit ('add_ln101_1', ../src/gaussian_blur.cpp:101) [66]  (0.914 ns)
	'add' operation 12 bit ('add_ln101_2', ../src/gaussian_blur.cpp:101) [68]  (0.798 ns)

 <State 3>: 1.237ns
The critical path consists of the following:
	'getelementptr' operation 9 bit ('lineBuffer_3_addr', ../src/gaussian_blur.cpp:105) [72]  (0.000 ns)
	'store' operation ('store_ln105', ../src/gaussian_blur.cpp:105) of variable 'add_ln101_2', ../src/gaussian_blur.cpp:101 12 bit on array 'lineBuffer_3' [76]  (1.237 ns)


============================================================
+ Verbose Summary: Binding
============================================================
N/A
* FSMD analyzer results:
  - Output states:
 - Input state : 
  - Chain level:
	State 1
	State 2
	State 3


============================================================
+ Verbose Summary: Datapath Resource usage 
============================================================
N/A
