

================================================================
== Vitis HLS Report for 'gaussian_blur_Pipeline_VITIS_LOOP_157_7'
================================================================
* Date:           Sat Aug  1 17:30:25 2026

* Version:        2025.2 (Build 6295257 on Nov 14 2025)
* Project:        canny_top
* Solution:       hls (Vitis Kernel Flow Target)
* Product family: zynquplus
* Target device:  xck26-sfvc784-2LV-c


================================================================
== Performance Estimates
================================================================
+ Timing: 
    * Summary: 
    +--------+---------+----------+------------+
    |  Clock |  Target | Estimated| Uncertainty|
    +--------+---------+----------+------------+
    |ap_clk  |  5.00 ns|  3.353 ns|     1.35 ns|
    +--------+---------+----------+------------+

+ Latency: 
    * Summary: 
    +---------+---------+----------+----------+-----+-----+-------------------+
    |  Latency (cycles) |  Latency (absolute) |  Interval |      Pipeline     |
    |   min   |   max   |    min   |    max   | min | max |        Type       |
    +---------+---------+----------+----------+-----+-----+-------------------+
    |      643|      643|  3.215 us|  3.215 us|    0|    0|  loop pipeline stp|
    +---------+---------+----------+----------+-----+-----+-------------------+

    + Detail: 
        * Instance: 
        N/A

        * Loop: 
        +--------------------+---------+---------+----------+-----------+-----------+------+----------+
        |                    |  Latency (cycles) | Iteration|  Initiation Interval  | Trip |          |
        |      Loop Name     |   min   |   max   |  Latency |  achieved |   target  | Count| Pipelined|
        +--------------------+---------+---------+----------+-----------+-----------+------+----------+
        |- VITIS_LOOP_157_7  |      641|      641|         3|          1|          1|   640|       yes|
        +--------------------+---------+---------+----------+-----------+-----------+------+----------+

============================================================
+ Verbose Summary: Synthesis Manager
============================================================
InlineROM: 1
ExposeGlobal: 0
============================================================
+ Verbose Summary: CDFG Model
============================================================
IsTopModel: 0
ResetActiveHigh: 1
IsCombinational: 0
IsDatapathOnly: 0
HasWiredReturn: 1
HasMFsm: 2
HasVarLatency: 1
IsPipeline: 0
IsRtlPipelined: 0
IsInstanceOverlapped: 0
IsDontTouch: 0
HasImplIP: 0
IsGatedGlobalClock: 0

+ Individual pipeline summary: 
  * Pipeline-0: initiation interval (II) = 1, depth = 3


============================================================
+ Verbose Summary: Schedule
============================================================
* Number of FSM states : 3
* Pipeline : 1
  Pipeline-0 : II = 1, D = 3, States = { 1 2 3 }
* Dataflow Pipeline: 0

* FSM state transitions: 
1 --> 2 
2 --> 3 
3 --> 

* FSM state operations: 

State 1 <SV = 0> <Delay = 1.66>
ST_1 : Operation 6 [1/1] (0.00ns)   --->   "%column_13 = alloca i32 1" [../src/gaussian_blur.cpp:157]   --->   Operation 6 'alloca' 'column_13' <Predicate = true> <Delay = 0.00>
ST_1 : Operation 7 [1/1] (0.00ns)   --->   "%specinterface_ln0 = specinterface void @_ssdm_op_SpecInterface, i8 %gauss_out, void @empty_10, i32 0, i32 0, void @empty_4, i32 0, i32 0, void @empty_4, void @empty_4, void @empty_4, i32 0, i32 0, i32 0, i32 0, void @empty_4, void @empty_4, i32 4294967295, i32 0, i32 0, i32 0"   --->   Operation 7 'specinterface' 'specinterface_ln0' <Predicate = true> <Delay = 0.00>
ST_1 : Operation 8 [1/1] (0.00ns)   --->   "%tmp = read i3 @_ssdm_op_Read.ap_auto.i3, i3 %empty"   --->   Operation 8 'read' 'tmp' <Predicate = true> <Delay = 0.00>
ST_1 : Operation 9 [1/1] (0.00ns)   --->   "%select_ln21_2_read = read i3 @_ssdm_op_Read.ap_auto.i3, i3 %select_ln21_2"   --->   Operation 9 'read' 'select_ln21_2_read' <Predicate = true> <Delay = 0.00>
ST_1 : Operation 10 [1/1] (0.00ns)   --->   "%tmp_44 = read i3 @_ssdm_op_Read.ap_auto.i3, i3 %empty_46"   --->   Operation 10 'read' 'tmp_44' <Predicate = true> <Delay = 0.00>
ST_1 : Operation 11 [1/1] (0.00ns)   --->   "%select_ln21_1_read = read i3 @_ssdm_op_Read.ap_auto.i3, i3 %select_ln21_1"   --->   Operation 11 'read' 'select_ln21_1_read' <Predicate = true> <Delay = 0.00>
ST_1 : Operation 12 [1/1] (0.00ns)   --->   "%select_ln21_read = read i3 @_ssdm_op_Read.ap_auto.i3, i3 %select_ln21"   --->   Operation 12 'read' 'select_ln21_read' <Predicate = true> <Delay = 0.00>
ST_1 : Operation 13 [1/1] (0.42ns)   --->   "%store_ln157 = store i10 0, i10 %column_13" [../src/gaussian_blur.cpp:157]   --->   Operation 13 'store' 'store_ln157' <Predicate = true> <Delay = 0.42>
ST_1 : Operation 14 [1/1] (0.00ns)   --->   "%br_ln0 = br void %VITIS_LOOP_168_8"   --->   Operation 14 'br' 'br_ln0' <Predicate = true> <Delay = 0.00>
ST_1 : Operation 15 [1/1] (0.00ns)   --->   "%column = load i10 %column_13" [../src/gaussian_blur.cpp:157]   --->   Operation 15 'load' 'column' <Predicate = true> <Delay = 0.00>
ST_1 : Operation 16 [1/1] (0.78ns)   --->   "%icmp_ln157 = icmp_eq  i10 %column, i10 640" [../src/gaussian_blur.cpp:157]   --->   Operation 16 'icmp' 'icmp_ln157' <Predicate = true> <Delay = 0.78> <CoreInst = "Cmp">   --->   Core 9 'Cmp' <Latency = 0> <II = 1> <Delay = 0.78> <FuncUnit> <Opcode : 'seteq' 'setne' 'setle' 'setge' 'setlt' 'setgt'> <InPorts = 2> <OutPorts = 1>
ST_1 : Operation 17 [1/1] (0.78ns)   --->   "%add_ln157 = add i10 %column, i10 1" [../src/gaussian_blur.cpp:157]   --->   Operation 17 'add' 'add_ln157' <Predicate = true> <Delay = 0.78> <CoreInst = "Adder">   --->   Core 1 'Adder' <Latency = 0> <II = 1> <Delay = 0.78> <FuncUnit> <Opcode : 'add' 'sub'> <InPorts = 2> <OutPorts = 1>
ST_1 : Operation 18 [1/1] (0.00ns)   --->   "%br_ln157 = br i1 %icmp_ln157, void %VITIS_LOOP_168_8.split, void %cleanup.loopexit.exitStub" [../src/gaussian_blur.cpp:157]   --->   Operation 18 'br' 'br_ln157' <Predicate = true> <Delay = 0.00>
ST_1 : Operation 19 [1/1] (0.00ns)   --->   "%zext_ln157 = zext i10 %column" [../src/gaussian_blur.cpp:157]   --->   Operation 19 'zext' 'zext_ln157' <Predicate = (!icmp_ln157)> <Delay = 0.00>
ST_1 : Operation 20 [1/1] (0.00ns)   --->   "%lineBuffer_addr = getelementptr i12 %lineBuffer, i64 0, i64 %zext_ln157" [../src/gaussian_blur.cpp:170]   --->   Operation 20 'getelementptr' 'lineBuffer_addr' <Predicate = (!icmp_ln157)> <Delay = 0.00>
ST_1 : Operation 21 [2/2] (1.23ns)   --->   "%banked = load i10 %lineBuffer_addr" [../src/gaussian_blur.cpp:170]   --->   Operation 21 'load' 'banked' <Predicate = (!icmp_ln157)> <Delay = 1.23> <CoreInst = "RAM">   --->   Core 82 'RAM' <Latency = 1> <II = 1> <Delay = 1.23> <Storage> <Opcode : 'load' 'store'> <Ports = 2> <Width = 12> <Depth = 640> <RAM>
ST_1 : Operation 22 [1/1] (0.00ns)   --->   "%lineBuffer_1_addr = getelementptr i12 %lineBuffer_1, i64 0, i64 %zext_ln157" [../src/gaussian_blur.cpp:170]   --->   Operation 22 'getelementptr' 'lineBuffer_1_addr' <Predicate = (!icmp_ln157)> <Delay = 0.00>
ST_1 : Operation 23 [1/1] (0.00ns)   --->   "%lineBuffer_2_addr = getelementptr i12 %lineBuffer_2, i64 0, i64 %zext_ln157" [../src/gaussian_blur.cpp:170]   --->   Operation 23 'getelementptr' 'lineBuffer_2_addr' <Predicate = (!icmp_ln157)> <Delay = 0.00>
ST_1 : Operation 24 [1/1] (0.00ns)   --->   "%lineBuffer_3_addr = getelementptr i12 %lineBuffer_3, i64 0, i64 %zext_ln157" [../src/gaussian_blur.cpp:170]   --->   Operation 24 'getelementptr' 'lineBuffer_3_addr' <Predicate = (!icmp_ln157)> <Delay = 0.00>
ST_1 : Operation 25 [1/1] (0.00ns)   --->   "%lineBuffer_4_addr = getelementptr i12 %lineBuffer_4, i64 0, i64 %zext_ln157" [../src/gaussian_blur.cpp:170]   --->   Operation 25 'getelementptr' 'lineBuffer_4_addr' <Predicate = (!icmp_ln157)> <Delay = 0.00>
ST_1 : Operation 26 [2/2] (1.23ns)   --->   "%banked_11 = load i10 %lineBuffer_1_addr" [../src/gaussian_blur.cpp:170]   --->   Operation 26 'load' 'banked_11' <Predicate = (!icmp_ln157)> <Delay = 1.23> <CoreInst = "RAM">   --->   Core 82 'RAM' <Latency = 1> <II = 1> <Delay = 1.23> <Storage> <Opcode : 'load' 'store'> <Ports = 2> <Width = 12> <Depth = 640> <RAM>
ST_1 : Operation 27 [2/2] (1.23ns)   --->   "%banked_12 = load i10 %lineBuffer_2_addr" [../src/gaussian_blur.cpp:170]   --->   Operation 27 'load' 'banked_12' <Predicate = (!icmp_ln157)> <Delay = 1.23> <CoreInst = "RAM">   --->   Core 82 'RAM' <Latency = 1> <II = 1> <Delay = 1.23> <Storage> <Opcode : 'load' 'store'> <Ports = 2> <Width = 12> <Depth = 640> <RAM>
ST_1 : Operation 28 [2/2] (1.23ns)   --->   "%banked_13 = load i10 %lineBuffer_3_addr" [../src/gaussian_blur.cpp:170]   --->   Operation 28 'load' 'banked_13' <Predicate = (!icmp_ln157)> <Delay = 1.23> <CoreInst = "RAM">   --->   Core 82 'RAM' <Latency = 1> <II = 1> <Delay = 1.23> <Storage> <Opcode : 'load' 'store'> <Ports = 2> <Width = 12> <Depth = 640> <RAM>
ST_1 : Operation 29 [2/2] (1.23ns)   --->   "%banked_14 = load i10 %lineBuffer_4_addr" [../src/gaussian_blur.cpp:170]   --->   Operation 29 'load' 'banked_14' <Predicate = (!icmp_ln157)> <Delay = 1.23> <CoreInst = "RAM">   --->   Core 82 'RAM' <Latency = 1> <II = 1> <Delay = 1.23> <Storage> <Opcode : 'load' 'store'> <Ports = 2> <Width = 12> <Depth = 640> <RAM>
ST_1 : Operation 30 [1/1] (0.42ns)   --->   "%store_ln157 = store i10 %add_ln157, i10 %column_13" [../src/gaussian_blur.cpp:157]   --->   Operation 30 'store' 'store_ln157' <Predicate = (!icmp_ln157)> <Delay = 0.42>

State 2 <SV = 1> <Delay = 3.35>
ST_2 : Operation 31 [1/2] ( I:1.23ns O:1.23ns )   --->   "%banked = load i10 %lineBuffer_addr" [../src/gaussian_blur.cpp:170]   --->   Operation 31 'load' 'banked' <Predicate = true> <Delay = 1.23> <CoreInst = "RAM">   --->   Core 82 'RAM' <Latency = 1> <II = 1> <Delay = 1.23> <Storage> <Opcode : 'load' 'store'> <Ports = 2> <Width = 12> <Depth = 640> <RAM>
ST_2 : Operation 32 [1/2] ( I:1.23ns O:1.23ns )   --->   "%banked_11 = load i10 %lineBuffer_1_addr" [../src/gaussian_blur.cpp:170]   --->   Operation 32 'load' 'banked_11' <Predicate = true> <Delay = 1.23> <CoreInst = "RAM">   --->   Core 82 'RAM' <Latency = 1> <II = 1> <Delay = 1.23> <Storage> <Opcode : 'load' 'store'> <Ports = 2> <Width = 12> <Depth = 640> <RAM>
ST_2 : Operation 33 [1/2] ( I:1.23ns O:1.23ns )   --->   "%banked_12 = load i10 %lineBuffer_2_addr" [../src/gaussian_blur.cpp:170]   --->   Operation 33 'load' 'banked_12' <Predicate = true> <Delay = 1.23> <CoreInst = "RAM">   --->   Core 82 'RAM' <Latency = 1> <II = 1> <Delay = 1.23> <Storage> <Opcode : 'load' 'store'> <Ports = 2> <Width = 12> <Depth = 640> <RAM>
ST_2 : Operation 34 [1/2] ( I:1.23ns O:1.23ns )   --->   "%banked_13 = load i10 %lineBuffer_3_addr" [../src/gaussian_blur.cpp:170]   --->   Operation 34 'load' 'banked_13' <Predicate = true> <Delay = 1.23> <CoreInst = "RAM">   --->   Core 82 'RAM' <Latency = 1> <II = 1> <Delay = 1.23> <Storage> <Opcode : 'load' 'store'> <Ports = 2> <Width = 12> <Depth = 640> <RAM>
ST_2 : Operation 35 [1/2] ( I:1.23ns O:1.23ns )   --->   "%banked_14 = load i10 %lineBuffer_4_addr" [../src/gaussian_blur.cpp:170]   --->   Operation 35 'load' 'banked_14' <Predicate = true> <Delay = 1.23> <CoreInst = "RAM">   --->   Core 82 'RAM' <Latency = 1> <II = 1> <Delay = 1.23> <Storage> <Opcode : 'load' 'store'> <Ports = 2> <Width = 12> <Depth = 640> <RAM>
ST_2 : Operation 36 [1/1] (0.57ns)   --->   "%sum_1 = sparsemux i12 @_ssdm_op_SparseMux.ap_auto.5i12.i12.i3, i3 0, i12 %banked, i3 1, i12 %banked_11, i3 2, i12 %banked_12, i3 3, i12 %banked_13, i3 4, i12 %banked_14, i12 0, i3 %select_ln21_read" [../src/gaussian_blur.cpp:178]   --->   Operation 36 'sparsemux' 'sum_1' <Predicate = true> <Delay = 0.57> <CoreInst = "BinarySparseMux_DontCare">   --->   Core 149 'BinarySparseMux_DontCare' <Latency = 0> <II = 1> <Delay = 0.57> <FuncUnit> <Opcode : 'sparsemux'> <InPorts = 2> <OutPorts = 1>
ST_2 : Operation 37 [1/1] (0.00ns)   --->   "%zext_ln178 = zext i12 %sum_1" [../src/gaussian_blur.cpp:178]   --->   Operation 37 'zext' 'zext_ln178' <Predicate = true> <Delay = 0.00>
ST_2 : Operation 38 [1/1] (0.57ns)   --->   "%tmp_s = sparsemux i12 @_ssdm_op_SparseMux.ap_auto.5i12.i12.i3, i3 0, i12 %banked, i3 1, i12 %banked_11, i3 2, i12 %banked_12, i3 3, i12 %banked_13, i3 4, i12 %banked_14, i12 0, i3 %select_ln21_1_read" [../src/gaussian_blur.cpp:178]   --->   Operation 38 'sparsemux' 'tmp_s' <Predicate = true> <Delay = 0.57> <CoreInst = "BinarySparseMux_DontCare">   --->   Core 149 'BinarySparseMux_DontCare' <Latency = 0> <II = 1> <Delay = 0.57> <FuncUnit> <Opcode : 'sparsemux'> <InPorts = 2> <OutPorts = 1>
ST_2 : Operation 39 [1/1] (0.57ns)   --->   "%tmp_102 = sparsemux i12 @_ssdm_op_SparseMux.ap_auto.5i12.i12.i3, i3 2, i12 %banked, i3 3, i12 %banked_11, i3 4, i12 %banked_12, i3 0, i12 %banked_13, i3 1, i12 %banked_14, i12 0, i3 %tmp_44" [../src/gaussian_blur.cpp:178]   --->   Operation 39 'sparsemux' 'tmp_102' <Predicate = true> <Delay = 0.57> <CoreInst = "BinarySparseMux_DontCare">   --->   Core 149 'BinarySparseMux_DontCare' <Latency = 0> <II = 1> <Delay = 0.57> <FuncUnit> <Opcode : 'sparsemux'> <InPorts = 2> <OutPorts = 1>
ST_2 : Operation 40 [1/1] (0.57ns)   --->   "%tmp_103 = sparsemux i12 @_ssdm_op_SparseMux.ap_auto.5i12.i12.i3, i3 0, i12 %banked, i3 1, i12 %banked_11, i3 2, i12 %banked_12, i3 3, i12 %banked_13, i3 4, i12 %banked_14, i12 0, i3 %select_ln21_2_read" [../src/gaussian_blur.cpp:178]   --->   Operation 40 'sparsemux' 'tmp_103' <Predicate = true> <Delay = 0.57> <CoreInst = "BinarySparseMux_DontCare">   --->   Core 149 'BinarySparseMux_DontCare' <Latency = 0> <II = 1> <Delay = 0.57> <FuncUnit> <Opcode : 'sparsemux'> <InPorts = 2> <OutPorts = 1>
ST_2 : Operation 41 [1/1] (0.57ns)   --->   "%tmp_104 = sparsemux i12 @_ssdm_op_SparseMux.ap_auto.5i12.i12.i3, i3 0, i12 %banked, i3 1, i12 %banked_11, i3 2, i12 %banked_12, i3 3, i12 %banked_13, i3 4, i12 %banked_14, i12 0, i3 %tmp" [../src/gaussian_blur.cpp:178]   --->   Operation 41 'sparsemux' 'tmp_104' <Predicate = true> <Delay = 0.57> <CoreInst = "BinarySparseMux_DontCare">   --->   Core 149 'BinarySparseMux_DontCare' <Latency = 0> <II = 1> <Delay = 0.57> <FuncUnit> <Opcode : 'sparsemux'> <InPorts = 2> <OutPorts = 1>
ST_2 : Operation 42 [1/1] (0.00ns)   --->   "%zext_ln177 = zext i12 %tmp_104" [../src/gaussian_blur.cpp:177]   --->   Operation 42 'zext' 'zext_ln177' <Predicate = true> <Delay = 0.00>
ST_2 : Operation 43 [1/1] (0.00ns)   --->   "%p_shl = bitconcatenate i15 @_ssdm_op_BitConcatenate.i15.i12.i3, i12 %tmp_102, i3 0" [../src/gaussian_blur.cpp:177]   --->   Operation 43 'bitconcatenate' 'p_shl' <Predicate = true> <Delay = 0.00>
ST_2 : Operation 44 [1/1] (0.00ns)   --->   "%tmp_45 = bitconcatenate i13 @_ssdm_op_BitConcatenate.i13.i12.i1, i12 %tmp_102, i1 0" [../src/gaussian_blur.cpp:177]   --->   Operation 44 'bitconcatenate' 'tmp_45' <Predicate = true> <Delay = 0.00>
ST_2 : Operation 45 [1/1] (0.00ns)   --->   "%zext_ln177_4 = zext i13 %tmp_45" [../src/gaussian_blur.cpp:177]   --->   Operation 45 'zext' 'zext_ln177_4' <Predicate = true> <Delay = 0.00>
ST_2 : Operation 46 [1/1] (0.00ns) (grouped into TernaryAdder)   --->   "%sub_ln177 = sub i15 %p_shl, i15 %zext_ln177_4" [../src/gaussian_blur.cpp:177]   --->   Operation 46 'sub' 'sub_ln177' <Predicate = true> <Delay = 0.00> <CoreInst = "TAddSub">   --->   Core 10 'TAddSub' <Latency = 0> <II = 1> <Delay = 0.36> <IPBlock> <Opcode : 'add' 'sub'> <InPorts = 3> <OutPorts = 1> <Sync> <CReg>
ST_2 : Operation 47 [1/1] (0.00ns)   --->   "%tmp_109_cast = zext i12 %tmp_s" [../src/gaussian_blur.cpp:178]   --->   Operation 47 'zext' 'tmp_109_cast' <Predicate = true> <Delay = 0.00>
ST_2 : Operation 48 [1/1] (0.00ns)   --->   "%tmp_111_cast = zext i12 %tmp_103" [../src/gaussian_blur.cpp:178]   --->   Operation 48 'zext' 'tmp_111_cast' <Predicate = true> <Delay = 0.00>
ST_2 : Operation 49 [1/1] (0.80ns)   --->   "%tmp26 = add i13 %tmp_111_cast, i13 %tmp_109_cast" [../src/gaussian_blur.cpp:178]   --->   Operation 49 'add' 'tmp26' <Predicate = true> <Delay = 0.80> <CoreInst = "Adder">   --->   Core 1 'Adder' <Latency = 0> <II = 1> <Delay = 0.80> <FuncUnit> <Opcode : 'add' 'sub'> <InPorts = 2> <OutPorts = 1>
ST_2 : Operation 50 [1/1] (0.80ns)   --->   "%add_ln177 = add i13 %zext_ln178, i13 %zext_ln177" [../src/gaussian_blur.cpp:177]   --->   Operation 50 'add' 'add_ln177' <Predicate = true> <Delay = 0.80> <CoreInst = "Adder">   --->   Core 1 'Adder' <Latency = 0> <II = 1> <Delay = 0.80> <FuncUnit> <Opcode : 'add' 'sub'> <InPorts = 2> <OutPorts = 1>
ST_2 : Operation 51 [1/1] (0.00ns)   --->   "%zext_ln177_3 = zext i13 %add_ln177" [../src/gaussian_blur.cpp:177]   --->   Operation 51 'zext' 'zext_ln177_3' <Predicate = true> <Delay = 0.00>
ST_2 : Operation 52 [1/1] (0.73ns) (root node of TernaryAdder)   --->   "%add_ln177_1 = add i15 %zext_ln177_3, i15 %sub_ln177" [../src/gaussian_blur.cpp:177]   --->   Operation 52 'add' 'add_ln177_1' <Predicate = true> <Delay = 0.73> <CoreInst = "TAddSub">   --->   Core 10 'TAddSub' <Latency = 0> <II = 1> <Delay = 0.36> <IPBlock> <Opcode : 'add' 'sub'> <InPorts = 3> <OutPorts = 1> <Sync> <CReg>
ST_2 : Operation 63 [1/1] (0.42ns)   --->   "%ret_ln0 = ret"   --->   Operation 63 'ret' 'ret_ln0' <Predicate = (icmp_ln157)> <Delay = 0.42>

State 3 <SV = 2> <Delay = 2.59>
ST_3 : Operation 53 [1/1] (0.00ns)   --->   "%specpipeline_ln158 = specpipeline void @_ssdm_op_SpecPipeline, i32 1, i32 0, i32 0, i32 0, i32 4294967295, void @empty_4" [../src/gaussian_blur.cpp:158]   --->   Operation 53 'specpipeline' 'specpipeline_ln158' <Predicate = true> <Delay = 0.00>
ST_3 : Operation 54 [1/1] (0.00ns)   --->   "%speclooptripcount_ln157 = speclooptripcount void @_ssdm_op_SpecLoopTripCount, i64 640, i64 640, i64 640" [../src/gaussian_blur.cpp:157]   --->   Operation 54 'speclooptripcount' 'speclooptripcount_ln157' <Predicate = true> <Delay = 0.00>
ST_3 : Operation 55 [1/1] (0.00ns)   --->   "%specloopname_ln157 = specloopname void @_ssdm_op_SpecLoopName, void @empty_8" [../src/gaussian_blur.cpp:157]   --->   Operation 55 'specloopname' 'specloopname_ln157' <Predicate = true> <Delay = 0.00>
ST_3 : Operation 56 [1/1] (0.00ns)   --->   "%tmp3 = bitconcatenate i15 @_ssdm_op_BitConcatenate.i15.i13.i2, i13 %tmp26, i2 0" [../src/gaussian_blur.cpp:178]   --->   Operation 56 'bitconcatenate' 'tmp3' <Predicate = true> <Delay = 0.00>
ST_3 : Operation 57 [1/1] (0.00ns)   --->   "%zext_ln177_1 = zext i15 %tmp3" [../src/gaussian_blur.cpp:177]   --->   Operation 57 'zext' 'zext_ln177_1' <Predicate = true> <Delay = 0.00>
ST_3 : Operation 58 [1/1] (0.00ns)   --->   "%zext_ln177_2 = zext i15 %add_ln177_1" [../src/gaussian_blur.cpp:177]   --->   Operation 58 'zext' 'zext_ln177_2' <Predicate = true> <Delay = 0.00>
ST_3 : Operation 59 [1/1] (0.84ns)   --->   "%sum = add i16 %zext_ln177_2, i16 %zext_ln177_1" [../src/gaussian_blur.cpp:177]   --->   Operation 59 'add' 'sum' <Predicate = true> <Delay = 0.84> <CoreInst = "Adder">   --->   Core 1 'Adder' <Latency = 0> <II = 1> <Delay = 0.84> <FuncUnit> <Opcode : 'add' 'sub'> <InPorts = 2> <OutPorts = 1>
ST_3 : Operation 60 [1/1] (0.00ns)   --->   "%p_0 = partselect i8 @_ssdm_op_PartSelect.i8.i16.i32.i32, i16 %sum, i32 8, i32 15" [../src/gaussian_blur.cpp:182]   --->   Operation 60 'partselect' 'p_0' <Predicate = true> <Delay = 0.00>
ST_3 : Operation 61 [1/1] ( I:1.75ns O:1.75ns )   --->   "%write_ln182 = write void @_ssdm_op_Write.ap_fifo.volatile.i8P0A, i8 %gauss_out, i8 %p_0" [../src/gaussian_blur.cpp:182]   --->   Operation 61 'write' 'write_ln182' <Predicate = true> <Delay = 1.75> <CoreInst = "FIFO">   --->   Core 77 'FIFO' <Latency = 0> <II = 1> <Delay = 1.75> <Storage> <Opcode : 'read' 'write' 'nbread' 'nbwrite'> <Ports = 0> <Width = 8> <Depth = 1280> <FIFO>
ST_3 : Operation 62 [1/1] (0.00ns)   --->   "%br_ln157 = br void %VITIS_LOOP_168_8" [../src/gaussian_blur.cpp:157]   --->   Operation 62 'br' 'br_ln157' <Predicate = true> <Delay = 0.00>


============================================================
+ Verbose Summary: Binding
============================================================
STG Binding: 
---------------- STG Properties BEGIN ----------------
- Is combinational: 0
- Is one-state seq: 0
- Is datapath-only: 0
- Is pipelined: 0
- Is top level: 0
Port [ Return ] is wired: 1; IO mode=ap_ctrl_hs:ce=0
Port [ lineBuffer]:  wired=1; compound=1; hidden=0; nouse=0; global=0; static=0; extern=0; dir=0; type=1; pingpong=0; private_global=0; MemPort=[13]; IO mode=ap_memory:ce=0
Port [ lineBuffer_1]:  wired=1; compound=1; hidden=0; nouse=0; global=0; static=0; extern=0; dir=0; type=1; pingpong=0; private_global=0; MemPort=[13]; IO mode=ap_memory:ce=0
Port [ lineBuffer_2]:  wired=1; compound=1; hidden=0; nouse=0; global=0; static=0; extern=0; dir=0; type=1; pingpong=0; private_global=0; MemPort=[13]; IO mode=ap_memory:ce=0
Port [ lineBuffer_3]:  wired=1; compound=1; hidden=0; nouse=0; global=0; static=0; extern=0; dir=0; type=1; pingpong=0; private_global=0; MemPort=[13]; IO mode=ap_memory:ce=0
Port [ lineBuffer_4]:  wired=1; compound=1; hidden=0; nouse=0; global=0; static=0; extern=0; dir=0; type=1; pingpong=0; private_global=0; MemPort=[13]; IO mode=ap_memory:ce=0
Port [ select_ln21]:  wired=1; compound=0; hidden=0; nouse=0; global=0; static=0; extern=0; dir=0; type=0; pingpong=0; private_global=0; IO mode=ap_none:ce=0
Port [ select_ln21_1]:  wired=1; compound=0; hidden=0; nouse=0; global=0; static=0; extern=0; dir=0; type=0; pingpong=0; private_global=0; IO mode=ap_none:ce=0
Port [ empty_46]:  wired=1; compound=0; hidden=0; nouse=0; global=0; static=0; extern=0; dir=0; type=0; pingpong=0; private_global=0; IO mode=ap_none:ce=0
Port [ select_ln21_2]:  wired=1; compound=0; hidden=0; nouse=0; global=0; static=0; extern=0; dir=0; type=0; pingpong=0; private_global=0; IO mode=ap_none:ce=0
Port [ empty]:  wired=1; compound=0; hidden=0; nouse=0; global=0; static=0; extern=0; dir=0; type=0; pingpong=0; private_global=0; IO mode=ap_none:ce=0
Port [ gauss_out]:  wired=1; compound=1; hidden=0; nouse=0; global=0; static=0; extern=0; dir=1; type=3; pingpong=0; private_global=0; IO mode=ap_fifo:ce=0
---------------- STG Properties END ------------------

---------------- Datapath Model BEGIN ----------------

<LifeTime>
<method=bitvector/>
column_13               (alloca           ) [ 0100]
specinterface_ln0       (specinterface    ) [ 0000]
tmp                     (read             ) [ 0110]
select_ln21_2_read      (read             ) [ 0110]
tmp_44                  (read             ) [ 0110]
select_ln21_1_read      (read             ) [ 0110]
select_ln21_read        (read             ) [ 0110]
store_ln157             (store            ) [ 0000]
br_ln0                  (br               ) [ 0000]
column                  (load             ) [ 0000]
icmp_ln157              (icmp             ) [ 0110]
add_ln157               (add              ) [ 0000]
br_ln157                (br               ) [ 0000]
zext_ln157              (zext             ) [ 0000]
lineBuffer_addr         (getelementptr    ) [ 0110]
lineBuffer_1_addr       (getelementptr    ) [ 0110]
lineBuffer_2_addr       (getelementptr    ) [ 0110]
lineBuffer_3_addr       (getelementptr    ) [ 0110]
lineBuffer_4_addr       (getelementptr    ) [ 0110]
store_ln157             (store            ) [ 0000]
banked                  (load             ) [ 0000]
banked_11               (load             ) [ 0000]
banked_12               (load             ) [ 0000]
banked_13               (load             ) [ 0000]
banked_14               (load             ) [ 0000]
sum_1                   (sparsemux        ) [ 0000]
zext_ln178              (zext             ) [ 0000]
tmp_s                   (sparsemux        ) [ 0000]
tmp_102                 (sparsemux        ) [ 0000]
tmp_103                 (sparsemux        ) [ 0000]
tmp_104                 (sparsemux        ) [ 0000]
zext_ln177              (zext             ) [ 0000]
p_shl                   (bitconcatenate   ) [ 0000]
tmp_45                  (bitconcatenate   ) [ 0000]
zext_ln177_4            (zext             ) [ 0000]
sub_ln177               (sub              ) [ 0000]
tmp_109_cast            (zext             ) [ 0000]
tmp_111_cast            (zext             ) [ 0000]
tmp26                   (add              ) [ 0101]
add_ln177               (add              ) [ 0000]
zext_ln177_3            (zext             ) [ 0000]
add_ln177_1             (add              ) [ 0101]
specpipeline_ln158      (specpipeline     ) [ 0000]
speclooptripcount_ln157 (speclooptripcount) [ 0000]
specloopname_ln157      (specloopname     ) [ 0000]
tmp3                    (bitconcatenate   ) [ 0000]
zext_ln177_1            (zext             ) [ 0000]
zext_ln177_2            (zext             ) [ 0000]
sum                     (add              ) [ 0000]
p_0                     (partselect       ) [ 0000]
write_ln182             (write            ) [ 0000]
br_ln157                (br               ) [ 0000]
ret_ln0                 (ret              ) [ 0000]
</LifeTime>

<model>

<comp_list>
<comp id="0" class="1000" name="lineBuffer">
<pin_list>
<pin id="1" dir="1" index="0" bw="1" slack="0"/>
</pin_list>
<bind>
<StgValue><ssdm name="lineBuffer"/><MemPortTyVec>1 3 </MemPortTyVec>
</StgValue>
</bind>
</comp>

<comp id="2" class="1000" name="lineBuffer_1">
<pin_list>
<pin id="3" dir="1" index="0" bw="1" slack="0"/>
</pin_list>
<bind>
<StgValue><ssdm name="lineBuffer_1"/><MemPortTyVec>1 3 </MemPortTyVec>
</StgValue>
</bind>
</comp>

<comp id="4" class="1000" name="lineBuffer_2">
<pin_list>
<pin id="5" dir="1" index="0" bw="1" slack="0"/>
</pin_list>
<bind>
<StgValue><ssdm name="lineBuffer_2"/><MemPortTyVec>1 3 </MemPortTyVec>
</StgValue>
</bind>
</comp>

<comp id="6" class="1000" name="lineBuffer_3">
<pin_list>
<pin id="7" dir="1" index="0" bw="1" slack="0"/>
</pin_list>
<bind>
<StgValue><ssdm name="lineBuffer_3"/><MemPortTyVec>1 3 </MemPortTyVec>
</StgValue>
</bind>
</comp>

<comp id="8" class="1000" name="lineBuffer_4">
<pin_list>
<pin id="9" dir="1" index="0" bw="1" slack="0"/>
</pin_list>
<bind>
<StgValue><ssdm name="lineBuffer_4"/><MemPortTyVec>1 3 </MemPortTyVec>
</StgValue>
</bind>
</comp>

<comp id="10" class="1000" name="select_ln21">
<pin_list>
<pin id="11" dir="1" index="0" bw="1" slack="0"/>
</pin_list>
<bind>
<StgValue><ssdm name="select_ln21"/></StgValue>
</bind>
</comp>

<comp id="12" class="1000" name="select_ln21_1">
<pin_list>
<pin id="13" dir="1" index="0" bw="1" slack="0"/>
</pin_list>
<bind>
<StgValue><ssdm name="select_ln21_1"/></StgValue>
</bind>
</comp>

<comp id="14" class="1000" name="empty_46">
<pin_list>
<pin id="15" dir="1" index="0" bw="1" slack="0"/>
</pin_list>
<bind>
<StgValue><ssdm name="empty_46"/></StgValue>
</bind>
</comp>

<comp id="16" class="1000" name="select_ln21_2">
<pin_list>
<pin id="17" dir="1" index="0" bw="1" slack="0"/>
</pin_list>
<bind>
<StgValue><ssdm name="select_ln21_2"/></StgValue>
</bind>
</comp>

<comp id="18" class="1000" name="empty">
<pin_list>
<pin id="19" dir="1" index="0" bw="1" slack="0"/>
</pin_list>
<bind>
<StgValue><ssdm name="empty"/></StgValue>
</bind>
</comp>

<comp id="20" class="1000" name="gauss_out">
<pin_list>
<pin id="21" dir="1" index="0" bw="1" slack="0"/>
</pin_list>
<bind>
<StgValue><ssdm name="gauss_out"/></StgValue>
</bind>
</comp>

<comp id="22" class="1001" name="const_22">
<pin_list>
<pin id="23" dir="1" index="0" bw="1" slack="0"/>
</pin_list>
<bind>
<StgValue><ssdm name=""/></StgValue>
</bind>
</comp>

<comp id="24" class="1001" name="const_24">
<pin_list>
<pin id="25" dir="1" index="0" bw="1" slack="2147483647"/>
</pin_list>
<bind>
<StgValue><ssdm name="_ssdm_op_SpecInterface"/></StgValue>
</bind>
</comp>

<comp id="26" class="1001" name="const_26">
<pin_list>
<pin id="27" dir="1" index="0" bw="1" slack="2147483647"/>
</pin_list>
<bind>
<StgValue><ssdm name="empty_10"/></StgValue>
</bind>
</comp>

<comp id="28" class="1001" name="const_28">
<pin_list>
<pin id="29" dir="1" index="0" bw="1" slack="2147483647"/>
</pin_list>
<bind>
<StgValue><ssdm name=""/></StgValue>
</bind>
</comp>

<comp id="30" class="1001" name="const_30">
<pin_list>
<pin id="31" dir="1" index="0" bw="1" slack="2147483647"/>
</pin_list>
<bind>
<StgValue><ssdm name="empty_4"/></StgValue>
</bind>
</comp>

<comp id="32" class="1001" name="const_32">
<pin_list>
<pin id="33" dir="1" index="0" bw="1" slack="2147483647"/>
</pin_list>
<bind>
<StgValue><ssdm name=""/></StgValue>
</bind>
</comp>

<comp id="34" class="1001" name="const_34">
<pin_list>
<pin id="35" dir="1" index="0" bw="1" slack="0"/>
</pin_list>
<bind>
<StgValue><ssdm name="_ssdm_op_Read.ap_auto.i3"/></StgValue>
</bind>
</comp>

<comp id="36" class="1001" name="const_36">
<pin_list>
<pin id="37" dir="1" index="0" bw="1" slack="0"/>
</pin_list>
<bind>
<StgValue><ssdm name=""/></StgValue>
</bind>
</comp>

<comp id="38" class="1001" name="const_38">
<pin_list>
<pin id="39" dir="1" index="0" bw="1" slack="0"/>
</pin_list>
<bind>
<StgValue><ssdm name=""/></StgValue>
</bind>
</comp>

<comp id="40" class="1001" name="const_40">
<pin_list>
<pin id="41" dir="1" index="0" bw="1" slack="0"/>
</pin_list>
<bind>
<StgValue><ssdm name=""/></StgValue>
</bind>
</comp>

<comp id="42" class="1001" name="const_42">
<pin_list>
<pin id="43" dir="1" index="0" bw="1" slack="0"/>
</pin_list>
<bind>
<StgValue><ssdm name=""/></StgValue>
</bind>
</comp>

<comp id="44" class="1001" name="const_44">
<pin_list>
<pin id="45" dir="1" index="0" bw="1" slack="0"/>
</pin_list>
<bind>
<StgValue><ssdm name="_ssdm_op_SparseMux.ap_auto.5i12.i12.i3"/></StgValue>
</bind>
</comp>

<comp id="46" class="1001" name="const_46">
<pin_list>
<pin id="47" dir="1" index="0" bw="1" slack="0"/>
</pin_list>
<bind>
<StgValue><ssdm name=""/></StgValue>
</bind>
</comp>

<comp id="48" class="1001" name="const_48">
<pin_list>
<pin id="49" dir="1" index="0" bw="1" slack="0"/>
</pin_list>
<bind>
<StgValue><ssdm name=""/></StgValue>
</bind>
</comp>

<comp id="50" class="1001" name="const_50">
<pin_list>
<pin id="51" dir="1" index="0" bw="1" slack="0"/>
</pin_list>
<bind>
<StgValue><ssdm name=""/></StgValue>
</bind>
</comp>

<comp id="52" class="1001" name="const_52">
<pin_list>
<pin id="53" dir="1" index="0" bw="1" slack="0"/>
</pin_list>
<bind>
<StgValue><ssdm name=""/></StgValue>
</bind>
</comp>

<comp id="54" class="1001" name="const_54">
<pin_list>
<pin id="55" dir="1" index="0" bw="1" slack="0"/>
</pin_list>
<bind>
<StgValue><ssdm name=""/></StgValue>
</bind>
</comp>

<comp id="56" class="1001" name="const_56">
<pin_list>
<pin id="57" dir="1" index="0" bw="1" slack="0"/>
</pin_list>
<bind>
<StgValue><ssdm name=""/></StgValue>
</bind>
</comp>

<comp id="58" class="1001" name="const_58">
<pin_list>
<pin id="59" dir="1" index="0" bw="1" slack="0"/>
</pin_list>
<bind>
<StgValue><ssdm name="_ssdm_op_BitConcatenate.i15.i12.i3"/></StgValue>
</bind>
</comp>

<comp id="60" class="1001" name="const_60">
<pin_list>
<pin id="61" dir="1" index="0" bw="1" slack="0"/>
</pin_list>
<bind>
<StgValue><ssdm name="_ssdm_op_BitConcatenate.i13.i12.i1"/></StgValue>
</bind>
</comp>

<comp id="62" class="1001" name="const_62">
<pin_list>
<pin id="63" dir="1" index="0" bw="1" slack="0"/>
</pin_list>
<bind>
<StgValue><ssdm name=""/></StgValue>
</bind>
</comp>

<comp id="64" class="1001" name="const_64">
<pin_list>
<pin id="65" dir="1" index="0" bw="1" slack="2147483647"/>
</pin_list>
<bind>
<StgValue><ssdm name="_ssdm_op_SpecPipeline"/></StgValue>
</bind>
</comp>

<comp id="66" class="1001" name="const_66">
<pin_list>
<pin id="67" dir="1" index="0" bw="1" slack="2147483647"/>
</pin_list>
<bind>
<StgValue><ssdm name="_ssdm_op_SpecLoopTripCount"/></StgValue>
</bind>
</comp>

<comp id="68" class="1001" name="const_68">
<pin_list>
<pin id="69" dir="1" index="0" bw="1" slack="2147483647"/>
</pin_list>
<bind>
<StgValue><ssdm name=""/></StgValue>
</bind>
</comp>

<comp id="70" class="1001" name="const_70">
<pin_list>
<pin id="71" dir="1" index="0" bw="1" slack="2147483647"/>
</pin_list>
<bind>
<StgValue><ssdm name="_ssdm_op_SpecLoopName"/></StgValue>
</bind>
</comp>

<comp id="72" class="1001" name="const_72">
<pin_list>
<pin id="73" dir="1" index="0" bw="1" slack="2147483647"/>
</pin_list>
<bind>
<StgValue><ssdm name="empty_8"/></StgValue>
</bind>
</comp>

<comp id="74" class="1001" name="const_74">
<pin_list>
<pin id="75" dir="1" index="0" bw="1" slack="0"/>
</pin_list>
<bind>
<StgValue><ssdm name="_ssdm_op_BitConcatenate.i15.i13.i2"/></StgValue>
</bind>
</comp>

<comp id="76" class="1001" name="const_76">
<pin_list>
<pin id="77" dir="1" index="0" bw="1" slack="0"/>
</pin_list>
<bind>
<StgValue><ssdm name=""/></StgValue>
</bind>
</comp>

<comp id="78" class="1001" name="const_78">
<pin_list>
<pin id="79" dir="1" index="0" bw="1" slack="0"/>
</pin_list>
<bind>
<StgValue><ssdm name="_ssdm_op_PartSelect.i8.i16.i32.i32"/></StgValue>
</bind>
</comp>

<comp id="80" class="1001" name="const_80">
<pin_list>
<pin id="81" dir="1" index="0" bw="1" slack="0"/>
</pin_list>
<bind>
<StgValue><ssdm name=""/></StgValue>
</bind>
</comp>

<comp id="82" class="1001" name="const_82">
<pin_list>
<pin id="83" dir="1" index="0" bw="1" slack="0"/>
</pin_list>
<bind>
<StgValue><ssdm name=""/></StgValue>
</bind>
</comp>

<comp id="84" class="1001" name="const_84">
<pin_list>
<pin id="85" dir="1" index="0" bw="1" slack="0"/>
</pin_list>
<bind>
<StgValue><ssdm name="_ssdm_op_Write.ap_fifo.volatile.i8P0A"/></StgValue>
</bind>
</comp>

<comp id="86" class="1004" name="column_13_fu_86">
<pin_list>
<pin id="87" dir="0" index="0" bw="1" slack="0"/>
<pin id="88" dir="1" index="1" bw="10" slack="0"/>
</pin_list>
<bind>
<opcode="alloca(26) " fcode="alloca"/>
<opset="column_13/1 "/>
</bind>
</comp>

<comp id="90" class="1004" name="tmp_read_fu_90">
<pin_list>
<pin id="91" dir="0" index="0" bw="3" slack="0"/>
<pin id="92" dir="0" index="1" bw="3" slack="0"/>
<pin id="93" dir="1" index="2" bw="3" slack="1"/>
</pin_list>
<bind>
<opcode="read(1150) " fcode="read"/>
<opset="tmp/1 "/>
</bind>
</comp>

<comp id="96" class="1004" name="select_ln21_2_read_read_fu_96">
<pin_list>
<pin id="97" dir="0" index="0" bw="3" slack="0"/>
<pin id="98" dir="0" index="1" bw="3" slack="0"/>
<pin id="99" dir="1" index="2" bw="3" slack="1"/>
</pin_list>
<bind>
<opcode="read(1150) " fcode="read"/>
<opset="select_ln21_2_read/1 "/>
</bind>
</comp>

<comp id="102" class="1004" name="tmp_44_read_fu_102">
<pin_list>
<pin id="103" dir="0" index="0" bw="3" slack="0"/>
<pin id="104" dir="0" index="1" bw="3" slack="0"/>
<pin id="105" dir="1" index="2" bw="3" slack="1"/>
</pin_list>
<bind>
<opcode="read(1150) " fcode="read"/>
<opset="tmp_44/1 "/>
</bind>
</comp>

<comp id="108" class="1004" name="select_ln21_1_read_read_fu_108">
<pin_list>
<pin id="109" dir="0" index="0" bw="3" slack="0"/>
<pin id="110" dir="0" index="1" bw="3" slack="0"/>
<pin id="111" dir="1" index="2" bw="3" slack="1"/>
</pin_list>
<bind>
<opcode="read(1150) " fcode="read"/>
<opset="select_ln21_1_read/1 "/>
</bind>
</comp>

<comp id="114" class="1004" name="select_ln21_read_read_fu_114">
<pin_list>
<pin id="115" dir="0" index="0" bw="3" slack="0"/>
<pin id="116" dir="0" index="1" bw="3" slack="0"/>
<pin id="117" dir="1" index="2" bw="3" slack="1"/>
</pin_list>
<bind>
<opcode="read(1150) " fcode="read"/>
<opset="select_ln21_read/1 "/>
</bind>
</comp>

<comp id="120" class="1004" name="write_ln182_write_fu_120">
<pin_list>
<pin id="121" dir="0" index="0" bw="0" slack="0"/>
<pin id="122" dir="0" index="1" bw="8" slack="0"/>
<pin id="123" dir="0" index="2" bw="8" slack="0"/>
<pin id="124" dir="1" index="3" bw="0" slack="2147483647"/>
</pin_list>
<bind>
<opcode="write(1151) " fcode="write"/>
<opset="write_ln182/3 "/>
</bind>
</comp>

<comp id="127" class="1004" name="lineBuffer_addr_gep_fu_127">
<pin_list>
<pin id="128" dir="0" index="0" bw="12" slack="0"/>
<pin id="129" dir="0" index="1" bw="1" slack="0"/>
<pin id="130" dir="0" index="2" bw="10" slack="0"/>
<pin id="131" dir="1" index="3" bw="10" slack="0"/>
</pin_list>
<bind>
<opcode="getelementptr(29) " fcode="getelementptr"/>
<opset="lineBuffer_addr/1 "/>
</bind>
</comp>

<comp id="134" class="1004" name="grp_access_fu_134">
<pin_list>
<pin id="135" dir="0" index="0" bw="10" slack="0"/>
<pin id="136" dir="0" index="1" bw="12" slack="2147483647"/>
<pin id="137" dir="0" index="2" bw="0" slack="2147483647"/>
<pin id="138" dir="1" index="3" bw="12" slack="0"/>
</pin_list>
<bind>
<opcode="load(27) " fcode="load"/>
<opset="banked/1 "/>
</bind>
</comp>

<comp id="140" class="1004" name="lineBuffer_1_addr_gep_fu_140">
<pin_list>
<pin id="141" dir="0" index="0" bw="12" slack="0"/>
<pin id="142" dir="0" index="1" bw="1" slack="0"/>
<pin id="143" dir="0" index="2" bw="10" slack="0"/>
<pin id="144" dir="1" index="3" bw="10" slack="0"/>
</pin_list>
<bind>
<opcode="getelementptr(29) " fcode="getelementptr"/>
<opset="lineBuffer_1_addr/1 "/>
</bind>
</comp>

<comp id="147" class="1004" name="lineBuffer_2_addr_gep_fu_147">
<pin_list>
<pin id="148" dir="0" index="0" bw="12" slack="0"/>
<pin id="149" dir="0" index="1" bw="1" slack="0"/>
<pin id="150" dir="0" index="2" bw="10" slack="0"/>
<pin id="151" dir="1" index="3" bw="10" slack="0"/>
</pin_list>
<bind>
<opcode="getelementptr(29) " fcode="getelementptr"/>
<opset="lineBuffer_2_addr/1 "/>
</bind>
</comp>

<comp id="154" class="1004" name="lineBuffer_3_addr_gep_fu_154">
<pin_list>
<pin id="155" dir="0" index="0" bw="12" slack="0"/>
<pin id="156" dir="0" index="1" bw="1" slack="0"/>
<pin id="157" dir="0" index="2" bw="10" slack="0"/>
<pin id="158" dir="1" index="3" bw="10" slack="0"/>
</pin_list>
<bind>
<opcode="getelementptr(29) " fcode="getelementptr"/>
<opset="lineBuffer_3_addr/1 "/>
</bind>
</comp>

<comp id="161" class="1004" name="lineBuffer_4_addr_gep_fu_161">
<pin_list>
<pin id="162" dir="0" index="0" bw="12" slack="0"/>
<pin id="163" dir="0" index="1" bw="1" slack="0"/>
<pin id="164" dir="0" index="2" bw="10" slack="0"/>
<pin id="165" dir="1" index="3" bw="10" slack="0"/>
</pin_list>
<bind>
<opcode="getelementptr(29) " fcode="getelementptr"/>
<opset="lineBuffer_4_addr/1 "/>
</bind>
</comp>

<comp id="168" class="1004" name="grp_access_fu_168">
<pin_list>
<pin id="169" dir="0" index="0" bw="10" slack="0"/>
<pin id="170" dir="0" index="1" bw="12" slack="2147483647"/>
<pin id="171" dir="0" index="2" bw="0" slack="2147483647"/>
<pin id="172" dir="1" index="3" bw="12" slack="0"/>
</pin_list>
<bind>
<opcode="load(27) " fcode="load"/>
<opset="banked_11/1 "/>
</bind>
</comp>

<comp id="174" class="1004" name="grp_access_fu_174">
<pin_list>
<pin id="175" dir="0" index="0" bw="10" slack="0"/>
<pin id="176" dir="0" index="1" bw="12" slack="2147483647"/>
<pin id="177" dir="0" index="2" bw="0" slack="2147483647"/>
<pin id="178" dir="1" index="3" bw="12" slack="0"/>
</pin_list>
<bind>
<opcode="load(27) " fcode="load"/>
<opset="banked_12/1 "/>
</bind>
</comp>

<comp id="180" class="1004" name="grp_access_fu_180">
<pin_list>
<pin id="181" dir="0" index="0" bw="10" slack="0"/>
<pin id="182" dir="0" index="1" bw="12" slack="2147483647"/>
<pin id="183" dir="0" index="2" bw="0" slack="2147483647"/>
<pin id="184" dir="1" index="3" bw="12" slack="0"/>
</pin_list>
<bind>
<opcode="load(27) " fcode="load"/>
<opset="banked_13/1 "/>
</bind>
</comp>

<comp id="186" class="1004" name="grp_access_fu_186">
<pin_list>
<pin id="187" dir="0" index="0" bw="10" slack="0"/>
<pin id="188" dir="0" index="1" bw="12" slack="2147483647"/>
<pin id="189" dir="0" index="2" bw="0" slack="2147483647"/>
<pin id="190" dir="1" index="3" bw="12" slack="0"/>
</pin_list>
<bind>
<opcode="load(27) " fcode="load"/>
<opset="banked_14/1 "/>
</bind>
</comp>

<comp id="192" class="1004" name="store_ln157_store_fu_192">
<pin_list>
<pin id="193" dir="0" index="0" bw="1" slack="0"/>
<pin id="194" dir="0" index="1" bw="10" slack="0"/>
<pin id="195" dir="1" index="2" bw="0" slack="2147483647"/>
</pin_list>
<bind>
<opcode="store(28) " fcode="store"/>
<opset="store_ln157/1 "/>
</bind>
</comp>

<comp id="197" class="1004" name="column_load_fu_197">
<pin_list>
<pin id="198" dir="0" index="0" bw="10" slack="0"/>
<pin id="199" dir="1" index="1" bw="10" slack="0"/>
</pin_list>
<bind>
<opcode="load(27) " fcode="load"/>
<opset="column/1 "/>
</bind>
</comp>

<comp id="200" class="1004" name="icmp_ln157_fu_200">
<pin_list>
<pin id="201" dir="0" index="0" bw="10" slack="0"/>
<pin id="202" dir="0" index="1" bw="10" slack="0"/>
<pin id="203" dir="1" index="2" bw="1" slack="1"/>
</pin_list>
<bind>
<opcode="icmp(45) " fcode="icmp"/>
<opset="icmp_ln157/1 "/>
</bind>
</comp>

<comp id="206" class="1004" name="add_ln157_fu_206">
<pin_list>
<pin id="207" dir="0" index="0" bw="10" slack="0"/>
<pin id="208" dir="0" index="1" bw="1" slack="0"/>
<pin id="209" dir="1" index="2" bw="10" slack="0"/>
</pin_list>
<bind>
<opcode="add(8) " fcode="add"/>
<opset="add_ln157/1 "/>
</bind>
</comp>

<comp id="212" class="1004" name="zext_ln157_fu_212">
<pin_list>
<pin id="213" dir="0" index="0" bw="10" slack="0"/>
<pin id="214" dir="1" index="1" bw="64" slack="0"/>
</pin_list>
<bind>
<opcode="zext(34) " fcode="zext"/>
<opset="zext_ln157/1 "/>
</bind>
</comp>

<comp id="221" class="1004" name="store_ln157_store_fu_221">
<pin_list>
<pin id="222" dir="0" index="0" bw="10" slack="0"/>
<pin id="223" dir="0" index="1" bw="10" slack="0"/>
<pin id="224" dir="1" index="2" bw="0" slack="2147483647"/>
</pin_list>
<bind>
<opcode="store(28) " fcode="store"/>
<opset="store_ln157/1 "/>
</bind>
</comp>

<comp id="226" class="1004" name="sum_1_fu_226">
<pin_list>
<pin id="227" dir="0" index="0" bw="12" slack="0"/>
<pin id="228" dir="0" index="1" bw="3" slack="0"/>
<pin id="229" dir="0" index="2" bw="12" slack="0"/>
<pin id="230" dir="0" index="3" bw="3" slack="0"/>
<pin id="231" dir="0" index="4" bw="12" slack="0"/>
<pin id="232" dir="0" index="5" bw="3" slack="0"/>
<pin id="233" dir="0" index="6" bw="12" slack="0"/>
<pin id="234" dir="0" index="7" bw="3" slack="0"/>
<pin id="235" dir="0" index="8" bw="12" slack="0"/>
<pin id="236" dir="0" index="9" bw="3" slack="0"/>
<pin id="237" dir="0" index="10" bw="12" slack="0"/>
<pin id="238" dir="0" index="11" bw="12" slack="0"/>
<pin id="239" dir="0" index="12" bw="3" slack="1"/>
<pin id="240" dir="1" index="13" bw="12" slack="0"/>
</pin_list>
<bind>
<opcode="sparsemux(1197) " fcode="sparsemux"/>
<opset="sum_1/2 "/>
</bind>
</comp>

<comp id="253" class="1004" name="zext_ln178_fu_253">
<pin_list>
<pin id="254" dir="0" index="0" bw="12" slack="0"/>
<pin id="255" dir="1" index="1" bw="13" slack="0"/>
</pin_list>
<bind>
<opcode="zext(34) " fcode="zext"/>
<opset="zext_ln178/2 "/>
</bind>
</comp>

<comp id="257" class="1004" name="tmp_s_fu_257">
<pin_list>
<pin id="258" dir="0" index="0" bw="12" slack="0"/>
<pin id="259" dir="0" index="1" bw="3" slack="0"/>
<pin id="260" dir="0" index="2" bw="12" slack="0"/>
<pin id="261" dir="0" index="3" bw="3" slack="0"/>
<pin id="262" dir="0" index="4" bw="12" slack="0"/>
<pin id="263" dir="0" index="5" bw="3" slack="0"/>
<pin id="264" dir="0" index="6" bw="12" slack="0"/>
<pin id="265" dir="0" index="7" bw="3" slack="0"/>
<pin id="266" dir="0" index="8" bw="12" slack="0"/>
<pin id="267" dir="0" index="9" bw="3" slack="0"/>
<pin id="268" dir="0" index="10" bw="12" slack="0"/>
<pin id="269" dir="0" index="11" bw="12" slack="0"/>
<pin id="270" dir="0" index="12" bw="3" slack="1"/>
<pin id="271" dir="1" index="13" bw="12" slack="0"/>
</pin_list>
<bind>
<opcode="sparsemux(1197) " fcode="sparsemux"/>
<opset="tmp_s/2 "/>
</bind>
</comp>

<comp id="284" class="1004" name="tmp_102_fu_284">
<pin_list>
<pin id="285" dir="0" index="0" bw="12" slack="0"/>
<pin id="286" dir="0" index="1" bw="3" slack="0"/>
<pin id="287" dir="0" index="2" bw="12" slack="0"/>
<pin id="288" dir="0" index="3" bw="3" slack="0"/>
<pin id="289" dir="0" index="4" bw="12" slack="0"/>
<pin id="290" dir="0" index="5" bw="3" slack="0"/>
<pin id="291" dir="0" index="6" bw="12" slack="0"/>
<pin id="292" dir="0" index="7" bw="3" slack="0"/>
<pin id="293" dir="0" index="8" bw="12" slack="0"/>
<pin id="294" dir="0" index="9" bw="3" slack="0"/>
<pin id="295" dir="0" index="10" bw="12" slack="0"/>
<pin id="296" dir="0" index="11" bw="12" slack="0"/>
<pin id="297" dir="0" index="12" bw="3" slack="1"/>
<pin id="298" dir="1" index="13" bw="12" slack="0"/>
</pin_list>
<bind>
<opcode="sparsemux(1197) " fcode="sparsemux"/>
<opset="tmp_102/2 "/>
</bind>
</comp>

<comp id="311" class="1004" name="tmp_103_fu_311">
<pin_list>
<pin id="312" dir="0" index="0" bw="12" slack="0"/>
<pin id="313" dir="0" index="1" bw="3" slack="0"/>
<pin id="314" dir="0" index="2" bw="12" slack="0"/>
<pin id="315" dir="0" index="3" bw="3" slack="0"/>
<pin id="316" dir="0" index="4" bw="12" slack="0"/>
<pin id="317" dir="0" index="5" bw="3" slack="0"/>
<pin id="318" dir="0" index="6" bw="12" slack="0"/>
<pin id="319" dir="0" index="7" bw="3" slack="0"/>
<pin id="320" dir="0" index="8" bw="12" slack="0"/>
<pin id="321" dir="0" index="9" bw="3" slack="0"/>
<pin id="322" dir="0" index="10" bw="12" slack="0"/>
<pin id="323" dir="0" index="11" bw="12" slack="0"/>
<pin id="324" dir="0" index="12" bw="3" slack="1"/>
<pin id="325" dir="1" index="13" bw="12" slack="0"/>
</pin_list>
<bind>
<opcode="sparsemux(1197) " fcode="sparsemux"/>
<opset="tmp_103/2 "/>
</bind>
</comp>

<comp id="338" class="1004" name="tmp_104_fu_338">
<pin_list>
<pin id="339" dir="0" index="0" bw="12" slack="0"/>
<pin id="340" dir="0" index="1" bw="3" slack="0"/>
<pin id="341" dir="0" index="2" bw="12" slack="0"/>
<pin id="342" dir="0" index="3" bw="3" slack="0"/>
<pin id="343" dir="0" index="4" bw="12" slack="0"/>
<pin id="344" dir="0" index="5" bw="3" slack="0"/>
<pin id="345" dir="0" index="6" bw="12" slack="0"/>
<pin id="346" dir="0" index="7" bw="3" slack="0"/>
<pin id="347" dir="0" index="8" bw="12" slack="0"/>
<pin id="348" dir="0" index="9" bw="3" slack="0"/>
<pin id="349" dir="0" index="10" bw="12" slack="0"/>
<pin id="350" dir="0" index="11" bw="12" slack="0"/>
<pin id="351" dir="0" index="12" bw="3" slack="1"/>
<pin id="352" dir="1" index="13" bw="12" slack="0"/>
</pin_list>
<bind>
<opcode="sparsemux(1197) " fcode="sparsemux"/>
<opset="tmp_104/2 "/>
</bind>
</comp>

<comp id="365" class="1004" name="zext_ln177_fu_365">
<pin_list>
<pin id="366" dir="0" index="0" bw="12" slack="0"/>
<pin id="367" dir="1" index="1" bw="13" slack="0"/>
</pin_list>
<bind>
<opcode="zext(34) " fcode="zext"/>
<opset="zext_ln177/2 "/>
</bind>
</comp>

<comp id="369" class="1004" name="p_shl_fu_369">
<pin_list>
<pin id="370" dir="0" index="0" bw="15" slack="0"/>
<pin id="371" dir="0" index="1" bw="12" slack="0"/>
<pin id="372" dir="0" index="2" bw="1" slack="0"/>
<pin id="373" dir="1" index="3" bw="15" slack="0"/>
</pin_list>
<bind>
<opcode="bitconcatenate(1004) " fcode="bitconcatenate"/>
<opset="p_shl/2 "/>
</bind>
</comp>

<comp id="377" class="1004" name="tmp_45_fu_377">
<pin_list>
<pin id="378" dir="0" index="0" bw="13" slack="0"/>
<pin id="379" dir="0" index="1" bw="12" slack="0"/>
<pin id="380" dir="0" index="2" bw="1" slack="0"/>
<pin id="381" dir="1" index="3" bw="13" slack="0"/>
</pin_list>
<bind>
<opcode="bitconcatenate(1004) " fcode="bitconcatenate"/>
<opset="tmp_45/2 "/>
</bind>
</comp>

<comp id="385" class="1004" name="zext_ln177_4_fu_385">
<pin_list>
<pin id="386" dir="0" index="0" bw="13" slack="0"/>
<pin id="387" dir="1" index="1" bw="15" slack="0"/>
</pin_list>
<bind>
<opcode="zext(34) " fcode="zext"/>
<opset="zext_ln177_4/2 "/>
</bind>
</comp>

<comp id="389" class="1004" name="sub_ln177_fu_389">
<pin_list>
<pin id="390" dir="0" index="0" bw="15" slack="0"/>
<pin id="391" dir="0" index="1" bw="13" slack="0"/>
<pin id="392" dir="1" index="2" bw="15" slack="0"/>
</pin_list>
<bind>
<opcode="sub(10) " fcode="sub"/>
<opset="sub_ln177/2 "/>
</bind>
</comp>

<comp id="395" class="1004" name="tmp_109_cast_fu_395">
<pin_list>
<pin id="396" dir="0" index="0" bw="12" slack="0"/>
<pin id="397" dir="1" index="1" bw="13" slack="0"/>
</pin_list>
<bind>
<opcode="zext(34) " fcode="zext"/>
<opset="tmp_109_cast/2 "/>
</bind>
</comp>

<comp id="399" class="1004" name="tmp_111_cast_fu_399">
<pin_list>
<pin id="400" dir="0" index="0" bw="12" slack="0"/>
<pin id="401" dir="1" index="1" bw="13" slack="0"/>
</pin_list>
<bind>
<opcode="zext(34) " fcode="zext"/>
<opset="tmp_111_cast/2 "/>
</bind>
</comp>

<comp id="403" class="1004" name="tmp26_fu_403">
<pin_list>
<pin id="404" dir="0" index="0" bw="12" slack="0"/>
<pin id="405" dir="0" index="1" bw="12" slack="0"/>
<pin id="406" dir="1" index="2" bw="13" slack="1"/>
</pin_list>
<bind>
<opcode="add(8) " fcode="add"/>
<opset="tmp26/2 "/>
</bind>
</comp>

<comp id="409" class="1004" name="add_ln177_fu_409">
<pin_list>
<pin id="410" dir="0" index="0" bw="12" slack="0"/>
<pin id="411" dir="0" index="1" bw="12" slack="0"/>
<pin id="412" dir="1" index="2" bw="13" slack="0"/>
</pin_list>
<bind>
<opcode="add(8) " fcode="add"/>
<opset="add_ln177/2 "/>
</bind>
</comp>

<comp id="415" class="1004" name="zext_ln177_3_fu_415">
<pin_list>
<pin id="416" dir="0" index="0" bw="13" slack="0"/>
<pin id="417" dir="1" index="1" bw="15" slack="0"/>
</pin_list>
<bind>
<opcode="zext(34) " fcode="zext"/>
<opset="zext_ln177_3/2 "/>
</bind>
</comp>

<comp id="419" class="1004" name="add_ln177_1_fu_419">
<pin_list>
<pin id="420" dir="0" index="0" bw="13" slack="0"/>
<pin id="421" dir="0" index="1" bw="15" slack="0"/>
<pin id="422" dir="1" index="2" bw="15" slack="1"/>
</pin_list>
<bind>
<opcode="add(8) " fcode="add"/>
<opset="add_ln177_1/2 "/>
</bind>
</comp>

<comp id="425" class="1004" name="tmp3_fu_425">
<pin_list>
<pin id="426" dir="0" index="0" bw="15" slack="0"/>
<pin id="427" dir="0" index="1" bw="13" slack="1"/>
<pin id="428" dir="0" index="2" bw="1" slack="0"/>
<pin id="429" dir="1" index="3" bw="15" slack="0"/>
</pin_list>
<bind>
<opcode="bitconcatenate(1004) " fcode="bitconcatenate"/>
<opset="tmp3/3 "/>
</bind>
</comp>

<comp id="432" class="1004" name="zext_ln177_1_fu_432">
<pin_list>
<pin id="433" dir="0" index="0" bw="15" slack="0"/>
<pin id="434" dir="1" index="1" bw="16" slack="0"/>
</pin_list>
<bind>
<opcode="zext(34) " fcode="zext"/>
<opset="zext_ln177_1/3 "/>
</bind>
</comp>

<comp id="436" class="1004" name="zext_ln177_2_fu_436">
<pin_list>
<pin id="437" dir="0" index="0" bw="15" slack="1"/>
<pin id="438" dir="1" index="1" bw="16" slack="0"/>
</pin_list>
<bind>
<opcode="zext(34) " fcode="zext"/>
<opset="zext_ln177_2/3 "/>
</bind>
</comp>

<comp id="439" class="1004" name="sum_fu_439">
<pin_list>
<pin id="440" dir="0" index="0" bw="15" slack="0"/>
<pin id="441" dir="0" index="1" bw="15" slack="0"/>
<pin id="442" dir="1" index="2" bw="16" slack="0"/>
</pin_list>
<bind>
<opcode="add(8) " fcode="add"/>
<opset="sum/3 "/>
</bind>
</comp>

<comp id="445" class="1004" name="p_0_fu_445">
<pin_list>
<pin id="446" dir="0" index="0" bw="8" slack="0"/>
<pin id="447" dir="0" index="1" bw="16" slack="0"/>
<pin id="448" dir="0" index="2" bw="5" slack="0"/>
<pin id="449" dir="0" index="3" bw="5" slack="0"/>
<pin id="450" dir="1" index="4" bw="8" slack="0"/>
</pin_list>
<bind>
<opcode="partselect(1002) " fcode="partselect"/>
<opset="p_0/3 "/>
</bind>
</comp>

<comp id="456" class="1005" name="column_13_reg_456">
<pin_list>
<pin id="457" dir="0" index="0" bw="10" slack="0"/>
<pin id="458" dir="1" index="1" bw="10" slack="0"/>
</pin_list>
<bind>
<opset="column_13 "/>
</bind>
</comp>

<comp id="463" class="1005" name="tmp_reg_463">
<pin_list>
<pin id="464" dir="0" index="0" bw="3" slack="1"/>
<pin id="465" dir="1" index="1" bw="3" slack="1"/>
</pin_list>
<bind>
<opset="tmp "/>
</bind>
</comp>

<comp id="468" class="1005" name="select_ln21_2_read_reg_468">
<pin_list>
<pin id="469" dir="0" index="0" bw="3" slack="1"/>
<pin id="470" dir="1" index="1" bw="3" slack="1"/>
</pin_list>
<bind>
<opset="select_ln21_2_read "/>
</bind>
</comp>

<comp id="473" class="1005" name="tmp_44_reg_473">
<pin_list>
<pin id="474" dir="0" index="0" bw="3" slack="1"/>
<pin id="475" dir="1" index="1" bw="3" slack="1"/>
</pin_list>
<bind>
<opset="tmp_44 "/>
</bind>
</comp>

<comp id="478" class="1005" name="select_ln21_1_read_reg_478">
<pin_list>
<pin id="479" dir="0" index="0" bw="3" slack="1"/>
<pin id="480" dir="1" index="1" bw="3" slack="1"/>
</pin_list>
<bind>
<opset="select_ln21_1_read "/>
</bind>
</comp>

<comp id="483" class="1005" name="select_ln21_read_reg_483">
<pin_list>
<pin id="484" dir="0" index="0" bw="3" slack="1"/>
<pin id="485" dir="1" index="1" bw="3" slack="1"/>
</pin_list>
<bind>
<opset="select_ln21_read "/>
</bind>
</comp>

<comp id="488" class="1005" name="icmp_ln157_reg_488">
<pin_list>
<pin id="489" dir="0" index="0" bw="1" slack="1"/>
<pin id="490" dir="1" index="1" bw="1" slack="2147483647"/>
</pin_list>
<bind>
<opset="icmp_ln157 "/>
</bind>
</comp>

<comp id="492" class="1005" name="lineBuffer_addr_reg_492">
<pin_list>
<pin id="493" dir="0" index="0" bw="10" slack="1"/>
<pin id="494" dir="1" index="1" bw="10" slack="1"/>
</pin_list>
<bind>
<opset="lineBuffer_addr "/>
</bind>
</comp>

<comp id="497" class="1005" name="lineBuffer_1_addr_reg_497">
<pin_list>
<pin id="498" dir="0" index="0" bw="10" slack="1"/>
<pin id="499" dir="1" index="1" bw="10" slack="1"/>
</pin_list>
<bind>
<opset="lineBuffer_1_addr "/>
</bind>
</comp>

<comp id="502" class="1005" name="lineBuffer_2_addr_reg_502">
<pin_list>
<pin id="503" dir="0" index="0" bw="10" slack="1"/>
<pin id="504" dir="1" index="1" bw="10" slack="1"/>
</pin_list>
<bind>
<opset="lineBuffer_2_addr "/>
</bind>
</comp>

<comp id="507" class="1005" name="lineBuffer_3_addr_reg_507">
<pin_list>
<pin id="508" dir="0" index="0" bw="10" slack="1"/>
<pin id="509" dir="1" index="1" bw="10" slack="1"/>
</pin_list>
<bind>
<opset="lineBuffer_3_addr "/>
</bind>
</comp>

<comp id="512" class="1005" name="lineBuffer_4_addr_reg_512">
<pin_list>
<pin id="513" dir="0" index="0" bw="10" slack="1"/>
<pin id="514" dir="1" index="1" bw="10" slack="1"/>
</pin_list>
<bind>
<opset="lineBuffer_4_addr "/>
</bind>
</comp>

<comp id="517" class="1005" name="tmp26_reg_517">
<pin_list>
<pin id="518" dir="0" index="0" bw="13" slack="1"/>
<pin id="519" dir="1" index="1" bw="13" slack="1"/>
</pin_list>
<bind>
<opset="tmp26 "/>
</bind>
</comp>

<comp id="522" class="1005" name="add_ln177_1_reg_522">
<pin_list>
<pin id="523" dir="0" index="0" bw="15" slack="1"/>
<pin id="524" dir="1" index="1" bw="15" slack="1"/>
</pin_list>
<bind>
<opset="add_ln177_1 "/>
</bind>
</comp>

</comp_list>

<net_list>
<net id="89"><net_src comp="22" pin="0"/><net_sink comp="86" pin=0"/></net>

<net id="94"><net_src comp="34" pin="0"/><net_sink comp="90" pin=0"/></net>

<net id="95"><net_src comp="18" pin="0"/><net_sink comp="90" pin=1"/></net>

<net id="100"><net_src comp="34" pin="0"/><net_sink comp="96" pin=0"/></net>

<net id="101"><net_src comp="16" pin="0"/><net_sink comp="96" pin=1"/></net>

<net id="106"><net_src comp="34" pin="0"/><net_sink comp="102" pin=0"/></net>

<net id="107"><net_src comp="14" pin="0"/><net_sink comp="102" pin=1"/></net>

<net id="112"><net_src comp="34" pin="0"/><net_sink comp="108" pin=0"/></net>

<net id="113"><net_src comp="12" pin="0"/><net_sink comp="108" pin=1"/></net>

<net id="118"><net_src comp="34" pin="0"/><net_sink comp="114" pin=0"/></net>

<net id="119"><net_src comp="10" pin="0"/><net_sink comp="114" pin=1"/></net>

<net id="125"><net_src comp="84" pin="0"/><net_sink comp="120" pin=0"/></net>

<net id="126"><net_src comp="20" pin="0"/><net_sink comp="120" pin=1"/></net>

<net id="132"><net_src comp="0" pin="0"/><net_sink comp="127" pin=0"/></net>

<net id="133"><net_src comp="42" pin="0"/><net_sink comp="127" pin=1"/></net>

<net id="139"><net_src comp="127" pin="3"/><net_sink comp="134" pin=0"/></net>

<net id="145"><net_src comp="2" pin="0"/><net_sink comp="140" pin=0"/></net>

<net id="146"><net_src comp="42" pin="0"/><net_sink comp="140" pin=1"/></net>

<net id="152"><net_src comp="4" pin="0"/><net_sink comp="147" pin=0"/></net>

<net id="153"><net_src comp="42" pin="0"/><net_sink comp="147" pin=1"/></net>

<net id="159"><net_src comp="6" pin="0"/><net_sink comp="154" pin=0"/></net>

<net id="160"><net_src comp="42" pin="0"/><net_sink comp="154" pin=1"/></net>

<net id="166"><net_src comp="8" pin="0"/><net_sink comp="161" pin=0"/></net>

<net id="167"><net_src comp="42" pin="0"/><net_sink comp="161" pin=1"/></net>

<net id="173"><net_src comp="140" pin="3"/><net_sink comp="168" pin=0"/></net>

<net id="179"><net_src comp="147" pin="3"/><net_sink comp="174" pin=0"/></net>

<net id="185"><net_src comp="154" pin="3"/><net_sink comp="180" pin=0"/></net>

<net id="191"><net_src comp="161" pin="3"/><net_sink comp="186" pin=0"/></net>

<net id="196"><net_src comp="36" pin="0"/><net_sink comp="192" pin=0"/></net>

<net id="204"><net_src comp="197" pin="1"/><net_sink comp="200" pin=0"/></net>

<net id="205"><net_src comp="38" pin="0"/><net_sink comp="200" pin=1"/></net>

<net id="210"><net_src comp="197" pin="1"/><net_sink comp="206" pin=0"/></net>

<net id="211"><net_src comp="40" pin="0"/><net_sink comp="206" pin=1"/></net>

<net id="215"><net_src comp="197" pin="1"/><net_sink comp="212" pin=0"/></net>

<net id="216"><net_src comp="212" pin="1"/><net_sink comp="127" pin=2"/></net>

<net id="217"><net_src comp="212" pin="1"/><net_sink comp="140" pin=2"/></net>

<net id="218"><net_src comp="212" pin="1"/><net_sink comp="147" pin=2"/></net>

<net id="219"><net_src comp="212" pin="1"/><net_sink comp="154" pin=2"/></net>

<net id="220"><net_src comp="212" pin="1"/><net_sink comp="161" pin=2"/></net>

<net id="225"><net_src comp="206" pin="2"/><net_sink comp="221" pin=0"/></net>

<net id="241"><net_src comp="44" pin="0"/><net_sink comp="226" pin=0"/></net>

<net id="242"><net_src comp="46" pin="0"/><net_sink comp="226" pin=1"/></net>

<net id="243"><net_src comp="134" pin="3"/><net_sink comp="226" pin=2"/></net>

<net id="244"><net_src comp="48" pin="0"/><net_sink comp="226" pin=3"/></net>

<net id="245"><net_src comp="168" pin="3"/><net_sink comp="226" pin=4"/></net>

<net id="246"><net_src comp="50" pin="0"/><net_sink comp="226" pin=5"/></net>

<net id="247"><net_src comp="174" pin="3"/><net_sink comp="226" pin=6"/></net>

<net id="248"><net_src comp="52" pin="0"/><net_sink comp="226" pin=7"/></net>

<net id="249"><net_src comp="180" pin="3"/><net_sink comp="226" pin=8"/></net>

<net id="250"><net_src comp="54" pin="0"/><net_sink comp="226" pin=9"/></net>

<net id="251"><net_src comp="186" pin="3"/><net_sink comp="226" pin=10"/></net>

<net id="252"><net_src comp="56" pin="0"/><net_sink comp="226" pin=11"/></net>

<net id="256"><net_src comp="226" pin="13"/><net_sink comp="253" pin=0"/></net>

<net id="272"><net_src comp="44" pin="0"/><net_sink comp="257" pin=0"/></net>

<net id="273"><net_src comp="46" pin="0"/><net_sink comp="257" pin=1"/></net>

<net id="274"><net_src comp="134" pin="3"/><net_sink comp="257" pin=2"/></net>

<net id="275"><net_src comp="48" pin="0"/><net_sink comp="257" pin=3"/></net>

<net id="276"><net_src comp="168" pin="3"/><net_sink comp="257" pin=4"/></net>

<net id="277"><net_src comp="50" pin="0"/><net_sink comp="257" pin=5"/></net>

<net id="278"><net_src comp="174" pin="3"/><net_sink comp="257" pin=6"/></net>

<net id="279"><net_src comp="52" pin="0"/><net_sink comp="257" pin=7"/></net>

<net id="280"><net_src comp="180" pin="3"/><net_sink comp="257" pin=8"/></net>

<net id="281"><net_src comp="54" pin="0"/><net_sink comp="257" pin=9"/></net>

<net id="282"><net_src comp="186" pin="3"/><net_sink comp="257" pin=10"/></net>

<net id="283"><net_src comp="56" pin="0"/><net_sink comp="257" pin=11"/></net>

<net id="299"><net_src comp="44" pin="0"/><net_sink comp="284" pin=0"/></net>

<net id="300"><net_src comp="50" pin="0"/><net_sink comp="284" pin=1"/></net>

<net id="301"><net_src comp="134" pin="3"/><net_sink comp="284" pin=2"/></net>

<net id="302"><net_src comp="52" pin="0"/><net_sink comp="284" pin=3"/></net>

<net id="303"><net_src comp="168" pin="3"/><net_sink comp="284" pin=4"/></net>

<net id="304"><net_src comp="54" pin="0"/><net_sink comp="284" pin=5"/></net>

<net id="305"><net_src comp="174" pin="3"/><net_sink comp="284" pin=6"/></net>

<net id="306"><net_src comp="46" pin="0"/><net_sink comp="284" pin=7"/></net>

<net id="307"><net_src comp="180" pin="3"/><net_sink comp="284" pin=8"/></net>

<net id="308"><net_src comp="48" pin="0"/><net_sink comp="284" pin=9"/></net>

<net id="309"><net_src comp="186" pin="3"/><net_sink comp="284" pin=10"/></net>

<net id="310"><net_src comp="56" pin="0"/><net_sink comp="284" pin=11"/></net>

<net id="326"><net_src comp="44" pin="0"/><net_sink comp="311" pin=0"/></net>

<net id="327"><net_src comp="46" pin="0"/><net_sink comp="311" pin=1"/></net>

<net id="328"><net_src comp="134" pin="3"/><net_sink comp="311" pin=2"/></net>

<net id="329"><net_src comp="48" pin="0"/><net_sink comp="311" pin=3"/></net>

<net id="330"><net_src comp="168" pin="3"/><net_sink comp="311" pin=4"/></net>

<net id="331"><net_src comp="50" pin="0"/><net_sink comp="311" pin=5"/></net>

<net id="332"><net_src comp="174" pin="3"/><net_sink comp="311" pin=6"/></net>

<net id="333"><net_src comp="52" pin="0"/><net_sink comp="311" pin=7"/></net>

<net id="334"><net_src comp="180" pin="3"/><net_sink comp="311" pin=8"/></net>

<net id="335"><net_src comp="54" pin="0"/><net_sink comp="311" pin=9"/></net>

<net id="336"><net_src comp="186" pin="3"/><net_sink comp="311" pin=10"/></net>

<net id="337"><net_src comp="56" pin="0"/><net_sink comp="311" pin=11"/></net>

<net id="353"><net_src comp="44" pin="0"/><net_sink comp="338" pin=0"/></net>

<net id="354"><net_src comp="46" pin="0"/><net_sink comp="338" pin=1"/></net>

<net id="355"><net_src comp="134" pin="3"/><net_sink comp="338" pin=2"/></net>

<net id="356"><net_src comp="48" pin="0"/><net_sink comp="338" pin=3"/></net>

<net id="357"><net_src comp="168" pin="3"/><net_sink comp="338" pin=4"/></net>

<net id="358"><net_src comp="50" pin="0"/><net_sink comp="338" pin=5"/></net>

<net id="359"><net_src comp="174" pin="3"/><net_sink comp="338" pin=6"/></net>

<net id="360"><net_src comp="52" pin="0"/><net_sink comp="338" pin=7"/></net>

<net id="361"><net_src comp="180" pin="3"/><net_sink comp="338" pin=8"/></net>

<net id="362"><net_src comp="54" pin="0"/><net_sink comp="338" pin=9"/></net>

<net id="363"><net_src comp="186" pin="3"/><net_sink comp="338" pin=10"/></net>

<net id="364"><net_src comp="56" pin="0"/><net_sink comp="338" pin=11"/></net>

<net id="368"><net_src comp="338" pin="13"/><net_sink comp="365" pin=0"/></net>

<net id="374"><net_src comp="58" pin="0"/><net_sink comp="369" pin=0"/></net>

<net id="375"><net_src comp="284" pin="13"/><net_sink comp="369" pin=1"/></net>

<net id="376"><net_src comp="46" pin="0"/><net_sink comp="369" pin=2"/></net>

<net id="382"><net_src comp="60" pin="0"/><net_sink comp="377" pin=0"/></net>

<net id="383"><net_src comp="284" pin="13"/><net_sink comp="377" pin=1"/></net>

<net id="384"><net_src comp="62" pin="0"/><net_sink comp="377" pin=2"/></net>

<net id="388"><net_src comp="377" pin="3"/><net_sink comp="385" pin=0"/></net>

<net id="393"><net_src comp="369" pin="3"/><net_sink comp="389" pin=0"/></net>

<net id="394"><net_src comp="385" pin="1"/><net_sink comp="389" pin=1"/></net>

<net id="398"><net_src comp="257" pin="13"/><net_sink comp="395" pin=0"/></net>

<net id="402"><net_src comp="311" pin="13"/><net_sink comp="399" pin=0"/></net>

<net id="407"><net_src comp="399" pin="1"/><net_sink comp="403" pin=0"/></net>

<net id="408"><net_src comp="395" pin="1"/><net_sink comp="403" pin=1"/></net>

<net id="413"><net_src comp="253" pin="1"/><net_sink comp="409" pin=0"/></net>

<net id="414"><net_src comp="365" pin="1"/><net_sink comp="409" pin=1"/></net>

<net id="418"><net_src comp="409" pin="2"/><net_sink comp="415" pin=0"/></net>

<net id="423"><net_src comp="415" pin="1"/><net_sink comp="419" pin=0"/></net>

<net id="424"><net_src comp="389" pin="2"/><net_sink comp="419" pin=1"/></net>

<net id="430"><net_src comp="74" pin="0"/><net_sink comp="425" pin=0"/></net>

<net id="431"><net_src comp="76" pin="0"/><net_sink comp="425" pin=2"/></net>

<net id="435"><net_src comp="425" pin="3"/><net_sink comp="432" pin=0"/></net>

<net id="443"><net_src comp="436" pin="1"/><net_sink comp="439" pin=0"/></net>

<net id="444"><net_src comp="432" pin="1"/><net_sink comp="439" pin=1"/></net>

<net id="451"><net_src comp="78" pin="0"/><net_sink comp="445" pin=0"/></net>

<net id="452"><net_src comp="439" pin="2"/><net_sink comp="445" pin=1"/></net>

<net id="453"><net_src comp="80" pin="0"/><net_sink comp="445" pin=2"/></net>

<net id="454"><net_src comp="82" pin="0"/><net_sink comp="445" pin=3"/></net>

<net id="455"><net_src comp="445" pin="4"/><net_sink comp="120" pin=2"/></net>

<net id="459"><net_src comp="86" pin="1"/><net_sink comp="456" pin=0"/></net>

<net id="460"><net_src comp="456" pin="1"/><net_sink comp="192" pin=1"/></net>

<net id="461"><net_src comp="456" pin="1"/><net_sink comp="197" pin=0"/></net>

<net id="462"><net_src comp="456" pin="1"/><net_sink comp="221" pin=1"/></net>

<net id="466"><net_src comp="90" pin="2"/><net_sink comp="463" pin=0"/></net>

<net id="467"><net_src comp="463" pin="1"/><net_sink comp="338" pin=12"/></net>

<net id="471"><net_src comp="96" pin="2"/><net_sink comp="468" pin=0"/></net>

<net id="472"><net_src comp="468" pin="1"/><net_sink comp="311" pin=12"/></net>

<net id="476"><net_src comp="102" pin="2"/><net_sink comp="473" pin=0"/></net>

<net id="477"><net_src comp="473" pin="1"/><net_sink comp="284" pin=12"/></net>

<net id="481"><net_src comp="108" pin="2"/><net_sink comp="478" pin=0"/></net>

<net id="482"><net_src comp="478" pin="1"/><net_sink comp="257" pin=12"/></net>

<net id="486"><net_src comp="114" pin="2"/><net_sink comp="483" pin=0"/></net>

<net id="487"><net_src comp="483" pin="1"/><net_sink comp="226" pin=12"/></net>

<net id="491"><net_src comp="200" pin="2"/><net_sink comp="488" pin=0"/></net>

<net id="495"><net_src comp="127" pin="3"/><net_sink comp="492" pin=0"/></net>

<net id="496"><net_src comp="492" pin="1"/><net_sink comp="134" pin=0"/></net>

<net id="500"><net_src comp="140" pin="3"/><net_sink comp="497" pin=0"/></net>

<net id="501"><net_src comp="497" pin="1"/><net_sink comp="168" pin=0"/></net>

<net id="505"><net_src comp="147" pin="3"/><net_sink comp="502" pin=0"/></net>

<net id="506"><net_src comp="502" pin="1"/><net_sink comp="174" pin=0"/></net>

<net id="510"><net_src comp="154" pin="3"/><net_sink comp="507" pin=0"/></net>

<net id="511"><net_src comp="507" pin="1"/><net_sink comp="180" pin=0"/></net>

<net id="515"><net_src comp="161" pin="3"/><net_sink comp="512" pin=0"/></net>

<net id="516"><net_src comp="512" pin="1"/><net_sink comp="186" pin=0"/></net>

<net id="520"><net_src comp="403" pin="2"/><net_sink comp="517" pin=0"/></net>

<net id="521"><net_src comp="517" pin="1"/><net_sink comp="425" pin=1"/></net>

<net id="525"><net_src comp="419" pin="2"/><net_sink comp="522" pin=0"/></net>

<net id="526"><net_src comp="522" pin="1"/><net_sink comp="436" pin=0"/></net>

</net_list>

</model> 
---------------- Datapath Model END ------------------

* FSMD analyzer results:
  - Output states:
	Port: gauss_out | {3 }
 - Input state : 
	Port: gaussian_blur_Pipeline_VITIS_LOOP_157_7 : lineBuffer | {1 2 }
	Port: gaussian_blur_Pipeline_VITIS_LOOP_157_7 : lineBuffer_1 | {1 2 }
	Port: gaussian_blur_Pipeline_VITIS_LOOP_157_7 : lineBuffer_2 | {1 2 }
	Port: gaussian_blur_Pipeline_VITIS_LOOP_157_7 : lineBuffer_3 | {1 2 }
	Port: gaussian_blur_Pipeline_VITIS_LOOP_157_7 : lineBuffer_4 | {1 2 }
	Port: gaussian_blur_Pipeline_VITIS_LOOP_157_7 : select_ln21 | {1 }
	Port: gaussian_blur_Pipeline_VITIS_LOOP_157_7 : select_ln21_1 | {1 }
	Port: gaussian_blur_Pipeline_VITIS_LOOP_157_7 : empty_46 | {1 }
	Port: gaussian_blur_Pipeline_VITIS_LOOP_157_7 : select_ln21_2 | {1 }
	Port: gaussian_blur_Pipeline_VITIS_LOOP_157_7 : empty | {1 }
  - Chain level:
	State 1
		store_ln157 : 1
		column : 1
		icmp_ln157 : 2
		add_ln157 : 2
		br_ln157 : 3
		zext_ln157 : 2
		lineBuffer_addr : 3
		banked : 4
		lineBuffer_1_addr : 3
		lineBuffer_2_addr : 3
		lineBuffer_3_addr : 3
		lineBuffer_4_addr : 3
		banked_11 : 4
		banked_12 : 4
		banked_13 : 4
		banked_14 : 4
		store_ln157 : 3
	State 2
		sum_1 : 1
		zext_ln178 : 2
		tmp_s : 1
		tmp_102 : 1
		tmp_103 : 1
		tmp_104 : 1
		zext_ln177 : 2
		p_shl : 2
		tmp_45 : 2
		zext_ln177_4 : 3
		sub_ln177 : 4
		tmp_109_cast : 2
		tmp_111_cast : 2
		tmp26 : 3
		add_ln177 : 3
		zext_ln177_3 : 4
		add_ln177_1 : 5
	State 3
		zext_ln177_1 : 1
		sum : 2
		p_0 : 3
		write_ln182 : 4


============================================================
+ Verbose Summary: Datapath Resource usage 
============================================================

* Functional unit list:
|----------|--------------------------------|---------|---------|
| Operation|         Functional Unit        |    FF   |   LUT   |
|----------|--------------------------------|---------|---------|
|          |          sum_1_fu_226          |    0    |    26   |
|          |          tmp_s_fu_257          |    0    |    26   |
| sparsemux|         tmp_102_fu_284         |    0    |    26   |
|          |         tmp_103_fu_311         |    0    |    26   |
|          |         tmp_104_fu_338         |    0    |    26   |
|----------|--------------------------------|---------|---------|
|          |        add_ln157_fu_206        |    0    |    17   |
|          |          tmp26_fu_403          |    0    |    19   |
|    add   |        add_ln177_fu_409        |    0    |    19   |
|          |       add_ln177_1_fu_419       |    0    |    16   |
|          |           sum_fu_439           |    0    |    22   |
|----------|--------------------------------|---------|---------|
|   icmp   |        icmp_ln157_fu_200       |    0    |    17   |
|----------|--------------------------------|---------|---------|
|    sub   |        sub_ln177_fu_389        |    0    |    16   |
|----------|--------------------------------|---------|---------|
|          |         tmp_read_fu_90         |    0    |    0    |
|          |  select_ln21_2_read_read_fu_96 |    0    |    0    |
|   read   |       tmp_44_read_fu_102       |    0    |    0    |
|          | select_ln21_1_read_read_fu_108 |    0    |    0    |
|          |  select_ln21_read_read_fu_114  |    0    |    0    |
|----------|--------------------------------|---------|---------|
|   write  |    write_ln182_write_fu_120    |    0    |    0    |
|----------|--------------------------------|---------|---------|
|          |        zext_ln157_fu_212       |    0    |    0    |
|          |        zext_ln178_fu_253       |    0    |    0    |
|          |        zext_ln177_fu_365       |    0    |    0    |
|          |       zext_ln177_4_fu_385      |    0    |    0    |
|   zext   |       tmp_109_cast_fu_395      |    0    |    0    |
|          |       tmp_111_cast_fu_399      |    0    |    0    |
|          |       zext_ln177_3_fu_415      |    0    |    0    |
|          |       zext_ln177_1_fu_432      |    0    |    0    |
|          |       zext_ln177_2_fu_436      |    0    |    0    |
|----------|--------------------------------|---------|---------|
|          |          p_shl_fu_369          |    0    |    0    |
|bitconcatenate|          tmp_45_fu_377         |    0    |    0    |
|          |           tmp3_fu_425          |    0    |    0    |
|----------|--------------------------------|---------|---------|
|partselect|           p_0_fu_445           |    0    |    0    |
|----------|--------------------------------|---------|---------|
|   Total  |                                |    0    |   256   |
|----------|--------------------------------|---------|---------|

Memories:
N/A

* Register list:
+--------------------------+--------+
|                          |   FF   |
+--------------------------+--------+
|    add_ln177_1_reg_522   |   15   |
|     column_13_reg_456    |   10   |
|    icmp_ln157_reg_488    |    1   |
| lineBuffer_1_addr_reg_497|   10   |
| lineBuffer_2_addr_reg_502|   10   |
| lineBuffer_3_addr_reg_507|   10   |
| lineBuffer_4_addr_reg_512|   10   |
|  lineBuffer_addr_reg_492 |   10   |
|select_ln21_1_read_reg_478|    3   |
|select_ln21_2_read_reg_468|    3   |
| select_ln21_read_reg_483 |    3   |
|       tmp26_reg_517      |   13   |
|      tmp_44_reg_473      |    3   |
|        tmp_reg_463       |    3   |
+--------------------------+--------+
|           Total          |   104  |
+--------------------------+--------+

* Multiplexer (MUX) list: 
|-------------------|------|------|------|--------||---------||---------||---------|
|        Comp       |  Pin | Size |  BW  | S x BW ||  Delay  ||    FF   ||   LUT   |
|-------------------|------|------|------|--------||---------||---------||---------|
| grp_access_fu_134 |  p0  |   2  |  10  |   20   ||    0    ||    9    |
| grp_access_fu_168 |  p0  |   2  |  10  |   20   ||    0    ||    9    |
| grp_access_fu_174 |  p0  |   2  |  10  |   20   ||    0    ||    9    |
| grp_access_fu_180 |  p0  |   2  |  10  |   20   ||    0    ||    9    |
| grp_access_fu_186 |  p0  |   2  |  10  |   20   ||    0    ||    9    |
|-------------------|------|------|------|--------||---------||---------||---------|
|       Total       |      |      |      |   100  ||  2.135  ||    0    ||    45   |
|-------------------|------|------|------|--------||---------||---------||---------|



* Summary:
+-----------+--------+--------+--------+
|           |  Delay |   FF   |   LUT  |
+-----------+--------+--------+--------+
|  Function |    -   |    0   |   256  |
|   Memory  |    -   |    -   |    -   |
|Multiplexer|    2   |    0   |   45   |
|  Register |    -   |   104  |    -   |
+-----------+--------+--------+--------+
|   Total   |    2   |   104  |   301  |
+-----------+--------+--------+--------+
