

================================================================
== Vitis HLS Report for 'gaussian_blur_Pipeline_VITIS_LOOP_46_1'
================================================================
* Date:           Fri Jul 24 16:27:48 2026

* Version:        2025.2 (Build 6295257 on Nov 14 2025)
* Project:        canny_top
* Solution:       hls (Vitis Kernel Flow Target)
* Product family: zynquplus
* Target device:  xck26-sfvc784-2LV-c


================================================================
== Performance Estimates
================================================================
+ Timing: 
    * Summary: 
    +--------+---------+----------+------------+
    |  Clock |  Target | Estimated| Uncertainty|
    +--------+---------+----------+------------+
    |ap_clk  |  5.00 ns|  2.474 ns|     1.35 ns|
    +--------+---------+----------+------------+

+ Latency: 
    * Summary: 
    +---------+---------+----------+----------+-----+-----+-------------------+
    |  Latency (cycles) |  Latency (absolute) |  Interval |      Pipeline     |
    |   min   |   max   |    min   |    max   | min | max |        Type       |
    +---------+---------+----------+----------+-----+-----+-------------------+
    |      514|      514|  2.570 us|  2.570 us|    0|    0|  loop pipeline stp|
    +---------+---------+----------+----------+-----+-----+-------------------+

    + Detail: 
        * Instance: 
        N/A

        * Loop: 
        +-------------------+---------+---------+----------+-----------+-----------+------+----------+
        |                   |  Latency (cycles) | Iteration|  Initiation Interval  | Trip |          |
        |     Loop Name     |   min   |   max   |  Latency |  achieved |   target  | Count| Pipelined|
        +-------------------+---------+---------+----------+-----------+-----------+------+----------+
        |- VITIS_LOOP_46_1  |      512|      512|         2|          1|          1|   512|       yes|
        +-------------------+---------+---------+----------+-----------+-----------+------+----------+

============================================================
+ Verbose Summary: Synthesis Manager
============================================================
InlineROM: 1
ExposeGlobal: 0
============================================================
+ Verbose Summary: CDFG Model
============================================================
IsTopModel: 0
ResetActiveHigh: 1
IsCombinational: 0
IsDatapathOnly: 0
HasWiredReturn: 1
HasMFsm: 2
HasVarLatency: 1
IsPipeline: 0
IsRtlPipelined: 0
IsInstanceOverlapped: 0
IsDontTouch: 0
HasImplIP: 0
IsGatedGlobalClock: 0

+ Individual pipeline summary: 
  * Pipeline-0: initiation interval (II) = 1, depth = 2


============================================================
+ Verbose Summary: Schedule
============================================================
* Number of FSM states : 2
* Pipeline : 1
  Pipeline-0 : II = 1, D = 2, States = { 1 2 }
* Dataflow Pipeline: 0

* FSM state transitions: 
1 --> 2 
2 --> 

* FSM state operations: 

State 1 <SV = 0> <Delay = 2.45>
ST_1 : Operation 5 [1/1] (0.00ns)   --->   "%column = alloca i32 1" [../src/gaussian_blur.cpp:46]   --->   Operation 5 'alloca' 'column' <Predicate = true> <Delay = 0.00>
ST_1 : Operation 6 [1/1] (0.00ns)   --->   "%tmp = read i3 @_ssdm_op_Read.ap_auto.i3, i3 %empty"   --->   Operation 6 'read' 'tmp' <Predicate = true> <Delay = 0.00>
ST_1 : Operation 7 [1/1] (0.42ns)   --->   "%store_ln46 = store i10 0, i10 %column" [../src/gaussian_blur.cpp:46]   --->   Operation 7 'store' 'store_ln46' <Predicate = true> <Delay = 0.42>
ST_1 : Operation 8 [1/1] (0.00ns)   --->   "%br_ln0 = br void %for.inc"   --->   Operation 8 'br' 'br_ln0' <Predicate = true> <Delay = 0.00>
ST_1 : Operation 9 [1/1] (0.00ns)   --->   "%column_10 = load i10 %column" [../src/gaussian_blur.cpp:46]   --->   Operation 9 'load' 'column_10' <Predicate = true> <Delay = 0.00>
ST_1 : Operation 10 [1/1] (0.78ns)   --->   "%icmp_ln46 = icmp_eq  i10 %column_10, i10 512" [../src/gaussian_blur.cpp:46]   --->   Operation 10 'icmp' 'icmp_ln46' <Predicate = true> <Delay = 0.78> <CoreInst = "Cmp">   --->   Core 9 'Cmp' <Latency = 0> <II = 1> <Delay = 0.78> <FuncUnit> <Opcode : 'seteq' 'setne' 'setle' 'setge' 'setlt' 'setgt'> <InPorts = 2> <OutPorts = 1>
ST_1 : Operation 11 [1/1] (0.78ns)   --->   "%add_ln46 = add i10 %column_10, i10 1" [../src/gaussian_blur.cpp:46]   --->   Operation 11 'add' 'add_ln46' <Predicate = true> <Delay = 0.78> <CoreInst = "Adder">   --->   Core 1 'Adder' <Latency = 0> <II = 1> <Delay = 0.78> <FuncUnit> <Opcode : 'add' 'sub'> <InPorts = 2> <OutPorts = 1>
ST_1 : Operation 12 [1/1] (0.00ns)   --->   "%br_ln46 = br i1 %icmp_ln46, void %for.inc.split, void %for.end.exitStub" [../src/gaussian_blur.cpp:46]   --->   Operation 12 'br' 'br_ln46' <Predicate = true> <Delay = 0.00>
ST_1 : Operation 13 [1/1] (0.00ns)   --->   "%zext_ln46 = zext i10 %column_10" [../src/gaussian_blur.cpp:46]   --->   Operation 13 'zext' 'zext_ln46' <Predicate = (!icmp_ln46)> <Delay = 0.00>
ST_1 : Operation 14 [1/1] (0.00ns)   --->   "%trunc_ln46 = trunc i10 %column_10" [../src/gaussian_blur.cpp:46]   --->   Operation 14 'trunc' 'trunc_ln46' <Predicate = (!icmp_ln46)> <Delay = 0.00>
ST_1 : Operation 15 [1/1] (0.00ns)   --->   "%lshr_ln = partselect i8 @_ssdm_op_PartSelect.i8.i10.i32.i32, i10 %column_10, i32 1, i32 8" [../src/gaussian_blur.cpp:46]   --->   Operation 15 'partselect' 'lshr_ln' <Predicate = (!icmp_ln46)> <Delay = 0.00>
ST_1 : Operation 16 [1/1] (0.00ns)   --->   "%input_addr = getelementptr i8 %input_r, i64 0, i64 %zext_ln46" [../src/gaussian_blur.cpp:47]   --->   Operation 16 'getelementptr' 'input_addr' <Predicate = (!icmp_ln46)> <Delay = 0.00>
ST_1 : Operation 17 [2/2] (1.23ns)   --->   "%input_load = load i9 %input_addr" [../src/gaussian_blur.cpp:47]   --->   Operation 17 'load' 'input_load' <Predicate = (!icmp_ln46)> <Delay = 1.23> <CoreInst = "RAM">   --->   Core 82 'RAM' <Latency = 1> <II = 1> <Delay = 1.23> <Storage> <Opcode : 'load' 'store'> <Ports = 2> <Width = 8> <Depth = 512> <RAM>
ST_1 : Operation 18 [1/1] (0.00ns)   --->   "%br_ln47 = br i1 %trunc_ln46, void %arrayidx44.case.0, void %arrayidx44.case.1" [../src/gaussian_blur.cpp:47]   --->   Operation 18 'br' 'br_ln47' <Predicate = (!icmp_ln46)> <Delay = 0.00>
ST_1 : Operation 19 [1/1] (0.00ns)   --->   "%output_addr = getelementptr i8 %output_r, i64 0, i64 %zext_ln46" [../src/gaussian_blur.cpp:48]   --->   Operation 19 'getelementptr' 'output_addr' <Predicate = (!icmp_ln46)> <Delay = 0.00>
ST_1 : Operation 20 [1/1] ( I:1.23ns O:1.23ns )   --->   "%store_ln48 = store i8 0, i9 %output_addr" [../src/gaussian_blur.cpp:48]   --->   Operation 20 'store' 'store_ln48' <Predicate = (!icmp_ln46)> <Delay = 1.23> <CoreInst = "RAM">   --->   Core 82 'RAM' <Latency = 1> <II = 1> <Delay = 1.23> <Storage> <Opcode : 'load' 'store'> <Ports = 2> <Width = 8> <Depth = 512> <RAM>
ST_1 : Operation 21 [1/1] (0.42ns)   --->   "%store_ln46 = store i10 %add_ln46, i10 %column" [../src/gaussian_blur.cpp:46]   --->   Operation 21 'store' 'store_ln46' <Predicate = (!icmp_ln46)> <Delay = 0.42>
ST_1 : Operation 22 [1/1] (0.00ns)   --->   "%br_ln46 = br void %for.inc" [../src/gaussian_blur.cpp:46]   --->   Operation 22 'br' 'br_ln46' <Predicate = (!icmp_ln46)> <Delay = 0.00>
ST_1 : Operation 35 [1/1] (0.42ns)   --->   "%ret_ln0 = ret"   --->   Operation 35 'ret' 'ret_ln0' <Predicate = (icmp_ln46)> <Delay = 0.42>

State 2 <SV = 1> <Delay = 2.47>
ST_2 : Operation 23 [1/1] (0.00ns)   --->   "%specpipeline_ln46 = specpipeline void @_ssdm_op_SpecPipeline, i32 4294967295, i32 0, i32 0, i32 0, i32 4294967295, void @empty_10" [../src/gaussian_blur.cpp:46]   --->   Operation 23 'specpipeline' 'specpipeline_ln46' <Predicate = true> <Delay = 0.00>
ST_2 : Operation 24 [1/1] (0.00ns)   --->   "%speclooptripcount_ln46 = speclooptripcount void @_ssdm_op_SpecLoopTripCount, i64 512, i64 512, i64 512" [../src/gaussian_blur.cpp:46]   --->   Operation 24 'speclooptripcount' 'speclooptripcount_ln46' <Predicate = true> <Delay = 0.00>
ST_2 : Operation 25 [1/1] (0.00ns)   --->   "%specloopname_ln46 = specloopname void @_ssdm_op_SpecLoopName, void @empty_12" [../src/gaussian_blur.cpp:46]   --->   Operation 25 'specloopname' 'specloopname_ln46' <Predicate = true> <Delay = 0.00>
ST_2 : Operation 26 [1/1] (0.00ns)   --->   "%tmp_s = bitconcatenate i11 @_ssdm_op_BitConcatenate.i11.i3.i8, i3 %tmp, i8 %lshr_ln" [../src/gaussian_blur.cpp:47]   --->   Operation 26 'bitconcatenate' 'tmp_s' <Predicate = true> <Delay = 0.00>
ST_2 : Operation 27 [1/1] (0.00ns)   --->   "%zext_ln47 = zext i11 %tmp_s" [../src/gaussian_blur.cpp:47]   --->   Operation 27 'zext' 'zext_ln47' <Predicate = true> <Delay = 0.00>
ST_2 : Operation 28 [1/1] (0.00ns)   --->   "%p_ZN12_GLOBAL_N_110lineBufferE_0_addr = getelementptr i8 %p_ZN12_GLOBAL_N_110lineBufferE_0, i64 0, i64 %zext_ln47" [../src/gaussian_blur.cpp:47]   --->   Operation 28 'getelementptr' 'p_ZN12_GLOBAL_N_110lineBufferE_0_addr' <Predicate = true> <Delay = 0.00>
ST_2 : Operation 29 [1/1] (0.00ns)   --->   "%p_ZN12_GLOBAL_N_110lineBufferE_1_addr = getelementptr i8 %p_ZN12_GLOBAL_N_110lineBufferE_1, i64 0, i64 %zext_ln47" [../src/gaussian_blur.cpp:47]   --->   Operation 29 'getelementptr' 'p_ZN12_GLOBAL_N_110lineBufferE_1_addr' <Predicate = true> <Delay = 0.00>
ST_2 : Operation 30 [1/2] ( I:1.23ns O:1.23ns )   --->   "%input_load = load i9 %input_addr" [../src/gaussian_blur.cpp:47]   --->   Operation 30 'load' 'input_load' <Predicate = true> <Delay = 1.23> <CoreInst = "RAM">   --->   Core 82 'RAM' <Latency = 1> <II = 1> <Delay = 1.23> <Storage> <Opcode : 'load' 'store'> <Ports = 2> <Width = 8> <Depth = 512> <RAM>
ST_2 : Operation 31 [1/1] ( I:1.23ns O:1.23ns )   --->   "%store_ln47 = store i8 %input_load, i11 %p_ZN12_GLOBAL_N_110lineBufferE_0_addr" [../src/gaussian_blur.cpp:47]   --->   Operation 31 'store' 'store_ln47' <Predicate = (!trunc_ln46)> <Delay = 1.23> <CoreInst = "RAM">   --->   Core 82 'RAM' <Latency = 1> <II = 1> <Delay = 1.23> <Storage> <Opcode : 'load' 'store'> <Ports = 2> <Width = 8> <Depth = 1280> <RAM>
ST_2 : Operation 32 [1/1] (0.00ns)   --->   "%br_ln47 = br void %arrayidx44.exit" [../src/gaussian_blur.cpp:47]   --->   Operation 32 'br' 'br_ln47' <Predicate = (!trunc_ln46)> <Delay = 0.00>
ST_2 : Operation 33 [1/1] ( I:1.23ns O:1.23ns )   --->   "%store_ln47 = store i8 %input_load, i11 %p_ZN12_GLOBAL_N_110lineBufferE_1_addr" [../src/gaussian_blur.cpp:47]   --->   Operation 33 'store' 'store_ln47' <Predicate = (trunc_ln46)> <Delay = 1.23> <CoreInst = "RAM">   --->   Core 82 'RAM' <Latency = 1> <II = 1> <Delay = 1.23> <Storage> <Opcode : 'load' 'store'> <Ports = 2> <Width = 8> <Depth = 1280> <RAM>
ST_2 : Operation 34 [1/1] (0.00ns)   --->   "%br_ln47 = br void %arrayidx44.exit" [../src/gaussian_blur.cpp:47]   --->   Operation 34 'br' 'br_ln47' <Predicate = (trunc_ln46)> <Delay = 0.00>


============================================================
+ Verbose Summary: Binding
============================================================
STG Binding: 
---------------- STG Properties BEGIN ----------------
- Is combinational: 0
- Is one-state seq: 0
- Is datapath-only: 0
- Is pipelined: 0
- Is top level: 0
Port [ Return ] is wired: 1; IO mode=ap_ctrl_hs:ce=0
Port [ output_r]:  wired=1; compound=1; hidden=0; nouse=0; global=0; static=0; extern=0; dir=1; type=1; pingpong=1; private_global=0; MemPort=[03]; IO mode=ap_memory:ce=0
Port [ empty]:  wired=1; compound=0; hidden=0; nouse=0; global=0; static=0; extern=0; dir=0; type=0; pingpong=0; private_global=0; IO mode=ap_none:ce=0
Port [ input_r]:  wired=1; compound=1; hidden=0; nouse=0; global=0; static=0; extern=0; dir=0; type=1; pingpong=1; private_global=0; MemPort=[13]; IO mode=ap_memory:ce=0
Port [ p_ZN12_GLOBAL_N_110lineBufferE_0]:  wired=1; compound=1; hidden=0; nouse=0; global=1; static=1; extern=0; dir=1; type=1; pingpong=0; private_global=0; MemPort=[03]; IO mode=ap_memory:ce=0
Port [ p_ZN12_GLOBAL_N_110lineBufferE_1]:  wired=1; compound=1; hidden=0; nouse=0; global=1; static=1; extern=0; dir=1; type=1; pingpong=0; private_global=0; MemPort=[03]; IO mode=ap_memory:ce=0
---------------- STG Properties END ------------------

---------------- Datapath Model BEGIN ----------------

<LifeTime>
<method=bitvector/>
column                                (alloca           ) [ 010]
tmp                                   (read             ) [ 011]
store_ln46                            (store            ) [ 000]
br_ln0                                (br               ) [ 000]
column_10                             (load             ) [ 000]
icmp_ln46                             (icmp             ) [ 010]
add_ln46                              (add              ) [ 000]
br_ln46                               (br               ) [ 000]
zext_ln46                             (zext             ) [ 000]
trunc_ln46                            (trunc            ) [ 011]
lshr_ln                               (partselect       ) [ 011]
input_addr                            (getelementptr    ) [ 011]
br_ln47                               (br               ) [ 000]
output_addr                           (getelementptr    ) [ 000]
store_ln48                            (store            ) [ 000]
store_ln46                            (store            ) [ 000]
br_ln46                               (br               ) [ 000]
specpipeline_ln46                     (specpipeline     ) [ 000]
speclooptripcount_ln46                (speclooptripcount) [ 000]
specloopname_ln46                     (specloopname     ) [ 000]
tmp_s                                 (bitconcatenate   ) [ 000]
zext_ln47                             (zext             ) [ 000]
p_ZN12_GLOBAL_N_110lineBufferE_0_addr (getelementptr    ) [ 000]
p_ZN12_GLOBAL_N_110lineBufferE_1_addr (getelementptr    ) [ 000]
input_load                            (load             ) [ 000]
store_ln47                            (store            ) [ 000]
br_ln47                               (br               ) [ 000]
store_ln47                            (store            ) [ 000]
br_ln47                               (br               ) [ 000]
ret_ln0                               (ret              ) [ 000]
</LifeTime>

<model>

<comp_list>
<comp id="0" class="1000" name="output_r">
<pin_list>
<pin id="1" dir="1" index="0" bw="1" slack="0"/>
</pin_list>
<bind>
<StgValue><ssdm name="output_r"/><MemPortTyVec>0 3 </MemPortTyVec>
</StgValue>
</bind>
</comp>

<comp id="2" class="1000" name="empty">
<pin_list>
<pin id="3" dir="1" index="0" bw="1" slack="0"/>
</pin_list>
<bind>
<StgValue><ssdm name="empty"/></StgValue>
</bind>
</comp>

<comp id="4" class="1000" name="input_r">
<pin_list>
<pin id="5" dir="1" index="0" bw="1" slack="0"/>
</pin_list>
<bind>
<StgValue><ssdm name="input_r"/><MemPortTyVec>1 3 </MemPortTyVec>
</StgValue>
</bind>
</comp>

<comp id="6" class="1000" name="p_ZN12_GLOBAL_N_110lineBufferE_0">
<pin_list>
<pin id="7" dir="1" index="0" bw="1" slack="0"/>
</pin_list>
<bind>
<StgValue><ssdm name="p_ZN12_GLOBAL_N_110lineBufferE_0"/><MemPortTyVec>0 3 </MemPortTyVec>
</StgValue>
</bind>
</comp>

<comp id="8" class="1000" name="p_ZN12_GLOBAL_N_110lineBufferE_1">
<pin_list>
<pin id="9" dir="1" index="0" bw="1" slack="0"/>
</pin_list>
<bind>
<StgValue><ssdm name="p_ZN12_GLOBAL_N_110lineBufferE_1"/><MemPortTyVec>0 3 </MemPortTyVec>
</StgValue>
</bind>
</comp>

<comp id="10" class="1001" name="const_10">
<pin_list>
<pin id="11" dir="1" index="0" bw="1" slack="0"/>
</pin_list>
<bind>
<StgValue><ssdm name=""/></StgValue>
</bind>
</comp>

<comp id="12" class="1001" name="const_12">
<pin_list>
<pin id="13" dir="1" index="0" bw="1" slack="0"/>
</pin_list>
<bind>
<StgValue><ssdm name="_ssdm_op_Read.ap_auto.i3"/></StgValue>
</bind>
</comp>

<comp id="14" class="1001" name="const_14">
<pin_list>
<pin id="15" dir="1" index="0" bw="1" slack="0"/>
</pin_list>
<bind>
<StgValue><ssdm name=""/></StgValue>
</bind>
</comp>

<comp id="16" class="1001" name="const_16">
<pin_list>
<pin id="17" dir="1" index="0" bw="1" slack="0"/>
</pin_list>
<bind>
<StgValue><ssdm name=""/></StgValue>
</bind>
</comp>

<comp id="18" class="1001" name="const_18">
<pin_list>
<pin id="19" dir="1" index="0" bw="1" slack="0"/>
</pin_list>
<bind>
<StgValue><ssdm name=""/></StgValue>
</bind>
</comp>

<comp id="20" class="1001" name="const_20">
<pin_list>
<pin id="21" dir="1" index="0" bw="1" slack="0"/>
</pin_list>
<bind>
<StgValue><ssdm name="_ssdm_op_PartSelect.i8.i10.i32.i32"/></StgValue>
</bind>
</comp>

<comp id="22" class="1001" name="const_22">
<pin_list>
<pin id="23" dir="1" index="0" bw="1" slack="0"/>
</pin_list>
<bind>
<StgValue><ssdm name=""/></StgValue>
</bind>
</comp>

<comp id="24" class="1001" name="const_24">
<pin_list>
<pin id="25" dir="1" index="0" bw="1" slack="0"/>
</pin_list>
<bind>
<StgValue><ssdm name=""/></StgValue>
</bind>
</comp>

<comp id="26" class="1001" name="const_26">
<pin_list>
<pin id="27" dir="1" index="0" bw="1" slack="0"/>
</pin_list>
<bind>
<StgValue><ssdm name=""/></StgValue>
</bind>
</comp>

<comp id="28" class="1001" name="const_28">
<pin_list>
<pin id="29" dir="1" index="0" bw="1" slack="2147483647"/>
</pin_list>
<bind>
<StgValue><ssdm name="_ssdm_op_SpecPipeline"/></StgValue>
</bind>
</comp>

<comp id="30" class="1001" name="const_30">
<pin_list>
<pin id="31" dir="1" index="0" bw="1" slack="2147483647"/>
</pin_list>
<bind>
<StgValue><ssdm name=""/></StgValue>
</bind>
</comp>

<comp id="32" class="1001" name="const_32">
<pin_list>
<pin id="33" dir="1" index="0" bw="1" slack="2147483647"/>
</pin_list>
<bind>
<StgValue><ssdm name=""/></StgValue>
</bind>
</comp>

<comp id="34" class="1001" name="const_34">
<pin_list>
<pin id="35" dir="1" index="0" bw="1" slack="2147483647"/>
</pin_list>
<bind>
<StgValue><ssdm name="empty_10"/></StgValue>
</bind>
</comp>

<comp id="36" class="1001" name="const_36">
<pin_list>
<pin id="37" dir="1" index="0" bw="1" slack="2147483647"/>
</pin_list>
<bind>
<StgValue><ssdm name="_ssdm_op_SpecLoopTripCount"/></StgValue>
</bind>
</comp>

<comp id="38" class="1001" name="const_38">
<pin_list>
<pin id="39" dir="1" index="0" bw="1" slack="2147483647"/>
</pin_list>
<bind>
<StgValue><ssdm name=""/></StgValue>
</bind>
</comp>

<comp id="40" class="1001" name="const_40">
<pin_list>
<pin id="41" dir="1" index="0" bw="1" slack="2147483647"/>
</pin_list>
<bind>
<StgValue><ssdm name="_ssdm_op_SpecLoopName"/></StgValue>
</bind>
</comp>

<comp id="42" class="1001" name="const_42">
<pin_list>
<pin id="43" dir="1" index="0" bw="1" slack="2147483647"/>
</pin_list>
<bind>
<StgValue><ssdm name="empty_12"/></StgValue>
</bind>
</comp>

<comp id="44" class="1001" name="const_44">
<pin_list>
<pin id="45" dir="1" index="0" bw="1" slack="0"/>
</pin_list>
<bind>
<StgValue><ssdm name="_ssdm_op_BitConcatenate.i11.i3.i8"/></StgValue>
</bind>
</comp>

<comp id="46" class="1004" name="column_fu_46">
<pin_list>
<pin id="47" dir="0" index="0" bw="1" slack="0"/>
<pin id="48" dir="1" index="1" bw="10" slack="0"/>
</pin_list>
<bind>
<opcode="alloca(26) " fcode="alloca"/>
<opset="column/1 "/>
</bind>
</comp>

<comp id="50" class="1004" name="tmp_read_fu_50">
<pin_list>
<pin id="51" dir="0" index="0" bw="3" slack="0"/>
<pin id="52" dir="0" index="1" bw="3" slack="0"/>
<pin id="53" dir="1" index="2" bw="3" slack="1"/>
</pin_list>
<bind>
<opcode="read(1150) " fcode="read"/>
<opset="tmp/1 "/>
</bind>
</comp>

<comp id="56" class="1004" name="input_addr_gep_fu_56">
<pin_list>
<pin id="57" dir="0" index="0" bw="8" slack="0"/>
<pin id="58" dir="0" index="1" bw="1" slack="0"/>
<pin id="59" dir="0" index="2" bw="10" slack="0"/>
<pin id="60" dir="1" index="3" bw="9" slack="0"/>
</pin_list>
<bind>
<opcode="getelementptr(29) " fcode="getelementptr"/>
<opset="input_addr/1 "/>
</bind>
</comp>

<comp id="63" class="1004" name="grp_access_fu_63">
<pin_list>
<pin id="64" dir="0" index="0" bw="9" slack="0"/>
<pin id="65" dir="0" index="1" bw="8" slack="2147483647"/>
<pin id="66" dir="0" index="2" bw="0" slack="2147483647"/>
<pin id="67" dir="1" index="3" bw="8" slack="0"/>
</pin_list>
<bind>
<opcode="load(27) " fcode="load"/>
<opset="input_load/1 "/>
</bind>
</comp>

<comp id="69" class="1004" name="output_addr_gep_fu_69">
<pin_list>
<pin id="70" dir="0" index="0" bw="8" slack="0"/>
<pin id="71" dir="0" index="1" bw="1" slack="0"/>
<pin id="72" dir="0" index="2" bw="10" slack="0"/>
<pin id="73" dir="1" index="3" bw="9" slack="0"/>
</pin_list>
<bind>
<opcode="getelementptr(29) " fcode="getelementptr"/>
<opset="output_addr/1 "/>
</bind>
</comp>

<comp id="76" class="1004" name="store_ln48_access_fu_76">
<pin_list>
<pin id="77" dir="0" index="0" bw="9" slack="0"/>
<pin id="78" dir="0" index="1" bw="8" slack="0"/>
<pin id="79" dir="0" index="2" bw="0" slack="2147483647"/>
<pin id="80" dir="1" index="3" bw="8" slack="2147483647"/>
</pin_list>
<bind>
<opcode="store(28) " fcode="store"/>
<opset="store_ln48/1 "/>
</bind>
</comp>

<comp id="83" class="1004" name="p_ZN12_GLOBAL_N_110lineBufferE_0_addr_gep_fu_83">
<pin_list>
<pin id="84" dir="0" index="0" bw="8" slack="0"/>
<pin id="85" dir="0" index="1" bw="1" slack="0"/>
<pin id="86" dir="0" index="2" bw="11" slack="0"/>
<pin id="87" dir="1" index="3" bw="11" slack="0"/>
</pin_list>
<bind>
<opcode="getelementptr(29) " fcode="getelementptr"/>
<opset="p_ZN12_GLOBAL_N_110lineBufferE_0_addr/2 "/>
</bind>
</comp>

<comp id="90" class="1004" name="p_ZN12_GLOBAL_N_110lineBufferE_1_addr_gep_fu_90">
<pin_list>
<pin id="91" dir="0" index="0" bw="8" slack="0"/>
<pin id="92" dir="0" index="1" bw="1" slack="0"/>
<pin id="93" dir="0" index="2" bw="11" slack="0"/>
<pin id="94" dir="1" index="3" bw="11" slack="0"/>
</pin_list>
<bind>
<opcode="getelementptr(29) " fcode="getelementptr"/>
<opset="p_ZN12_GLOBAL_N_110lineBufferE_1_addr/2 "/>
</bind>
</comp>

<comp id="97" class="1004" name="store_ln47_access_fu_97">
<pin_list>
<pin id="98" dir="0" index="0" bw="11" slack="0"/>
<pin id="99" dir="0" index="1" bw="8" slack="0"/>
<pin id="100" dir="0" index="2" bw="0" slack="2147483647"/>
<pin id="101" dir="1" index="3" bw="8" slack="2147483647"/>
</pin_list>
<bind>
<opcode="store(28) " fcode="store"/>
<opset="store_ln47/2 "/>
</bind>
</comp>

<comp id="104" class="1004" name="store_ln47_access_fu_104">
<pin_list>
<pin id="105" dir="0" index="0" bw="11" slack="0"/>
<pin id="106" dir="0" index="1" bw="8" slack="0"/>
<pin id="107" dir="0" index="2" bw="0" slack="2147483647"/>
<pin id="108" dir="1" index="3" bw="8" slack="2147483647"/>
</pin_list>
<bind>
<opcode="store(28) " fcode="store"/>
<opset="store_ln47/2 "/>
</bind>
</comp>

<comp id="111" class="1004" name="store_ln46_store_fu_111">
<pin_list>
<pin id="112" dir="0" index="0" bw="1" slack="0"/>
<pin id="113" dir="0" index="1" bw="10" slack="0"/>
<pin id="114" dir="1" index="2" bw="0" slack="2147483647"/>
</pin_list>
<bind>
<opcode="store(28) " fcode="store"/>
<opset="store_ln46/1 "/>
</bind>
</comp>

<comp id="116" class="1004" name="column_10_load_fu_116">
<pin_list>
<pin id="117" dir="0" index="0" bw="10" slack="0"/>
<pin id="118" dir="1" index="1" bw="10" slack="0"/>
</pin_list>
<bind>
<opcode="load(27) " fcode="load"/>
<opset="column_10/1 "/>
</bind>
</comp>

<comp id="119" class="1004" name="icmp_ln46_fu_119">
<pin_list>
<pin id="120" dir="0" index="0" bw="10" slack="0"/>
<pin id="121" dir="0" index="1" bw="10" slack="0"/>
<pin id="122" dir="1" index="2" bw="1" slack="2147483647"/>
</pin_list>
<bind>
<opcode="icmp(45) " fcode="icmp"/>
<opset="icmp_ln46/1 "/>
</bind>
</comp>

<comp id="125" class="1004" name="add_ln46_fu_125">
<pin_list>
<pin id="126" dir="0" index="0" bw="10" slack="0"/>
<pin id="127" dir="0" index="1" bw="1" slack="0"/>
<pin id="128" dir="1" index="2" bw="10" slack="0"/>
</pin_list>
<bind>
<opcode="add(8) " fcode="add"/>
<opset="add_ln46/1 "/>
</bind>
</comp>

<comp id="131" class="1004" name="zext_ln46_fu_131">
<pin_list>
<pin id="132" dir="0" index="0" bw="10" slack="0"/>
<pin id="133" dir="1" index="1" bw="64" slack="0"/>
</pin_list>
<bind>
<opcode="zext(34) " fcode="zext"/>
<opset="zext_ln46/1 "/>
</bind>
</comp>

<comp id="137" class="1004" name="trunc_ln46_fu_137">
<pin_list>
<pin id="138" dir="0" index="0" bw="10" slack="0"/>
<pin id="139" dir="1" index="1" bw="1" slack="1"/>
</pin_list>
<bind>
<opcode="trunc(33) " fcode="trunc"/>
<opset="trunc_ln46/1 "/>
</bind>
</comp>

<comp id="141" class="1004" name="lshr_ln_fu_141">
<pin_list>
<pin id="142" dir="0" index="0" bw="8" slack="0"/>
<pin id="143" dir="0" index="1" bw="10" slack="0"/>
<pin id="144" dir="0" index="2" bw="1" slack="0"/>
<pin id="145" dir="0" index="3" bw="5" slack="0"/>
<pin id="146" dir="1" index="4" bw="8" slack="1"/>
</pin_list>
<bind>
<opcode="partselect(1002) " fcode="partselect"/>
<opset="lshr_ln/1 "/>
</bind>
</comp>

<comp id="151" class="1004" name="store_ln46_store_fu_151">
<pin_list>
<pin id="152" dir="0" index="0" bw="10" slack="0"/>
<pin id="153" dir="0" index="1" bw="10" slack="0"/>
<pin id="154" dir="1" index="2" bw="0" slack="2147483647"/>
</pin_list>
<bind>
<opcode="store(28) " fcode="store"/>
<opset="store_ln46/1 "/>
</bind>
</comp>

<comp id="156" class="1004" name="tmp_s_fu_156">
<pin_list>
<pin id="157" dir="0" index="0" bw="11" slack="0"/>
<pin id="158" dir="0" index="1" bw="3" slack="1"/>
<pin id="159" dir="0" index="2" bw="8" slack="1"/>
<pin id="160" dir="1" index="3" bw="11" slack="0"/>
</pin_list>
<bind>
<opcode="bitconcatenate(1004) " fcode="bitconcatenate"/>
<opset="tmp_s/2 "/>
</bind>
</comp>

<comp id="162" class="1004" name="zext_ln47_fu_162">
<pin_list>
<pin id="163" dir="0" index="0" bw="11" slack="0"/>
<pin id="164" dir="1" index="1" bw="64" slack="0"/>
</pin_list>
<bind>
<opcode="zext(34) " fcode="zext"/>
<opset="zext_ln47/2 "/>
</bind>
</comp>

<comp id="168" class="1005" name="column_reg_168">
<pin_list>
<pin id="169" dir="0" index="0" bw="10" slack="0"/>
<pin id="170" dir="1" index="1" bw="10" slack="0"/>
</pin_list>
<bind>
<opset="column "/>
</bind>
</comp>

<comp id="175" class="1005" name="tmp_reg_175">
<pin_list>
<pin id="176" dir="0" index="0" bw="3" slack="1"/>
<pin id="177" dir="1" index="1" bw="3" slack="1"/>
</pin_list>
<bind>
<opset="tmp "/>
</bind>
</comp>

<comp id="183" class="1005" name="trunc_ln46_reg_183">
<pin_list>
<pin id="184" dir="0" index="0" bw="1" slack="1"/>
<pin id="185" dir="1" index="1" bw="1" slack="2147483647"/>
</pin_list>
<bind>
<opset="trunc_ln46 "/>
</bind>
</comp>

<comp id="187" class="1005" name="lshr_ln_reg_187">
<pin_list>
<pin id="188" dir="0" index="0" bw="8" slack="1"/>
<pin id="189" dir="1" index="1" bw="8" slack="1"/>
</pin_list>
<bind>
<opset="lshr_ln "/>
</bind>
</comp>

<comp id="192" class="1005" name="input_addr_reg_192">
<pin_list>
<pin id="193" dir="0" index="0" bw="9" slack="1"/>
<pin id="194" dir="1" index="1" bw="9" slack="1"/>
</pin_list>
<bind>
<opset="input_addr "/>
</bind>
</comp>

</comp_list>

<net_list>
<net id="49"><net_src comp="10" pin="0"/><net_sink comp="46" pin=0"/></net>

<net id="54"><net_src comp="12" pin="0"/><net_sink comp="50" pin=0"/></net>

<net id="55"><net_src comp="2" pin="0"/><net_sink comp="50" pin=1"/></net>

<net id="61"><net_src comp="4" pin="0"/><net_sink comp="56" pin=0"/></net>

<net id="62"><net_src comp="24" pin="0"/><net_sink comp="56" pin=1"/></net>

<net id="68"><net_src comp="56" pin="3"/><net_sink comp="63" pin=0"/></net>

<net id="74"><net_src comp="0" pin="0"/><net_sink comp="69" pin=0"/></net>

<net id="75"><net_src comp="24" pin="0"/><net_sink comp="69" pin=1"/></net>

<net id="81"><net_src comp="26" pin="0"/><net_sink comp="76" pin=1"/></net>

<net id="82"><net_src comp="69" pin="3"/><net_sink comp="76" pin=0"/></net>

<net id="88"><net_src comp="6" pin="0"/><net_sink comp="83" pin=0"/></net>

<net id="89"><net_src comp="24" pin="0"/><net_sink comp="83" pin=1"/></net>

<net id="95"><net_src comp="8" pin="0"/><net_sink comp="90" pin=0"/></net>

<net id="96"><net_src comp="24" pin="0"/><net_sink comp="90" pin=1"/></net>

<net id="102"><net_src comp="63" pin="3"/><net_sink comp="97" pin=1"/></net>

<net id="103"><net_src comp="83" pin="3"/><net_sink comp="97" pin=0"/></net>

<net id="109"><net_src comp="63" pin="3"/><net_sink comp="104" pin=1"/></net>

<net id="110"><net_src comp="90" pin="3"/><net_sink comp="104" pin=0"/></net>

<net id="115"><net_src comp="14" pin="0"/><net_sink comp="111" pin=0"/></net>

<net id="123"><net_src comp="116" pin="1"/><net_sink comp="119" pin=0"/></net>

<net id="124"><net_src comp="16" pin="0"/><net_sink comp="119" pin=1"/></net>

<net id="129"><net_src comp="116" pin="1"/><net_sink comp="125" pin=0"/></net>

<net id="130"><net_src comp="18" pin="0"/><net_sink comp="125" pin=1"/></net>

<net id="134"><net_src comp="116" pin="1"/><net_sink comp="131" pin=0"/></net>

<net id="135"><net_src comp="131" pin="1"/><net_sink comp="56" pin=2"/></net>

<net id="136"><net_src comp="131" pin="1"/><net_sink comp="69" pin=2"/></net>

<net id="140"><net_src comp="116" pin="1"/><net_sink comp="137" pin=0"/></net>

<net id="147"><net_src comp="20" pin="0"/><net_sink comp="141" pin=0"/></net>

<net id="148"><net_src comp="116" pin="1"/><net_sink comp="141" pin=1"/></net>

<net id="149"><net_src comp="10" pin="0"/><net_sink comp="141" pin=2"/></net>

<net id="150"><net_src comp="22" pin="0"/><net_sink comp="141" pin=3"/></net>

<net id="155"><net_src comp="125" pin="2"/><net_sink comp="151" pin=0"/></net>

<net id="161"><net_src comp="44" pin="0"/><net_sink comp="156" pin=0"/></net>

<net id="165"><net_src comp="156" pin="3"/><net_sink comp="162" pin=0"/></net>

<net id="166"><net_src comp="162" pin="1"/><net_sink comp="83" pin=2"/></net>

<net id="167"><net_src comp="162" pin="1"/><net_sink comp="90" pin=2"/></net>

<net id="171"><net_src comp="46" pin="1"/><net_sink comp="168" pin=0"/></net>

<net id="172"><net_src comp="168" pin="1"/><net_sink comp="111" pin=1"/></net>

<net id="173"><net_src comp="168" pin="1"/><net_sink comp="116" pin=0"/></net>

<net id="174"><net_src comp="168" pin="1"/><net_sink comp="151" pin=1"/></net>

<net id="178"><net_src comp="50" pin="2"/><net_sink comp="175" pin=0"/></net>

<net id="179"><net_src comp="175" pin="1"/><net_sink comp="156" pin=1"/></net>

<net id="186"><net_src comp="137" pin="1"/><net_sink comp="183" pin=0"/></net>

<net id="190"><net_src comp="141" pin="4"/><net_sink comp="187" pin=0"/></net>

<net id="191"><net_src comp="187" pin="1"/><net_sink comp="156" pin=2"/></net>

<net id="195"><net_src comp="56" pin="3"/><net_sink comp="192" pin=0"/></net>

<net id="196"><net_src comp="192" pin="1"/><net_sink comp="63" pin=0"/></net>

</net_list>

</model> 
---------------- Datapath Model END ------------------

* FSMD analyzer results:
  - Output states:
	Port: output_r | {1 }
	Port: p_ZN12_GLOBAL_N_110lineBufferE_0 | {2 }
	Port: p_ZN12_GLOBAL_N_110lineBufferE_1 | {2 }
 - Input state : 
	Port: gaussian_blur_Pipeline_VITIS_LOOP_46_1 : empty | {1 }
	Port: gaussian_blur_Pipeline_VITIS_LOOP_46_1 : input_r | {1 2 }
  - Chain level:
	State 1
		store_ln46 : 1
		column_10 : 1
		icmp_ln46 : 2
		add_ln46 : 2
		br_ln46 : 3
		zext_ln46 : 2
		trunc_ln46 : 2
		lshr_ln : 2
		input_addr : 3
		input_load : 4
		br_ln47 : 3
		output_addr : 3
		store_ln48 : 4
		store_ln46 : 3
	State 2
		zext_ln47 : 1
		p_ZN12_GLOBAL_N_110lineBufferE_0_addr : 2
		p_ZN12_GLOBAL_N_110lineBufferE_1_addr : 2
		store_ln47 : 3
		store_ln47 : 3


============================================================
+ Verbose Summary: Datapath Resource usage 
============================================================

* Functional unit list:
|----------|-------------------|---------|---------|
| Operation|  Functional Unit  |    FF   |   LUT   |
|----------|-------------------|---------|---------|
|   icmp   |  icmp_ln46_fu_119 |    0    |    17   |
|----------|-------------------|---------|---------|
|    add   |  add_ln46_fu_125  |    0    |    17   |
|----------|-------------------|---------|---------|
|   read   |   tmp_read_fu_50  |    0    |    0    |
|----------|-------------------|---------|---------|
|   zext   |  zext_ln46_fu_131 |    0    |    0    |
|          |  zext_ln47_fu_162 |    0    |    0    |
|----------|-------------------|---------|---------|
|   trunc  | trunc_ln46_fu_137 |    0    |    0    |
|----------|-------------------|---------|---------|
|partselect|   lshr_ln_fu_141  |    0    |    0    |
|----------|-------------------|---------|---------|
|bitconcatenate|    tmp_s_fu_156   |    0    |    0    |
|----------|-------------------|---------|---------|
|   Total  |                   |    0    |    34   |
|----------|-------------------|---------|---------|

Memories:
N/A

* Register list:
+------------------+--------+
|                  |   FF   |
+------------------+--------+
|  column_reg_168  |   10   |
|input_addr_reg_192|    9   |
|  lshr_ln_reg_187 |    8   |
|    tmp_reg_175   |    3   |
|trunc_ln46_reg_183|    1   |
+------------------+--------+
|       Total      |   31   |
+------------------+--------+

* Multiplexer (MUX) list: 
|------------------|------|------|------|--------||---------||---------||---------|
|       Comp       |  Pin | Size |  BW  | S x BW ||  Delay  ||    FF   ||   LUT   |
|------------------|------|------|------|--------||---------||---------||---------|
| grp_access_fu_63 |  p0  |   2  |   9  |   18   ||    0    ||    9    |
|------------------|------|------|------|--------||---------||---------||---------|
|       Total      |      |      |      |   18   ||  0.427  ||    0    ||    9    |
|------------------|------|------|------|--------||---------||---------||---------|



* Summary:
+-----------+--------+--------+--------+
|           |  Delay |   FF   |   LUT  |
+-----------+--------+--------+--------+
|  Function |    -   |    0   |   34   |
|   Memory  |    -   |    -   |    -   |
|Multiplexer|    0   |    0   |    9   |
|  Register |    -   |   31   |    -   |
+-----------+--------+--------+--------+
|   Total   |    0   |   31   |   43   |
+-----------+--------+--------+--------+
