

================================================================
== Vitis HLS Report for 'gaussian_blur_Pipeline_VITIS_LOOP_125_6'
================================================================
* Date:           Thu Jul 30 19:40:25 2026

* Version:        2025.2 (Build 6295257 on Nov 14 2025)
* Project:        canny_top
* Solution:       hls (Vitis Kernel Flow Target)
* Product family: zynquplus
* Target device:  xck26-sfvc784-2LV-c


================================================================
== Performance Estimates
================================================================
+ Timing: 
    * Summary: 
    +--------+---------+----------+------------+
    |  Clock |  Target | Estimated| Uncertainty|
    +--------+---------+----------+------------+
    |ap_clk  |  5.00 ns|  3.353 ns|     1.35 ns|
    +--------+---------+----------+------------+

+ Latency: 
    * Summary: 
    +---------+---------+----------+----------+-----+-----+-------------------+
    |  Latency (cycles) |  Latency (absolute) |  Interval |      Pipeline     |
    |   min   |   max   |    min   |    max   | min | max |        Type       |
    +---------+---------+----------+----------+-----+-----+-------------------+
    |      515|      515|  2.575 us|  2.575 us|    0|    0|  loop pipeline stp|
    +---------+---------+----------+----------+-----+-----+-------------------+

    + Detail: 
        * Instance: 
        N/A

        * Loop: 
        +--------------------+---------+---------+----------+-----------+-----------+------+----------+
        |                    |  Latency (cycles) | Iteration|  Initiation Interval  | Trip |          |
        |      Loop Name     |   min   |   max   |  Latency |  achieved |   target  | Count| Pipelined|
        +--------------------+---------+---------+----------+-----------+-----------+------+----------+
        |- VITIS_LOOP_125_6  |      513|      513|         3|          1|          1|   512|       yes|
        +--------------------+---------+---------+----------+-----------+-----------+------+----------+

============================================================
+ Verbose Summary: Synthesis Manager
============================================================
InlineROM: 1
ExposeGlobal: 0
============================================================
+ Verbose Summary: CDFG Model
============================================================
IsTopModel: 0
ResetActiveHigh: 1
IsCombinational: 0
IsDatapathOnly: 0
HasWiredReturn: 1
HasMFsm: 2
HasVarLatency: 1
IsPipeline: 0
IsRtlPipelined: 0
IsInstanceOverlapped: 0
IsDontTouch: 0
HasImplIP: 0
IsGatedGlobalClock: 0

+ Individual pipeline summary: 
  * Pipeline-0: initiation interval (II) = 1, depth = 3


============================================================
+ Verbose Summary: Schedule
============================================================
* Number of FSM states : 3
* Pipeline : 1
  Pipeline-0 : II = 1, D = 3, States = { 1 2 3 }
* Dataflow Pipeline: 0

* FSM state transitions: 
1 --> 2 
2 --> 3 
3 --> 

* FSM state operations: 

State 1 <SV = 0> <Delay = 1.66>
ST_1 : Operation 6 [1/1] (0.00ns)   --->   "%column_7 = alloca i32 1" [../src/gaussian_blur.cpp:125]   --->   Operation 6 'alloca' 'column_7' <Predicate = true> <Delay = 0.00>
ST_1 : Operation 7 [1/1] (0.00ns)   --->   "%select_ln29_4_read = read i3 @_ssdm_op_Read.ap_auto.i3, i3 %select_ln29_4"   --->   Operation 7 'read' 'select_ln29_4_read' <Predicate = true> <Delay = 0.00>
ST_1 : Operation 8 [1/1] (0.00ns)   --->   "%select_ln29_3_read = read i3 @_ssdm_op_Read.ap_auto.i3, i3 %select_ln29_3"   --->   Operation 8 'read' 'select_ln29_3_read' <Predicate = true> <Delay = 0.00>
ST_1 : Operation 9 [1/1] (0.00ns)   --->   "%select_ln29_2_read = read i3 @_ssdm_op_Read.ap_auto.i3, i3 %select_ln29_2"   --->   Operation 9 'read' 'select_ln29_2_read' <Predicate = true> <Delay = 0.00>
ST_1 : Operation 10 [1/1] (0.00ns)   --->   "%select_ln29_1_read = read i3 @_ssdm_op_Read.ap_auto.i3, i3 %select_ln29_1"   --->   Operation 10 'read' 'select_ln29_1_read' <Predicate = true> <Delay = 0.00>
ST_1 : Operation 11 [1/1] (0.00ns)   --->   "%select_ln29_read = read i3 @_ssdm_op_Read.ap_auto.i3, i3 %select_ln29"   --->   Operation 11 'read' 'select_ln29_read' <Predicate = true> <Delay = 0.00>
ST_1 : Operation 12 [1/1] (0.42ns)   --->   "%store_ln125 = store i10 0, i10 %column_7" [../src/gaussian_blur.cpp:125]   --->   Operation 12 'store' 'store_ln125' <Predicate = true> <Delay = 0.42>
ST_1 : Operation 13 [1/1] (0.00ns)   --->   "%br_ln0 = br void %VITIS_LOOP_136_7"   --->   Operation 13 'br' 'br_ln0' <Predicate = true> <Delay = 0.00>
ST_1 : Operation 14 [1/1] (0.00ns)   --->   "%column = load i10 %column_7" [../src/gaussian_blur.cpp:125]   --->   Operation 14 'load' 'column' <Predicate = true> <Delay = 0.00>
ST_1 : Operation 15 [1/1] (0.78ns)   --->   "%icmp_ln125 = icmp_eq  i10 %column, i10 512" [../src/gaussian_blur.cpp:125]   --->   Operation 15 'icmp' 'icmp_ln125' <Predicate = true> <Delay = 0.78> <CoreInst = "Cmp">   --->   Core 9 'Cmp' <Latency = 0> <II = 1> <Delay = 0.78> <FuncUnit> <Opcode : 'seteq' 'setne' 'setle' 'setge' 'setlt' 'setgt'> <InPorts = 2> <OutPorts = 1>
ST_1 : Operation 16 [1/1] (0.78ns)   --->   "%add_ln125 = add i10 %column, i10 1" [../src/gaussian_blur.cpp:125]   --->   Operation 16 'add' 'add_ln125' <Predicate = true> <Delay = 0.78> <CoreInst = "Adder">   --->   Core 1 'Adder' <Latency = 0> <II = 1> <Delay = 0.78> <FuncUnit> <Opcode : 'add' 'sub'> <InPorts = 2> <OutPorts = 1>
ST_1 : Operation 17 [1/1] (0.00ns)   --->   "%br_ln125 = br i1 %icmp_ln125, void %VITIS_LOOP_136_7.split, void %cleanup.loopexit.exitStub" [../src/gaussian_blur.cpp:125]   --->   Operation 17 'br' 'br_ln125' <Predicate = true> <Delay = 0.00>
ST_1 : Operation 18 [1/1] (0.00ns)   --->   "%zext_ln125 = zext i10 %column" [../src/gaussian_blur.cpp:125]   --->   Operation 18 'zext' 'zext_ln125' <Predicate = (!icmp_ln125)> <Delay = 0.00>
ST_1 : Operation 19 [1/1] (0.00ns)   --->   "%p_anonymous_namespace_lineBuffer_39_0_addr = getelementptr i12 %p_anonymous_namespace_lineBuffer_39_0, i64 0, i64 %zext_ln125" [../src/gaussian_blur.cpp:138]   --->   Operation 19 'getelementptr' 'p_anonymous_namespace_lineBuffer_39_0_addr' <Predicate = (!icmp_ln125)> <Delay = 0.00>
ST_1 : Operation 20 [2/2] (1.23ns)   --->   "%banked = load i9 %p_anonymous_namespace_lineBuffer_39_0_addr" [../src/gaussian_blur.cpp:138]   --->   Operation 20 'load' 'banked' <Predicate = (!icmp_ln125)> <Delay = 1.23> <CoreInst = "RAM">   --->   Core 82 'RAM' <Latency = 1> <II = 1> <Delay = 1.23> <Storage> <Opcode : 'load' 'store'> <Ports = 2> <Width = 12> <Depth = 512> <RAM>
ST_1 : Operation 21 [1/1] (0.00ns)   --->   "%p_anonymous_namespace_lineBuffer_39_1_addr = getelementptr i12 %p_anonymous_namespace_lineBuffer_39_1, i64 0, i64 %zext_ln125" [../src/gaussian_blur.cpp:138]   --->   Operation 21 'getelementptr' 'p_anonymous_namespace_lineBuffer_39_1_addr' <Predicate = (!icmp_ln125)> <Delay = 0.00>
ST_1 : Operation 22 [1/1] (0.00ns)   --->   "%p_anonymous_namespace_lineBuffer_39_2_addr = getelementptr i12 %p_anonymous_namespace_lineBuffer_39_2, i64 0, i64 %zext_ln125" [../src/gaussian_blur.cpp:138]   --->   Operation 22 'getelementptr' 'p_anonymous_namespace_lineBuffer_39_2_addr' <Predicate = (!icmp_ln125)> <Delay = 0.00>
ST_1 : Operation 23 [1/1] (0.00ns)   --->   "%p_anonymous_namespace_lineBuffer_39_3_addr = getelementptr i12 %p_anonymous_namespace_lineBuffer_39_3, i64 0, i64 %zext_ln125" [../src/gaussian_blur.cpp:138]   --->   Operation 23 'getelementptr' 'p_anonymous_namespace_lineBuffer_39_3_addr' <Predicate = (!icmp_ln125)> <Delay = 0.00>
ST_1 : Operation 24 [1/1] (0.00ns)   --->   "%p_anonymous_namespace_lineBuffer_39_4_addr = getelementptr i12 %p_anonymous_namespace_lineBuffer_39_4, i64 0, i64 %zext_ln125" [../src/gaussian_blur.cpp:138]   --->   Operation 24 'getelementptr' 'p_anonymous_namespace_lineBuffer_39_4_addr' <Predicate = (!icmp_ln125)> <Delay = 0.00>
ST_1 : Operation 25 [2/2] (1.23ns)   --->   "%banked_11 = load i9 %p_anonymous_namespace_lineBuffer_39_1_addr" [../src/gaussian_blur.cpp:138]   --->   Operation 25 'load' 'banked_11' <Predicate = (!icmp_ln125)> <Delay = 1.23> <CoreInst = "RAM">   --->   Core 82 'RAM' <Latency = 1> <II = 1> <Delay = 1.23> <Storage> <Opcode : 'load' 'store'> <Ports = 2> <Width = 12> <Depth = 512> <RAM>
ST_1 : Operation 26 [2/2] (1.23ns)   --->   "%banked_12 = load i9 %p_anonymous_namespace_lineBuffer_39_2_addr" [../src/gaussian_blur.cpp:138]   --->   Operation 26 'load' 'banked_12' <Predicate = (!icmp_ln125)> <Delay = 1.23> <CoreInst = "RAM">   --->   Core 82 'RAM' <Latency = 1> <II = 1> <Delay = 1.23> <Storage> <Opcode : 'load' 'store'> <Ports = 2> <Width = 12> <Depth = 512> <RAM>
ST_1 : Operation 27 [2/2] (1.23ns)   --->   "%banked_13 = load i9 %p_anonymous_namespace_lineBuffer_39_3_addr" [../src/gaussian_blur.cpp:138]   --->   Operation 27 'load' 'banked_13' <Predicate = (!icmp_ln125)> <Delay = 1.23> <CoreInst = "RAM">   --->   Core 82 'RAM' <Latency = 1> <II = 1> <Delay = 1.23> <Storage> <Opcode : 'load' 'store'> <Ports = 2> <Width = 12> <Depth = 512> <RAM>
ST_1 : Operation 28 [2/2] (1.23ns)   --->   "%banked_14 = load i9 %p_anonymous_namespace_lineBuffer_39_4_addr" [../src/gaussian_blur.cpp:138]   --->   Operation 28 'load' 'banked_14' <Predicate = (!icmp_ln125)> <Delay = 1.23> <CoreInst = "RAM">   --->   Core 82 'RAM' <Latency = 1> <II = 1> <Delay = 1.23> <Storage> <Opcode : 'load' 'store'> <Ports = 2> <Width = 12> <Depth = 512> <RAM>
ST_1 : Operation 29 [1/1] (0.42ns)   --->   "%store_ln125 = store i10 %add_ln125, i10 %column_7" [../src/gaussian_blur.cpp:125]   --->   Operation 29 'store' 'store_ln125' <Predicate = (!icmp_ln125)> <Delay = 0.42>

State 2 <SV = 1> <Delay = 3.35>
ST_2 : Operation 30 [1/2] ( I:1.23ns O:1.23ns )   --->   "%banked = load i9 %p_anonymous_namespace_lineBuffer_39_0_addr" [../src/gaussian_blur.cpp:138]   --->   Operation 30 'load' 'banked' <Predicate = true> <Delay = 1.23> <CoreInst = "RAM">   --->   Core 82 'RAM' <Latency = 1> <II = 1> <Delay = 1.23> <Storage> <Opcode : 'load' 'store'> <Ports = 2> <Width = 12> <Depth = 512> <RAM>
ST_2 : Operation 31 [1/2] ( I:1.23ns O:1.23ns )   --->   "%banked_11 = load i9 %p_anonymous_namespace_lineBuffer_39_1_addr" [../src/gaussian_blur.cpp:138]   --->   Operation 31 'load' 'banked_11' <Predicate = true> <Delay = 1.23> <CoreInst = "RAM">   --->   Core 82 'RAM' <Latency = 1> <II = 1> <Delay = 1.23> <Storage> <Opcode : 'load' 'store'> <Ports = 2> <Width = 12> <Depth = 512> <RAM>
ST_2 : Operation 32 [1/2] ( I:1.23ns O:1.23ns )   --->   "%banked_12 = load i9 %p_anonymous_namespace_lineBuffer_39_2_addr" [../src/gaussian_blur.cpp:138]   --->   Operation 32 'load' 'banked_12' <Predicate = true> <Delay = 1.23> <CoreInst = "RAM">   --->   Core 82 'RAM' <Latency = 1> <II = 1> <Delay = 1.23> <Storage> <Opcode : 'load' 'store'> <Ports = 2> <Width = 12> <Depth = 512> <RAM>
ST_2 : Operation 33 [1/2] ( I:1.23ns O:1.23ns )   --->   "%banked_13 = load i9 %p_anonymous_namespace_lineBuffer_39_3_addr" [../src/gaussian_blur.cpp:138]   --->   Operation 33 'load' 'banked_13' <Predicate = true> <Delay = 1.23> <CoreInst = "RAM">   --->   Core 82 'RAM' <Latency = 1> <II = 1> <Delay = 1.23> <Storage> <Opcode : 'load' 'store'> <Ports = 2> <Width = 12> <Depth = 512> <RAM>
ST_2 : Operation 34 [1/2] ( I:1.23ns O:1.23ns )   --->   "%banked_14 = load i9 %p_anonymous_namespace_lineBuffer_39_4_addr" [../src/gaussian_blur.cpp:138]   --->   Operation 34 'load' 'banked_14' <Predicate = true> <Delay = 1.23> <CoreInst = "RAM">   --->   Core 82 'RAM' <Latency = 1> <II = 1> <Delay = 1.23> <Storage> <Opcode : 'load' 'store'> <Ports = 2> <Width = 12> <Depth = 512> <RAM>
ST_2 : Operation 35 [1/1] (0.57ns)   --->   "%sum_1 = sparsemux i12 @_ssdm_op_SparseMux.ap_auto.5i12.i12.i3, i3 0, i12 %banked, i3 1, i12 %banked_11, i3 2, i12 %banked_12, i3 3, i12 %banked_13, i3 4, i12 %banked_14, i12 0, i3 %select_ln29_read" [../src/gaussian_blur.cpp:146]   --->   Operation 35 'sparsemux' 'sum_1' <Predicate = true> <Delay = 0.57> <CoreInst = "BinarySparseMux_DontCare">   --->   Core 149 'BinarySparseMux_DontCare' <Latency = 0> <II = 1> <Delay = 0.57> <FuncUnit> <Opcode : 'sparsemux'> <InPorts = 2> <OutPorts = 1>
ST_2 : Operation 36 [1/1] (0.00ns)   --->   "%zext_ln146 = zext i12 %sum_1" [../src/gaussian_blur.cpp:146]   --->   Operation 36 'zext' 'zext_ln146' <Predicate = true> <Delay = 0.00>
ST_2 : Operation 37 [1/1] (0.57ns)   --->   "%tmp_s = sparsemux i12 @_ssdm_op_SparseMux.ap_auto.5i12.i12.i3, i3 0, i12 %banked, i3 1, i12 %banked_11, i3 2, i12 %banked_12, i3 3, i12 %banked_13, i3 4, i12 %banked_14, i12 0, i3 %select_ln29_1_read" [../src/gaussian_blur.cpp:146]   --->   Operation 37 'sparsemux' 'tmp_s' <Predicate = true> <Delay = 0.57> <CoreInst = "BinarySparseMux_DontCare">   --->   Core 149 'BinarySparseMux_DontCare' <Latency = 0> <II = 1> <Delay = 0.57> <FuncUnit> <Opcode : 'sparsemux'> <InPorts = 2> <OutPorts = 1>
ST_2 : Operation 38 [1/1] (0.00ns)   --->   "%zext_ln146_1 = zext i12 %tmp_s" [../src/gaussian_blur.cpp:146]   --->   Operation 38 'zext' 'zext_ln146_1' <Predicate = true> <Delay = 0.00>
ST_2 : Operation 39 [1/1] (0.57ns)   --->   "%tmp_39 = sparsemux i12 @_ssdm_op_SparseMux.ap_auto.5i12.i12.i3, i3 0, i12 %banked, i3 1, i12 %banked_11, i3 2, i12 %banked_12, i3 3, i12 %banked_13, i3 4, i12 %banked_14, i12 0, i3 %select_ln29_2_read" [../src/gaussian_blur.cpp:146]   --->   Operation 39 'sparsemux' 'tmp_39' <Predicate = true> <Delay = 0.57> <CoreInst = "BinarySparseMux_DontCare">   --->   Core 149 'BinarySparseMux_DontCare' <Latency = 0> <II = 1> <Delay = 0.57> <FuncUnit> <Opcode : 'sparsemux'> <InPorts = 2> <OutPorts = 1>
ST_2 : Operation 40 [1/1] (0.57ns)   --->   "%tmp_40 = sparsemux i12 @_ssdm_op_SparseMux.ap_auto.5i12.i12.i3, i3 0, i12 %banked, i3 1, i12 %banked_11, i3 2, i12 %banked_12, i3 3, i12 %banked_13, i3 4, i12 %banked_14, i12 0, i3 %select_ln29_3_read" [../src/gaussian_blur.cpp:146]   --->   Operation 40 'sparsemux' 'tmp_40' <Predicate = true> <Delay = 0.57> <CoreInst = "BinarySparseMux_DontCare">   --->   Core 149 'BinarySparseMux_DontCare' <Latency = 0> <II = 1> <Delay = 0.57> <FuncUnit> <Opcode : 'sparsemux'> <InPorts = 2> <OutPorts = 1>
ST_2 : Operation 41 [1/1] (0.00ns)   --->   "%zext_ln146_2 = zext i12 %tmp_40" [../src/gaussian_blur.cpp:146]   --->   Operation 41 'zext' 'zext_ln146_2' <Predicate = true> <Delay = 0.00>
ST_2 : Operation 42 [1/1] (0.57ns)   --->   "%tmp_41 = sparsemux i12 @_ssdm_op_SparseMux.ap_auto.5i12.i12.i3, i3 0, i12 %banked, i3 1, i12 %banked_11, i3 2, i12 %banked_12, i3 3, i12 %banked_13, i3 4, i12 %banked_14, i12 0, i3 %select_ln29_4_read" [../src/gaussian_blur.cpp:146]   --->   Operation 42 'sparsemux' 'tmp_41' <Predicate = true> <Delay = 0.57> <CoreInst = "BinarySparseMux_DontCare">   --->   Core 149 'BinarySparseMux_DontCare' <Latency = 0> <II = 1> <Delay = 0.57> <FuncUnit> <Opcode : 'sparsemux'> <InPorts = 2> <OutPorts = 1>
ST_2 : Operation 43 [1/1] (0.00ns)   --->   "%zext_ln145 = zext i12 %tmp_41" [../src/gaussian_blur.cpp:145]   --->   Operation 43 'zext' 'zext_ln145' <Predicate = true> <Delay = 0.00>
ST_2 : Operation 44 [1/1] (0.00ns)   --->   "%p_shl = bitconcatenate i15 @_ssdm_op_BitConcatenate.i15.i12.i3, i12 %tmp_39, i3 0" [../src/gaussian_blur.cpp:145]   --->   Operation 44 'bitconcatenate' 'p_shl' <Predicate = true> <Delay = 0.00>
ST_2 : Operation 45 [1/1] (0.00ns)   --->   "%tmp = bitconcatenate i13 @_ssdm_op_BitConcatenate.i13.i12.i1, i12 %tmp_39, i1 0" [../src/gaussian_blur.cpp:145]   --->   Operation 45 'bitconcatenate' 'tmp' <Predicate = true> <Delay = 0.00>
ST_2 : Operation 46 [1/1] (0.00ns)   --->   "%zext_ln145_4 = zext i13 %tmp" [../src/gaussian_blur.cpp:145]   --->   Operation 46 'zext' 'zext_ln145_4' <Predicate = true> <Delay = 0.00>
ST_2 : Operation 47 [1/1] (0.00ns) (grouped into TernaryAdder)   --->   "%sub_ln145 = sub i15 %p_shl, i15 %zext_ln145_4" [../src/gaussian_blur.cpp:145]   --->   Operation 47 'sub' 'sub_ln145' <Predicate = true> <Delay = 0.00> <CoreInst = "TAddSub">   --->   Core 10 'TAddSub' <Latency = 0> <II = 1> <Delay = 0.36> <IPBlock> <Opcode : 'add' 'sub'> <InPorts = 3> <OutPorts = 1> <Sync> <CReg>
ST_2 : Operation 48 [1/1] (0.80ns)   --->   "%tmp26 = add i13 %zext_ln146_2, i13 %zext_ln146_1" [../src/gaussian_blur.cpp:146]   --->   Operation 48 'add' 'tmp26' <Predicate = true> <Delay = 0.80> <CoreInst = "Adder">   --->   Core 1 'Adder' <Latency = 0> <II = 1> <Delay = 0.80> <FuncUnit> <Opcode : 'add' 'sub'> <InPorts = 2> <OutPorts = 1>
ST_2 : Operation 49 [1/1] (0.80ns)   --->   "%add_ln145 = add i13 %zext_ln146, i13 %zext_ln145" [../src/gaussian_blur.cpp:145]   --->   Operation 49 'add' 'add_ln145' <Predicate = true> <Delay = 0.80> <CoreInst = "Adder">   --->   Core 1 'Adder' <Latency = 0> <II = 1> <Delay = 0.80> <FuncUnit> <Opcode : 'add' 'sub'> <InPorts = 2> <OutPorts = 1>
ST_2 : Operation 50 [1/1] (0.00ns)   --->   "%zext_ln145_3 = zext i13 %add_ln145" [../src/gaussian_blur.cpp:145]   --->   Operation 50 'zext' 'zext_ln145_3' <Predicate = true> <Delay = 0.00>
ST_2 : Operation 51 [1/1] (0.73ns) (root node of TernaryAdder)   --->   "%add_ln145_1 = add i15 %zext_ln145_3, i15 %sub_ln145" [../src/gaussian_blur.cpp:145]   --->   Operation 51 'add' 'add_ln145_1' <Predicate = true> <Delay = 0.73> <CoreInst = "TAddSub">   --->   Core 10 'TAddSub' <Latency = 0> <II = 1> <Delay = 0.36> <IPBlock> <Opcode : 'add' 'sub'> <InPorts = 3> <OutPorts = 1> <Sync> <CReg>
ST_2 : Operation 63 [1/1] (0.42ns)   --->   "%ret_ln0 = ret"   --->   Operation 63 'ret' 'ret_ln0' <Predicate = (icmp_ln125)> <Delay = 0.42>

State 3 <SV = 2> <Delay = 2.07>
ST_3 : Operation 52 [1/1] (0.00ns)   --->   "%specpipeline_ln126 = specpipeline void @_ssdm_op_SpecPipeline, i32 1, i32 0, i32 0, i32 0, i32 4294967295, void @empty_14" [../src/gaussian_blur.cpp:126]   --->   Operation 52 'specpipeline' 'specpipeline_ln126' <Predicate = true> <Delay = 0.00>
ST_3 : Operation 53 [1/1] (0.00ns)   --->   "%speclooptripcount_ln125 = speclooptripcount void @_ssdm_op_SpecLoopTripCount, i64 512, i64 512, i64 512" [../src/gaussian_blur.cpp:125]   --->   Operation 53 'speclooptripcount' 'speclooptripcount_ln125' <Predicate = true> <Delay = 0.00>
ST_3 : Operation 54 [1/1] (0.00ns)   --->   "%specloopname_ln125 = specloopname void @_ssdm_op_SpecLoopName, void @empty_15" [../src/gaussian_blur.cpp:125]   --->   Operation 54 'specloopname' 'specloopname_ln125' <Predicate = true> <Delay = 0.00>
ST_3 : Operation 55 [1/1] (0.00ns)   --->   "%tmp3 = bitconcatenate i15 @_ssdm_op_BitConcatenate.i15.i13.i2, i13 %tmp26, i2 0" [../src/gaussian_blur.cpp:146]   --->   Operation 55 'bitconcatenate' 'tmp3' <Predicate = true> <Delay = 0.00>
ST_3 : Operation 56 [1/1] (0.00ns)   --->   "%zext_ln145_1 = zext i15 %tmp3" [../src/gaussian_blur.cpp:145]   --->   Operation 56 'zext' 'zext_ln145_1' <Predicate = true> <Delay = 0.00>
ST_3 : Operation 57 [1/1] (0.00ns)   --->   "%zext_ln145_2 = zext i15 %add_ln145_1" [../src/gaussian_blur.cpp:145]   --->   Operation 57 'zext' 'zext_ln145_2' <Predicate = true> <Delay = 0.00>
ST_3 : Operation 58 [1/1] (0.84ns)   --->   "%sum = add i16 %zext_ln145_2, i16 %zext_ln145_1" [../src/gaussian_blur.cpp:145]   --->   Operation 58 'add' 'sum' <Predicate = true> <Delay = 0.84> <CoreInst = "Adder">   --->   Core 1 'Adder' <Latency = 0> <II = 1> <Delay = 0.84> <FuncUnit> <Opcode : 'add' 'sub'> <InPorts = 2> <OutPorts = 1>
ST_3 : Operation 59 [1/1] (0.00ns)   --->   "%trunc_ln = partselect i8 @_ssdm_op_PartSelect.i8.i16.i32.i32, i16 %sum, i32 8, i32 15" [../src/gaussian_blur.cpp:151]   --->   Operation 59 'partselect' 'trunc_ln' <Predicate = true> <Delay = 0.00>
ST_3 : Operation 60 [1/1] (0.00ns)   --->   "%output_addr = getelementptr i8 %output_r, i64 0, i64 %zext_ln125" [../src/gaussian_blur.cpp:150]   --->   Operation 60 'getelementptr' 'output_addr' <Predicate = true> <Delay = 0.00>
ST_3 : Operation 61 [1/1] ( I:1.23ns O:1.23ns )   --->   "%store_ln150 = store i8 %trunc_ln, i9 %output_addr" [../src/gaussian_blur.cpp:150]   --->   Operation 61 'store' 'store_ln150' <Predicate = true> <Delay = 1.23> <CoreInst = "RAM">   --->   Core 82 'RAM' <Latency = 1> <II = 1> <Delay = 1.23> <Storage> <Opcode : 'load' 'store'> <Ports = 2> <Width = 8> <Depth = 512> <RAM>
ST_3 : Operation 62 [1/1] (0.00ns)   --->   "%br_ln125 = br void %VITIS_LOOP_136_7" [../src/gaussian_blur.cpp:125]   --->   Operation 62 'br' 'br_ln125' <Predicate = true> <Delay = 0.00>


============================================================
+ Verbose Summary: Timing violations
============================================================
Target clock period: 5.000ns, clock uncertainty: 1.350ns.

 <State 1>: 1.664ns
The critical path consists of the following:
	'store' operation ('store_ln125', ../src/gaussian_blur.cpp:125) of constant 0 10 bit on local variable 'column', ../src/gaussian_blur.cpp:125 [18]  (0.427 ns)
	'load' operation 10 bit ('column', ../src/gaussian_blur.cpp:125) on local variable 'column', ../src/gaussian_blur.cpp:125 [21]  (0.000 ns)
	'getelementptr' operation 9 bit ('p_anonymous_namespace_lineBuffer_39_0_addr', ../src/gaussian_blur.cpp:138) [30]  (0.000 ns)
	'load' operation 12 bit ('banked', ../src/gaussian_blur.cpp:138) on array 'p_anonymous_namespace_lineBuffer_39_0' [31]  (1.237 ns)

 <State 2>: 3.353ns
The critical path consists of the following:
	'load' operation 12 bit ('banked', ../src/gaussian_blur.cpp:138) on array 'p_anonymous_namespace_lineBuffer_39_0' [31]  (1.237 ns)
	'sparsemux' operation 12 bit ('sum_1', ../src/gaussian_blur.cpp:146) [40]  (0.574 ns)
	'add' operation 13 bit ('add_ln145', ../src/gaussian_blur.cpp:145) [56]  (0.809 ns)
	'add' operation 15 bit ('add_ln145_1', ../src/gaussian_blur.cpp:145) [58]  (0.733 ns)

 <State 3>: 2.079ns
The critical path consists of the following:
	'add' operation 16 bit ('sum', ../src/gaussian_blur.cpp:145) [60]  (0.842 ns)
	'store' operation ('store_ln150', ../src/gaussian_blur.cpp:150) of variable 'trunc_ln', ../src/gaussian_blur.cpp:151 8 bit on array 'output_r' [63]  (1.237 ns)


============================================================
+ Verbose Summary: Binding
============================================================
N/A
* FSMD analyzer results:
  - Output states:
 - Input state : 
  - Chain level:
	State 1
	State 2
	State 3


============================================================
+ Verbose Summary: Datapath Resource usage 
============================================================
N/A
