

================================================================
== Vitis HLS Report for 'gaussian_blur_Pipeline_VITIS_LOOP_57_1'
================================================================
* Date:           Sat Jul 25 12:05:01 2026

* Version:        2025.2 (Build 6295257 on Nov 14 2025)
* Project:        canny_top
* Solution:       hls (Vitis Kernel Flow Target)
* Product family: zynquplus
* Target device:  xck26-sfvc784-2LV-c


================================================================
== Performance Estimates
================================================================
+ Timing: 
    * Summary: 
    +--------+---------+----------+------------+
    |  Clock |  Target | Estimated| Uncertainty|
    +--------+---------+----------+------------+
    |ap_clk  |  5.00 ns|  2.474 ns|     1.35 ns|
    +--------+---------+----------+------------+

+ Latency: 
    * Summary: 
    +---------+---------+----------+----------+-----+-----+-------------------+
    |  Latency (cycles) |  Latency (absolute) |  Interval |      Pipeline     |
    |   min   |   max   |    min   |    max   | min | max |        Type       |
    +---------+---------+----------+----------+-----+-----+-------------------+
    |      514|      514|  2.570 us|  2.570 us|    0|    0|  loop pipeline stp|
    +---------+---------+----------+----------+-----+-----+-------------------+

    + Detail: 
        * Instance: 
        N/A

        * Loop: 
        +-------------------+---------+---------+----------+-----------+-----------+------+----------+
        |                   |  Latency (cycles) | Iteration|  Initiation Interval  | Trip |          |
        |     Loop Name     |   min   |   max   |  Latency |  achieved |   target  | Count| Pipelined|
        +-------------------+---------+---------+----------+-----------+-----------+------+----------+
        |- VITIS_LOOP_57_1  |      512|      512|         2|          1|          1|   512|       yes|
        +-------------------+---------+---------+----------+-----------+-----------+------+----------+

============================================================
+ Verbose Summary: Synthesis Manager
============================================================
InlineROM: 1
ExposeGlobal: 0
============================================================
+ Verbose Summary: CDFG Model
============================================================
IsTopModel: 0
ResetActiveHigh: 1
IsCombinational: 0
IsDatapathOnly: 0
HasWiredReturn: 1
HasMFsm: 2
HasVarLatency: 1
IsPipeline: 0
IsRtlPipelined: 0
IsInstanceOverlapped: 0
IsDontTouch: 0
HasImplIP: 0
IsGatedGlobalClock: 0

+ Individual pipeline summary: 
  * Pipeline-0: initiation interval (II) = 1, depth = 2


============================================================
+ Verbose Summary: Schedule
============================================================
* Number of FSM states : 2
* Pipeline : 1
  Pipeline-0 : II = 1, D = 2, States = { 1 2 }
* Dataflow Pipeline: 0

* FSM state transitions: 
1 --> 2 
2 --> 

* FSM state operations: 

State 1 <SV = 0> <Delay = 2.45>
ST_1 : Operation 5 [1/1] (0.00ns)   --->   "%column = alloca i32 1" [../src/gaussian_blur.cpp:57]   --->   Operation 5 'alloca' 'column' <Predicate = true> <Delay = 0.00>
ST_1 : Operation 6 [1/1] (0.00ns)   --->   "%zext_ln58_read = read i12 @_ssdm_op_Read.ap_auto.i12, i12 %zext_ln58"   --->   Operation 6 'read' 'zext_ln58_read' <Predicate = true> <Delay = 0.00>
ST_1 : Operation 7 [1/1] (0.42ns)   --->   "%store_ln57 = store i10 0, i10 %column" [../src/gaussian_blur.cpp:57]   --->   Operation 7 'store' 'store_ln57' <Predicate = true> <Delay = 0.42>
ST_1 : Operation 8 [1/1] (0.00ns)   --->   "%br_ln0 = br void %for.inc"   --->   Operation 8 'br' 'br_ln0' <Predicate = true> <Delay = 0.00>
ST_1 : Operation 9 [1/1] (0.00ns)   --->   "%column_10 = load i10 %column" [../src/gaussian_blur.cpp:57]   --->   Operation 9 'load' 'column_10' <Predicate = true> <Delay = 0.00>
ST_1 : Operation 10 [1/1] (0.78ns)   --->   "%icmp_ln57 = icmp_eq  i10 %column_10, i10 512" [../src/gaussian_blur.cpp:57]   --->   Operation 10 'icmp' 'icmp_ln57' <Predicate = true> <Delay = 0.78> <CoreInst = "Cmp">   --->   Core 9 'Cmp' <Latency = 0> <II = 1> <Delay = 0.78> <FuncUnit> <Opcode : 'seteq' 'setne' 'setle' 'setge' 'setlt' 'setgt'> <InPorts = 2> <OutPorts = 1>
ST_1 : Operation 11 [1/1] (0.78ns)   --->   "%add_ln57 = add i10 %column_10, i10 1" [../src/gaussian_blur.cpp:57]   --->   Operation 11 'add' 'add_ln57' <Predicate = true> <Delay = 0.78> <CoreInst = "Adder">   --->   Core 1 'Adder' <Latency = 0> <II = 1> <Delay = 0.78> <FuncUnit> <Opcode : 'add' 'sub'> <InPorts = 2> <OutPorts = 1>
ST_1 : Operation 12 [1/1] (0.00ns)   --->   "%br_ln57 = br i1 %icmp_ln57, void %for.inc.split, void %for.end.exitStub" [../src/gaussian_blur.cpp:57]   --->   Operation 12 'br' 'br_ln57' <Predicate = true> <Delay = 0.00>
ST_1 : Operation 13 [1/1] (0.00ns)   --->   "%zext_ln57 = zext i10 %column_10" [../src/gaussian_blur.cpp:57]   --->   Operation 13 'zext' 'zext_ln57' <Predicate = (!icmp_ln57)> <Delay = 0.00>
ST_1 : Operation 14 [1/1] (0.00ns)   --->   "%zext_ln58_1 = zext i10 %column_10" [../src/gaussian_blur.cpp:58]   --->   Operation 14 'zext' 'zext_ln58_1' <Predicate = (!icmp_ln57)> <Delay = 0.00>
ST_1 : Operation 15 [1/1] (0.80ns)   --->   "%add_ln58 = add i12 %zext_ln58_read, i12 %zext_ln58_1" [../src/gaussian_blur.cpp:58]   --->   Operation 15 'add' 'add_ln58' <Predicate = (!icmp_ln57)> <Delay = 0.80> <CoreInst = "Adder">   --->   Core 1 'Adder' <Latency = 0> <II = 1> <Delay = 0.80> <FuncUnit> <Opcode : 'add' 'sub'> <InPorts = 2> <OutPorts = 1>
ST_1 : Operation 16 [1/1] (0.00ns)   --->   "%input_addr = getelementptr i8 %input_r, i64 0, i64 %zext_ln57" [../src/gaussian_blur.cpp:58]   --->   Operation 16 'getelementptr' 'input_addr' <Predicate = (!icmp_ln57)> <Delay = 0.00>
ST_1 : Operation 17 [2/2] (1.23ns)   --->   "%input_load = load i9 %input_addr" [../src/gaussian_blur.cpp:58]   --->   Operation 17 'load' 'input_load' <Predicate = (!icmp_ln57)> <Delay = 1.23> <CoreInst = "RAM">   --->   Core 82 'RAM' <Latency = 1> <II = 1> <Delay = 1.23> <Storage> <Opcode : 'load' 'store'> <Ports = 2> <Width = 8> <Depth = 512> <RAM>
ST_1 : Operation 18 [1/1] (0.00ns)   --->   "%output_addr = getelementptr i8 %output_r, i64 0, i64 %zext_ln57" [../src/gaussian_blur.cpp:59]   --->   Operation 18 'getelementptr' 'output_addr' <Predicate = (!icmp_ln57)> <Delay = 0.00>
ST_1 : Operation 19 [1/1] ( I:1.23ns O:1.23ns )   --->   "%store_ln59 = store i8 0, i9 %output_addr" [../src/gaussian_blur.cpp:59]   --->   Operation 19 'store' 'store_ln59' <Predicate = (!icmp_ln57)> <Delay = 1.23> <CoreInst = "RAM">   --->   Core 82 'RAM' <Latency = 1> <II = 1> <Delay = 1.23> <Storage> <Opcode : 'load' 'store'> <Ports = 2> <Width = 8> <Depth = 512> <RAM>
ST_1 : Operation 20 [1/1] (0.42ns)   --->   "%store_ln57 = store i10 %add_ln57, i10 %column" [../src/gaussian_blur.cpp:57]   --->   Operation 20 'store' 'store_ln57' <Predicate = (!icmp_ln57)> <Delay = 0.42>
ST_1 : Operation 29 [1/1] (0.42ns)   --->   "%ret_ln0 = ret"   --->   Operation 29 'ret' 'ret_ln0' <Predicate = (icmp_ln57)> <Delay = 0.42>

State 2 <SV = 1> <Delay = 2.47>
ST_2 : Operation 21 [1/1] (0.00ns)   --->   "%zext_ln58_2 = zext i12 %add_ln58" [../src/gaussian_blur.cpp:58]   --->   Operation 21 'zext' 'zext_ln58_2' <Predicate = true> <Delay = 0.00>
ST_2 : Operation 22 [1/1] (0.00ns)   --->   "%lineBuffer_1_addr = getelementptr i8 %lineBuffer_1, i64 0, i64 %zext_ln58_2" [../src/gaussian_blur.cpp:58]   --->   Operation 22 'getelementptr' 'lineBuffer_1_addr' <Predicate = true> <Delay = 0.00>
ST_2 : Operation 23 [1/1] (0.00ns)   --->   "%specpipeline_ln57 = specpipeline void @_ssdm_op_SpecPipeline, i32 4294967295, i32 0, i32 0, i32 0, i32 4294967295, void @empty" [../src/gaussian_blur.cpp:57]   --->   Operation 23 'specpipeline' 'specpipeline_ln57' <Predicate = true> <Delay = 0.00>
ST_2 : Operation 24 [1/1] (0.00ns)   --->   "%speclooptripcount_ln57 = speclooptripcount void @_ssdm_op_SpecLoopTripCount, i64 512, i64 512, i64 512" [../src/gaussian_blur.cpp:57]   --->   Operation 24 'speclooptripcount' 'speclooptripcount_ln57' <Predicate = true> <Delay = 0.00>
ST_2 : Operation 25 [1/1] (0.00ns)   --->   "%specloopname_ln57 = specloopname void @_ssdm_op_SpecLoopName, void @empty_14" [../src/gaussian_blur.cpp:57]   --->   Operation 25 'specloopname' 'specloopname_ln57' <Predicate = true> <Delay = 0.00>
ST_2 : Operation 26 [1/2] ( I:1.23ns O:1.23ns )   --->   "%input_load = load i9 %input_addr" [../src/gaussian_blur.cpp:58]   --->   Operation 26 'load' 'input_load' <Predicate = true> <Delay = 1.23> <CoreInst = "RAM">   --->   Core 82 'RAM' <Latency = 1> <II = 1> <Delay = 1.23> <Storage> <Opcode : 'load' 'store'> <Ports = 2> <Width = 8> <Depth = 512> <RAM>
ST_2 : Operation 27 [1/1] ( I:1.23ns O:1.23ns )   --->   "%store_ln58 = store i8 %input_load, i12 %lineBuffer_1_addr" [../src/gaussian_blur.cpp:58]   --->   Operation 27 'store' 'store_ln58' <Predicate = true> <Delay = 1.23> <CoreInst = "RAM">   --->   Core 82 'RAM' <Latency = 1> <II = 1> <Delay = 1.23> <Storage> <Opcode : 'load' 'store'> <Ports = 2> <Width = 8> <Depth = 2560> <RAM>
ST_2 : Operation 28 [1/1] (0.00ns)   --->   "%br_ln57 = br void %for.inc" [../src/gaussian_blur.cpp:57]   --->   Operation 28 'br' 'br_ln57' <Predicate = true> <Delay = 0.00>


============================================================
+ Verbose Summary: Timing violations
============================================================
Target clock period: 5.000ns, clock uncertainty: 1.350ns.

 <State 1>: 2.451ns
The critical path consists of the following:
	'store' operation ('store_ln57', ../src/gaussian_blur.cpp:57) of constant 0 10 bit on local variable 'column', ../src/gaussian_blur.cpp:57 [7]  (0.427 ns)
	'load' operation 10 bit ('column', ../src/gaussian_blur.cpp:57) on local variable 'column', ../src/gaussian_blur.cpp:57 [10]  (0.000 ns)
	'icmp' operation 1 bit ('icmp_ln57', ../src/gaussian_blur.cpp:57) [11]  (0.787 ns)
	'store' operation ('store_ln59', ../src/gaussian_blur.cpp:59) of constant 0 8 bit on array 'output_r' [27]  (1.237 ns)

 <State 2>: 2.474ns
The critical path consists of the following:
	'load' operation 8 bit ('input_load', ../src/gaussian_blur.cpp:58) on array 'input_r' [24]  (1.237 ns)
	'store' operation ('store_ln58', ../src/gaussian_blur.cpp:58) of variable 'input_load', ../src/gaussian_blur.cpp:58 8 bit on array 'lineBuffer_1' [25]  (1.237 ns)


============================================================
+ Verbose Summary: Binding
============================================================
N/A
* FSMD analyzer results:
  - Output states:
 - Input state : 
  - Chain level:
	State 1
	State 2


============================================================
+ Verbose Summary: Datapath Resource usage 
============================================================
N/A
