

================================================================
== Vitis HLS Report for 'gaussian_blur_Pipeline_VITIS_LOOP_82_4'
================================================================
* Date:           Sat Aug  1 12:52:05 2026

* Version:        2025.2 (Build 6295257 on Nov 14 2025)
* Project:        canny_top
* Solution:       hls (Vitis Kernel Flow Target)
* Product family: zynquplus
* Target device:  xck26-sfvc784-2LV-c


================================================================
== Performance Estimates
================================================================
+ Timing: 
    * Summary: 
    +--------+---------+----------+------------+
    |  Clock |  Target | Estimated| Uncertainty|
    +--------+---------+----------+------------+
    |ap_clk  |  5.00 ns|  3.614 ns|     1.35 ns|
    +--------+---------+----------+------------+

+ Latency: 
    * Summary: 
    +---------+---------+----------+----------+-----+-----+-------------------+
    |  Latency (cycles) |  Latency (absolute) |  Interval |      Pipeline     |
    |   min   |   max   |    min   |    max   | min | max |        Type       |
    +---------+---------+----------+----------+-----+-----+-------------------+
    |      515|      515|  2.575 us|  2.575 us|    0|    0|  loop pipeline stp|
    +---------+---------+----------+----------+-----+-----+-------------------+

    + Detail: 
        * Instance: 
        N/A

        * Loop: 
        +-------------------+---------+---------+----------+-----------+-----------+------+----------+
        |                   |  Latency (cycles) | Iteration|  Initiation Interval  | Trip |          |
        |     Loop Name     |   min   |   max   |  Latency |  achieved |   target  | Count| Pipelined|
        +-------------------+---------+---------+----------+-----------+-----------+------+----------+
        |- VITIS_LOOP_82_4  |      513|      513|         3|          1|          1|   512|       yes|
        +-------------------+---------+---------+----------+-----------+-----------+------+----------+

============================================================
+ Verbose Summary: Synthesis Manager
============================================================
InlineROM: 1
ExposeGlobal: 0
============================================================
+ Verbose Summary: CDFG Model
============================================================
IsTopModel: 0
ResetActiveHigh: 1
IsCombinational: 0
IsDatapathOnly: 0
HasWiredReturn: 1
HasMFsm: 2
HasVarLatency: 1
IsPipeline: 0
IsRtlPipelined: 0
IsInstanceOverlapped: 0
IsDontTouch: 0
HasImplIP: 0
IsGatedGlobalClock: 0

+ Individual pipeline summary: 
  * Pipeline-0: initiation interval (II) = 1, depth = 3


============================================================
+ Verbose Summary: Schedule
============================================================
* Number of FSM states : 3
* Pipeline : 1
  Pipeline-0 : II = 1, D = 3, States = { 1 2 3 }
* Dataflow Pipeline: 0

* FSM state transitions: 
1 --> 2 
2 --> 3 
3 --> 

* FSM state operations: 

State 1 <SV = 0> <Delay = 3.61>
ST_1 : Operation 6 [1/1] (0.00ns)   --->   "%empty_96 = alloca i32 1"   --->   Operation 6 'alloca' 'empty_96' <Predicate = true> <Delay = 0.00>
ST_1 : Operation 7 [1/1] (0.00ns)   --->   "%column_13 = alloca i32 1" [../src/gaussian_blur.cpp:82]   --->   Operation 7 'alloca' 'column_13' <Predicate = true> <Delay = 0.00>
ST_1 : Operation 8 [1/1] (0.00ns)   --->   "%empty_97 = alloca i32 1"   --->   Operation 8 'alloca' 'empty_97' <Predicate = true> <Delay = 0.00>
ST_1 : Operation 9 [1/1] (0.00ns)   --->   "%empty_98 = alloca i32 1"   --->   Operation 9 'alloca' 'empty_98' <Predicate = true> <Delay = 0.00>
ST_1 : Operation 10 [1/1] (0.00ns)   --->   "%empty_99 = alloca i32 1"   --->   Operation 10 'alloca' 'empty_99' <Predicate = true> <Delay = 0.00>
ST_1 : Operation 11 [1/1] (0.00ns)   --->   "%empty_100 = alloca i32 1"   --->   Operation 11 'alloca' 'empty_100' <Predicate = true> <Delay = 0.00>
ST_1 : Operation 12 [1/1] (0.00ns)   --->   "%tmp = read i3 @_ssdm_op_Read.ap_auto.i3, i3 %empty"   --->   Operation 12 'read' 'tmp' <Predicate = true> <Delay = 0.00>
ST_1 : Operation 13 [1/1] (0.00ns)   --->   "%row_in_load_2_read = read i8 @_ssdm_op_Read.ap_auto.i8, i8 %row_in_load_2"   --->   Operation 13 'read' 'row_in_load_2_read' <Predicate = true> <Delay = 0.00>
ST_1 : Operation 14 [1/1] (0.00ns)   --->   "%row_in_load_1_read = read i8 @_ssdm_op_Read.ap_auto.i8, i8 %row_in_load_1"   --->   Operation 14 'read' 'row_in_load_1_read' <Predicate = true> <Delay = 0.00>
ST_1 : Operation 15 [1/1] (0.00ns)   --->   "%row_in_load_read = read i8 @_ssdm_op_Read.ap_auto.i8, i8 %row_in_load"   --->   Operation 15 'read' 'row_in_load_read' <Predicate = true> <Delay = 0.00>
ST_1 : Operation 16 [1/1] (0.42ns)   --->   "%store_ln0 = store i8 %row_in_load_read, i8 %empty_100"   --->   Operation 16 'store' 'store_ln0' <Predicate = true> <Delay = 0.42>
ST_1 : Operation 17 [1/1] (0.42ns)   --->   "%store_ln0 = store i8 %row_in_load_1_read, i8 %empty_99"   --->   Operation 17 'store' 'store_ln0' <Predicate = true> <Delay = 0.42>
ST_1 : Operation 18 [1/1] (0.42ns)   --->   "%store_ln0 = store i8 %row_in_load_2_read, i8 %empty_98"   --->   Operation 18 'store' 'store_ln0' <Predicate = true> <Delay = 0.42>
ST_1 : Operation 19 [1/1] (0.42ns)   --->   "%store_ln0 = store i8 %row_in_load_1_read, i8 %empty_97"   --->   Operation 19 'store' 'store_ln0' <Predicate = true> <Delay = 0.42>
ST_1 : Operation 20 [1/1] (0.42ns)   --->   "%store_ln82 = store i10 0, i10 %column_13" [../src/gaussian_blur.cpp:82]   --->   Operation 20 'store' 'store_ln82' <Predicate = true> <Delay = 0.42>
ST_1 : Operation 21 [1/1] (0.42ns)   --->   "%store_ln0 = store i8 %row_in_load_read, i8 %empty_96"   --->   Operation 21 'store' 'store_ln0' <Predicate = true> <Delay = 0.42>
ST_1 : Operation 22 [1/1] (0.00ns)   --->   "%br_ln0 = br void %VITIS_LOOP_87_5"   --->   Operation 22 'br' 'br_ln0' <Predicate = true> <Delay = 0.00>
ST_1 : Operation 23 [1/1] (0.00ns)   --->   "%column = load i10 %column_13" [../src/gaussian_blur.cpp:82]   --->   Operation 23 'load' 'column' <Predicate = true> <Delay = 0.00>
ST_1 : Operation 24 [1/1] (0.78ns)   --->   "%icmp_ln82 = icmp_eq  i10 %column, i10 512" [../src/gaussian_blur.cpp:82]   --->   Operation 24 'icmp' 'icmp_ln82' <Predicate = true> <Delay = 0.78> <CoreInst = "Cmp">   --->   Core 9 'Cmp' <Latency = 0> <II = 1> <Delay = 0.78> <FuncUnit> <Opcode : 'seteq' 'setne' 'setle' 'setge' 'setlt' 'setgt'> <InPorts = 2> <OutPorts = 1>
ST_1 : Operation 25 [1/1] (0.78ns)   --->   "%add_ln82 = add i10 %column, i10 1" [../src/gaussian_blur.cpp:82]   --->   Operation 25 'add' 'add_ln82' <Predicate = true> <Delay = 0.78> <CoreInst = "Adder">   --->   Core 1 'Adder' <Latency = 0> <II = 1> <Delay = 0.78> <FuncUnit> <Opcode : 'add' 'sub'> <InPorts = 2> <OutPorts = 1>
ST_1 : Operation 26 [1/1] (0.00ns)   --->   "%br_ln82 = br i1 %icmp_ln82, void %VITIS_LOOP_87_5.split, void %if.end.loopexit.exitStub" [../src/gaussian_blur.cpp:82]   --->   Operation 26 'br' 'br_ln82' <Predicate = true> <Delay = 0.00>
ST_1 : Operation 27 [1/1] (0.67ns)   --->   "%switch_ln93 = switch i3 %tmp, void %arrayidx392.case.4, i3 0, void %arrayidx392.case.0, i3 1, void %arrayidx392.case.1, i3 2, void %arrayidx392.case.2, i3 3, void %arrayidx392.case.3" [../src/gaussian_blur.cpp:93]   --->   Operation 27 'switch' 'switch_ln93' <Predicate = (!icmp_ln82)> <Delay = 0.67>
ST_1 : Operation 28 [1/1] (0.00ns)   --->   "%trunc_ln102 = trunc i10 %column" [../src/gaussian_blur.cpp:102]   --->   Operation 28 'trunc' 'trunc_ln102' <Predicate = (!icmp_ln82)> <Delay = 0.00>
ST_1 : Operation 29 [1/1] (0.00ns)   --->   "%zext_ln102 = zext i9 %trunc_ln102" [../src/gaussian_blur.cpp:102]   --->   Operation 29 'zext' 'zext_ln102' <Predicate = (!icmp_ln82)> <Delay = 0.00>
ST_1 : Operation 30 [1/1] (0.77ns)   --->   "%add_ln102 = add i10 %zext_ln102, i10 3" [../src/gaussian_blur.cpp:102]   --->   Operation 30 'add' 'add_ln102' <Predicate = (!icmp_ln82)> <Delay = 0.77> <CoreInst = "Adder">   --->   Core 1 'Adder' <Latency = 0> <II = 1> <Delay = 0.77> <FuncUnit> <Opcode : 'add' 'sub'> <InPorts = 2> <OutPorts = 1>
ST_1 : Operation 31 [1/1] (0.00ns)   --->   "%trunc_ln26 = trunc i10 %add_ln102" [../src/gaussian_blur.cpp:26->../src/gaussian_blur.cpp:102]   --->   Operation 31 'trunc' 'trunc_ln26' <Predicate = (!icmp_ln82)> <Delay = 0.00>
ST_1 : Operation 32 [1/1] (0.00ns)   --->   "%tmp_46 = bitselect i1 @_ssdm_op_BitSelect.i1.i10.i32, i10 %add_ln102, i32 9" [../src/gaussian_blur.cpp:27->../src/gaussian_blur.cpp:102]   --->   Operation 32 'bitselect' 'tmp_46' <Predicate = (!icmp_ln82)> <Delay = 0.00>
ST_1 : Operation 33 [1/1] (0.77ns)   --->   "%sub_ln28 = sub i9 510, i9 %trunc_ln26" [../src/gaussian_blur.cpp:28->../src/gaussian_blur.cpp:102]   --->   Operation 33 'sub' 'sub_ln28' <Predicate = (!icmp_ln82)> <Delay = 0.77> <CoreInst = "Adder">   --->   Core 1 'Adder' <Latency = 0> <II = 1> <Delay = 0.77> <FuncUnit> <Opcode : 'add' 'sub'> <InPorts = 2> <OutPorts = 1>
ST_1 : Operation 34 [1/1] (0.39ns)   --->   "%select_ln27 = select i1 %tmp_46, i9 %sub_ln28, i9 %trunc_ln26" [../src/gaussian_blur.cpp:27->../src/gaussian_blur.cpp:102]   --->   Operation 34 'select' 'select_ln27' <Predicate = (!icmp_ln82)> <Delay = 0.39> <CoreInst = "Sel">   --->   Core 73 'Sel' <Latency = 0> <II = 1> <Delay = 0.39> <FuncUnit> <Opcode : 'select'> <InPorts = 3> <OutPorts = 1>
ST_1 : Operation 35 [1/1] (0.00ns)   --->   "%zext_ln102_1 = zext i9 %select_ln27" [../src/gaussian_blur.cpp:102]   --->   Operation 35 'zext' 'zext_ln102_1' <Predicate = (!icmp_ln82)> <Delay = 0.00>
ST_1 : Operation 36 [1/1] (0.00ns)   --->   "%row_in_addr = getelementptr i8 %row_in, i64 0, i64 %zext_ln102_1" [../src/gaussian_blur.cpp:102]   --->   Operation 36 'getelementptr' 'row_in_addr' <Predicate = (!icmp_ln82)> <Delay = 0.00>
ST_1 : Operation 37 [2/2] (1.23ns)   --->   "%row_in_load_3 = load i9 %row_in_addr" [../src/gaussian_blur.cpp:102]   --->   Operation 37 'load' 'row_in_load_3' <Predicate = (!icmp_ln82)> <Delay = 1.23> <CoreInst = "RAM">   --->   Core 82 'RAM' <Latency = 1> <II = 1> <Delay = 1.23> <Storage> <Opcode : 'load' 'store'> <Ports = 2> <Width = 8> <Depth = 512> <RAM>
ST_1 : Operation 38 [1/1] (0.42ns)   --->   "%store_ln82 = store i10 %add_ln82, i10 %column_13" [../src/gaussian_blur.cpp:82]   --->   Operation 38 'store' 'store_ln82' <Predicate = (!icmp_ln82)> <Delay = 0.42>

State 2 <SV = 1> <Delay = 2.47>
ST_2 : Operation 39 [1/1] (0.00ns)   --->   "%p_load3 = load i8 %empty_97"   --->   Operation 39 'load' 'p_load3' <Predicate = true> <Delay = 0.00>
ST_2 : Operation 40 [1/1] (0.00ns)   --->   "%p_load2 = load i8 %empty_98" [../src/gaussian_blur.cpp:89]   --->   Operation 40 'load' 'p_load2' <Predicate = true> <Delay = 0.00>
ST_2 : Operation 41 [1/1] (0.00ns)   --->   "%p_load1 = load i8 %empty_99"   --->   Operation 41 'load' 'p_load1' <Predicate = true> <Delay = 0.00>
ST_2 : Operation 42 [1/1] (0.00ns)   --->   "%p_load = load i8 %empty_100" [../src/gaussian_blur.cpp:89]   --->   Operation 42 'load' 'p_load' <Predicate = true> <Delay = 0.00>
ST_2 : Operation 43 [1/1] (0.00ns)   --->   "%p_load4 = load i8 %empty_96" [../src/gaussian_blur.cpp:90]   --->   Operation 43 'load' 'p_load4' <Predicate = (!icmp_ln82)> <Delay = 0.00>
ST_2 : Operation 44 [1/1] (0.00ns)   --->   "%zext_ln90 = zext i8 %p_load4" [../src/gaussian_blur.cpp:90]   --->   Operation 44 'zext' 'zext_ln90' <Predicate = (!icmp_ln82)> <Delay = 0.00>
ST_2 : Operation 45 [1/1] (0.00ns)   --->   "%zext_ln89 = zext i8 %p_load" [../src/gaussian_blur.cpp:89]   --->   Operation 45 'zext' 'zext_ln89' <Predicate = (!icmp_ln82)> <Delay = 0.00>
ST_2 : Operation 46 [1/1] (0.00ns)   --->   "%p_shl = bitconcatenate i11 @_ssdm_op_BitConcatenate.i11.i8.i3, i8 %p_load2, i3 0" [../src/gaussian_blur.cpp:89]   --->   Operation 46 'bitconcatenate' 'p_shl' <Predicate = (!icmp_ln82)> <Delay = 0.00>
ST_2 : Operation 47 [1/1] (0.00ns)   --->   "%tmp_45 = bitconcatenate i9 @_ssdm_op_BitConcatenate.i9.i8.i1, i8 %p_load2, i1 0" [../src/gaussian_blur.cpp:89]   --->   Operation 47 'bitconcatenate' 'tmp_45' <Predicate = (!icmp_ln82)> <Delay = 0.00>
ST_2 : Operation 48 [1/1] (0.00ns)   --->   "%zext_ln89_4 = zext i9 %tmp_45" [../src/gaussian_blur.cpp:89]   --->   Operation 48 'zext' 'zext_ln89_4' <Predicate = (!icmp_ln82)> <Delay = 0.00>
ST_2 : Operation 49 [1/1] (0.00ns) (grouped into TernaryAdder)   --->   "%sub_ln89 = sub i11 %p_shl, i11 %zext_ln89_4" [../src/gaussian_blur.cpp:89]   --->   Operation 49 'sub' 'sub_ln89' <Predicate = (!icmp_ln82)> <Delay = 0.00> <CoreInst = "TAddSub">   --->   Core 10 'TAddSub' <Latency = 0> <II = 1> <Delay = 0.45> <IPBlock> <Opcode : 'add' 'sub'> <InPorts = 3> <OutPorts = 1> <Sync> <CReg>
ST_2 : Operation 50 [1/1] (0.00ns)   --->   "%p_cast14 = zext i8 %p_load1"   --->   Operation 50 'zext' 'p_cast14' <Predicate = (!icmp_ln82)> <Delay = 0.00>
ST_2 : Operation 51 [1/1] (0.00ns)   --->   "%p_cast13 = zext i8 %p_load3"   --->   Operation 51 'zext' 'p_cast13' <Predicate = (!icmp_ln82)> <Delay = 0.00>
ST_2 : Operation 52 [1/1] (0.76ns)   --->   "%tmp4 = add i9 %p_cast13, i9 %p_cast14"   --->   Operation 52 'add' 'tmp4' <Predicate = (!icmp_ln82)> <Delay = 0.76> <CoreInst = "Adder">   --->   Core 1 'Adder' <Latency = 0> <II = 1> <Delay = 0.76> <FuncUnit> <Opcode : 'add' 'sub'> <InPorts = 2> <OutPorts = 1>
ST_2 : Operation 53 [1/1] (0.00ns)   --->   "%tmp1 = bitconcatenate i11 @_ssdm_op_BitConcatenate.i11.i9.i2, i9 %tmp4, i2 0"   --->   Operation 53 'bitconcatenate' 'tmp1' <Predicate = (!icmp_ln82)> <Delay = 0.00>
ST_2 : Operation 54 [1/1] (0.00ns)   --->   "%zext_ln89_1 = zext i11 %tmp1" [../src/gaussian_blur.cpp:89]   --->   Operation 54 'zext' 'zext_ln89_1' <Predicate = (!icmp_ln82)> <Delay = 0.00>
ST_2 : Operation 55 [1/1] (0.76ns)   --->   "%add_ln89 = add i9 %zext_ln89, i9 %zext_ln90" [../src/gaussian_blur.cpp:89]   --->   Operation 55 'add' 'add_ln89' <Predicate = (!icmp_ln82)> <Delay = 0.76> <CoreInst = "Adder">   --->   Core 1 'Adder' <Latency = 0> <II = 1> <Delay = 0.76> <FuncUnit> <Opcode : 'add' 'sub'> <InPorts = 2> <OutPorts = 1>
ST_2 : Operation 56 [1/1] (0.00ns)   --->   "%zext_ln89_3 = zext i9 %add_ln89" [../src/gaussian_blur.cpp:89]   --->   Operation 56 'zext' 'zext_ln89_3' <Predicate = (!icmp_ln82)> <Delay = 0.00>
ST_2 : Operation 57 [1/1] (0.91ns) (root node of TernaryAdder)   --->   "%add_ln89_1 = add i11 %zext_ln89_3, i11 %sub_ln89" [../src/gaussian_blur.cpp:89]   --->   Operation 57 'add' 'add_ln89_1' <Predicate = (!icmp_ln82)> <Delay = 0.91> <CoreInst = "TAddSub">   --->   Core 10 'TAddSub' <Latency = 0> <II = 1> <Delay = 0.45> <IPBlock> <Opcode : 'add' 'sub'> <InPorts = 3> <OutPorts = 1> <Sync> <CReg>
ST_2 : Operation 58 [1/1] (0.00ns)   --->   "%zext_ln89_2 = zext i11 %add_ln89_1" [../src/gaussian_blur.cpp:89]   --->   Operation 58 'zext' 'zext_ln89_2' <Predicate = (!icmp_ln82)> <Delay = 0.00>
ST_2 : Operation 59 [1/1] (0.79ns)   --->   "%add_ln89_2 = add i12 %zext_ln89_2, i12 %zext_ln89_1" [../src/gaussian_blur.cpp:89]   --->   Operation 59 'add' 'add_ln89_2' <Predicate = (!icmp_ln82)> <Delay = 0.79> <CoreInst = "Adder">   --->   Core 1 'Adder' <Latency = 0> <II = 1> <Delay = 0.79> <FuncUnit> <Opcode : 'add' 'sub'> <InPorts = 2> <OutPorts = 1>
ST_2 : Operation 60 [1/2] ( I:1.23ns O:1.23ns )   --->   "%row_in_load_3 = load i9 %row_in_addr" [../src/gaussian_blur.cpp:102]   --->   Operation 60 'load' 'row_in_load_3' <Predicate = (!icmp_ln82)> <Delay = 1.23> <CoreInst = "RAM">   --->   Core 82 'RAM' <Latency = 1> <II = 1> <Delay = 1.23> <Storage> <Opcode : 'load' 'store'> <Ports = 2> <Width = 8> <Depth = 512> <RAM>
ST_2 : Operation 61 [1/1] (0.42ns)   --->   "%store_ln102 = store i8 %row_in_load_3, i8 %empty_100" [../src/gaussian_blur.cpp:102]   --->   Operation 61 'store' 'store_ln102' <Predicate = (!icmp_ln82)> <Delay = 0.42>
ST_2 : Operation 62 [1/1] (0.42ns)   --->   "%store_ln89 = store i8 %p_load, i8 %empty_99" [../src/gaussian_blur.cpp:89]   --->   Operation 62 'store' 'store_ln89' <Predicate = (!icmp_ln82)> <Delay = 0.42>
ST_2 : Operation 63 [1/1] (0.42ns)   --->   "%store_ln0 = store i8 %p_load1, i8 %empty_98"   --->   Operation 63 'store' 'store_ln0' <Predicate = (!icmp_ln82)> <Delay = 0.42>
ST_2 : Operation 64 [1/1] (0.42ns)   --->   "%store_ln89 = store i8 %p_load2, i8 %empty_97" [../src/gaussian_blur.cpp:89]   --->   Operation 64 'store' 'store_ln89' <Predicate = (!icmp_ln82)> <Delay = 0.42>
ST_2 : Operation 65 [1/1] (0.42ns)   --->   "%store_ln0 = store i8 %p_load3, i8 %empty_96"   --->   Operation 65 'store' 'store_ln0' <Predicate = (!icmp_ln82)> <Delay = 0.42>
ST_2 : Operation 66 [1/1] (0.00ns)   --->   "%br_ln82 = br void %VITIS_LOOP_87_5" [../src/gaussian_blur.cpp:82]   --->   Operation 66 'br' 'br_ln82' <Predicate = (!icmp_ln82)> <Delay = 0.00>
ST_2 : Operation 86 [1/1] (0.42ns)   --->   "%ret_ln0 = ret"   --->   Operation 86 'ret' 'ret_ln0' <Predicate = (icmp_ln82)> <Delay = 0.42>

State 3 <SV = 2> <Delay = 1.23>
ST_3 : Operation 67 [1/1] (0.00ns)   --->   "%zext_ln82 = zext i10 %column" [../src/gaussian_blur.cpp:82]   --->   Operation 67 'zext' 'zext_ln82' <Predicate = true> <Delay = 0.00>
ST_3 : Operation 68 [1/1] (0.00ns)   --->   "%specpipeline_ln83 = specpipeline void @_ssdm_op_SpecPipeline, i32 1, i32 0, i32 0, i32 0, i32 4294967295, void @empty_5" [../src/gaussian_blur.cpp:83]   --->   Operation 68 'specpipeline' 'specpipeline_ln83' <Predicate = true> <Delay = 0.00>
ST_3 : Operation 69 [1/1] (0.00ns)   --->   "%speclooptripcount_ln82 = speclooptripcount void @_ssdm_op_SpecLoopTripCount, i64 512, i64 512, i64 512" [../src/gaussian_blur.cpp:82]   --->   Operation 69 'speclooptripcount' 'speclooptripcount_ln82' <Predicate = true> <Delay = 0.00>
ST_3 : Operation 70 [1/1] (0.00ns)   --->   "%specloopname_ln82 = specloopname void @_ssdm_op_SpecLoopName, void @empty_9" [../src/gaussian_blur.cpp:82]   --->   Operation 70 'specloopname' 'specloopname_ln82' <Predicate = true> <Delay = 0.00>
ST_3 : Operation 71 [1/1] (0.00ns)   --->   "%lineBuffer_addr = getelementptr i12 %lineBuffer, i64 0, i64 %zext_ln82" [../src/gaussian_blur.cpp:93]   --->   Operation 71 'getelementptr' 'lineBuffer_addr' <Predicate = true> <Delay = 0.00>
ST_3 : Operation 72 [1/1] (0.00ns)   --->   "%lineBuffer_1_addr = getelementptr i12 %lineBuffer_1, i64 0, i64 %zext_ln82" [../src/gaussian_blur.cpp:93]   --->   Operation 72 'getelementptr' 'lineBuffer_1_addr' <Predicate = true> <Delay = 0.00>
ST_3 : Operation 73 [1/1] (0.00ns)   --->   "%lineBuffer_2_addr = getelementptr i12 %lineBuffer_2, i64 0, i64 %zext_ln82" [../src/gaussian_blur.cpp:93]   --->   Operation 73 'getelementptr' 'lineBuffer_2_addr' <Predicate = true> <Delay = 0.00>
ST_3 : Operation 74 [1/1] (0.00ns)   --->   "%lineBuffer_3_addr = getelementptr i12 %lineBuffer_3, i64 0, i64 %zext_ln82" [../src/gaussian_blur.cpp:93]   --->   Operation 74 'getelementptr' 'lineBuffer_3_addr' <Predicate = true> <Delay = 0.00>
ST_3 : Operation 75 [1/1] (0.00ns)   --->   "%lineBuffer_4_addr = getelementptr i12 %lineBuffer_4, i64 0, i64 %zext_ln82" [../src/gaussian_blur.cpp:93]   --->   Operation 75 'getelementptr' 'lineBuffer_4_addr' <Predicate = true> <Delay = 0.00>
ST_3 : Operation 76 [1/1] ( I:1.23ns O:1.23ns )   --->   "%store_ln93 = store i12 %add_ln89_2, i9 %lineBuffer_3_addr" [../src/gaussian_blur.cpp:93]   --->   Operation 76 'store' 'store_ln93' <Predicate = (tmp == 3)> <Delay = 1.23> <CoreInst = "RAM">   --->   Core 82 'RAM' <Latency = 1> <II = 1> <Delay = 1.23> <Storage> <Opcode : 'load' 'store'> <Ports = 2> <Width = 12> <Depth = 512> <RAM>
ST_3 : Operation 77 [1/1] (0.00ns)   --->   "%br_ln93 = br void %arrayidx392.exit" [../src/gaussian_blur.cpp:93]   --->   Operation 77 'br' 'br_ln93' <Predicate = (tmp == 3)> <Delay = 0.00>
ST_3 : Operation 78 [1/1] ( I:1.23ns O:1.23ns )   --->   "%store_ln93 = store i12 %add_ln89_2, i9 %lineBuffer_2_addr" [../src/gaussian_blur.cpp:93]   --->   Operation 78 'store' 'store_ln93' <Predicate = (tmp == 2)> <Delay = 1.23> <CoreInst = "RAM">   --->   Core 82 'RAM' <Latency = 1> <II = 1> <Delay = 1.23> <Storage> <Opcode : 'load' 'store'> <Ports = 2> <Width = 12> <Depth = 512> <RAM>
ST_3 : Operation 79 [1/1] (0.00ns)   --->   "%br_ln93 = br void %arrayidx392.exit" [../src/gaussian_blur.cpp:93]   --->   Operation 79 'br' 'br_ln93' <Predicate = (tmp == 2)> <Delay = 0.00>
ST_3 : Operation 80 [1/1] ( I:1.23ns O:1.23ns )   --->   "%store_ln93 = store i12 %add_ln89_2, i9 %lineBuffer_1_addr" [../src/gaussian_blur.cpp:93]   --->   Operation 80 'store' 'store_ln93' <Predicate = (tmp == 1)> <Delay = 1.23> <CoreInst = "RAM">   --->   Core 82 'RAM' <Latency = 1> <II = 1> <Delay = 1.23> <Storage> <Opcode : 'load' 'store'> <Ports = 2> <Width = 12> <Depth = 512> <RAM>
ST_3 : Operation 81 [1/1] (0.00ns)   --->   "%br_ln93 = br void %arrayidx392.exit" [../src/gaussian_blur.cpp:93]   --->   Operation 81 'br' 'br_ln93' <Predicate = (tmp == 1)> <Delay = 0.00>
ST_3 : Operation 82 [1/1] ( I:1.23ns O:1.23ns )   --->   "%store_ln93 = store i12 %add_ln89_2, i9 %lineBuffer_addr" [../src/gaussian_blur.cpp:93]   --->   Operation 82 'store' 'store_ln93' <Predicate = (tmp == 0)> <Delay = 1.23> <CoreInst = "RAM">   --->   Core 82 'RAM' <Latency = 1> <II = 1> <Delay = 1.23> <Storage> <Opcode : 'load' 'store'> <Ports = 2> <Width = 12> <Depth = 512> <RAM>
ST_3 : Operation 83 [1/1] (0.00ns)   --->   "%br_ln93 = br void %arrayidx392.exit" [../src/gaussian_blur.cpp:93]   --->   Operation 83 'br' 'br_ln93' <Predicate = (tmp == 0)> <Delay = 0.00>
ST_3 : Operation 84 [1/1] ( I:1.23ns O:1.23ns )   --->   "%store_ln93 = store i12 %add_ln89_2, i9 %lineBuffer_4_addr" [../src/gaussian_blur.cpp:93]   --->   Operation 84 'store' 'store_ln93' <Predicate = (tmp != 0 & tmp != 1 & tmp != 2 & tmp != 3)> <Delay = 1.23> <CoreInst = "RAM">   --->   Core 82 'RAM' <Latency = 1> <II = 1> <Delay = 1.23> <Storage> <Opcode : 'load' 'store'> <Ports = 2> <Width = 12> <Depth = 512> <RAM>
ST_3 : Operation 85 [1/1] (0.00ns)   --->   "%br_ln93 = br void %arrayidx392.exit" [../src/gaussian_blur.cpp:93]   --->   Operation 85 'br' 'br_ln93' <Predicate = (tmp != 0 & tmp != 1 & tmp != 2 & tmp != 3)> <Delay = 0.00>


============================================================
+ Verbose Summary: Binding
============================================================
STG Binding: 
---------------- STG Properties BEGIN ----------------
- Is combinational: 0
- Is one-state seq: 0
- Is datapath-only: 0
- Is pipelined: 0
- Is top level: 0
Port [ Return ] is wired: 1; IO mode=ap_ctrl_hs:ce=0
Port [ row_in_load]:  wired=1; compound=0; hidden=0; nouse=0; global=0; static=0; extern=0; dir=0; type=0; pingpong=0; private_global=0; IO mode=ap_none:ce=0
Port [ row_in_load_1]:  wired=1; compound=0; hidden=0; nouse=0; global=0; static=0; extern=0; dir=0; type=0; pingpong=0; private_global=0; IO mode=ap_none:ce=0
Port [ row_in_load_2]:  wired=1; compound=0; hidden=0; nouse=0; global=0; static=0; extern=0; dir=0; type=0; pingpong=0; private_global=0; IO mode=ap_none:ce=0
Port [ row_in]:  wired=1; compound=1; hidden=0; nouse=0; global=0; static=0; extern=0; dir=0; type=1; pingpong=0; private_global=0; MemPort=[13]; IO mode=ap_memory:ce=0
Port [ lineBuffer_4]:  wired=1; compound=1; hidden=0; nouse=0; global=0; static=0; extern=0; dir=1; type=1; pingpong=0; private_global=0; MemPort=[03]; IO mode=ap_memory:ce=0
Port [ lineBuffer_3]:  wired=1; compound=1; hidden=0; nouse=0; global=0; static=0; extern=0; dir=1; type=1; pingpong=0; private_global=0; MemPort=[03]; IO mode=ap_memory:ce=0
Port [ lineBuffer_2]:  wired=1; compound=1; hidden=0; nouse=0; global=0; static=0; extern=0; dir=1; type=1; pingpong=0; private_global=0; MemPort=[03]; IO mode=ap_memory:ce=0
Port [ lineBuffer_1]:  wired=1; compound=1; hidden=0; nouse=0; global=0; static=0; extern=0; dir=1; type=1; pingpong=0; private_global=0; MemPort=[03]; IO mode=ap_memory:ce=0
Port [ lineBuffer]:  wired=1; compound=1; hidden=0; nouse=0; global=0; static=0; extern=0; dir=1; type=1; pingpong=0; private_global=0; MemPort=[03]; IO mode=ap_memory:ce=0
Port [ empty]:  wired=1; compound=0; hidden=0; nouse=0; global=0; static=0; extern=0; dir=0; type=0; pingpong=0; private_global=0; IO mode=ap_none:ce=0
---------------- STG Properties END ------------------

---------------- Datapath Model BEGIN ----------------

<LifeTime>
<method=bitvector/>
empty_96               (alloca           ) [ 0110]
column_13              (alloca           ) [ 0100]
empty_97               (alloca           ) [ 0110]
empty_98               (alloca           ) [ 0110]
empty_99               (alloca           ) [ 0110]
empty_100              (alloca           ) [ 0110]
tmp                    (read             ) [ 0111]
row_in_load_2_read     (read             ) [ 0000]
row_in_load_1_read     (read             ) [ 0000]
row_in_load_read       (read             ) [ 0000]
store_ln0              (store            ) [ 0000]
store_ln0              (store            ) [ 0000]
store_ln0              (store            ) [ 0000]
store_ln0              (store            ) [ 0000]
store_ln82             (store            ) [ 0000]
store_ln0              (store            ) [ 0000]
br_ln0                 (br               ) [ 0000]
column                 (load             ) [ 0111]
icmp_ln82              (icmp             ) [ 0110]
add_ln82               (add              ) [ 0000]
br_ln82                (br               ) [ 0000]
switch_ln93            (switch           ) [ 0000]
trunc_ln102            (trunc            ) [ 0000]
zext_ln102             (zext             ) [ 0000]
add_ln102              (add              ) [ 0000]
trunc_ln26             (trunc            ) [ 0000]
tmp_46                 (bitselect        ) [ 0000]
sub_ln28               (sub              ) [ 0000]
select_ln27            (select           ) [ 0000]
zext_ln102_1           (zext             ) [ 0000]
row_in_addr            (getelementptr    ) [ 0110]
store_ln82             (store            ) [ 0000]
p_load3                (load             ) [ 0000]
p_load2                (load             ) [ 0000]
p_load1                (load             ) [ 0000]
p_load                 (load             ) [ 0000]
p_load4                (load             ) [ 0000]
zext_ln90              (zext             ) [ 0000]
zext_ln89              (zext             ) [ 0000]
p_shl                  (bitconcatenate   ) [ 0000]
tmp_45                 (bitconcatenate   ) [ 0000]
zext_ln89_4            (zext             ) [ 0000]
sub_ln89               (sub              ) [ 0000]
p_cast14               (zext             ) [ 0000]
p_cast13               (zext             ) [ 0000]
tmp4                   (add              ) [ 0000]
tmp1                   (bitconcatenate   ) [ 0000]
zext_ln89_1            (zext             ) [ 0000]
add_ln89               (add              ) [ 0000]
zext_ln89_3            (zext             ) [ 0000]
add_ln89_1             (add              ) [ 0000]
zext_ln89_2            (zext             ) [ 0000]
add_ln89_2             (add              ) [ 0101]
row_in_load_3          (load             ) [ 0000]
store_ln102            (store            ) [ 0000]
store_ln89             (store            ) [ 0000]
store_ln0              (store            ) [ 0000]
store_ln89             (store            ) [ 0000]
store_ln0              (store            ) [ 0000]
br_ln82                (br               ) [ 0000]
zext_ln82              (zext             ) [ 0000]
specpipeline_ln83      (specpipeline     ) [ 0000]
speclooptripcount_ln82 (speclooptripcount) [ 0000]
specloopname_ln82      (specloopname     ) [ 0000]
lineBuffer_addr        (getelementptr    ) [ 0000]
lineBuffer_1_addr      (getelementptr    ) [ 0000]
lineBuffer_2_addr      (getelementptr    ) [ 0000]
lineBuffer_3_addr      (getelementptr    ) [ 0000]
lineBuffer_4_addr      (getelementptr    ) [ 0000]
store_ln93             (store            ) [ 0000]
br_ln93                (br               ) [ 0000]
store_ln93             (store            ) [ 0000]
br_ln93                (br               ) [ 0000]
store_ln93             (store            ) [ 0000]
br_ln93                (br               ) [ 0000]
store_ln93             (store            ) [ 0000]
br_ln93                (br               ) [ 0000]
store_ln93             (store            ) [ 0000]
br_ln93                (br               ) [ 0000]
ret_ln0                (ret              ) [ 0000]
</LifeTime>

<model>

<comp_list>
<comp id="0" class="1000" name="row_in_load">
<pin_list>
<pin id="1" dir="1" index="0" bw="1" slack="0"/>
</pin_list>
<bind>
<StgValue><ssdm name="row_in_load"/></StgValue>
</bind>
</comp>

<comp id="2" class="1000" name="row_in_load_1">
<pin_list>
<pin id="3" dir="1" index="0" bw="1" slack="0"/>
</pin_list>
<bind>
<StgValue><ssdm name="row_in_load_1"/></StgValue>
</bind>
</comp>

<comp id="4" class="1000" name="row_in_load_2">
<pin_list>
<pin id="5" dir="1" index="0" bw="1" slack="0"/>
</pin_list>
<bind>
<StgValue><ssdm name="row_in_load_2"/></StgValue>
</bind>
</comp>

<comp id="6" class="1000" name="row_in">
<pin_list>
<pin id="7" dir="1" index="0" bw="1" slack="0"/>
</pin_list>
<bind>
<StgValue><ssdm name="row_in"/><MemPortTyVec>1 3 </MemPortTyVec>
</StgValue>
</bind>
</comp>

<comp id="8" class="1000" name="lineBuffer_4">
<pin_list>
<pin id="9" dir="1" index="0" bw="1" slack="0"/>
</pin_list>
<bind>
<StgValue><ssdm name="lineBuffer_4"/><MemPortTyVec>0 3 </MemPortTyVec>
</StgValue>
</bind>
</comp>

<comp id="10" class="1000" name="lineBuffer_3">
<pin_list>
<pin id="11" dir="1" index="0" bw="1" slack="0"/>
</pin_list>
<bind>
<StgValue><ssdm name="lineBuffer_3"/><MemPortTyVec>0 3 </MemPortTyVec>
</StgValue>
</bind>
</comp>

<comp id="12" class="1000" name="lineBuffer_2">
<pin_list>
<pin id="13" dir="1" index="0" bw="1" slack="0"/>
</pin_list>
<bind>
<StgValue><ssdm name="lineBuffer_2"/><MemPortTyVec>0 3 </MemPortTyVec>
</StgValue>
</bind>
</comp>

<comp id="14" class="1000" name="lineBuffer_1">
<pin_list>
<pin id="15" dir="1" index="0" bw="1" slack="0"/>
</pin_list>
<bind>
<StgValue><ssdm name="lineBuffer_1"/><MemPortTyVec>0 3 </MemPortTyVec>
</StgValue>
</bind>
</comp>

<comp id="16" class="1000" name="lineBuffer">
<pin_list>
<pin id="17" dir="1" index="0" bw="1" slack="0"/>
</pin_list>
<bind>
<StgValue><ssdm name="lineBuffer"/><MemPortTyVec>0 3 </MemPortTyVec>
</StgValue>
</bind>
</comp>

<comp id="18" class="1000" name="empty">
<pin_list>
<pin id="19" dir="1" index="0" bw="1" slack="0"/>
</pin_list>
<bind>
<StgValue><ssdm name="empty"/></StgValue>
</bind>
</comp>

<comp id="20" class="1001" name="const_20">
<pin_list>
<pin id="21" dir="1" index="0" bw="1" slack="0"/>
</pin_list>
<bind>
<StgValue><ssdm name=""/></StgValue>
</bind>
</comp>

<comp id="22" class="1001" name="const_22">
<pin_list>
<pin id="23" dir="1" index="0" bw="1" slack="0"/>
</pin_list>
<bind>
<StgValue><ssdm name="_ssdm_op_Read.ap_auto.i3"/></StgValue>
</bind>
</comp>

<comp id="24" class="1001" name="const_24">
<pin_list>
<pin id="25" dir="1" index="0" bw="1" slack="0"/>
</pin_list>
<bind>
<StgValue><ssdm name="_ssdm_op_Read.ap_auto.i8"/></StgValue>
</bind>
</comp>

<comp id="26" class="1001" name="const_26">
<pin_list>
<pin id="27" dir="1" index="0" bw="1" slack="0"/>
</pin_list>
<bind>
<StgValue><ssdm name=""/></StgValue>
</bind>
</comp>

<comp id="28" class="1001" name="const_28">
<pin_list>
<pin id="29" dir="1" index="0" bw="1" slack="0"/>
</pin_list>
<bind>
<StgValue><ssdm name=""/></StgValue>
</bind>
</comp>

<comp id="30" class="1001" name="const_30">
<pin_list>
<pin id="31" dir="1" index="0" bw="1" slack="0"/>
</pin_list>
<bind>
<StgValue><ssdm name=""/></StgValue>
</bind>
</comp>

<comp id="32" class="1001" name="const_32">
<pin_list>
<pin id="33" dir="1" index="0" bw="1" slack="0"/>
</pin_list>
<bind>
<StgValue><ssdm name=""/></StgValue>
</bind>
</comp>

<comp id="34" class="1001" name="const_34">
<pin_list>
<pin id="35" dir="1" index="0" bw="1" slack="0"/>
</pin_list>
<bind>
<StgValue><ssdm name=""/></StgValue>
</bind>
</comp>

<comp id="36" class="1001" name="const_36">
<pin_list>
<pin id="37" dir="1" index="0" bw="1" slack="0"/>
</pin_list>
<bind>
<StgValue><ssdm name=""/></StgValue>
</bind>
</comp>

<comp id="38" class="1001" name="const_38">
<pin_list>
<pin id="39" dir="1" index="0" bw="1" slack="0"/>
</pin_list>
<bind>
<StgValue><ssdm name=""/></StgValue>
</bind>
</comp>

<comp id="40" class="1001" name="const_40">
<pin_list>
<pin id="41" dir="1" index="0" bw="1" slack="0"/>
</pin_list>
<bind>
<StgValue><ssdm name=""/></StgValue>
</bind>
</comp>

<comp id="42" class="1001" name="const_42">
<pin_list>
<pin id="43" dir="1" index="0" bw="1" slack="0"/>
</pin_list>
<bind>
<StgValue><ssdm name="_ssdm_op_BitSelect.i1.i10.i32"/></StgValue>
</bind>
</comp>

<comp id="44" class="1001" name="const_44">
<pin_list>
<pin id="45" dir="1" index="0" bw="1" slack="0"/>
</pin_list>
<bind>
<StgValue><ssdm name=""/></StgValue>
</bind>
</comp>

<comp id="46" class="1001" name="const_46">
<pin_list>
<pin id="47" dir="1" index="0" bw="1" slack="0"/>
</pin_list>
<bind>
<StgValue><ssdm name=""/></StgValue>
</bind>
</comp>

<comp id="48" class="1001" name="const_48">
<pin_list>
<pin id="49" dir="1" index="0" bw="1" slack="0"/>
</pin_list>
<bind>
<StgValue><ssdm name=""/></StgValue>
</bind>
</comp>

<comp id="50" class="1001" name="const_50">
<pin_list>
<pin id="51" dir="1" index="0" bw="1" slack="0"/>
</pin_list>
<bind>
<StgValue><ssdm name="_ssdm_op_BitConcatenate.i11.i8.i3"/></StgValue>
</bind>
</comp>

<comp id="52" class="1001" name="const_52">
<pin_list>
<pin id="53" dir="1" index="0" bw="1" slack="0"/>
</pin_list>
<bind>
<StgValue><ssdm name="_ssdm_op_BitConcatenate.i9.i8.i1"/></StgValue>
</bind>
</comp>

<comp id="54" class="1001" name="const_54">
<pin_list>
<pin id="55" dir="1" index="0" bw="1" slack="0"/>
</pin_list>
<bind>
<StgValue><ssdm name=""/></StgValue>
</bind>
</comp>

<comp id="56" class="1001" name="const_56">
<pin_list>
<pin id="57" dir="1" index="0" bw="1" slack="0"/>
</pin_list>
<bind>
<StgValue><ssdm name="_ssdm_op_BitConcatenate.i11.i9.i2"/></StgValue>
</bind>
</comp>

<comp id="58" class="1001" name="const_58">
<pin_list>
<pin id="59" dir="1" index="0" bw="1" slack="0"/>
</pin_list>
<bind>
<StgValue><ssdm name=""/></StgValue>
</bind>
</comp>

<comp id="60" class="1001" name="const_60">
<pin_list>
<pin id="61" dir="1" index="0" bw="1" slack="2147483647"/>
</pin_list>
<bind>
<StgValue><ssdm name="_ssdm_op_SpecPipeline"/></StgValue>
</bind>
</comp>

<comp id="62" class="1001" name="const_62">
<pin_list>
<pin id="63" dir="1" index="0" bw="1" slack="2147483647"/>
</pin_list>
<bind>
<StgValue><ssdm name=""/></StgValue>
</bind>
</comp>

<comp id="64" class="1001" name="const_64">
<pin_list>
<pin id="65" dir="1" index="0" bw="1" slack="2147483647"/>
</pin_list>
<bind>
<StgValue><ssdm name=""/></StgValue>
</bind>
</comp>

<comp id="66" class="1001" name="const_66">
<pin_list>
<pin id="67" dir="1" index="0" bw="1" slack="2147483647"/>
</pin_list>
<bind>
<StgValue><ssdm name="empty_5"/></StgValue>
</bind>
</comp>

<comp id="68" class="1001" name="const_68">
<pin_list>
<pin id="69" dir="1" index="0" bw="1" slack="2147483647"/>
</pin_list>
<bind>
<StgValue><ssdm name="_ssdm_op_SpecLoopTripCount"/></StgValue>
</bind>
</comp>

<comp id="70" class="1001" name="const_70">
<pin_list>
<pin id="71" dir="1" index="0" bw="1" slack="2147483647"/>
</pin_list>
<bind>
<StgValue><ssdm name=""/></StgValue>
</bind>
</comp>

<comp id="72" class="1001" name="const_72">
<pin_list>
<pin id="73" dir="1" index="0" bw="1" slack="2147483647"/>
</pin_list>
<bind>
<StgValue><ssdm name="_ssdm_op_SpecLoopName"/></StgValue>
</bind>
</comp>

<comp id="74" class="1001" name="const_74">
<pin_list>
<pin id="75" dir="1" index="0" bw="1" slack="2147483647"/>
</pin_list>
<bind>
<StgValue><ssdm name="empty_9"/></StgValue>
</bind>
</comp>

<comp id="76" class="1004" name="empty_96_fu_76">
<pin_list>
<pin id="77" dir="0" index="0" bw="1" slack="0"/>
<pin id="78" dir="1" index="1" bw="8" slack="0"/>
</pin_list>
<bind>
<opcode="alloca(26) " fcode="alloca"/>
<opset="empty_96/1 "/>
</bind>
</comp>

<comp id="80" class="1004" name="column_13_fu_80">
<pin_list>
<pin id="81" dir="0" index="0" bw="1" slack="0"/>
<pin id="82" dir="1" index="1" bw="10" slack="0"/>
</pin_list>
<bind>
<opcode="alloca(26) " fcode="alloca"/>
<opset="column_13/1 "/>
</bind>
</comp>

<comp id="84" class="1004" name="empty_97_fu_84">
<pin_list>
<pin id="85" dir="0" index="0" bw="1" slack="0"/>
<pin id="86" dir="1" index="1" bw="8" slack="0"/>
</pin_list>
<bind>
<opcode="alloca(26) " fcode="alloca"/>
<opset="empty_97/1 "/>
</bind>
</comp>

<comp id="88" class="1004" name="empty_98_fu_88">
<pin_list>
<pin id="89" dir="0" index="0" bw="1" slack="0"/>
<pin id="90" dir="1" index="1" bw="8" slack="0"/>
</pin_list>
<bind>
<opcode="alloca(26) " fcode="alloca"/>
<opset="empty_98/1 "/>
</bind>
</comp>

<comp id="92" class="1004" name="empty_99_fu_92">
<pin_list>
<pin id="93" dir="0" index="0" bw="1" slack="0"/>
<pin id="94" dir="1" index="1" bw="8" slack="0"/>
</pin_list>
<bind>
<opcode="alloca(26) " fcode="alloca"/>
<opset="empty_99/1 "/>
</bind>
</comp>

<comp id="96" class="1004" name="empty_100_fu_96">
<pin_list>
<pin id="97" dir="0" index="0" bw="1" slack="0"/>
<pin id="98" dir="1" index="1" bw="8" slack="0"/>
</pin_list>
<bind>
<opcode="alloca(26) " fcode="alloca"/>
<opset="empty_100/1 "/>
</bind>
</comp>

<comp id="100" class="1004" name="tmp_read_fu_100">
<pin_list>
<pin id="101" dir="0" index="0" bw="3" slack="0"/>
<pin id="102" dir="0" index="1" bw="3" slack="0"/>
<pin id="103" dir="1" index="2" bw="3" slack="0"/>
</pin_list>
<bind>
<opcode="read(1150) " fcode="read"/>
<opset="tmp/1 "/>
</bind>
</comp>

<comp id="106" class="1004" name="row_in_load_2_read_read_fu_106">
<pin_list>
<pin id="107" dir="0" index="0" bw="8" slack="0"/>
<pin id="108" dir="0" index="1" bw="8" slack="0"/>
<pin id="109" dir="1" index="2" bw="8" slack="0"/>
</pin_list>
<bind>
<opcode="read(1150) " fcode="read"/>
<opset="row_in_load_2_read/1 "/>
</bind>
</comp>

<comp id="112" class="1004" name="row_in_load_1_read_read_fu_112">
<pin_list>
<pin id="113" dir="0" index="0" bw="8" slack="0"/>
<pin id="114" dir="0" index="1" bw="8" slack="0"/>
<pin id="115" dir="1" index="2" bw="8" slack="0"/>
</pin_list>
<bind>
<opcode="read(1150) " fcode="read"/>
<opset="row_in_load_1_read/1 "/>
</bind>
</comp>

<comp id="118" class="1004" name="row_in_load_read_read_fu_118">
<pin_list>
<pin id="119" dir="0" index="0" bw="8" slack="0"/>
<pin id="120" dir="0" index="1" bw="8" slack="0"/>
<pin id="121" dir="1" index="2" bw="8" slack="0"/>
</pin_list>
<bind>
<opcode="read(1150) " fcode="read"/>
<opset="row_in_load_read/1 "/>
</bind>
</comp>

<comp id="124" class="1004" name="row_in_addr_gep_fu_124">
<pin_list>
<pin id="125" dir="0" index="0" bw="8" slack="0"/>
<pin id="126" dir="0" index="1" bw="1" slack="0"/>
<pin id="127" dir="0" index="2" bw="9" slack="0"/>
<pin id="128" dir="1" index="3" bw="9" slack="0"/>
</pin_list>
<bind>
<opcode="getelementptr(29) " fcode="getelementptr"/>
<opset="row_in_addr/1 "/>
</bind>
</comp>

<comp id="131" class="1004" name="grp_access_fu_131">
<pin_list>
<pin id="132" dir="0" index="0" bw="9" slack="0"/>
<pin id="133" dir="0" index="1" bw="8" slack="2147483647"/>
<pin id="134" dir="0" index="2" bw="0" slack="2147483647"/>
<pin id="135" dir="1" index="3" bw="8" slack="0"/>
</pin_list>
<bind>
<opcode="load(27) " fcode="load"/>
<opset="row_in_load_3/1 "/>
</bind>
</comp>

<comp id="137" class="1004" name="lineBuffer_addr_gep_fu_137">
<pin_list>
<pin id="138" dir="0" index="0" bw="12" slack="0"/>
<pin id="139" dir="0" index="1" bw="1" slack="0"/>
<pin id="140" dir="0" index="2" bw="10" slack="0"/>
<pin id="141" dir="1" index="3" bw="9" slack="0"/>
</pin_list>
<bind>
<opcode="getelementptr(29) " fcode="getelementptr"/>
<opset="lineBuffer_addr/3 "/>
</bind>
</comp>

<comp id="144" class="1004" name="lineBuffer_1_addr_gep_fu_144">
<pin_list>
<pin id="145" dir="0" index="0" bw="12" slack="0"/>
<pin id="146" dir="0" index="1" bw="1" slack="0"/>
<pin id="147" dir="0" index="2" bw="10" slack="0"/>
<pin id="148" dir="1" index="3" bw="9" slack="0"/>
</pin_list>
<bind>
<opcode="getelementptr(29) " fcode="getelementptr"/>
<opset="lineBuffer_1_addr/3 "/>
</bind>
</comp>

<comp id="151" class="1004" name="lineBuffer_2_addr_gep_fu_151">
<pin_list>
<pin id="152" dir="0" index="0" bw="12" slack="0"/>
<pin id="153" dir="0" index="1" bw="1" slack="0"/>
<pin id="154" dir="0" index="2" bw="10" slack="0"/>
<pin id="155" dir="1" index="3" bw="9" slack="0"/>
</pin_list>
<bind>
<opcode="getelementptr(29) " fcode="getelementptr"/>
<opset="lineBuffer_2_addr/3 "/>
</bind>
</comp>

<comp id="158" class="1004" name="lineBuffer_3_addr_gep_fu_158">
<pin_list>
<pin id="159" dir="0" index="0" bw="12" slack="0"/>
<pin id="160" dir="0" index="1" bw="1" slack="0"/>
<pin id="161" dir="0" index="2" bw="10" slack="0"/>
<pin id="162" dir="1" index="3" bw="9" slack="0"/>
</pin_list>
<bind>
<opcode="getelementptr(29) " fcode="getelementptr"/>
<opset="lineBuffer_3_addr/3 "/>
</bind>
</comp>

<comp id="165" class="1004" name="lineBuffer_4_addr_gep_fu_165">
<pin_list>
<pin id="166" dir="0" index="0" bw="12" slack="0"/>
<pin id="167" dir="0" index="1" bw="1" slack="0"/>
<pin id="168" dir="0" index="2" bw="10" slack="0"/>
<pin id="169" dir="1" index="3" bw="9" slack="0"/>
</pin_list>
<bind>
<opcode="getelementptr(29) " fcode="getelementptr"/>
<opset="lineBuffer_4_addr/3 "/>
</bind>
</comp>

<comp id="172" class="1004" name="store_ln93_access_fu_172">
<pin_list>
<pin id="173" dir="0" index="0" bw="9" slack="0"/>
<pin id="174" dir="0" index="1" bw="12" slack="1"/>
<pin id="175" dir="0" index="2" bw="0" slack="2147483647"/>
<pin id="176" dir="1" index="3" bw="12" slack="2147483647"/>
</pin_list>
<bind>
<opcode="store(28) " fcode="store"/>
<opset="store_ln93/3 "/>
</bind>
</comp>

<comp id="178" class="1004" name="store_ln93_access_fu_178">
<pin_list>
<pin id="179" dir="0" index="0" bw="9" slack="0"/>
<pin id="180" dir="0" index="1" bw="12" slack="1"/>
<pin id="181" dir="0" index="2" bw="0" slack="2147483647"/>
<pin id="182" dir="1" index="3" bw="12" slack="2147483647"/>
</pin_list>
<bind>
<opcode="store(28) " fcode="store"/>
<opset="store_ln93/3 "/>
</bind>
</comp>

<comp id="184" class="1004" name="store_ln93_access_fu_184">
<pin_list>
<pin id="185" dir="0" index="0" bw="9" slack="0"/>
<pin id="186" dir="0" index="1" bw="12" slack="1"/>
<pin id="187" dir="0" index="2" bw="0" slack="2147483647"/>
<pin id="188" dir="1" index="3" bw="12" slack="2147483647"/>
</pin_list>
<bind>
<opcode="store(28) " fcode="store"/>
<opset="store_ln93/3 "/>
</bind>
</comp>

<comp id="190" class="1004" name="store_ln93_access_fu_190">
<pin_list>
<pin id="191" dir="0" index="0" bw="9" slack="0"/>
<pin id="192" dir="0" index="1" bw="12" slack="1"/>
<pin id="193" dir="0" index="2" bw="0" slack="2147483647"/>
<pin id="194" dir="1" index="3" bw="12" slack="2147483647"/>
</pin_list>
<bind>
<opcode="store(28) " fcode="store"/>
<opset="store_ln93/3 "/>
</bind>
</comp>

<comp id="196" class="1004" name="store_ln93_access_fu_196">
<pin_list>
<pin id="197" dir="0" index="0" bw="9" slack="0"/>
<pin id="198" dir="0" index="1" bw="12" slack="1"/>
<pin id="199" dir="0" index="2" bw="0" slack="2147483647"/>
<pin id="200" dir="1" index="3" bw="12" slack="2147483647"/>
</pin_list>
<bind>
<opcode="store(28) " fcode="store"/>
<opset="store_ln93/3 "/>
</bind>
</comp>

<comp id="202" class="1004" name="store_ln0_store_fu_202">
<pin_list>
<pin id="203" dir="0" index="0" bw="8" slack="0"/>
<pin id="204" dir="0" index="1" bw="8" slack="0"/>
<pin id="205" dir="1" index="2" bw="0" slack="2147483647"/>
</pin_list>
<bind>
<opcode="store(28) " fcode="store"/>
<opset="store_ln0/1 "/>
</bind>
</comp>

<comp id="207" class="1004" name="store_ln0_store_fu_207">
<pin_list>
<pin id="208" dir="0" index="0" bw="8" slack="0"/>
<pin id="209" dir="0" index="1" bw="8" slack="0"/>
<pin id="210" dir="1" index="2" bw="0" slack="2147483647"/>
</pin_list>
<bind>
<opcode="store(28) " fcode="store"/>
<opset="store_ln0/1 "/>
</bind>
</comp>

<comp id="212" class="1004" name="store_ln0_store_fu_212">
<pin_list>
<pin id="213" dir="0" index="0" bw="8" slack="0"/>
<pin id="214" dir="0" index="1" bw="8" slack="0"/>
<pin id="215" dir="1" index="2" bw="0" slack="2147483647"/>
</pin_list>
<bind>
<opcode="store(28) " fcode="store"/>
<opset="store_ln0/1 "/>
</bind>
</comp>

<comp id="217" class="1004" name="store_ln0_store_fu_217">
<pin_list>
<pin id="218" dir="0" index="0" bw="8" slack="0"/>
<pin id="219" dir="0" index="1" bw="8" slack="0"/>
<pin id="220" dir="1" index="2" bw="0" slack="2147483647"/>
</pin_list>
<bind>
<opcode="store(28) " fcode="store"/>
<opset="store_ln0/1 "/>
</bind>
</comp>

<comp id="222" class="1004" name="store_ln82_store_fu_222">
<pin_list>
<pin id="223" dir="0" index="0" bw="1" slack="0"/>
<pin id="224" dir="0" index="1" bw="10" slack="0"/>
<pin id="225" dir="1" index="2" bw="0" slack="2147483647"/>
</pin_list>
<bind>
<opcode="store(28) " fcode="store"/>
<opset="store_ln82/1 "/>
</bind>
</comp>

<comp id="227" class="1004" name="store_ln0_store_fu_227">
<pin_list>
<pin id="228" dir="0" index="0" bw="8" slack="0"/>
<pin id="229" dir="0" index="1" bw="8" slack="0"/>
<pin id="230" dir="1" index="2" bw="0" slack="2147483647"/>
</pin_list>
<bind>
<opcode="store(28) " fcode="store"/>
<opset="store_ln0/1 "/>
</bind>
</comp>

<comp id="232" class="1004" name="column_load_fu_232">
<pin_list>
<pin id="233" dir="0" index="0" bw="10" slack="0"/>
<pin id="234" dir="1" index="1" bw="10" slack="0"/>
</pin_list>
<bind>
<opcode="load(27) " fcode="load"/>
<opset="column/1 "/>
</bind>
</comp>

<comp id="235" class="1004" name="icmp_ln82_fu_235">
<pin_list>
<pin id="236" dir="0" index="0" bw="10" slack="0"/>
<pin id="237" dir="0" index="1" bw="10" slack="0"/>
<pin id="238" dir="1" index="2" bw="1" slack="1"/>
</pin_list>
<bind>
<opcode="icmp(45) " fcode="icmp"/>
<opset="icmp_ln82/1 "/>
</bind>
</comp>

<comp id="241" class="1004" name="add_ln82_fu_241">
<pin_list>
<pin id="242" dir="0" index="0" bw="10" slack="0"/>
<pin id="243" dir="0" index="1" bw="1" slack="0"/>
<pin id="244" dir="1" index="2" bw="10" slack="0"/>
</pin_list>
<bind>
<opcode="add(8) " fcode="add"/>
<opset="add_ln82/1 "/>
</bind>
</comp>

<comp id="247" class="1004" name="switch_ln93_fu_247">
<pin_list>
<pin id="248" dir="0" index="0" bw="3" slack="0"/>
<pin id="249" dir="0" index="1" bw="1" slack="0"/>
<pin id="250" dir="0" index="2" bw="1" slack="0"/>
<pin id="251" dir="0" index="3" bw="3" slack="0"/>
<pin id="252" dir="0" index="4" bw="3" slack="0"/>
<pin id="253" dir="1" index="5" bw="0" slack="2147483647"/>
</pin_list>
<bind>
<opcode="switch(3) " fcode="switch"/>
<opset="switch_ln93/1 "/>
</bind>
</comp>

<comp id="259" class="1004" name="trunc_ln102_fu_259">
<pin_list>
<pin id="260" dir="0" index="0" bw="10" slack="0"/>
<pin id="261" dir="1" index="1" bw="9" slack="0"/>
</pin_list>
<bind>
<opcode="trunc(33) " fcode="trunc"/>
<opset="trunc_ln102/1 "/>
</bind>
</comp>

<comp id="263" class="1004" name="zext_ln102_fu_263">
<pin_list>
<pin id="264" dir="0" index="0" bw="9" slack="0"/>
<pin id="265" dir="1" index="1" bw="10" slack="0"/>
</pin_list>
<bind>
<opcode="zext(34) " fcode="zext"/>
<opset="zext_ln102/1 "/>
</bind>
</comp>

<comp id="267" class="1004" name="add_ln102_fu_267">
<pin_list>
<pin id="268" dir="0" index="0" bw="9" slack="0"/>
<pin id="269" dir="0" index="1" bw="3" slack="0"/>
<pin id="270" dir="1" index="2" bw="10" slack="0"/>
</pin_list>
<bind>
<opcode="add(8) " fcode="add"/>
<opset="add_ln102/1 "/>
</bind>
</comp>

<comp id="273" class="1004" name="trunc_ln26_fu_273">
<pin_list>
<pin id="274" dir="0" index="0" bw="10" slack="0"/>
<pin id="275" dir="1" index="1" bw="9" slack="0"/>
</pin_list>
<bind>
<opcode="trunc(33) " fcode="trunc"/>
<opset="trunc_ln26/1 "/>
</bind>
</comp>

<comp id="277" class="1004" name="tmp_46_fu_277">
<pin_list>
<pin id="278" dir="0" index="0" bw="1" slack="0"/>
<pin id="279" dir="0" index="1" bw="10" slack="0"/>
<pin id="280" dir="0" index="2" bw="5" slack="0"/>
<pin id="281" dir="1" index="3" bw="1" slack="0"/>
</pin_list>
<bind>
<opcode="bitselect(1000) " fcode="bitselect"/>
<opset="tmp_46/1 "/>
</bind>
</comp>

<comp id="285" class="1004" name="sub_ln28_fu_285">
<pin_list>
<pin id="286" dir="0" index="0" bw="2" slack="0"/>
<pin id="287" dir="0" index="1" bw="9" slack="0"/>
<pin id="288" dir="1" index="2" bw="9" slack="0"/>
</pin_list>
<bind>
<opcode="sub(10) " fcode="sub"/>
<opset="sub_ln28/1 "/>
</bind>
</comp>

<comp id="291" class="1004" name="select_ln27_fu_291">
<pin_list>
<pin id="292" dir="0" index="0" bw="1" slack="0"/>
<pin id="293" dir="0" index="1" bw="9" slack="0"/>
<pin id="294" dir="0" index="2" bw="9" slack="0"/>
<pin id="295" dir="1" index="3" bw="9" slack="0"/>
</pin_list>
<bind>
<opcode="select(49) " fcode="select"/>
<opset="select_ln27/1 "/>
</bind>
</comp>

<comp id="299" class="1004" name="zext_ln102_1_fu_299">
<pin_list>
<pin id="300" dir="0" index="0" bw="9" slack="0"/>
<pin id="301" dir="1" index="1" bw="64" slack="0"/>
</pin_list>
<bind>
<opcode="zext(34) " fcode="zext"/>
<opset="zext_ln102_1/1 "/>
</bind>
</comp>

<comp id="304" class="1004" name="store_ln82_store_fu_304">
<pin_list>
<pin id="305" dir="0" index="0" bw="10" slack="0"/>
<pin id="306" dir="0" index="1" bw="10" slack="0"/>
<pin id="307" dir="1" index="2" bw="0" slack="2147483647"/>
</pin_list>
<bind>
<opcode="store(28) " fcode="store"/>
<opset="store_ln82/1 "/>
</bind>
</comp>

<comp id="309" class="1004" name="p_load3_load_fu_309">
<pin_list>
<pin id="310" dir="0" index="0" bw="8" slack="1"/>
<pin id="311" dir="1" index="1" bw="8" slack="0"/>
</pin_list>
<bind>
<opcode="load(27) " fcode="load"/>
<opset="p_load3/2 "/>
</bind>
</comp>

<comp id="312" class="1004" name="p_load2_load_fu_312">
<pin_list>
<pin id="313" dir="0" index="0" bw="8" slack="1"/>
<pin id="314" dir="1" index="1" bw="8" slack="0"/>
</pin_list>
<bind>
<opcode="load(27) " fcode="load"/>
<opset="p_load2/2 "/>
</bind>
</comp>

<comp id="315" class="1004" name="p_load1_load_fu_315">
<pin_list>
<pin id="316" dir="0" index="0" bw="8" slack="1"/>
<pin id="317" dir="1" index="1" bw="8" slack="0"/>
</pin_list>
<bind>
<opcode="load(27) " fcode="load"/>
<opset="p_load1/2 "/>
</bind>
</comp>

<comp id="318" class="1004" name="p_load_load_fu_318">
<pin_list>
<pin id="319" dir="0" index="0" bw="8" slack="1"/>
<pin id="320" dir="1" index="1" bw="8" slack="0"/>
</pin_list>
<bind>
<opcode="load(27) " fcode="load"/>
<opset="p_load/2 "/>
</bind>
</comp>

<comp id="321" class="1004" name="p_load4_load_fu_321">
<pin_list>
<pin id="322" dir="0" index="0" bw="8" slack="1"/>
<pin id="323" dir="1" index="1" bw="8" slack="0"/>
</pin_list>
<bind>
<opcode="load(27) " fcode="load"/>
<opset="p_load4/2 "/>
</bind>
</comp>

<comp id="324" class="1004" name="zext_ln90_fu_324">
<pin_list>
<pin id="325" dir="0" index="0" bw="8" slack="0"/>
<pin id="326" dir="1" index="1" bw="9" slack="0"/>
</pin_list>
<bind>
<opcode="zext(34) " fcode="zext"/>
<opset="zext_ln90/2 "/>
</bind>
</comp>

<comp id="328" class="1004" name="zext_ln89_fu_328">
<pin_list>
<pin id="329" dir="0" index="0" bw="8" slack="0"/>
<pin id="330" dir="1" index="1" bw="9" slack="0"/>
</pin_list>
<bind>
<opcode="zext(34) " fcode="zext"/>
<opset="zext_ln89/2 "/>
</bind>
</comp>

<comp id="332" class="1004" name="p_shl_fu_332">
<pin_list>
<pin id="333" dir="0" index="0" bw="11" slack="0"/>
<pin id="334" dir="0" index="1" bw="8" slack="0"/>
<pin id="335" dir="0" index="2" bw="1" slack="0"/>
<pin id="336" dir="1" index="3" bw="11" slack="0"/>
</pin_list>
<bind>
<opcode="bitconcatenate(1004) " fcode="bitconcatenate"/>
<opset="p_shl/2 "/>
</bind>
</comp>

<comp id="340" class="1004" name="tmp_45_fu_340">
<pin_list>
<pin id="341" dir="0" index="0" bw="9" slack="0"/>
<pin id="342" dir="0" index="1" bw="8" slack="0"/>
<pin id="343" dir="0" index="2" bw="1" slack="0"/>
<pin id="344" dir="1" index="3" bw="9" slack="0"/>
</pin_list>
<bind>
<opcode="bitconcatenate(1004) " fcode="bitconcatenate"/>
<opset="tmp_45/2 "/>
</bind>
</comp>

<comp id="348" class="1004" name="zext_ln89_4_fu_348">
<pin_list>
<pin id="349" dir="0" index="0" bw="9" slack="0"/>
<pin id="350" dir="1" index="1" bw="11" slack="0"/>
</pin_list>
<bind>
<opcode="zext(34) " fcode="zext"/>
<opset="zext_ln89_4/2 "/>
</bind>
</comp>

<comp id="352" class="1004" name="sub_ln89_fu_352">
<pin_list>
<pin id="353" dir="0" index="0" bw="11" slack="0"/>
<pin id="354" dir="0" index="1" bw="9" slack="0"/>
<pin id="355" dir="1" index="2" bw="11" slack="0"/>
</pin_list>
<bind>
<opcode="sub(10) " fcode="sub"/>
<opset="sub_ln89/2 "/>
</bind>
</comp>

<comp id="358" class="1004" name="p_cast14_fu_358">
<pin_list>
<pin id="359" dir="0" index="0" bw="8" slack="0"/>
<pin id="360" dir="1" index="1" bw="9" slack="0"/>
</pin_list>
<bind>
<opcode="zext(34) " fcode="zext"/>
<opset="p_cast14/2 "/>
</bind>
</comp>

<comp id="362" class="1004" name="p_cast13_fu_362">
<pin_list>
<pin id="363" dir="0" index="0" bw="8" slack="0"/>
<pin id="364" dir="1" index="1" bw="9" slack="0"/>
</pin_list>
<bind>
<opcode="zext(34) " fcode="zext"/>
<opset="p_cast13/2 "/>
</bind>
</comp>

<comp id="366" class="1004" name="tmp4_fu_366">
<pin_list>
<pin id="367" dir="0" index="0" bw="8" slack="0"/>
<pin id="368" dir="0" index="1" bw="8" slack="0"/>
<pin id="369" dir="1" index="2" bw="9" slack="0"/>
</pin_list>
<bind>
<opcode="add(8) " fcode="add"/>
<opset="tmp4/2 "/>
</bind>
</comp>

<comp id="372" class="1004" name="tmp1_fu_372">
<pin_list>
<pin id="373" dir="0" index="0" bw="11" slack="0"/>
<pin id="374" dir="0" index="1" bw="9" slack="0"/>
<pin id="375" dir="0" index="2" bw="1" slack="0"/>
<pin id="376" dir="1" index="3" bw="11" slack="0"/>
</pin_list>
<bind>
<opcode="bitconcatenate(1004) " fcode="bitconcatenate"/>
<opset="tmp1/2 "/>
</bind>
</comp>

<comp id="380" class="1004" name="zext_ln89_1_fu_380">
<pin_list>
<pin id="381" dir="0" index="0" bw="11" slack="0"/>
<pin id="382" dir="1" index="1" bw="12" slack="0"/>
</pin_list>
<bind>
<opcode="zext(34) " fcode="zext"/>
<opset="zext_ln89_1/2 "/>
</bind>
</comp>

<comp id="384" class="1004" name="add_ln89_fu_384">
<pin_list>
<pin id="385" dir="0" index="0" bw="8" slack="0"/>
<pin id="386" dir="0" index="1" bw="8" slack="0"/>
<pin id="387" dir="1" index="2" bw="9" slack="0"/>
</pin_list>
<bind>
<opcode="add(8) " fcode="add"/>
<opset="add_ln89/2 "/>
</bind>
</comp>

<comp id="390" class="1004" name="zext_ln89_3_fu_390">
<pin_list>
<pin id="391" dir="0" index="0" bw="9" slack="0"/>
<pin id="392" dir="1" index="1" bw="11" slack="0"/>
</pin_list>
<bind>
<opcode="zext(34) " fcode="zext"/>
<opset="zext_ln89_3/2 "/>
</bind>
</comp>

<comp id="394" class="1004" name="add_ln89_1_fu_394">
<pin_list>
<pin id="395" dir="0" index="0" bw="9" slack="0"/>
<pin id="396" dir="0" index="1" bw="11" slack="0"/>
<pin id="397" dir="1" index="2" bw="11" slack="0"/>
</pin_list>
<bind>
<opcode="add(8) " fcode="add"/>
<opset="add_ln89_1/2 "/>
</bind>
</comp>

<comp id="400" class="1004" name="zext_ln89_2_fu_400">
<pin_list>
<pin id="401" dir="0" index="0" bw="11" slack="0"/>
<pin id="402" dir="1" index="1" bw="12" slack="0"/>
</pin_list>
<bind>
<opcode="zext(34) " fcode="zext"/>
<opset="zext_ln89_2/2 "/>
</bind>
</comp>

<comp id="404" class="1004" name="add_ln89_2_fu_404">
<pin_list>
<pin id="405" dir="0" index="0" bw="11" slack="0"/>
<pin id="406" dir="0" index="1" bw="11" slack="0"/>
<pin id="407" dir="1" index="2" bw="12" slack="1"/>
</pin_list>
<bind>
<opcode="add(8) " fcode="add"/>
<opset="add_ln89_2/2 "/>
</bind>
</comp>

<comp id="410" class="1004" name="store_ln102_store_fu_410">
<pin_list>
<pin id="411" dir="0" index="0" bw="8" slack="0"/>
<pin id="412" dir="0" index="1" bw="8" slack="1"/>
<pin id="413" dir="1" index="2" bw="0" slack="2147483647"/>
</pin_list>
<bind>
<opcode="store(28) " fcode="store"/>
<opset="store_ln102/2 "/>
</bind>
</comp>

<comp id="415" class="1004" name="store_ln89_store_fu_415">
<pin_list>
<pin id="416" dir="0" index="0" bw="8" slack="0"/>
<pin id="417" dir="0" index="1" bw="8" slack="1"/>
<pin id="418" dir="1" index="2" bw="0" slack="2147483647"/>
</pin_list>
<bind>
<opcode="store(28) " fcode="store"/>
<opset="store_ln89/2 "/>
</bind>
</comp>

<comp id="420" class="1004" name="store_ln0_store_fu_420">
<pin_list>
<pin id="421" dir="0" index="0" bw="8" slack="0"/>
<pin id="422" dir="0" index="1" bw="8" slack="1"/>
<pin id="423" dir="1" index="2" bw="0" slack="2147483647"/>
</pin_list>
<bind>
<opcode="store(28) " fcode="store"/>
<opset="store_ln0/2 "/>
</bind>
</comp>

<comp id="425" class="1004" name="store_ln89_store_fu_425">
<pin_list>
<pin id="426" dir="0" index="0" bw="8" slack="0"/>
<pin id="427" dir="0" index="1" bw="8" slack="1"/>
<pin id="428" dir="1" index="2" bw="0" slack="2147483647"/>
</pin_list>
<bind>
<opcode="store(28) " fcode="store"/>
<opset="store_ln89/2 "/>
</bind>
</comp>

<comp id="430" class="1004" name="store_ln0_store_fu_430">
<pin_list>
<pin id="431" dir="0" index="0" bw="8" slack="0"/>
<pin id="432" dir="0" index="1" bw="8" slack="1"/>
<pin id="433" dir="1" index="2" bw="0" slack="2147483647"/>
</pin_list>
<bind>
<opcode="store(28) " fcode="store"/>
<opset="store_ln0/2 "/>
</bind>
</comp>

<comp id="435" class="1004" name="zext_ln82_fu_435">
<pin_list>
<pin id="436" dir="0" index="0" bw="10" slack="2"/>
<pin id="437" dir="1" index="1" bw="64" slack="0"/>
</pin_list>
<bind>
<opcode="zext(34) " fcode="zext"/>
<opset="zext_ln82/3 "/>
</bind>
</comp>

<comp id="443" class="1005" name="empty_96_reg_443">
<pin_list>
<pin id="444" dir="0" index="0" bw="8" slack="0"/>
<pin id="445" dir="1" index="1" bw="8" slack="0"/>
</pin_list>
<bind>
<opset="empty_96 "/>
</bind>
</comp>

<comp id="450" class="1005" name="column_13_reg_450">
<pin_list>
<pin id="451" dir="0" index="0" bw="10" slack="0"/>
<pin id="452" dir="1" index="1" bw="10" slack="0"/>
</pin_list>
<bind>
<opset="column_13 "/>
</bind>
</comp>

<comp id="457" class="1005" name="empty_97_reg_457">
<pin_list>
<pin id="458" dir="0" index="0" bw="8" slack="0"/>
<pin id="459" dir="1" index="1" bw="8" slack="0"/>
</pin_list>
<bind>
<opset="empty_97 "/>
</bind>
</comp>

<comp id="464" class="1005" name="empty_98_reg_464">
<pin_list>
<pin id="465" dir="0" index="0" bw="8" slack="0"/>
<pin id="466" dir="1" index="1" bw="8" slack="0"/>
</pin_list>
<bind>
<opset="empty_98 "/>
</bind>
</comp>

<comp id="471" class="1005" name="empty_99_reg_471">
<pin_list>
<pin id="472" dir="0" index="0" bw="8" slack="0"/>
<pin id="473" dir="1" index="1" bw="8" slack="0"/>
</pin_list>
<bind>
<opset="empty_99 "/>
</bind>
</comp>

<comp id="478" class="1005" name="empty_100_reg_478">
<pin_list>
<pin id="479" dir="0" index="0" bw="8" slack="0"/>
<pin id="480" dir="1" index="1" bw="8" slack="0"/>
</pin_list>
<bind>
<opset="empty_100 "/>
</bind>
</comp>

<comp id="485" class="1005" name="tmp_reg_485">
<pin_list>
<pin id="486" dir="0" index="0" bw="3" slack="2"/>
<pin id="487" dir="1" index="1" bw="3" slack="2147483647"/>
</pin_list>
<bind>
<opset="tmp "/>
</bind>
</comp>

<comp id="489" class="1005" name="column_reg_489">
<pin_list>
<pin id="490" dir="0" index="0" bw="10" slack="2"/>
<pin id="491" dir="1" index="1" bw="10" slack="2"/>
</pin_list>
<bind>
<opset="column "/>
</bind>
</comp>

<comp id="494" class="1005" name="icmp_ln82_reg_494">
<pin_list>
<pin id="495" dir="0" index="0" bw="1" slack="1"/>
<pin id="496" dir="1" index="1" bw="1" slack="2147483647"/>
</pin_list>
<bind>
<opset="icmp_ln82 "/>
</bind>
</comp>

<comp id="498" class="1005" name="row_in_addr_reg_498">
<pin_list>
<pin id="499" dir="0" index="0" bw="9" slack="1"/>
<pin id="500" dir="1" index="1" bw="9" slack="1"/>
</pin_list>
<bind>
<opset="row_in_addr "/>
</bind>
</comp>

<comp id="503" class="1005" name="add_ln89_2_reg_503">
<pin_list>
<pin id="504" dir="0" index="0" bw="12" slack="1"/>
<pin id="505" dir="1" index="1" bw="12" slack="1"/>
</pin_list>
<bind>
<opset="add_ln89_2 "/>
</bind>
</comp>

</comp_list>

<net_list>
<net id="79"><net_src comp="20" pin="0"/><net_sink comp="76" pin=0"/></net>

<net id="83"><net_src comp="20" pin="0"/><net_sink comp="80" pin=0"/></net>

<net id="87"><net_src comp="20" pin="0"/><net_sink comp="84" pin=0"/></net>

<net id="91"><net_src comp="20" pin="0"/><net_sink comp="88" pin=0"/></net>

<net id="95"><net_src comp="20" pin="0"/><net_sink comp="92" pin=0"/></net>

<net id="99"><net_src comp="20" pin="0"/><net_sink comp="96" pin=0"/></net>

<net id="104"><net_src comp="22" pin="0"/><net_sink comp="100" pin=0"/></net>

<net id="105"><net_src comp="18" pin="0"/><net_sink comp="100" pin=1"/></net>

<net id="110"><net_src comp="24" pin="0"/><net_sink comp="106" pin=0"/></net>

<net id="111"><net_src comp="4" pin="0"/><net_sink comp="106" pin=1"/></net>

<net id="116"><net_src comp="24" pin="0"/><net_sink comp="112" pin=0"/></net>

<net id="117"><net_src comp="2" pin="0"/><net_sink comp="112" pin=1"/></net>

<net id="122"><net_src comp="24" pin="0"/><net_sink comp="118" pin=0"/></net>

<net id="123"><net_src comp="0" pin="0"/><net_sink comp="118" pin=1"/></net>

<net id="129"><net_src comp="6" pin="0"/><net_sink comp="124" pin=0"/></net>

<net id="130"><net_src comp="48" pin="0"/><net_sink comp="124" pin=1"/></net>

<net id="136"><net_src comp="124" pin="3"/><net_sink comp="131" pin=0"/></net>

<net id="142"><net_src comp="16" pin="0"/><net_sink comp="137" pin=0"/></net>

<net id="143"><net_src comp="48" pin="0"/><net_sink comp="137" pin=1"/></net>

<net id="149"><net_src comp="14" pin="0"/><net_sink comp="144" pin=0"/></net>

<net id="150"><net_src comp="48" pin="0"/><net_sink comp="144" pin=1"/></net>

<net id="156"><net_src comp="12" pin="0"/><net_sink comp="151" pin=0"/></net>

<net id="157"><net_src comp="48" pin="0"/><net_sink comp="151" pin=1"/></net>

<net id="163"><net_src comp="10" pin="0"/><net_sink comp="158" pin=0"/></net>

<net id="164"><net_src comp="48" pin="0"/><net_sink comp="158" pin=1"/></net>

<net id="170"><net_src comp="8" pin="0"/><net_sink comp="165" pin=0"/></net>

<net id="171"><net_src comp="48" pin="0"/><net_sink comp="165" pin=1"/></net>

<net id="177"><net_src comp="158" pin="3"/><net_sink comp="172" pin=0"/></net>

<net id="183"><net_src comp="151" pin="3"/><net_sink comp="178" pin=0"/></net>

<net id="189"><net_src comp="144" pin="3"/><net_sink comp="184" pin=0"/></net>

<net id="195"><net_src comp="137" pin="3"/><net_sink comp="190" pin=0"/></net>

<net id="201"><net_src comp="165" pin="3"/><net_sink comp="196" pin=0"/></net>

<net id="206"><net_src comp="118" pin="2"/><net_sink comp="202" pin=0"/></net>

<net id="211"><net_src comp="112" pin="2"/><net_sink comp="207" pin=0"/></net>

<net id="216"><net_src comp="106" pin="2"/><net_sink comp="212" pin=0"/></net>

<net id="221"><net_src comp="112" pin="2"/><net_sink comp="217" pin=0"/></net>

<net id="226"><net_src comp="26" pin="0"/><net_sink comp="222" pin=0"/></net>

<net id="231"><net_src comp="118" pin="2"/><net_sink comp="227" pin=0"/></net>

<net id="239"><net_src comp="232" pin="1"/><net_sink comp="235" pin=0"/></net>

<net id="240"><net_src comp="28" pin="0"/><net_sink comp="235" pin=1"/></net>

<net id="245"><net_src comp="232" pin="1"/><net_sink comp="241" pin=0"/></net>

<net id="246"><net_src comp="30" pin="0"/><net_sink comp="241" pin=1"/></net>

<net id="254"><net_src comp="100" pin="2"/><net_sink comp="247" pin=0"/></net>

<net id="255"><net_src comp="32" pin="0"/><net_sink comp="247" pin=1"/></net>

<net id="256"><net_src comp="34" pin="0"/><net_sink comp="247" pin=2"/></net>

<net id="257"><net_src comp="36" pin="0"/><net_sink comp="247" pin=3"/></net>

<net id="258"><net_src comp="38" pin="0"/><net_sink comp="247" pin=4"/></net>

<net id="262"><net_src comp="232" pin="1"/><net_sink comp="259" pin=0"/></net>

<net id="266"><net_src comp="259" pin="1"/><net_sink comp="263" pin=0"/></net>

<net id="271"><net_src comp="263" pin="1"/><net_sink comp="267" pin=0"/></net>

<net id="272"><net_src comp="40" pin="0"/><net_sink comp="267" pin=1"/></net>

<net id="276"><net_src comp="267" pin="2"/><net_sink comp="273" pin=0"/></net>

<net id="282"><net_src comp="42" pin="0"/><net_sink comp="277" pin=0"/></net>

<net id="283"><net_src comp="267" pin="2"/><net_sink comp="277" pin=1"/></net>

<net id="284"><net_src comp="44" pin="0"/><net_sink comp="277" pin=2"/></net>

<net id="289"><net_src comp="46" pin="0"/><net_sink comp="285" pin=0"/></net>

<net id="290"><net_src comp="273" pin="1"/><net_sink comp="285" pin=1"/></net>

<net id="296"><net_src comp="277" pin="3"/><net_sink comp="291" pin=0"/></net>

<net id="297"><net_src comp="285" pin="2"/><net_sink comp="291" pin=1"/></net>

<net id="298"><net_src comp="273" pin="1"/><net_sink comp="291" pin=2"/></net>

<net id="302"><net_src comp="291" pin="3"/><net_sink comp="299" pin=0"/></net>

<net id="303"><net_src comp="299" pin="1"/><net_sink comp="124" pin=2"/></net>

<net id="308"><net_src comp="241" pin="2"/><net_sink comp="304" pin=0"/></net>

<net id="327"><net_src comp="321" pin="1"/><net_sink comp="324" pin=0"/></net>

<net id="331"><net_src comp="318" pin="1"/><net_sink comp="328" pin=0"/></net>

<net id="337"><net_src comp="50" pin="0"/><net_sink comp="332" pin=0"/></net>

<net id="338"><net_src comp="312" pin="1"/><net_sink comp="332" pin=1"/></net>

<net id="339"><net_src comp="32" pin="0"/><net_sink comp="332" pin=2"/></net>

<net id="345"><net_src comp="52" pin="0"/><net_sink comp="340" pin=0"/></net>

<net id="346"><net_src comp="312" pin="1"/><net_sink comp="340" pin=1"/></net>

<net id="347"><net_src comp="54" pin="0"/><net_sink comp="340" pin=2"/></net>

<net id="351"><net_src comp="340" pin="3"/><net_sink comp="348" pin=0"/></net>

<net id="356"><net_src comp="332" pin="3"/><net_sink comp="352" pin=0"/></net>

<net id="357"><net_src comp="348" pin="1"/><net_sink comp="352" pin=1"/></net>

<net id="361"><net_src comp="315" pin="1"/><net_sink comp="358" pin=0"/></net>

<net id="365"><net_src comp="309" pin="1"/><net_sink comp="362" pin=0"/></net>

<net id="370"><net_src comp="362" pin="1"/><net_sink comp="366" pin=0"/></net>

<net id="371"><net_src comp="358" pin="1"/><net_sink comp="366" pin=1"/></net>

<net id="377"><net_src comp="56" pin="0"/><net_sink comp="372" pin=0"/></net>

<net id="378"><net_src comp="366" pin="2"/><net_sink comp="372" pin=1"/></net>

<net id="379"><net_src comp="58" pin="0"/><net_sink comp="372" pin=2"/></net>

<net id="383"><net_src comp="372" pin="3"/><net_sink comp="380" pin=0"/></net>

<net id="388"><net_src comp="328" pin="1"/><net_sink comp="384" pin=0"/></net>

<net id="389"><net_src comp="324" pin="1"/><net_sink comp="384" pin=1"/></net>

<net id="393"><net_src comp="384" pin="2"/><net_sink comp="390" pin=0"/></net>

<net id="398"><net_src comp="390" pin="1"/><net_sink comp="394" pin=0"/></net>

<net id="399"><net_src comp="352" pin="2"/><net_sink comp="394" pin=1"/></net>

<net id="403"><net_src comp="394" pin="2"/><net_sink comp="400" pin=0"/></net>

<net id="408"><net_src comp="400" pin="1"/><net_sink comp="404" pin=0"/></net>

<net id="409"><net_src comp="380" pin="1"/><net_sink comp="404" pin=1"/></net>

<net id="414"><net_src comp="131" pin="3"/><net_sink comp="410" pin=0"/></net>

<net id="419"><net_src comp="318" pin="1"/><net_sink comp="415" pin=0"/></net>

<net id="424"><net_src comp="315" pin="1"/><net_sink comp="420" pin=0"/></net>

<net id="429"><net_src comp="312" pin="1"/><net_sink comp="425" pin=0"/></net>

<net id="434"><net_src comp="309" pin="1"/><net_sink comp="430" pin=0"/></net>

<net id="438"><net_src comp="435" pin="1"/><net_sink comp="137" pin=2"/></net>

<net id="439"><net_src comp="435" pin="1"/><net_sink comp="144" pin=2"/></net>

<net id="440"><net_src comp="435" pin="1"/><net_sink comp="151" pin=2"/></net>

<net id="441"><net_src comp="435" pin="1"/><net_sink comp="158" pin=2"/></net>

<net id="442"><net_src comp="435" pin="1"/><net_sink comp="165" pin=2"/></net>

<net id="446"><net_src comp="76" pin="1"/><net_sink comp="443" pin=0"/></net>

<net id="447"><net_src comp="443" pin="1"/><net_sink comp="227" pin=1"/></net>

<net id="448"><net_src comp="443" pin="1"/><net_sink comp="321" pin=0"/></net>

<net id="449"><net_src comp="443" pin="1"/><net_sink comp="430" pin=1"/></net>

<net id="453"><net_src comp="80" pin="1"/><net_sink comp="450" pin=0"/></net>

<net id="454"><net_src comp="450" pin="1"/><net_sink comp="222" pin=1"/></net>

<net id="455"><net_src comp="450" pin="1"/><net_sink comp="232" pin=0"/></net>

<net id="456"><net_src comp="450" pin="1"/><net_sink comp="304" pin=1"/></net>

<net id="460"><net_src comp="84" pin="1"/><net_sink comp="457" pin=0"/></net>

<net id="461"><net_src comp="457" pin="1"/><net_sink comp="217" pin=1"/></net>

<net id="462"><net_src comp="457" pin="1"/><net_sink comp="309" pin=0"/></net>

<net id="463"><net_src comp="457" pin="1"/><net_sink comp="425" pin=1"/></net>

<net id="467"><net_src comp="88" pin="1"/><net_sink comp="464" pin=0"/></net>

<net id="468"><net_src comp="464" pin="1"/><net_sink comp="212" pin=1"/></net>

<net id="469"><net_src comp="464" pin="1"/><net_sink comp="312" pin=0"/></net>

<net id="470"><net_src comp="464" pin="1"/><net_sink comp="420" pin=1"/></net>

<net id="474"><net_src comp="92" pin="1"/><net_sink comp="471" pin=0"/></net>

<net id="475"><net_src comp="471" pin="1"/><net_sink comp="207" pin=1"/></net>

<net id="476"><net_src comp="471" pin="1"/><net_sink comp="315" pin=0"/></net>

<net id="477"><net_src comp="471" pin="1"/><net_sink comp="415" pin=1"/></net>

<net id="481"><net_src comp="96" pin="1"/><net_sink comp="478" pin=0"/></net>

<net id="482"><net_src comp="478" pin="1"/><net_sink comp="202" pin=1"/></net>

<net id="483"><net_src comp="478" pin="1"/><net_sink comp="318" pin=0"/></net>

<net id="484"><net_src comp="478" pin="1"/><net_sink comp="410" pin=1"/></net>

<net id="488"><net_src comp="100" pin="2"/><net_sink comp="485" pin=0"/></net>

<net id="492"><net_src comp="232" pin="1"/><net_sink comp="489" pin=0"/></net>

<net id="493"><net_src comp="489" pin="1"/><net_sink comp="435" pin=0"/></net>

<net id="497"><net_src comp="235" pin="2"/><net_sink comp="494" pin=0"/></net>

<net id="501"><net_src comp="124" pin="3"/><net_sink comp="498" pin=0"/></net>

<net id="502"><net_src comp="498" pin="1"/><net_sink comp="131" pin=0"/></net>

<net id="506"><net_src comp="404" pin="2"/><net_sink comp="503" pin=0"/></net>

<net id="507"><net_src comp="503" pin="1"/><net_sink comp="172" pin=1"/></net>

<net id="508"><net_src comp="503" pin="1"/><net_sink comp="178" pin=1"/></net>

<net id="509"><net_src comp="503" pin="1"/><net_sink comp="184" pin=1"/></net>

<net id="510"><net_src comp="503" pin="1"/><net_sink comp="190" pin=1"/></net>

<net id="511"><net_src comp="503" pin="1"/><net_sink comp="196" pin=1"/></net>

</net_list>

</model> 
---------------- Datapath Model END ------------------

* FSMD analyzer results:
  - Output states:
	Port: lineBuffer_4 | {3 }
	Port: lineBuffer_3 | {3 }
	Port: lineBuffer_2 | {3 }
	Port: lineBuffer_1 | {3 }
	Port: lineBuffer | {3 }
 - Input state : 
	Port: gaussian_blur_Pipeline_VITIS_LOOP_82_4 : row_in_load | {1 }
	Port: gaussian_blur_Pipeline_VITIS_LOOP_82_4 : row_in_load_1 | {1 }
	Port: gaussian_blur_Pipeline_VITIS_LOOP_82_4 : row_in_load_2 | {1 }
	Port: gaussian_blur_Pipeline_VITIS_LOOP_82_4 : row_in | {1 2 }
	Port: gaussian_blur_Pipeline_VITIS_LOOP_82_4 : empty | {1 }
  - Chain level:
	State 1
		store_ln82 : 1
		column : 1
		icmp_ln82 : 2
		add_ln82 : 2
		br_ln82 : 3
		trunc_ln102 : 2
		zext_ln102 : 3
		add_ln102 : 4
		trunc_ln26 : 5
		tmp_46 : 5
		sub_ln28 : 6
		select_ln27 : 7
		zext_ln102_1 : 8
		row_in_addr : 9
		row_in_load_3 : 10
		store_ln82 : 3
	State 2
		zext_ln90 : 1
		zext_ln89 : 1
		p_shl : 1
		tmp_45 : 1
		zext_ln89_4 : 2
		sub_ln89 : 3
		p_cast14 : 1
		p_cast13 : 1
		tmp4 : 2
		tmp1 : 3
		zext_ln89_1 : 4
		add_ln89 : 2
		zext_ln89_3 : 3
		add_ln89_1 : 4
		zext_ln89_2 : 5
		add_ln89_2 : 6
		store_ln102 : 1
		store_ln89 : 1
		store_ln0 : 1
		store_ln89 : 1
		store_ln0 : 1
	State 3
		lineBuffer_addr : 1
		lineBuffer_1_addr : 1
		lineBuffer_2_addr : 1
		lineBuffer_3_addr : 1
		lineBuffer_4_addr : 1
		store_ln93 : 2
		store_ln93 : 2
		store_ln93 : 2
		store_ln93 : 2
		store_ln93 : 2


============================================================
+ Verbose Summary: Datapath Resource usage 
============================================================

* Functional unit list:
|----------|--------------------------------|---------|---------|
| Operation|         Functional Unit        |    FF   |   LUT   |
|----------|--------------------------------|---------|---------|
|          |         add_ln82_fu_241        |    0    |    17   |
|          |        add_ln102_fu_267        |    0    |    16   |
|    add   |           tmp4_fu_366          |    0    |    15   |
|          |         add_ln89_fu_384        |    0    |    15   |
|          |        add_ln89_1_fu_394       |    0    |    17   |
|          |        add_ln89_2_fu_404       |    0    |    18   |
|----------|--------------------------------|---------|---------|
|    sub   |         sub_ln28_fu_285        |    0    |    16   |
|          |         sub_ln89_fu_352        |    0    |    17   |
|----------|--------------------------------|---------|---------|
|   icmp   |        icmp_ln82_fu_235        |    0    |    17   |
|----------|--------------------------------|---------|---------|
|  select  |       select_ln27_fu_291       |    0    |    9    |
|----------|--------------------------------|---------|---------|
|          |         tmp_read_fu_100        |    0    |    0    |
|   read   | row_in_load_2_read_read_fu_106 |    0    |    0    |
|          | row_in_load_1_read_read_fu_112 |    0    |    0    |
|          |  row_in_load_read_read_fu_118  |    0    |    0    |
|----------|--------------------------------|---------|---------|
|  switch  |       switch_ln93_fu_247       |    0    |    0    |
|----------|--------------------------------|---------|---------|
|   trunc  |       trunc_ln102_fu_259       |    0    |    0    |
|          |        trunc_ln26_fu_273       |    0    |    0    |
|----------|--------------------------------|---------|---------|
|          |        zext_ln102_fu_263       |    0    |    0    |
|          |       zext_ln102_1_fu_299      |    0    |    0    |
|          |        zext_ln90_fu_324        |    0    |    0    |
|          |        zext_ln89_fu_328        |    0    |    0    |
|          |       zext_ln89_4_fu_348       |    0    |    0    |
|   zext   |         p_cast14_fu_358        |    0    |    0    |
|          |         p_cast13_fu_362        |    0    |    0    |
|          |       zext_ln89_1_fu_380       |    0    |    0    |
|          |       zext_ln89_3_fu_390       |    0    |    0    |
|          |       zext_ln89_2_fu_400       |    0    |    0    |
|          |        zext_ln82_fu_435        |    0    |    0    |
|----------|--------------------------------|---------|---------|
| bitselect|          tmp_46_fu_277         |    0    |    0    |
|----------|--------------------------------|---------|---------|
|          |          p_shl_fu_332          |    0    |    0    |
|bitconcatenate|          tmp_45_fu_340         |    0    |    0    |
|          |           tmp1_fu_372          |    0    |    0    |
|----------|--------------------------------|---------|---------|
|   Total  |                                |    0    |   157   |
|----------|--------------------------------|---------|---------|

Memories:
N/A

* Register list:
+-------------------+--------+
|                   |   FF   |
+-------------------+--------+
| add_ln89_2_reg_503|   12   |
| column_13_reg_450 |   10   |
|   column_reg_489  |   10   |
| empty_100_reg_478 |    8   |
|  empty_96_reg_443 |    8   |
|  empty_97_reg_457 |    8   |
|  empty_98_reg_464 |    8   |
|  empty_99_reg_471 |    8   |
| icmp_ln82_reg_494 |    1   |
|row_in_addr_reg_498|    9   |
|    tmp_reg_485    |    3   |
+-------------------+--------+
|       Total       |   85   |
+-------------------+--------+

* Multiplexer (MUX) list: 
|-------------------|------|------|------|--------||---------||---------||---------|
|        Comp       |  Pin | Size |  BW  | S x BW ||  Delay  ||    FF   ||   LUT   |
|-------------------|------|------|------|--------||---------||---------||---------|
| grp_access_fu_131 |  p0  |   2  |   9  |   18   ||    0    ||    9    |
|-------------------|------|------|------|--------||---------||---------||---------|
|       Total       |      |      |      |   18   ||  0.427  ||    0    ||    9    |
|-------------------|------|------|------|--------||---------||---------||---------|



* Summary:
+-----------+--------+--------+--------+
|           |  Delay |   FF   |   LUT  |
+-----------+--------+--------+--------+
|  Function |    -   |    0   |   157  |
|   Memory  |    -   |    -   |    -   |
|Multiplexer|    0   |    0   |    9   |
|  Register |    -   |   85   |    -   |
+-----------+--------+--------+--------+
|   Total   |    0   |   85   |   166  |
+-----------+--------+--------+--------+
