

================================================================
== Vitis HLS Report for 'grayscale_Pipeline_burst_read'
================================================================
* Date:           Sat Aug  1 17:30:24 2026

* Version:        2025.2 (Build 6295257 on Nov 14 2025)
* Project:        canny_top
* Solution:       hls (Vitis Kernel Flow Target)
* Product family: zynquplus
* Target device:  xck26-sfvc784-2LV-c


================================================================
== Performance Estimates
================================================================
+ Timing: 
    * Summary: 
    +--------+---------+----------+------------+
    |  Clock |  Target | Estimated| Uncertainty|
    +--------+---------+----------+------------+
    |ap_clk  |  5.00 ns|  3.650 ns|     1.35 ns|
    +--------+---------+----------+------------+

+ Latency: 
    * Summary: 
    +---------+---------+----------+----------+-----+-----+-------------------+
    |  Latency (cycles) |  Latency (absolute) |  Interval |      Pipeline     |
    |   min   |   max   |    min   |    max   | min | max |        Type       |
    +---------+---------+----------+----------+-----+-----+-------------------+
    |       33|       33|  0.165 us|  0.165 us|    0|    0|  loop pipeline stp|
    +---------+---------+----------+----------+-----+-----+-------------------+

    + Detail: 
        * Instance: 
        N/A

        * Loop: 
        +--------------+---------+---------+----------+-----------+-----------+------+----------+
        |              |  Latency (cycles) | Iteration|  Initiation Interval  | Trip |          |
        |   Loop Name  |   min   |   max   |  Latency |  achieved |   target  | Count| Pipelined|
        +--------------+---------+---------+----------+-----------+-----------+------+----------+
        |- burst_read  |       31|       31|         3|          1|          1|    30|       yes|
        +--------------+---------+---------+----------+-----------+-----------+------+----------+

============================================================
+ Verbose Summary: Synthesis Manager
============================================================
InlineROM: 1
ExposeGlobal: 0
============================================================
+ Verbose Summary: CDFG Model
============================================================
IsTopModel: 0
ResetActiveHigh: 1
IsCombinational: 0
IsDatapathOnly: 0
HasWiredReturn: 1
HasMFsm: 2
HasVarLatency: 1
IsPipeline: 0
IsRtlPipelined: 0
IsInstanceOverlapped: 0
IsDontTouch: 0
HasImplIP: 0
IsGatedGlobalClock: 0

+ Individual pipeline summary: 
  * Pipeline-0: initiation interval (II) = 1, depth = 3


============================================================
+ Verbose Summary: Schedule
============================================================
* Number of FSM states : 3
* Pipeline : 1
  Pipeline-0 : II = 1, D = 3, States = { 1 2 3 }
* Dataflow Pipeline: 0

* FSM state transitions: 
1 --> 2 
2 --> 3 
3 --> 

* FSM state operations: 

State 1 <SV = 0> <Delay = 1.64>
ST_1 : Operation 6 [1/1] (0.00ns)   --->   "%w = alloca i32 1" [../src/grayscale.cpp:17]   --->   Operation 6 'alloca' 'w' <Predicate = true> <Delay = 0.00>
ST_1 : Operation 7 [1/1] (0.00ns)   --->   "%specinterface_ln0 = specinterface void @_ssdm_op_SpecInterface, i512 %gmem0, void @empty_0, i32 0, i32 0, void @empty_4, i32 64, i32 1536, void @empty_5, void @empty_11, void @empty_4, i32 4, i32 16, i32 32, i32 16, void @empty_4, void @empty_4, i32 4294967295, i32 0, i32 0, i32 64"   --->   Operation 7 'specinterface' 'specinterface_ln0' <Predicate = true> <Delay = 0.00>
ST_1 : Operation 8 [1/1] (0.42ns)   --->   "%store_ln17 = store i5 0, i5 %w" [../src/grayscale.cpp:17]   --->   Operation 8 'store' 'store_ln17' <Predicate = true> <Delay = 0.42>
ST_1 : Operation 9 [1/1] (0.00ns)   --->   "%br_ln0 = br void %for.inc"   --->   Operation 9 'br' 'br_ln0' <Predicate = true> <Delay = 0.00>
ST_1 : Operation 10 [1/1] (0.00ns)   --->   "%w_2 = load i5 %w" [../src/grayscale.cpp:17]   --->   Operation 10 'load' 'w_2' <Predicate = true> <Delay = 0.00>
ST_1 : Operation 11 [1/1] (0.78ns)   --->   "%icmp_ln17 = icmp_eq  i5 %w_2, i5 30" [../src/grayscale.cpp:17]   --->   Operation 11 'icmp' 'icmp_ln17' <Predicate = true> <Delay = 0.78> <CoreInst = "Cmp">   --->   Core 9 'Cmp' <Latency = 0> <II = 1> <Delay = 0.78> <FuncUnit> <Opcode : 'seteq' 'setne' 'setle' 'setge' 'setlt' 'setgt'> <InPorts = 2> <OutPorts = 1>
ST_1 : Operation 12 [1/1] (0.78ns)   --->   "%add_ln17 = add i5 %w_2, i5 1" [../src/grayscale.cpp:17]   --->   Operation 12 'add' 'add_ln17' <Predicate = true> <Delay = 0.78> <CoreInst = "Adder">   --->   Core 1 'Adder' <Latency = 0> <II = 1> <Delay = 0.78> <FuncUnit> <Opcode : 'add' 'sub'> <InPorts = 2> <OutPorts = 1>
ST_1 : Operation 13 [1/1] (0.00ns)   --->   "%br_ln17 = br i1 %icmp_ln17, void %for.inc.split, void %VITIS_LOOP_26_2.preheader.exitStub" [../src/grayscale.cpp:17]   --->   Operation 13 'br' 'br_ln17' <Predicate = true> <Delay = 0.00>
ST_1 : Operation 14 [1/1] (0.42ns)   --->   "%store_ln17 = store i5 %add_ln17, i5 %w" [../src/grayscale.cpp:17]   --->   Operation 14 'store' 'store_ln17' <Predicate = (!icmp_ln17)> <Delay = 0.42>

State 2 <SV = 1> <Delay = 3.65>
ST_2 : Operation 15 [1/1] ( I:3.65ns O:3.65ns )   --->   "%gmem0_read = read i512 @_ssdm_op_Read.m_axi.i512.p1i512, i512 %gmem0" [../src/grayscale.cpp:19]   --->   Operation 15 'read' 'gmem0_read' <Predicate = true> <Delay = 3.65> <CoreInst = "m_axi">   --->   Core 119 'm_axi' <Latency = 3> <II = 1> <Delay = 1.00> <Adapter> <Opcode : 'readrequnaligned' 'writerequnaligned' 'read' 'write' 'readreq' 'writereq' 'writeresp'>
ST_2 : Operation 23 [1/1] (0.42ns)   --->   "%ret_ln0 = ret"   --->   Operation 23 'ret' 'ret_ln0' <Predicate = (icmp_ln17)> <Delay = 0.42>

State 3 <SV = 2> <Delay = 1.23>
ST_3 : Operation 16 [1/1] (0.00ns)   --->   "%zext_ln17 = zext i5 %w_2" [../src/grayscale.cpp:17]   --->   Operation 16 'zext' 'zext_ln17' <Predicate = true> <Delay = 0.00>
ST_3 : Operation 17 [1/1] (0.00ns)   --->   "%specpipeline_ln18 = specpipeline void @_ssdm_op_SpecPipeline, i32 1, i32 0, i32 0, i32 0, i32 4294967295, void @empty_4" [../src/grayscale.cpp:18]   --->   Operation 17 'specpipeline' 'specpipeline_ln18' <Predicate = true> <Delay = 0.00>
ST_3 : Operation 18 [1/1] (0.00ns)   --->   "%speclooptripcount_ln17 = speclooptripcount void @_ssdm_op_SpecLoopTripCount, i64 30, i64 30, i64 30" [../src/grayscale.cpp:17]   --->   Operation 18 'speclooptripcount' 'speclooptripcount_ln17' <Predicate = true> <Delay = 0.00>
ST_3 : Operation 19 [1/1] (0.00ns)   --->   "%specloopname_ln17 = specloopname void @_ssdm_op_SpecLoopName, void @empty_17" [../src/grayscale.cpp:17]   --->   Operation 19 'specloopname' 'specloopname_ln17' <Predicate = true> <Delay = 0.00>
ST_3 : Operation 20 [1/1] (0.00ns)   --->   "%row_words_addr = getelementptr i512 %row_words, i64 0, i64 %zext_ln17" [../src/grayscale.cpp:19]   --->   Operation 20 'getelementptr' 'row_words_addr' <Predicate = true> <Delay = 0.00>
ST_3 : Operation 21 [1/1] ( I:1.23ns O:1.23ns )   --->   "%store_ln19 = store i512 %gmem0_read, i5 %row_words_addr" [../src/grayscale.cpp:19]   --->   Operation 21 'store' 'store_ln19' <Predicate = true> <Delay = 1.23> <CoreInst = "RAM">   --->   Core 82 'RAM' <Latency = 1> <II = 1> <Delay = 1.23> <Storage> <Opcode : 'load' 'store'> <Ports = 2> <Width = 512> <Depth = 30> <RAM>
ST_3 : Operation 22 [1/1] (0.00ns)   --->   "%br_ln17 = br void %for.inc" [../src/grayscale.cpp:17]   --->   Operation 22 'br' 'br_ln17' <Predicate = true> <Delay = 0.00>


============================================================
+ Verbose Summary: Timing violations
============================================================
Target clock period: 5.000ns, clock uncertainty: 1.350ns.

 <State 1>: 1.643ns
The critical path consists of the following:
	'store' operation ('store_ln17', ../src/grayscale.cpp:17) of constant 0 5 bit on local variable 'w', ../src/grayscale.cpp:17 [5]  (0.427 ns)
	'load' operation 5 bit ('w', ../src/grayscale.cpp:17) on local variable 'w', ../src/grayscale.cpp:17 [8]  (0.000 ns)
	'icmp' operation 1 bit ('icmp_ln17', ../src/grayscale.cpp:17) [9]  (0.789 ns)
	'store' operation ('store_ln17', ../src/grayscale.cpp:17) of variable 'add_ln17', ../src/grayscale.cpp:17 5 bit on local variable 'w', ../src/grayscale.cpp:17 [20]  (0.427 ns)

 <State 2>: 3.650ns
The critical path consists of the following:
	bus read operation ('gmem0_read', ../src/grayscale.cpp:19) on port 'gmem0' (../src/grayscale.cpp:19) [17]  (3.650 ns)

 <State 3>: 1.237ns
The critical path consists of the following:
	'getelementptr' operation 5 bit ('row_words_addr', ../src/grayscale.cpp:19) [18]  (0.000 ns)
	'store' operation ('store_ln19', ../src/grayscale.cpp:19) of variable 'gmem0_read', ../src/grayscale.cpp:19 512 bit on array 'row_words' [19]  (1.237 ns)


============================================================
+ Verbose Summary: Binding
============================================================
N/A
* FSMD analyzer results:
  - Output states:
 - Input state : 
  - Chain level:
	State 1
	State 2
	State 3


============================================================
+ Verbose Summary: Datapath Resource usage 
============================================================
N/A
