

================================================================
== Vitis HLS Report for 'grayscale_Pipeline_VITIS_LOOP_22_1'
================================================================
* Date:           Thu Jul 30 19:40:23 2026

* Version:        2025.2 (Build 6295257 on Nov 14 2025)
* Project:        canny_top
* Solution:       hls (Vitis Kernel Flow Target)
* Product family: zynquplus
* Target device:  xck26-sfvc784-2LV-c


================================================================
== Performance Estimates
================================================================
+ Timing: 
    * Summary: 
    +--------+---------+----------+------------+
    |  Clock |  Target | Estimated| Uncertainty|
    +--------+---------+----------+------------+
    |ap_clk  |  5.00 ns|  3.532 ns|     1.35 ns|
    +--------+---------+----------+------------+

+ Latency: 
    * Summary: 
    +---------+---------+----------+----------+-----+-----+-------------------+
    |  Latency (cycles) |  Latency (absolute) |  Interval |      Pipeline     |
    |   min   |   max   |    min   |    max   | min | max |        Type       |
    +---------+---------+----------+----------+-----+-----+-------------------+
    |      518|      518|  2.590 us|  2.590 us|    0|    0|  loop pipeline stp|
    +---------+---------+----------+----------+-----+-----+-------------------+

    + Detail: 
        * Instance: 
        N/A

        * Loop: 
        +-------------------+---------+---------+----------+-----------+-----------+------+----------+
        |                   |  Latency (cycles) | Iteration|  Initiation Interval  | Trip |          |
        |     Loop Name     |   min   |   max   |  Latency |  achieved |   target  | Count| Pipelined|
        +-------------------+---------+---------+----------+-----------+-----------+------+----------+
        |- VITIS_LOOP_22_1  |      516|      516|         6|          1|          1|   512|       yes|
        +-------------------+---------+---------+----------+-----------+-----------+------+----------+

============================================================
+ Verbose Summary: Synthesis Manager
============================================================
InlineROM: 1
ExposeGlobal: 0
============================================================
+ Verbose Summary: CDFG Model
============================================================
IsTopModel: 0
ResetActiveHigh: 1
IsCombinational: 0
IsDatapathOnly: 0
HasWiredReturn: 1
HasMFsm: 2
HasVarLatency: 1
IsPipeline: 0
IsRtlPipelined: 0
IsInstanceOverlapped: 0
IsDontTouch: 0
HasImplIP: 0
IsGatedGlobalClock: 0

+ Individual pipeline summary: 
  * Pipeline-0: initiation interval (II) = 1, depth = 6


============================================================
+ Verbose Summary: Schedule
============================================================
* Number of FSM states : 6
* Pipeline : 1
  Pipeline-0 : II = 1, D = 6, States = { 1 2 3 4 5 6 }
* Dataflow Pipeline: 0

* FSM state transitions: 
1 --> 2 
2 --> 3 
3 --> 4 
4 --> 5 
5 --> 6 
6 --> 

* FSM state operations: 

State 1 <SV = 0> <Delay = 1.66>
ST_1 : Operation 9 [1/1] (0.00ns)   --->   "%column = alloca i32 1" [../src/grayscale.cpp:22->../src/canny_top.cpp:28]   --->   Operation 9 'alloca' 'column' <Predicate = true> <Delay = 0.00>
ST_1 : Operation 10 [1/1] (0.42ns)   --->   "%store_ln22 = store i10 0, i10 %column" [../src/grayscale.cpp:22->../src/canny_top.cpp:28]   --->   Operation 10 'store' 'store_ln22' <Predicate = true> <Delay = 0.42>
ST_1 : Operation 11 [1/1] (0.00ns)   --->   "%br_ln0 = br void %for.inc.i"   --->   Operation 11 'br' 'br_ln0' <Predicate = true> <Delay = 0.00>
ST_1 : Operation 12 [1/1] (0.00ns)   --->   "%column_8 = load i10 %column" [../src/grayscale.cpp:22->../src/canny_top.cpp:28]   --->   Operation 12 'load' 'column_8' <Predicate = true> <Delay = 0.00>
ST_1 : Operation 13 [1/1] (0.78ns)   --->   "%icmp_ln22 = icmp_eq  i10 %column_8, i10 512" [../src/grayscale.cpp:22->../src/canny_top.cpp:28]   --->   Operation 13 'icmp' 'icmp_ln22' <Predicate = true> <Delay = 0.78> <CoreInst = "Cmp">   --->   Core 9 'Cmp' <Latency = 0> <II = 1> <Delay = 0.78> <FuncUnit> <Opcode : 'seteq' 'setne' 'setle' 'setge' 'setlt' 'setgt'> <InPorts = 2> <OutPorts = 1>
ST_1 : Operation 14 [1/1] (0.78ns)   --->   "%add_ln22 = add i10 %column_8, i10 1" [../src/grayscale.cpp:22->../src/canny_top.cpp:28]   --->   Operation 14 'add' 'add_ln22' <Predicate = true> <Delay = 0.78> <CoreInst = "Adder">   --->   Core 1 'Adder' <Latency = 0> <II = 1> <Delay = 0.78> <FuncUnit> <Opcode : 'add' 'sub'> <InPorts = 2> <OutPorts = 1>
ST_1 : Operation 15 [1/1] (0.00ns)   --->   "%br_ln22 = br i1 %icmp_ln22, void %for.inc.split.i, void %_Z9grayscalePK8RGBPixelPh.1.1.exit.exitStub" [../src/grayscale.cpp:22->../src/canny_top.cpp:28]   --->   Operation 15 'br' 'br_ln22' <Predicate = true> <Delay = 0.00>
ST_1 : Operation 16 [1/1] (0.00ns)   --->   "%zext_ln22 = zext i10 %column_8" [../src/grayscale.cpp:22->../src/canny_top.cpp:28]   --->   Operation 16 'zext' 'zext_ln22' <Predicate = (!icmp_ln22)> <Delay = 0.00>
ST_1 : Operation 17 [1/1] (0.00ns)   --->   "%local_blue_addr = getelementptr i8 %local_blue, i64 0, i64 %zext_ln22" [../src/grayscale.cpp:25->../src/canny_top.cpp:28]   --->   Operation 17 'getelementptr' 'local_blue_addr' <Predicate = (!icmp_ln22)> <Delay = 0.00>
ST_1 : Operation 18 [2/2] (1.23ns)   --->   "%pixel_blue = load i9 %local_blue_addr" [../src/grayscale.cpp:25->../src/canny_top.cpp:28]   --->   Operation 18 'load' 'pixel_blue' <Predicate = (!icmp_ln22)> <Delay = 1.23> <CoreInst = "RAM">   --->   Core 82 'RAM' <Latency = 1> <II = 1> <Delay = 1.23> <Storage> <Opcode : 'load' 'store'> <Ports = 2> <Width = 8> <Depth = 512> <RAM>
ST_1 : Operation 19 [1/1] (0.42ns)   --->   "%store_ln22 = store i10 %add_ln22, i10 %column" [../src/grayscale.cpp:22->../src/canny_top.cpp:28]   --->   Operation 19 'store' 'store_ln22' <Predicate = (!icmp_ln22)> <Delay = 0.42>

State 2 <SV = 1> <Delay = 2.23>
ST_2 : Operation 20 [1/1] (0.00ns)   --->   "%local_green_addr = getelementptr i8 %local_green, i64 0, i64 %zext_ln22" [../src/grayscale.cpp:25->../src/canny_top.cpp:28]   --->   Operation 20 'getelementptr' 'local_green_addr' <Predicate = true> <Delay = 0.00>
ST_2 : Operation 21 [1/2] ( I:1.23ns O:1.23ns )   --->   "%pixel_blue = load i9 %local_blue_addr" [../src/grayscale.cpp:25->../src/canny_top.cpp:28]   --->   Operation 21 'load' 'pixel_blue' <Predicate = true> <Delay = 1.23> <CoreInst = "RAM">   --->   Core 82 'RAM' <Latency = 1> <II = 1> <Delay = 1.23> <Storage> <Opcode : 'load' 'store'> <Ports = 2> <Width = 8> <Depth = 512> <RAM>
ST_2 : Operation 22 [2/2] (1.23ns)   --->   "%pixel_green = load i9 %local_green_addr" [../src/grayscale.cpp:25->../src/canny_top.cpp:28]   --->   Operation 22 'load' 'pixel_green' <Predicate = true> <Delay = 1.23> <CoreInst = "RAM">   --->   Core 82 'RAM' <Latency = 1> <II = 1> <Delay = 1.23> <Storage> <Opcode : 'load' 'store'> <Ports = 2> <Width = 8> <Depth = 512> <RAM>
ST_2 : Operation 23 [1/1] (0.00ns)   --->   "%zext_ln29_1 = zext i8 %pixel_blue" [../src/grayscale.cpp:29->../src/canny_top.cpp:28]   --->   Operation 23 'zext' 'zext_ln29_1' <Predicate = true> <Delay = 0.00>
ST_2 : Operation 24 [3/3] (0.99ns) (grouped into DSP with root node add_ln29)   --->   "%mul_ln29_2 = mul i13 %zext_ln29_1, i13 29" [../src/grayscale.cpp:29->../src/canny_top.cpp:28]   --->   Operation 24 'mul' 'mul_ln29_2' <Predicate = true> <Delay = 0.99> <CoreInst = "DSP48">   --->   Core 124 'DSP48' <Latency = 3> <II = 1> <Delay = 0.53> <IPBlock> <Opcode : 'add' 'sub' 'mul' 'select'> <InPorts = 0> <OutPorts = 1> <Sync> <CReg>

State 3 <SV = 2> <Delay = 2.23>
ST_3 : Operation 25 [1/1] (0.00ns)   --->   "%local_red_addr = getelementptr i8 %local_red, i64 0, i64 %zext_ln22" [../src/grayscale.cpp:25->../src/canny_top.cpp:28]   --->   Operation 25 'getelementptr' 'local_red_addr' <Predicate = true> <Delay = 0.00>
ST_3 : Operation 26 [1/2] ( I:1.23ns O:1.23ns )   --->   "%pixel_green = load i9 %local_green_addr" [../src/grayscale.cpp:25->../src/canny_top.cpp:28]   --->   Operation 26 'load' 'pixel_green' <Predicate = true> <Delay = 1.23> <CoreInst = "RAM">   --->   Core 82 'RAM' <Latency = 1> <II = 1> <Delay = 1.23> <Storage> <Opcode : 'load' 'store'> <Ports = 2> <Width = 8> <Depth = 512> <RAM>
ST_3 : Operation 27 [2/2] (1.23ns)   --->   "%pixel_red = load i9 %local_red_addr" [../src/grayscale.cpp:25->../src/canny_top.cpp:28]   --->   Operation 27 'load' 'pixel_red' <Predicate = true> <Delay = 1.23> <CoreInst = "RAM">   --->   Core 82 'RAM' <Latency = 1> <II = 1> <Delay = 1.23> <Storage> <Opcode : 'load' 'store'> <Ports = 2> <Width = 8> <Depth = 512> <RAM>
ST_3 : Operation 28 [1/1] (0.00ns)   --->   "%zext_ln30 = zext i8 %pixel_green" [../src/grayscale.cpp:30->../src/canny_top.cpp:28]   --->   Operation 28 'zext' 'zext_ln30' <Predicate = true> <Delay = 0.00>
ST_3 : Operation 29 [3/3] (0.99ns) (grouped into DSP with root node gray)   --->   "%mul_ln29_1 = mul i16 %zext_ln30, i16 150" [../src/grayscale.cpp:29->../src/canny_top.cpp:28]   --->   Operation 29 'mul' 'mul_ln29_1' <Predicate = true> <Delay = 0.99> <CoreInst = "DSP48">   --->   Core 124 'DSP48' <Latency = 3> <II = 1> <Delay = 0.53> <IPBlock> <Opcode : 'add' 'sub' 'mul' 'select'> <InPorts = 0> <OutPorts = 1> <Sync> <CReg>
ST_3 : Operation 30 [2/3] (0.99ns) (grouped into DSP with root node add_ln29)   --->   "%mul_ln29_2 = mul i13 %zext_ln29_1, i13 29" [../src/grayscale.cpp:29->../src/canny_top.cpp:28]   --->   Operation 30 'mul' 'mul_ln29_2' <Predicate = true> <Delay = 0.99> <CoreInst = "DSP48">   --->   Core 124 'DSP48' <Latency = 3> <II = 1> <Delay = 0.53> <IPBlock> <Opcode : 'add' 'sub' 'mul' 'select'> <InPorts = 0> <OutPorts = 1> <Sync> <CReg>

State 4 <SV = 3> <Delay = 3.53>
ST_4 : Operation 31 [1/2] ( I:1.23ns O:1.23ns )   --->   "%pixel_red = load i9 %local_red_addr" [../src/grayscale.cpp:25->../src/canny_top.cpp:28]   --->   Operation 31 'load' 'pixel_red' <Predicate = true> <Delay = 1.23> <CoreInst = "RAM">   --->   Core 82 'RAM' <Latency = 1> <II = 1> <Delay = 1.23> <Storage> <Opcode : 'load' 'store'> <Ports = 2> <Width = 8> <Depth = 512> <RAM>
ST_4 : Operation 32 [1/1] (0.00ns)   --->   "%zext_ln29 = zext i8 %pixel_red" [../src/grayscale.cpp:29->../src/canny_top.cpp:28]   --->   Operation 32 'zext' 'zext_ln29' <Predicate = true> <Delay = 0.00>
ST_4 : Operation 33 [1/1] (1.65ns)   --->   "%mul_ln29 = mul i15 %zext_ln29, i15 77" [../src/grayscale.cpp:29->../src/canny_top.cpp:28]   --->   Operation 33 'mul' 'mul_ln29' <Predicate = true> <Delay = 1.65> <CoreInst = "Multiplier">   --->   Core 3 'Multiplier' <Latency = 0> <II = 1> <Delay = 1.65> <FuncUnit> <Opcode : 'mul'> <InPorts = 2> <OutPorts = 1>
ST_4 : Operation 34 [2/3] (0.99ns) (grouped into DSP with root node gray)   --->   "%mul_ln29_1 = mul i16 %zext_ln30, i16 150" [../src/grayscale.cpp:29->../src/canny_top.cpp:28]   --->   Operation 34 'mul' 'mul_ln29_1' <Predicate = true> <Delay = 0.99> <CoreInst = "DSP48">   --->   Core 124 'DSP48' <Latency = 3> <II = 1> <Delay = 0.53> <IPBlock> <Opcode : 'add' 'sub' 'mul' 'select'> <InPorts = 0> <OutPorts = 1> <Sync> <CReg>
ST_4 : Operation 35 [1/3] (0.00ns) (grouped into DSP with root node add_ln29)   --->   "%mul_ln29_2 = mul i13 %zext_ln29_1, i13 29" [../src/grayscale.cpp:29->../src/canny_top.cpp:28]   --->   Operation 35 'mul' 'mul_ln29_2' <Predicate = true> <Delay = 0.00> <CoreInst = "DSP48">   --->   Core 124 'DSP48' <Latency = 3> <II = 1> <Delay = 0.53> <IPBlock> <Opcode : 'add' 'sub' 'mul' 'select'> <InPorts = 0> <OutPorts = 1> <Sync> <CReg>
ST_4 : Operation 36 [1/1] (0.00ns) (grouped into DSP with root node add_ln29)   --->   "%zext_ln29_2 = zext i13 %mul_ln29_2" [../src/grayscale.cpp:29->../src/canny_top.cpp:28]   --->   Operation 36 'zext' 'zext_ln29_2' <Predicate = true> <Delay = 0.00>
ST_4 : Operation 37 [2/2] (0.64ns) (root node of the DSP)   --->   "%add_ln29 = add i15 %mul_ln29, i15 %zext_ln29_2" [../src/grayscale.cpp:29->../src/canny_top.cpp:28]   --->   Operation 37 'add' 'add_ln29' <Predicate = true> <Delay = 0.64> <CoreInst = "DSP48">   --->   Core 124 'DSP48' <Latency = 3> <II = 1> <Delay = 0.53> <IPBlock> <Opcode : 'add' 'sub' 'mul' 'select'> <InPorts = 0> <OutPorts = 1> <Sync> <CReg>

State 5 <SV = 4> <Delay = 1.29>
ST_5 : Operation 38 [1/3] (0.00ns) (grouped into DSP with root node gray)   --->   "%mul_ln29_1 = mul i16 %zext_ln30, i16 150" [../src/grayscale.cpp:29->../src/canny_top.cpp:28]   --->   Operation 38 'mul' 'mul_ln29_1' <Predicate = true> <Delay = 0.00> <CoreInst = "DSP48">   --->   Core 124 'DSP48' <Latency = 3> <II = 1> <Delay = 0.53> <IPBlock> <Opcode : 'add' 'sub' 'mul' 'select'> <InPorts = 0> <OutPorts = 1> <Sync> <CReg>
ST_5 : Operation 39 [1/2] (0.64ns) (root node of the DSP)   --->   "%add_ln29 = add i15 %mul_ln29, i15 %zext_ln29_2" [../src/grayscale.cpp:29->../src/canny_top.cpp:28]   --->   Operation 39 'add' 'add_ln29' <Predicate = true> <Delay = 0.64> <CoreInst = "DSP48">   --->   Core 124 'DSP48' <Latency = 3> <II = 1> <Delay = 0.53> <IPBlock> <Opcode : 'add' 'sub' 'mul' 'select'> <InPorts = 0> <OutPorts = 1> <Sync> <CReg>
ST_5 : Operation 40 [1/1] (0.00ns)   --->   "%zext_ln29_3 = zext i15 %add_ln29" [../src/grayscale.cpp:29->../src/canny_top.cpp:28]   --->   Operation 40 'zext' 'zext_ln29_3' <Predicate = true> <Delay = 0.00>
ST_5 : Operation 41 [2/2] (0.64ns) (root node of the DSP)   --->   "%gray = add i16 %zext_ln29_3, i16 %mul_ln29_1" [../src/grayscale.cpp:29->../src/canny_top.cpp:28]   --->   Operation 41 'add' 'gray' <Predicate = true> <Delay = 0.64> <CoreInst = "DSP48">   --->   Core 124 'DSP48' <Latency = 3> <II = 1> <Delay = 0.53> <IPBlock> <Opcode : 'add' 'sub' 'mul' 'select'> <InPorts = 0> <OutPorts = 1> <Sync> <CReg>
ST_5 : Operation 50 [1/1] (0.42ns)   --->   "%ret_ln0 = ret"   --->   Operation 50 'ret' 'ret_ln0' <Predicate = (icmp_ln22)> <Delay = 0.42>

State 6 <SV = 5> <Delay = 1.88>
ST_6 : Operation 42 [1/1] (0.00ns)   --->   "%specpipeline_ln23 = specpipeline void @_ssdm_op_SpecPipeline, i32 1, i32 0, i32 0, i32 0, i32 4294967295, void @empty_14" [../src/grayscale.cpp:23->../src/canny_top.cpp:28]   --->   Operation 42 'specpipeline' 'specpipeline_ln23' <Predicate = true> <Delay = 0.00>
ST_6 : Operation 43 [1/1] (0.00ns)   --->   "%speclooptripcount_ln22 = speclooptripcount void @_ssdm_op_SpecLoopTripCount, i64 512, i64 512, i64 512" [../src/grayscale.cpp:22->../src/canny_top.cpp:28]   --->   Operation 43 'speclooptripcount' 'speclooptripcount_ln22' <Predicate = true> <Delay = 0.00>
ST_6 : Operation 44 [1/1] (0.00ns)   --->   "%specloopname_ln22 = specloopname void @_ssdm_op_SpecLoopName, void @empty_22" [../src/grayscale.cpp:22->../src/canny_top.cpp:28]   --->   Operation 44 'specloopname' 'specloopname_ln22' <Predicate = true> <Delay = 0.00>
ST_6 : Operation 45 [1/2] (0.64ns) (root node of the DSP)   --->   "%gray = add i16 %zext_ln29_3, i16 %mul_ln29_1" [../src/grayscale.cpp:29->../src/canny_top.cpp:28]   --->   Operation 45 'add' 'gray' <Predicate = true> <Delay = 0.64> <CoreInst = "DSP48">   --->   Core 124 'DSP48' <Latency = 3> <II = 1> <Delay = 0.53> <IPBlock> <Opcode : 'add' 'sub' 'mul' 'select'> <InPorts = 0> <OutPorts = 1> <Sync> <CReg>
ST_6 : Operation 46 [1/1] (0.00ns)   --->   "%trunc_ln = partselect i8 @_ssdm_op_PartSelect.i8.i16.i32.i32, i16 %gray, i32 8, i32 15" [../src/grayscale.cpp:33->../src/canny_top.cpp:28]   --->   Operation 46 'partselect' 'trunc_ln' <Predicate = true> <Delay = 0.00>
ST_6 : Operation 47 [1/1] (0.00ns)   --->   "%out_grayscale_addr = getelementptr i8 %out_grayscale, i64 0, i64 %zext_ln22" [../src/grayscale.cpp:32->../src/canny_top.cpp:28]   --->   Operation 47 'getelementptr' 'out_grayscale_addr' <Predicate = true> <Delay = 0.00>
ST_6 : Operation 48 [1/1] ( I:1.23ns O:1.23ns )   --->   "%store_ln32 = store i8 %trunc_ln, i9 %out_grayscale_addr" [../src/grayscale.cpp:32->../src/canny_top.cpp:28]   --->   Operation 48 'store' 'store_ln32' <Predicate = true> <Delay = 1.23> <CoreInst = "RAM">   --->   Core 82 'RAM' <Latency = 1> <II = 1> <Delay = 1.23> <Storage> <Opcode : 'load' 'store'> <Ports = 2> <Width = 8> <Depth = 512> <RAM>
ST_6 : Operation 49 [1/1] (0.00ns)   --->   "%br_ln22 = br void %for.inc.i" [../src/grayscale.cpp:22->../src/canny_top.cpp:28]   --->   Operation 49 'br' 'br_ln22' <Predicate = true> <Delay = 0.00>


============================================================
+ Verbose Summary: Binding
============================================================
STG Binding: 
---------------- STG Properties BEGIN ----------------
- Is combinational: 0
- Is one-state seq: 0
- Is datapath-only: 0
- Is pipelined: 0
- Is top level: 0
Port [ Return ] is wired: 1; IO mode=ap_ctrl_hs:ce=0
Port [ local_blue]:  wired=1; compound=1; hidden=0; nouse=0; global=0; static=0; extern=0; dir=0; type=1; pingpong=0; private_global=0; MemPort=[13]; IO mode=ap_memory:ce=0
Port [ local_green]:  wired=1; compound=1; hidden=0; nouse=0; global=0; static=0; extern=0; dir=0; type=1; pingpong=0; private_global=0; MemPort=[13]; IO mode=ap_memory:ce=0
Port [ local_red]:  wired=1; compound=1; hidden=0; nouse=0; global=0; static=0; extern=0; dir=0; type=1; pingpong=0; private_global=0; MemPort=[13]; IO mode=ap_memory:ce=0
Port [ out_grayscale]:  wired=1; compound=1; hidden=0; nouse=0; global=0; static=0; extern=0; dir=1; type=1; pingpong=1; private_global=0; MemPort=[03]; IO mode=ap_memory:ce=0
---------------- STG Properties END ------------------

---------------- Datapath Model BEGIN ----------------

<LifeTime>
<method=bitvector/>
column                 (alloca           ) [ 0100000]
store_ln22             (store            ) [ 0000000]
br_ln0                 (br               ) [ 0000000]
column_8               (load             ) [ 0000000]
icmp_ln22              (icmp             ) [ 0111110]
add_ln22               (add              ) [ 0000000]
br_ln22                (br               ) [ 0000000]
zext_ln22              (zext             ) [ 0111111]
local_blue_addr        (getelementptr    ) [ 0110000]
store_ln22             (store            ) [ 0000000]
local_green_addr       (getelementptr    ) [ 0101000]
pixel_blue             (load             ) [ 0000000]
zext_ln29_1            (zext             ) [ 0101100]
local_red_addr         (getelementptr    ) [ 0100100]
pixel_green            (load             ) [ 0000000]
zext_ln30              (zext             ) [ 0100110]
pixel_red              (load             ) [ 0000000]
zext_ln29              (zext             ) [ 0000000]
mul_ln29               (mul              ) [ 0100010]
mul_ln29_2             (mul              ) [ 0000000]
zext_ln29_2            (zext             ) [ 0100010]
mul_ln29_1             (mul              ) [ 0100001]
add_ln29               (add              ) [ 0000000]
zext_ln29_3            (zext             ) [ 0100001]
specpipeline_ln23      (specpipeline     ) [ 0000000]
speclooptripcount_ln22 (speclooptripcount) [ 0000000]
specloopname_ln22      (specloopname     ) [ 0000000]
gray                   (add              ) [ 0000000]
trunc_ln               (partselect       ) [ 0000000]
out_grayscale_addr     (getelementptr    ) [ 0000000]
store_ln32             (store            ) [ 0000000]
br_ln22                (br               ) [ 0000000]
ret_ln0                (ret              ) [ 0000000]
</LifeTime>

<model>

<comp_list>
<comp id="0" class="1000" name="local_blue">
<pin_list>
<pin id="1" dir="1" index="0" bw="1" slack="0"/>
</pin_list>
<bind>
<StgValue><ssdm name="local_blue"/><MemPortTyVec>1 3 </MemPortTyVec>
</StgValue>
</bind>
</comp>

<comp id="2" class="1000" name="local_green">
<pin_list>
<pin id="3" dir="1" index="0" bw="1" slack="0"/>
</pin_list>
<bind>
<StgValue><ssdm name="local_green"/><MemPortTyVec>1 3 </MemPortTyVec>
</StgValue>
</bind>
</comp>

<comp id="4" class="1000" name="local_red">
<pin_list>
<pin id="5" dir="1" index="0" bw="1" slack="0"/>
</pin_list>
<bind>
<StgValue><ssdm name="local_red"/><MemPortTyVec>1 3 </MemPortTyVec>
</StgValue>
</bind>
</comp>

<comp id="6" class="1000" name="out_grayscale">
<pin_list>
<pin id="7" dir="1" index="0" bw="1" slack="0"/>
</pin_list>
<bind>
<StgValue><ssdm name="out_grayscale"/><MemPortTyVec>0 3 </MemPortTyVec>
</StgValue>
</bind>
</comp>

<comp id="8" class="1001" name="const_8">
<pin_list>
<pin id="9" dir="1" index="0" bw="1" slack="0"/>
</pin_list>
<bind>
<StgValue><ssdm name=""/></StgValue>
</bind>
</comp>

<comp id="10" class="1001" name="const_10">
<pin_list>
<pin id="11" dir="1" index="0" bw="1" slack="0"/>
</pin_list>
<bind>
<StgValue><ssdm name=""/></StgValue>
</bind>
</comp>

<comp id="12" class="1001" name="const_12">
<pin_list>
<pin id="13" dir="1" index="0" bw="1" slack="0"/>
</pin_list>
<bind>
<StgValue><ssdm name=""/></StgValue>
</bind>
</comp>

<comp id="14" class="1001" name="const_14">
<pin_list>
<pin id="15" dir="1" index="0" bw="1" slack="0"/>
</pin_list>
<bind>
<StgValue><ssdm name=""/></StgValue>
</bind>
</comp>

<comp id="16" class="1001" name="const_16">
<pin_list>
<pin id="17" dir="1" index="0" bw="1" slack="0"/>
</pin_list>
<bind>
<StgValue><ssdm name=""/></StgValue>
</bind>
</comp>

<comp id="18" class="1001" name="const_18">
<pin_list>
<pin id="19" dir="1" index="0" bw="1" slack="0"/>
</pin_list>
<bind>
<StgValue><ssdm name=""/></StgValue>
</bind>
</comp>

<comp id="20" class="1001" name="const_20">
<pin_list>
<pin id="21" dir="1" index="0" bw="1" slack="0"/>
</pin_list>
<bind>
<StgValue><ssdm name=""/></StgValue>
</bind>
</comp>

<comp id="22" class="1001" name="const_22">
<pin_list>
<pin id="23" dir="1" index="0" bw="1" slack="0"/>
</pin_list>
<bind>
<StgValue><ssdm name=""/></StgValue>
</bind>
</comp>

<comp id="24" class="1001" name="const_24">
<pin_list>
<pin id="25" dir="1" index="0" bw="1" slack="2147483647"/>
</pin_list>
<bind>
<StgValue><ssdm name="_ssdm_op_SpecPipeline"/></StgValue>
</bind>
</comp>

<comp id="26" class="1001" name="const_26">
<pin_list>
<pin id="27" dir="1" index="0" bw="1" slack="2147483647"/>
</pin_list>
<bind>
<StgValue><ssdm name=""/></StgValue>
</bind>
</comp>

<comp id="28" class="1001" name="const_28">
<pin_list>
<pin id="29" dir="1" index="0" bw="1" slack="2147483647"/>
</pin_list>
<bind>
<StgValue><ssdm name=""/></StgValue>
</bind>
</comp>

<comp id="30" class="1001" name="const_30">
<pin_list>
<pin id="31" dir="1" index="0" bw="1" slack="2147483647"/>
</pin_list>
<bind>
<StgValue><ssdm name="empty_14"/></StgValue>
</bind>
</comp>

<comp id="32" class="1001" name="const_32">
<pin_list>
<pin id="33" dir="1" index="0" bw="1" slack="2147483647"/>
</pin_list>
<bind>
<StgValue><ssdm name="_ssdm_op_SpecLoopTripCount"/></StgValue>
</bind>
</comp>

<comp id="34" class="1001" name="const_34">
<pin_list>
<pin id="35" dir="1" index="0" bw="1" slack="2147483647"/>
</pin_list>
<bind>
<StgValue><ssdm name=""/></StgValue>
</bind>
</comp>

<comp id="36" class="1001" name="const_36">
<pin_list>
<pin id="37" dir="1" index="0" bw="1" slack="2147483647"/>
</pin_list>
<bind>
<StgValue><ssdm name="_ssdm_op_SpecLoopName"/></StgValue>
</bind>
</comp>

<comp id="38" class="1001" name="const_38">
<pin_list>
<pin id="39" dir="1" index="0" bw="1" slack="2147483647"/>
</pin_list>
<bind>
<StgValue><ssdm name="empty_22"/></StgValue>
</bind>
</comp>

<comp id="40" class="1001" name="const_40">
<pin_list>
<pin id="41" dir="1" index="0" bw="1" slack="0"/>
</pin_list>
<bind>
<StgValue><ssdm name="_ssdm_op_PartSelect.i8.i16.i32.i32"/></StgValue>
</bind>
</comp>

<comp id="42" class="1001" name="const_42">
<pin_list>
<pin id="43" dir="1" index="0" bw="1" slack="0"/>
</pin_list>
<bind>
<StgValue><ssdm name=""/></StgValue>
</bind>
</comp>

<comp id="44" class="1001" name="const_44">
<pin_list>
<pin id="45" dir="1" index="0" bw="1" slack="0"/>
</pin_list>
<bind>
<StgValue><ssdm name=""/></StgValue>
</bind>
</comp>

<comp id="46" class="1004" name="column_fu_46">
<pin_list>
<pin id="47" dir="0" index="0" bw="1" slack="0"/>
<pin id="48" dir="1" index="1" bw="10" slack="0"/>
</pin_list>
<bind>
<opcode="alloca(26) " fcode="alloca"/>
<opset="column/1 "/>
</bind>
</comp>

<comp id="50" class="1004" name="local_blue_addr_gep_fu_50">
<pin_list>
<pin id="51" dir="0" index="0" bw="8" slack="0"/>
<pin id="52" dir="0" index="1" bw="1" slack="0"/>
<pin id="53" dir="0" index="2" bw="10" slack="0"/>
<pin id="54" dir="1" index="3" bw="9" slack="0"/>
</pin_list>
<bind>
<opcode="getelementptr(29) " fcode="getelementptr"/>
<opset="local_blue_addr/1 "/>
</bind>
</comp>

<comp id="57" class="1004" name="grp_access_fu_57">
<pin_list>
<pin id="58" dir="0" index="0" bw="9" slack="0"/>
<pin id="59" dir="0" index="1" bw="8" slack="2147483647"/>
<pin id="60" dir="0" index="2" bw="0" slack="2147483647"/>
<pin id="61" dir="1" index="3" bw="8" slack="0"/>
</pin_list>
<bind>
<opcode="load(27) " fcode="load"/>
<opset="pixel_blue/1 "/>
</bind>
</comp>

<comp id="63" class="1004" name="local_green_addr_gep_fu_63">
<pin_list>
<pin id="64" dir="0" index="0" bw="8" slack="0"/>
<pin id="65" dir="0" index="1" bw="1" slack="0"/>
<pin id="66" dir="0" index="2" bw="10" slack="1"/>
<pin id="67" dir="1" index="3" bw="9" slack="0"/>
</pin_list>
<bind>
<opcode="getelementptr(29) " fcode="getelementptr"/>
<opset="local_green_addr/2 "/>
</bind>
</comp>

<comp id="70" class="1004" name="grp_access_fu_70">
<pin_list>
<pin id="71" dir="0" index="0" bw="9" slack="0"/>
<pin id="72" dir="0" index="1" bw="8" slack="2147483647"/>
<pin id="73" dir="0" index="2" bw="0" slack="2147483647"/>
<pin id="74" dir="1" index="3" bw="8" slack="0"/>
</pin_list>
<bind>
<opcode="load(27) " fcode="load"/>
<opset="pixel_green/2 "/>
</bind>
</comp>

<comp id="76" class="1004" name="local_red_addr_gep_fu_76">
<pin_list>
<pin id="77" dir="0" index="0" bw="8" slack="0"/>
<pin id="78" dir="0" index="1" bw="1" slack="0"/>
<pin id="79" dir="0" index="2" bw="10" slack="2"/>
<pin id="80" dir="1" index="3" bw="9" slack="0"/>
</pin_list>
<bind>
<opcode="getelementptr(29) " fcode="getelementptr"/>
<opset="local_red_addr/3 "/>
</bind>
</comp>

<comp id="83" class="1004" name="grp_access_fu_83">
<pin_list>
<pin id="84" dir="0" index="0" bw="9" slack="0"/>
<pin id="85" dir="0" index="1" bw="8" slack="2147483647"/>
<pin id="86" dir="0" index="2" bw="0" slack="2147483647"/>
<pin id="87" dir="1" index="3" bw="8" slack="0"/>
</pin_list>
<bind>
<opcode="load(27) " fcode="load"/>
<opset="pixel_red/3 "/>
</bind>
</comp>

<comp id="89" class="1004" name="out_grayscale_addr_gep_fu_89">
<pin_list>
<pin id="90" dir="0" index="0" bw="8" slack="0"/>
<pin id="91" dir="0" index="1" bw="1" slack="0"/>
<pin id="92" dir="0" index="2" bw="10" slack="5"/>
<pin id="93" dir="1" index="3" bw="9" slack="0"/>
</pin_list>
<bind>
<opcode="getelementptr(29) " fcode="getelementptr"/>
<opset="out_grayscale_addr/6 "/>
</bind>
</comp>

<comp id="96" class="1004" name="store_ln32_access_fu_96">
<pin_list>
<pin id="97" dir="0" index="0" bw="9" slack="0"/>
<pin id="98" dir="0" index="1" bw="8" slack="0"/>
<pin id="99" dir="0" index="2" bw="0" slack="2147483647"/>
<pin id="100" dir="1" index="3" bw="8" slack="2147483647"/>
</pin_list>
<bind>
<opcode="store(28) " fcode="store"/>
<opset="store_ln32/6 "/>
</bind>
</comp>

<comp id="102" class="1004" name="store_ln22_store_fu_102">
<pin_list>
<pin id="103" dir="0" index="0" bw="1" slack="0"/>
<pin id="104" dir="0" index="1" bw="10" slack="0"/>
<pin id="105" dir="1" index="2" bw="0" slack="2147483647"/>
</pin_list>
<bind>
<opcode="store(28) " fcode="store"/>
<opset="store_ln22/1 "/>
</bind>
</comp>

<comp id="107" class="1004" name="column_8_load_fu_107">
<pin_list>
<pin id="108" dir="0" index="0" bw="10" slack="0"/>
<pin id="109" dir="1" index="1" bw="10" slack="0"/>
</pin_list>
<bind>
<opcode="load(27) " fcode="load"/>
<opset="column_8/1 "/>
</bind>
</comp>

<comp id="110" class="1004" name="icmp_ln22_fu_110">
<pin_list>
<pin id="111" dir="0" index="0" bw="10" slack="0"/>
<pin id="112" dir="0" index="1" bw="10" slack="0"/>
<pin id="113" dir="1" index="2" bw="1" slack="4"/>
</pin_list>
<bind>
<opcode="icmp(45) " fcode="icmp"/>
<opset="icmp_ln22/1 "/>
</bind>
</comp>

<comp id="116" class="1004" name="add_ln22_fu_116">
<pin_list>
<pin id="117" dir="0" index="0" bw="10" slack="0"/>
<pin id="118" dir="0" index="1" bw="1" slack="0"/>
<pin id="119" dir="1" index="2" bw="10" slack="0"/>
</pin_list>
<bind>
<opcode="add(8) " fcode="add"/>
<opset="add_ln22/1 "/>
</bind>
</comp>

<comp id="122" class="1004" name="zext_ln22_fu_122">
<pin_list>
<pin id="123" dir="0" index="0" bw="10" slack="0"/>
<pin id="124" dir="1" index="1" bw="64" slack="0"/>
</pin_list>
<bind>
<opcode="zext(34) " fcode="zext"/>
<opset="zext_ln22/1 "/>
</bind>
</comp>

<comp id="127" class="1004" name="store_ln22_store_fu_127">
<pin_list>
<pin id="128" dir="0" index="0" bw="10" slack="0"/>
<pin id="129" dir="0" index="1" bw="10" slack="0"/>
<pin id="130" dir="1" index="2" bw="0" slack="2147483647"/>
</pin_list>
<bind>
<opcode="store(28) " fcode="store"/>
<opset="store_ln22/1 "/>
</bind>
</comp>

<comp id="132" class="1004" name="zext_ln29_1_fu_132">
<pin_list>
<pin id="133" dir="0" index="0" bw="8" slack="0"/>
<pin id="134" dir="1" index="1" bw="13" slack="0"/>
</pin_list>
<bind>
<opcode="zext(34) " fcode="zext"/>
<opset="zext_ln29_1/2 "/>
</bind>
</comp>

<comp id="136" class="1004" name="zext_ln30_fu_136">
<pin_list>
<pin id="137" dir="0" index="0" bw="8" slack="0"/>
<pin id="138" dir="1" index="1" bw="16" slack="0"/>
</pin_list>
<bind>
<opcode="zext(34) " fcode="zext"/>
<opset="zext_ln30/3 "/>
</bind>
</comp>

<comp id="140" class="1004" name="zext_ln29_fu_140">
<pin_list>
<pin id="141" dir="0" index="0" bw="8" slack="0"/>
<pin id="142" dir="1" index="1" bw="15" slack="0"/>
</pin_list>
<bind>
<opcode="zext(34) " fcode="zext"/>
<opset="zext_ln29/4 "/>
</bind>
</comp>

<comp id="144" class="1004" name="mul_ln29_fu_144">
<pin_list>
<pin id="145" dir="0" index="0" bw="8" slack="0"/>
<pin id="146" dir="0" index="1" bw="8" slack="0"/>
<pin id="147" dir="1" index="2" bw="15" slack="0"/>
</pin_list>
<bind>
<opcode="mul(12) " fcode="mul"/>
<opset="mul_ln29/4 "/>
</bind>
</comp>

<comp id="150" class="1004" name="zext_ln29_3_fu_150">
<pin_list>
<pin id="151" dir="0" index="0" bw="15" slack="0"/>
<pin id="152" dir="1" index="1" bw="16" slack="0"/>
</pin_list>
<bind>
<opcode="zext(34) " fcode="zext"/>
<opset="zext_ln29_3/5 "/>
</bind>
</comp>

<comp id="153" class="1004" name="trunc_ln_fu_153">
<pin_list>
<pin id="154" dir="0" index="0" bw="8" slack="0"/>
<pin id="155" dir="0" index="1" bw="16" slack="0"/>
<pin id="156" dir="0" index="2" bw="5" slack="0"/>
<pin id="157" dir="0" index="3" bw="5" slack="0"/>
<pin id="158" dir="1" index="4" bw="8" slack="0"/>
</pin_list>
<bind>
<opcode="partselect(1002) " fcode="partselect"/>
<opset="trunc_ln/6 "/>
</bind>
</comp>

<comp id="163" class="1007" name="grp_fu_163">
<pin_list>
<pin id="164" dir="0" index="0" bw="8" slack="0"/>
<pin id="165" dir="0" index="1" bw="5" slack="0"/>
<pin id="166" dir="0" index="2" bw="15" slack="0"/>
<pin id="167" dir="1" index="3" bw="15" slack="0"/>
</pin_list>
<bind>
<opcode="muladd(1172) " fcode="muladd"/>
<opset="mul_ln29_2/2 zext_ln29_2/4 add_ln29/4 "/>
</bind>
</comp>

<comp id="172" class="1007" name="grp_fu_172">
<pin_list>
<pin id="173" dir="0" index="0" bw="8" slack="0"/>
<pin id="174" dir="0" index="1" bw="8" slack="0"/>
<pin id="175" dir="0" index="2" bw="15" slack="0"/>
<pin id="176" dir="1" index="3" bw="16" slack="0"/>
</pin_list>
<bind>
<opcode="muladd(1172) " fcode="muladd"/>
<opset="mul_ln29_1/3 gray/5 "/>
</bind>
</comp>

<comp id="181" class="1005" name="column_reg_181">
<pin_list>
<pin id="182" dir="0" index="0" bw="10" slack="0"/>
<pin id="183" dir="1" index="1" bw="10" slack="0"/>
</pin_list>
<bind>
<opset="column "/>
</bind>
</comp>

<comp id="188" class="1005" name="icmp_ln22_reg_188">
<pin_list>
<pin id="189" dir="0" index="0" bw="1" slack="4"/>
<pin id="190" dir="1" index="1" bw="1" slack="2147483647"/>
</pin_list>
<bind>
<opset="icmp_ln22 "/>
</bind>
</comp>

<comp id="192" class="1005" name="zext_ln22_reg_192">
<pin_list>
<pin id="193" dir="0" index="0" bw="64" slack="1"/>
<pin id="194" dir="1" index="1" bw="64" slack="1"/>
</pin_list>
<bind>
<opset="zext_ln22 "/>
</bind>
</comp>

<comp id="199" class="1005" name="local_blue_addr_reg_199">
<pin_list>
<pin id="200" dir="0" index="0" bw="9" slack="1"/>
<pin id="201" dir="1" index="1" bw="9" slack="1"/>
</pin_list>
<bind>
<opset="local_blue_addr "/>
</bind>
</comp>

<comp id="204" class="1005" name="local_green_addr_reg_204">
<pin_list>
<pin id="205" dir="0" index="0" bw="9" slack="1"/>
<pin id="206" dir="1" index="1" bw="9" slack="1"/>
</pin_list>
<bind>
<opset="local_green_addr "/>
</bind>
</comp>

<comp id="209" class="1005" name="zext_ln29_1_reg_209">
<pin_list>
<pin id="210" dir="0" index="0" bw="13" slack="1"/>
<pin id="211" dir="1" index="1" bw="13" slack="1"/>
</pin_list>
<bind>
<opset="zext_ln29_1 "/>
</bind>
</comp>

<comp id="214" class="1005" name="local_red_addr_reg_214">
<pin_list>
<pin id="215" dir="0" index="0" bw="9" slack="1"/>
<pin id="216" dir="1" index="1" bw="9" slack="1"/>
</pin_list>
<bind>
<opset="local_red_addr "/>
</bind>
</comp>

<comp id="219" class="1005" name="zext_ln30_reg_219">
<pin_list>
<pin id="220" dir="0" index="0" bw="16" slack="1"/>
<pin id="221" dir="1" index="1" bw="16" slack="1"/>
</pin_list>
<bind>
<opset="zext_ln30 "/>
</bind>
</comp>

<comp id="224" class="1005" name="mul_ln29_reg_224">
<pin_list>
<pin id="225" dir="0" index="0" bw="15" slack="1"/>
<pin id="226" dir="1" index="1" bw="15" slack="1"/>
</pin_list>
<bind>
<opset="mul_ln29 "/>
</bind>
</comp>

<comp id="229" class="1005" name="zext_ln29_3_reg_229">
<pin_list>
<pin id="230" dir="0" index="0" bw="16" slack="1"/>
<pin id="231" dir="1" index="1" bw="16" slack="1"/>
</pin_list>
<bind>
<opset="zext_ln29_3 "/>
</bind>
</comp>

</comp_list>

<net_list>
<net id="49"><net_src comp="8" pin="0"/><net_sink comp="46" pin=0"/></net>

<net id="55"><net_src comp="0" pin="0"/><net_sink comp="50" pin=0"/></net>

<net id="56"><net_src comp="16" pin="0"/><net_sink comp="50" pin=1"/></net>

<net id="62"><net_src comp="50" pin="3"/><net_sink comp="57" pin=0"/></net>

<net id="68"><net_src comp="2" pin="0"/><net_sink comp="63" pin=0"/></net>

<net id="69"><net_src comp="16" pin="0"/><net_sink comp="63" pin=1"/></net>

<net id="75"><net_src comp="63" pin="3"/><net_sink comp="70" pin=0"/></net>

<net id="81"><net_src comp="4" pin="0"/><net_sink comp="76" pin=0"/></net>

<net id="82"><net_src comp="16" pin="0"/><net_sink comp="76" pin=1"/></net>

<net id="88"><net_src comp="76" pin="3"/><net_sink comp="83" pin=0"/></net>

<net id="94"><net_src comp="6" pin="0"/><net_sink comp="89" pin=0"/></net>

<net id="95"><net_src comp="16" pin="0"/><net_sink comp="89" pin=1"/></net>

<net id="101"><net_src comp="89" pin="3"/><net_sink comp="96" pin=0"/></net>

<net id="106"><net_src comp="10" pin="0"/><net_sink comp="102" pin=0"/></net>

<net id="114"><net_src comp="107" pin="1"/><net_sink comp="110" pin=0"/></net>

<net id="115"><net_src comp="12" pin="0"/><net_sink comp="110" pin=1"/></net>

<net id="120"><net_src comp="107" pin="1"/><net_sink comp="116" pin=0"/></net>

<net id="121"><net_src comp="14" pin="0"/><net_sink comp="116" pin=1"/></net>

<net id="125"><net_src comp="107" pin="1"/><net_sink comp="122" pin=0"/></net>

<net id="126"><net_src comp="122" pin="1"/><net_sink comp="50" pin=2"/></net>

<net id="131"><net_src comp="116" pin="2"/><net_sink comp="127" pin=0"/></net>

<net id="135"><net_src comp="57" pin="3"/><net_sink comp="132" pin=0"/></net>

<net id="139"><net_src comp="70" pin="3"/><net_sink comp="136" pin=0"/></net>

<net id="143"><net_src comp="83" pin="3"/><net_sink comp="140" pin=0"/></net>

<net id="148"><net_src comp="140" pin="1"/><net_sink comp="144" pin=0"/></net>

<net id="149"><net_src comp="22" pin="0"/><net_sink comp="144" pin=1"/></net>

<net id="159"><net_src comp="40" pin="0"/><net_sink comp="153" pin=0"/></net>

<net id="160"><net_src comp="42" pin="0"/><net_sink comp="153" pin=2"/></net>

<net id="161"><net_src comp="44" pin="0"/><net_sink comp="153" pin=3"/></net>

<net id="162"><net_src comp="153" pin="4"/><net_sink comp="96" pin=1"/></net>

<net id="168"><net_src comp="132" pin="1"/><net_sink comp="163" pin=0"/></net>

<net id="169"><net_src comp="18" pin="0"/><net_sink comp="163" pin=1"/></net>

<net id="170"><net_src comp="144" pin="2"/><net_sink comp="163" pin=2"/></net>

<net id="171"><net_src comp="163" pin="3"/><net_sink comp="150" pin=0"/></net>

<net id="177"><net_src comp="136" pin="1"/><net_sink comp="172" pin=0"/></net>

<net id="178"><net_src comp="20" pin="0"/><net_sink comp="172" pin=1"/></net>

<net id="179"><net_src comp="150" pin="1"/><net_sink comp="172" pin=2"/></net>

<net id="180"><net_src comp="172" pin="3"/><net_sink comp="153" pin=1"/></net>

<net id="184"><net_src comp="46" pin="1"/><net_sink comp="181" pin=0"/></net>

<net id="185"><net_src comp="181" pin="1"/><net_sink comp="102" pin=1"/></net>

<net id="186"><net_src comp="181" pin="1"/><net_sink comp="107" pin=0"/></net>

<net id="187"><net_src comp="181" pin="1"/><net_sink comp="127" pin=1"/></net>

<net id="191"><net_src comp="110" pin="2"/><net_sink comp="188" pin=0"/></net>

<net id="195"><net_src comp="122" pin="1"/><net_sink comp="192" pin=0"/></net>

<net id="196"><net_src comp="192" pin="1"/><net_sink comp="63" pin=2"/></net>

<net id="197"><net_src comp="192" pin="1"/><net_sink comp="76" pin=2"/></net>

<net id="198"><net_src comp="192" pin="1"/><net_sink comp="89" pin=2"/></net>

<net id="202"><net_src comp="50" pin="3"/><net_sink comp="199" pin=0"/></net>

<net id="203"><net_src comp="199" pin="1"/><net_sink comp="57" pin=0"/></net>

<net id="207"><net_src comp="63" pin="3"/><net_sink comp="204" pin=0"/></net>

<net id="208"><net_src comp="204" pin="1"/><net_sink comp="70" pin=0"/></net>

<net id="212"><net_src comp="132" pin="1"/><net_sink comp="209" pin=0"/></net>

<net id="213"><net_src comp="209" pin="1"/><net_sink comp="163" pin=0"/></net>

<net id="217"><net_src comp="76" pin="3"/><net_sink comp="214" pin=0"/></net>

<net id="218"><net_src comp="214" pin="1"/><net_sink comp="83" pin=0"/></net>

<net id="222"><net_src comp="136" pin="1"/><net_sink comp="219" pin=0"/></net>

<net id="223"><net_src comp="219" pin="1"/><net_sink comp="172" pin=0"/></net>

<net id="227"><net_src comp="144" pin="2"/><net_sink comp="224" pin=0"/></net>

<net id="228"><net_src comp="224" pin="1"/><net_sink comp="163" pin=0"/></net>

<net id="232"><net_src comp="150" pin="1"/><net_sink comp="229" pin=0"/></net>

<net id="233"><net_src comp="229" pin="1"/><net_sink comp="172" pin=0"/></net>

</net_list>

</model> 
---------------- Datapath Model END ------------------

* FSMD analyzer results:
  - Output states:
	Port: out_grayscale | {6 }
 - Input state : 
	Port: grayscale_Pipeline_VITIS_LOOP_22_1 : local_blue | {1 2 }
	Port: grayscale_Pipeline_VITIS_LOOP_22_1 : local_green | {2 3 }
	Port: grayscale_Pipeline_VITIS_LOOP_22_1 : local_red | {3 4 }
  - Chain level:
	State 1
		store_ln22 : 1
		column_8 : 1
		icmp_ln22 : 2
		add_ln22 : 2
		br_ln22 : 3
		zext_ln22 : 2
		local_blue_addr : 3
		pixel_blue : 4
		store_ln22 : 3
	State 2
		pixel_green : 1
		zext_ln29_1 : 1
		mul_ln29_2 : 2
	State 3
		pixel_red : 1
		zext_ln30 : 1
		mul_ln29_1 : 2
	State 4
		zext_ln29 : 1
		mul_ln29 : 2
		zext_ln29_2 : 1
		add_ln29 : 3
	State 5
		zext_ln29_3 : 1
		gray : 2
	State 6
		trunc_ln : 1
		store_ln32 : 2


============================================================
+ Verbose Summary: Datapath Resource usage 
============================================================

* Functional unit list:
|----------|--------------------|---------|---------|---------|
| Operation|   Functional Unit  |   DSP   |    FF   |   LUT   |
|----------|--------------------|---------|---------|---------|
|    mul   |   mul_ln29_fu_144  |    0    |    0    |    40   |
|----------|--------------------|---------|---------|---------|
|   icmp   |  icmp_ln22_fu_110  |    0    |    0    |    17   |
|----------|--------------------|---------|---------|---------|
|    add   |   add_ln22_fu_116  |    0    |    0    |    17   |
|----------|--------------------|---------|---------|---------|
|  muladd  |     grp_fu_163     |    1    |    0    |    0    |
|          |     grp_fu_172     |    1    |    0    |    0    |
|----------|--------------------|---------|---------|---------|
|          |  zext_ln22_fu_122  |    0    |    0    |    0    |
|          | zext_ln29_1_fu_132 |    0    |    0    |    0    |
|   zext   |  zext_ln30_fu_136  |    0    |    0    |    0    |
|          |  zext_ln29_fu_140  |    0    |    0    |    0    |
|          | zext_ln29_3_fu_150 |    0    |    0    |    0    |
|----------|--------------------|---------|---------|---------|
|partselect|   trunc_ln_fu_153  |    0    |    0    |    0    |
|----------|--------------------|---------|---------|---------|
|   Total  |                    |    2    |    0    |    74   |
|----------|--------------------|---------|---------|---------|

Memories:
N/A

* Register list:
+------------------------+--------+
|                        |   FF   |
+------------------------+--------+
|     column_reg_181     |   10   |
|    icmp_ln22_reg_188   |    1   |
| local_blue_addr_reg_199|    9   |
|local_green_addr_reg_204|    9   |
| local_red_addr_reg_214 |    9   |
|    mul_ln29_reg_224    |   15   |
|    zext_ln22_reg_192   |   64   |
|   zext_ln29_1_reg_209  |   13   |
|   zext_ln29_3_reg_229  |   16   |
|    zext_ln30_reg_219   |   16   |
+------------------------+--------+
|          Total         |   162  |
+------------------------+--------+

* Multiplexer (MUX) list: 
|------------------|------|------|------|--------||---------||---------||---------|
|       Comp       |  Pin | Size |  BW  | S x BW ||  Delay  ||    FF   ||   LUT   |
|------------------|------|------|------|--------||---------||---------||---------|
| grp_access_fu_57 |  p0  |   2  |   9  |   18   ||    0    ||    9    |
| grp_access_fu_70 |  p0  |   2  |   9  |   18   ||    0    ||    9    |
| grp_access_fu_83 |  p0  |   2  |   9  |   18   ||    0    ||    9    |
|    grp_fu_163    |  p0  |   3  |   8  |   24   ||    0    ||    14   |
|    grp_fu_172    |  p0  |   3  |   8  |   24   ||    0    ||    14   |
|------------------|------|------|------|--------||---------||---------||---------|
|       Total      |      |      |      |   102  ||  2.233  ||    0    ||    55   |
|------------------|------|------|------|--------||---------||---------||---------|



* Summary:
+-----------+--------+--------+--------+--------+
|           |   DSP  |  Delay |   FF   |   LUT  |
+-----------+--------+--------+--------+--------+
|  Function |    2   |    -   |    0   |   74   |
|   Memory  |    -   |    -   |    -   |    -   |
|Multiplexer|    -   |    2   |    0   |   55   |
|  Register |    -   |    -   |   162  |    -   |
+-----------+--------+--------+--------+--------+
|   Total   |    2   |    2   |   162  |   129  |
+-----------+--------+--------+--------+--------+
