

================================================================
== Vitis HLS Report for 'grayscale_Pipeline_VITIS_LOOP_22_1'
================================================================
* Date:           Thu Jul 30 19:40:23 2026

* Version:        2025.2 (Build 6295257 on Nov 14 2025)
* Project:        canny_top
* Solution:       hls (Vitis Kernel Flow Target)
* Product family: zynquplus
* Target device:  xck26-sfvc784-2LV-c


================================================================
== Performance Estimates
================================================================
+ Timing: 
    * Summary: 
    +--------+---------+----------+------------+
    |  Clock |  Target | Estimated| Uncertainty|
    +--------+---------+----------+------------+
    |ap_clk  |  5.00 ns|  3.532 ns|     1.35 ns|
    +--------+---------+----------+------------+

+ Latency: 
    * Summary: 
    +---------+---------+----------+----------+-----+-----+-------------------+
    |  Latency (cycles) |  Latency (absolute) |  Interval |      Pipeline     |
    |   min   |   max   |    min   |    max   | min | max |        Type       |
    +---------+---------+----------+----------+-----+-----+-------------------+
    |      518|      518|  2.590 us|  2.590 us|    0|    0|  loop pipeline stp|
    +---------+---------+----------+----------+-----+-----+-------------------+

    + Detail: 
        * Instance: 
        N/A

        * Loop: 
        +-------------------+---------+---------+----------+-----------+-----------+------+----------+
        |                   |  Latency (cycles) | Iteration|  Initiation Interval  | Trip |          |
        |     Loop Name     |   min   |   max   |  Latency |  achieved |   target  | Count| Pipelined|
        +-------------------+---------+---------+----------+-----------+-----------+------+----------+
        |- VITIS_LOOP_22_1  |      516|      516|         6|          1|          1|   512|       yes|
        +-------------------+---------+---------+----------+-----------+-----------+------+----------+

============================================================
+ Verbose Summary: Synthesis Manager
============================================================
InlineROM: 1
ExposeGlobal: 0
============================================================
+ Verbose Summary: CDFG Model
============================================================
IsTopModel: 0
ResetActiveHigh: 1
IsCombinational: 0
IsDatapathOnly: 0
HasWiredReturn: 1
HasMFsm: 2
HasVarLatency: 1
IsPipeline: 0
IsRtlPipelined: 0
IsInstanceOverlapped: 0
IsDontTouch: 0
HasImplIP: 0
IsGatedGlobalClock: 0

+ Individual pipeline summary: 
  * Pipeline-0: initiation interval (II) = 1, depth = 6


============================================================
+ Verbose Summary: Schedule
============================================================
* Number of FSM states : 6
* Pipeline : 1
  Pipeline-0 : II = 1, D = 6, States = { 1 2 3 4 5 6 }
* Dataflow Pipeline: 0

* FSM state transitions: 
1 --> 2 
2 --> 3 
3 --> 4 
4 --> 5 
5 --> 6 
6 --> 

* FSM state operations: 

State 1 <SV = 0> <Delay = 1.66>
ST_1 : Operation 9 [1/1] (0.00ns)   --->   "%column = alloca i32 1" [../src/grayscale.cpp:22->../src/canny_top.cpp:28]   --->   Operation 9 'alloca' 'column' <Predicate = true> <Delay = 0.00>
ST_1 : Operation 10 [1/1] (0.42ns)   --->   "%store_ln22 = store i10 0, i10 %column" [../src/grayscale.cpp:22->../src/canny_top.cpp:28]   --->   Operation 10 'store' 'store_ln22' <Predicate = true> <Delay = 0.42>
ST_1 : Operation 11 [1/1] (0.00ns)   --->   "%br_ln0 = br void %for.inc.i"   --->   Operation 11 'br' 'br_ln0' <Predicate = true> <Delay = 0.00>
ST_1 : Operation 12 [1/1] (0.00ns)   --->   "%column_8 = load i10 %column" [../src/grayscale.cpp:22->../src/canny_top.cpp:28]   --->   Operation 12 'load' 'column_8' <Predicate = true> <Delay = 0.00>
ST_1 : Operation 13 [1/1] (0.78ns)   --->   "%icmp_ln22 = icmp_eq  i10 %column_8, i10 512" [../src/grayscale.cpp:22->../src/canny_top.cpp:28]   --->   Operation 13 'icmp' 'icmp_ln22' <Predicate = true> <Delay = 0.78> <CoreInst = "Cmp">   --->   Core 9 'Cmp' <Latency = 0> <II = 1> <Delay = 0.78> <FuncUnit> <Opcode : 'seteq' 'setne' 'setle' 'setge' 'setlt' 'setgt'> <InPorts = 2> <OutPorts = 1>
ST_1 : Operation 14 [1/1] (0.78ns)   --->   "%add_ln22 = add i10 %column_8, i10 1" [../src/grayscale.cpp:22->../src/canny_top.cpp:28]   --->   Operation 14 'add' 'add_ln22' <Predicate = true> <Delay = 0.78> <CoreInst = "Adder">   --->   Core 1 'Adder' <Latency = 0> <II = 1> <Delay = 0.78> <FuncUnit> <Opcode : 'add' 'sub'> <InPorts = 2> <OutPorts = 1>
ST_1 : Operation 15 [1/1] (0.00ns)   --->   "%br_ln22 = br i1 %icmp_ln22, void %for.inc.split.i, void %_Z9grayscalePK8RGBPixelPh.1.1.exit.exitStub" [../src/grayscale.cpp:22->../src/canny_top.cpp:28]   --->   Operation 15 'br' 'br_ln22' <Predicate = true> <Delay = 0.00>
ST_1 : Operation 16 [1/1] (0.00ns)   --->   "%zext_ln22 = zext i10 %column_8" [../src/grayscale.cpp:22->../src/canny_top.cpp:28]   --->   Operation 16 'zext' 'zext_ln22' <Predicate = (!icmp_ln22)> <Delay = 0.00>
ST_1 : Operation 17 [1/1] (0.00ns)   --->   "%local_blue_addr = getelementptr i8 %local_blue, i64 0, i64 %zext_ln22" [../src/grayscale.cpp:25->../src/canny_top.cpp:28]   --->   Operation 17 'getelementptr' 'local_blue_addr' <Predicate = (!icmp_ln22)> <Delay = 0.00>
ST_1 : Operation 18 [2/2] (1.23ns)   --->   "%pixel_blue = load i9 %local_blue_addr" [../src/grayscale.cpp:25->../src/canny_top.cpp:28]   --->   Operation 18 'load' 'pixel_blue' <Predicate = (!icmp_ln22)> <Delay = 1.23> <CoreInst = "RAM">   --->   Core 82 'RAM' <Latency = 1> <II = 1> <Delay = 1.23> <Storage> <Opcode : 'load' 'store'> <Ports = 2> <Width = 8> <Depth = 512> <RAM>
ST_1 : Operation 19 [1/1] (0.42ns)   --->   "%store_ln22 = store i10 %add_ln22, i10 %column" [../src/grayscale.cpp:22->../src/canny_top.cpp:28]   --->   Operation 19 'store' 'store_ln22' <Predicate = (!icmp_ln22)> <Delay = 0.42>

State 2 <SV = 1> <Delay = 2.23>
ST_2 : Operation 20 [1/1] (0.00ns)   --->   "%local_green_addr = getelementptr i8 %local_green, i64 0, i64 %zext_ln22" [../src/grayscale.cpp:25->../src/canny_top.cpp:28]   --->   Operation 20 'getelementptr' 'local_green_addr' <Predicate = true> <Delay = 0.00>
ST_2 : Operation 21 [1/2] ( I:1.23ns O:1.23ns )   --->   "%pixel_blue = load i9 %local_blue_addr" [../src/grayscale.cpp:25->../src/canny_top.cpp:28]   --->   Operation 21 'load' 'pixel_blue' <Predicate = true> <Delay = 1.23> <CoreInst = "RAM">   --->   Core 82 'RAM' <Latency = 1> <II = 1> <Delay = 1.23> <Storage> <Opcode : 'load' 'store'> <Ports = 2> <Width = 8> <Depth = 512> <RAM>
ST_2 : Operation 22 [2/2] (1.23ns)   --->   "%pixel_green = load i9 %local_green_addr" [../src/grayscale.cpp:25->../src/canny_top.cpp:28]   --->   Operation 22 'load' 'pixel_green' <Predicate = true> <Delay = 1.23> <CoreInst = "RAM">   --->   Core 82 'RAM' <Latency = 1> <II = 1> <Delay = 1.23> <Storage> <Opcode : 'load' 'store'> <Ports = 2> <Width = 8> <Depth = 512> <RAM>
ST_2 : Operation 23 [1/1] (0.00ns)   --->   "%zext_ln29_1 = zext i8 %pixel_blue" [../src/grayscale.cpp:29->../src/canny_top.cpp:28]   --->   Operation 23 'zext' 'zext_ln29_1' <Predicate = true> <Delay = 0.00>
ST_2 : Operation 24 [3/3] (0.99ns) (grouped into DSP with root node add_ln29)   --->   "%mul_ln29_2 = mul i13 %zext_ln29_1, i13 29" [../src/grayscale.cpp:29->../src/canny_top.cpp:28]   --->   Operation 24 'mul' 'mul_ln29_2' <Predicate = true> <Delay = 0.99> <CoreInst = "DSP48">   --->   Core 124 'DSP48' <Latency = 3> <II = 1> <Delay = 0.53> <IPBlock> <Opcode : 'add' 'sub' 'mul' 'select'> <InPorts = 0> <OutPorts = 1> <Sync> <CReg>

State 3 <SV = 2> <Delay = 2.23>
ST_3 : Operation 25 [1/1] (0.00ns)   --->   "%local_red_addr = getelementptr i8 %local_red, i64 0, i64 %zext_ln22" [../src/grayscale.cpp:25->../src/canny_top.cpp:28]   --->   Operation 25 'getelementptr' 'local_red_addr' <Predicate = true> <Delay = 0.00>
ST_3 : Operation 26 [1/2] ( I:1.23ns O:1.23ns )   --->   "%pixel_green = load i9 %local_green_addr" [../src/grayscale.cpp:25->../src/canny_top.cpp:28]   --->   Operation 26 'load' 'pixel_green' <Predicate = true> <Delay = 1.23> <CoreInst = "RAM">   --->   Core 82 'RAM' <Latency = 1> <II = 1> <Delay = 1.23> <Storage> <Opcode : 'load' 'store'> <Ports = 2> <Width = 8> <Depth = 512> <RAM>
ST_3 : Operation 27 [2/2] (1.23ns)   --->   "%pixel_red = load i9 %local_red_addr" [../src/grayscale.cpp:25->../src/canny_top.cpp:28]   --->   Operation 27 'load' 'pixel_red' <Predicate = true> <Delay = 1.23> <CoreInst = "RAM">   --->   Core 82 'RAM' <Latency = 1> <II = 1> <Delay = 1.23> <Storage> <Opcode : 'load' 'store'> <Ports = 2> <Width = 8> <Depth = 512> <RAM>
ST_3 : Operation 28 [1/1] (0.00ns)   --->   "%zext_ln30 = zext i8 %pixel_green" [../src/grayscale.cpp:30->../src/canny_top.cpp:28]   --->   Operation 28 'zext' 'zext_ln30' <Predicate = true> <Delay = 0.00>
ST_3 : Operation 29 [3/3] (0.99ns) (grouped into DSP with root node gray)   --->   "%mul_ln29_1 = mul i16 %zext_ln30, i16 150" [../src/grayscale.cpp:29->../src/canny_top.cpp:28]   --->   Operation 29 'mul' 'mul_ln29_1' <Predicate = true> <Delay = 0.99> <CoreInst = "DSP48">   --->   Core 124 'DSP48' <Latency = 3> <II = 1> <Delay = 0.53> <IPBlock> <Opcode : 'add' 'sub' 'mul' 'select'> <InPorts = 0> <OutPorts = 1> <Sync> <CReg>
ST_3 : Operation 30 [2/3] (0.99ns) (grouped into DSP with root node add_ln29)   --->   "%mul_ln29_2 = mul i13 %zext_ln29_1, i13 29" [../src/grayscale.cpp:29->../src/canny_top.cpp:28]   --->   Operation 30 'mul' 'mul_ln29_2' <Predicate = true> <Delay = 0.99> <CoreInst = "DSP48">   --->   Core 124 'DSP48' <Latency = 3> <II = 1> <Delay = 0.53> <IPBlock> <Opcode : 'add' 'sub' 'mul' 'select'> <InPorts = 0> <OutPorts = 1> <Sync> <CReg>

State 4 <SV = 3> <Delay = 3.53>
ST_4 : Operation 31 [1/2] ( I:1.23ns O:1.23ns )   --->   "%pixel_red = load i9 %local_red_addr" [../src/grayscale.cpp:25->../src/canny_top.cpp:28]   --->   Operation 31 'load' 'pixel_red' <Predicate = true> <Delay = 1.23> <CoreInst = "RAM">   --->   Core 82 'RAM' <Latency = 1> <II = 1> <Delay = 1.23> <Storage> <Opcode : 'load' 'store'> <Ports = 2> <Width = 8> <Depth = 512> <RAM>
ST_4 : Operation 32 [1/1] (0.00ns)   --->   "%zext_ln29 = zext i8 %pixel_red" [../src/grayscale.cpp:29->../src/canny_top.cpp:28]   --->   Operation 32 'zext' 'zext_ln29' <Predicate = true> <Delay = 0.00>
ST_4 : Operation 33 [1/1] (1.65ns)   --->   "%mul_ln29 = mul i15 %zext_ln29, i15 77" [../src/grayscale.cpp:29->../src/canny_top.cpp:28]   --->   Operation 33 'mul' 'mul_ln29' <Predicate = true> <Delay = 1.65> <CoreInst = "Multiplier">   --->   Core 3 'Multiplier' <Latency = 0> <II = 1> <Delay = 1.65> <FuncUnit> <Opcode : 'mul'> <InPorts = 2> <OutPorts = 1>
ST_4 : Operation 34 [2/3] (0.99ns) (grouped into DSP with root node gray)   --->   "%mul_ln29_1 = mul i16 %zext_ln30, i16 150" [../src/grayscale.cpp:29->../src/canny_top.cpp:28]   --->   Operation 34 'mul' 'mul_ln29_1' <Predicate = true> <Delay = 0.99> <CoreInst = "DSP48">   --->   Core 124 'DSP48' <Latency = 3> <II = 1> <Delay = 0.53> <IPBlock> <Opcode : 'add' 'sub' 'mul' 'select'> <InPorts = 0> <OutPorts = 1> <Sync> <CReg>
ST_4 : Operation 35 [1/3] (0.00ns) (grouped into DSP with root node add_ln29)   --->   "%mul_ln29_2 = mul i13 %zext_ln29_1, i13 29" [../src/grayscale.cpp:29->../src/canny_top.cpp:28]   --->   Operation 35 'mul' 'mul_ln29_2' <Predicate = true> <Delay = 0.00> <CoreInst = "DSP48">   --->   Core 124 'DSP48' <Latency = 3> <II = 1> <Delay = 0.53> <IPBlock> <Opcode : 'add' 'sub' 'mul' 'select'> <InPorts = 0> <OutPorts = 1> <Sync> <CReg>
ST_4 : Operation 36 [1/1] (0.00ns) (grouped into DSP with root node add_ln29)   --->   "%zext_ln29_2 = zext i13 %mul_ln29_2" [../src/grayscale.cpp:29->../src/canny_top.cpp:28]   --->   Operation 36 'zext' 'zext_ln29_2' <Predicate = true> <Delay = 0.00>
ST_4 : Operation 37 [2/2] (0.64ns) (root node of the DSP)   --->   "%add_ln29 = add i15 %mul_ln29, i15 %zext_ln29_2" [../src/grayscale.cpp:29->../src/canny_top.cpp:28]   --->   Operation 37 'add' 'add_ln29' <Predicate = true> <Delay = 0.64> <CoreInst = "DSP48">   --->   Core 124 'DSP48' <Latency = 3> <II = 1> <Delay = 0.53> <IPBlock> <Opcode : 'add' 'sub' 'mul' 'select'> <InPorts = 0> <OutPorts = 1> <Sync> <CReg>

State 5 <SV = 4> <Delay = 1.29>
ST_5 : Operation 38 [1/3] (0.00ns) (grouped into DSP with root node gray)   --->   "%mul_ln29_1 = mul i16 %zext_ln30, i16 150" [../src/grayscale.cpp:29->../src/canny_top.cpp:28]   --->   Operation 38 'mul' 'mul_ln29_1' <Predicate = true> <Delay = 0.00> <CoreInst = "DSP48">   --->   Core 124 'DSP48' <Latency = 3> <II = 1> <Delay = 0.53> <IPBlock> <Opcode : 'add' 'sub' 'mul' 'select'> <InPorts = 0> <OutPorts = 1> <Sync> <CReg>
ST_5 : Operation 39 [1/2] (0.64ns) (root node of the DSP)   --->   "%add_ln29 = add i15 %mul_ln29, i15 %zext_ln29_2" [../src/grayscale.cpp:29->../src/canny_top.cpp:28]   --->   Operation 39 'add' 'add_ln29' <Predicate = true> <Delay = 0.64> <CoreInst = "DSP48">   --->   Core 124 'DSP48' <Latency = 3> <II = 1> <Delay = 0.53> <IPBlock> <Opcode : 'add' 'sub' 'mul' 'select'> <InPorts = 0> <OutPorts = 1> <Sync> <CReg>
ST_5 : Operation 40 [1/1] (0.00ns)   --->   "%zext_ln29_3 = zext i15 %add_ln29" [../src/grayscale.cpp:29->../src/canny_top.cpp:28]   --->   Operation 40 'zext' 'zext_ln29_3' <Predicate = true> <Delay = 0.00>
ST_5 : Operation 41 [2/2] (0.64ns) (root node of the DSP)   --->   "%gray = add i16 %zext_ln29_3, i16 %mul_ln29_1" [../src/grayscale.cpp:29->../src/canny_top.cpp:28]   --->   Operation 41 'add' 'gray' <Predicate = true> <Delay = 0.64> <CoreInst = "DSP48">   --->   Core 124 'DSP48' <Latency = 3> <II = 1> <Delay = 0.53> <IPBlock> <Opcode : 'add' 'sub' 'mul' 'select'> <InPorts = 0> <OutPorts = 1> <Sync> <CReg>
ST_5 : Operation 50 [1/1] (0.42ns)   --->   "%ret_ln0 = ret"   --->   Operation 50 'ret' 'ret_ln0' <Predicate = (icmp_ln22)> <Delay = 0.42>

State 6 <SV = 5> <Delay = 1.88>
ST_6 : Operation 42 [1/1] (0.00ns)   --->   "%specpipeline_ln23 = specpipeline void @_ssdm_op_SpecPipeline, i32 1, i32 0, i32 0, i32 0, i32 4294967295, void @empty_14" [../src/grayscale.cpp:23->../src/canny_top.cpp:28]   --->   Operation 42 'specpipeline' 'specpipeline_ln23' <Predicate = true> <Delay = 0.00>
ST_6 : Operation 43 [1/1] (0.00ns)   --->   "%speclooptripcount_ln22 = speclooptripcount void @_ssdm_op_SpecLoopTripCount, i64 512, i64 512, i64 512" [../src/grayscale.cpp:22->../src/canny_top.cpp:28]   --->   Operation 43 'speclooptripcount' 'speclooptripcount_ln22' <Predicate = true> <Delay = 0.00>
ST_6 : Operation 44 [1/1] (0.00ns)   --->   "%specloopname_ln22 = specloopname void @_ssdm_op_SpecLoopName, void @empty_22" [../src/grayscale.cpp:22->../src/canny_top.cpp:28]   --->   Operation 44 'specloopname' 'specloopname_ln22' <Predicate = true> <Delay = 0.00>
ST_6 : Operation 45 [1/2] (0.64ns) (root node of the DSP)   --->   "%gray = add i16 %zext_ln29_3, i16 %mul_ln29_1" [../src/grayscale.cpp:29->../src/canny_top.cpp:28]   --->   Operation 45 'add' 'gray' <Predicate = true> <Delay = 0.64> <CoreInst = "DSP48">   --->   Core 124 'DSP48' <Latency = 3> <II = 1> <Delay = 0.53> <IPBlock> <Opcode : 'add' 'sub' 'mul' 'select'> <InPorts = 0> <OutPorts = 1> <Sync> <CReg>
ST_6 : Operation 46 [1/1] (0.00ns)   --->   "%trunc_ln = partselect i8 @_ssdm_op_PartSelect.i8.i16.i32.i32, i16 %gray, i32 8, i32 15" [../src/grayscale.cpp:33->../src/canny_top.cpp:28]   --->   Operation 46 'partselect' 'trunc_ln' <Predicate = true> <Delay = 0.00>
ST_6 : Operation 47 [1/1] (0.00ns)   --->   "%out_grayscale_addr = getelementptr i8 %out_grayscale, i64 0, i64 %zext_ln22" [../src/grayscale.cpp:32->../src/canny_top.cpp:28]   --->   Operation 47 'getelementptr' 'out_grayscale_addr' <Predicate = true> <Delay = 0.00>
ST_6 : Operation 48 [1/1] ( I:1.23ns O:1.23ns )   --->   "%store_ln32 = store i8 %trunc_ln, i9 %out_grayscale_addr" [../src/grayscale.cpp:32->../src/canny_top.cpp:28]   --->   Operation 48 'store' 'store_ln32' <Predicate = true> <Delay = 1.23> <CoreInst = "RAM">   --->   Core 82 'RAM' <Latency = 1> <II = 1> <Delay = 1.23> <Storage> <Opcode : 'load' 'store'> <Ports = 2> <Width = 8> <Depth = 512> <RAM>
ST_6 : Operation 49 [1/1] (0.00ns)   --->   "%br_ln22 = br void %for.inc.i" [../src/grayscale.cpp:22->../src/canny_top.cpp:28]   --->   Operation 49 'br' 'br_ln22' <Predicate = true> <Delay = 0.00>


============================================================
+ Verbose Summary: Timing violations
============================================================
Target clock period: 5.000ns, clock uncertainty: 1.350ns.

 <State 1>: 1.664ns
The critical path consists of the following:
	'store' operation ('store_ln22', ../src/grayscale.cpp:22->../src/canny_top.cpp:28) of constant 0 10 bit on local variable 'column', ../src/grayscale.cpp:22->../src/canny_top.cpp:28 [6]  (0.427 ns)
	'load' operation 10 bit ('column', ../src/grayscale.cpp:22->../src/canny_top.cpp:28) on local variable 'column', ../src/grayscale.cpp:22->../src/canny_top.cpp:28 [9]  (0.000 ns)
	'getelementptr' operation 9 bit ('local_blue_addr', ../src/grayscale.cpp:25->../src/canny_top.cpp:28) [18]  (0.000 ns)
	'load' operation 8 bit ('pixel.blue', ../src/grayscale.cpp:25->../src/canny_top.cpp:28) on array 'local_blue' [21]  (1.237 ns)

 <State 2>: 2.233ns
The critical path consists of the following:
	'load' operation 8 bit ('pixel.blue', ../src/grayscale.cpp:25->../src/canny_top.cpp:28) on array 'local_blue' [21]  (1.237 ns)
	'mul' operation 13 bit of DSP[31] ('mul_ln29_2', ../src/grayscale.cpp:29->../src/canny_top.cpp:28) [29]  (0.996 ns)

 <State 3>: 2.233ns
The critical path consists of the following:
	'load' operation 8 bit ('pixel.green', ../src/grayscale.cpp:25->../src/canny_top.cpp:28) on array 'local_green' [22]  (1.237 ns)
	'mul' operation 16 bit of DSP[33] ('mul_ln29_1', ../src/grayscale.cpp:29->../src/canny_top.cpp:28) [28]  (0.996 ns)

 <State 4>: 3.532ns
The critical path consists of the following:
	'load' operation 8 bit ('pixel.red', ../src/grayscale.cpp:25->../src/canny_top.cpp:28) on array 'local_red' [23]  (1.237 ns)
	'mul' operation 15 bit ('mul_ln29', ../src/grayscale.cpp:29->../src/canny_top.cpp:28) [27]  (1.650 ns)
	'add' operation 15 bit of DSP[31] ('add_ln29', ../src/grayscale.cpp:29->../src/canny_top.cpp:28) [31]  (0.645 ns)

 <State 5>: 1.290ns
The critical path consists of the following:
	'add' operation 15 bit of DSP[31] ('add_ln29', ../src/grayscale.cpp:29->../src/canny_top.cpp:28) [31]  (0.645 ns)
	'add' operation 16 bit of DSP[33] ('gray', ../src/grayscale.cpp:29->../src/canny_top.cpp:28) [33]  (0.645 ns)

 <State 6>: 1.882ns
The critical path consists of the following:
	'add' operation 16 bit of DSP[33] ('gray', ../src/grayscale.cpp:29->../src/canny_top.cpp:28) [33]  (0.645 ns)
	'store' operation ('store_ln32', ../src/grayscale.cpp:32->../src/canny_top.cpp:28) of variable 'trunc_ln', ../src/grayscale.cpp:33->../src/canny_top.cpp:28 8 bit on array 'out_grayscale' [36]  (1.237 ns)


============================================================
+ Verbose Summary: Binding
============================================================
N/A
* FSMD analyzer results:
  - Output states:
 - Input state : 
  - Chain level:
	State 1
	State 2
	State 3
	State 4
	State 5
	State 6


============================================================
+ Verbose Summary: Datapath Resource usage 
============================================================
N/A
