

================================================================
== Vitis HLS Report for 'grayscale_Pipeline_unpack_bytes'
================================================================
* Date:           Sat Aug  1 15:48:50 2026

* Version:        2025.2 (Build 6295257 on Nov 14 2025)
* Project:        canny_top
* Solution:       hls (Vitis Kernel Flow Target)
* Product family: zynquplus
* Target device:  xck26-sfvc784-2LV-c


================================================================
== Performance Estimates
================================================================
+ Timing: 
    * Summary: 
    +--------+---------+----------+------------+
    |  Clock |  Target | Estimated| Uncertainty|
    +--------+---------+----------+------------+
    |ap_clk  |  5.00 ns|  1.914 ns|     1.35 ns|
    +--------+---------+----------+------------+

+ Latency: 
    * Summary: 
    +---------+---------+----------+----------+-----+-----+-------------------+
    |  Latency (cycles) |  Latency (absolute) |  Interval |      Pipeline     |
    |   min   |   max   |    min   |    max   | min | max |        Type       |
    +---------+---------+----------+----------+-----+-----+-------------------+
    |       26|       26|  0.130 us|  0.130 us|    0|    0|  loop pipeline stp|
    +---------+---------+----------+----------+-----+-----+-------------------+

    + Detail: 
        * Instance: 
        N/A

        * Loop: 
        +----------------+---------+---------+----------+-----------+-----------+------+----------+
        |                |  Latency (cycles) | Iteration|  Initiation Interval  | Trip |          |
        |    Loop Name   |   min   |   max   |  Latency |  achieved |   target  | Count| Pipelined|
        +----------------+---------+---------+----------+-----------+-----------+------+----------+
        |- unpack_bytes  |       24|       24|         2|          1|          1|    24|       yes|
        +----------------+---------+---------+----------+-----------+-----------+------+----------+

============================================================
+ Verbose Summary: Synthesis Manager
============================================================
InlineROM: 1
ExposeGlobal: 0
============================================================
+ Verbose Summary: CDFG Model
============================================================
IsTopModel: 0
ResetActiveHigh: 1
IsCombinational: 0
IsDatapathOnly: 0
HasWiredReturn: 1
HasMFsm: 2
HasVarLatency: 1
IsPipeline: 0
IsRtlPipelined: 0
IsInstanceOverlapped: 0
IsDontTouch: 0
HasImplIP: 0
IsGatedGlobalClock: 0

+ Individual pipeline summary: 
  * Pipeline-0: initiation interval (II) = 1, depth = 2


============================================================
+ Verbose Summary: Schedule
============================================================
* Number of FSM states : 2
* Pipeline : 1
  Pipeline-0 : II = 1, D = 2, States = { 1 2 }
* Dataflow Pipeline: 0

* FSM state transitions: 
1 --> 2 
2 --> 

* FSM state operations: 

State 1 <SV = 0> <Delay = 1.66>
ST_1 : Operation 5 [1/1] (0.00ns)   --->   "%w = alloca i32 1" [../src/grayscale.cpp:24]   --->   Operation 5 'alloca' 'w' <Predicate = true> <Delay = 0.00>
ST_1 : Operation 6 [1/1] (0.42ns)   --->   "%store_ln24 = store i5 0, i5 %w" [../src/grayscale.cpp:24]   --->   Operation 6 'store' 'store_ln24' <Predicate = true> <Delay = 0.42>
ST_1 : Operation 7 [1/1] (0.00ns)   --->   "%br_ln0 = br void %VITIS_LOOP_26_2"   --->   Operation 7 'br' 'br_ln0' <Predicate = true> <Delay = 0.00>
ST_1 : Operation 8 [1/1] (0.00ns)   --->   "%w_1 = load i5 %w" [../src/grayscale.cpp:24]   --->   Operation 8 'load' 'w_1' <Predicate = true> <Delay = 0.00>
ST_1 : Operation 9 [1/1] (0.78ns)   --->   "%icmp_ln24 = icmp_eq  i5 %w_1, i5 24" [../src/grayscale.cpp:24]   --->   Operation 9 'icmp' 'icmp_ln24' <Predicate = true> <Delay = 0.78> <CoreInst = "Cmp">   --->   Core 9 'Cmp' <Latency = 0> <II = 1> <Delay = 0.78> <FuncUnit> <Opcode : 'seteq' 'setne' 'setle' 'setge' 'setlt' 'setgt'> <InPorts = 2> <OutPorts = 1>
ST_1 : Operation 10 [1/1] (0.78ns)   --->   "%add_ln24 = add i5 %w_1, i5 1" [../src/grayscale.cpp:24]   --->   Operation 10 'add' 'add_ln24' <Predicate = true> <Delay = 0.78> <CoreInst = "Adder">   --->   Core 1 'Adder' <Latency = 0> <II = 1> <Delay = 0.78> <FuncUnit> <Opcode : 'add' 'sub'> <InPorts = 2> <OutPorts = 1>
ST_1 : Operation 11 [1/1] (0.00ns)   --->   "%br_ln24 = br i1 %icmp_ln24, void %VITIS_LOOP_26_2.split, void %for.inc60.preheader.exitStub" [../src/grayscale.cpp:24]   --->   Operation 11 'br' 'br_ln24' <Predicate = true> <Delay = 0.00>
ST_1 : Operation 12 [1/1] (0.00ns)   --->   "%zext_ln24 = zext i5 %w_1" [../src/grayscale.cpp:24]   --->   Operation 12 'zext' 'zext_ln24' <Predicate = (!icmp_ln24)> <Delay = 0.00>
ST_1 : Operation 13 [1/1] (0.00ns)   --->   "%row_words_addr = getelementptr i512 %row_words, i64 0, i64 %zext_ln24" [../src/grayscale.cpp:28]   --->   Operation 13 'getelementptr' 'row_words_addr' <Predicate = (!icmp_ln24)> <Delay = 0.00>
ST_1 : Operation 14 [2/2] (1.23ns)   --->   "%row_words_load = load i5 %row_words_addr" [../src/grayscale.cpp:28]   --->   Operation 14 'load' 'row_words_load' <Predicate = (!icmp_ln24)> <Delay = 1.23> <CoreInst = "RAM">   --->   Core 82 'RAM' <Latency = 1> <II = 1> <Delay = 1.23> <Storage> <Opcode : 'load' 'store'> <Ports = 2> <Width = 512> <Depth = 24> <RAM>
ST_1 : Operation 15 [1/1] (0.42ns)   --->   "%store_ln24 = store i5 %add_ln24, i5 %w" [../src/grayscale.cpp:24]   --->   Operation 15 'store' 'store_ln24' <Predicate = (!icmp_ln24)> <Delay = 0.42>
ST_1 : Operation 217 [1/1] (0.42ns)   --->   "%ret_ln0 = ret"   --->   Operation 217 'ret' 'ret_ln0' <Predicate = (icmp_ln24)> <Delay = 0.42>

State 2 <SV = 1> <Delay = 1.91>
ST_2 : Operation 16 [1/1] (0.00ns)   --->   "%specpipeline_ln25 = specpipeline void @_ssdm_op_SpecPipeline, i32 1, i32 0, i32 0, i32 0, i32 4294967295, void @empty_4" [../src/grayscale.cpp:25]   --->   Operation 16 'specpipeline' 'specpipeline_ln25' <Predicate = true> <Delay = 0.00>
ST_2 : Operation 17 [1/1] (0.00ns)   --->   "%speclooptripcount_ln24 = speclooptripcount void @_ssdm_op_SpecLoopTripCount, i64 24, i64 24, i64 24" [../src/grayscale.cpp:24]   --->   Operation 17 'speclooptripcount' 'speclooptripcount_ln24' <Predicate = true> <Delay = 0.00>
ST_2 : Operation 18 [1/1] (0.00ns)   --->   "%specloopname_ln24 = specloopname void @_ssdm_op_SpecLoopName, void @empty_19" [../src/grayscale.cpp:24]   --->   Operation 18 'specloopname' 'specloopname_ln24' <Predicate = true> <Delay = 0.00>
ST_2 : Operation 19 [1/2] ( I:1.23ns O:1.23ns )   --->   "%row_words_load = load i5 %row_words_addr" [../src/grayscale.cpp:28]   --->   Operation 19 'load' 'row_words_load' <Predicate = true> <Delay = 1.23> <CoreInst = "RAM">   --->   Core 82 'RAM' <Latency = 1> <II = 1> <Delay = 1.23> <Storage> <Opcode : 'load' 'store'> <Ports = 2> <Width = 512> <Depth = 24> <RAM>
ST_2 : Operation 20 [1/1] (0.00ns)   --->   "%shl_ln = bitconcatenate i6 @_ssdm_op_BitConcatenate.i6.i5.i1, i5 %w_1, i1 0" [../src/grayscale.cpp:28]   --->   Operation 20 'bitconcatenate' 'shl_ln' <Predicate = true> <Delay = 0.00>
ST_2 : Operation 21 [1/1] (0.00ns)   --->   "%zext_ln28 = zext i6 %shl_ln" [../src/grayscale.cpp:28]   --->   Operation 21 'zext' 'zext_ln28' <Predicate = true> <Delay = 0.00>
ST_2 : Operation 22 [1/1] (0.00ns)   --->   "%trunc_ln28 = trunc i512 %row_words_load" [../src/grayscale.cpp:28]   --->   Operation 22 'trunc' 'trunc_ln28' <Predicate = true> <Delay = 0.00>
ST_2 : Operation 23 [1/1] (0.00ns)   --->   "%row_bytes_addr = getelementptr i8 %row_bytes, i64 0, i64 %zext_ln28" [../src/grayscale.cpp:28]   --->   Operation 23 'getelementptr' 'row_bytes_addr' <Predicate = true> <Delay = 0.00>
ST_2 : Operation 24 [1/1] (0.00ns)   --->   "%tmp_s = partselect i8 @_ssdm_op_PartSelect.i8.i512.i32, i512 %row_words_load, i32 8" [../src/grayscale.cpp:28]   --->   Operation 24 'partselect' 'tmp_s' <Predicate = true> <Delay = 0.00>
ST_2 : Operation 25 [1/1] (0.00ns)   --->   "%row_bytes_1_addr = getelementptr i8 %row_bytes_1, i64 0, i64 %zext_ln28" [../src/grayscale.cpp:28]   --->   Operation 25 'getelementptr' 'row_bytes_1_addr' <Predicate = true> <Delay = 0.00>
ST_2 : Operation 26 [1/1] (0.00ns)   --->   "%tmp_40 = partselect i8 @_ssdm_op_PartSelect.i8.i512.i32, i512 %row_words_load, i32 16" [../src/grayscale.cpp:28]   --->   Operation 26 'partselect' 'tmp_40' <Predicate = true> <Delay = 0.00>
ST_2 : Operation 27 [1/1] (0.00ns)   --->   "%row_bytes_2_addr = getelementptr i8 %row_bytes_2, i64 0, i64 %zext_ln28" [../src/grayscale.cpp:28]   --->   Operation 27 'getelementptr' 'row_bytes_2_addr' <Predicate = true> <Delay = 0.00>
ST_2 : Operation 28 [1/1] (0.00ns)   --->   "%tmp_41 = partselect i8 @_ssdm_op_PartSelect.i8.i512.i32, i512 %row_words_load, i32 24" [../src/grayscale.cpp:28]   --->   Operation 28 'partselect' 'tmp_41' <Predicate = true> <Delay = 0.00>
ST_2 : Operation 29 [1/1] (0.00ns)   --->   "%row_bytes_3_addr = getelementptr i8 %row_bytes_3, i64 0, i64 %zext_ln28" [../src/grayscale.cpp:28]   --->   Operation 29 'getelementptr' 'row_bytes_3_addr' <Predicate = true> <Delay = 0.00>
ST_2 : Operation 30 [1/1] (0.00ns)   --->   "%tmp_42 = partselect i8 @_ssdm_op_PartSelect.i8.i512.i32, i512 %row_words_load, i32 32" [../src/grayscale.cpp:28]   --->   Operation 30 'partselect' 'tmp_42' <Predicate = true> <Delay = 0.00>
ST_2 : Operation 31 [1/1] (0.00ns)   --->   "%row_bytes_4_addr = getelementptr i8 %row_bytes_4, i64 0, i64 %zext_ln28" [../src/grayscale.cpp:28]   --->   Operation 31 'getelementptr' 'row_bytes_4_addr' <Predicate = true> <Delay = 0.00>
ST_2 : Operation 32 [1/1] (0.00ns)   --->   "%tmp_43 = partselect i8 @_ssdm_op_PartSelect.i8.i512.i32, i512 %row_words_load, i32 40" [../src/grayscale.cpp:28]   --->   Operation 32 'partselect' 'tmp_43' <Predicate = true> <Delay = 0.00>
ST_2 : Operation 33 [1/1] (0.00ns)   --->   "%row_bytes_5_addr = getelementptr i8 %row_bytes_5, i64 0, i64 %zext_ln28" [../src/grayscale.cpp:28]   --->   Operation 33 'getelementptr' 'row_bytes_5_addr' <Predicate = true> <Delay = 0.00>
ST_2 : Operation 34 [1/1] (0.00ns)   --->   "%tmp_44 = partselect i8 @_ssdm_op_PartSelect.i8.i512.i32, i512 %row_words_load, i32 48" [../src/grayscale.cpp:28]   --->   Operation 34 'partselect' 'tmp_44' <Predicate = true> <Delay = 0.00>
ST_2 : Operation 35 [1/1] (0.00ns)   --->   "%row_bytes_6_addr = getelementptr i8 %row_bytes_6, i64 0, i64 %zext_ln28" [../src/grayscale.cpp:28]   --->   Operation 35 'getelementptr' 'row_bytes_6_addr' <Predicate = true> <Delay = 0.00>
ST_2 : Operation 36 [1/1] (0.00ns)   --->   "%tmp_45 = partselect i8 @_ssdm_op_PartSelect.i8.i512.i32, i512 %row_words_load, i32 56" [../src/grayscale.cpp:28]   --->   Operation 36 'partselect' 'tmp_45' <Predicate = true> <Delay = 0.00>
ST_2 : Operation 37 [1/1] (0.00ns)   --->   "%row_bytes_7_addr = getelementptr i8 %row_bytes_7, i64 0, i64 %zext_ln28" [../src/grayscale.cpp:28]   --->   Operation 37 'getelementptr' 'row_bytes_7_addr' <Predicate = true> <Delay = 0.00>
ST_2 : Operation 38 [1/1] (0.00ns)   --->   "%tmp_46 = partselect i8 @_ssdm_op_PartSelect.i8.i512.i32, i512 %row_words_load, i32 64" [../src/grayscale.cpp:28]   --->   Operation 38 'partselect' 'tmp_46' <Predicate = true> <Delay = 0.00>
ST_2 : Operation 39 [1/1] (0.00ns)   --->   "%row_bytes_8_addr = getelementptr i8 %row_bytes_8, i64 0, i64 %zext_ln28" [../src/grayscale.cpp:28]   --->   Operation 39 'getelementptr' 'row_bytes_8_addr' <Predicate = true> <Delay = 0.00>
ST_2 : Operation 40 [1/1] (0.00ns)   --->   "%tmp_47 = partselect i8 @_ssdm_op_PartSelect.i8.i512.i32, i512 %row_words_load, i32 72" [../src/grayscale.cpp:28]   --->   Operation 40 'partselect' 'tmp_47' <Predicate = true> <Delay = 0.00>
ST_2 : Operation 41 [1/1] (0.00ns)   --->   "%row_bytes_9_addr = getelementptr i8 %row_bytes_9, i64 0, i64 %zext_ln28" [../src/grayscale.cpp:28]   --->   Operation 41 'getelementptr' 'row_bytes_9_addr' <Predicate = true> <Delay = 0.00>
ST_2 : Operation 42 [1/1] (0.00ns)   --->   "%tmp_48 = partselect i8 @_ssdm_op_PartSelect.i8.i512.i32, i512 %row_words_load, i32 80" [../src/grayscale.cpp:28]   --->   Operation 42 'partselect' 'tmp_48' <Predicate = true> <Delay = 0.00>
ST_2 : Operation 43 [1/1] (0.00ns)   --->   "%row_bytes_10_addr = getelementptr i8 %row_bytes_10, i64 0, i64 %zext_ln28" [../src/grayscale.cpp:28]   --->   Operation 43 'getelementptr' 'row_bytes_10_addr' <Predicate = true> <Delay = 0.00>
ST_2 : Operation 44 [1/1] (0.00ns)   --->   "%tmp_49 = partselect i8 @_ssdm_op_PartSelect.i8.i512.i32, i512 %row_words_load, i32 88" [../src/grayscale.cpp:28]   --->   Operation 44 'partselect' 'tmp_49' <Predicate = true> <Delay = 0.00>
ST_2 : Operation 45 [1/1] (0.00ns)   --->   "%row_bytes_11_addr = getelementptr i8 %row_bytes_11, i64 0, i64 %zext_ln28" [../src/grayscale.cpp:28]   --->   Operation 45 'getelementptr' 'row_bytes_11_addr' <Predicate = true> <Delay = 0.00>
ST_2 : Operation 46 [1/1] (0.00ns)   --->   "%tmp_50 = partselect i8 @_ssdm_op_PartSelect.i8.i512.i32, i512 %row_words_load, i32 96" [../src/grayscale.cpp:28]   --->   Operation 46 'partselect' 'tmp_50' <Predicate = true> <Delay = 0.00>
ST_2 : Operation 47 [1/1] (0.00ns)   --->   "%row_bytes_12_addr = getelementptr i8 %row_bytes_12, i64 0, i64 %zext_ln28" [../src/grayscale.cpp:28]   --->   Operation 47 'getelementptr' 'row_bytes_12_addr' <Predicate = true> <Delay = 0.00>
ST_2 : Operation 48 [1/1] (0.00ns)   --->   "%tmp_51 = partselect i8 @_ssdm_op_PartSelect.i8.i512.i32, i512 %row_words_load, i32 104" [../src/grayscale.cpp:28]   --->   Operation 48 'partselect' 'tmp_51' <Predicate = true> <Delay = 0.00>
ST_2 : Operation 49 [1/1] (0.00ns)   --->   "%row_bytes_13_addr = getelementptr i8 %row_bytes_13, i64 0, i64 %zext_ln28" [../src/grayscale.cpp:28]   --->   Operation 49 'getelementptr' 'row_bytes_13_addr' <Predicate = true> <Delay = 0.00>
ST_2 : Operation 50 [1/1] (0.00ns)   --->   "%tmp_52 = partselect i8 @_ssdm_op_PartSelect.i8.i512.i32, i512 %row_words_load, i32 112" [../src/grayscale.cpp:28]   --->   Operation 50 'partselect' 'tmp_52' <Predicate = true> <Delay = 0.00>
ST_2 : Operation 51 [1/1] (0.00ns)   --->   "%row_bytes_14_addr = getelementptr i8 %row_bytes_14, i64 0, i64 %zext_ln28" [../src/grayscale.cpp:28]   --->   Operation 51 'getelementptr' 'row_bytes_14_addr' <Predicate = true> <Delay = 0.00>
ST_2 : Operation 52 [1/1] (0.00ns)   --->   "%tmp_53 = partselect i8 @_ssdm_op_PartSelect.i8.i512.i32, i512 %row_words_load, i32 120" [../src/grayscale.cpp:28]   --->   Operation 52 'partselect' 'tmp_53' <Predicate = true> <Delay = 0.00>
ST_2 : Operation 53 [1/1] (0.00ns)   --->   "%row_bytes_15_addr = getelementptr i8 %row_bytes_15, i64 0, i64 %zext_ln28" [../src/grayscale.cpp:28]   --->   Operation 53 'getelementptr' 'row_bytes_15_addr' <Predicate = true> <Delay = 0.00>
ST_2 : Operation 54 [1/1] (0.00ns)   --->   "%tmp_54 = partselect i8 @_ssdm_op_PartSelect.i8.i512.i32, i512 %row_words_load, i32 128" [../src/grayscale.cpp:28]   --->   Operation 54 'partselect' 'tmp_54' <Predicate = true> <Delay = 0.00>
ST_2 : Operation 55 [1/1] (0.00ns)   --->   "%row_bytes_16_addr = getelementptr i8 %row_bytes_16, i64 0, i64 %zext_ln28" [../src/grayscale.cpp:28]   --->   Operation 55 'getelementptr' 'row_bytes_16_addr' <Predicate = true> <Delay = 0.00>
ST_2 : Operation 56 [1/1] (0.00ns)   --->   "%tmp_55 = partselect i8 @_ssdm_op_PartSelect.i8.i512.i32, i512 %row_words_load, i32 136" [../src/grayscale.cpp:28]   --->   Operation 56 'partselect' 'tmp_55' <Predicate = true> <Delay = 0.00>
ST_2 : Operation 57 [1/1] (0.00ns)   --->   "%row_bytes_17_addr = getelementptr i8 %row_bytes_17, i64 0, i64 %zext_ln28" [../src/grayscale.cpp:28]   --->   Operation 57 'getelementptr' 'row_bytes_17_addr' <Predicate = true> <Delay = 0.00>
ST_2 : Operation 58 [1/1] (0.00ns)   --->   "%tmp_56 = partselect i8 @_ssdm_op_PartSelect.i8.i512.i32, i512 %row_words_load, i32 144" [../src/grayscale.cpp:28]   --->   Operation 58 'partselect' 'tmp_56' <Predicate = true> <Delay = 0.00>
ST_2 : Operation 59 [1/1] (0.00ns)   --->   "%row_bytes_18_addr = getelementptr i8 %row_bytes_18, i64 0, i64 %zext_ln28" [../src/grayscale.cpp:28]   --->   Operation 59 'getelementptr' 'row_bytes_18_addr' <Predicate = true> <Delay = 0.00>
ST_2 : Operation 60 [1/1] (0.00ns)   --->   "%tmp_57 = partselect i8 @_ssdm_op_PartSelect.i8.i512.i32, i512 %row_words_load, i32 152" [../src/grayscale.cpp:28]   --->   Operation 60 'partselect' 'tmp_57' <Predicate = true> <Delay = 0.00>
ST_2 : Operation 61 [1/1] (0.00ns)   --->   "%row_bytes_19_addr = getelementptr i8 %row_bytes_19, i64 0, i64 %zext_ln28" [../src/grayscale.cpp:28]   --->   Operation 61 'getelementptr' 'row_bytes_19_addr' <Predicate = true> <Delay = 0.00>
ST_2 : Operation 62 [1/1] (0.00ns)   --->   "%tmp_58 = partselect i8 @_ssdm_op_PartSelect.i8.i512.i32, i512 %row_words_load, i32 160" [../src/grayscale.cpp:28]   --->   Operation 62 'partselect' 'tmp_58' <Predicate = true> <Delay = 0.00>
ST_2 : Operation 63 [1/1] (0.00ns)   --->   "%row_bytes_20_addr = getelementptr i8 %row_bytes_20, i64 0, i64 %zext_ln28" [../src/grayscale.cpp:28]   --->   Operation 63 'getelementptr' 'row_bytes_20_addr' <Predicate = true> <Delay = 0.00>
ST_2 : Operation 64 [1/1] (0.00ns)   --->   "%tmp_59 = partselect i8 @_ssdm_op_PartSelect.i8.i512.i32, i512 %row_words_load, i32 168" [../src/grayscale.cpp:28]   --->   Operation 64 'partselect' 'tmp_59' <Predicate = true> <Delay = 0.00>
ST_2 : Operation 65 [1/1] (0.00ns)   --->   "%row_bytes_21_addr = getelementptr i8 %row_bytes_21, i64 0, i64 %zext_ln28" [../src/grayscale.cpp:28]   --->   Operation 65 'getelementptr' 'row_bytes_21_addr' <Predicate = true> <Delay = 0.00>
ST_2 : Operation 66 [1/1] (0.00ns)   --->   "%tmp_60 = partselect i8 @_ssdm_op_PartSelect.i8.i512.i32, i512 %row_words_load, i32 176" [../src/grayscale.cpp:28]   --->   Operation 66 'partselect' 'tmp_60' <Predicate = true> <Delay = 0.00>
ST_2 : Operation 67 [1/1] (0.00ns)   --->   "%row_bytes_22_addr = getelementptr i8 %row_bytes_22, i64 0, i64 %zext_ln28" [../src/grayscale.cpp:28]   --->   Operation 67 'getelementptr' 'row_bytes_22_addr' <Predicate = true> <Delay = 0.00>
ST_2 : Operation 68 [1/1] (0.00ns)   --->   "%tmp_61 = partselect i8 @_ssdm_op_PartSelect.i8.i512.i32, i512 %row_words_load, i32 184" [../src/grayscale.cpp:28]   --->   Operation 68 'partselect' 'tmp_61' <Predicate = true> <Delay = 0.00>
ST_2 : Operation 69 [1/1] (0.00ns)   --->   "%row_bytes_23_addr = getelementptr i8 %row_bytes_23, i64 0, i64 %zext_ln28" [../src/grayscale.cpp:28]   --->   Operation 69 'getelementptr' 'row_bytes_23_addr' <Predicate = true> <Delay = 0.00>
ST_2 : Operation 70 [1/1] (0.00ns)   --->   "%tmp_62 = partselect i8 @_ssdm_op_PartSelect.i8.i512.i32, i512 %row_words_load, i32 192" [../src/grayscale.cpp:28]   --->   Operation 70 'partselect' 'tmp_62' <Predicate = true> <Delay = 0.00>
ST_2 : Operation 71 [1/1] (0.00ns)   --->   "%row_bytes_24_addr = getelementptr i8 %row_bytes_24, i64 0, i64 %zext_ln28" [../src/grayscale.cpp:28]   --->   Operation 71 'getelementptr' 'row_bytes_24_addr' <Predicate = true> <Delay = 0.00>
ST_2 : Operation 72 [1/1] (0.00ns)   --->   "%tmp_63 = partselect i8 @_ssdm_op_PartSelect.i8.i512.i32, i512 %row_words_load, i32 200" [../src/grayscale.cpp:28]   --->   Operation 72 'partselect' 'tmp_63' <Predicate = true> <Delay = 0.00>
ST_2 : Operation 73 [1/1] (0.00ns)   --->   "%row_bytes_25_addr = getelementptr i8 %row_bytes_25, i64 0, i64 %zext_ln28" [../src/grayscale.cpp:28]   --->   Operation 73 'getelementptr' 'row_bytes_25_addr' <Predicate = true> <Delay = 0.00>
ST_2 : Operation 74 [1/1] (0.00ns)   --->   "%tmp_64 = partselect i8 @_ssdm_op_PartSelect.i8.i512.i32, i512 %row_words_load, i32 208" [../src/grayscale.cpp:28]   --->   Operation 74 'partselect' 'tmp_64' <Predicate = true> <Delay = 0.00>
ST_2 : Operation 75 [1/1] (0.00ns)   --->   "%row_bytes_26_addr = getelementptr i8 %row_bytes_26, i64 0, i64 %zext_ln28" [../src/grayscale.cpp:28]   --->   Operation 75 'getelementptr' 'row_bytes_26_addr' <Predicate = true> <Delay = 0.00>
ST_2 : Operation 76 [1/1] (0.00ns)   --->   "%tmp_65 = partselect i8 @_ssdm_op_PartSelect.i8.i512.i32, i512 %row_words_load, i32 216" [../src/grayscale.cpp:28]   --->   Operation 76 'partselect' 'tmp_65' <Predicate = true> <Delay = 0.00>
ST_2 : Operation 77 [1/1] (0.00ns)   --->   "%row_bytes_27_addr = getelementptr i8 %row_bytes_27, i64 0, i64 %zext_ln28" [../src/grayscale.cpp:28]   --->   Operation 77 'getelementptr' 'row_bytes_27_addr' <Predicate = true> <Delay = 0.00>
ST_2 : Operation 78 [1/1] (0.00ns)   --->   "%tmp_66 = partselect i8 @_ssdm_op_PartSelect.i8.i512.i32, i512 %row_words_load, i32 224" [../src/grayscale.cpp:28]   --->   Operation 78 'partselect' 'tmp_66' <Predicate = true> <Delay = 0.00>
ST_2 : Operation 79 [1/1] (0.00ns)   --->   "%row_bytes_28_addr = getelementptr i8 %row_bytes_28, i64 0, i64 %zext_ln28" [../src/grayscale.cpp:28]   --->   Operation 79 'getelementptr' 'row_bytes_28_addr' <Predicate = true> <Delay = 0.00>
ST_2 : Operation 80 [1/1] (0.00ns)   --->   "%tmp_67 = partselect i8 @_ssdm_op_PartSelect.i8.i512.i32, i512 %row_words_load, i32 232" [../src/grayscale.cpp:28]   --->   Operation 80 'partselect' 'tmp_67' <Predicate = true> <Delay = 0.00>
ST_2 : Operation 81 [1/1] (0.00ns)   --->   "%row_bytes_29_addr = getelementptr i8 %row_bytes_29, i64 0, i64 %zext_ln28" [../src/grayscale.cpp:28]   --->   Operation 81 'getelementptr' 'row_bytes_29_addr' <Predicate = true> <Delay = 0.00>
ST_2 : Operation 82 [1/1] (0.00ns)   --->   "%tmp_68 = partselect i8 @_ssdm_op_PartSelect.i8.i512.i32, i512 %row_words_load, i32 240" [../src/grayscale.cpp:28]   --->   Operation 82 'partselect' 'tmp_68' <Predicate = true> <Delay = 0.00>
ST_2 : Operation 83 [1/1] (0.00ns)   --->   "%row_bytes_30_addr = getelementptr i8 %row_bytes_30, i64 0, i64 %zext_ln28" [../src/grayscale.cpp:28]   --->   Operation 83 'getelementptr' 'row_bytes_30_addr' <Predicate = true> <Delay = 0.00>
ST_2 : Operation 84 [1/1] (0.00ns)   --->   "%tmp_69 = partselect i8 @_ssdm_op_PartSelect.i8.i512.i32, i512 %row_words_load, i32 248" [../src/grayscale.cpp:28]   --->   Operation 84 'partselect' 'tmp_69' <Predicate = true> <Delay = 0.00>
ST_2 : Operation 85 [1/1] (0.00ns)   --->   "%row_bytes_31_addr = getelementptr i8 %row_bytes_31, i64 0, i64 %zext_ln28" [../src/grayscale.cpp:28]   --->   Operation 85 'getelementptr' 'row_bytes_31_addr' <Predicate = true> <Delay = 0.00>
ST_2 : Operation 86 [1/1] (0.00ns)   --->   "%tmp_70 = partselect i8 @_ssdm_op_PartSelect.i8.i512.i32, i512 %row_words_load, i32 256" [../src/grayscale.cpp:28]   --->   Operation 86 'partselect' 'tmp_70' <Predicate = true> <Delay = 0.00>
ST_2 : Operation 87 [1/1] (0.00ns)   --->   "%or_ln = bitconcatenate i6 @_ssdm_op_BitConcatenate.i6.i5.i1, i5 %w_1, i1 1" [../src/grayscale.cpp:28]   --->   Operation 87 'bitconcatenate' 'or_ln' <Predicate = true> <Delay = 0.00>
ST_2 : Operation 88 [1/1] (0.00ns)   --->   "%zext_ln28_1 = zext i6 %or_ln" [../src/grayscale.cpp:28]   --->   Operation 88 'zext' 'zext_ln28_1' <Predicate = true> <Delay = 0.00>
ST_2 : Operation 89 [1/1] (0.00ns)   --->   "%row_bytes_addr_1 = getelementptr i8 %row_bytes, i64 0, i64 %zext_ln28_1" [../src/grayscale.cpp:28]   --->   Operation 89 'getelementptr' 'row_bytes_addr_1' <Predicate = true> <Delay = 0.00>
ST_2 : Operation 90 [1/1] (0.00ns)   --->   "%tmp_71 = partselect i8 @_ssdm_op_PartSelect.i8.i512.i32, i512 %row_words_load, i32 264" [../src/grayscale.cpp:28]   --->   Operation 90 'partselect' 'tmp_71' <Predicate = true> <Delay = 0.00>
ST_2 : Operation 91 [1/1] (0.00ns)   --->   "%row_bytes_1_addr_1 = getelementptr i8 %row_bytes_1, i64 0, i64 %zext_ln28_1" [../src/grayscale.cpp:28]   --->   Operation 91 'getelementptr' 'row_bytes_1_addr_1' <Predicate = true> <Delay = 0.00>
ST_2 : Operation 92 [1/1] (0.00ns)   --->   "%tmp_72 = partselect i8 @_ssdm_op_PartSelect.i8.i512.i32, i512 %row_words_load, i32 272" [../src/grayscale.cpp:28]   --->   Operation 92 'partselect' 'tmp_72' <Predicate = true> <Delay = 0.00>
ST_2 : Operation 93 [1/1] (0.00ns)   --->   "%row_bytes_2_addr_1 = getelementptr i8 %row_bytes_2, i64 0, i64 %zext_ln28_1" [../src/grayscale.cpp:28]   --->   Operation 93 'getelementptr' 'row_bytes_2_addr_1' <Predicate = true> <Delay = 0.00>
ST_2 : Operation 94 [1/1] (0.00ns)   --->   "%tmp_73 = partselect i8 @_ssdm_op_PartSelect.i8.i512.i32, i512 %row_words_load, i32 280" [../src/grayscale.cpp:28]   --->   Operation 94 'partselect' 'tmp_73' <Predicate = true> <Delay = 0.00>
ST_2 : Operation 95 [1/1] (0.00ns)   --->   "%row_bytes_3_addr_1 = getelementptr i8 %row_bytes_3, i64 0, i64 %zext_ln28_1" [../src/grayscale.cpp:28]   --->   Operation 95 'getelementptr' 'row_bytes_3_addr_1' <Predicate = true> <Delay = 0.00>
ST_2 : Operation 96 [1/1] (0.00ns)   --->   "%tmp_74 = partselect i8 @_ssdm_op_PartSelect.i8.i512.i32, i512 %row_words_load, i32 288" [../src/grayscale.cpp:28]   --->   Operation 96 'partselect' 'tmp_74' <Predicate = true> <Delay = 0.00>
ST_2 : Operation 97 [1/1] (0.00ns)   --->   "%row_bytes_4_addr_1 = getelementptr i8 %row_bytes_4, i64 0, i64 %zext_ln28_1" [../src/grayscale.cpp:28]   --->   Operation 97 'getelementptr' 'row_bytes_4_addr_1' <Predicate = true> <Delay = 0.00>
ST_2 : Operation 98 [1/1] (0.00ns)   --->   "%tmp_75 = partselect i8 @_ssdm_op_PartSelect.i8.i512.i32, i512 %row_words_load, i32 296" [../src/grayscale.cpp:28]   --->   Operation 98 'partselect' 'tmp_75' <Predicate = true> <Delay = 0.00>
ST_2 : Operation 99 [1/1] (0.00ns)   --->   "%row_bytes_5_addr_1 = getelementptr i8 %row_bytes_5, i64 0, i64 %zext_ln28_1" [../src/grayscale.cpp:28]   --->   Operation 99 'getelementptr' 'row_bytes_5_addr_1' <Predicate = true> <Delay = 0.00>
ST_2 : Operation 100 [1/1] (0.00ns)   --->   "%tmp_76 = partselect i8 @_ssdm_op_PartSelect.i8.i512.i32, i512 %row_words_load, i32 304" [../src/grayscale.cpp:28]   --->   Operation 100 'partselect' 'tmp_76' <Predicate = true> <Delay = 0.00>
ST_2 : Operation 101 [1/1] (0.00ns)   --->   "%row_bytes_6_addr_1 = getelementptr i8 %row_bytes_6, i64 0, i64 %zext_ln28_1" [../src/grayscale.cpp:28]   --->   Operation 101 'getelementptr' 'row_bytes_6_addr_1' <Predicate = true> <Delay = 0.00>
ST_2 : Operation 102 [1/1] (0.00ns)   --->   "%tmp_77 = partselect i8 @_ssdm_op_PartSelect.i8.i512.i32, i512 %row_words_load, i32 312" [../src/grayscale.cpp:28]   --->   Operation 102 'partselect' 'tmp_77' <Predicate = true> <Delay = 0.00>
ST_2 : Operation 103 [1/1] (0.00ns)   --->   "%row_bytes_7_addr_1 = getelementptr i8 %row_bytes_7, i64 0, i64 %zext_ln28_1" [../src/grayscale.cpp:28]   --->   Operation 103 'getelementptr' 'row_bytes_7_addr_1' <Predicate = true> <Delay = 0.00>
ST_2 : Operation 104 [1/1] (0.00ns)   --->   "%tmp_78 = partselect i8 @_ssdm_op_PartSelect.i8.i512.i32, i512 %row_words_load, i32 320" [../src/grayscale.cpp:28]   --->   Operation 104 'partselect' 'tmp_78' <Predicate = true> <Delay = 0.00>
ST_2 : Operation 105 [1/1] (0.00ns)   --->   "%row_bytes_8_addr_1 = getelementptr i8 %row_bytes_8, i64 0, i64 %zext_ln28_1" [../src/grayscale.cpp:28]   --->   Operation 105 'getelementptr' 'row_bytes_8_addr_1' <Predicate = true> <Delay = 0.00>
ST_2 : Operation 106 [1/1] (0.00ns)   --->   "%tmp_79 = partselect i8 @_ssdm_op_PartSelect.i8.i512.i32, i512 %row_words_load, i32 328" [../src/grayscale.cpp:28]   --->   Operation 106 'partselect' 'tmp_79' <Predicate = true> <Delay = 0.00>
ST_2 : Operation 107 [1/1] (0.00ns)   --->   "%row_bytes_9_addr_1 = getelementptr i8 %row_bytes_9, i64 0, i64 %zext_ln28_1" [../src/grayscale.cpp:28]   --->   Operation 107 'getelementptr' 'row_bytes_9_addr_1' <Predicate = true> <Delay = 0.00>
ST_2 : Operation 108 [1/1] (0.00ns)   --->   "%tmp_80 = partselect i8 @_ssdm_op_PartSelect.i8.i512.i32, i512 %row_words_load, i32 336" [../src/grayscale.cpp:28]   --->   Operation 108 'partselect' 'tmp_80' <Predicate = true> <Delay = 0.00>
ST_2 : Operation 109 [1/1] (0.00ns)   --->   "%row_bytes_10_addr_1 = getelementptr i8 %row_bytes_10, i64 0, i64 %zext_ln28_1" [../src/grayscale.cpp:28]   --->   Operation 109 'getelementptr' 'row_bytes_10_addr_1' <Predicate = true> <Delay = 0.00>
ST_2 : Operation 110 [1/1] (0.00ns)   --->   "%tmp_81 = partselect i8 @_ssdm_op_PartSelect.i8.i512.i32, i512 %row_words_load, i32 344" [../src/grayscale.cpp:28]   --->   Operation 110 'partselect' 'tmp_81' <Predicate = true> <Delay = 0.00>
ST_2 : Operation 111 [1/1] (0.00ns)   --->   "%row_bytes_11_addr_1 = getelementptr i8 %row_bytes_11, i64 0, i64 %zext_ln28_1" [../src/grayscale.cpp:28]   --->   Operation 111 'getelementptr' 'row_bytes_11_addr_1' <Predicate = true> <Delay = 0.00>
ST_2 : Operation 112 [1/1] (0.00ns)   --->   "%tmp_82 = partselect i8 @_ssdm_op_PartSelect.i8.i512.i32, i512 %row_words_load, i32 352" [../src/grayscale.cpp:28]   --->   Operation 112 'partselect' 'tmp_82' <Predicate = true> <Delay = 0.00>
ST_2 : Operation 113 [1/1] (0.00ns)   --->   "%row_bytes_12_addr_1 = getelementptr i8 %row_bytes_12, i64 0, i64 %zext_ln28_1" [../src/grayscale.cpp:28]   --->   Operation 113 'getelementptr' 'row_bytes_12_addr_1' <Predicate = true> <Delay = 0.00>
ST_2 : Operation 114 [1/1] (0.00ns)   --->   "%tmp_83 = partselect i8 @_ssdm_op_PartSelect.i8.i512.i32, i512 %row_words_load, i32 360" [../src/grayscale.cpp:28]   --->   Operation 114 'partselect' 'tmp_83' <Predicate = true> <Delay = 0.00>
ST_2 : Operation 115 [1/1] (0.00ns)   --->   "%row_bytes_13_addr_1 = getelementptr i8 %row_bytes_13, i64 0, i64 %zext_ln28_1" [../src/grayscale.cpp:28]   --->   Operation 115 'getelementptr' 'row_bytes_13_addr_1' <Predicate = true> <Delay = 0.00>
ST_2 : Operation 116 [1/1] (0.00ns)   --->   "%tmp_84 = partselect i8 @_ssdm_op_PartSelect.i8.i512.i32, i512 %row_words_load, i32 368" [../src/grayscale.cpp:28]   --->   Operation 116 'partselect' 'tmp_84' <Predicate = true> <Delay = 0.00>
ST_2 : Operation 117 [1/1] (0.00ns)   --->   "%row_bytes_14_addr_1 = getelementptr i8 %row_bytes_14, i64 0, i64 %zext_ln28_1" [../src/grayscale.cpp:28]   --->   Operation 117 'getelementptr' 'row_bytes_14_addr_1' <Predicate = true> <Delay = 0.00>
ST_2 : Operation 118 [1/1] (0.00ns)   --->   "%tmp_85 = partselect i8 @_ssdm_op_PartSelect.i8.i512.i32, i512 %row_words_load, i32 376" [../src/grayscale.cpp:28]   --->   Operation 118 'partselect' 'tmp_85' <Predicate = true> <Delay = 0.00>
ST_2 : Operation 119 [1/1] (0.00ns)   --->   "%row_bytes_15_addr_1 = getelementptr i8 %row_bytes_15, i64 0, i64 %zext_ln28_1" [../src/grayscale.cpp:28]   --->   Operation 119 'getelementptr' 'row_bytes_15_addr_1' <Predicate = true> <Delay = 0.00>
ST_2 : Operation 120 [1/1] (0.00ns)   --->   "%tmp_86 = partselect i8 @_ssdm_op_PartSelect.i8.i512.i32, i512 %row_words_load, i32 384" [../src/grayscale.cpp:28]   --->   Operation 120 'partselect' 'tmp_86' <Predicate = true> <Delay = 0.00>
ST_2 : Operation 121 [1/1] (0.00ns)   --->   "%row_bytes_16_addr_1 = getelementptr i8 %row_bytes_16, i64 0, i64 %zext_ln28_1" [../src/grayscale.cpp:28]   --->   Operation 121 'getelementptr' 'row_bytes_16_addr_1' <Predicate = true> <Delay = 0.00>
ST_2 : Operation 122 [1/1] (0.00ns)   --->   "%tmp_87 = partselect i8 @_ssdm_op_PartSelect.i8.i512.i32, i512 %row_words_load, i32 392" [../src/grayscale.cpp:28]   --->   Operation 122 'partselect' 'tmp_87' <Predicate = true> <Delay = 0.00>
ST_2 : Operation 123 [1/1] (0.00ns)   --->   "%row_bytes_17_addr_1 = getelementptr i8 %row_bytes_17, i64 0, i64 %zext_ln28_1" [../src/grayscale.cpp:28]   --->   Operation 123 'getelementptr' 'row_bytes_17_addr_1' <Predicate = true> <Delay = 0.00>
ST_2 : Operation 124 [1/1] (0.00ns)   --->   "%tmp_88 = partselect i8 @_ssdm_op_PartSelect.i8.i512.i32, i512 %row_words_load, i32 400" [../src/grayscale.cpp:28]   --->   Operation 124 'partselect' 'tmp_88' <Predicate = true> <Delay = 0.00>
ST_2 : Operation 125 [1/1] (0.00ns)   --->   "%row_bytes_18_addr_1 = getelementptr i8 %row_bytes_18, i64 0, i64 %zext_ln28_1" [../src/grayscale.cpp:28]   --->   Operation 125 'getelementptr' 'row_bytes_18_addr_1' <Predicate = true> <Delay = 0.00>
ST_2 : Operation 126 [1/1] (0.00ns)   --->   "%tmp_89 = partselect i8 @_ssdm_op_PartSelect.i8.i512.i32, i512 %row_words_load, i32 408" [../src/grayscale.cpp:28]   --->   Operation 126 'partselect' 'tmp_89' <Predicate = true> <Delay = 0.00>
ST_2 : Operation 127 [1/1] (0.00ns)   --->   "%row_bytes_19_addr_1 = getelementptr i8 %row_bytes_19, i64 0, i64 %zext_ln28_1" [../src/grayscale.cpp:28]   --->   Operation 127 'getelementptr' 'row_bytes_19_addr_1' <Predicate = true> <Delay = 0.00>
ST_2 : Operation 128 [1/1] (0.00ns)   --->   "%tmp_90 = partselect i8 @_ssdm_op_PartSelect.i8.i512.i32, i512 %row_words_load, i32 416" [../src/grayscale.cpp:28]   --->   Operation 128 'partselect' 'tmp_90' <Predicate = true> <Delay = 0.00>
ST_2 : Operation 129 [1/1] (0.00ns)   --->   "%row_bytes_20_addr_1 = getelementptr i8 %row_bytes_20, i64 0, i64 %zext_ln28_1" [../src/grayscale.cpp:28]   --->   Operation 129 'getelementptr' 'row_bytes_20_addr_1' <Predicate = true> <Delay = 0.00>
ST_2 : Operation 130 [1/1] (0.00ns)   --->   "%tmp_91 = partselect i8 @_ssdm_op_PartSelect.i8.i512.i32, i512 %row_words_load, i32 424" [../src/grayscale.cpp:28]   --->   Operation 130 'partselect' 'tmp_91' <Predicate = true> <Delay = 0.00>
ST_2 : Operation 131 [1/1] (0.00ns)   --->   "%row_bytes_21_addr_1 = getelementptr i8 %row_bytes_21, i64 0, i64 %zext_ln28_1" [../src/grayscale.cpp:28]   --->   Operation 131 'getelementptr' 'row_bytes_21_addr_1' <Predicate = true> <Delay = 0.00>
ST_2 : Operation 132 [1/1] (0.00ns)   --->   "%tmp_92 = partselect i8 @_ssdm_op_PartSelect.i8.i512.i32, i512 %row_words_load, i32 432" [../src/grayscale.cpp:28]   --->   Operation 132 'partselect' 'tmp_92' <Predicate = true> <Delay = 0.00>
ST_2 : Operation 133 [1/1] (0.00ns)   --->   "%row_bytes_22_addr_1 = getelementptr i8 %row_bytes_22, i64 0, i64 %zext_ln28_1" [../src/grayscale.cpp:28]   --->   Operation 133 'getelementptr' 'row_bytes_22_addr_1' <Predicate = true> <Delay = 0.00>
ST_2 : Operation 134 [1/1] (0.00ns)   --->   "%tmp_93 = partselect i8 @_ssdm_op_PartSelect.i8.i512.i32, i512 %row_words_load, i32 440" [../src/grayscale.cpp:28]   --->   Operation 134 'partselect' 'tmp_93' <Predicate = true> <Delay = 0.00>
ST_2 : Operation 135 [1/1] (0.00ns)   --->   "%row_bytes_23_addr_1 = getelementptr i8 %row_bytes_23, i64 0, i64 %zext_ln28_1" [../src/grayscale.cpp:28]   --->   Operation 135 'getelementptr' 'row_bytes_23_addr_1' <Predicate = true> <Delay = 0.00>
ST_2 : Operation 136 [1/1] (0.00ns)   --->   "%tmp_94 = partselect i8 @_ssdm_op_PartSelect.i8.i512.i32, i512 %row_words_load, i32 448" [../src/grayscale.cpp:28]   --->   Operation 136 'partselect' 'tmp_94' <Predicate = true> <Delay = 0.00>
ST_2 : Operation 137 [1/1] (0.00ns)   --->   "%row_bytes_24_addr_1 = getelementptr i8 %row_bytes_24, i64 0, i64 %zext_ln28_1" [../src/grayscale.cpp:28]   --->   Operation 137 'getelementptr' 'row_bytes_24_addr_1' <Predicate = true> <Delay = 0.00>
ST_2 : Operation 138 [1/1] (0.00ns)   --->   "%tmp_95 = partselect i8 @_ssdm_op_PartSelect.i8.i512.i32, i512 %row_words_load, i32 456" [../src/grayscale.cpp:28]   --->   Operation 138 'partselect' 'tmp_95' <Predicate = true> <Delay = 0.00>
ST_2 : Operation 139 [1/1] (0.00ns)   --->   "%row_bytes_25_addr_1 = getelementptr i8 %row_bytes_25, i64 0, i64 %zext_ln28_1" [../src/grayscale.cpp:28]   --->   Operation 139 'getelementptr' 'row_bytes_25_addr_1' <Predicate = true> <Delay = 0.00>
ST_2 : Operation 140 [1/1] (0.00ns)   --->   "%tmp_96 = partselect i8 @_ssdm_op_PartSelect.i8.i512.i32, i512 %row_words_load, i32 464" [../src/grayscale.cpp:28]   --->   Operation 140 'partselect' 'tmp_96' <Predicate = true> <Delay = 0.00>
ST_2 : Operation 141 [1/1] (0.00ns)   --->   "%row_bytes_26_addr_1 = getelementptr i8 %row_bytes_26, i64 0, i64 %zext_ln28_1" [../src/grayscale.cpp:28]   --->   Operation 141 'getelementptr' 'row_bytes_26_addr_1' <Predicate = true> <Delay = 0.00>
ST_2 : Operation 142 [1/1] (0.00ns)   --->   "%tmp_97 = partselect i8 @_ssdm_op_PartSelect.i8.i512.i32, i512 %row_words_load, i32 472" [../src/grayscale.cpp:28]   --->   Operation 142 'partselect' 'tmp_97' <Predicate = true> <Delay = 0.00>
ST_2 : Operation 143 [1/1] (0.00ns)   --->   "%row_bytes_27_addr_1 = getelementptr i8 %row_bytes_27, i64 0, i64 %zext_ln28_1" [../src/grayscale.cpp:28]   --->   Operation 143 'getelementptr' 'row_bytes_27_addr_1' <Predicate = true> <Delay = 0.00>
ST_2 : Operation 144 [1/1] (0.00ns)   --->   "%tmp_98 = partselect i8 @_ssdm_op_PartSelect.i8.i512.i32, i512 %row_words_load, i32 480" [../src/grayscale.cpp:28]   --->   Operation 144 'partselect' 'tmp_98' <Predicate = true> <Delay = 0.00>
ST_2 : Operation 145 [1/1] (0.00ns)   --->   "%row_bytes_28_addr_1 = getelementptr i8 %row_bytes_28, i64 0, i64 %zext_ln28_1" [../src/grayscale.cpp:28]   --->   Operation 145 'getelementptr' 'row_bytes_28_addr_1' <Predicate = true> <Delay = 0.00>
ST_2 : Operation 146 [1/1] (0.00ns)   --->   "%tmp_99 = partselect i8 @_ssdm_op_PartSelect.i8.i512.i32, i512 %row_words_load, i32 488" [../src/grayscale.cpp:28]   --->   Operation 146 'partselect' 'tmp_99' <Predicate = true> <Delay = 0.00>
ST_2 : Operation 147 [1/1] (0.00ns)   --->   "%row_bytes_29_addr_1 = getelementptr i8 %row_bytes_29, i64 0, i64 %zext_ln28_1" [../src/grayscale.cpp:28]   --->   Operation 147 'getelementptr' 'row_bytes_29_addr_1' <Predicate = true> <Delay = 0.00>
ST_2 : Operation 148 [1/1] (0.00ns)   --->   "%tmp_100 = partselect i8 @_ssdm_op_PartSelect.i8.i512.i32, i512 %row_words_load, i32 496" [../src/grayscale.cpp:28]   --->   Operation 148 'partselect' 'tmp_100' <Predicate = true> <Delay = 0.00>
ST_2 : Operation 149 [1/1] (0.00ns)   --->   "%row_bytes_30_addr_1 = getelementptr i8 %row_bytes_30, i64 0, i64 %zext_ln28_1" [../src/grayscale.cpp:28]   --->   Operation 149 'getelementptr' 'row_bytes_30_addr_1' <Predicate = true> <Delay = 0.00>
ST_2 : Operation 150 [1/1] (0.00ns)   --->   "%tmp_101 = partselect i8 @_ssdm_op_PartSelect.i8.i512.i32, i512 %row_words_load, i32 504" [../src/grayscale.cpp:28]   --->   Operation 150 'partselect' 'tmp_101' <Predicate = true> <Delay = 0.00>
ST_2 : Operation 151 [1/1] (0.00ns)   --->   "%row_bytes_31_addr_1 = getelementptr i8 %row_bytes_31, i64 0, i64 %zext_ln28_1" [../src/grayscale.cpp:28]   --->   Operation 151 'getelementptr' 'row_bytes_31_addr_1' <Predicate = true> <Delay = 0.00>
ST_2 : Operation 152 [1/1] ( I:0.67ns O:0.67ns )   --->   "%store_ln28 = store i8 %trunc_ln28, i6 %row_bytes_addr" [../src/grayscale.cpp:28]   --->   Operation 152 'store' 'store_ln28' <Predicate = true> <Delay = 0.67> <CoreInst = "RAM">   --->   Core 82 'RAM' <Latency = 1> <II = 1> <Delay = 0.67> <Storage> <Opcode : 'load' 'store'> <Ports = 2> <Width = 8> <Depth = 48> <RAM>
ST_2 : Operation 153 [1/1] ( I:0.67ns O:0.67ns )   --->   "%store_ln28 = store i8 %tmp_s, i6 %row_bytes_1_addr" [../src/grayscale.cpp:28]   --->   Operation 153 'store' 'store_ln28' <Predicate = true> <Delay = 0.67> <CoreInst = "RAM">   --->   Core 82 'RAM' <Latency = 1> <II = 1> <Delay = 0.67> <Storage> <Opcode : 'load' 'store'> <Ports = 2> <Width = 8> <Depth = 48> <RAM>
ST_2 : Operation 154 [1/1] ( I:0.67ns O:0.67ns )   --->   "%store_ln28 = store i8 %tmp_40, i6 %row_bytes_2_addr" [../src/grayscale.cpp:28]   --->   Operation 154 'store' 'store_ln28' <Predicate = true> <Delay = 0.67> <CoreInst = "RAM">   --->   Core 82 'RAM' <Latency = 1> <II = 1> <Delay = 0.67> <Storage> <Opcode : 'load' 'store'> <Ports = 2> <Width = 8> <Depth = 48> <RAM>
ST_2 : Operation 155 [1/1] ( I:0.67ns O:0.67ns )   --->   "%store_ln28 = store i8 %tmp_41, i6 %row_bytes_3_addr" [../src/grayscale.cpp:28]   --->   Operation 155 'store' 'store_ln28' <Predicate = true> <Delay = 0.67> <CoreInst = "RAM">   --->   Core 82 'RAM' <Latency = 1> <II = 1> <Delay = 0.67> <Storage> <Opcode : 'load' 'store'> <Ports = 2> <Width = 8> <Depth = 48> <RAM>
ST_2 : Operation 156 [1/1] ( I:0.67ns O:0.67ns )   --->   "%store_ln28 = store i8 %tmp_42, i6 %row_bytes_4_addr" [../src/grayscale.cpp:28]   --->   Operation 156 'store' 'store_ln28' <Predicate = true> <Delay = 0.67> <CoreInst = "RAM">   --->   Core 82 'RAM' <Latency = 1> <II = 1> <Delay = 0.67> <Storage> <Opcode : 'load' 'store'> <Ports = 2> <Width = 8> <Depth = 48> <RAM>
ST_2 : Operation 157 [1/1] ( I:0.67ns O:0.67ns )   --->   "%store_ln28 = store i8 %tmp_43, i6 %row_bytes_5_addr" [../src/grayscale.cpp:28]   --->   Operation 157 'store' 'store_ln28' <Predicate = true> <Delay = 0.67> <CoreInst = "RAM">   --->   Core 82 'RAM' <Latency = 1> <II = 1> <Delay = 0.67> <Storage> <Opcode : 'load' 'store'> <Ports = 2> <Width = 8> <Depth = 48> <RAM>
ST_2 : Operation 158 [1/1] ( I:0.67ns O:0.67ns )   --->   "%store_ln28 = store i8 %tmp_44, i6 %row_bytes_6_addr" [../src/grayscale.cpp:28]   --->   Operation 158 'store' 'store_ln28' <Predicate = true> <Delay = 0.67> <CoreInst = "RAM">   --->   Core 82 'RAM' <Latency = 1> <II = 1> <Delay = 0.67> <Storage> <Opcode : 'load' 'store'> <Ports = 2> <Width = 8> <Depth = 48> <RAM>
ST_2 : Operation 159 [1/1] ( I:0.67ns O:0.67ns )   --->   "%store_ln28 = store i8 %tmp_45, i6 %row_bytes_7_addr" [../src/grayscale.cpp:28]   --->   Operation 159 'store' 'store_ln28' <Predicate = true> <Delay = 0.67> <CoreInst = "RAM">   --->   Core 82 'RAM' <Latency = 1> <II = 1> <Delay = 0.67> <Storage> <Opcode : 'load' 'store'> <Ports = 2> <Width = 8> <Depth = 48> <RAM>
ST_2 : Operation 160 [1/1] ( I:0.67ns O:0.67ns )   --->   "%store_ln28 = store i8 %tmp_46, i6 %row_bytes_8_addr" [../src/grayscale.cpp:28]   --->   Operation 160 'store' 'store_ln28' <Predicate = true> <Delay = 0.67> <CoreInst = "RAM">   --->   Core 82 'RAM' <Latency = 1> <II = 1> <Delay = 0.67> <Storage> <Opcode : 'load' 'store'> <Ports = 2> <Width = 8> <Depth = 48> <RAM>
ST_2 : Operation 161 [1/1] ( I:0.67ns O:0.67ns )   --->   "%store_ln28 = store i8 %tmp_47, i6 %row_bytes_9_addr" [../src/grayscale.cpp:28]   --->   Operation 161 'store' 'store_ln28' <Predicate = true> <Delay = 0.67> <CoreInst = "RAM">   --->   Core 82 'RAM' <Latency = 1> <II = 1> <Delay = 0.67> <Storage> <Opcode : 'load' 'store'> <Ports = 2> <Width = 8> <Depth = 48> <RAM>
ST_2 : Operation 162 [1/1] ( I:0.67ns O:0.67ns )   --->   "%store_ln28 = store i8 %tmp_48, i6 %row_bytes_10_addr" [../src/grayscale.cpp:28]   --->   Operation 162 'store' 'store_ln28' <Predicate = true> <Delay = 0.67> <CoreInst = "RAM">   --->   Core 82 'RAM' <Latency = 1> <II = 1> <Delay = 0.67> <Storage> <Opcode : 'load' 'store'> <Ports = 2> <Width = 8> <Depth = 48> <RAM>
ST_2 : Operation 163 [1/1] ( I:0.67ns O:0.67ns )   --->   "%store_ln28 = store i8 %tmp_49, i6 %row_bytes_11_addr" [../src/grayscale.cpp:28]   --->   Operation 163 'store' 'store_ln28' <Predicate = true> <Delay = 0.67> <CoreInst = "RAM">   --->   Core 82 'RAM' <Latency = 1> <II = 1> <Delay = 0.67> <Storage> <Opcode : 'load' 'store'> <Ports = 2> <Width = 8> <Depth = 48> <RAM>
ST_2 : Operation 164 [1/1] ( I:0.67ns O:0.67ns )   --->   "%store_ln28 = store i8 %tmp_50, i6 %row_bytes_12_addr" [../src/grayscale.cpp:28]   --->   Operation 164 'store' 'store_ln28' <Predicate = true> <Delay = 0.67> <CoreInst = "RAM">   --->   Core 82 'RAM' <Latency = 1> <II = 1> <Delay = 0.67> <Storage> <Opcode : 'load' 'store'> <Ports = 2> <Width = 8> <Depth = 48> <RAM>
ST_2 : Operation 165 [1/1] ( I:0.67ns O:0.67ns )   --->   "%store_ln28 = store i8 %tmp_51, i6 %row_bytes_13_addr" [../src/grayscale.cpp:28]   --->   Operation 165 'store' 'store_ln28' <Predicate = true> <Delay = 0.67> <CoreInst = "RAM">   --->   Core 82 'RAM' <Latency = 1> <II = 1> <Delay = 0.67> <Storage> <Opcode : 'load' 'store'> <Ports = 2> <Width = 8> <Depth = 48> <RAM>
ST_2 : Operation 166 [1/1] ( I:0.67ns O:0.67ns )   --->   "%store_ln28 = store i8 %tmp_52, i6 %row_bytes_14_addr" [../src/grayscale.cpp:28]   --->   Operation 166 'store' 'store_ln28' <Predicate = true> <Delay = 0.67> <CoreInst = "RAM">   --->   Core 82 'RAM' <Latency = 1> <II = 1> <Delay = 0.67> <Storage> <Opcode : 'load' 'store'> <Ports = 2> <Width = 8> <Depth = 48> <RAM>
ST_2 : Operation 167 [1/1] ( I:0.67ns O:0.67ns )   --->   "%store_ln28 = store i8 %tmp_53, i6 %row_bytes_15_addr" [../src/grayscale.cpp:28]   --->   Operation 167 'store' 'store_ln28' <Predicate = true> <Delay = 0.67> <CoreInst = "RAM">   --->   Core 82 'RAM' <Latency = 1> <II = 1> <Delay = 0.67> <Storage> <Opcode : 'load' 'store'> <Ports = 2> <Width = 8> <Depth = 48> <RAM>
ST_2 : Operation 168 [1/1] ( I:0.67ns O:0.67ns )   --->   "%store_ln28 = store i8 %tmp_54, i6 %row_bytes_16_addr" [../src/grayscale.cpp:28]   --->   Operation 168 'store' 'store_ln28' <Predicate = true> <Delay = 0.67> <CoreInst = "RAM">   --->   Core 82 'RAM' <Latency = 1> <II = 1> <Delay = 0.67> <Storage> <Opcode : 'load' 'store'> <Ports = 2> <Width = 8> <Depth = 48> <RAM>
ST_2 : Operation 169 [1/1] ( I:0.67ns O:0.67ns )   --->   "%store_ln28 = store i8 %tmp_55, i6 %row_bytes_17_addr" [../src/grayscale.cpp:28]   --->   Operation 169 'store' 'store_ln28' <Predicate = true> <Delay = 0.67> <CoreInst = "RAM">   --->   Core 82 'RAM' <Latency = 1> <II = 1> <Delay = 0.67> <Storage> <Opcode : 'load' 'store'> <Ports = 2> <Width = 8> <Depth = 48> <RAM>
ST_2 : Operation 170 [1/1] ( I:0.67ns O:0.67ns )   --->   "%store_ln28 = store i8 %tmp_56, i6 %row_bytes_18_addr" [../src/grayscale.cpp:28]   --->   Operation 170 'store' 'store_ln28' <Predicate = true> <Delay = 0.67> <CoreInst = "RAM">   --->   Core 82 'RAM' <Latency = 1> <II = 1> <Delay = 0.67> <Storage> <Opcode : 'load' 'store'> <Ports = 2> <Width = 8> <Depth = 48> <RAM>
ST_2 : Operation 171 [1/1] ( I:0.67ns O:0.67ns )   --->   "%store_ln28 = store i8 %tmp_57, i6 %row_bytes_19_addr" [../src/grayscale.cpp:28]   --->   Operation 171 'store' 'store_ln28' <Predicate = true> <Delay = 0.67> <CoreInst = "RAM">   --->   Core 82 'RAM' <Latency = 1> <II = 1> <Delay = 0.67> <Storage> <Opcode : 'load' 'store'> <Ports = 2> <Width = 8> <Depth = 48> <RAM>
ST_2 : Operation 172 [1/1] ( I:0.67ns O:0.67ns )   --->   "%store_ln28 = store i8 %tmp_58, i6 %row_bytes_20_addr" [../src/grayscale.cpp:28]   --->   Operation 172 'store' 'store_ln28' <Predicate = true> <Delay = 0.67> <CoreInst = "RAM">   --->   Core 82 'RAM' <Latency = 1> <II = 1> <Delay = 0.67> <Storage> <Opcode : 'load' 'store'> <Ports = 2> <Width = 8> <Depth = 48> <RAM>
ST_2 : Operation 173 [1/1] ( I:0.67ns O:0.67ns )   --->   "%store_ln28 = store i8 %tmp_59, i6 %row_bytes_21_addr" [../src/grayscale.cpp:28]   --->   Operation 173 'store' 'store_ln28' <Predicate = true> <Delay = 0.67> <CoreInst = "RAM">   --->   Core 82 'RAM' <Latency = 1> <II = 1> <Delay = 0.67> <Storage> <Opcode : 'load' 'store'> <Ports = 2> <Width = 8> <Depth = 48> <RAM>
ST_2 : Operation 174 [1/1] ( I:0.67ns O:0.67ns )   --->   "%store_ln28 = store i8 %tmp_60, i6 %row_bytes_22_addr" [../src/grayscale.cpp:28]   --->   Operation 174 'store' 'store_ln28' <Predicate = true> <Delay = 0.67> <CoreInst = "RAM">   --->   Core 82 'RAM' <Latency = 1> <II = 1> <Delay = 0.67> <Storage> <Opcode : 'load' 'store'> <Ports = 2> <Width = 8> <Depth = 48> <RAM>
ST_2 : Operation 175 [1/1] ( I:0.67ns O:0.67ns )   --->   "%store_ln28 = store i8 %tmp_61, i6 %row_bytes_23_addr" [../src/grayscale.cpp:28]   --->   Operation 175 'store' 'store_ln28' <Predicate = true> <Delay = 0.67> <CoreInst = "RAM">   --->   Core 82 'RAM' <Latency = 1> <II = 1> <Delay = 0.67> <Storage> <Opcode : 'load' 'store'> <Ports = 2> <Width = 8> <Depth = 48> <RAM>
ST_2 : Operation 176 [1/1] ( I:0.67ns O:0.67ns )   --->   "%store_ln28 = store i8 %tmp_62, i6 %row_bytes_24_addr" [../src/grayscale.cpp:28]   --->   Operation 176 'store' 'store_ln28' <Predicate = true> <Delay = 0.67> <CoreInst = "RAM">   --->   Core 82 'RAM' <Latency = 1> <II = 1> <Delay = 0.67> <Storage> <Opcode : 'load' 'store'> <Ports = 2> <Width = 8> <Depth = 48> <RAM>
ST_2 : Operation 177 [1/1] ( I:0.67ns O:0.67ns )   --->   "%store_ln28 = store i8 %tmp_63, i6 %row_bytes_25_addr" [../src/grayscale.cpp:28]   --->   Operation 177 'store' 'store_ln28' <Predicate = true> <Delay = 0.67> <CoreInst = "RAM">   --->   Core 82 'RAM' <Latency = 1> <II = 1> <Delay = 0.67> <Storage> <Opcode : 'load' 'store'> <Ports = 2> <Width = 8> <Depth = 48> <RAM>
ST_2 : Operation 178 [1/1] ( I:0.67ns O:0.67ns )   --->   "%store_ln28 = store i8 %tmp_64, i6 %row_bytes_26_addr" [../src/grayscale.cpp:28]   --->   Operation 178 'store' 'store_ln28' <Predicate = true> <Delay = 0.67> <CoreInst = "RAM">   --->   Core 82 'RAM' <Latency = 1> <II = 1> <Delay = 0.67> <Storage> <Opcode : 'load' 'store'> <Ports = 2> <Width = 8> <Depth = 48> <RAM>
ST_2 : Operation 179 [1/1] ( I:0.67ns O:0.67ns )   --->   "%store_ln28 = store i8 %tmp_65, i6 %row_bytes_27_addr" [../src/grayscale.cpp:28]   --->   Operation 179 'store' 'store_ln28' <Predicate = true> <Delay = 0.67> <CoreInst = "RAM">   --->   Core 82 'RAM' <Latency = 1> <II = 1> <Delay = 0.67> <Storage> <Opcode : 'load' 'store'> <Ports = 2> <Width = 8> <Depth = 48> <RAM>
ST_2 : Operation 180 [1/1] ( I:0.67ns O:0.67ns )   --->   "%store_ln28 = store i8 %tmp_66, i6 %row_bytes_28_addr" [../src/grayscale.cpp:28]   --->   Operation 180 'store' 'store_ln28' <Predicate = true> <Delay = 0.67> <CoreInst = "RAM">   --->   Core 82 'RAM' <Latency = 1> <II = 1> <Delay = 0.67> <Storage> <Opcode : 'load' 'store'> <Ports = 2> <Width = 8> <Depth = 48> <RAM>
ST_2 : Operation 181 [1/1] ( I:0.67ns O:0.67ns )   --->   "%store_ln28 = store i8 %tmp_67, i6 %row_bytes_29_addr" [../src/grayscale.cpp:28]   --->   Operation 181 'store' 'store_ln28' <Predicate = true> <Delay = 0.67> <CoreInst = "RAM">   --->   Core 82 'RAM' <Latency = 1> <II = 1> <Delay = 0.67> <Storage> <Opcode : 'load' 'store'> <Ports = 2> <Width = 8> <Depth = 48> <RAM>
ST_2 : Operation 182 [1/1] ( I:0.67ns O:0.67ns )   --->   "%store_ln28 = store i8 %tmp_68, i6 %row_bytes_30_addr" [../src/grayscale.cpp:28]   --->   Operation 182 'store' 'store_ln28' <Predicate = true> <Delay = 0.67> <CoreInst = "RAM">   --->   Core 82 'RAM' <Latency = 1> <II = 1> <Delay = 0.67> <Storage> <Opcode : 'load' 'store'> <Ports = 2> <Width = 8> <Depth = 48> <RAM>
ST_2 : Operation 183 [1/1] ( I:0.67ns O:0.67ns )   --->   "%store_ln28 = store i8 %tmp_69, i6 %row_bytes_31_addr" [../src/grayscale.cpp:28]   --->   Operation 183 'store' 'store_ln28' <Predicate = true> <Delay = 0.67> <CoreInst = "RAM">   --->   Core 82 'RAM' <Latency = 1> <II = 1> <Delay = 0.67> <Storage> <Opcode : 'load' 'store'> <Ports = 2> <Width = 8> <Depth = 48> <RAM>
ST_2 : Operation 184 [1/1] ( I:0.67ns O:0.67ns )   --->   "%store_ln28 = store i8 %tmp_70, i6 %row_bytes_addr_1" [../src/grayscale.cpp:28]   --->   Operation 184 'store' 'store_ln28' <Predicate = true> <Delay = 0.67> <CoreInst = "RAM">   --->   Core 82 'RAM' <Latency = 1> <II = 1> <Delay = 0.67> <Storage> <Opcode : 'load' 'store'> <Ports = 2> <Width = 8> <Depth = 48> <RAM>
ST_2 : Operation 185 [1/1] ( I:0.67ns O:0.67ns )   --->   "%store_ln28 = store i8 %tmp_71, i6 %row_bytes_1_addr_1" [../src/grayscale.cpp:28]   --->   Operation 185 'store' 'store_ln28' <Predicate = true> <Delay = 0.67> <CoreInst = "RAM">   --->   Core 82 'RAM' <Latency = 1> <II = 1> <Delay = 0.67> <Storage> <Opcode : 'load' 'store'> <Ports = 2> <Width = 8> <Depth = 48> <RAM>
ST_2 : Operation 186 [1/1] ( I:0.67ns O:0.67ns )   --->   "%store_ln28 = store i8 %tmp_72, i6 %row_bytes_2_addr_1" [../src/grayscale.cpp:28]   --->   Operation 186 'store' 'store_ln28' <Predicate = true> <Delay = 0.67> <CoreInst = "RAM">   --->   Core 82 'RAM' <Latency = 1> <II = 1> <Delay = 0.67> <Storage> <Opcode : 'load' 'store'> <Ports = 2> <Width = 8> <Depth = 48> <RAM>
ST_2 : Operation 187 [1/1] ( I:0.67ns O:0.67ns )   --->   "%store_ln28 = store i8 %tmp_73, i6 %row_bytes_3_addr_1" [../src/grayscale.cpp:28]   --->   Operation 187 'store' 'store_ln28' <Predicate = true> <Delay = 0.67> <CoreInst = "RAM">   --->   Core 82 'RAM' <Latency = 1> <II = 1> <Delay = 0.67> <Storage> <Opcode : 'load' 'store'> <Ports = 2> <Width = 8> <Depth = 48> <RAM>
ST_2 : Operation 188 [1/1] ( I:0.67ns O:0.67ns )   --->   "%store_ln28 = store i8 %tmp_74, i6 %row_bytes_4_addr_1" [../src/grayscale.cpp:28]   --->   Operation 188 'store' 'store_ln28' <Predicate = true> <Delay = 0.67> <CoreInst = "RAM">   --->   Core 82 'RAM' <Latency = 1> <II = 1> <Delay = 0.67> <Storage> <Opcode : 'load' 'store'> <Ports = 2> <Width = 8> <Depth = 48> <RAM>
ST_2 : Operation 189 [1/1] ( I:0.67ns O:0.67ns )   --->   "%store_ln28 = store i8 %tmp_75, i6 %row_bytes_5_addr_1" [../src/grayscale.cpp:28]   --->   Operation 189 'store' 'store_ln28' <Predicate = true> <Delay = 0.67> <CoreInst = "RAM">   --->   Core 82 'RAM' <Latency = 1> <II = 1> <Delay = 0.67> <Storage> <Opcode : 'load' 'store'> <Ports = 2> <Width = 8> <Depth = 48> <RAM>
ST_2 : Operation 190 [1/1] ( I:0.67ns O:0.67ns )   --->   "%store_ln28 = store i8 %tmp_76, i6 %row_bytes_6_addr_1" [../src/grayscale.cpp:28]   --->   Operation 190 'store' 'store_ln28' <Predicate = true> <Delay = 0.67> <CoreInst = "RAM">   --->   Core 82 'RAM' <Latency = 1> <II = 1> <Delay = 0.67> <Storage> <Opcode : 'load' 'store'> <Ports = 2> <Width = 8> <Depth = 48> <RAM>
ST_2 : Operation 191 [1/1] ( I:0.67ns O:0.67ns )   --->   "%store_ln28 = store i8 %tmp_77, i6 %row_bytes_7_addr_1" [../src/grayscale.cpp:28]   --->   Operation 191 'store' 'store_ln28' <Predicate = true> <Delay = 0.67> <CoreInst = "RAM">   --->   Core 82 'RAM' <Latency = 1> <II = 1> <Delay = 0.67> <Storage> <Opcode : 'load' 'store'> <Ports = 2> <Width = 8> <Depth = 48> <RAM>
ST_2 : Operation 192 [1/1] ( I:0.67ns O:0.67ns )   --->   "%store_ln28 = store i8 %tmp_78, i6 %row_bytes_8_addr_1" [../src/grayscale.cpp:28]   --->   Operation 192 'store' 'store_ln28' <Predicate = true> <Delay = 0.67> <CoreInst = "RAM">   --->   Core 82 'RAM' <Latency = 1> <II = 1> <Delay = 0.67> <Storage> <Opcode : 'load' 'store'> <Ports = 2> <Width = 8> <Depth = 48> <RAM>
ST_2 : Operation 193 [1/1] ( I:0.67ns O:0.67ns )   --->   "%store_ln28 = store i8 %tmp_79, i6 %row_bytes_9_addr_1" [../src/grayscale.cpp:28]   --->   Operation 193 'store' 'store_ln28' <Predicate = true> <Delay = 0.67> <CoreInst = "RAM">   --->   Core 82 'RAM' <Latency = 1> <II = 1> <Delay = 0.67> <Storage> <Opcode : 'load' 'store'> <Ports = 2> <Width = 8> <Depth = 48> <RAM>
ST_2 : Operation 194 [1/1] ( I:0.67ns O:0.67ns )   --->   "%store_ln28 = store i8 %tmp_80, i6 %row_bytes_10_addr_1" [../src/grayscale.cpp:28]   --->   Operation 194 'store' 'store_ln28' <Predicate = true> <Delay = 0.67> <CoreInst = "RAM">   --->   Core 82 'RAM' <Latency = 1> <II = 1> <Delay = 0.67> <Storage> <Opcode : 'load' 'store'> <Ports = 2> <Width = 8> <Depth = 48> <RAM>
ST_2 : Operation 195 [1/1] ( I:0.67ns O:0.67ns )   --->   "%store_ln28 = store i8 %tmp_81, i6 %row_bytes_11_addr_1" [../src/grayscale.cpp:28]   --->   Operation 195 'store' 'store_ln28' <Predicate = true> <Delay = 0.67> <CoreInst = "RAM">   --->   Core 82 'RAM' <Latency = 1> <II = 1> <Delay = 0.67> <Storage> <Opcode : 'load' 'store'> <Ports = 2> <Width = 8> <Depth = 48> <RAM>
ST_2 : Operation 196 [1/1] ( I:0.67ns O:0.67ns )   --->   "%store_ln28 = store i8 %tmp_82, i6 %row_bytes_12_addr_1" [../src/grayscale.cpp:28]   --->   Operation 196 'store' 'store_ln28' <Predicate = true> <Delay = 0.67> <CoreInst = "RAM">   --->   Core 82 'RAM' <Latency = 1> <II = 1> <Delay = 0.67> <Storage> <Opcode : 'load' 'store'> <Ports = 2> <Width = 8> <Depth = 48> <RAM>
ST_2 : Operation 197 [1/1] ( I:0.67ns O:0.67ns )   --->   "%store_ln28 = store i8 %tmp_83, i6 %row_bytes_13_addr_1" [../src/grayscale.cpp:28]   --->   Operation 197 'store' 'store_ln28' <Predicate = true> <Delay = 0.67> <CoreInst = "RAM">   --->   Core 82 'RAM' <Latency = 1> <II = 1> <Delay = 0.67> <Storage> <Opcode : 'load' 'store'> <Ports = 2> <Width = 8> <Depth = 48> <RAM>
ST_2 : Operation 198 [1/1] ( I:0.67ns O:0.67ns )   --->   "%store_ln28 = store i8 %tmp_84, i6 %row_bytes_14_addr_1" [../src/grayscale.cpp:28]   --->   Operation 198 'store' 'store_ln28' <Predicate = true> <Delay = 0.67> <CoreInst = "RAM">   --->   Core 82 'RAM' <Latency = 1> <II = 1> <Delay = 0.67> <Storage> <Opcode : 'load' 'store'> <Ports = 2> <Width = 8> <Depth = 48> <RAM>
ST_2 : Operation 199 [1/1] ( I:0.67ns O:0.67ns )   --->   "%store_ln28 = store i8 %tmp_85, i6 %row_bytes_15_addr_1" [../src/grayscale.cpp:28]   --->   Operation 199 'store' 'store_ln28' <Predicate = true> <Delay = 0.67> <CoreInst = "RAM">   --->   Core 82 'RAM' <Latency = 1> <II = 1> <Delay = 0.67> <Storage> <Opcode : 'load' 'store'> <Ports = 2> <Width = 8> <Depth = 48> <RAM>
ST_2 : Operation 200 [1/1] ( I:0.67ns O:0.67ns )   --->   "%store_ln28 = store i8 %tmp_86, i6 %row_bytes_16_addr_1" [../src/grayscale.cpp:28]   --->   Operation 200 'store' 'store_ln28' <Predicate = true> <Delay = 0.67> <CoreInst = "RAM">   --->   Core 82 'RAM' <Latency = 1> <II = 1> <Delay = 0.67> <Storage> <Opcode : 'load' 'store'> <Ports = 2> <Width = 8> <Depth = 48> <RAM>
ST_2 : Operation 201 [1/1] ( I:0.67ns O:0.67ns )   --->   "%store_ln28 = store i8 %tmp_87, i6 %row_bytes_17_addr_1" [../src/grayscale.cpp:28]   --->   Operation 201 'store' 'store_ln28' <Predicate = true> <Delay = 0.67> <CoreInst = "RAM">   --->   Core 82 'RAM' <Latency = 1> <II = 1> <Delay = 0.67> <Storage> <Opcode : 'load' 'store'> <Ports = 2> <Width = 8> <Depth = 48> <RAM>
ST_2 : Operation 202 [1/1] ( I:0.67ns O:0.67ns )   --->   "%store_ln28 = store i8 %tmp_88, i6 %row_bytes_18_addr_1" [../src/grayscale.cpp:28]   --->   Operation 202 'store' 'store_ln28' <Predicate = true> <Delay = 0.67> <CoreInst = "RAM">   --->   Core 82 'RAM' <Latency = 1> <II = 1> <Delay = 0.67> <Storage> <Opcode : 'load' 'store'> <Ports = 2> <Width = 8> <Depth = 48> <RAM>
ST_2 : Operation 203 [1/1] ( I:0.67ns O:0.67ns )   --->   "%store_ln28 = store i8 %tmp_89, i6 %row_bytes_19_addr_1" [../src/grayscale.cpp:28]   --->   Operation 203 'store' 'store_ln28' <Predicate = true> <Delay = 0.67> <CoreInst = "RAM">   --->   Core 82 'RAM' <Latency = 1> <II = 1> <Delay = 0.67> <Storage> <Opcode : 'load' 'store'> <Ports = 2> <Width = 8> <Depth = 48> <RAM>
ST_2 : Operation 204 [1/1] ( I:0.67ns O:0.67ns )   --->   "%store_ln28 = store i8 %tmp_90, i6 %row_bytes_20_addr_1" [../src/grayscale.cpp:28]   --->   Operation 204 'store' 'store_ln28' <Predicate = true> <Delay = 0.67> <CoreInst = "RAM">   --->   Core 82 'RAM' <Latency = 1> <II = 1> <Delay = 0.67> <Storage> <Opcode : 'load' 'store'> <Ports = 2> <Width = 8> <Depth = 48> <RAM>
ST_2 : Operation 205 [1/1] ( I:0.67ns O:0.67ns )   --->   "%store_ln28 = store i8 %tmp_91, i6 %row_bytes_21_addr_1" [../src/grayscale.cpp:28]   --->   Operation 205 'store' 'store_ln28' <Predicate = true> <Delay = 0.67> <CoreInst = "RAM">   --->   Core 82 'RAM' <Latency = 1> <II = 1> <Delay = 0.67> <Storage> <Opcode : 'load' 'store'> <Ports = 2> <Width = 8> <Depth = 48> <RAM>
ST_2 : Operation 206 [1/1] ( I:0.67ns O:0.67ns )   --->   "%store_ln28 = store i8 %tmp_92, i6 %row_bytes_22_addr_1" [../src/grayscale.cpp:28]   --->   Operation 206 'store' 'store_ln28' <Predicate = true> <Delay = 0.67> <CoreInst = "RAM">   --->   Core 82 'RAM' <Latency = 1> <II = 1> <Delay = 0.67> <Storage> <Opcode : 'load' 'store'> <Ports = 2> <Width = 8> <Depth = 48> <RAM>
ST_2 : Operation 207 [1/1] ( I:0.67ns O:0.67ns )   --->   "%store_ln28 = store i8 %tmp_93, i6 %row_bytes_23_addr_1" [../src/grayscale.cpp:28]   --->   Operation 207 'store' 'store_ln28' <Predicate = true> <Delay = 0.67> <CoreInst = "RAM">   --->   Core 82 'RAM' <Latency = 1> <II = 1> <Delay = 0.67> <Storage> <Opcode : 'load' 'store'> <Ports = 2> <Width = 8> <Depth = 48> <RAM>
ST_2 : Operation 208 [1/1] ( I:0.67ns O:0.67ns )   --->   "%store_ln28 = store i8 %tmp_94, i6 %row_bytes_24_addr_1" [../src/grayscale.cpp:28]   --->   Operation 208 'store' 'store_ln28' <Predicate = true> <Delay = 0.67> <CoreInst = "RAM">   --->   Core 82 'RAM' <Latency = 1> <II = 1> <Delay = 0.67> <Storage> <Opcode : 'load' 'store'> <Ports = 2> <Width = 8> <Depth = 48> <RAM>
ST_2 : Operation 209 [1/1] ( I:0.67ns O:0.67ns )   --->   "%store_ln28 = store i8 %tmp_95, i6 %row_bytes_25_addr_1" [../src/grayscale.cpp:28]   --->   Operation 209 'store' 'store_ln28' <Predicate = true> <Delay = 0.67> <CoreInst = "RAM">   --->   Core 82 'RAM' <Latency = 1> <II = 1> <Delay = 0.67> <Storage> <Opcode : 'load' 'store'> <Ports = 2> <Width = 8> <Depth = 48> <RAM>
ST_2 : Operation 210 [1/1] ( I:0.67ns O:0.67ns )   --->   "%store_ln28 = store i8 %tmp_96, i6 %row_bytes_26_addr_1" [../src/grayscale.cpp:28]   --->   Operation 210 'store' 'store_ln28' <Predicate = true> <Delay = 0.67> <CoreInst = "RAM">   --->   Core 82 'RAM' <Latency = 1> <II = 1> <Delay = 0.67> <Storage> <Opcode : 'load' 'store'> <Ports = 2> <Width = 8> <Depth = 48> <RAM>
ST_2 : Operation 211 [1/1] ( I:0.67ns O:0.67ns )   --->   "%store_ln28 = store i8 %tmp_97, i6 %row_bytes_27_addr_1" [../src/grayscale.cpp:28]   --->   Operation 211 'store' 'store_ln28' <Predicate = true> <Delay = 0.67> <CoreInst = "RAM">   --->   Core 82 'RAM' <Latency = 1> <II = 1> <Delay = 0.67> <Storage> <Opcode : 'load' 'store'> <Ports = 2> <Width = 8> <Depth = 48> <RAM>
ST_2 : Operation 212 [1/1] ( I:0.67ns O:0.67ns )   --->   "%store_ln28 = store i8 %tmp_98, i6 %row_bytes_28_addr_1" [../src/grayscale.cpp:28]   --->   Operation 212 'store' 'store_ln28' <Predicate = true> <Delay = 0.67> <CoreInst = "RAM">   --->   Core 82 'RAM' <Latency = 1> <II = 1> <Delay = 0.67> <Storage> <Opcode : 'load' 'store'> <Ports = 2> <Width = 8> <Depth = 48> <RAM>
ST_2 : Operation 213 [1/1] ( I:0.67ns O:0.67ns )   --->   "%store_ln28 = store i8 %tmp_99, i6 %row_bytes_29_addr_1" [../src/grayscale.cpp:28]   --->   Operation 213 'store' 'store_ln28' <Predicate = true> <Delay = 0.67> <CoreInst = "RAM">   --->   Core 82 'RAM' <Latency = 1> <II = 1> <Delay = 0.67> <Storage> <Opcode : 'load' 'store'> <Ports = 2> <Width = 8> <Depth = 48> <RAM>
ST_2 : Operation 214 [1/1] ( I:0.67ns O:0.67ns )   --->   "%store_ln28 = store i8 %tmp_100, i6 %row_bytes_30_addr_1" [../src/grayscale.cpp:28]   --->   Operation 214 'store' 'store_ln28' <Predicate = true> <Delay = 0.67> <CoreInst = "RAM">   --->   Core 82 'RAM' <Latency = 1> <II = 1> <Delay = 0.67> <Storage> <Opcode : 'load' 'store'> <Ports = 2> <Width = 8> <Depth = 48> <RAM>
ST_2 : Operation 215 [1/1] ( I:0.67ns O:0.67ns )   --->   "%store_ln28 = store i8 %tmp_101, i6 %row_bytes_31_addr_1" [../src/grayscale.cpp:28]   --->   Operation 215 'store' 'store_ln28' <Predicate = true> <Delay = 0.67> <CoreInst = "RAM">   --->   Core 82 'RAM' <Latency = 1> <II = 1> <Delay = 0.67> <Storage> <Opcode : 'load' 'store'> <Ports = 2> <Width = 8> <Depth = 48> <RAM>
ST_2 : Operation 216 [1/1] (0.00ns)   --->   "%br_ln24 = br void %VITIS_LOOP_26_2" [../src/grayscale.cpp:24]   --->   Operation 216 'br' 'br_ln24' <Predicate = true> <Delay = 0.00>


============================================================
+ Verbose Summary: Timing violations
============================================================
Target clock period: 5.000ns, clock uncertainty: 1.350ns.

 <State 1>: 1.664ns
The critical path consists of the following:
	'store' operation ('store_ln24', ../src/grayscale.cpp:24) of constant 0 5 bit on local variable 'w', ../src/grayscale.cpp:24 [35]  (0.427 ns)
	'load' operation 5 bit ('w', ../src/grayscale.cpp:24) on local variable 'w', ../src/grayscale.cpp:24 [38]  (0.000 ns)
	'getelementptr' operation 5 bit ('row_words_addr', ../src/grayscale.cpp:28) [47]  (0.000 ns)
	'load' operation 512 bit ('row_words_load', ../src/grayscale.cpp:28) on array 'row_words' [48]  (1.237 ns)

 <State 2>: 1.914ns
The critical path consists of the following:
	'load' operation 512 bit ('row_words_load', ../src/grayscale.cpp:28) on array 'row_words' [48]  (1.237 ns)
	'store' operation ('store_ln28', ../src/grayscale.cpp:28) of variable 'trunc_ln28', ../src/grayscale.cpp:28 8 bit on array 'row_bytes' [181]  (0.677 ns)


============================================================
+ Verbose Summary: Binding
============================================================
N/A
* FSMD analyzer results:
  - Output states:
 - Input state : 
  - Chain level:
	State 1
	State 2


============================================================
+ Verbose Summary: Datapath Resource usage 
============================================================
N/A
