

================================================================
== Vitis HLS Report for 'grayscale'
================================================================
* Date:           Thu Jul 30 19:40:23 2026

* Version:        2025.2 (Build 6295257 on Nov 14 2025)
* Project:        canny_top
* Solution:       hls (Vitis Kernel Flow Target)
* Product family: zynquplus
* Target device:  xck26-sfvc784-2LV-c


================================================================
== Performance Estimates
================================================================
+ Timing: 
    * Summary: 
    +--------+---------+----------+------------+
    |  Clock |  Target | Estimated| Uncertainty|
    +--------+---------+----------+------------+
    |ap_clk  |  5.00 ns|  3.650 ns|     1.35 ns|
    +--------+---------+----------+------------+

+ Latency: 
    * Summary: 
    +---------+---------+-----------+-----------+------+------+---------+
    |  Latency (cycles) |   Latency (absolute)  |   Interval  | Pipeline|
    |   min   |   max   |    min    |    max    |  min |  max |   Type  |
    +---------+---------+-----------+-----------+------+------+---------+
    |     2132|     2132|  10.660 us|  10.660 us|  2132|  2132|       no|
    +---------+---------+-----------+-----------+------+------+---------+

    + Detail: 
        * Instance: 
        N/A

        * Loop: 
        N/A

============================================================
+ Verbose Summary: Synthesis Manager
============================================================
InlineROM: 1
ExposeGlobal: 0
============================================================
+ Verbose Summary: CDFG Model
============================================================
IsTopModel: 0
ResetActiveHigh: 1
IsCombinational: 2
IsDatapathOnly: 0
HasWiredReturn: 1
HasMFsm: 0
HasVarLatency: 1
IsPipeline: 0
IsRtlPipelined: 0
IsInstanceOverlapped: 0
IsDontTouch: 0
HasImplIP: 0
IsGatedGlobalClock: 0


============================================================
+ Verbose Summary: Schedule
============================================================
* Number of FSM states : 5
* Pipeline : 0
* Dataflow Pipeline: 0

* FSM state transitions: 
1 --> 2 
2 --> 3 
3 --> 4 
4 --> 5 
5 --> 

* FSM state operations: 

State 1 <SV = 0> <Delay = 1.82>
ST_1 : Operation 6 [1/1] (1.82ns)   --->   "%p_read_8 = read i18 @_ssdm_op_Read.ap_auto.i18, i18 %p_read"   --->   Operation 6 'read' 'p_read_8' <Predicate = true> <Delay = 1.82> <CoreInst = "FIFO_SRL">   --->   Core 80 'FIFO_SRL' <Latency = 0> <II = 1> <Delay = 1.83> <Storage> <Opcode : 'read' 'write' 'nbread' 'nbwrite'> <Ports = 0> <Width = 18> <Depth = 2> <FIFO>
ST_1 : Operation 7 [1/1] (0.00ns)   --->   "%local_blue = alloca i64 1" [../src/grayscale.cpp:18->../src/canny_top.cpp:28]   --->   Operation 7 'alloca' 'local_blue' <Predicate = true> <Delay = 0.00>
ST_1 : Operation 8 [1/1] (0.00ns)   --->   "%local_green = alloca i64 1" [../src/grayscale.cpp:18->../src/canny_top.cpp:28]   --->   Operation 8 'alloca' 'local_green' <Predicate = true> <Delay = 0.00>
ST_1 : Operation 9 [1/1] (0.00ns)   --->   "%local_red = alloca i64 1" [../src/grayscale.cpp:18->../src/canny_top.cpp:28]   --->   Operation 9 'alloca' 'local_red' <Predicate = true> <Delay = 0.00>

State 2 <SV = 1> <Delay = 3.06>
ST_2 : Operation 10 [1/1] (0.00ns)   --->   "%in_read = read i64 @_ssdm_op_Read.ap_auto.i64, i64 %in_r"   --->   Operation 10 'read' 'in_read' <Predicate = true> <Delay = 0.00>
ST_2 : Operation 11 [1/1] (0.00ns)   --->   "%zext_ln6 = zext i18 %p_read_8" [../src/grayscale.cpp:6->../src/canny_top.cpp:28]   --->   Operation 11 'zext' 'zext_ln6' <Predicate = true> <Delay = 0.00>
ST_2 : Operation 12 [1/1] (0.00ns)   --->   "%p_shl = bitconcatenate i20 @_ssdm_op_BitConcatenate.i20.i18.i2, i18 %p_read_8, i2 0"   --->   Operation 12 'bitconcatenate' 'p_shl' <Predicate = true> <Delay = 0.00>
ST_2 : Operation 13 [1/1] (0.89ns)   --->   "%empty = sub i20 %p_shl, i20 %zext_ln6" [../src/grayscale.cpp:6->../src/canny_top.cpp:28]   --->   Operation 13 'sub' 'empty' <Predicate = true> <Delay = 0.89> <CoreInst = "Adder">   --->   Core 1 'Adder' <Latency = 0> <II = 1> <Delay = 0.89> <FuncUnit> <Opcode : 'add' 'sub'> <InPorts = 2> <OutPorts = 1>
ST_2 : Operation 14 [1/1] (0.00ns)   --->   "%p_cast9 = zext i20 %empty" [../src/grayscale.cpp:6->../src/canny_top.cpp:28]   --->   Operation 14 'zext' 'p_cast9' <Predicate = true> <Delay = 0.00>
ST_2 : Operation 15 [1/1] (1.08ns)   --->   "%empty_97 = add i64 %p_cast9, i64 %in_read" [../src/grayscale.cpp:6->../src/canny_top.cpp:28]   --->   Operation 15 'add' 'empty_97' <Predicate = true> <Delay = 1.08> <CoreInst = "Adder">   --->   Core 1 'Adder' <Latency = 0> <II = 1> <Delay = 1.08> <FuncUnit> <Opcode : 'add' 'sub'> <InPorts = 2> <OutPorts = 1>
ST_2 : Operation 16 [2/2] (1.08ns)   --->   "%call_ln6 = call void @grayscale_Pipeline_1, i64 %empty_97, i512 %gmem, i8 %local_blue, i8 %local_green, i8 %local_red" [../src/grayscale.cpp:6->../src/canny_top.cpp:28]   --->   Operation 16 'call' 'call_ln6' <Predicate = true> <Delay = 1.08> <CoreType = "Generic">   --->   Generic Core

State 3 <SV = 2> <Delay = 0.00>
ST_3 : Operation 17 [1/2] (0.00ns)   --->   "%call_ln6 = call void @grayscale_Pipeline_1, i64 %empty_97, i512 %gmem, i8 %local_blue, i8 %local_green, i8 %local_red" [../src/grayscale.cpp:6->../src/canny_top.cpp:28]   --->   Operation 17 'call' 'call_ln6' <Predicate = true> <Delay = 0.00> <CoreType = "Generic">   --->   Generic Core

State 4 <SV = 3> <Delay = 0.00>
ST_4 : Operation 18 [2/2] (0.00ns)   --->   "%call_ln0 = call void @grayscale_Pipeline_VITIS_LOOP_22_1, i8 %local_blue, i8 %local_green, i8 %local_red, i8 %out_grayscale"   --->   Operation 18 'call' 'call_ln0' <Predicate = true> <Delay = 0.00> <CoreType = "Generic">   --->   Generic Core

State 5 <SV = 4> <Delay = 0.00>
ST_5 : Operation 19 [1/1] (0.00ns)   --->   "%specstablecontent_ln0 = specstablecontent void @_ssdm_op_SpecStableContent, i64 %in_r, i1 1, void @p_str"   --->   Operation 19 'specstablecontent' 'specstablecontent_ln0' <Predicate = true> <Delay = 0.00>
ST_5 : Operation 20 [1/1] (0.00ns)   --->   "%specinterface_ln0 = specinterface void @_ssdm_op_SpecInterface, i512 %gmem, void @empty_17, i32 0, i32 0, void @empty_14, i32 64, i32 0, void @empty_21, void @empty_13, void @empty_14, i32 16, i32 16, i32 16, i32 16, void @empty_14, void @empty_14, i32 4294967295, i32 0, i32 0, i32 64"   --->   Operation 20 'specinterface' 'specinterface_ln0' <Predicate = true> <Delay = 0.00>
ST_5 : Operation 21 [1/2] (0.00ns)   --->   "%call_ln0 = call void @grayscale_Pipeline_VITIS_LOOP_22_1, i8 %local_blue, i8 %local_green, i8 %local_red, i8 %out_grayscale"   --->   Operation 21 'call' 'call_ln0' <Predicate = true> <Delay = 0.00> <CoreType = "Generic">   --->   Generic Core
ST_5 : Operation 22 [1/1] (0.00ns)   --->   "%ret_ln0 = ret"   --->   Operation 22 'ret' 'ret_ln0' <Predicate = true> <Delay = 0.00>


============================================================
+ Verbose Summary: Timing violations
============================================================
Target clock period: 5.000ns, clock uncertainty: 1.350ns.

 <State 1>: 1.825ns
The critical path consists of the following:
	wire read operation ('p_read_8') on port 'p_read' [8]  (1.825 ns)

 <State 2>: 3.064ns
The critical path consists of the following:
	'sub' operation 20 bit ('empty', ../src/grayscale.cpp:6->../src/canny_top.cpp:28) [14]  (0.894 ns)
	'add' operation 64 bit ('empty_97', ../src/grayscale.cpp:6->../src/canny_top.cpp:28) [16]  (1.085 ns)
	'call' operation ('call_ln6', ../src/grayscale.cpp:6->../src/canny_top.cpp:28) to 'grayscale_Pipeline_1' [17]  (1.085 ns)

 <State 3>: 0.000ns
The critical path consists of the following:

 <State 4>: 0.000ns
The critical path consists of the following:

 <State 5>: 0.000ns
The critical path consists of the following:


============================================================
+ Verbose Summary: Binding
============================================================
N/A
* FSMD analyzer results:
  - Output states:
 - Input state : 
  - Chain level:
	State 1
	State 2
	State 3
	State 4
	State 5


============================================================
+ Verbose Summary: Datapath Resource usage 
============================================================
N/A
