

================================================================
== Vitis HLS Report for 'grayscale_Pipeline_burst_read'
================================================================
* Date:           Sat Aug  1 17:30:24 2026

* Version:        2025.2 (Build 6295257 on Nov 14 2025)
* Project:        canny_top
* Solution:       hls (Vitis Kernel Flow Target)
* Product family: zynquplus
* Target device:  xck26-sfvc784-2LV-c


================================================================
== Performance Estimates
================================================================
+ Timing: 
    * Summary: 
    +--------+---------+----------+------------+
    |  Clock |  Target | Estimated| Uncertainty|
    +--------+---------+----------+------------+
    |ap_clk  |  5.00 ns|  3.650 ns|     1.35 ns|
    +--------+---------+----------+------------+

+ Latency: 
    * Summary: 
    +---------+---------+----------+----------+-----+-----+-------------------+
    |  Latency (cycles) |  Latency (absolute) |  Interval |      Pipeline     |
    |   min   |   max   |    min   |    max   | min | max |        Type       |
    +---------+---------+----------+----------+-----+-----+-------------------+
    |       33|       33|  0.165 us|  0.165 us|    0|    0|  loop pipeline stp|
    +---------+---------+----------+----------+-----+-----+-------------------+

    + Detail: 
        * Instance: 
        N/A

        * Loop: 
        +--------------+---------+---------+----------+-----------+-----------+------+----------+
        |              |  Latency (cycles) | Iteration|  Initiation Interval  | Trip |          |
        |   Loop Name  |   min   |   max   |  Latency |  achieved |   target  | Count| Pipelined|
        +--------------+---------+---------+----------+-----------+-----------+------+----------+
        |- burst_read  |       31|       31|         3|          1|          1|    30|       yes|
        +--------------+---------+---------+----------+-----------+-----------+------+----------+

============================================================
+ Verbose Summary: Synthesis Manager
============================================================
InlineROM: 1
ExposeGlobal: 0
============================================================
+ Verbose Summary: CDFG Model
============================================================
IsTopModel: 0
ResetActiveHigh: 1
IsCombinational: 0
IsDatapathOnly: 0
HasWiredReturn: 1
HasMFsm: 2
HasVarLatency: 1
IsPipeline: 0
IsRtlPipelined: 0
IsInstanceOverlapped: 0
IsDontTouch: 0
HasImplIP: 0
IsGatedGlobalClock: 0

+ Individual pipeline summary: 
  * Pipeline-0: initiation interval (II) = 1, depth = 3


============================================================
+ Verbose Summary: Schedule
============================================================
* Number of FSM states : 3
* Pipeline : 1
  Pipeline-0 : II = 1, D = 3, States = { 1 2 3 }
* Dataflow Pipeline: 0

* FSM state transitions: 
1 --> 2 
2 --> 3 
3 --> 

* FSM state operations: 

State 1 <SV = 0> <Delay = 1.64>
ST_1 : Operation 6 [1/1] (0.00ns)   --->   "%w = alloca i32 1" [../src/grayscale.cpp:17]   --->   Operation 6 'alloca' 'w' <Predicate = true> <Delay = 0.00>
ST_1 : Operation 7 [1/1] (0.00ns)   --->   "%specinterface_ln0 = specinterface void @_ssdm_op_SpecInterface, i512 %gmem0, void @empty_0, i32 0, i32 0, void @empty_4, i32 64, i32 1536, void @empty_5, void @empty_11, void @empty_4, i32 4, i32 16, i32 32, i32 16, void @empty_4, void @empty_4, i32 4294967295, i32 0, i32 0, i32 64"   --->   Operation 7 'specinterface' 'specinterface_ln0' <Predicate = true> <Delay = 0.00>
ST_1 : Operation 8 [1/1] (0.42ns)   --->   "%store_ln17 = store i5 0, i5 %w" [../src/grayscale.cpp:17]   --->   Operation 8 'store' 'store_ln17' <Predicate = true> <Delay = 0.42>
ST_1 : Operation 9 [1/1] (0.00ns)   --->   "%br_ln0 = br void %for.inc"   --->   Operation 9 'br' 'br_ln0' <Predicate = true> <Delay = 0.00>
ST_1 : Operation 10 [1/1] (0.00ns)   --->   "%w_2 = load i5 %w" [../src/grayscale.cpp:17]   --->   Operation 10 'load' 'w_2' <Predicate = true> <Delay = 0.00>
ST_1 : Operation 11 [1/1] (0.78ns)   --->   "%icmp_ln17 = icmp_eq  i5 %w_2, i5 30" [../src/grayscale.cpp:17]   --->   Operation 11 'icmp' 'icmp_ln17' <Predicate = true> <Delay = 0.78> <CoreInst = "Cmp">   --->   Core 9 'Cmp' <Latency = 0> <II = 1> <Delay = 0.78> <FuncUnit> <Opcode : 'seteq' 'setne' 'setle' 'setge' 'setlt' 'setgt'> <InPorts = 2> <OutPorts = 1>
ST_1 : Operation 12 [1/1] (0.78ns)   --->   "%add_ln17 = add i5 %w_2, i5 1" [../src/grayscale.cpp:17]   --->   Operation 12 'add' 'add_ln17' <Predicate = true> <Delay = 0.78> <CoreInst = "Adder">   --->   Core 1 'Adder' <Latency = 0> <II = 1> <Delay = 0.78> <FuncUnit> <Opcode : 'add' 'sub'> <InPorts = 2> <OutPorts = 1>
ST_1 : Operation 13 [1/1] (0.00ns)   --->   "%br_ln17 = br i1 %icmp_ln17, void %for.inc.split, void %VITIS_LOOP_26_2.preheader.exitStub" [../src/grayscale.cpp:17]   --->   Operation 13 'br' 'br_ln17' <Predicate = true> <Delay = 0.00>
ST_1 : Operation 14 [1/1] (0.42ns)   --->   "%store_ln17 = store i5 %add_ln17, i5 %w" [../src/grayscale.cpp:17]   --->   Operation 14 'store' 'store_ln17' <Predicate = (!icmp_ln17)> <Delay = 0.42>

State 2 <SV = 1> <Delay = 3.65>
ST_2 : Operation 15 [1/1] ( I:3.65ns O:3.65ns )   --->   "%gmem0_read = read i512 @_ssdm_op_Read.m_axi.i512.p1i512, i512 %gmem0" [../src/grayscale.cpp:19]   --->   Operation 15 'read' 'gmem0_read' <Predicate = true> <Delay = 3.65> <CoreInst = "m_axi">   --->   Core 119 'm_axi' <Latency = 3> <II = 1> <Delay = 1.00> <Adapter> <Opcode : 'readrequnaligned' 'writerequnaligned' 'read' 'write' 'readreq' 'writereq' 'writeresp'>
ST_2 : Operation 23 [1/1] (0.42ns)   --->   "%ret_ln0 = ret"   --->   Operation 23 'ret' 'ret_ln0' <Predicate = (icmp_ln17)> <Delay = 0.42>

State 3 <SV = 2> <Delay = 1.23>
ST_3 : Operation 16 [1/1] (0.00ns)   --->   "%zext_ln17 = zext i5 %w_2" [../src/grayscale.cpp:17]   --->   Operation 16 'zext' 'zext_ln17' <Predicate = true> <Delay = 0.00>
ST_3 : Operation 17 [1/1] (0.00ns)   --->   "%specpipeline_ln18 = specpipeline void @_ssdm_op_SpecPipeline, i32 1, i32 0, i32 0, i32 0, i32 4294967295, void @empty_4" [../src/grayscale.cpp:18]   --->   Operation 17 'specpipeline' 'specpipeline_ln18' <Predicate = true> <Delay = 0.00>
ST_3 : Operation 18 [1/1] (0.00ns)   --->   "%speclooptripcount_ln17 = speclooptripcount void @_ssdm_op_SpecLoopTripCount, i64 30, i64 30, i64 30" [../src/grayscale.cpp:17]   --->   Operation 18 'speclooptripcount' 'speclooptripcount_ln17' <Predicate = true> <Delay = 0.00>
ST_3 : Operation 19 [1/1] (0.00ns)   --->   "%specloopname_ln17 = specloopname void @_ssdm_op_SpecLoopName, void @empty_17" [../src/grayscale.cpp:17]   --->   Operation 19 'specloopname' 'specloopname_ln17' <Predicate = true> <Delay = 0.00>
ST_3 : Operation 20 [1/1] (0.00ns)   --->   "%row_words_addr = getelementptr i512 %row_words, i64 0, i64 %zext_ln17" [../src/grayscale.cpp:19]   --->   Operation 20 'getelementptr' 'row_words_addr' <Predicate = true> <Delay = 0.00>
ST_3 : Operation 21 [1/1] ( I:1.23ns O:1.23ns )   --->   "%store_ln19 = store i512 %gmem0_read, i5 %row_words_addr" [../src/grayscale.cpp:19]   --->   Operation 21 'store' 'store_ln19' <Predicate = true> <Delay = 1.23> <CoreInst = "RAM">   --->   Core 82 'RAM' <Latency = 1> <II = 1> <Delay = 1.23> <Storage> <Opcode : 'load' 'store'> <Ports = 2> <Width = 512> <Depth = 30> <RAM>
ST_3 : Operation 22 [1/1] (0.00ns)   --->   "%br_ln17 = br void %for.inc" [../src/grayscale.cpp:17]   --->   Operation 22 'br' 'br_ln17' <Predicate = true> <Delay = 0.00>


============================================================
+ Verbose Summary: Binding
============================================================
STG Binding: 
---------------- STG Properties BEGIN ----------------
- Is combinational: 0
- Is one-state seq: 0
- Is datapath-only: 0
- Is pipelined: 0
- Is top level: 0
Port [ Return ] is wired: 1; IO mode=ap_ctrl_hs:ce=0
Port [ gmem0]:  wired=1; compound=1; hidden=0; nouse=0; global=0; static=0; extern=0; dir=0; type=4; pingpong=0; private_global=0; IO mode=m_axi:ce=0
Port [ row_words]:  wired=1; compound=1; hidden=0; nouse=0; global=0; static=0; extern=0; dir=1; type=1; pingpong=0; private_global=0; MemPort=[03]; IO mode=ap_memory:ce=0
---------------- STG Properties END ------------------

---------------- Datapath Model BEGIN ----------------

<LifeTime>
<method=bitvector/>
w                      (alloca           ) [ 0100]
specinterface_ln0      (specinterface    ) [ 0000]
store_ln17             (store            ) [ 0000]
br_ln0                 (br               ) [ 0000]
w_2                    (load             ) [ 0111]
icmp_ln17              (icmp             ) [ 0110]
add_ln17               (add              ) [ 0000]
br_ln17                (br               ) [ 0000]
store_ln17             (store            ) [ 0000]
gmem0_read             (read             ) [ 0101]
zext_ln17              (zext             ) [ 0000]
specpipeline_ln18      (specpipeline     ) [ 0000]
speclooptripcount_ln17 (speclooptripcount) [ 0000]
specloopname_ln17      (specloopname     ) [ 0000]
row_words_addr         (getelementptr    ) [ 0000]
store_ln19             (store            ) [ 0000]
br_ln17                (br               ) [ 0000]
ret_ln0                (ret              ) [ 0000]
</LifeTime>

<model>

<comp_list>
<comp id="0" class="1000" name="gmem0">
<pin_list>
<pin id="1" dir="1" index="0" bw="1" slack="0"/>
</pin_list>
<bind>
<StgValue><ssdm name="gmem0"/><MemPortTyVec>0 </MemPortTyVec>
</StgValue>
</bind>
</comp>

<comp id="2" class="1000" name="row_words">
<pin_list>
<pin id="3" dir="1" index="0" bw="1" slack="0"/>
</pin_list>
<bind>
<StgValue><ssdm name="row_words"/><MemPortTyVec>0 3 </MemPortTyVec>
</StgValue>
</bind>
</comp>

<comp id="4" class="1001" name="const_4">
<pin_list>
<pin id="5" dir="1" index="0" bw="1" slack="0"/>
</pin_list>
<bind>
<StgValue><ssdm name=""/></StgValue>
</bind>
</comp>

<comp id="6" class="1001" name="const_6">
<pin_list>
<pin id="7" dir="1" index="0" bw="1" slack="2147483647"/>
</pin_list>
<bind>
<StgValue><ssdm name="_ssdm_op_SpecInterface"/></StgValue>
</bind>
</comp>

<comp id="8" class="1001" name="const_8">
<pin_list>
<pin id="9" dir="1" index="0" bw="1" slack="2147483647"/>
</pin_list>
<bind>
<StgValue><ssdm name="empty_0"/></StgValue>
</bind>
</comp>

<comp id="10" class="1001" name="const_10">
<pin_list>
<pin id="11" dir="1" index="0" bw="1" slack="2147483647"/>
</pin_list>
<bind>
<StgValue><ssdm name=""/></StgValue>
</bind>
</comp>

<comp id="12" class="1001" name="const_12">
<pin_list>
<pin id="13" dir="1" index="0" bw="1" slack="2147483647"/>
</pin_list>
<bind>
<StgValue><ssdm name="empty_4"/></StgValue>
</bind>
</comp>

<comp id="14" class="1001" name="const_14">
<pin_list>
<pin id="15" dir="1" index="0" bw="1" slack="2147483647"/>
</pin_list>
<bind>
<StgValue><ssdm name=""/></StgValue>
</bind>
</comp>

<comp id="16" class="1001" name="const_16">
<pin_list>
<pin id="17" dir="1" index="0" bw="1" slack="2147483647"/>
</pin_list>
<bind>
<StgValue><ssdm name=""/></StgValue>
</bind>
</comp>

<comp id="18" class="1001" name="const_18">
<pin_list>
<pin id="19" dir="1" index="0" bw="1" slack="2147483647"/>
</pin_list>
<bind>
<StgValue><ssdm name="empty_5"/></StgValue>
</bind>
</comp>

<comp id="20" class="1001" name="const_20">
<pin_list>
<pin id="21" dir="1" index="0" bw="1" slack="2147483647"/>
</pin_list>
<bind>
<StgValue><ssdm name="empty_11"/></StgValue>
</bind>
</comp>

<comp id="22" class="1001" name="const_22">
<pin_list>
<pin id="23" dir="1" index="0" bw="1" slack="2147483647"/>
</pin_list>
<bind>
<StgValue><ssdm name=""/></StgValue>
</bind>
</comp>

<comp id="24" class="1001" name="const_24">
<pin_list>
<pin id="25" dir="1" index="0" bw="1" slack="2147483647"/>
</pin_list>
<bind>
<StgValue><ssdm name=""/></StgValue>
</bind>
</comp>

<comp id="26" class="1001" name="const_26">
<pin_list>
<pin id="27" dir="1" index="0" bw="1" slack="2147483647"/>
</pin_list>
<bind>
<StgValue><ssdm name=""/></StgValue>
</bind>
</comp>

<comp id="28" class="1001" name="const_28">
<pin_list>
<pin id="29" dir="1" index="0" bw="1" slack="2147483647"/>
</pin_list>
<bind>
<StgValue><ssdm name=""/></StgValue>
</bind>
</comp>

<comp id="30" class="1001" name="const_30">
<pin_list>
<pin id="31" dir="1" index="0" bw="1" slack="0"/>
</pin_list>
<bind>
<StgValue><ssdm name=""/></StgValue>
</bind>
</comp>

<comp id="32" class="1001" name="const_32">
<pin_list>
<pin id="33" dir="1" index="0" bw="1" slack="0"/>
</pin_list>
<bind>
<StgValue><ssdm name=""/></StgValue>
</bind>
</comp>

<comp id="34" class="1001" name="const_34">
<pin_list>
<pin id="35" dir="1" index="0" bw="1" slack="0"/>
</pin_list>
<bind>
<StgValue><ssdm name=""/></StgValue>
</bind>
</comp>

<comp id="36" class="1001" name="const_36">
<pin_list>
<pin id="37" dir="1" index="0" bw="1" slack="0"/>
</pin_list>
<bind>
<StgValue><ssdm name="_ssdm_op_Read.m_axi.i512.p1i512"/></StgValue>
</bind>
</comp>

<comp id="38" class="1001" name="const_38">
<pin_list>
<pin id="39" dir="1" index="0" bw="1" slack="2147483647"/>
</pin_list>
<bind>
<StgValue><ssdm name="_ssdm_op_SpecPipeline"/></StgValue>
</bind>
</comp>

<comp id="40" class="1001" name="const_40">
<pin_list>
<pin id="41" dir="1" index="0" bw="1" slack="2147483647"/>
</pin_list>
<bind>
<StgValue><ssdm name="_ssdm_op_SpecLoopTripCount"/></StgValue>
</bind>
</comp>

<comp id="42" class="1001" name="const_42">
<pin_list>
<pin id="43" dir="1" index="0" bw="1" slack="2147483647"/>
</pin_list>
<bind>
<StgValue><ssdm name=""/></StgValue>
</bind>
</comp>

<comp id="44" class="1001" name="const_44">
<pin_list>
<pin id="45" dir="1" index="0" bw="1" slack="2147483647"/>
</pin_list>
<bind>
<StgValue><ssdm name="_ssdm_op_SpecLoopName"/></StgValue>
</bind>
</comp>

<comp id="46" class="1001" name="const_46">
<pin_list>
<pin id="47" dir="1" index="0" bw="1" slack="2147483647"/>
</pin_list>
<bind>
<StgValue><ssdm name="empty_17"/></StgValue>
</bind>
</comp>

<comp id="48" class="1001" name="const_48">
<pin_list>
<pin id="49" dir="1" index="0" bw="1" slack="0"/>
</pin_list>
<bind>
<StgValue><ssdm name=""/></StgValue>
</bind>
</comp>

<comp id="50" class="1004" name="w_fu_50">
<pin_list>
<pin id="51" dir="0" index="0" bw="1" slack="0"/>
<pin id="52" dir="1" index="1" bw="5" slack="0"/>
</pin_list>
<bind>
<opcode="alloca(26) " fcode="alloca"/>
<opset="w/1 "/>
</bind>
</comp>

<comp id="54" class="1004" name="row_words_addr_gep_fu_54">
<pin_list>
<pin id="55" dir="0" index="0" bw="512" slack="0"/>
<pin id="56" dir="0" index="1" bw="1" slack="0"/>
<pin id="57" dir="0" index="2" bw="5" slack="0"/>
<pin id="58" dir="1" index="3" bw="5" slack="0"/>
</pin_list>
<bind>
<opcode="getelementptr(29) " fcode="getelementptr"/>
<opset="row_words_addr/3 "/>
</bind>
</comp>

<comp id="61" class="1004" name="store_ln19_access_fu_61">
<pin_list>
<pin id="62" dir="0" index="0" bw="5" slack="0"/>
<pin id="63" dir="0" index="1" bw="512" slack="1"/>
<pin id="64" dir="0" index="2" bw="0" slack="2147483647"/>
<pin id="65" dir="1" index="3" bw="512" slack="2147483647"/>
</pin_list>
<bind>
<opcode="store(28) " fcode="store"/>
<opset="store_ln19/3 "/>
</bind>
</comp>

<comp id="67" class="1004" name="gmem0_read_read_fu_67">
<pin_list>
<pin id="68" dir="0" index="0" bw="512" slack="0"/>
<pin id="69" dir="0" index="1" bw="512" slack="0"/>
<pin id="70" dir="1" index="2" bw="512" slack="1"/>
</pin_list>
<bind>
<opcode="read(1150) " fcode="read"/>
<opset="gmem0_read/2 "/>
</bind>
</comp>

<comp id="73" class="1004" name="store_ln17_store_fu_73">
<pin_list>
<pin id="74" dir="0" index="0" bw="1" slack="0"/>
<pin id="75" dir="0" index="1" bw="5" slack="0"/>
<pin id="76" dir="1" index="2" bw="0" slack="2147483647"/>
</pin_list>
<bind>
<opcode="store(28) " fcode="store"/>
<opset="store_ln17/1 "/>
</bind>
</comp>

<comp id="78" class="1004" name="w_2_load_fu_78">
<pin_list>
<pin id="79" dir="0" index="0" bw="5" slack="0"/>
<pin id="80" dir="1" index="1" bw="5" slack="0"/>
</pin_list>
<bind>
<opcode="load(27) " fcode="load"/>
<opset="w_2/1 "/>
</bind>
</comp>

<comp id="81" class="1004" name="icmp_ln17_fu_81">
<pin_list>
<pin id="82" dir="0" index="0" bw="5" slack="0"/>
<pin id="83" dir="0" index="1" bw="2" slack="0"/>
<pin id="84" dir="1" index="2" bw="1" slack="1"/>
</pin_list>
<bind>
<opcode="icmp(45) " fcode="icmp"/>
<opset="icmp_ln17/1 "/>
</bind>
</comp>

<comp id="87" class="1004" name="add_ln17_fu_87">
<pin_list>
<pin id="88" dir="0" index="0" bw="5" slack="0"/>
<pin id="89" dir="0" index="1" bw="1" slack="0"/>
<pin id="90" dir="1" index="2" bw="5" slack="0"/>
</pin_list>
<bind>
<opcode="add(8) " fcode="add"/>
<opset="add_ln17/1 "/>
</bind>
</comp>

<comp id="93" class="1004" name="store_ln17_store_fu_93">
<pin_list>
<pin id="94" dir="0" index="0" bw="5" slack="0"/>
<pin id="95" dir="0" index="1" bw="5" slack="0"/>
<pin id="96" dir="1" index="2" bw="0" slack="2147483647"/>
</pin_list>
<bind>
<opcode="store(28) " fcode="store"/>
<opset="store_ln17/1 "/>
</bind>
</comp>

<comp id="98" class="1004" name="zext_ln17_fu_98">
<pin_list>
<pin id="99" dir="0" index="0" bw="5" slack="2"/>
<pin id="100" dir="1" index="1" bw="64" slack="0"/>
</pin_list>
<bind>
<opcode="zext(34) " fcode="zext"/>
<opset="zext_ln17/3 "/>
</bind>
</comp>

<comp id="102" class="1005" name="w_reg_102">
<pin_list>
<pin id="103" dir="0" index="0" bw="5" slack="0"/>
<pin id="104" dir="1" index="1" bw="5" slack="0"/>
</pin_list>
<bind>
<opset="w "/>
</bind>
</comp>

<comp id="109" class="1005" name="w_2_reg_109">
<pin_list>
<pin id="110" dir="0" index="0" bw="5" slack="2"/>
<pin id="111" dir="1" index="1" bw="5" slack="2"/>
</pin_list>
<bind>
<opset="w_2 "/>
</bind>
</comp>

<comp id="114" class="1005" name="icmp_ln17_reg_114">
<pin_list>
<pin id="115" dir="0" index="0" bw="1" slack="1"/>
<pin id="116" dir="1" index="1" bw="1" slack="2147483647"/>
</pin_list>
<bind>
<opset="icmp_ln17 "/>
</bind>
</comp>

<comp id="118" class="1005" name="gmem0_read_reg_118">
<pin_list>
<pin id="119" dir="0" index="0" bw="512" slack="1"/>
<pin id="120" dir="1" index="1" bw="512" slack="1"/>
</pin_list>
<bind>
<opset="gmem0_read "/>
</bind>
</comp>

</comp_list>

<net_list>
<net id="53"><net_src comp="4" pin="0"/><net_sink comp="50" pin=0"/></net>

<net id="59"><net_src comp="2" pin="0"/><net_sink comp="54" pin=0"/></net>

<net id="60"><net_src comp="48" pin="0"/><net_sink comp="54" pin=1"/></net>

<net id="66"><net_src comp="54" pin="3"/><net_sink comp="61" pin=0"/></net>

<net id="71"><net_src comp="36" pin="0"/><net_sink comp="67" pin=0"/></net>

<net id="72"><net_src comp="0" pin="0"/><net_sink comp="67" pin=1"/></net>

<net id="77"><net_src comp="30" pin="0"/><net_sink comp="73" pin=0"/></net>

<net id="85"><net_src comp="78" pin="1"/><net_sink comp="81" pin=0"/></net>

<net id="86"><net_src comp="32" pin="0"/><net_sink comp="81" pin=1"/></net>

<net id="91"><net_src comp="78" pin="1"/><net_sink comp="87" pin=0"/></net>

<net id="92"><net_src comp="34" pin="0"/><net_sink comp="87" pin=1"/></net>

<net id="97"><net_src comp="87" pin="2"/><net_sink comp="93" pin=0"/></net>

<net id="101"><net_src comp="98" pin="1"/><net_sink comp="54" pin=2"/></net>

<net id="105"><net_src comp="50" pin="1"/><net_sink comp="102" pin=0"/></net>

<net id="106"><net_src comp="102" pin="1"/><net_sink comp="73" pin=1"/></net>

<net id="107"><net_src comp="102" pin="1"/><net_sink comp="78" pin=0"/></net>

<net id="108"><net_src comp="102" pin="1"/><net_sink comp="93" pin=1"/></net>

<net id="112"><net_src comp="78" pin="1"/><net_sink comp="109" pin=0"/></net>

<net id="113"><net_src comp="109" pin="1"/><net_sink comp="98" pin=0"/></net>

<net id="117"><net_src comp="81" pin="2"/><net_sink comp="114" pin=0"/></net>

<net id="121"><net_src comp="67" pin="2"/><net_sink comp="118" pin=0"/></net>

<net id="122"><net_src comp="118" pin="1"/><net_sink comp="61" pin=1"/></net>

</net_list>

</model> 
---------------- Datapath Model END ------------------

* FSMD analyzer results:
  - Output states:
	Port: row_words | {3 }
 - Input state : 
	Port: grayscale_Pipeline_burst_read : gmem0 | {2 }
  - Chain level:
	State 1
		store_ln17 : 1
		w_2 : 1
		icmp_ln17 : 2
		add_ln17 : 2
		br_ln17 : 3
		store_ln17 : 3
	State 2
	State 3
		row_words_addr : 1
		store_ln19 : 2


============================================================
+ Verbose Summary: Datapath Resource usage 
============================================================

* Functional unit list:
|----------|-----------------------|---------|---------|
| Operation|    Functional Unit    |    FF   |   LUT   |
|----------|-----------------------|---------|---------|
|   icmp   |    icmp_ln17_fu_81    |    0    |    12   |
|----------|-----------------------|---------|---------|
|    add   |     add_ln17_fu_87    |    0    |    12   |
|----------|-----------------------|---------|---------|
|   read   | gmem0_read_read_fu_67 |    0    |    0    |
|----------|-----------------------|---------|---------|
|   zext   |    zext_ln17_fu_98    |    0    |    0    |
|----------|-----------------------|---------|---------|
|   Total  |                       |    0    |    24   |
|----------|-----------------------|---------|---------|

Memories:
N/A

* Register list:
+------------------+--------+
|                  |   FF   |
+------------------+--------+
|gmem0_read_reg_118|   512  |
| icmp_ln17_reg_114|    1   |
|    w_2_reg_109   |    5   |
|     w_reg_102    |    5   |
+------------------+--------+
|       Total      |   523  |
+------------------+--------+

* Multiplexer (MUX) list: 
|--------|------|------|------|--------|
|  Comp  |  Pin | Size |  BW  | S x BW |
|--------|------|------|------|--------|
|  Total |      |      |      |    0   |
|--------|------|------|------|--------|



* Summary:
+-----------+--------+--------+
|           |   FF   |   LUT  |
+-----------+--------+--------+
|  Function |    0   |   24   |
|   Memory  |    -   |    -   |
|Multiplexer|    -   |    -   |
|  Register |   523  |    -   |
+-----------+--------+--------+
|   Total   |   523  |   24   |
+-----------+--------+--------+
