

================================================================
== Vitis HLS Report for 'grayscale'
================================================================
* Date:           Thu Jul 30 19:40:41 2026

* Version:        2025.2 (Build 6295257 on Nov 14 2025)
* Project:        canny_top
* Solution:       hls (Vitis Kernel Flow Target)
* Product family: zynquplus
* Target device:  xck26-sfvc784-2LV-c


================================================================
== Performance Estimates
================================================================
+ Timing: 
    * Summary: 
    +--------+---------+----------+------------+
    |  Clock |  Target | Estimated| Uncertainty|
    +--------+---------+----------+------------+
    |ap_clk  |  5.00 ns|  3.650 ns|     1.35 ns|
    +--------+---------+----------+------------+

+ Latency: 
    * Summary: 
    +---------+---------+-----------+-----------+------+------+---------+
    |  Latency (cycles) |   Latency (absolute)  |   Interval  | Pipeline|
    |   min   |   max   |    min    |    max    |  min |  max |   Type  |
    +---------+---------+-----------+-----------+------+------+---------+
    |     2132|     2132|  10.660 us|  10.660 us|  2132|  2132|       no|
    +---------+---------+-----------+-----------+------+------+---------+

    + Detail: 
        * Instance: 
        +----------------------------------------------+------------------------------------+---------+---------+----------+----------+-----+-----+-------------------+
        |                                              |                                    |  Latency (cycles) |  Latency (absolute) |  Interval |      Pipeline     |
        |                   Instance                   |               Module               |   min   |   max   |    min   |    max   | min | max |        Type       |
        +----------------------------------------------+------------------------------------+---------+---------+----------+----------+-----+-----+-------------------+
        |grp_grayscale_Pipeline_1_fu_70                |grayscale_Pipeline_1                |     1610|     1610|  8.050 us|  8.050 us|    0|    0|  loop pipeline stp|
        |grp_grayscale_Pipeline_VITIS_LOOP_22_1_fu_80  |grayscale_Pipeline_VITIS_LOOP_22_1  |      518|      518|  2.590 us|  2.590 us|    0|    0|  loop pipeline stp|
        +----------------------------------------------+------------------------------------+---------+---------+----------+----------+-----+-----+-------------------+

        * Loop: 
        N/A



================================================================
== Utilization Estimates
================================================================
* Summary: 
+-----------------+---------+------+--------+--------+-----+
|       Name      | BRAM_18K|  DSP |   FF   |   LUT  | URAM|
+-----------------+---------+------+--------+--------+-----+
|DSP              |        -|     -|       -|       -|    -|
|Expression       |        -|     -|       0|     100|    -|
|FIFO             |        -|     -|       -|       -|    -|
|Instance         |        -|     2|    1224|    7470|    -|
|Memory           |        3|     -|       0|       0|    0|
|Multiplexer      |        -|     -|       0|     151|    -|
|Register         |        -|     -|      90|       -|    -|
+-----------------+---------+------+--------+--------+-----+
|Total            |        3|     2|    1314|    7721|    0|
+-----------------+---------+------+--------+--------+-----+
|Available        |      288|  1248|  234240|  117120|   64|
+-----------------+---------+------+--------+--------+-----+
|Utilization (%)  |        1|    ~0|      ~0|       6|    0|
+-----------------+---------+------+--------+--------+-----+

+ Detail: 
    * Instance: 
    +----------------------------------------------+------------------------------------+---------+----+------+------+-----+
    |                   Instance                   |               Module               | BRAM_18K| DSP|  FF  |  LUT | URAM|
    +----------------------------------------------+------------------------------------+---------+----+------+------+-----+
    |grp_grayscale_Pipeline_1_fu_70                |grayscale_Pipeline_1                |        0|   0|  1129|  7325|    0|
    |grp_grayscale_Pipeline_VITIS_LOOP_22_1_fu_80  |grayscale_Pipeline_VITIS_LOOP_22_1  |        0|   2|    95|   145|    0|
    +----------------------------------------------+------------------------------------+---------+----+------+------+-----+
    |Total                                         |                                    |        0|   2|  1224|  7470|    0|
    +----------------------------------------------+------------------------------------+---------+----+------+------+-----+

    * DSP: 
    N/A

    * Memory: 
    +---------------+------------------------------------+---------+---+----+-----+------+-----+------+-------------+
    |     Memory    |               Module               | BRAM_18K| FF| LUT| URAM| Words| Bits| Banks| W*Bits*Banks|
    +---------------+------------------------------------+---------+---+----+-----+------+-----+------+-------------+
    |local_blue_U   |grayscale_local_blue_RAM_AUTO_1R1W  |        1|  0|   0|    0|   512|    8|     1|         4096|
    |local_green_U  |grayscale_local_blue_RAM_AUTO_1R1W  |        1|  0|   0|    0|   512|    8|     1|         4096|
    |local_red_U    |grayscale_local_blue_RAM_AUTO_1R1W  |        1|  0|   0|    0|   512|    8|     1|         4096|
    +---------------+------------------------------------+---------+---+----+-----+------+-----+------+-------------+
    |Total          |                                    |        3|  0|   0|    0|  1536|   24|     3|        12288|
    +---------------+------------------------------------+---------+---+----+-----+------+-----+------+-------------+

    * FIFO: 
    N/A

    * Expression: 
    +--------------------+----------+----+---+----+------------+------------+
    |    Variable Name   | Operation| DSP| FF| LUT| Bitwidth P0| Bitwidth P1|
    +--------------------+----------+----+---+----+------------+------------+
    |empty_97_fu_109_p2  |         +|   0|  0|  71|          64|          64|
    |empty_fu_99_p2      |         -|   0|  0|  27|          20|          20|
    |ap_block_state1     |        or|   0|  0|   2|           1|           1|
    +--------------------+----------+----+---+----+------------+------------+
    |Total               |          |   0|  0| 100|          85|          85|
    +--------------------+----------+----+---+----+------------+------------+

    * Multiplexer: 
    +----------------------+----+-----------+-----+-----------+
    |         Name         | LUT| Input Size| Bits| Total Bits|
    +----------------------+----+-----------+-----+-----------+
    |ap_NS_fsm             |  31|          6|    1|          6|
    |ap_done               |   9|          2|    1|          2|
    |local_blue_address0   |  14|          3|    9|         27|
    |local_blue_ce0        |  14|          3|    1|          3|
    |local_blue_we0        |   9|          2|    1|          2|
    |local_green_address0  |  14|          3|    9|         27|
    |local_green_ce0       |  14|          3|    1|          3|
    |local_green_we0       |   9|          2|    1|          2|
    |local_red_address0    |  14|          3|    9|         27|
    |local_red_ce0         |  14|          3|    1|          3|
    |local_red_we0         |   9|          2|    1|          2|
    +----------------------+----+-----------+-----+-----------+
    |Total                 | 151|         32|   35|        104|
    +----------------------+----+-----------+-----+-----------+

    * Register: 
    +-----------------------------------------------------------+----+----+-----+-----------+
    |                            Name                           | FF | LUT| Bits| Const Bits|
    +-----------------------------------------------------------+----+----+-----+-----------+
    |ap_CS_fsm                                                  |   5|   0|    5|          0|
    |ap_done_reg                                                |   1|   0|    1|          0|
    |empty_97_reg_122                                           |  64|   0|   64|          0|
    |grp_grayscale_Pipeline_1_fu_70_ap_start_reg                |   1|   0|    1|          0|
    |grp_grayscale_Pipeline_VITIS_LOOP_22_1_fu_80_ap_start_reg  |   1|   0|    1|          0|
    |p_read_8_reg_116                                           |  18|   0|   18|          0|
    +-----------------------------------------------------------+----+----+-----+-----------+
    |Total                                                      |  90|   0|   90|          0|
    +-----------------------------------------------------------+----+----+-----+-----------+



================================================================
== Interface
================================================================
* Summary: 
+------------------------+-----+-----+------------+---------------+--------------+
|        RTL Ports       | Dir | Bits|  Protocol  | Source Object |    C Type    |
+------------------------+-----+-----+------------+---------------+--------------+
|ap_clk                  |   in|    1|  ap_ctrl_hs|      grayscale|  return value|
|ap_rst                  |   in|    1|  ap_ctrl_hs|      grayscale|  return value|
|ap_start                |   in|    1|  ap_ctrl_hs|      grayscale|  return value|
|ap_done                 |  out|    1|  ap_ctrl_hs|      grayscale|  return value|
|ap_continue             |   in|    1|  ap_ctrl_hs|      grayscale|  return value|
|ap_idle                 |  out|    1|  ap_ctrl_hs|      grayscale|  return value|
|ap_ready                |  out|    1|  ap_ctrl_hs|      grayscale|  return value|
|p_read                  |   in|   18|     ap_none|         p_read|        scalar|
|m_axi_gmem_0_AWVALID    |  out|    1|       m_axi|           gmem|       pointer|
|m_axi_gmem_0_AWREADY    |   in|    1|       m_axi|           gmem|       pointer|
|m_axi_gmem_0_AWADDR     |  out|   64|       m_axi|           gmem|       pointer|
|m_axi_gmem_0_AWID       |  out|    1|       m_axi|           gmem|       pointer|
|m_axi_gmem_0_AWLEN      |  out|   32|       m_axi|           gmem|       pointer|
|m_axi_gmem_0_AWSIZE     |  out|    3|       m_axi|           gmem|       pointer|
|m_axi_gmem_0_AWBURST    |  out|    2|       m_axi|           gmem|       pointer|
|m_axi_gmem_0_AWLOCK     |  out|    2|       m_axi|           gmem|       pointer|
|m_axi_gmem_0_AWCACHE    |  out|    4|       m_axi|           gmem|       pointer|
|m_axi_gmem_0_AWPROT     |  out|    3|       m_axi|           gmem|       pointer|
|m_axi_gmem_0_AWQOS      |  out|    4|       m_axi|           gmem|       pointer|
|m_axi_gmem_0_AWREGION   |  out|    4|       m_axi|           gmem|       pointer|
|m_axi_gmem_0_AWUSER     |  out|    1|       m_axi|           gmem|       pointer|
|m_axi_gmem_0_WVALID     |  out|    1|       m_axi|           gmem|       pointer|
|m_axi_gmem_0_WREADY     |   in|    1|       m_axi|           gmem|       pointer|
|m_axi_gmem_0_WDATA      |  out|  512|       m_axi|           gmem|       pointer|
|m_axi_gmem_0_WSTRB      |  out|   64|       m_axi|           gmem|       pointer|
|m_axi_gmem_0_WLAST      |  out|    1|       m_axi|           gmem|       pointer|
|m_axi_gmem_0_WID        |  out|    1|       m_axi|           gmem|       pointer|
|m_axi_gmem_0_WUSER      |  out|    1|       m_axi|           gmem|       pointer|
|m_axi_gmem_0_ARVALID    |  out|    1|       m_axi|           gmem|       pointer|
|m_axi_gmem_0_ARREADY    |   in|    1|       m_axi|           gmem|       pointer|
|m_axi_gmem_0_ARADDR     |  out|   64|       m_axi|           gmem|       pointer|
|m_axi_gmem_0_ARID       |  out|    1|       m_axi|           gmem|       pointer|
|m_axi_gmem_0_ARLEN      |  out|   32|       m_axi|           gmem|       pointer|
|m_axi_gmem_0_ARSIZE     |  out|    3|       m_axi|           gmem|       pointer|
|m_axi_gmem_0_ARBURST    |  out|    2|       m_axi|           gmem|       pointer|
|m_axi_gmem_0_ARLOCK     |  out|    2|       m_axi|           gmem|       pointer|
|m_axi_gmem_0_ARCACHE    |  out|    4|       m_axi|           gmem|       pointer|
|m_axi_gmem_0_ARPROT     |  out|    3|       m_axi|           gmem|       pointer|
|m_axi_gmem_0_ARQOS      |  out|    4|       m_axi|           gmem|       pointer|
|m_axi_gmem_0_ARREGION   |  out|    4|       m_axi|           gmem|       pointer|
|m_axi_gmem_0_ARUSER     |  out|    1|       m_axi|           gmem|       pointer|
|m_axi_gmem_0_RVALID     |   in|    1|       m_axi|           gmem|       pointer|
|m_axi_gmem_0_RREADY     |  out|    1|       m_axi|           gmem|       pointer|
|m_axi_gmem_0_RDATA      |   in|  512|       m_axi|           gmem|       pointer|
|m_axi_gmem_0_RLAST      |   in|    1|       m_axi|           gmem|       pointer|
|m_axi_gmem_0_RID        |   in|    1|       m_axi|           gmem|       pointer|
|m_axi_gmem_0_RFIFONUM   |   in|    9|       m_axi|           gmem|       pointer|
|m_axi_gmem_0_RUSER      |   in|    1|       m_axi|           gmem|       pointer|
|m_axi_gmem_0_RRESP      |   in|    2|       m_axi|           gmem|       pointer|
|m_axi_gmem_0_BVALID     |   in|    1|       m_axi|           gmem|       pointer|
|m_axi_gmem_0_BREADY     |  out|    1|       m_axi|           gmem|       pointer|
|m_axi_gmem_0_BRESP      |   in|    2|       m_axi|           gmem|       pointer|
|m_axi_gmem_0_BID        |   in|    1|       m_axi|           gmem|       pointer|
|m_axi_gmem_0_BUSER      |   in|    1|       m_axi|           gmem|       pointer|
|in_r                    |   in|   64|   ap_stable|           in_r|        scalar|
|out_grayscale_address0  |  out|    9|   ap_memory|  out_grayscale|         array|
|out_grayscale_ce0       |  out|    1|   ap_memory|  out_grayscale|         array|
|out_grayscale_we0       |  out|    1|   ap_memory|  out_grayscale|         array|
|out_grayscale_d0        |  out|    8|   ap_memory|  out_grayscale|         array|
+------------------------+-----+-----+------------+---------------+--------------+

============================================================
+ Verbose Summary: Synthesis Manager
============================================================
InlineROM: 1
ExposeGlobal: 0
============================================================
+ Verbose Summary: CDFG Model
============================================================
IsTopModel: 0
ResetActiveHigh: 1
IsCombinational: 2
IsDatapathOnly: 0
HasWiredReturn: 1
HasMFsm: 0
HasVarLatency: 1
IsPipeline: 0
IsRtlPipelined: 0
IsInstanceOverlapped: 0
IsDontTouch: 0
HasImplIP: 0
IsGatedGlobalClock: 0


============================================================
+ Verbose Summary: Schedule
============================================================
* Number of FSM states : 5
* Pipeline : 0
* Dataflow Pipeline: 0

* FSM state transitions: 
1 --> 2 
2 --> 3 
3 --> 4 
4 --> 5 
5 --> 

* FSM state operations: 

State 1 <SV = 0> <Delay = 1.82>
ST_1 : Operation 6 [1/1] (1.82ns)   --->   "%p_read_8 = read i18 @_ssdm_op_Read.ap_auto.i18, i18 %p_read"   --->   Operation 6 'read' 'p_read_8' <Predicate = true> <Delay = 1.82> <CoreInst = "FIFO_SRL">   --->   Core 80 'FIFO_SRL' <Latency = 0> <II = 1> <Delay = 1.83> <Storage> <Opcode : 'read' 'write' 'nbread' 'nbwrite'> <Ports = 0> <Width = 18> <Depth = 2> <FIFO>
ST_1 : Operation 7 [1/1] (1.23ns)   --->   "%local_blue = alloca i64 1" [../src/grayscale.cpp:18->../src/canny_top.cpp:28]   --->   Operation 7 'alloca' 'local_blue' <Predicate = true> <Delay = 1.23>
ST_1 : Operation 8 [1/1] (1.23ns)   --->   "%local_green = alloca i64 1" [../src/grayscale.cpp:18->../src/canny_top.cpp:28]   --->   Operation 8 'alloca' 'local_green' <Predicate = true> <Delay = 1.23>
ST_1 : Operation 9 [1/1] (1.23ns)   --->   "%local_red = alloca i64 1" [../src/grayscale.cpp:18->../src/canny_top.cpp:28]   --->   Operation 9 'alloca' 'local_red' <Predicate = true> <Delay = 1.23>

State 2 <SV = 1> <Delay = 3.06>
ST_2 : Operation 10 [1/1] (0.00ns)   --->   "%in_read = read i64 @_ssdm_op_Read.ap_auto.i64, i64 %in_r"   --->   Operation 10 'read' 'in_read' <Predicate = true> <Delay = 0.00>
ST_2 : Operation 11 [1/1] (0.00ns)   --->   "%zext_ln6 = zext i18 %p_read_8" [../src/grayscale.cpp:6->../src/canny_top.cpp:28]   --->   Operation 11 'zext' 'zext_ln6' <Predicate = true> <Delay = 0.00>
ST_2 : Operation 12 [1/1] (0.00ns)   --->   "%p_shl = bitconcatenate i20 @_ssdm_op_BitConcatenate.i20.i18.i2, i18 %p_read_8, i2 0"   --->   Operation 12 'bitconcatenate' 'p_shl' <Predicate = true> <Delay = 0.00>
ST_2 : Operation 13 [1/1] (0.89ns)   --->   "%empty = sub i20 %p_shl, i20 %zext_ln6" [../src/grayscale.cpp:6->../src/canny_top.cpp:28]   --->   Operation 13 'sub' 'empty' <Predicate = true> <Delay = 0.89> <CoreInst = "Adder">   --->   Core 1 'Adder' <Latency = 0> <II = 1> <Delay = 0.89> <FuncUnit> <Opcode : 'add' 'sub'> <InPorts = 2> <OutPorts = 1>
ST_2 : Operation 14 [1/1] (0.00ns)   --->   "%p_cast9 = zext i20 %empty" [../src/grayscale.cpp:6->../src/canny_top.cpp:28]   --->   Operation 14 'zext' 'p_cast9' <Predicate = true> <Delay = 0.00>
ST_2 : Operation 15 [1/1] (1.08ns)   --->   "%empty_97 = add i64 %p_cast9, i64 %in_read" [../src/grayscale.cpp:6->../src/canny_top.cpp:28]   --->   Operation 15 'add' 'empty_97' <Predicate = true> <Delay = 1.08> <CoreInst = "Adder">   --->   Core 1 'Adder' <Latency = 0> <II = 1> <Delay = 1.08> <FuncUnit> <Opcode : 'add' 'sub'> <InPorts = 2> <OutPorts = 1>
ST_2 : Operation 16 [2/2] (1.08ns)   --->   "%call_ln6 = call void @grayscale_Pipeline_1, i64 %empty_97, i512 %gmem, i8 %local_blue, i8 %local_green, i8 %local_red" [../src/grayscale.cpp:6->../src/canny_top.cpp:28]   --->   Operation 16 'call' 'call_ln6' <Predicate = true> <Delay = 1.08> <CoreType = "Generic">   --->   Generic Core

State 3 <SV = 2> <Delay = 0.00>
ST_3 : Operation 17 [1/2] (0.00ns)   --->   "%call_ln6 = call void @grayscale_Pipeline_1, i64 %empty_97, i512 %gmem, i8 %local_blue, i8 %local_green, i8 %local_red" [../src/grayscale.cpp:6->../src/canny_top.cpp:28]   --->   Operation 17 'call' 'call_ln6' <Predicate = true> <Delay = 0.00> <CoreType = "Generic">   --->   Generic Core

State 4 <SV = 3> <Delay = 0.00>
ST_4 : Operation 18 [2/2] (0.00ns)   --->   "%call_ln0 = call void @grayscale_Pipeline_VITIS_LOOP_22_1, i8 %local_blue, i8 %local_green, i8 %local_red, i8 %out_grayscale"   --->   Operation 18 'call' 'call_ln0' <Predicate = true> <Delay = 0.00> <CoreType = "Generic">   --->   Generic Core

State 5 <SV = 4> <Delay = 0.00>
ST_5 : Operation 19 [1/1] (0.00ns)   --->   "%specstablecontent_ln0 = specstablecontent void @_ssdm_op_SpecStableContent, i64 %in_r, i1 1, void @p_str"   --->   Operation 19 'specstablecontent' 'specstablecontent_ln0' <Predicate = true> <Delay = 0.00>
ST_5 : Operation 20 [1/1] (0.00ns)   --->   "%specinterface_ln0 = specinterface void @_ssdm_op_SpecInterface, i512 %gmem, void @empty_17, i32 0, i32 0, void @empty_14, i32 64, i32 0, void @empty_21, void @empty_13, void @empty_14, i32 16, i32 16, i32 16, i32 16, void @empty_14, void @empty_14, i32 4294967295, i32 0, i32 0, i32 64"   --->   Operation 20 'specinterface' 'specinterface_ln0' <Predicate = true> <Delay = 0.00>
ST_5 : Operation 21 [1/2] (0.00ns)   --->   "%call_ln0 = call void @grayscale_Pipeline_VITIS_LOOP_22_1, i8 %local_blue, i8 %local_green, i8 %local_red, i8 %out_grayscale"   --->   Operation 21 'call' 'call_ln0' <Predicate = true> <Delay = 0.00> <CoreType = "Generic">   --->   Generic Core
ST_5 : Operation 22 [1/1] (0.00ns)   --->   "%ret_ln0 = ret"   --->   Operation 22 'ret' 'ret_ln0' <Predicate = true> <Delay = 0.00>


============================================================
+ Verbose Summary: Binding
============================================================
STG Binding: 
---------------- STG Properties BEGIN ----------------
- Is combinational: 0
- Is one-state seq: 0
- Is datapath-only: 0
- Is pipelined: 0
- Is top level: 0
Port [ Return ] is wired: 1; IO mode=ap_ctrl_hs:ce=0
Port [ p_read]:  wired=1; compound=0; hidden=0; nouse=0; global=0; static=0; extern=0; dir=0; type=0; pingpong=0; private_global=0; IO mode=ap_none:ce=0
Port [ gmem]:  wired=1; compound=1; hidden=0; nouse=0; global=0; static=0; extern=0; dir=0; type=4; pingpong=0; private_global=0; IO mode=m_axi:ce=0
Port [ in_r]:  wired=1; compound=0; hidden=0; nouse=0; global=0; static=0; extern=0; dir=0; type=0; pingpong=0; private_global=0; IO mode=ap_stable:ce=0
Port [ out_grayscale]:  wired=1; compound=1; hidden=0; nouse=0; global=0; static=0; extern=0; dir=1; type=1; pingpong=1; private_global=0; MemPort=[03]; IO mode=ap_memory:ce=0
---------------- STG Properties END ------------------

---------------- Datapath Model BEGIN ----------------

<LifeTime>
<method=bitvector/>
p_read_8              (read             ) [ 001000]
local_blue            (alloca           ) [ 001111]
local_green           (alloca           ) [ 001111]
local_red             (alloca           ) [ 001111]
in_read               (read             ) [ 000000]
zext_ln6              (zext             ) [ 000000]
p_shl                 (bitconcatenate   ) [ 000000]
empty                 (sub              ) [ 000000]
p_cast9               (zext             ) [ 000000]
empty_97              (add              ) [ 000100]
call_ln6              (call             ) [ 000000]
specstablecontent_ln0 (specstablecontent) [ 000000]
specinterface_ln0     (specinterface    ) [ 000000]
call_ln0              (call             ) [ 000000]
ret_ln0               (ret              ) [ 000000]
</LifeTime>

<model>

<comp_list>
<comp id="0" class="1000" name="p_read">
<pin_list>
<pin id="1" dir="1" index="0" bw="1" slack="0"/>
</pin_list>
<bind>
<StgValue><ssdm name="p_read"/></StgValue>
</bind>
</comp>

<comp id="2" class="1000" name="gmem">
<pin_list>
<pin id="3" dir="1" index="0" bw="1" slack="0"/>
</pin_list>
<bind>
<StgValue><ssdm name="gmem"/><MemPortTyVec>0 </MemPortTyVec>
</StgValue>
</bind>
</comp>

<comp id="4" class="1000" name="in_r">
<pin_list>
<pin id="5" dir="1" index="0" bw="1" slack="0"/>
</pin_list>
<bind>
<StgValue><ssdm name="in_r"/></StgValue>
</bind>
</comp>

<comp id="6" class="1000" name="out_grayscale">
<pin_list>
<pin id="7" dir="1" index="0" bw="1" slack="0"/>
</pin_list>
<bind>
<StgValue><ssdm name="out_grayscale"/><MemPortTyVec>0 3 </MemPortTyVec>
</StgValue>
</bind>
</comp>

<comp id="8" class="1001" name="const_8">
<pin_list>
<pin id="9" dir="1" index="0" bw="1" slack="0"/>
</pin_list>
<bind>
<StgValue><ssdm name="_ssdm_op_Read.ap_auto.i18"/></StgValue>
</bind>
</comp>

<comp id="10" class="1001" name="const_10">
<pin_list>
<pin id="11" dir="1" index="0" bw="1" slack="0"/>
</pin_list>
<bind>
<StgValue><ssdm name=""/></StgValue>
</bind>
</comp>

<comp id="12" class="1001" name="const_12">
<pin_list>
<pin id="13" dir="1" index="0" bw="1" slack="0"/>
</pin_list>
<bind>
<StgValue><ssdm name="_ssdm_op_Read.ap_auto.i64"/></StgValue>
</bind>
</comp>

<comp id="14" class="1001" name="const_14">
<pin_list>
<pin id="15" dir="1" index="0" bw="1" slack="0"/>
</pin_list>
<bind>
<StgValue><ssdm name="_ssdm_op_BitConcatenate.i20.i18.i2"/></StgValue>
</bind>
</comp>

<comp id="16" class="1001" name="const_16">
<pin_list>
<pin id="17" dir="1" index="0" bw="1" slack="0"/>
</pin_list>
<bind>
<StgValue><ssdm name=""/></StgValue>
</bind>
</comp>

<comp id="18" class="1001" name="const_18">
<pin_list>
<pin id="19" dir="1" index="0" bw="1" slack="0"/>
</pin_list>
<bind>
<StgValue><ssdm name="grayscale_Pipeline_1"/></StgValue>
</bind>
</comp>

<comp id="20" class="1001" name="const_20">
<pin_list>
<pin id="21" dir="1" index="0" bw="1" slack="0"/>
</pin_list>
<bind>
<StgValue><ssdm name="grayscale_Pipeline_VITIS_LOOP_22_1"/></StgValue>
</bind>
</comp>

<comp id="22" class="1001" name="const_22">
<pin_list>
<pin id="23" dir="1" index="0" bw="1" slack="2147483647"/>
</pin_list>
<bind>
<StgValue><ssdm name="_ssdm_op_SpecStableContent"/></StgValue>
</bind>
</comp>

<comp id="24" class="1001" name="const_24">
<pin_list>
<pin id="25" dir="1" index="0" bw="1" slack="2147483647"/>
</pin_list>
<bind>
<StgValue><ssdm name=""/></StgValue>
</bind>
</comp>

<comp id="26" class="1001" name="const_26">
<pin_list>
<pin id="27" dir="1" index="0" bw="1" slack="2147483647"/>
</pin_list>
<bind>
<StgValue><ssdm name="p_str"/></StgValue>
</bind>
</comp>

<comp id="28" class="1001" name="const_28">
<pin_list>
<pin id="29" dir="1" index="0" bw="1" slack="2147483647"/>
</pin_list>
<bind>
<StgValue><ssdm name="_ssdm_op_SpecInterface"/></StgValue>
</bind>
</comp>

<comp id="30" class="1001" name="const_30">
<pin_list>
<pin id="31" dir="1" index="0" bw="1" slack="2147483647"/>
</pin_list>
<bind>
<StgValue><ssdm name="empty_17"/></StgValue>
</bind>
</comp>

<comp id="32" class="1001" name="const_32">
<pin_list>
<pin id="33" dir="1" index="0" bw="1" slack="2147483647"/>
</pin_list>
<bind>
<StgValue><ssdm name=""/></StgValue>
</bind>
</comp>

<comp id="34" class="1001" name="const_34">
<pin_list>
<pin id="35" dir="1" index="0" bw="1" slack="2147483647"/>
</pin_list>
<bind>
<StgValue><ssdm name="empty_14"/></StgValue>
</bind>
</comp>

<comp id="36" class="1001" name="const_36">
<pin_list>
<pin id="37" dir="1" index="0" bw="1" slack="2147483647"/>
</pin_list>
<bind>
<StgValue><ssdm name=""/></StgValue>
</bind>
</comp>

<comp id="38" class="1001" name="const_38">
<pin_list>
<pin id="39" dir="1" index="0" bw="1" slack="2147483647"/>
</pin_list>
<bind>
<StgValue><ssdm name="empty_21"/></StgValue>
</bind>
</comp>

<comp id="40" class="1001" name="const_40">
<pin_list>
<pin id="41" dir="1" index="0" bw="1" slack="2147483647"/>
</pin_list>
<bind>
<StgValue><ssdm name="empty_13"/></StgValue>
</bind>
</comp>

<comp id="42" class="1001" name="const_42">
<pin_list>
<pin id="43" dir="1" index="0" bw="1" slack="2147483647"/>
</pin_list>
<bind>
<StgValue><ssdm name=""/></StgValue>
</bind>
</comp>

<comp id="44" class="1001" name="const_44">
<pin_list>
<pin id="45" dir="1" index="0" bw="1" slack="2147483647"/>
</pin_list>
<bind>
<StgValue><ssdm name=""/></StgValue>
</bind>
</comp>

<comp id="46" class="1004" name="local_blue_alloca_fu_46">
<pin_list>
<pin id="47" dir="0" index="0" bw="1" slack="0"/>
<pin id="48" dir="1" index="1" bw="8" slack="2147483647"/>
</pin_list>
<bind>
<opcode="alloca(26) " fcode="alloca"/>
<opset="local_blue/1 "/>
</bind>
</comp>

<comp id="50" class="1004" name="local_green_alloca_fu_50">
<pin_list>
<pin id="51" dir="0" index="0" bw="1" slack="0"/>
<pin id="52" dir="1" index="1" bw="8" slack="2147483647"/>
</pin_list>
<bind>
<opcode="alloca(26) " fcode="alloca"/>
<opset="local_green/1 "/>
</bind>
</comp>

<comp id="54" class="1004" name="local_red_alloca_fu_54">
<pin_list>
<pin id="55" dir="0" index="0" bw="1" slack="0"/>
<pin id="56" dir="1" index="1" bw="8" slack="2147483647"/>
</pin_list>
<bind>
<opcode="alloca(26) " fcode="alloca"/>
<opset="local_red/1 "/>
</bind>
</comp>

<comp id="58" class="1004" name="p_read_8_read_fu_58">
<pin_list>
<pin id="59" dir="0" index="0" bw="18" slack="0"/>
<pin id="60" dir="0" index="1" bw="18" slack="0"/>
<pin id="61" dir="1" index="2" bw="18" slack="1"/>
</pin_list>
<bind>
<opcode="read(1150) " fcode="read"/>
<opset="p_read_8/1 "/>
</bind>
</comp>

<comp id="64" class="1004" name="in_read_read_fu_64">
<pin_list>
<pin id="65" dir="0" index="0" bw="64" slack="0"/>
<pin id="66" dir="0" index="1" bw="64" slack="0"/>
<pin id="67" dir="1" index="2" bw="64" slack="0"/>
</pin_list>
<bind>
<opcode="read(1150) " fcode="read"/>
<opset="in_read/2 "/>
</bind>
</comp>

<comp id="70" class="1004" name="grp_grayscale_Pipeline_1_fu_70">
<pin_list>
<pin id="71" dir="0" index="0" bw="0" slack="0"/>
<pin id="72" dir="0" index="1" bw="64" slack="0"/>
<pin id="73" dir="0" index="2" bw="512" slack="0"/>
<pin id="74" dir="0" index="3" bw="8" slack="2147483647"/>
<pin id="75" dir="0" index="4" bw="8" slack="2147483647"/>
<pin id="76" dir="0" index="5" bw="8" slack="2147483647"/>
<pin id="77" dir="1" index="6" bw="0" slack="2147483647"/>
</pin_list>
<bind>
<opcode="call(48) " fcode="call"/>
<opset="call_ln6/2 "/>
</bind>
</comp>

<comp id="80" class="1004" name="grp_grayscale_Pipeline_VITIS_LOOP_22_1_fu_80">
<pin_list>
<pin id="81" dir="0" index="0" bw="0" slack="0"/>
<pin id="82" dir="0" index="1" bw="8" slack="2147483647"/>
<pin id="83" dir="0" index="2" bw="8" slack="2147483647"/>
<pin id="84" dir="0" index="3" bw="8" slack="2147483647"/>
<pin id="85" dir="0" index="4" bw="8" slack="0"/>
<pin id="86" dir="1" index="5" bw="0" slack="2147483647"/>
</pin_list>
<bind>
<opcode="call(48) " fcode="call"/>
<opset="call_ln0/4 "/>
</bind>
</comp>

<comp id="89" class="1004" name="zext_ln6_fu_89">
<pin_list>
<pin id="90" dir="0" index="0" bw="18" slack="1"/>
<pin id="91" dir="1" index="1" bw="20" slack="0"/>
</pin_list>
<bind>
<opcode="zext(34) " fcode="zext"/>
<opset="zext_ln6/2 "/>
</bind>
</comp>

<comp id="92" class="1004" name="p_shl_fu_92">
<pin_list>
<pin id="93" dir="0" index="0" bw="20" slack="0"/>
<pin id="94" dir="0" index="1" bw="18" slack="1"/>
<pin id="95" dir="0" index="2" bw="1" slack="0"/>
<pin id="96" dir="1" index="3" bw="20" slack="0"/>
</pin_list>
<bind>
<opcode="bitconcatenate(1004) " fcode="bitconcatenate"/>
<opset="p_shl/2 "/>
</bind>
</comp>

<comp id="99" class="1004" name="empty_fu_99">
<pin_list>
<pin id="100" dir="0" index="0" bw="20" slack="0"/>
<pin id="101" dir="0" index="1" bw="18" slack="0"/>
<pin id="102" dir="1" index="2" bw="20" slack="0"/>
</pin_list>
<bind>
<opcode="sub(10) " fcode="sub"/>
<opset="empty/2 "/>
</bind>
</comp>

<comp id="105" class="1004" name="p_cast9_fu_105">
<pin_list>
<pin id="106" dir="0" index="0" bw="20" slack="0"/>
<pin id="107" dir="1" index="1" bw="64" slack="0"/>
</pin_list>
<bind>
<opcode="zext(34) " fcode="zext"/>
<opset="p_cast9/2 "/>
</bind>
</comp>

<comp id="109" class="1004" name="empty_97_fu_109">
<pin_list>
<pin id="110" dir="0" index="0" bw="20" slack="0"/>
<pin id="111" dir="0" index="1" bw="64" slack="0"/>
<pin id="112" dir="1" index="2" bw="64" slack="0"/>
</pin_list>
<bind>
<opcode="add(8) " fcode="add"/>
<opset="empty_97/2 "/>
</bind>
</comp>

<comp id="116" class="1005" name="p_read_8_reg_116">
<pin_list>
<pin id="117" dir="0" index="0" bw="18" slack="1"/>
<pin id="118" dir="1" index="1" bw="18" slack="1"/>
</pin_list>
<bind>
<opset="p_read_8 "/>
</bind>
</comp>

<comp id="122" class="1005" name="empty_97_reg_122">
<pin_list>
<pin id="123" dir="0" index="0" bw="64" slack="1"/>
<pin id="124" dir="1" index="1" bw="64" slack="1"/>
</pin_list>
<bind>
<opset="empty_97 "/>
</bind>
</comp>

</comp_list>

<net_list>
<net id="49"><net_src comp="10" pin="0"/><net_sink comp="46" pin=0"/></net>

<net id="53"><net_src comp="10" pin="0"/><net_sink comp="50" pin=0"/></net>

<net id="57"><net_src comp="10" pin="0"/><net_sink comp="54" pin=0"/></net>

<net id="62"><net_src comp="8" pin="0"/><net_sink comp="58" pin=0"/></net>

<net id="63"><net_src comp="0" pin="0"/><net_sink comp="58" pin=1"/></net>

<net id="68"><net_src comp="12" pin="0"/><net_sink comp="64" pin=0"/></net>

<net id="69"><net_src comp="4" pin="0"/><net_sink comp="64" pin=1"/></net>

<net id="78"><net_src comp="18" pin="0"/><net_sink comp="70" pin=0"/></net>

<net id="79"><net_src comp="2" pin="0"/><net_sink comp="70" pin=2"/></net>

<net id="87"><net_src comp="20" pin="0"/><net_sink comp="80" pin=0"/></net>

<net id="88"><net_src comp="6" pin="0"/><net_sink comp="80" pin=4"/></net>

<net id="97"><net_src comp="14" pin="0"/><net_sink comp="92" pin=0"/></net>

<net id="98"><net_src comp="16" pin="0"/><net_sink comp="92" pin=2"/></net>

<net id="103"><net_src comp="92" pin="3"/><net_sink comp="99" pin=0"/></net>

<net id="104"><net_src comp="89" pin="1"/><net_sink comp="99" pin=1"/></net>

<net id="108"><net_src comp="99" pin="2"/><net_sink comp="105" pin=0"/></net>

<net id="113"><net_src comp="105" pin="1"/><net_sink comp="109" pin=0"/></net>

<net id="114"><net_src comp="64" pin="2"/><net_sink comp="109" pin=1"/></net>

<net id="115"><net_src comp="109" pin="2"/><net_sink comp="70" pin=1"/></net>

<net id="119"><net_src comp="58" pin="2"/><net_sink comp="116" pin=0"/></net>

<net id="120"><net_src comp="116" pin="1"/><net_sink comp="89" pin=0"/></net>

<net id="121"><net_src comp="116" pin="1"/><net_sink comp="92" pin=1"/></net>

<net id="125"><net_src comp="109" pin="2"/><net_sink comp="122" pin=0"/></net>

<net id="126"><net_src comp="122" pin="1"/><net_sink comp="70" pin=1"/></net>

</net_list>

</model> 
---------------- Datapath Model END ------------------

* FSMD analyzer results:
  - Output states:
	Port: gmem | {}
	Port: out_grayscale | {4 5 }
 - Input state : 
	Port: grayscale : p_read | {1 }
	Port: grayscale : gmem | {2 3 }
	Port: grayscale : in_r | {2 }
  - Chain level:
	State 1
	State 2
		empty : 1
		p_cast9 : 2
		empty_97 : 3
		call_ln6 : 4
	State 3
	State 4
	State 5


============================================================
+ Verbose Summary: Datapath Resource usage 
============================================================

* Functional unit list:
|----------|----------------------------------------------|---------|---------|---------|---------|
| Operation|                Functional Unit               |   DSP   |  Delay  |    FF   |   LUT   |
|----------|----------------------------------------------|---------|---------|---------|---------|
|   call   |        grp_grayscale_Pipeline_1_fu_70        |    0    |  1.099  |   2400  |   6859  |
|          | grp_grayscale_Pipeline_VITIS_LOOP_22_1_fu_80 |    2    |  2.233  |   162   |   129   |
|----------|----------------------------------------------|---------|---------|---------|---------|
|    add   |                empty_97_fu_109               |    0    |    0    |    0    |    71   |
|----------|----------------------------------------------|---------|---------|---------|---------|
|    sub   |                  empty_fu_99                 |    0    |    0    |    0    |    27   |
|----------|----------------------------------------------|---------|---------|---------|---------|
|   read   |              p_read_8_read_fu_58             |    0    |    0    |    0    |    0    |
|          |              in_read_read_fu_64              |    0    |    0    |    0    |    0    |
|----------|----------------------------------------------|---------|---------|---------|---------|
|   zext   |                zext_ln6_fu_89                |    0    |    0    |    0    |    0    |
|          |                p_cast9_fu_105                |    0    |    0    |    0    |    0    |
|----------|----------------------------------------------|---------|---------|---------|---------|
|bitconcatenate|                  p_shl_fu_92                 |    0    |    0    |    0    |    0    |
|----------|----------------------------------------------|---------|---------|---------|---------|
|   Total  |                                              |    2    |  3.332  |   2562  |   7086  |
|----------|----------------------------------------------|---------|---------|---------|---------|

Memories:
+-----------+--------+--------+--------+--------+
|           |  BRAM  |   FF   |   LUT  |  URAM  |
+-----------+--------+--------+--------+--------+
| local_blue|    1   |    0   |    0   |    0   |
|local_green|    1   |    0   |    0   |    0   |
| local_red |    1   |    0   |    0   |    0   |
+-----------+--------+--------+--------+--------+
|   Total   |    3   |    0   |    0   |    0   |
+-----------+--------+--------+--------+--------+

* Register list:
+----------------+--------+
|                |   FF   |
+----------------+--------+
|empty_97_reg_122|   64   |
|p_read_8_reg_116|   18   |
+----------------+--------+
|      Total     |   82   |
+----------------+--------+

* Multiplexer (MUX) list: 
|--------------------------------|------|------|------|--------||---------||---------||---------|
|              Comp              |  Pin | Size |  BW  | S x BW ||  Delay  ||    FF   ||   LUT   |
|--------------------------------|------|------|------|--------||---------||---------||---------|
| grp_grayscale_Pipeline_1_fu_70 |  p1  |   2  |  64  |   128  ||    0    ||    9    |
|--------------------------------|------|------|------|--------||---------||---------||---------|
|              Total             |      |      |      |   128  ||  0.427  ||    0    ||    9    |
|--------------------------------|------|------|------|--------||---------||---------||---------|



* Summary:
+-----------+--------+--------+--------+--------+--------+--------+
|           |  BRAM  |   DSP  |  Delay |   FF   |   LUT  |  URAM  |
+-----------+--------+--------+--------+--------+--------+--------+
|  Function |    -   |    2   |    3   |  2562  |  7086  |    -   |
|   Memory  |    3   |    -   |    -   |    0   |    0   |    0   |
|Multiplexer|    -   |    -   |    0   |    0   |    9   |    -   |
|  Register |    -   |    -   |    -   |   82   |    -   |    -   |
+-----------+--------+--------+--------+--------+--------+--------+
|   Total   |    3   |    2   |    3   |  2644  |  7095  |    0   |
+-----------+--------+--------+--------+--------+--------+--------+
