

================================================================
== Vitis HLS Report for 'hysteresis_4_s'
================================================================
* Date:           Fri Jul 24 16:27:51 2026

* Version:        2025.2 (Build 6295257 on Nov 14 2025)
* Project:        canny_top
* Solution:       hls (Vitis Kernel Flow Target)
* Product family: zynquplus
* Target device:  xck26-sfvc784-2LV-c


================================================================
== Performance Estimates
================================================================
+ Timing: 
    * Summary: 
    +--------+---------+----------+------------+
    |  Clock |  Target | Estimated| Uncertainty|
    +--------+---------+----------+------------+
    |ap_clk  |  5.00 ns|  3.380 ns|     1.35 ns|
    +--------+---------+----------+------------+

+ Latency: 
    * Summary: 
    +---------+---------+----------+----------+-----+------+---------+
    |  Latency (cycles) |  Latency (absolute) |  Interval  | Pipeline|
    |   min   |   max   |    min   |    max   | min |  max |   Type  |
    +---------+---------+----------+----------+-----+------+---------+
    |        1|     1097|  5.000 ns|  5.485 us|    1|  1097|       no|
    +---------+---------+----------+----------+-----+------+---------+

    + Detail: 
        * Instance: 
        +--------------------------------------------------+----------------------------------------+---------+---------+----------+----------+-----+-----+-------------------+
        |                                                  |                                        |  Latency (cycles) |  Latency (absolute) |  Interval |      Pipeline     |
        |                     Instance                     |                 Module                 |   min   |   max   |    min   |    max   | min | max |        Type       |
        +--------------------------------------------------+----------------------------------------+---------+---------+----------+----------+-----+-----+-------------------+
        |grp_hysteresis_4_Pipeline_VITIS_LOOP_66_1_fu_71   |hysteresis_4_Pipeline_VITIS_LOOP_66_1   |      514|      514|  2.570 us|  2.570 us|    0|    0|  loop pipeline stp|
        |grp_hysteresis_4_Pipeline_VITIS_LOOP_114_2_fu_84  |hysteresis_4_Pipeline_VITIS_LOOP_114_2  |      512|      512|  2.560 us|  2.560 us|    0|    0|  loop pipeline stp|
        +--------------------------------------------------+----------------------------------------+---------+---------+----------+----------+-----+-----+-------------------+

        * Loop: 
        N/A



================================================================
== Utilization Estimates
================================================================
* Summary: 
+-----------------+---------+------+--------+--------+-----+
|       Name      | BRAM_18K|  DSP |   FF   |   LUT  | URAM|
+-----------------+---------+------+--------+--------+-----+
|DSP              |        -|     -|       -|       -|    -|
|Expression       |        -|     -|       0|     161|    -|
|FIFO             |        -|     -|       -|       -|    -|
|Instance         |        -|     -|     819|     622|    -|
|Memory           |        -|     -|       -|       -|    -|
|Multiplexer      |        -|     -|       0|     552|    -|
|Register         |        -|     -|      84|       -|    -|
+-----------------+---------+------+--------+--------+-----+
|Total            |        0|     0|     903|    1335|    0|
+-----------------+---------+------+--------+--------+-----+
|Available        |      288|  1248|  234240|  117120|   64|
+-----------------+---------+------+--------+--------+-----+
|Utilization (%)  |        0|     0|      ~0|       1|    0|
+-----------------+---------+------+--------+--------+-----+

+ Detail: 
    * Instance: 
    +--------------------------------------------------+----------------------------------------+---------+----+-----+-----+-----+
    |                     Instance                     |                 Module                 | BRAM_18K| DSP|  FF | LUT | URAM|
    +--------------------------------------------------+----------------------------------------+---------+----+-----+-----+-----+
    |grp_hysteresis_4_Pipeline_VITIS_LOOP_114_2_fu_84  |hysteresis_4_Pipeline_VITIS_LOOP_114_2  |        0|   0|   21|   83|    0|
    |grp_hysteresis_4_Pipeline_VITIS_LOOP_66_1_fu_71   |hysteresis_4_Pipeline_VITIS_LOOP_66_1   |        0|   0|   22|   73|    0|
    |srem_32ns_3ns_2_36_seq_1_U190                     |srem_32ns_3ns_2_36_seq_1                |        0|   0|  394|  238|    0|
    |urem_31ns_3ns_2_35_seq_1_U191                     |urem_31ns_3ns_2_35_seq_1                |        0|   0|  382|  228|    0|
    +--------------------------------------------------+----------------------------------------+---------+----+-----+-----+-----+
    |Total                                             |                                        |        0|   0|  819|  622|    0|
    +--------------------------------------------------+----------------------------------------+---------+----+-----+-----+-----+

    * DSP: 
    N/A

    * Memory: 
    N/A

    * FIFO: 
    N/A

    * Expression: 
    +----------------------------------+----------+----+---+----+------------+------------+
    |           Variable Name          | Operation| DSP| FF| LUT| Bitwidth P0| Bitwidth P1|
    +----------------------------------+----------+----+---+----+------------+------------+
    |add_ln92_fu_152_p2                |         +|   0|  0|  39|          32|           1|
    |outputRow_fu_126_p2               |         +|   0|  0|  39|          32|           2|
    |ap_block_state72_on_subcall_done  |       and|   0|  0|   2|           1|           1|
    |ap_predicate_op159_call_state72   |       and|   0|  0|   2|           1|           1|
    |icmp_ln75_fu_115_p2               |      icmp|   0|  0|  38|          31|           1|
    |icmp_ln90_fu_135_p2               |      icmp|   0|  0|  39|          32|           9|
    |ap_block_state1                   |        or|   0|  0|   2|           1|           1|
    +----------------------------------+----------+----+---+----+------------+------------+
    |Total                             |          |   0|  0| 161|         130|          16|
    +----------------------------------+----------+----+---+----+------------+------------+

    * Multiplexer: 
    +-------------------------------------------------+-----+-----------+-----+-----------+
    |                       Name                      | LUT | Input Size| Bits| Total Bits|
    +-------------------------------------------------+-----+-----------+-----+-----------+
    |ap_NS_fsm                                        |  377|         73|    1|         73|
    |ap_done                                          |    9|          2|    1|          2|
    |ap_phi_mux_hysteresis4_valid_1_phi_fu_48_p6      |    9|          2|    1|          2|
    |ap_phi_mux_valid_out_write_assign_phi_fu_63_p4   |    9|          2|    1|          2|
    |out_hysteresis4_address0                         |   14|          3|    9|         27|
    |out_hysteresis4_ce0                              |   14|          3|    1|          3|
    |out_hysteresis4_d0                               |   14|          3|    2|          6|
    |out_hysteresis4_we0                              |   14|          3|    1|          3|
    |p_ZN12_GLOBAL_N_110lineBufferILi4EEE_0_address0  |   14|          3|   10|         30|
    |p_ZN12_GLOBAL_N_110lineBufferILi4EEE_0_ce0       |   14|          3|    1|          3|
    |p_ZN12_GLOBAL_N_110lineBufferILi4EEE_0_we0       |    9|          2|    1|          2|
    |p_ZN12_GLOBAL_N_110lineBufferILi4EEE_1_address0  |   14|          3|   10|         30|
    |p_ZN12_GLOBAL_N_110lineBufferILi4EEE_1_ce0       |   14|          3|    1|          3|
    |p_ZN12_GLOBAL_N_110lineBufferILi4EEE_1_we0       |    9|          2|    1|          2|
    |p_anonymous_namespace_rowsReceived_4_s_o         |    9|          2|   32|         64|
    |valid_out_write_assign_reg_59                    |    9|          2|    1|          2|
    +-------------------------------------------------+-----+-----------+-----+-----------+
    |Total                                            |  552|        111|   74|        254|
    +-------------------------------------------------+-----+-----------+-----+-----------+

    * Register: 
    +---------------------------------------------------------------+----+----+-----+-----------+
    |                              Name                             | FF | LUT| Bits| Const Bits|
    +---------------------------------------------------------------+----+----+-----+-----------+
    |ap_CS_fsm                                                      |  72|   0|   72|          0|
    |ap_done_reg                                                    |   1|   0|    1|          0|
    |grp_hysteresis_4_Pipeline_VITIS_LOOP_114_2_fu_84_ap_start_reg  |   1|   0|    1|          0|
    |grp_hysteresis_4_Pipeline_VITIS_LOOP_66_1_fu_71_ap_start_reg   |   1|   0|    1|          0|
    |hysteresis4_valid_1_reg_44                                     |   1|   0|    1|          0|
    |icmp_ln75_reg_170                                              |   1|   0|    1|          0|
    |icmp_ln90_reg_184                                              |   1|   0|    1|          0|
    |p_read43_reg_163                                               |   1|   0|    1|          0|
    |trunc_ln16_reg_188                                             |   2|   0|    2|          0|
    |trunc_ln63_reg_174                                             |   2|   0|    2|          0|
    |valid_out_write_assign_reg_59                                  |   1|   0|    1|          0|
    +---------------------------------------------------------------+----+----+-----+-----------+
    |Total                                                          |  84|   0|   84|          0|
    +---------------------------------------------------------------+----+----+-----+-----------+



================================================================
== Interface
================================================================
* Summary: 
+-------------------------------------------------+-----+-----+------------+----------------------------------------+--------------+
|                    RTL Ports                    | Dir | Bits|  Protocol  |              Source Object             |    C Type    |
+-------------------------------------------------+-----+-----+------------+----------------------------------------+--------------+
|ap_clk                                           |   in|    1|  ap_ctrl_hs|                           hysteresis<4>|  return value|
|ap_rst                                           |   in|    1|  ap_ctrl_hs|                           hysteresis<4>|  return value|
|ap_start                                         |   in|    1|  ap_ctrl_hs|                           hysteresis<4>|  return value|
|ap_done                                          |  out|    1|  ap_ctrl_hs|                           hysteresis<4>|  return value|
|ap_continue                                      |   in|    1|  ap_ctrl_hs|                           hysteresis<4>|  return value|
|ap_idle                                          |  out|    1|  ap_ctrl_hs|                           hysteresis<4>|  return value|
|ap_ready                                         |  out|    1|  ap_ctrl_hs|                           hysteresis<4>|  return value|
|ap_return                                        |  out|    1|  ap_ctrl_hs|                           hysteresis<4>|  return value|
|p_read                                           |   in|    1|     ap_none|                                  p_read|        scalar|
|out_hysteresis3_address0                         |  out|    9|   ap_memory|                         out_hysteresis3|         array|
|out_hysteresis3_ce0                              |  out|    1|   ap_memory|                         out_hysteresis3|         array|
|out_hysteresis3_q0                               |   in|    2|   ap_memory|                         out_hysteresis3|         array|
|out_hysteresis4_address0                         |  out|    9|   ap_memory|                         out_hysteresis4|         array|
|out_hysteresis4_ce0                              |  out|    1|   ap_memory|                         out_hysteresis4|         array|
|out_hysteresis4_we0                              |  out|    1|   ap_memory|                         out_hysteresis4|         array|
|out_hysteresis4_d0                               |  out|    2|   ap_memory|                         out_hysteresis4|         array|
|p_anonymous_namespace_rowsReceived_4_s_i         |   in|   32|     ap_ovld|  p_anonymous_namespace_rowsReceived_4_s|       pointer|
|p_anonymous_namespace_rowsReceived_4_s_o         |  out|   32|     ap_ovld|  p_anonymous_namespace_rowsReceived_4_s|       pointer|
|p_anonymous_namespace_rowsReceived_4_s_o_ap_vld  |  out|    1|     ap_ovld|  p_anonymous_namespace_rowsReceived_4_s|       pointer|
|p_ZN12_GLOBAL_N_110lineBufferILi4EEE_0_address0  |  out|   10|   ap_memory|  p_ZN12_GLOBAL_N_110lineBufferILi4EEE_0|         array|
|p_ZN12_GLOBAL_N_110lineBufferILi4EEE_0_ce0       |  out|    1|   ap_memory|  p_ZN12_GLOBAL_N_110lineBufferILi4EEE_0|         array|
|p_ZN12_GLOBAL_N_110lineBufferILi4EEE_0_we0       |  out|    1|   ap_memory|  p_ZN12_GLOBAL_N_110lineBufferILi4EEE_0|         array|
|p_ZN12_GLOBAL_N_110lineBufferILi4EEE_0_d0        |  out|    2|   ap_memory|  p_ZN12_GLOBAL_N_110lineBufferILi4EEE_0|         array|
|p_ZN12_GLOBAL_N_110lineBufferILi4EEE_0_q0        |   in|    2|   ap_memory|  p_ZN12_GLOBAL_N_110lineBufferILi4EEE_0|         array|
|p_ZN12_GLOBAL_N_110lineBufferILi4EEE_1_address0  |  out|   10|   ap_memory|  p_ZN12_GLOBAL_N_110lineBufferILi4EEE_1|         array|
|p_ZN12_GLOBAL_N_110lineBufferILi4EEE_1_ce0       |  out|    1|   ap_memory|  p_ZN12_GLOBAL_N_110lineBufferILi4EEE_1|         array|
|p_ZN12_GLOBAL_N_110lineBufferILi4EEE_1_we0       |  out|    1|   ap_memory|  p_ZN12_GLOBAL_N_110lineBufferILi4EEE_1|         array|
|p_ZN12_GLOBAL_N_110lineBufferILi4EEE_1_d0        |  out|    2|   ap_memory|  p_ZN12_GLOBAL_N_110lineBufferILi4EEE_1|         array|
|p_ZN12_GLOBAL_N_110lineBufferILi4EEE_1_q0        |   in|    2|   ap_memory|  p_ZN12_GLOBAL_N_110lineBufferILi4EEE_1|         array|
+-------------------------------------------------+-----+-----+------------+----------------------------------------+--------------+

============================================================
+ Verbose Summary: Synthesis Manager
============================================================
InlineROM: 1
ExposeGlobal: 0
============================================================
+ Verbose Summary: CDFG Model
============================================================
IsTopModel: 0
ResetActiveHigh: 1
IsCombinational: 2
IsDatapathOnly: 0
HasWiredReturn: 1
HasMFsm: 0
HasVarLatency: 1
IsPipeline: 0
IsRtlPipelined: 0
IsInstanceOverlapped: 0
IsDontTouch: 0
HasImplIP: 0
IsGatedGlobalClock: 0


============================================================
+ Verbose Summary: Schedule
============================================================
* Number of FSM states : 72
* Pipeline : 0
* Dataflow Pipeline: 0

* FSM state transitions: 
1 --> 2 72 
2 --> 3 
3 --> 4 
4 --> 5 
5 --> 6 
6 --> 7 
7 --> 8 
8 --> 9 
9 --> 10 
10 --> 11 
11 --> 12 
12 --> 13 
13 --> 14 
14 --> 15 
15 --> 16 
16 --> 17 
17 --> 18 
18 --> 19 
19 --> 20 
20 --> 21 
21 --> 22 
22 --> 23 
23 --> 24 
24 --> 25 
25 --> 26 
26 --> 27 
27 --> 28 
28 --> 29 
29 --> 30 
30 --> 31 
31 --> 32 
32 --> 33 
33 --> 34 
34 --> 35 
35 --> 36 
36 --> 37 
37 --> 72 38 
38 --> 39 
39 --> 40 
40 --> 41 
41 --> 42 
42 --> 43 
43 --> 44 
44 --> 45 
45 --> 46 
46 --> 47 
47 --> 48 
48 --> 49 
49 --> 50 
50 --> 51 
51 --> 52 
52 --> 53 
53 --> 54 
54 --> 55 
55 --> 56 
56 --> 57 
57 --> 58 
58 --> 59 
59 --> 60 
60 --> 61 
61 --> 62 
62 --> 63 
63 --> 64 
64 --> 65 
65 --> 66 
66 --> 67 
67 --> 68 
68 --> 69 
69 --> 70 
70 --> 71 
71 --> 72 
72 --> 

* FSM state operations: 

State 1 <SV = 0> <Delay = 2.25>
ST_1 : Operation 73 [1/1] (1.82ns)   --->   "%p_read43 = read i1 @_ssdm_op_Read.ap_auto.i1, i1 %p_read" [../src/hysteresis.cpp:53->../src/canny_top.cpp:36]   --->   Operation 73 'read' 'p_read43' <Predicate = true> <Delay = 1.82> <CoreInst = "FIFO_SRL">   --->   Core 80 'FIFO_SRL' <Latency = 0> <II = 1> <Delay = 1.83> <Storage> <Opcode : 'read' 'write' 'nbread' 'nbwrite'> <Ports = 0> <Width = 1> <Depth = 2> <FIFO>
ST_1 : Operation 74 [1/1] (0.42ns)   --->   "%br_ln58 = br i1 %p_read43, void %newFuncRoot.aft.aft.aft.aft.aft.aft.aft.aft.aft.aft.aft.aft.aft.aft.aft.aft.exitStub, void %if.end.i" [../src/hysteresis.cpp:58->../src/canny_top.cpp:36]   --->   Operation 74 'br' 'br_ln58' <Predicate = true> <Delay = 0.42>
ST_1 : Operation 75 [1/1] (0.00ns)   --->   "%p_anonymous_namespace_rowsReceived_4_load = load i32 %p_anonymous_namespace_rowsReceived_4_s" [../src/hysteresis.cpp:64->../src/canny_top.cpp:36]   --->   Operation 75 'load' 'p_anonymous_namespace_rowsReceived_4_load' <Predicate = (p_read43)> <Delay = 0.00>
ST_1 : Operation 76 [36/36] (1.47ns)   --->   "%writeSlot = srem i32 %p_anonymous_namespace_rowsReceived_4_load, i32 3" [../src/hysteresis.cpp:64->../src/canny_top.cpp:36]   --->   Operation 76 'srem' 'writeSlot' <Predicate = (p_read43)> <Delay = 1.47> <CoreInst = "DivnS_SEQ">   --->   Core 7 'DivnS_SEQ' <Latency = 35> <II = 2> <Delay = 1.47> <FuncUnit> <Opcode : 'udiv' 'sdiv' 'urem' 'srem'> <InPorts = 2> <OutPorts = 1>
ST_1 : Operation 77 [1/1] (0.00ns)   --->   "%tmp = partselect i31 @_ssdm_op_PartSelect.i31.i32.i32.i32, i32 %p_anonymous_namespace_rowsReceived_4_load, i32 1, i32 31" [../src/hysteresis.cpp:75->../src/canny_top.cpp:36]   --->   Operation 77 'partselect' 'tmp' <Predicate = (p_read43)> <Delay = 0.00>
ST_1 : Operation 78 [1/1] (1.00ns)   --->   "%icmp_ln75 = icmp_slt  i31 %tmp, i31 1" [../src/hysteresis.cpp:75->../src/canny_top.cpp:36]   --->   Operation 78 'icmp' 'icmp_ln75' <Predicate = (p_read43)> <Delay = 1.00> <CoreInst = "Cmp">   --->   Core 9 'Cmp' <Latency = 0> <II = 1> <Delay = 1.00> <FuncUnit> <Opcode : 'seteq' 'setne' 'setle' 'setge' 'setlt' 'setgt'> <InPorts = 2> <OutPorts = 1>

State 2 <SV = 1> <Delay = 1.47>
ST_2 : Operation 79 [35/36] (1.47ns)   --->   "%writeSlot = srem i32 %p_anonymous_namespace_rowsReceived_4_load, i32 3" [../src/hysteresis.cpp:64->../src/canny_top.cpp:36]   --->   Operation 79 'srem' 'writeSlot' <Predicate = true> <Delay = 1.47> <CoreInst = "DivnS_SEQ">   --->   Core 7 'DivnS_SEQ' <Latency = 35> <II = 2> <Delay = 1.47> <FuncUnit> <Opcode : 'udiv' 'sdiv' 'urem' 'srem'> <InPorts = 2> <OutPorts = 1>

State 3 <SV = 2> <Delay = 1.47>
ST_3 : Operation 80 [34/36] (1.47ns)   --->   "%writeSlot = srem i32 %p_anonymous_namespace_rowsReceived_4_load, i32 3" [../src/hysteresis.cpp:64->../src/canny_top.cpp:36]   --->   Operation 80 'srem' 'writeSlot' <Predicate = true> <Delay = 1.47> <CoreInst = "DivnS_SEQ">   --->   Core 7 'DivnS_SEQ' <Latency = 35> <II = 2> <Delay = 1.47> <FuncUnit> <Opcode : 'udiv' 'sdiv' 'urem' 'srem'> <InPorts = 2> <OutPorts = 1>

State 4 <SV = 3> <Delay = 1.47>
ST_4 : Operation 81 [33/36] (1.47ns)   --->   "%writeSlot = srem i32 %p_anonymous_namespace_rowsReceived_4_load, i32 3" [../src/hysteresis.cpp:64->../src/canny_top.cpp:36]   --->   Operation 81 'srem' 'writeSlot' <Predicate = true> <Delay = 1.47> <CoreInst = "DivnS_SEQ">   --->   Core 7 'DivnS_SEQ' <Latency = 35> <II = 2> <Delay = 1.47> <FuncUnit> <Opcode : 'udiv' 'sdiv' 'urem' 'srem'> <InPorts = 2> <OutPorts = 1>

State 5 <SV = 4> <Delay = 1.47>
ST_5 : Operation 82 [32/36] (1.47ns)   --->   "%writeSlot = srem i32 %p_anonymous_namespace_rowsReceived_4_load, i32 3" [../src/hysteresis.cpp:64->../src/canny_top.cpp:36]   --->   Operation 82 'srem' 'writeSlot' <Predicate = true> <Delay = 1.47> <CoreInst = "DivnS_SEQ">   --->   Core 7 'DivnS_SEQ' <Latency = 35> <II = 2> <Delay = 1.47> <FuncUnit> <Opcode : 'udiv' 'sdiv' 'urem' 'srem'> <InPorts = 2> <OutPorts = 1>

State 6 <SV = 5> <Delay = 1.47>
ST_6 : Operation 83 [31/36] (1.47ns)   --->   "%writeSlot = srem i32 %p_anonymous_namespace_rowsReceived_4_load, i32 3" [../src/hysteresis.cpp:64->../src/canny_top.cpp:36]   --->   Operation 83 'srem' 'writeSlot' <Predicate = true> <Delay = 1.47> <CoreInst = "DivnS_SEQ">   --->   Core 7 'DivnS_SEQ' <Latency = 35> <II = 2> <Delay = 1.47> <FuncUnit> <Opcode : 'udiv' 'sdiv' 'urem' 'srem'> <InPorts = 2> <OutPorts = 1>

State 7 <SV = 6> <Delay = 1.47>
ST_7 : Operation 84 [30/36] (1.47ns)   --->   "%writeSlot = srem i32 %p_anonymous_namespace_rowsReceived_4_load, i32 3" [../src/hysteresis.cpp:64->../src/canny_top.cpp:36]   --->   Operation 84 'srem' 'writeSlot' <Predicate = true> <Delay = 1.47> <CoreInst = "DivnS_SEQ">   --->   Core 7 'DivnS_SEQ' <Latency = 35> <II = 2> <Delay = 1.47> <FuncUnit> <Opcode : 'udiv' 'sdiv' 'urem' 'srem'> <InPorts = 2> <OutPorts = 1>

State 8 <SV = 7> <Delay = 1.47>
ST_8 : Operation 85 [29/36] (1.47ns)   --->   "%writeSlot = srem i32 %p_anonymous_namespace_rowsReceived_4_load, i32 3" [../src/hysteresis.cpp:64->../src/canny_top.cpp:36]   --->   Operation 85 'srem' 'writeSlot' <Predicate = true> <Delay = 1.47> <CoreInst = "DivnS_SEQ">   --->   Core 7 'DivnS_SEQ' <Latency = 35> <II = 2> <Delay = 1.47> <FuncUnit> <Opcode : 'udiv' 'sdiv' 'urem' 'srem'> <InPorts = 2> <OutPorts = 1>

State 9 <SV = 8> <Delay = 1.47>
ST_9 : Operation 86 [28/36] (1.47ns)   --->   "%writeSlot = srem i32 %p_anonymous_namespace_rowsReceived_4_load, i32 3" [../src/hysteresis.cpp:64->../src/canny_top.cpp:36]   --->   Operation 86 'srem' 'writeSlot' <Predicate = true> <Delay = 1.47> <CoreInst = "DivnS_SEQ">   --->   Core 7 'DivnS_SEQ' <Latency = 35> <II = 2> <Delay = 1.47> <FuncUnit> <Opcode : 'udiv' 'sdiv' 'urem' 'srem'> <InPorts = 2> <OutPorts = 1>

State 10 <SV = 9> <Delay = 1.47>
ST_10 : Operation 87 [27/36] (1.47ns)   --->   "%writeSlot = srem i32 %p_anonymous_namespace_rowsReceived_4_load, i32 3" [../src/hysteresis.cpp:64->../src/canny_top.cpp:36]   --->   Operation 87 'srem' 'writeSlot' <Predicate = true> <Delay = 1.47> <CoreInst = "DivnS_SEQ">   --->   Core 7 'DivnS_SEQ' <Latency = 35> <II = 2> <Delay = 1.47> <FuncUnit> <Opcode : 'udiv' 'sdiv' 'urem' 'srem'> <InPorts = 2> <OutPorts = 1>

State 11 <SV = 10> <Delay = 1.47>
ST_11 : Operation 88 [26/36] (1.47ns)   --->   "%writeSlot = srem i32 %p_anonymous_namespace_rowsReceived_4_load, i32 3" [../src/hysteresis.cpp:64->../src/canny_top.cpp:36]   --->   Operation 88 'srem' 'writeSlot' <Predicate = true> <Delay = 1.47> <CoreInst = "DivnS_SEQ">   --->   Core 7 'DivnS_SEQ' <Latency = 35> <II = 2> <Delay = 1.47> <FuncUnit> <Opcode : 'udiv' 'sdiv' 'urem' 'srem'> <InPorts = 2> <OutPorts = 1>

State 12 <SV = 11> <Delay = 1.47>
ST_12 : Operation 89 [25/36] (1.47ns)   --->   "%writeSlot = srem i32 %p_anonymous_namespace_rowsReceived_4_load, i32 3" [../src/hysteresis.cpp:64->../src/canny_top.cpp:36]   --->   Operation 89 'srem' 'writeSlot' <Predicate = true> <Delay = 1.47> <CoreInst = "DivnS_SEQ">   --->   Core 7 'DivnS_SEQ' <Latency = 35> <II = 2> <Delay = 1.47> <FuncUnit> <Opcode : 'udiv' 'sdiv' 'urem' 'srem'> <InPorts = 2> <OutPorts = 1>

State 13 <SV = 12> <Delay = 1.47>
ST_13 : Operation 90 [24/36] (1.47ns)   --->   "%writeSlot = srem i32 %p_anonymous_namespace_rowsReceived_4_load, i32 3" [../src/hysteresis.cpp:64->../src/canny_top.cpp:36]   --->   Operation 90 'srem' 'writeSlot' <Predicate = true> <Delay = 1.47> <CoreInst = "DivnS_SEQ">   --->   Core 7 'DivnS_SEQ' <Latency = 35> <II = 2> <Delay = 1.47> <FuncUnit> <Opcode : 'udiv' 'sdiv' 'urem' 'srem'> <InPorts = 2> <OutPorts = 1>

State 14 <SV = 13> <Delay = 1.47>
ST_14 : Operation 91 [23/36] (1.47ns)   --->   "%writeSlot = srem i32 %p_anonymous_namespace_rowsReceived_4_load, i32 3" [../src/hysteresis.cpp:64->../src/canny_top.cpp:36]   --->   Operation 91 'srem' 'writeSlot' <Predicate = true> <Delay = 1.47> <CoreInst = "DivnS_SEQ">   --->   Core 7 'DivnS_SEQ' <Latency = 35> <II = 2> <Delay = 1.47> <FuncUnit> <Opcode : 'udiv' 'sdiv' 'urem' 'srem'> <InPorts = 2> <OutPorts = 1>

State 15 <SV = 14> <Delay = 1.47>
ST_15 : Operation 92 [22/36] (1.47ns)   --->   "%writeSlot = srem i32 %p_anonymous_namespace_rowsReceived_4_load, i32 3" [../src/hysteresis.cpp:64->../src/canny_top.cpp:36]   --->   Operation 92 'srem' 'writeSlot' <Predicate = true> <Delay = 1.47> <CoreInst = "DivnS_SEQ">   --->   Core 7 'DivnS_SEQ' <Latency = 35> <II = 2> <Delay = 1.47> <FuncUnit> <Opcode : 'udiv' 'sdiv' 'urem' 'srem'> <InPorts = 2> <OutPorts = 1>

State 16 <SV = 15> <Delay = 1.47>
ST_16 : Operation 93 [21/36] (1.47ns)   --->   "%writeSlot = srem i32 %p_anonymous_namespace_rowsReceived_4_load, i32 3" [../src/hysteresis.cpp:64->../src/canny_top.cpp:36]   --->   Operation 93 'srem' 'writeSlot' <Predicate = true> <Delay = 1.47> <CoreInst = "DivnS_SEQ">   --->   Core 7 'DivnS_SEQ' <Latency = 35> <II = 2> <Delay = 1.47> <FuncUnit> <Opcode : 'udiv' 'sdiv' 'urem' 'srem'> <InPorts = 2> <OutPorts = 1>

State 17 <SV = 16> <Delay = 1.47>
ST_17 : Operation 94 [20/36] (1.47ns)   --->   "%writeSlot = srem i32 %p_anonymous_namespace_rowsReceived_4_load, i32 3" [../src/hysteresis.cpp:64->../src/canny_top.cpp:36]   --->   Operation 94 'srem' 'writeSlot' <Predicate = true> <Delay = 1.47> <CoreInst = "DivnS_SEQ">   --->   Core 7 'DivnS_SEQ' <Latency = 35> <II = 2> <Delay = 1.47> <FuncUnit> <Opcode : 'udiv' 'sdiv' 'urem' 'srem'> <InPorts = 2> <OutPorts = 1>

State 18 <SV = 17> <Delay = 1.47>
ST_18 : Operation 95 [19/36] (1.47ns)   --->   "%writeSlot = srem i32 %p_anonymous_namespace_rowsReceived_4_load, i32 3" [../src/hysteresis.cpp:64->../src/canny_top.cpp:36]   --->   Operation 95 'srem' 'writeSlot' <Predicate = true> <Delay = 1.47> <CoreInst = "DivnS_SEQ">   --->   Core 7 'DivnS_SEQ' <Latency = 35> <II = 2> <Delay = 1.47> <FuncUnit> <Opcode : 'udiv' 'sdiv' 'urem' 'srem'> <InPorts = 2> <OutPorts = 1>

State 19 <SV = 18> <Delay = 1.47>
ST_19 : Operation 96 [18/36] (1.47ns)   --->   "%writeSlot = srem i32 %p_anonymous_namespace_rowsReceived_4_load, i32 3" [../src/hysteresis.cpp:64->../src/canny_top.cpp:36]   --->   Operation 96 'srem' 'writeSlot' <Predicate = true> <Delay = 1.47> <CoreInst = "DivnS_SEQ">   --->   Core 7 'DivnS_SEQ' <Latency = 35> <II = 2> <Delay = 1.47> <FuncUnit> <Opcode : 'udiv' 'sdiv' 'urem' 'srem'> <InPorts = 2> <OutPorts = 1>

State 20 <SV = 19> <Delay = 1.47>
ST_20 : Operation 97 [17/36] (1.47ns)   --->   "%writeSlot = srem i32 %p_anonymous_namespace_rowsReceived_4_load, i32 3" [../src/hysteresis.cpp:64->../src/canny_top.cpp:36]   --->   Operation 97 'srem' 'writeSlot' <Predicate = true> <Delay = 1.47> <CoreInst = "DivnS_SEQ">   --->   Core 7 'DivnS_SEQ' <Latency = 35> <II = 2> <Delay = 1.47> <FuncUnit> <Opcode : 'udiv' 'sdiv' 'urem' 'srem'> <InPorts = 2> <OutPorts = 1>

State 21 <SV = 20> <Delay = 1.47>
ST_21 : Operation 98 [16/36] (1.47ns)   --->   "%writeSlot = srem i32 %p_anonymous_namespace_rowsReceived_4_load, i32 3" [../src/hysteresis.cpp:64->../src/canny_top.cpp:36]   --->   Operation 98 'srem' 'writeSlot' <Predicate = true> <Delay = 1.47> <CoreInst = "DivnS_SEQ">   --->   Core 7 'DivnS_SEQ' <Latency = 35> <II = 2> <Delay = 1.47> <FuncUnit> <Opcode : 'udiv' 'sdiv' 'urem' 'srem'> <InPorts = 2> <OutPorts = 1>

State 22 <SV = 21> <Delay = 1.47>
ST_22 : Operation 99 [15/36] (1.47ns)   --->   "%writeSlot = srem i32 %p_anonymous_namespace_rowsReceived_4_load, i32 3" [../src/hysteresis.cpp:64->../src/canny_top.cpp:36]   --->   Operation 99 'srem' 'writeSlot' <Predicate = true> <Delay = 1.47> <CoreInst = "DivnS_SEQ">   --->   Core 7 'DivnS_SEQ' <Latency = 35> <II = 2> <Delay = 1.47> <FuncUnit> <Opcode : 'udiv' 'sdiv' 'urem' 'srem'> <InPorts = 2> <OutPorts = 1>

State 23 <SV = 22> <Delay = 1.47>
ST_23 : Operation 100 [14/36] (1.47ns)   --->   "%writeSlot = srem i32 %p_anonymous_namespace_rowsReceived_4_load, i32 3" [../src/hysteresis.cpp:64->../src/canny_top.cpp:36]   --->   Operation 100 'srem' 'writeSlot' <Predicate = true> <Delay = 1.47> <CoreInst = "DivnS_SEQ">   --->   Core 7 'DivnS_SEQ' <Latency = 35> <II = 2> <Delay = 1.47> <FuncUnit> <Opcode : 'udiv' 'sdiv' 'urem' 'srem'> <InPorts = 2> <OutPorts = 1>

State 24 <SV = 23> <Delay = 1.47>
ST_24 : Operation 101 [13/36] (1.47ns)   --->   "%writeSlot = srem i32 %p_anonymous_namespace_rowsReceived_4_load, i32 3" [../src/hysteresis.cpp:64->../src/canny_top.cpp:36]   --->   Operation 101 'srem' 'writeSlot' <Predicate = true> <Delay = 1.47> <CoreInst = "DivnS_SEQ">   --->   Core 7 'DivnS_SEQ' <Latency = 35> <II = 2> <Delay = 1.47> <FuncUnit> <Opcode : 'udiv' 'sdiv' 'urem' 'srem'> <InPorts = 2> <OutPorts = 1>

State 25 <SV = 24> <Delay = 1.47>
ST_25 : Operation 102 [12/36] (1.47ns)   --->   "%writeSlot = srem i32 %p_anonymous_namespace_rowsReceived_4_load, i32 3" [../src/hysteresis.cpp:64->../src/canny_top.cpp:36]   --->   Operation 102 'srem' 'writeSlot' <Predicate = true> <Delay = 1.47> <CoreInst = "DivnS_SEQ">   --->   Core 7 'DivnS_SEQ' <Latency = 35> <II = 2> <Delay = 1.47> <FuncUnit> <Opcode : 'udiv' 'sdiv' 'urem' 'srem'> <InPorts = 2> <OutPorts = 1>

State 26 <SV = 25> <Delay = 1.47>
ST_26 : Operation 103 [11/36] (1.47ns)   --->   "%writeSlot = srem i32 %p_anonymous_namespace_rowsReceived_4_load, i32 3" [../src/hysteresis.cpp:64->../src/canny_top.cpp:36]   --->   Operation 103 'srem' 'writeSlot' <Predicate = true> <Delay = 1.47> <CoreInst = "DivnS_SEQ">   --->   Core 7 'DivnS_SEQ' <Latency = 35> <II = 2> <Delay = 1.47> <FuncUnit> <Opcode : 'udiv' 'sdiv' 'urem' 'srem'> <InPorts = 2> <OutPorts = 1>

State 27 <SV = 26> <Delay = 1.47>
ST_27 : Operation 104 [10/36] (1.47ns)   --->   "%writeSlot = srem i32 %p_anonymous_namespace_rowsReceived_4_load, i32 3" [../src/hysteresis.cpp:64->../src/canny_top.cpp:36]   --->   Operation 104 'srem' 'writeSlot' <Predicate = true> <Delay = 1.47> <CoreInst = "DivnS_SEQ">   --->   Core 7 'DivnS_SEQ' <Latency = 35> <II = 2> <Delay = 1.47> <FuncUnit> <Opcode : 'udiv' 'sdiv' 'urem' 'srem'> <InPorts = 2> <OutPorts = 1>

State 28 <SV = 27> <Delay = 1.47>
ST_28 : Operation 105 [9/36] (1.47ns)   --->   "%writeSlot = srem i32 %p_anonymous_namespace_rowsReceived_4_load, i32 3" [../src/hysteresis.cpp:64->../src/canny_top.cpp:36]   --->   Operation 105 'srem' 'writeSlot' <Predicate = true> <Delay = 1.47> <CoreInst = "DivnS_SEQ">   --->   Core 7 'DivnS_SEQ' <Latency = 35> <II = 2> <Delay = 1.47> <FuncUnit> <Opcode : 'udiv' 'sdiv' 'urem' 'srem'> <InPorts = 2> <OutPorts = 1>

State 29 <SV = 28> <Delay = 1.47>
ST_29 : Operation 106 [8/36] (1.47ns)   --->   "%writeSlot = srem i32 %p_anonymous_namespace_rowsReceived_4_load, i32 3" [../src/hysteresis.cpp:64->../src/canny_top.cpp:36]   --->   Operation 106 'srem' 'writeSlot' <Predicate = true> <Delay = 1.47> <CoreInst = "DivnS_SEQ">   --->   Core 7 'DivnS_SEQ' <Latency = 35> <II = 2> <Delay = 1.47> <FuncUnit> <Opcode : 'udiv' 'sdiv' 'urem' 'srem'> <InPorts = 2> <OutPorts = 1>

State 30 <SV = 29> <Delay = 1.47>
ST_30 : Operation 107 [7/36] (1.47ns)   --->   "%writeSlot = srem i32 %p_anonymous_namespace_rowsReceived_4_load, i32 3" [../src/hysteresis.cpp:64->../src/canny_top.cpp:36]   --->   Operation 107 'srem' 'writeSlot' <Predicate = true> <Delay = 1.47> <CoreInst = "DivnS_SEQ">   --->   Core 7 'DivnS_SEQ' <Latency = 35> <II = 2> <Delay = 1.47> <FuncUnit> <Opcode : 'udiv' 'sdiv' 'urem' 'srem'> <InPorts = 2> <OutPorts = 1>

State 31 <SV = 30> <Delay = 1.47>
ST_31 : Operation 108 [6/36] (1.47ns)   --->   "%writeSlot = srem i32 %p_anonymous_namespace_rowsReceived_4_load, i32 3" [../src/hysteresis.cpp:64->../src/canny_top.cpp:36]   --->   Operation 108 'srem' 'writeSlot' <Predicate = true> <Delay = 1.47> <CoreInst = "DivnS_SEQ">   --->   Core 7 'DivnS_SEQ' <Latency = 35> <II = 2> <Delay = 1.47> <FuncUnit> <Opcode : 'udiv' 'sdiv' 'urem' 'srem'> <InPorts = 2> <OutPorts = 1>

State 32 <SV = 31> <Delay = 1.47>
ST_32 : Operation 109 [5/36] (1.47ns)   --->   "%writeSlot = srem i32 %p_anonymous_namespace_rowsReceived_4_load, i32 3" [../src/hysteresis.cpp:64->../src/canny_top.cpp:36]   --->   Operation 109 'srem' 'writeSlot' <Predicate = true> <Delay = 1.47> <CoreInst = "DivnS_SEQ">   --->   Core 7 'DivnS_SEQ' <Latency = 35> <II = 2> <Delay = 1.47> <FuncUnit> <Opcode : 'udiv' 'sdiv' 'urem' 'srem'> <InPorts = 2> <OutPorts = 1>

State 33 <SV = 32> <Delay = 1.47>
ST_33 : Operation 110 [4/36] (1.47ns)   --->   "%writeSlot = srem i32 %p_anonymous_namespace_rowsReceived_4_load, i32 3" [../src/hysteresis.cpp:64->../src/canny_top.cpp:36]   --->   Operation 110 'srem' 'writeSlot' <Predicate = true> <Delay = 1.47> <CoreInst = "DivnS_SEQ">   --->   Core 7 'DivnS_SEQ' <Latency = 35> <II = 2> <Delay = 1.47> <FuncUnit> <Opcode : 'udiv' 'sdiv' 'urem' 'srem'> <InPorts = 2> <OutPorts = 1>

State 34 <SV = 33> <Delay = 1.47>
ST_34 : Operation 111 [3/36] (1.47ns)   --->   "%writeSlot = srem i32 %p_anonymous_namespace_rowsReceived_4_load, i32 3" [../src/hysteresis.cpp:64->../src/canny_top.cpp:36]   --->   Operation 111 'srem' 'writeSlot' <Predicate = true> <Delay = 1.47> <CoreInst = "DivnS_SEQ">   --->   Core 7 'DivnS_SEQ' <Latency = 35> <II = 2> <Delay = 1.47> <FuncUnit> <Opcode : 'udiv' 'sdiv' 'urem' 'srem'> <InPorts = 2> <OutPorts = 1>

State 35 <SV = 34> <Delay = 1.47>
ST_35 : Operation 112 [2/36] (1.47ns)   --->   "%writeSlot = srem i32 %p_anonymous_namespace_rowsReceived_4_load, i32 3" [../src/hysteresis.cpp:64->../src/canny_top.cpp:36]   --->   Operation 112 'srem' 'writeSlot' <Predicate = true> <Delay = 1.47> <CoreInst = "DivnS_SEQ">   --->   Core 7 'DivnS_SEQ' <Latency = 35> <II = 2> <Delay = 1.47> <FuncUnit> <Opcode : 'udiv' 'sdiv' 'urem' 'srem'> <InPorts = 2> <OutPorts = 1>

State 36 <SV = 35> <Delay = 1.47>
ST_36 : Operation 113 [1/36] (1.47ns)   --->   "%writeSlot = srem i32 %p_anonymous_namespace_rowsReceived_4_load, i32 3" [../src/hysteresis.cpp:64->../src/canny_top.cpp:36]   --->   Operation 113 'srem' 'writeSlot' <Predicate = true> <Delay = 1.47> <CoreInst = "DivnS_SEQ">   --->   Core 7 'DivnS_SEQ' <Latency = 35> <II = 2> <Delay = 1.47> <FuncUnit> <Opcode : 'udiv' 'sdiv' 'urem' 'srem'> <InPorts = 2> <OutPorts = 1>
ST_36 : Operation 114 [1/1] (0.00ns)   --->   "%trunc_ln63 = trunc i2 %writeSlot" [../src/hysteresis.cpp:63->../src/canny_top.cpp:36]   --->   Operation 114 'trunc' 'trunc_ln63' <Predicate = true> <Delay = 0.00>
ST_36 : Operation 115 [2/2] (0.00ns)   --->   "%call_ln63 = call void @hysteresis<4>_Pipeline_VITIS_LOOP_66_1, i2 %out_hysteresis4, i2 %trunc_ln63, i2 %out_hysteresis3, i2 %p_ZN12_GLOBAL_N_110lineBufferILi4EEE_0, i2 %p_ZN12_GLOBAL_N_110lineBufferILi4EEE_1" [../src/hysteresis.cpp:63->../src/canny_top.cpp:36]   --->   Operation 115 'call' 'call_ln63' <Predicate = true> <Delay = 0.00> <CoreType = "Generic">   --->   Generic Core

State 37 <SV = 36> <Delay = 2.48>
ST_37 : Operation 116 [1/2] (1.64ns)   --->   "%call_ln63 = call void @hysteresis<4>_Pipeline_VITIS_LOOP_66_1, i2 %out_hysteresis4, i2 %trunc_ln63, i2 %out_hysteresis3, i2 %p_ZN12_GLOBAL_N_110lineBufferILi4EEE_0, i2 %p_ZN12_GLOBAL_N_110lineBufferILi4EEE_1" [../src/hysteresis.cpp:63->../src/canny_top.cpp:36]   --->   Operation 116 'call' 'call_ln63' <Predicate = true> <Delay = 1.64> <CoreType = "Generic">   --->   Generic Core
ST_37 : Operation 117 [1/1] (0.42ns)   --->   "%br_ln75 = br i1 %icmp_ln75, void %if.end10.i, void %cleanup48.i" [../src/hysteresis.cpp:75->../src/canny_top.cpp:36]   --->   Operation 117 'br' 'br_ln75' <Predicate = true> <Delay = 0.42>
ST_37 : Operation 118 [1/1] (1.01ns)   --->   "%outputRow = add i32 %p_anonymous_namespace_rowsReceived_4_load, i32 4294967295" [../src/hysteresis.cpp:85->../src/canny_top.cpp:36]   --->   Operation 118 'add' 'outputRow' <Predicate = (!icmp_ln75)> <Delay = 1.01> <CoreInst = "Adder">   --->   Core 1 'Adder' <Latency = 0> <II = 1> <Delay = 1.01> <FuncUnit> <Opcode : 'add' 'sub'> <InPorts = 2> <OutPorts = 1>
ST_37 : Operation 119 [1/1] (0.00ns)   --->   "%trunc_ln85 = trunc i32 %outputRow" [../src/hysteresis.cpp:85->../src/canny_top.cpp:36]   --->   Operation 119 'trunc' 'trunc_ln85' <Predicate = (!icmp_ln75)> <Delay = 0.00>
ST_37 : Operation 120 [1/1] (1.01ns)   --->   "%icmp_ln90 = icmp_sgt  i32 %outputRow, i32 510" [../src/hysteresis.cpp:90->../src/canny_top.cpp:36]   --->   Operation 120 'icmp' 'icmp_ln90' <Predicate = (!icmp_ln75)> <Delay = 1.01> <CoreInst = "Cmp">   --->   Core 9 'Cmp' <Latency = 0> <II = 1> <Delay = 1.01> <FuncUnit> <Opcode : 'seteq' 'setne' 'setle' 'setge' 'setlt' 'setgt'> <InPorts = 2> <OutPorts = 1>
ST_37 : Operation 121 [1/1] (0.42ns)   --->   "%br_ln90 = br i1 %icmp_ln90, void %if.end15.i, void %cleanup48.i" [../src/hysteresis.cpp:90->../src/canny_top.cpp:36]   --->   Operation 121 'br' 'br_ln90' <Predicate = (!icmp_ln75)> <Delay = 0.42>
ST_37 : Operation 122 [35/35] (1.46ns)   --->   "%result = urem i31 %trunc_ln85, i31 3" [../src/hysteresis.cpp:85->../src/canny_top.cpp:36]   --->   Operation 122 'urem' 'result' <Predicate = (!icmp_ln75 & !icmp_ln90)> <Delay = 1.46> <CoreInst = "DivnS_SEQ">   --->   Core 7 'DivnS_SEQ' <Latency = 34> <II = 2> <Delay = 1.46> <FuncUnit> <Opcode : 'udiv' 'sdiv' 'urem' 'srem'> <InPorts = 2> <OutPorts = 1>

State 38 <SV = 37> <Delay = 1.46>
ST_38 : Operation 123 [34/35] (1.46ns)   --->   "%result = urem i31 %trunc_ln85, i31 3" [../src/hysteresis.cpp:85->../src/canny_top.cpp:36]   --->   Operation 123 'urem' 'result' <Predicate = true> <Delay = 1.46> <CoreInst = "DivnS_SEQ">   --->   Core 7 'DivnS_SEQ' <Latency = 34> <II = 2> <Delay = 1.46> <FuncUnit> <Opcode : 'udiv' 'sdiv' 'urem' 'srem'> <InPorts = 2> <OutPorts = 1>

State 39 <SV = 38> <Delay = 1.46>
ST_39 : Operation 124 [33/35] (1.46ns)   --->   "%result = urem i31 %trunc_ln85, i31 3" [../src/hysteresis.cpp:85->../src/canny_top.cpp:36]   --->   Operation 124 'urem' 'result' <Predicate = true> <Delay = 1.46> <CoreInst = "DivnS_SEQ">   --->   Core 7 'DivnS_SEQ' <Latency = 34> <II = 2> <Delay = 1.46> <FuncUnit> <Opcode : 'udiv' 'sdiv' 'urem' 'srem'> <InPorts = 2> <OutPorts = 1>

State 40 <SV = 39> <Delay = 1.46>
ST_40 : Operation 125 [32/35] (1.46ns)   --->   "%result = urem i31 %trunc_ln85, i31 3" [../src/hysteresis.cpp:85->../src/canny_top.cpp:36]   --->   Operation 125 'urem' 'result' <Predicate = true> <Delay = 1.46> <CoreInst = "DivnS_SEQ">   --->   Core 7 'DivnS_SEQ' <Latency = 34> <II = 2> <Delay = 1.46> <FuncUnit> <Opcode : 'udiv' 'sdiv' 'urem' 'srem'> <InPorts = 2> <OutPorts = 1>

State 41 <SV = 40> <Delay = 1.46>
ST_41 : Operation 126 [31/35] (1.46ns)   --->   "%result = urem i31 %trunc_ln85, i31 3" [../src/hysteresis.cpp:85->../src/canny_top.cpp:36]   --->   Operation 126 'urem' 'result' <Predicate = true> <Delay = 1.46> <CoreInst = "DivnS_SEQ">   --->   Core 7 'DivnS_SEQ' <Latency = 34> <II = 2> <Delay = 1.46> <FuncUnit> <Opcode : 'udiv' 'sdiv' 'urem' 'srem'> <InPorts = 2> <OutPorts = 1>

State 42 <SV = 41> <Delay = 1.46>
ST_42 : Operation 127 [30/35] (1.46ns)   --->   "%result = urem i31 %trunc_ln85, i31 3" [../src/hysteresis.cpp:85->../src/canny_top.cpp:36]   --->   Operation 127 'urem' 'result' <Predicate = true> <Delay = 1.46> <CoreInst = "DivnS_SEQ">   --->   Core 7 'DivnS_SEQ' <Latency = 34> <II = 2> <Delay = 1.46> <FuncUnit> <Opcode : 'udiv' 'sdiv' 'urem' 'srem'> <InPorts = 2> <OutPorts = 1>

State 43 <SV = 42> <Delay = 1.46>
ST_43 : Operation 128 [29/35] (1.46ns)   --->   "%result = urem i31 %trunc_ln85, i31 3" [../src/hysteresis.cpp:85->../src/canny_top.cpp:36]   --->   Operation 128 'urem' 'result' <Predicate = true> <Delay = 1.46> <CoreInst = "DivnS_SEQ">   --->   Core 7 'DivnS_SEQ' <Latency = 34> <II = 2> <Delay = 1.46> <FuncUnit> <Opcode : 'udiv' 'sdiv' 'urem' 'srem'> <InPorts = 2> <OutPorts = 1>

State 44 <SV = 43> <Delay = 1.46>
ST_44 : Operation 129 [28/35] (1.46ns)   --->   "%result = urem i31 %trunc_ln85, i31 3" [../src/hysteresis.cpp:85->../src/canny_top.cpp:36]   --->   Operation 129 'urem' 'result' <Predicate = true> <Delay = 1.46> <CoreInst = "DivnS_SEQ">   --->   Core 7 'DivnS_SEQ' <Latency = 34> <II = 2> <Delay = 1.46> <FuncUnit> <Opcode : 'udiv' 'sdiv' 'urem' 'srem'> <InPorts = 2> <OutPorts = 1>

State 45 <SV = 44> <Delay = 1.46>
ST_45 : Operation 130 [27/35] (1.46ns)   --->   "%result = urem i31 %trunc_ln85, i31 3" [../src/hysteresis.cpp:85->../src/canny_top.cpp:36]   --->   Operation 130 'urem' 'result' <Predicate = true> <Delay = 1.46> <CoreInst = "DivnS_SEQ">   --->   Core 7 'DivnS_SEQ' <Latency = 34> <II = 2> <Delay = 1.46> <FuncUnit> <Opcode : 'udiv' 'sdiv' 'urem' 'srem'> <InPorts = 2> <OutPorts = 1>

State 46 <SV = 45> <Delay = 1.46>
ST_46 : Operation 131 [26/35] (1.46ns)   --->   "%result = urem i31 %trunc_ln85, i31 3" [../src/hysteresis.cpp:85->../src/canny_top.cpp:36]   --->   Operation 131 'urem' 'result' <Predicate = true> <Delay = 1.46> <CoreInst = "DivnS_SEQ">   --->   Core 7 'DivnS_SEQ' <Latency = 34> <II = 2> <Delay = 1.46> <FuncUnit> <Opcode : 'udiv' 'sdiv' 'urem' 'srem'> <InPorts = 2> <OutPorts = 1>

State 47 <SV = 46> <Delay = 1.46>
ST_47 : Operation 132 [25/35] (1.46ns)   --->   "%result = urem i31 %trunc_ln85, i31 3" [../src/hysteresis.cpp:85->../src/canny_top.cpp:36]   --->   Operation 132 'urem' 'result' <Predicate = true> <Delay = 1.46> <CoreInst = "DivnS_SEQ">   --->   Core 7 'DivnS_SEQ' <Latency = 34> <II = 2> <Delay = 1.46> <FuncUnit> <Opcode : 'udiv' 'sdiv' 'urem' 'srem'> <InPorts = 2> <OutPorts = 1>

State 48 <SV = 47> <Delay = 1.46>
ST_48 : Operation 133 [24/35] (1.46ns)   --->   "%result = urem i31 %trunc_ln85, i31 3" [../src/hysteresis.cpp:85->../src/canny_top.cpp:36]   --->   Operation 133 'urem' 'result' <Predicate = true> <Delay = 1.46> <CoreInst = "DivnS_SEQ">   --->   Core 7 'DivnS_SEQ' <Latency = 34> <II = 2> <Delay = 1.46> <FuncUnit> <Opcode : 'udiv' 'sdiv' 'urem' 'srem'> <InPorts = 2> <OutPorts = 1>

State 49 <SV = 48> <Delay = 1.46>
ST_49 : Operation 134 [23/35] (1.46ns)   --->   "%result = urem i31 %trunc_ln85, i31 3" [../src/hysteresis.cpp:85->../src/canny_top.cpp:36]   --->   Operation 134 'urem' 'result' <Predicate = true> <Delay = 1.46> <CoreInst = "DivnS_SEQ">   --->   Core 7 'DivnS_SEQ' <Latency = 34> <II = 2> <Delay = 1.46> <FuncUnit> <Opcode : 'udiv' 'sdiv' 'urem' 'srem'> <InPorts = 2> <OutPorts = 1>

State 50 <SV = 49> <Delay = 1.46>
ST_50 : Operation 135 [22/35] (1.46ns)   --->   "%result = urem i31 %trunc_ln85, i31 3" [../src/hysteresis.cpp:85->../src/canny_top.cpp:36]   --->   Operation 135 'urem' 'result' <Predicate = true> <Delay = 1.46> <CoreInst = "DivnS_SEQ">   --->   Core 7 'DivnS_SEQ' <Latency = 34> <II = 2> <Delay = 1.46> <FuncUnit> <Opcode : 'udiv' 'sdiv' 'urem' 'srem'> <InPorts = 2> <OutPorts = 1>

State 51 <SV = 50> <Delay = 1.46>
ST_51 : Operation 136 [21/35] (1.46ns)   --->   "%result = urem i31 %trunc_ln85, i31 3" [../src/hysteresis.cpp:85->../src/canny_top.cpp:36]   --->   Operation 136 'urem' 'result' <Predicate = true> <Delay = 1.46> <CoreInst = "DivnS_SEQ">   --->   Core 7 'DivnS_SEQ' <Latency = 34> <II = 2> <Delay = 1.46> <FuncUnit> <Opcode : 'udiv' 'sdiv' 'urem' 'srem'> <InPorts = 2> <OutPorts = 1>

State 52 <SV = 51> <Delay = 1.46>
ST_52 : Operation 137 [20/35] (1.46ns)   --->   "%result = urem i31 %trunc_ln85, i31 3" [../src/hysteresis.cpp:85->../src/canny_top.cpp:36]   --->   Operation 137 'urem' 'result' <Predicate = true> <Delay = 1.46> <CoreInst = "DivnS_SEQ">   --->   Core 7 'DivnS_SEQ' <Latency = 34> <II = 2> <Delay = 1.46> <FuncUnit> <Opcode : 'udiv' 'sdiv' 'urem' 'srem'> <InPorts = 2> <OutPorts = 1>

State 53 <SV = 52> <Delay = 1.46>
ST_53 : Operation 138 [19/35] (1.46ns)   --->   "%result = urem i31 %trunc_ln85, i31 3" [../src/hysteresis.cpp:85->../src/canny_top.cpp:36]   --->   Operation 138 'urem' 'result' <Predicate = true> <Delay = 1.46> <CoreInst = "DivnS_SEQ">   --->   Core 7 'DivnS_SEQ' <Latency = 34> <II = 2> <Delay = 1.46> <FuncUnit> <Opcode : 'udiv' 'sdiv' 'urem' 'srem'> <InPorts = 2> <OutPorts = 1>

State 54 <SV = 53> <Delay = 1.46>
ST_54 : Operation 139 [18/35] (1.46ns)   --->   "%result = urem i31 %trunc_ln85, i31 3" [../src/hysteresis.cpp:85->../src/canny_top.cpp:36]   --->   Operation 139 'urem' 'result' <Predicate = true> <Delay = 1.46> <CoreInst = "DivnS_SEQ">   --->   Core 7 'DivnS_SEQ' <Latency = 34> <II = 2> <Delay = 1.46> <FuncUnit> <Opcode : 'udiv' 'sdiv' 'urem' 'srem'> <InPorts = 2> <OutPorts = 1>

State 55 <SV = 54> <Delay = 1.46>
ST_55 : Operation 140 [17/35] (1.46ns)   --->   "%result = urem i31 %trunc_ln85, i31 3" [../src/hysteresis.cpp:85->../src/canny_top.cpp:36]   --->   Operation 140 'urem' 'result' <Predicate = true> <Delay = 1.46> <CoreInst = "DivnS_SEQ">   --->   Core 7 'DivnS_SEQ' <Latency = 34> <II = 2> <Delay = 1.46> <FuncUnit> <Opcode : 'udiv' 'sdiv' 'urem' 'srem'> <InPorts = 2> <OutPorts = 1>

State 56 <SV = 55> <Delay = 1.46>
ST_56 : Operation 141 [16/35] (1.46ns)   --->   "%result = urem i31 %trunc_ln85, i31 3" [../src/hysteresis.cpp:85->../src/canny_top.cpp:36]   --->   Operation 141 'urem' 'result' <Predicate = true> <Delay = 1.46> <CoreInst = "DivnS_SEQ">   --->   Core 7 'DivnS_SEQ' <Latency = 34> <II = 2> <Delay = 1.46> <FuncUnit> <Opcode : 'udiv' 'sdiv' 'urem' 'srem'> <InPorts = 2> <OutPorts = 1>

State 57 <SV = 56> <Delay = 1.46>
ST_57 : Operation 142 [15/35] (1.46ns)   --->   "%result = urem i31 %trunc_ln85, i31 3" [../src/hysteresis.cpp:85->../src/canny_top.cpp:36]   --->   Operation 142 'urem' 'result' <Predicate = true> <Delay = 1.46> <CoreInst = "DivnS_SEQ">   --->   Core 7 'DivnS_SEQ' <Latency = 34> <II = 2> <Delay = 1.46> <FuncUnit> <Opcode : 'udiv' 'sdiv' 'urem' 'srem'> <InPorts = 2> <OutPorts = 1>

State 58 <SV = 57> <Delay = 1.46>
ST_58 : Operation 143 [14/35] (1.46ns)   --->   "%result = urem i31 %trunc_ln85, i31 3" [../src/hysteresis.cpp:85->../src/canny_top.cpp:36]   --->   Operation 143 'urem' 'result' <Predicate = true> <Delay = 1.46> <CoreInst = "DivnS_SEQ">   --->   Core 7 'DivnS_SEQ' <Latency = 34> <II = 2> <Delay = 1.46> <FuncUnit> <Opcode : 'udiv' 'sdiv' 'urem' 'srem'> <InPorts = 2> <OutPorts = 1>

State 59 <SV = 58> <Delay = 1.46>
ST_59 : Operation 144 [13/35] (1.46ns)   --->   "%result = urem i31 %trunc_ln85, i31 3" [../src/hysteresis.cpp:85->../src/canny_top.cpp:36]   --->   Operation 144 'urem' 'result' <Predicate = true> <Delay = 1.46> <CoreInst = "DivnS_SEQ">   --->   Core 7 'DivnS_SEQ' <Latency = 34> <II = 2> <Delay = 1.46> <FuncUnit> <Opcode : 'udiv' 'sdiv' 'urem' 'srem'> <InPorts = 2> <OutPorts = 1>

State 60 <SV = 59> <Delay = 1.46>
ST_60 : Operation 145 [12/35] (1.46ns)   --->   "%result = urem i31 %trunc_ln85, i31 3" [../src/hysteresis.cpp:85->../src/canny_top.cpp:36]   --->   Operation 145 'urem' 'result' <Predicate = true> <Delay = 1.46> <CoreInst = "DivnS_SEQ">   --->   Core 7 'DivnS_SEQ' <Latency = 34> <II = 2> <Delay = 1.46> <FuncUnit> <Opcode : 'udiv' 'sdiv' 'urem' 'srem'> <InPorts = 2> <OutPorts = 1>

State 61 <SV = 60> <Delay = 1.46>
ST_61 : Operation 146 [11/35] (1.46ns)   --->   "%result = urem i31 %trunc_ln85, i31 3" [../src/hysteresis.cpp:85->../src/canny_top.cpp:36]   --->   Operation 146 'urem' 'result' <Predicate = true> <Delay = 1.46> <CoreInst = "DivnS_SEQ">   --->   Core 7 'DivnS_SEQ' <Latency = 34> <II = 2> <Delay = 1.46> <FuncUnit> <Opcode : 'udiv' 'sdiv' 'urem' 'srem'> <InPorts = 2> <OutPorts = 1>

State 62 <SV = 61> <Delay = 1.46>
ST_62 : Operation 147 [10/35] (1.46ns)   --->   "%result = urem i31 %trunc_ln85, i31 3" [../src/hysteresis.cpp:85->../src/canny_top.cpp:36]   --->   Operation 147 'urem' 'result' <Predicate = true> <Delay = 1.46> <CoreInst = "DivnS_SEQ">   --->   Core 7 'DivnS_SEQ' <Latency = 34> <II = 2> <Delay = 1.46> <FuncUnit> <Opcode : 'udiv' 'sdiv' 'urem' 'srem'> <InPorts = 2> <OutPorts = 1>

State 63 <SV = 62> <Delay = 1.46>
ST_63 : Operation 148 [9/35] (1.46ns)   --->   "%result = urem i31 %trunc_ln85, i31 3" [../src/hysteresis.cpp:85->../src/canny_top.cpp:36]   --->   Operation 148 'urem' 'result' <Predicate = true> <Delay = 1.46> <CoreInst = "DivnS_SEQ">   --->   Core 7 'DivnS_SEQ' <Latency = 34> <II = 2> <Delay = 1.46> <FuncUnit> <Opcode : 'udiv' 'sdiv' 'urem' 'srem'> <InPorts = 2> <OutPorts = 1>

State 64 <SV = 63> <Delay = 1.46>
ST_64 : Operation 149 [8/35] (1.46ns)   --->   "%result = urem i31 %trunc_ln85, i31 3" [../src/hysteresis.cpp:85->../src/canny_top.cpp:36]   --->   Operation 149 'urem' 'result' <Predicate = true> <Delay = 1.46> <CoreInst = "DivnS_SEQ">   --->   Core 7 'DivnS_SEQ' <Latency = 34> <II = 2> <Delay = 1.46> <FuncUnit> <Opcode : 'udiv' 'sdiv' 'urem' 'srem'> <InPorts = 2> <OutPorts = 1>

State 65 <SV = 64> <Delay = 1.46>
ST_65 : Operation 150 [7/35] (1.46ns)   --->   "%result = urem i31 %trunc_ln85, i31 3" [../src/hysteresis.cpp:85->../src/canny_top.cpp:36]   --->   Operation 150 'urem' 'result' <Predicate = true> <Delay = 1.46> <CoreInst = "DivnS_SEQ">   --->   Core 7 'DivnS_SEQ' <Latency = 34> <II = 2> <Delay = 1.46> <FuncUnit> <Opcode : 'udiv' 'sdiv' 'urem' 'srem'> <InPorts = 2> <OutPorts = 1>

State 66 <SV = 65> <Delay = 1.46>
ST_66 : Operation 151 [6/35] (1.46ns)   --->   "%result = urem i31 %trunc_ln85, i31 3" [../src/hysteresis.cpp:85->../src/canny_top.cpp:36]   --->   Operation 151 'urem' 'result' <Predicate = true> <Delay = 1.46> <CoreInst = "DivnS_SEQ">   --->   Core 7 'DivnS_SEQ' <Latency = 34> <II = 2> <Delay = 1.46> <FuncUnit> <Opcode : 'udiv' 'sdiv' 'urem' 'srem'> <InPorts = 2> <OutPorts = 1>

State 67 <SV = 66> <Delay = 1.46>
ST_67 : Operation 152 [5/35] (1.46ns)   --->   "%result = urem i31 %trunc_ln85, i31 3" [../src/hysteresis.cpp:85->../src/canny_top.cpp:36]   --->   Operation 152 'urem' 'result' <Predicate = true> <Delay = 1.46> <CoreInst = "DivnS_SEQ">   --->   Core 7 'DivnS_SEQ' <Latency = 34> <II = 2> <Delay = 1.46> <FuncUnit> <Opcode : 'udiv' 'sdiv' 'urem' 'srem'> <InPorts = 2> <OutPorts = 1>

State 68 <SV = 67> <Delay = 1.46>
ST_68 : Operation 153 [4/35] (1.46ns)   --->   "%result = urem i31 %trunc_ln85, i31 3" [../src/hysteresis.cpp:85->../src/canny_top.cpp:36]   --->   Operation 153 'urem' 'result' <Predicate = true> <Delay = 1.46> <CoreInst = "DivnS_SEQ">   --->   Core 7 'DivnS_SEQ' <Latency = 34> <II = 2> <Delay = 1.46> <FuncUnit> <Opcode : 'udiv' 'sdiv' 'urem' 'srem'> <InPorts = 2> <OutPorts = 1>

State 69 <SV = 68> <Delay = 1.46>
ST_69 : Operation 154 [3/35] (1.46ns)   --->   "%result = urem i31 %trunc_ln85, i31 3" [../src/hysteresis.cpp:85->../src/canny_top.cpp:36]   --->   Operation 154 'urem' 'result' <Predicate = true> <Delay = 1.46> <CoreInst = "DivnS_SEQ">   --->   Core 7 'DivnS_SEQ' <Latency = 34> <II = 2> <Delay = 1.46> <FuncUnit> <Opcode : 'udiv' 'sdiv' 'urem' 'srem'> <InPorts = 2> <OutPorts = 1>

State 70 <SV = 69> <Delay = 1.46>
ST_70 : Operation 155 [2/35] (1.46ns)   --->   "%result = urem i31 %trunc_ln85, i31 3" [../src/hysteresis.cpp:85->../src/canny_top.cpp:36]   --->   Operation 155 'urem' 'result' <Predicate = true> <Delay = 1.46> <CoreInst = "DivnS_SEQ">   --->   Core 7 'DivnS_SEQ' <Latency = 34> <II = 2> <Delay = 1.46> <FuncUnit> <Opcode : 'udiv' 'sdiv' 'urem' 'srem'> <InPorts = 2> <OutPorts = 1>

State 71 <SV = 70> <Delay = 2.70>
ST_71 : Operation 156 [1/35] (1.46ns)   --->   "%result = urem i31 %trunc_ln85, i31 3" [../src/hysteresis.cpp:85->../src/canny_top.cpp:36]   --->   Operation 156 'urem' 'result' <Predicate = true> <Delay = 1.46> <CoreInst = "DivnS_SEQ">   --->   Core 7 'DivnS_SEQ' <Latency = 34> <II = 2> <Delay = 1.46> <FuncUnit> <Opcode : 'udiv' 'sdiv' 'urem' 'srem'> <InPorts = 2> <OutPorts = 1>
ST_71 : Operation 157 [1/1] (0.00ns)   --->   "%trunc_ln16 = trunc i2 %result" [../src/hysteresis.cpp:16->../src/hysteresis.cpp:103->../src/canny_top.cpp:36]   --->   Operation 157 'trunc' 'trunc_ln16' <Predicate = true> <Delay = 0.00>
ST_71 : Operation 158 [2/2] (1.23ns)   --->   "%call_ln16 = call void @hysteresis<4>_Pipeline_VITIS_LOOP_114_2, i2 %trunc_ln16, i2 %out_hysteresis4, i2 %p_ZN12_GLOBAL_N_110lineBufferILi4EEE_0, i2 %p_ZN12_GLOBAL_N_110lineBufferILi4EEE_1" [../src/hysteresis.cpp:16->../src/hysteresis.cpp:103->../src/canny_top.cpp:36]   --->   Operation 158 'call' 'call_ln16' <Predicate = true> <Delay = 1.23> <CoreType = "Generic">   --->   Generic Core

State 72 <SV = 71> <Delay = 1.63>
ST_72 : Operation 159 [1/2] (1.63ns)   --->   "%call_ln16 = call void @hysteresis<4>_Pipeline_VITIS_LOOP_114_2, i2 %trunc_ln16, i2 %out_hysteresis4, i2 %p_ZN12_GLOBAL_N_110lineBufferILi4EEE_0, i2 %p_ZN12_GLOBAL_N_110lineBufferILi4EEE_1" [../src/hysteresis.cpp:16->../src/hysteresis.cpp:103->../src/canny_top.cpp:36]   --->   Operation 159 'call' 'call_ln16' <Predicate = (p_read43 & !icmp_ln75 & !icmp_ln90)> <Delay = 1.63> <CoreType = "Generic">   --->   Generic Core
ST_72 : Operation 160 [1/1] (0.42ns)   --->   "%br_ln0 = br void %cleanup48.i"   --->   Operation 160 'br' 'br_ln0' <Predicate = (p_read43 & !icmp_ln75 & !icmp_ln90)> <Delay = 0.42>
ST_72 : Operation 161 [1/1] (0.00ns)   --->   "%hysteresis4_valid_1 = phi i1 0, void %if.end.i, i1 0, void %if.end10.i, i1 1, void %if.end15.i"   --->   Operation 161 'phi' 'hysteresis4_valid_1' <Predicate = (p_read43)> <Delay = 0.00>
ST_72 : Operation 162 [1/1] (1.01ns)   --->   "%add_ln92 = add i32 %p_anonymous_namespace_rowsReceived_4_load, i32 1" [../src/hysteresis.cpp:92->../src/canny_top.cpp:36]   --->   Operation 162 'add' 'add_ln92' <Predicate = (p_read43)> <Delay = 1.01> <CoreInst = "Adder">   --->   Core 1 'Adder' <Latency = 0> <II = 1> <Delay = 1.01> <FuncUnit> <Opcode : 'add' 'sub'> <InPorts = 2> <OutPorts = 1>
ST_72 : Operation 163 [1/1] (0.00ns)   --->   "%store_ln92 = store i32 %add_ln92, i32 %p_anonymous_namespace_rowsReceived_4_s" [../src/hysteresis.cpp:92->../src/canny_top.cpp:36]   --->   Operation 163 'store' 'store_ln92' <Predicate = (p_read43)> <Delay = 0.00>
ST_72 : Operation 164 [1/1] (0.42ns)   --->   "%br_ln0 = br void %newFuncRoot.aft.aft.aft.aft.aft.aft.aft.aft.aft.aft.aft.aft.aft.aft.aft.aft.exitStub"   --->   Operation 164 'br' 'br_ln0' <Predicate = (p_read43)> <Delay = 0.42>
ST_72 : Operation 165 [1/1] (0.00ns)   --->   "%valid_out_write_assign = phi i1 %hysteresis4_valid_1, void %cleanup48.i, i1 0, void %newFuncRoot"   --->   Operation 165 'phi' 'valid_out_write_assign' <Predicate = true> <Delay = 0.00>
ST_72 : Operation 166 [1/1] (0.00ns)   --->   "%ret_ln0 = ret i1 %valid_out_write_assign"   --->   Operation 166 'ret' 'ret_ln0' <Predicate = true> <Delay = 0.00>


============================================================
+ Verbose Summary: Binding
============================================================
STG Binding: 
---------------- STG Properties BEGIN ----------------
- Is combinational: 0
- Is one-state seq: 0
- Is datapath-only: 0
- Is pipelined: 0
- Is top level: 0
Port [ Return ] is wired: 1; IO mode=ap_ctrl_hs:ce=0
Port [ p_read]:  wired=1; compound=0; hidden=0; nouse=0; global=0; static=0; extern=0; dir=0; type=0; pingpong=0; private_global=0; IO mode=ap_none:ce=0
Port [ out_hysteresis3]:  wired=1; compound=1; hidden=0; nouse=0; global=0; static=0; extern=0; dir=0; type=1; pingpong=1; private_global=0; MemPort=[13]; IO mode=ap_memory:ce=0
Port [ out_hysteresis4]:  wired=1; compound=1; hidden=0; nouse=0; global=0; static=0; extern=0; dir=1; type=1; pingpong=1; private_global=0; MemPort=[03]; IO mode=ap_memory:ce=0
Port [ p_anonymous_namespace_rowsReceived_4_s]:  wired=1; compound=0; hidden=0; nouse=0; global=1; static=1; extern=0; dir=2; type=0; pingpong=0; private_global=0; IO mode=ap_ovld:ce=0
Port [ p_ZN12_GLOBAL_N_110lineBufferILi4EEE_0]:  wired=1; compound=1; hidden=0; nouse=0; global=1; static=1; extern=0; dir=2; type=1; pingpong=0; private_global=0; MemPort=[23]; IO mode=ap_memory:ce=0
Port [ p_ZN12_GLOBAL_N_110lineBufferILi4EEE_1]:  wired=1; compound=1; hidden=0; nouse=0; global=1; static=1; extern=0; dir=2; type=1; pingpong=0; private_global=0; MemPort=[23]; IO mode=ap_memory:ce=0
---------------- STG Properties END ------------------

---------------- Datapath Model BEGIN ----------------

<LifeTime>
<method=bitvector/>
p_read43                                  (read      ) [ 0111111111111111111111111111111111111111111111111111111111111111111111111]
br_ln58                                   (br        ) [ 0111111111111111111111111111111111111111111111111111111111111111111111111]
p_anonymous_namespace_rowsReceived_4_load (load      ) [ 0011111111111111111111111111111111111111111111111111111111111111111111111]
tmp                                       (partselect) [ 0000000000000000000000000000000000000000000000000000000000000000000000000]
icmp_ln75                                 (icmp      ) [ 0011111111111111111111111111111111111111111111111111111111111111111111111]
writeSlot                                 (srem      ) [ 0000000000000000000000000000000000000000000000000000000000000000000000000]
trunc_ln63                                (trunc     ) [ 0000000000000000000000000000000000000100000000000000000000000000000000000]
call_ln63                                 (call      ) [ 0000000000000000000000000000000000000000000000000000000000000000000000000]
br_ln75                                   (br        ) [ 0000000000000000000000000000000000000111111111111111111111111111111111111]
outputRow                                 (add       ) [ 0000000000000000000000000000000000000000000000000000000000000000000000000]
trunc_ln85                                (trunc     ) [ 0000000000000000000000000000000000000011111111111111111111111111111111110]
icmp_ln90                                 (icmp      ) [ 0000000000000000000000000000000000000111111111111111111111111111111111111]
br_ln90                                   (br        ) [ 0000000000000000000000000000000000000111111111111111111111111111111111111]
result                                    (urem      ) [ 0000000000000000000000000000000000000000000000000000000000000000000000000]
trunc_ln16                                (trunc     ) [ 0000000000000000000000000000000000000000000000000000000000000000000000001]
call_ln16                                 (call      ) [ 0000000000000000000000000000000000000000000000000000000000000000000000000]
br_ln0                                    (br        ) [ 0000000000000000000000000000000000000000000000000000000000000000000000000]
hysteresis4_valid_1                       (phi       ) [ 0000000000000000000000000000000000000000000000000000000000000000000000001]
add_ln92                                  (add       ) [ 0000000000000000000000000000000000000000000000000000000000000000000000000]
store_ln92                                (store     ) [ 0000000000000000000000000000000000000000000000000000000000000000000000000]
br_ln0                                    (br        ) [ 0000000000000000000000000000000000000000000000000000000000000000000000000]
valid_out_write_assign                    (phi       ) [ 0000000000000000000000000000000000000000000000000000000000000000000000001]
ret_ln0                                   (ret       ) [ 0000000000000000000000000000000000000000000000000000000000000000000000000]
</LifeTime>

<model>

<comp_list>
<comp id="0" class="1000" name="p_read">
<pin_list>
<pin id="1" dir="1" index="0" bw="1" slack="0"/>
</pin_list>
<bind>
<StgValue><ssdm name="p_read"/></StgValue>
</bind>
</comp>

<comp id="2" class="1000" name="out_hysteresis3">
<pin_list>
<pin id="3" dir="1" index="0" bw="1" slack="0"/>
</pin_list>
<bind>
<StgValue><ssdm name="out_hysteresis3"/><MemPortTyVec>1 3 </MemPortTyVec>
</StgValue>
</bind>
</comp>

<comp id="4" class="1000" name="out_hysteresis4">
<pin_list>
<pin id="5" dir="1" index="0" bw="1" slack="0"/>
</pin_list>
<bind>
<StgValue><ssdm name="out_hysteresis4"/><MemPortTyVec>0 3 </MemPortTyVec>
</StgValue>
</bind>
</comp>

<comp id="6" class="1000" name="p_anonymous_namespace_rowsReceived_4_s">
<pin_list>
<pin id="7" dir="1" index="0" bw="1" slack="0"/>
</pin_list>
<bind>
<StgValue><ssdm name="p_anonymous_namespace_rowsReceived_4_s"/></StgValue>
</bind>
</comp>

<comp id="8" class="1000" name="p_ZN12_GLOBAL_N_110lineBufferILi4EEE_0">
<pin_list>
<pin id="9" dir="1" index="0" bw="1" slack="0"/>
</pin_list>
<bind>
<StgValue><ssdm name="p_ZN12_GLOBAL_N_110lineBufferILi4EEE_0"/><MemPortTyVec>2 3 </MemPortTyVec>
</StgValue>
</bind>
</comp>

<comp id="10" class="1000" name="p_ZN12_GLOBAL_N_110lineBufferILi4EEE_1">
<pin_list>
<pin id="11" dir="1" index="0" bw="1" slack="0"/>
</pin_list>
<bind>
<StgValue><ssdm name="p_ZN12_GLOBAL_N_110lineBufferILi4EEE_1"/><MemPortTyVec>2 3 </MemPortTyVec>
</StgValue>
</bind>
</comp>

<comp id="12" class="1001" name="const_12">
<pin_list>
<pin id="13" dir="1" index="0" bw="1" slack="0"/>
</pin_list>
<bind>
<StgValue><ssdm name="_ssdm_op_Read.ap_auto.i1"/></StgValue>
</bind>
</comp>

<comp id="14" class="1001" name="const_14">
<pin_list>
<pin id="15" dir="1" index="0" bw="1" slack="0"/>
</pin_list>
<bind>
<StgValue><ssdm name=""/></StgValue>
</bind>
</comp>

<comp id="16" class="1001" name="const_16">
<pin_list>
<pin id="17" dir="1" index="0" bw="1" slack="0"/>
</pin_list>
<bind>
<StgValue><ssdm name="_ssdm_op_PartSelect.i31.i32.i32.i32"/></StgValue>
</bind>
</comp>

<comp id="18" class="1001" name="const_18">
<pin_list>
<pin id="19" dir="1" index="0" bw="1" slack="0"/>
</pin_list>
<bind>
<StgValue><ssdm name=""/></StgValue>
</bind>
</comp>

<comp id="20" class="1001" name="const_20">
<pin_list>
<pin id="21" dir="1" index="0" bw="1" slack="0"/>
</pin_list>
<bind>
<StgValue><ssdm name=""/></StgValue>
</bind>
</comp>

<comp id="22" class="1001" name="const_22">
<pin_list>
<pin id="23" dir="1" index="0" bw="1" slack="0"/>
</pin_list>
<bind>
<StgValue><ssdm name=""/></StgValue>
</bind>
</comp>

<comp id="24" class="1001" name="const_24">
<pin_list>
<pin id="25" dir="1" index="0" bw="1" slack="0"/>
</pin_list>
<bind>
<StgValue><ssdm name="hysteresis<4>_Pipeline_VITIS_LOOP_66_1"/></StgValue>
</bind>
</comp>

<comp id="26" class="1001" name="const_26">
<pin_list>
<pin id="27" dir="1" index="0" bw="1" slack="0"/>
</pin_list>
<bind>
<StgValue><ssdm name=""/></StgValue>
</bind>
</comp>

<comp id="28" class="1001" name="const_28">
<pin_list>
<pin id="29" dir="1" index="0" bw="1" slack="0"/>
</pin_list>
<bind>
<StgValue><ssdm name=""/></StgValue>
</bind>
</comp>

<comp id="30" class="1001" name="const_30">
<pin_list>
<pin id="31" dir="1" index="0" bw="1" slack="0"/>
</pin_list>
<bind>
<StgValue><ssdm name=""/></StgValue>
</bind>
</comp>

<comp id="32" class="1001" name="const_32">
<pin_list>
<pin id="33" dir="1" index="0" bw="1" slack="0"/>
</pin_list>
<bind>
<StgValue><ssdm name="hysteresis<4>_Pipeline_VITIS_LOOP_114_2"/></StgValue>
</bind>
</comp>

<comp id="34" class="1001" name="const_34">
<pin_list>
<pin id="35" dir="1" index="0" bw="1" slack="35"/>
</pin_list>
<bind>
<StgValue><ssdm name=""/></StgValue>
</bind>
</comp>

<comp id="36" class="1001" name="const_36">
<pin_list>
<pin id="37" dir="1" index="0" bw="1" slack="0"/>
</pin_list>
<bind>
<StgValue><ssdm name=""/></StgValue>
</bind>
</comp>

<comp id="38" class="1004" name="p_read43_read_fu_38">
<pin_list>
<pin id="39" dir="0" index="0" bw="1" slack="0"/>
<pin id="40" dir="0" index="1" bw="1" slack="0"/>
<pin id="41" dir="1" index="2" bw="1" slack="71"/>
</pin_list>
<bind>
<opcode="read(1150) " fcode="read"/>
<opset="p_read43/1 "/>
</bind>
</comp>

<comp id="44" class="1005" name="hysteresis4_valid_1_reg_44">
<pin_list>
<pin id="45" dir="0" index="0" bw="1" slack="35"/>
<pin id="46" dir="1" index="1" bw="1" slack="35"/>
</pin_list>
<bind>
<opset="hysteresis4_valid_1 (phireg) "/>
</bind>
</comp>

<comp id="48" class="1004" name="hysteresis4_valid_1_phi_fu_48">
<pin_list>
<pin id="49" dir="0" index="0" bw="1" slack="35"/>
<pin id="50" dir="0" index="1" bw="0" slack="2147483647"/>
<pin id="51" dir="0" index="2" bw="1" slack="35"/>
<pin id="52" dir="0" index="3" bw="0" slack="2147483647"/>
<pin id="53" dir="0" index="4" bw="1" slack="0"/>
<pin id="54" dir="0" index="5" bw="0" slack="2147483647"/>
<pin id="55" dir="1" index="6" bw="1" slack="0"/>
</pin_list>
<bind>
<opcode="phi(47) " fcode="phi"/>
<opset="hysteresis4_valid_1/72 "/>
</bind>
</comp>

<comp id="59" class="1005" name="valid_out_write_assign_reg_59">
<pin_list>
<pin id="60" dir="0" index="0" bw="1" slack="71"/>
<pin id="61" dir="1" index="1" bw="1" slack="71"/>
</pin_list>
<bind>
<opset="valid_out_write_assign (phireg) "/>
</bind>
</comp>

<comp id="63" class="1004" name="valid_out_write_assign_phi_fu_63">
<pin_list>
<pin id="64" dir="0" index="0" bw="1" slack="0"/>
<pin id="65" dir="0" index="1" bw="0" slack="2147483647"/>
<pin id="66" dir="0" index="2" bw="1" slack="71"/>
<pin id="67" dir="0" index="3" bw="0" slack="2147483647"/>
<pin id="68" dir="1" index="4" bw="1" slack="2147483647"/>
</pin_list>
<bind>
<opcode="phi(47) " fcode="phi"/>
<opset="valid_out_write_assign/72 "/>
</bind>
</comp>

<comp id="71" class="1004" name="grp_hysteresis_4_Pipeline_VITIS_LOOP_66_1_fu_71">
<pin_list>
<pin id="72" dir="0" index="0" bw="0" slack="0"/>
<pin id="73" dir="0" index="1" bw="2" slack="0"/>
<pin id="74" dir="0" index="2" bw="2" slack="0"/>
<pin id="75" dir="0" index="3" bw="2" slack="0"/>
<pin id="76" dir="0" index="4" bw="2" slack="0"/>
<pin id="77" dir="0" index="5" bw="2" slack="0"/>
<pin id="78" dir="1" index="6" bw="0" slack="2147483647"/>
</pin_list>
<bind>
<opcode="call(48) " fcode="call"/>
<opset="call_ln63/36 "/>
</bind>
</comp>

<comp id="84" class="1004" name="grp_hysteresis_4_Pipeline_VITIS_LOOP_114_2_fu_84">
<pin_list>
<pin id="85" dir="0" index="0" bw="0" slack="0"/>
<pin id="86" dir="0" index="1" bw="2" slack="0"/>
<pin id="87" dir="0" index="2" bw="2" slack="0"/>
<pin id="88" dir="0" index="3" bw="2" slack="0"/>
<pin id="89" dir="0" index="4" bw="2" slack="0"/>
<pin id="90" dir="1" index="5" bw="0" slack="2147483647"/>
</pin_list>
<bind>
<opcode="call(48) " fcode="call"/>
<opset="call_ln16/71 "/>
</bind>
</comp>

<comp id="95" class="1004" name="p_anonymous_namespace_rowsReceived_4_load_load_fu_95">
<pin_list>
<pin id="96" dir="0" index="0" bw="32" slack="0"/>
<pin id="97" dir="1" index="1" bw="32" slack="0"/>
</pin_list>
<bind>
<opcode="load(27) " fcode="load"/>
<opset="p_anonymous_namespace_rowsReceived_4_load/1 "/>
</bind>
</comp>

<comp id="99" class="1004" name="grp_fu_99">
<pin_list>
<pin id="100" dir="0" index="0" bw="32" slack="0"/>
<pin id="101" dir="0" index="1" bw="3" slack="0"/>
<pin id="102" dir="1" index="2" bw="2" slack="0"/>
</pin_list>
<bind>
<opcode="srem(18) " fcode="srem"/>
<opset="writeSlot/1 "/>
</bind>
</comp>

<comp id="105" class="1004" name="tmp_fu_105">
<pin_list>
<pin id="106" dir="0" index="0" bw="31" slack="0"/>
<pin id="107" dir="0" index="1" bw="32" slack="0"/>
<pin id="108" dir="0" index="2" bw="1" slack="0"/>
<pin id="109" dir="0" index="3" bw="6" slack="0"/>
<pin id="110" dir="1" index="4" bw="31" slack="0"/>
</pin_list>
<bind>
<opcode="partselect(1002) " fcode="partselect"/>
<opset="tmp/1 "/>
</bind>
</comp>

<comp id="115" class="1004" name="icmp_ln75_fu_115">
<pin_list>
<pin id="116" dir="0" index="0" bw="31" slack="0"/>
<pin id="117" dir="0" index="1" bw="31" slack="0"/>
<pin id="118" dir="1" index="2" bw="1" slack="36"/>
</pin_list>
<bind>
<opcode="icmp(45) " fcode="icmp"/>
<opset="icmp_ln75/1 "/>
</bind>
</comp>

<comp id="121" class="1004" name="trunc_ln63_fu_121">
<pin_list>
<pin id="122" dir="0" index="0" bw="2" slack="0"/>
<pin id="123" dir="1" index="1" bw="2" slack="0"/>
</pin_list>
<bind>
<opcode="trunc(33) " fcode="trunc"/>
<opset="trunc_ln63/36 "/>
</bind>
</comp>

<comp id="126" class="1004" name="outputRow_fu_126">
<pin_list>
<pin id="127" dir="0" index="0" bw="32" slack="2147483647"/>
<pin id="128" dir="0" index="1" bw="1" slack="0"/>
<pin id="129" dir="1" index="2" bw="32" slack="0"/>
</pin_list>
<bind>
<opcode="add(8) " fcode="add"/>
<opset="outputRow/37 "/>
</bind>
</comp>

<comp id="131" class="1004" name="trunc_ln85_fu_131">
<pin_list>
<pin id="132" dir="0" index="0" bw="32" slack="0"/>
<pin id="133" dir="1" index="1" bw="31" slack="0"/>
</pin_list>
<bind>
<opcode="trunc(33) " fcode="trunc"/>
<opset="trunc_ln85/37 "/>
</bind>
</comp>

<comp id="135" class="1004" name="icmp_ln90_fu_135">
<pin_list>
<pin id="136" dir="0" index="0" bw="32" slack="0"/>
<pin id="137" dir="0" index="1" bw="32" slack="0"/>
<pin id="138" dir="1" index="2" bw="1" slack="35"/>
</pin_list>
<bind>
<opcode="icmp(45) " fcode="icmp"/>
<opset="icmp_ln90/37 "/>
</bind>
</comp>

<comp id="141" class="1004" name="grp_fu_141">
<pin_list>
<pin id="142" dir="0" index="0" bw="31" slack="0"/>
<pin id="143" dir="0" index="1" bw="3" slack="0"/>
<pin id="144" dir="1" index="2" bw="2" slack="0"/>
</pin_list>
<bind>
<opcode="urem(17) " fcode="urem"/>
<opset="result/37 "/>
</bind>
</comp>

<comp id="147" class="1004" name="trunc_ln16_fu_147">
<pin_list>
<pin id="148" dir="0" index="0" bw="2" slack="0"/>
<pin id="149" dir="1" index="1" bw="2" slack="0"/>
</pin_list>
<bind>
<opcode="trunc(33) " fcode="trunc"/>
<opset="trunc_ln16/71 "/>
</bind>
</comp>

<comp id="152" class="1004" name="add_ln92_fu_152">
<pin_list>
<pin id="153" dir="0" index="0" bw="32" slack="2147483647"/>
<pin id="154" dir="0" index="1" bw="1" slack="0"/>
<pin id="155" dir="1" index="2" bw="32" slack="0"/>
</pin_list>
<bind>
<opcode="add(8) " fcode="add"/>
<opset="add_ln92/72 "/>
</bind>
</comp>

<comp id="157" class="1004" name="store_ln92_store_fu_157">
<pin_list>
<pin id="158" dir="0" index="0" bw="32" slack="0"/>
<pin id="159" dir="0" index="1" bw="32" slack="0"/>
<pin id="160" dir="1" index="2" bw="0" slack="2147483647"/>
</pin_list>
<bind>
<opcode="store(28) " fcode="store"/>
<opset="store_ln92/72 "/>
</bind>
</comp>

<comp id="163" class="1005" name="p_read43_reg_163">
<pin_list>
<pin id="164" dir="0" index="0" bw="1" slack="71"/>
<pin id="165" dir="1" index="1" bw="1" slack="2147483647"/>
</pin_list>
<bind>
<opset="p_read43 "/>
</bind>
</comp>

<comp id="170" class="1005" name="icmp_ln75_reg_170">
<pin_list>
<pin id="171" dir="0" index="0" bw="1" slack="36"/>
<pin id="172" dir="1" index="1" bw="1" slack="2147483647"/>
</pin_list>
<bind>
<opset="icmp_ln75 "/>
</bind>
</comp>

<comp id="174" class="1005" name="trunc_ln63_reg_174">
<pin_list>
<pin id="175" dir="0" index="0" bw="2" slack="1"/>
<pin id="176" dir="1" index="1" bw="2" slack="1"/>
</pin_list>
<bind>
<opset="trunc_ln63 "/>
</bind>
</comp>

<comp id="179" class="1005" name="trunc_ln85_reg_179">
<pin_list>
<pin id="180" dir="0" index="0" bw="31" slack="1"/>
<pin id="181" dir="1" index="1" bw="31" slack="1"/>
</pin_list>
<bind>
<opset="trunc_ln85 "/>
</bind>
</comp>

<comp id="184" class="1005" name="icmp_ln90_reg_184">
<pin_list>
<pin id="185" dir="0" index="0" bw="1" slack="35"/>
<pin id="186" dir="1" index="1" bw="1" slack="2147483647"/>
</pin_list>
<bind>
<opset="icmp_ln90 "/>
</bind>
</comp>

<comp id="188" class="1005" name="trunc_ln16_reg_188">
<pin_list>
<pin id="189" dir="0" index="0" bw="2" slack="1"/>
<pin id="190" dir="1" index="1" bw="2" slack="1"/>
</pin_list>
<bind>
<opset="trunc_ln16 "/>
</bind>
</comp>

</comp_list>

<net_list>
<net id="42"><net_src comp="12" pin="0"/><net_sink comp="38" pin=0"/></net>

<net id="43"><net_src comp="0" pin="0"/><net_sink comp="38" pin=1"/></net>

<net id="47"><net_src comp="34" pin="0"/><net_sink comp="44" pin=0"/></net>

<net id="56"><net_src comp="44" pin="1"/><net_sink comp="48" pin=0"/></net>

<net id="57"><net_src comp="44" pin="1"/><net_sink comp="48" pin=2"/></net>

<net id="58"><net_src comp="36" pin="0"/><net_sink comp="48" pin=4"/></net>

<net id="62"><net_src comp="34" pin="0"/><net_sink comp="59" pin=0"/></net>

<net id="69"><net_src comp="48" pin="6"/><net_sink comp="63" pin=0"/></net>

<net id="70"><net_src comp="59" pin="1"/><net_sink comp="63" pin=2"/></net>

<net id="79"><net_src comp="24" pin="0"/><net_sink comp="71" pin=0"/></net>

<net id="80"><net_src comp="4" pin="0"/><net_sink comp="71" pin=1"/></net>

<net id="81"><net_src comp="2" pin="0"/><net_sink comp="71" pin=3"/></net>

<net id="82"><net_src comp="8" pin="0"/><net_sink comp="71" pin=4"/></net>

<net id="83"><net_src comp="10" pin="0"/><net_sink comp="71" pin=5"/></net>

<net id="91"><net_src comp="32" pin="0"/><net_sink comp="84" pin=0"/></net>

<net id="92"><net_src comp="4" pin="0"/><net_sink comp="84" pin=2"/></net>

<net id="93"><net_src comp="8" pin="0"/><net_sink comp="84" pin=3"/></net>

<net id="94"><net_src comp="10" pin="0"/><net_sink comp="84" pin=4"/></net>

<net id="98"><net_src comp="6" pin="0"/><net_sink comp="95" pin=0"/></net>

<net id="103"><net_src comp="95" pin="1"/><net_sink comp="99" pin=0"/></net>

<net id="104"><net_src comp="14" pin="0"/><net_sink comp="99" pin=1"/></net>

<net id="111"><net_src comp="16" pin="0"/><net_sink comp="105" pin=0"/></net>

<net id="112"><net_src comp="95" pin="1"/><net_sink comp="105" pin=1"/></net>

<net id="113"><net_src comp="18" pin="0"/><net_sink comp="105" pin=2"/></net>

<net id="114"><net_src comp="20" pin="0"/><net_sink comp="105" pin=3"/></net>

<net id="119"><net_src comp="105" pin="4"/><net_sink comp="115" pin=0"/></net>

<net id="120"><net_src comp="22" pin="0"/><net_sink comp="115" pin=1"/></net>

<net id="124"><net_src comp="99" pin="2"/><net_sink comp="121" pin=0"/></net>

<net id="125"><net_src comp="121" pin="1"/><net_sink comp="71" pin=2"/></net>

<net id="130"><net_src comp="26" pin="0"/><net_sink comp="126" pin=1"/></net>

<net id="134"><net_src comp="126" pin="2"/><net_sink comp="131" pin=0"/></net>

<net id="139"><net_src comp="126" pin="2"/><net_sink comp="135" pin=0"/></net>

<net id="140"><net_src comp="28" pin="0"/><net_sink comp="135" pin=1"/></net>

<net id="145"><net_src comp="131" pin="1"/><net_sink comp="141" pin=0"/></net>

<net id="146"><net_src comp="30" pin="0"/><net_sink comp="141" pin=1"/></net>

<net id="150"><net_src comp="141" pin="2"/><net_sink comp="147" pin=0"/></net>

<net id="151"><net_src comp="147" pin="1"/><net_sink comp="84" pin=1"/></net>

<net id="156"><net_src comp="18" pin="0"/><net_sink comp="152" pin=1"/></net>

<net id="161"><net_src comp="152" pin="2"/><net_sink comp="157" pin=0"/></net>

<net id="162"><net_src comp="6" pin="0"/><net_sink comp="157" pin=1"/></net>

<net id="166"><net_src comp="38" pin="2"/><net_sink comp="163" pin=0"/></net>

<net id="173"><net_src comp="115" pin="2"/><net_sink comp="170" pin=0"/></net>

<net id="177"><net_src comp="121" pin="1"/><net_sink comp="174" pin=0"/></net>

<net id="178"><net_src comp="174" pin="1"/><net_sink comp="71" pin=2"/></net>

<net id="182"><net_src comp="131" pin="1"/><net_sink comp="179" pin=0"/></net>

<net id="183"><net_src comp="179" pin="1"/><net_sink comp="141" pin=0"/></net>

<net id="187"><net_src comp="135" pin="2"/><net_sink comp="184" pin=0"/></net>

<net id="191"><net_src comp="147" pin="1"/><net_sink comp="188" pin=0"/></net>

<net id="192"><net_src comp="188" pin="1"/><net_sink comp="84" pin=1"/></net>

</net_list>

</model> 
---------------- Datapath Model END ------------------

* FSMD analyzer results:
  - Output states:
	Port: out_hysteresis4 | {36 37 71 72 }
	Port: p_anonymous_namespace_rowsReceived_4_s | {72 }
	Port: p_ZN12_GLOBAL_N_110lineBufferILi4EEE_0 | {36 37 }
	Port: p_ZN12_GLOBAL_N_110lineBufferILi4EEE_1 | {36 37 }
 - Input state : 
	Port: hysteresis<4> : p_read | {1 }
	Port: hysteresis<4> : out_hysteresis3 | {36 37 }
	Port: hysteresis<4> : p_anonymous_namespace_rowsReceived_4_s | {1 }
	Port: hysteresis<4> : p_ZN12_GLOBAL_N_110lineBufferILi4EEE_0 | {71 72 }
	Port: hysteresis<4> : p_ZN12_GLOBAL_N_110lineBufferILi4EEE_1 | {71 72 }
  - Chain level:
	State 1
		writeSlot : 1
		tmp : 1
		icmp_ln75 : 2
	State 2
	State 3
	State 4
	State 5
	State 6
	State 7
	State 8
	State 9
	State 10
	State 11
	State 12
	State 13
	State 14
	State 15
	State 16
	State 17
	State 18
	State 19
	State 20
	State 21
	State 22
	State 23
	State 24
	State 25
	State 26
	State 27
	State 28
	State 29
	State 30
	State 31
	State 32
	State 33
	State 34
	State 35
	State 36
		trunc_ln63 : 1
		call_ln63 : 2
	State 37
		trunc_ln85 : 1
		icmp_ln90 : 1
		br_ln90 : 2
		result : 2
	State 38
	State 39
	State 40
	State 41
	State 42
	State 43
	State 44
	State 45
	State 46
	State 47
	State 48
	State 49
	State 50
	State 51
	State 52
	State 53
	State 54
	State 55
	State 56
	State 57
	State 58
	State 59
	State 60
	State 61
	State 62
	State 63
	State 64
	State 65
	State 66
	State 67
	State 68
	State 69
	State 70
	State 71
		trunc_ln16 : 1
		call_ln16 : 2
	State 72
		hysteresis4_valid_1 : 1
		store_ln92 : 1
		valid_out_write_assign : 2
		ret_ln0 : 3


============================================================
+ Verbose Summary: Datapath Resource usage 
============================================================

* Functional unit list:
|----------|--------------------------------------------------|---------|---------|---------|
| Operation|                  Functional Unit                 |  Delay  |    FF   |   LUT   |
|----------|--------------------------------------------------|---------|---------|---------|
|   srem   |                     grp_fu_99                    |    0    |   394   |   238   |
|----------|--------------------------------------------------|---------|---------|---------|
|   urem   |                    grp_fu_141                    |    0    |   382   |   228   |
|----------|--------------------------------------------------|---------|---------|---------|
|   call   |  grp_hysteresis_4_Pipeline_VITIS_LOOP_66_1_fu_71 |  0.427  |    30   |    43   |
|          | grp_hysteresis_4_Pipeline_VITIS_LOOP_114_2_fu_84 |  0.854  |    38   |    63   |
|----------|--------------------------------------------------|---------|---------|---------|
|    add   |                 outputRow_fu_126                 |    0    |    0    |    39   |
|          |                  add_ln92_fu_152                 |    0    |    0    |    39   |
|----------|--------------------------------------------------|---------|---------|---------|
|   icmp   |                 icmp_ln75_fu_115                 |    0    |    0    |    38   |
|          |                 icmp_ln90_fu_135                 |    0    |    0    |    39   |
|----------|--------------------------------------------------|---------|---------|---------|
|   read   |                p_read43_read_fu_38               |    0    |    0    |    0    |
|----------|--------------------------------------------------|---------|---------|---------|
|partselect|                    tmp_fu_105                    |    0    |    0    |    0    |
|----------|--------------------------------------------------|---------|---------|---------|
|          |                 trunc_ln63_fu_121                |    0    |    0    |    0    |
|   trunc  |                 trunc_ln85_fu_131                |    0    |    0    |    0    |
|          |                 trunc_ln16_fu_147                |    0    |    0    |    0    |
|----------|--------------------------------------------------|---------|---------|---------|
|   Total  |                                                  |  1.281  |   844   |   727   |
|----------|--------------------------------------------------|---------|---------|---------|

Memories:
N/A

* Register list:
+-----------------------------+--------+
|                             |   FF   |
+-----------------------------+--------+
|  hysteresis4_valid_1_reg_44 |    1   |
|      icmp_ln75_reg_170      |    1   |
|      icmp_ln90_reg_184      |    1   |
|       p_read43_reg_163      |    1   |
|      trunc_ln16_reg_188     |    2   |
|      trunc_ln63_reg_174     |    2   |
|      trunc_ln85_reg_179     |   31   |
|valid_out_write_assign_reg_59|    1   |
+-----------------------------+--------+
|            Total            |   40   |
+-----------------------------+--------+

* Multiplexer (MUX) list: 
|--------------------------------------------------|------|------|------|--------||---------||---------||---------|
|                       Comp                       |  Pin | Size |  BW  | S x BW ||  Delay  ||    FF   ||   LUT   |
|--------------------------------------------------|------|------|------|--------||---------||---------||---------|
|  grp_hysteresis_4_Pipeline_VITIS_LOOP_66_1_fu_71 |  p2  |   2  |   2  |    4   ||    0    ||    9    |
| grp_hysteresis_4_Pipeline_VITIS_LOOP_114_2_fu_84 |  p1  |   2  |   2  |    4   ||    0    ||    9    |
|                    grp_fu_141                    |  p0  |   2  |  31  |   62   ||    0    ||    9    |
|--------------------------------------------------|------|------|------|--------||---------||---------||---------|
|                       Total                      |      |      |      |   70   ||  1.281  ||    0    ||    27   |
|--------------------------------------------------|------|------|------|--------||---------||---------||---------|



* Summary:
+-----------+--------+--------+--------+
|           |  Delay |   FF   |   LUT  |
+-----------+--------+--------+--------+
|  Function |    1   |   844  |   727  |
|   Memory  |    -   |    -   |    -   |
|Multiplexer|    1   |    0   |   27   |
|  Register |    -   |   40   |    -   |
+-----------+--------+--------+--------+
|   Total   |    2   |   884  |   754  |
+-----------+--------+--------+--------+
