

================================================================
== Vitis HLS Report for 'hysteresis_2_Pipeline_VITIS_LOOP_114_2'
================================================================
* Date:           Fri Jul 24 16:27:49 2026

* Version:        2025.2 (Build 6295257 on Nov 14 2025)
* Project:        canny_top
* Solution:       hls (Vitis Kernel Flow Target)
* Product family: zynquplus
* Target device:  xck26-sfvc784-2LV-c


================================================================
== Performance Estimates
================================================================
+ Timing: 
    * Summary: 
    +--------+---------+----------+------------+
    |  Clock |  Target | Estimated| Uncertainty|
    +--------+---------+----------+------------+
    |ap_clk  |  5.00 ns|  3.380 ns|     1.35 ns|
    +--------+---------+----------+------------+

+ Latency: 
    * Summary: 
    +---------+---------+----------+----------+-----+-----+-------------------+
    |  Latency (cycles) |  Latency (absolute) |  Interval |      Pipeline     |
    |   min   |   max   |    min   |    max   | min | max |        Type       |
    +---------+---------+----------+----------+-----+-----+-------------------+
    |      512|      512|  2.560 us|  2.560 us|    0|    0|  loop pipeline stp|
    +---------+---------+----------+----------+-----+-----+-------------------+

    + Detail: 
        * Instance: 
        N/A

        * Loop: 
        +--------------------+---------+---------+----------+-----------+-----------+------+----------+
        |                    |  Latency (cycles) | Iteration|  Initiation Interval  | Trip |          |
        |      Loop Name     |   min   |   max   |  Latency |  achieved |   target  | Count| Pipelined|
        +--------------------+---------+---------+----------+-----------+-----------+------+----------+
        |- VITIS_LOOP_114_2  |      510|      510|         2|          1|          1|   510|       yes|
        +--------------------+---------+---------+----------+-----------+-----------+------+----------+

============================================================
+ Verbose Summary: Synthesis Manager
============================================================
InlineROM: 1
ExposeGlobal: 0
============================================================
+ Verbose Summary: CDFG Model
============================================================
IsTopModel: 0
ResetActiveHigh: 1
IsCombinational: 0
IsDatapathOnly: 0
HasWiredReturn: 1
HasMFsm: 2
HasVarLatency: 1
IsPipeline: 0
IsRtlPipelined: 0
IsInstanceOverlapped: 0
IsDontTouch: 0
HasImplIP: 0
IsGatedGlobalClock: 0

+ Individual pipeline summary: 
  * Pipeline-0: initiation interval (II) = 1, depth = 2


============================================================
+ Verbose Summary: Schedule
============================================================
* Number of FSM states : 2
* Pipeline : 1
  Pipeline-0 : II = 1, D = 2, States = { 1 2 }
* Dataflow Pipeline: 0

* FSM state transitions: 
1 --> 2 
2 --> 

* FSM state operations: 

State 1 <SV = 0> <Delay = 1.66>
ST_1 : Operation 5 [1/1] (0.00ns)   --->   "%column_5 = alloca i32 1" [../src/hysteresis.cpp:114->../src/canny_top.cpp:34]   --->   Operation 5 'alloca' 'column_5' <Predicate = true> <Delay = 0.00>
ST_1 : Operation 6 [1/1] (0.00ns)   --->   "%result_read = read i2 @_ssdm_op_Read.ap_auto.i2, i2 %result"   --->   Operation 6 'read' 'result_read' <Predicate = true> <Delay = 0.00>
ST_1 : Operation 7 [1/1] (0.42ns)   --->   "%store_ln114 = store i9 1, i9 %column_5" [../src/hysteresis.cpp:114->../src/canny_top.cpp:34]   --->   Operation 7 'store' 'store_ln114' <Predicate = true> <Delay = 0.42>
ST_1 : Operation 8 [1/1] (0.00ns)   --->   "%br_ln0 = br void %for.body24.i"   --->   Operation 8 'br' 'br_ln0' <Predicate = true> <Delay = 0.00>
ST_1 : Operation 9 [1/1] (0.00ns)   --->   "%column = load i9 %column_5" [../src/hysteresis.cpp:114->../src/canny_top.cpp:34]   --->   Operation 9 'load' 'column' <Predicate = true> <Delay = 0.00>
ST_1 : Operation 10 [1/1] (0.77ns)   --->   "%icmp_ln114 = icmp_eq  i9 %column, i9 511" [../src/hysteresis.cpp:114->../src/canny_top.cpp:34]   --->   Operation 10 'icmp' 'icmp_ln114' <Predicate = true> <Delay = 0.77> <CoreInst = "Cmp">   --->   Core 9 'Cmp' <Latency = 0> <II = 1> <Delay = 0.77> <FuncUnit> <Opcode : 'seteq' 'setne' 'setle' 'setge' 'setlt' 'setgt'> <InPorts = 2> <OutPorts = 1>
ST_1 : Operation 11 [1/1] (0.00ns)   --->   "%br_ln114 = br i1 %icmp_ln114, void %for.body24.split.i, void %cleanup48.i.loopexit.exitStub" [../src/hysteresis.cpp:114->../src/canny_top.cpp:34]   --->   Operation 11 'br' 'br_ln114' <Predicate = true> <Delay = 0.00>
ST_1 : Operation 12 [1/1] (0.00ns)   --->   "%lshr_ln = partselect i8 @_ssdm_op_PartSelect.i8.i9.i32.i32, i9 %column, i32 1, i32 8" [../src/hysteresis.cpp:114->../src/canny_top.cpp:34]   --->   Operation 12 'partselect' 'lshr_ln' <Predicate = (!icmp_ln114)> <Delay = 0.00>
ST_1 : Operation 13 [1/1] (0.00ns)   --->   "%tmp_s = bitconcatenate i10 @_ssdm_op_BitConcatenate.i10.i2.i8, i2 %result_read, i8 %lshr_ln" [../src/hysteresis.cpp:116->../src/canny_top.cpp:34]   --->   Operation 13 'bitconcatenate' 'tmp_s' <Predicate = (!icmp_ln114)> <Delay = 0.00>
ST_1 : Operation 14 [1/1] (0.00ns)   --->   "%zext_ln116 = zext i10 %tmp_s" [../src/hysteresis.cpp:116->../src/canny_top.cpp:34]   --->   Operation 14 'zext' 'zext_ln116' <Predicate = (!icmp_ln114)> <Delay = 0.00>
ST_1 : Operation 15 [1/1] (0.00ns)   --->   "%p_ZN12_GLOBAL_N_110lineBufferILi2EEE_0_addr = getelementptr i2 %p_ZN12_GLOBAL_N_110lineBufferILi2EEE_0, i64 0, i64 %zext_ln116" [../src/hysteresis.cpp:116->../src/canny_top.cpp:34]   --->   Operation 15 'getelementptr' 'p_ZN12_GLOBAL_N_110lineBufferILi2EEE_0_addr' <Predicate = (!icmp_ln114)> <Delay = 0.00>
ST_1 : Operation 16 [1/1] (0.00ns)   --->   "%p_ZN12_GLOBAL_N_110lineBufferILi2EEE_1_addr = getelementptr i2 %p_ZN12_GLOBAL_N_110lineBufferILi2EEE_1, i64 0, i64 %zext_ln116" [../src/hysteresis.cpp:116->../src/canny_top.cpp:34]   --->   Operation 16 'getelementptr' 'p_ZN12_GLOBAL_N_110lineBufferILi2EEE_1_addr' <Predicate = (!icmp_ln114)> <Delay = 0.00>
ST_1 : Operation 17 [2/2] (1.23ns)   --->   "%p_ZN12_GLOBAL_N_110lineBufferILi2EEE_0_load = load i10 %p_ZN12_GLOBAL_N_110lineBufferILi2EEE_0_addr" [../src/hysteresis.cpp:116->../src/canny_top.cpp:34]   --->   Operation 17 'load' 'p_ZN12_GLOBAL_N_110lineBufferILi2EEE_0_load' <Predicate = (!icmp_ln114)> <Delay = 1.23> <CoreInst = "RAM">   --->   Core 82 'RAM' <Latency = 1> <II = 1> <Delay = 1.23> <Storage> <Opcode : 'load' 'store'> <Ports = 2> <Width = 2> <Depth = 768> <RAM>
ST_1 : Operation 18 [2/2] (1.23ns)   --->   "%p_ZN12_GLOBAL_N_110lineBufferILi2EEE_1_load = load i10 %p_ZN12_GLOBAL_N_110lineBufferILi2EEE_1_addr" [../src/hysteresis.cpp:116->../src/canny_top.cpp:34]   --->   Operation 18 'load' 'p_ZN12_GLOBAL_N_110lineBufferILi2EEE_1_load' <Predicate = (!icmp_ln114)> <Delay = 1.23> <CoreInst = "RAM">   --->   Core 82 'RAM' <Latency = 1> <II = 1> <Delay = 1.23> <Storage> <Opcode : 'load' 'store'> <Ports = 2> <Width = 2> <Depth = 768> <RAM>
ST_1 : Operation 19 [1/1] (0.77ns)   --->   "%add_ln114 = add i9 %column, i9 1" [../src/hysteresis.cpp:114->../src/canny_top.cpp:34]   --->   Operation 19 'add' 'add_ln114' <Predicate = (!icmp_ln114)> <Delay = 0.77> <CoreInst = "Adder">   --->   Core 1 'Adder' <Latency = 0> <II = 1> <Delay = 0.77> <FuncUnit> <Opcode : 'add' 'sub'> <InPorts = 2> <OutPorts = 1>
ST_1 : Operation 20 [1/1] (0.42ns)   --->   "%store_ln114 = store i9 %add_ln114, i9 %column_5" [../src/hysteresis.cpp:114->../src/canny_top.cpp:34]   --->   Operation 20 'store' 'store_ln114' <Predicate = (!icmp_ln114)> <Delay = 0.42>
ST_1 : Operation 34 [1/1] (0.42ns)   --->   "%ret_ln0 = ret"   --->   Operation 34 'ret' 'ret_ln0' <Predicate = (icmp_ln114)> <Delay = 0.42>

State 2 <SV = 1> <Delay = 3.38>
ST_2 : Operation 21 [1/1] (0.00ns)   --->   "%zext_ln114 = zext i9 %column" [../src/hysteresis.cpp:114->../src/canny_top.cpp:34]   --->   Operation 21 'zext' 'zext_ln114' <Predicate = true> <Delay = 0.00>
ST_2 : Operation 22 [1/1] (0.00ns)   --->   "%trunc_ln114 = trunc i9 %column" [../src/hysteresis.cpp:114->../src/canny_top.cpp:34]   --->   Operation 22 'trunc' 'trunc_ln114' <Predicate = true> <Delay = 0.00>
ST_2 : Operation 23 [1/1] (0.00ns)   --->   "%specpipeline_ln114 = specpipeline void @_ssdm_op_SpecPipeline, i32 4294967295, i32 0, i32 0, i32 0, i32 4294967295, void @empty_10" [../src/hysteresis.cpp:114->../src/canny_top.cpp:34]   --->   Operation 23 'specpipeline' 'specpipeline_ln114' <Predicate = true> <Delay = 0.00>
ST_2 : Operation 24 [1/1] (0.00ns)   --->   "%speclooptripcount_ln114 = speclooptripcount void @_ssdm_op_SpecLoopTripCount, i64 510, i64 510, i64 510" [../src/hysteresis.cpp:114->../src/canny_top.cpp:34]   --->   Operation 24 'speclooptripcount' 'speclooptripcount_ln114' <Predicate = true> <Delay = 0.00>
ST_2 : Operation 25 [1/1] (0.00ns)   --->   "%specloopname_ln114 = specloopname void @_ssdm_op_SpecLoopName, void @empty_16" [../src/hysteresis.cpp:114->../src/canny_top.cpp:34]   --->   Operation 25 'specloopname' 'specloopname_ln114' <Predicate = true> <Delay = 0.00>
ST_2 : Operation 26 [1/2] ( I:1.23ns O:1.23ns )   --->   "%p_ZN12_GLOBAL_N_110lineBufferILi2EEE_0_load = load i10 %p_ZN12_GLOBAL_N_110lineBufferILi2EEE_0_addr" [../src/hysteresis.cpp:116->../src/canny_top.cpp:34]   --->   Operation 26 'load' 'p_ZN12_GLOBAL_N_110lineBufferILi2EEE_0_load' <Predicate = true> <Delay = 1.23> <CoreInst = "RAM">   --->   Core 82 'RAM' <Latency = 1> <II = 1> <Delay = 1.23> <Storage> <Opcode : 'load' 'store'> <Ports = 2> <Width = 2> <Depth = 768> <RAM>
ST_2 : Operation 27 [1/2] ( I:1.23ns O:1.23ns )   --->   "%p_ZN12_GLOBAL_N_110lineBufferILi2EEE_1_load = load i10 %p_ZN12_GLOBAL_N_110lineBufferILi2EEE_1_addr" [../src/hysteresis.cpp:116->../src/canny_top.cpp:34]   --->   Operation 27 'load' 'p_ZN12_GLOBAL_N_110lineBufferILi2EEE_1_load' <Predicate = true> <Delay = 1.23> <CoreInst = "RAM">   --->   Core 82 'RAM' <Latency = 1> <II = 1> <Delay = 1.23> <Storage> <Opcode : 'load' 'store'> <Ports = 2> <Width = 2> <Depth = 768> <RAM>
ST_2 : Operation 28 [1/1] (0.17ns)   --->   "%centre = select i1 %trunc_ln114, i2 %p_ZN12_GLOBAL_N_110lineBufferILi2EEE_1_load, i2 %p_ZN12_GLOBAL_N_110lineBufferILi2EEE_0_load" [../src/hysteresis.cpp:116->../src/canny_top.cpp:34]   --->   Operation 28 'select' 'centre' <Predicate = true> <Delay = 0.17> <CoreInst = "Sel">   --->   Core 73 'Sel' <Latency = 0> <II = 1> <Delay = 0.17> <FuncUnit> <Opcode : 'select'> <InPorts = 3> <OutPorts = 1>
ST_2 : Operation 29 [1/1] (0.54ns)   --->   "%icmp_ln118 = icmp_eq  i2 %centre, i2 3" [../src/hysteresis.cpp:118->../src/canny_top.cpp:34]   --->   Operation 29 'icmp' 'icmp_ln118' <Predicate = true> <Delay = 0.54> <CoreInst = "Cmp">   --->   Core 9 'Cmp' <Latency = 0> <II = 1> <Delay = 0.54> <FuncUnit> <Opcode : 'seteq' 'setne' 'setle' 'setge' 'setlt' 'setgt'> <InPorts = 2> <OutPorts = 1>
ST_2 : Operation 30 [1/1] (0.00ns)   --->   "%out_hysteresis2_addr = getelementptr i2 %out_hysteresis2, i64 0, i64 %zext_ln114" [../src/hysteresis.cpp:119->../src/canny_top.cpp:34]   --->   Operation 30 'getelementptr' 'out_hysteresis2_addr' <Predicate = true> <Delay = 0.00>
ST_2 : Operation 31 [1/1] (0.17ns)   --->   "%select_ln120 = select i1 %icmp_ln118, i2 3, i2 0" [../src/hysteresis.cpp:120->../src/canny_top.cpp:34]   --->   Operation 31 'select' 'select_ln120' <Predicate = true> <Delay = 0.17> <CoreInst = "Sel">   --->   Core 73 'Sel' <Latency = 0> <II = 1> <Delay = 0.17> <FuncUnit> <Opcode : 'select'> <InPorts = 3> <OutPorts = 1>
ST_2 : Operation 32 [1/1] ( I:1.23ns O:1.23ns )   --->   "%store_ln119 = store i2 %select_ln120, i9 %out_hysteresis2_addr" [../src/hysteresis.cpp:119->../src/canny_top.cpp:34]   --->   Operation 32 'store' 'store_ln119' <Predicate = true> <Delay = 1.23> <CoreInst = "RAM">   --->   Core 82 'RAM' <Latency = 1> <II = 1> <Delay = 1.23> <Storage> <Opcode : 'load' 'store'> <Ports = 2> <Width = 2> <Depth = 512> <RAM>
ST_2 : Operation 33 [1/1] (0.00ns)   --->   "%br_ln114 = br void %for.body24.i" [../src/hysteresis.cpp:114->../src/canny_top.cpp:34]   --->   Operation 33 'br' 'br_ln114' <Predicate = true> <Delay = 0.00>


============================================================
+ Verbose Summary: Binding
============================================================
STG Binding: 
---------------- STG Properties BEGIN ----------------
- Is combinational: 0
- Is one-state seq: 0
- Is datapath-only: 0
- Is pipelined: 0
- Is top level: 0
Port [ Return ] is wired: 1; IO mode=ap_ctrl_hs:ce=0
Port [ result]:  wired=1; compound=0; hidden=0; nouse=0; global=0; static=0; extern=0; dir=0; type=0; pingpong=0; private_global=0; IO mode=ap_none:ce=0
Port [ out_hysteresis2]:  wired=1; compound=1; hidden=0; nouse=0; global=0; static=0; extern=0; dir=1; type=1; pingpong=1; private_global=0; MemPort=[03]; IO mode=ap_memory:ce=0
Port [ p_ZN12_GLOBAL_N_110lineBufferILi2EEE_0]:  wired=1; compound=1; hidden=0; nouse=0; global=1; static=1; extern=0; dir=0; type=1; pingpong=0; private_global=0; MemPort=[13]; IO mode=ap_memory:ce=0
Port [ p_ZN12_GLOBAL_N_110lineBufferILi2EEE_1]:  wired=1; compound=1; hidden=0; nouse=0; global=1; static=1; extern=0; dir=0; type=1; pingpong=0; private_global=0; MemPort=[13]; IO mode=ap_memory:ce=0
---------------- STG Properties END ------------------

---------------- Datapath Model BEGIN ----------------

<LifeTime>
<method=bitvector/>
column_5                                    (alloca           ) [ 010]
result_read                                 (read             ) [ 000]
store_ln114                                 (store            ) [ 000]
br_ln0                                      (br               ) [ 000]
column                                      (load             ) [ 011]
icmp_ln114                                  (icmp             ) [ 010]
br_ln114                                    (br               ) [ 000]
lshr_ln                                     (partselect       ) [ 000]
tmp_s                                       (bitconcatenate   ) [ 000]
zext_ln116                                  (zext             ) [ 000]
p_ZN12_GLOBAL_N_110lineBufferILi2EEE_0_addr (getelementptr    ) [ 011]
p_ZN12_GLOBAL_N_110lineBufferILi2EEE_1_addr (getelementptr    ) [ 011]
add_ln114                                   (add              ) [ 000]
store_ln114                                 (store            ) [ 000]
zext_ln114                                  (zext             ) [ 000]
trunc_ln114                                 (trunc            ) [ 000]
specpipeline_ln114                          (specpipeline     ) [ 000]
speclooptripcount_ln114                     (speclooptripcount) [ 000]
specloopname_ln114                          (specloopname     ) [ 000]
p_ZN12_GLOBAL_N_110lineBufferILi2EEE_0_load (load             ) [ 000]
p_ZN12_GLOBAL_N_110lineBufferILi2EEE_1_load (load             ) [ 000]
centre                                      (select           ) [ 000]
icmp_ln118                                  (icmp             ) [ 000]
out_hysteresis2_addr                        (getelementptr    ) [ 000]
select_ln120                                (select           ) [ 000]
store_ln119                                 (store            ) [ 000]
br_ln114                                    (br               ) [ 000]
ret_ln0                                     (ret              ) [ 000]
</LifeTime>

<model>

<comp_list>
<comp id="0" class="1000" name="result">
<pin_list>
<pin id="1" dir="1" index="0" bw="1" slack="0"/>
</pin_list>
<bind>
<StgValue><ssdm name="result"/></StgValue>
</bind>
</comp>

<comp id="2" class="1000" name="out_hysteresis2">
<pin_list>
<pin id="3" dir="1" index="0" bw="1" slack="0"/>
</pin_list>
<bind>
<StgValue><ssdm name="out_hysteresis2"/><MemPortTyVec>0 3 </MemPortTyVec>
</StgValue>
</bind>
</comp>

<comp id="4" class="1000" name="p_ZN12_GLOBAL_N_110lineBufferILi2EEE_0">
<pin_list>
<pin id="5" dir="1" index="0" bw="1" slack="0"/>
</pin_list>
<bind>
<StgValue><ssdm name="p_ZN12_GLOBAL_N_110lineBufferILi2EEE_0"/><MemPortTyVec>1 3 </MemPortTyVec>
</StgValue>
</bind>
</comp>

<comp id="6" class="1000" name="p_ZN12_GLOBAL_N_110lineBufferILi2EEE_1">
<pin_list>
<pin id="7" dir="1" index="0" bw="1" slack="0"/>
</pin_list>
<bind>
<StgValue><ssdm name="p_ZN12_GLOBAL_N_110lineBufferILi2EEE_1"/><MemPortTyVec>1 3 </MemPortTyVec>
</StgValue>
</bind>
</comp>

<comp id="8" class="1001" name="const_8">
<pin_list>
<pin id="9" dir="1" index="0" bw="1" slack="0"/>
</pin_list>
<bind>
<StgValue><ssdm name=""/></StgValue>
</bind>
</comp>

<comp id="10" class="1001" name="const_10">
<pin_list>
<pin id="11" dir="1" index="0" bw="1" slack="0"/>
</pin_list>
<bind>
<StgValue><ssdm name="_ssdm_op_Read.ap_auto.i2"/></StgValue>
</bind>
</comp>

<comp id="12" class="1001" name="const_12">
<pin_list>
<pin id="13" dir="1" index="0" bw="1" slack="0"/>
</pin_list>
<bind>
<StgValue><ssdm name=""/></StgValue>
</bind>
</comp>

<comp id="14" class="1001" name="const_14">
<pin_list>
<pin id="15" dir="1" index="0" bw="1" slack="0"/>
</pin_list>
<bind>
<StgValue><ssdm name=""/></StgValue>
</bind>
</comp>

<comp id="16" class="1001" name="const_16">
<pin_list>
<pin id="17" dir="1" index="0" bw="1" slack="0"/>
</pin_list>
<bind>
<StgValue><ssdm name="_ssdm_op_PartSelect.i8.i9.i32.i32"/></StgValue>
</bind>
</comp>

<comp id="18" class="1001" name="const_18">
<pin_list>
<pin id="19" dir="1" index="0" bw="1" slack="0"/>
</pin_list>
<bind>
<StgValue><ssdm name=""/></StgValue>
</bind>
</comp>

<comp id="20" class="1001" name="const_20">
<pin_list>
<pin id="21" dir="1" index="0" bw="1" slack="0"/>
</pin_list>
<bind>
<StgValue><ssdm name="_ssdm_op_BitConcatenate.i10.i2.i8"/></StgValue>
</bind>
</comp>

<comp id="22" class="1001" name="const_22">
<pin_list>
<pin id="23" dir="1" index="0" bw="1" slack="0"/>
</pin_list>
<bind>
<StgValue><ssdm name=""/></StgValue>
</bind>
</comp>

<comp id="24" class="1001" name="const_24">
<pin_list>
<pin id="25" dir="1" index="0" bw="1" slack="2147483647"/>
</pin_list>
<bind>
<StgValue><ssdm name="_ssdm_op_SpecPipeline"/></StgValue>
</bind>
</comp>

<comp id="26" class="1001" name="const_26">
<pin_list>
<pin id="27" dir="1" index="0" bw="1" slack="2147483647"/>
</pin_list>
<bind>
<StgValue><ssdm name=""/></StgValue>
</bind>
</comp>

<comp id="28" class="1001" name="const_28">
<pin_list>
<pin id="29" dir="1" index="0" bw="1" slack="2147483647"/>
</pin_list>
<bind>
<StgValue><ssdm name=""/></StgValue>
</bind>
</comp>

<comp id="30" class="1001" name="const_30">
<pin_list>
<pin id="31" dir="1" index="0" bw="1" slack="2147483647"/>
</pin_list>
<bind>
<StgValue><ssdm name="empty_10"/></StgValue>
</bind>
</comp>

<comp id="32" class="1001" name="const_32">
<pin_list>
<pin id="33" dir="1" index="0" bw="1" slack="2147483647"/>
</pin_list>
<bind>
<StgValue><ssdm name="_ssdm_op_SpecLoopTripCount"/></StgValue>
</bind>
</comp>

<comp id="34" class="1001" name="const_34">
<pin_list>
<pin id="35" dir="1" index="0" bw="1" slack="2147483647"/>
</pin_list>
<bind>
<StgValue><ssdm name=""/></StgValue>
</bind>
</comp>

<comp id="36" class="1001" name="const_36">
<pin_list>
<pin id="37" dir="1" index="0" bw="1" slack="2147483647"/>
</pin_list>
<bind>
<StgValue><ssdm name="_ssdm_op_SpecLoopName"/></StgValue>
</bind>
</comp>

<comp id="38" class="1001" name="const_38">
<pin_list>
<pin id="39" dir="1" index="0" bw="1" slack="2147483647"/>
</pin_list>
<bind>
<StgValue><ssdm name="empty_16"/></StgValue>
</bind>
</comp>

<comp id="40" class="1001" name="const_40">
<pin_list>
<pin id="41" dir="1" index="0" bw="1" slack="0"/>
</pin_list>
<bind>
<StgValue><ssdm name=""/></StgValue>
</bind>
</comp>

<comp id="42" class="1001" name="const_42">
<pin_list>
<pin id="43" dir="1" index="0" bw="1" slack="0"/>
</pin_list>
<bind>
<StgValue><ssdm name=""/></StgValue>
</bind>
</comp>

<comp id="44" class="1004" name="column_5_fu_44">
<pin_list>
<pin id="45" dir="0" index="0" bw="1" slack="0"/>
<pin id="46" dir="1" index="1" bw="9" slack="0"/>
</pin_list>
<bind>
<opcode="alloca(26) " fcode="alloca"/>
<opset="column_5/1 "/>
</bind>
</comp>

<comp id="48" class="1004" name="result_read_read_fu_48">
<pin_list>
<pin id="49" dir="0" index="0" bw="2" slack="0"/>
<pin id="50" dir="0" index="1" bw="2" slack="0"/>
<pin id="51" dir="1" index="2" bw="2" slack="0"/>
</pin_list>
<bind>
<opcode="read(1150) " fcode="read"/>
<opset="result_read/1 "/>
</bind>
</comp>

<comp id="54" class="1004" name="p_ZN12_GLOBAL_N_110lineBufferILi2EEE_0_addr_gep_fu_54">
<pin_list>
<pin id="55" dir="0" index="0" bw="2" slack="0"/>
<pin id="56" dir="0" index="1" bw="1" slack="0"/>
<pin id="57" dir="0" index="2" bw="10" slack="0"/>
<pin id="58" dir="1" index="3" bw="10" slack="0"/>
</pin_list>
<bind>
<opcode="getelementptr(29) " fcode="getelementptr"/>
<opset="p_ZN12_GLOBAL_N_110lineBufferILi2EEE_0_addr/1 "/>
</bind>
</comp>

<comp id="61" class="1004" name="p_ZN12_GLOBAL_N_110lineBufferILi2EEE_1_addr_gep_fu_61">
<pin_list>
<pin id="62" dir="0" index="0" bw="2" slack="0"/>
<pin id="63" dir="0" index="1" bw="1" slack="0"/>
<pin id="64" dir="0" index="2" bw="10" slack="0"/>
<pin id="65" dir="1" index="3" bw="10" slack="0"/>
</pin_list>
<bind>
<opcode="getelementptr(29) " fcode="getelementptr"/>
<opset="p_ZN12_GLOBAL_N_110lineBufferILi2EEE_1_addr/1 "/>
</bind>
</comp>

<comp id="68" class="1004" name="grp_access_fu_68">
<pin_list>
<pin id="69" dir="0" index="0" bw="10" slack="0"/>
<pin id="70" dir="0" index="1" bw="2" slack="2147483647"/>
<pin id="71" dir="0" index="2" bw="0" slack="2147483647"/>
<pin id="72" dir="1" index="3" bw="2" slack="0"/>
</pin_list>
<bind>
<opcode="load(27) " fcode="load"/>
<opset="p_ZN12_GLOBAL_N_110lineBufferILi2EEE_0_load/1 "/>
</bind>
</comp>

<comp id="74" class="1004" name="grp_access_fu_74">
<pin_list>
<pin id="75" dir="0" index="0" bw="10" slack="0"/>
<pin id="76" dir="0" index="1" bw="2" slack="2147483647"/>
<pin id="77" dir="0" index="2" bw="0" slack="2147483647"/>
<pin id="78" dir="1" index="3" bw="2" slack="0"/>
</pin_list>
<bind>
<opcode="load(27) " fcode="load"/>
<opset="p_ZN12_GLOBAL_N_110lineBufferILi2EEE_1_load/1 "/>
</bind>
</comp>

<comp id="80" class="1004" name="out_hysteresis2_addr_gep_fu_80">
<pin_list>
<pin id="81" dir="0" index="0" bw="2" slack="0"/>
<pin id="82" dir="0" index="1" bw="1" slack="0"/>
<pin id="83" dir="0" index="2" bw="9" slack="0"/>
<pin id="84" dir="1" index="3" bw="9" slack="0"/>
</pin_list>
<bind>
<opcode="getelementptr(29) " fcode="getelementptr"/>
<opset="out_hysteresis2_addr/2 "/>
</bind>
</comp>

<comp id="87" class="1004" name="store_ln119_access_fu_87">
<pin_list>
<pin id="88" dir="0" index="0" bw="9" slack="0"/>
<pin id="89" dir="0" index="1" bw="2" slack="0"/>
<pin id="90" dir="0" index="2" bw="0" slack="2147483647"/>
<pin id="91" dir="1" index="3" bw="2" slack="2147483647"/>
</pin_list>
<bind>
<opcode="store(28) " fcode="store"/>
<opset="store_ln119/2 "/>
</bind>
</comp>

<comp id="93" class="1004" name="store_ln114_store_fu_93">
<pin_list>
<pin id="94" dir="0" index="0" bw="1" slack="0"/>
<pin id="95" dir="0" index="1" bw="9" slack="0"/>
<pin id="96" dir="1" index="2" bw="0" slack="2147483647"/>
</pin_list>
<bind>
<opcode="store(28) " fcode="store"/>
<opset="store_ln114/1 "/>
</bind>
</comp>

<comp id="98" class="1004" name="column_load_fu_98">
<pin_list>
<pin id="99" dir="0" index="0" bw="9" slack="0"/>
<pin id="100" dir="1" index="1" bw="9" slack="0"/>
</pin_list>
<bind>
<opcode="load(27) " fcode="load"/>
<opset="column/1 "/>
</bind>
</comp>

<comp id="101" class="1004" name="icmp_ln114_fu_101">
<pin_list>
<pin id="102" dir="0" index="0" bw="9" slack="0"/>
<pin id="103" dir="0" index="1" bw="1" slack="0"/>
<pin id="104" dir="1" index="2" bw="1" slack="2147483647"/>
</pin_list>
<bind>
<opcode="icmp(45) " fcode="icmp"/>
<opset="icmp_ln114/1 "/>
</bind>
</comp>

<comp id="107" class="1004" name="lshr_ln_fu_107">
<pin_list>
<pin id="108" dir="0" index="0" bw="8" slack="0"/>
<pin id="109" dir="0" index="1" bw="9" slack="0"/>
<pin id="110" dir="0" index="2" bw="1" slack="0"/>
<pin id="111" dir="0" index="3" bw="5" slack="0"/>
<pin id="112" dir="1" index="4" bw="8" slack="0"/>
</pin_list>
<bind>
<opcode="partselect(1002) " fcode="partselect"/>
<opset="lshr_ln/1 "/>
</bind>
</comp>

<comp id="117" class="1004" name="tmp_s_fu_117">
<pin_list>
<pin id="118" dir="0" index="0" bw="10" slack="0"/>
<pin id="119" dir="0" index="1" bw="2" slack="0"/>
<pin id="120" dir="0" index="2" bw="8" slack="0"/>
<pin id="121" dir="1" index="3" bw="10" slack="0"/>
</pin_list>
<bind>
<opcode="bitconcatenate(1004) " fcode="bitconcatenate"/>
<opset="tmp_s/1 "/>
</bind>
</comp>

<comp id="125" class="1004" name="zext_ln116_fu_125">
<pin_list>
<pin id="126" dir="0" index="0" bw="10" slack="0"/>
<pin id="127" dir="1" index="1" bw="64" slack="0"/>
</pin_list>
<bind>
<opcode="zext(34) " fcode="zext"/>
<opset="zext_ln116/1 "/>
</bind>
</comp>

<comp id="131" class="1004" name="add_ln114_fu_131">
<pin_list>
<pin id="132" dir="0" index="0" bw="9" slack="0"/>
<pin id="133" dir="0" index="1" bw="1" slack="0"/>
<pin id="134" dir="1" index="2" bw="9" slack="0"/>
</pin_list>
<bind>
<opcode="add(8) " fcode="add"/>
<opset="add_ln114/1 "/>
</bind>
</comp>

<comp id="137" class="1004" name="store_ln114_store_fu_137">
<pin_list>
<pin id="138" dir="0" index="0" bw="9" slack="0"/>
<pin id="139" dir="0" index="1" bw="9" slack="0"/>
<pin id="140" dir="1" index="2" bw="0" slack="2147483647"/>
</pin_list>
<bind>
<opcode="store(28) " fcode="store"/>
<opset="store_ln114/1 "/>
</bind>
</comp>

<comp id="142" class="1004" name="zext_ln114_fu_142">
<pin_list>
<pin id="143" dir="0" index="0" bw="9" slack="1"/>
<pin id="144" dir="1" index="1" bw="64" slack="0"/>
</pin_list>
<bind>
<opcode="zext(34) " fcode="zext"/>
<opset="zext_ln114/2 "/>
</bind>
</comp>

<comp id="146" class="1004" name="trunc_ln114_fu_146">
<pin_list>
<pin id="147" dir="0" index="0" bw="9" slack="1"/>
<pin id="148" dir="1" index="1" bw="1" slack="0"/>
</pin_list>
<bind>
<opcode="trunc(33) " fcode="trunc"/>
<opset="trunc_ln114/2 "/>
</bind>
</comp>

<comp id="149" class="1004" name="centre_fu_149">
<pin_list>
<pin id="150" dir="0" index="0" bw="1" slack="0"/>
<pin id="151" dir="0" index="1" bw="2" slack="0"/>
<pin id="152" dir="0" index="2" bw="2" slack="0"/>
<pin id="153" dir="1" index="3" bw="2" slack="0"/>
</pin_list>
<bind>
<opcode="select(49) " fcode="select"/>
<opset="centre/2 "/>
</bind>
</comp>

<comp id="157" class="1004" name="icmp_ln118_fu_157">
<pin_list>
<pin id="158" dir="0" index="0" bw="2" slack="0"/>
<pin id="159" dir="0" index="1" bw="1" slack="0"/>
<pin id="160" dir="1" index="2" bw="1" slack="0"/>
</pin_list>
<bind>
<opcode="icmp(45) " fcode="icmp"/>
<opset="icmp_ln118/2 "/>
</bind>
</comp>

<comp id="163" class="1004" name="select_ln120_fu_163">
<pin_list>
<pin id="164" dir="0" index="0" bw="1" slack="0"/>
<pin id="165" dir="0" index="1" bw="1" slack="0"/>
<pin id="166" dir="0" index="2" bw="1" slack="0"/>
<pin id="167" dir="1" index="3" bw="2" slack="0"/>
</pin_list>
<bind>
<opcode="select(49) " fcode="select"/>
<opset="select_ln120/2 "/>
</bind>
</comp>

<comp id="172" class="1005" name="column_5_reg_172">
<pin_list>
<pin id="173" dir="0" index="0" bw="9" slack="0"/>
<pin id="174" dir="1" index="1" bw="9" slack="0"/>
</pin_list>
<bind>
<opset="column_5 "/>
</bind>
</comp>

<comp id="179" class="1005" name="column_reg_179">
<pin_list>
<pin id="180" dir="0" index="0" bw="9" slack="1"/>
<pin id="181" dir="1" index="1" bw="9" slack="1"/>
</pin_list>
<bind>
<opset="column "/>
</bind>
</comp>

<comp id="188" class="1005" name="p_ZN12_GLOBAL_N_110lineBufferILi2EEE_0_addr_reg_188">
<pin_list>
<pin id="189" dir="0" index="0" bw="10" slack="1"/>
<pin id="190" dir="1" index="1" bw="10" slack="1"/>
</pin_list>
<bind>
<opset="p_ZN12_GLOBAL_N_110lineBufferILi2EEE_0_addr "/>
</bind>
</comp>

<comp id="193" class="1005" name="p_ZN12_GLOBAL_N_110lineBufferILi2EEE_1_addr_reg_193">
<pin_list>
<pin id="194" dir="0" index="0" bw="10" slack="1"/>
<pin id="195" dir="1" index="1" bw="10" slack="1"/>
</pin_list>
<bind>
<opset="p_ZN12_GLOBAL_N_110lineBufferILi2EEE_1_addr "/>
</bind>
</comp>

</comp_list>

<net_list>
<net id="47"><net_src comp="8" pin="0"/><net_sink comp="44" pin=0"/></net>

<net id="52"><net_src comp="10" pin="0"/><net_sink comp="48" pin=0"/></net>

<net id="53"><net_src comp="0" pin="0"/><net_sink comp="48" pin=1"/></net>

<net id="59"><net_src comp="4" pin="0"/><net_sink comp="54" pin=0"/></net>

<net id="60"><net_src comp="22" pin="0"/><net_sink comp="54" pin=1"/></net>

<net id="66"><net_src comp="6" pin="0"/><net_sink comp="61" pin=0"/></net>

<net id="67"><net_src comp="22" pin="0"/><net_sink comp="61" pin=1"/></net>

<net id="73"><net_src comp="54" pin="3"/><net_sink comp="68" pin=0"/></net>

<net id="79"><net_src comp="61" pin="3"/><net_sink comp="74" pin=0"/></net>

<net id="85"><net_src comp="2" pin="0"/><net_sink comp="80" pin=0"/></net>

<net id="86"><net_src comp="22" pin="0"/><net_sink comp="80" pin=1"/></net>

<net id="92"><net_src comp="80" pin="3"/><net_sink comp="87" pin=0"/></net>

<net id="97"><net_src comp="12" pin="0"/><net_sink comp="93" pin=0"/></net>

<net id="105"><net_src comp="98" pin="1"/><net_sink comp="101" pin=0"/></net>

<net id="106"><net_src comp="14" pin="0"/><net_sink comp="101" pin=1"/></net>

<net id="113"><net_src comp="16" pin="0"/><net_sink comp="107" pin=0"/></net>

<net id="114"><net_src comp="98" pin="1"/><net_sink comp="107" pin=1"/></net>

<net id="115"><net_src comp="8" pin="0"/><net_sink comp="107" pin=2"/></net>

<net id="116"><net_src comp="18" pin="0"/><net_sink comp="107" pin=3"/></net>

<net id="122"><net_src comp="20" pin="0"/><net_sink comp="117" pin=0"/></net>

<net id="123"><net_src comp="48" pin="2"/><net_sink comp="117" pin=1"/></net>

<net id="124"><net_src comp="107" pin="4"/><net_sink comp="117" pin=2"/></net>

<net id="128"><net_src comp="117" pin="3"/><net_sink comp="125" pin=0"/></net>

<net id="129"><net_src comp="125" pin="1"/><net_sink comp="54" pin=2"/></net>

<net id="130"><net_src comp="125" pin="1"/><net_sink comp="61" pin=2"/></net>

<net id="135"><net_src comp="98" pin="1"/><net_sink comp="131" pin=0"/></net>

<net id="136"><net_src comp="12" pin="0"/><net_sink comp="131" pin=1"/></net>

<net id="141"><net_src comp="131" pin="2"/><net_sink comp="137" pin=0"/></net>

<net id="145"><net_src comp="142" pin="1"/><net_sink comp="80" pin=2"/></net>

<net id="154"><net_src comp="146" pin="1"/><net_sink comp="149" pin=0"/></net>

<net id="155"><net_src comp="74" pin="3"/><net_sink comp="149" pin=1"/></net>

<net id="156"><net_src comp="68" pin="3"/><net_sink comp="149" pin=2"/></net>

<net id="161"><net_src comp="149" pin="3"/><net_sink comp="157" pin=0"/></net>

<net id="162"><net_src comp="40" pin="0"/><net_sink comp="157" pin=1"/></net>

<net id="168"><net_src comp="157" pin="2"/><net_sink comp="163" pin=0"/></net>

<net id="169"><net_src comp="40" pin="0"/><net_sink comp="163" pin=1"/></net>

<net id="170"><net_src comp="42" pin="0"/><net_sink comp="163" pin=2"/></net>

<net id="171"><net_src comp="163" pin="3"/><net_sink comp="87" pin=1"/></net>

<net id="175"><net_src comp="44" pin="1"/><net_sink comp="172" pin=0"/></net>

<net id="176"><net_src comp="172" pin="1"/><net_sink comp="93" pin=1"/></net>

<net id="177"><net_src comp="172" pin="1"/><net_sink comp="98" pin=0"/></net>

<net id="178"><net_src comp="172" pin="1"/><net_sink comp="137" pin=1"/></net>

<net id="182"><net_src comp="98" pin="1"/><net_sink comp="179" pin=0"/></net>

<net id="183"><net_src comp="179" pin="1"/><net_sink comp="142" pin=0"/></net>

<net id="184"><net_src comp="179" pin="1"/><net_sink comp="146" pin=0"/></net>

<net id="191"><net_src comp="54" pin="3"/><net_sink comp="188" pin=0"/></net>

<net id="192"><net_src comp="188" pin="1"/><net_sink comp="68" pin=0"/></net>

<net id="196"><net_src comp="61" pin="3"/><net_sink comp="193" pin=0"/></net>

<net id="197"><net_src comp="193" pin="1"/><net_sink comp="74" pin=0"/></net>

</net_list>

</model> 
---------------- Datapath Model END ------------------

* FSMD analyzer results:
  - Output states:
	Port: out_hysteresis2 | {2 }
 - Input state : 
	Port: hysteresis<2>_Pipeline_VITIS_LOOP_114_2 : result | {1 }
	Port: hysteresis<2>_Pipeline_VITIS_LOOP_114_2 : p_ZN12_GLOBAL_N_110lineBufferILi2EEE_0 | {1 2 }
	Port: hysteresis<2>_Pipeline_VITIS_LOOP_114_2 : p_ZN12_GLOBAL_N_110lineBufferILi2EEE_1 | {1 2 }
  - Chain level:
	State 1
		store_ln114 : 1
		column : 1
		icmp_ln114 : 2
		br_ln114 : 3
		lshr_ln : 2
		tmp_s : 3
		zext_ln116 : 4
		p_ZN12_GLOBAL_N_110lineBufferILi2EEE_0_addr : 5
		p_ZN12_GLOBAL_N_110lineBufferILi2EEE_1_addr : 5
		p_ZN12_GLOBAL_N_110lineBufferILi2EEE_0_load : 6
		p_ZN12_GLOBAL_N_110lineBufferILi2EEE_1_load : 6
		add_ln114 : 2
		store_ln114 : 3
	State 2
		centre : 1
		icmp_ln118 : 2
		out_hysteresis2_addr : 1
		select_ln120 : 3
		store_ln119 : 4


============================================================
+ Verbose Summary: Datapath Resource usage 
============================================================

* Functional unit list:
|----------|------------------------|---------|---------|
| Operation|     Functional Unit    |    FF   |   LUT   |
|----------|------------------------|---------|---------|
|   icmp   |    icmp_ln114_fu_101   |    0    |    16   |
|          |    icmp_ln118_fu_157   |    0    |    9    |
|----------|------------------------|---------|---------|
|    add   |    add_ln114_fu_131    |    0    |    16   |
|----------|------------------------|---------|---------|
|  select  |      centre_fu_149     |    0    |    2    |
|          |   select_ln120_fu_163  |    0    |    2    |
|----------|------------------------|---------|---------|
|   read   | result_read_read_fu_48 |    0    |    0    |
|----------|------------------------|---------|---------|
|partselect|     lshr_ln_fu_107     |    0    |    0    |
|----------|------------------------|---------|---------|
|bitconcatenate|      tmp_s_fu_117      |    0    |    0    |
|----------|------------------------|---------|---------|
|   zext   |    zext_ln116_fu_125   |    0    |    0    |
|          |    zext_ln114_fu_142   |    0    |    0    |
|----------|------------------------|---------|---------|
|   trunc  |   trunc_ln114_fu_146   |    0    |    0    |
|----------|------------------------|---------|---------|
|   Total  |                        |    0    |    45   |
|----------|------------------------|---------|---------|

Memories:
N/A

* Register list:
+---------------------------------------------------+--------+
|                                                   |   FF   |
+---------------------------------------------------+--------+
|                  column_5_reg_172                 |    9   |
|                   column_reg_179                  |    9   |
|p_ZN12_GLOBAL_N_110lineBufferILi2EEE_0_addr_reg_188|   10   |
|p_ZN12_GLOBAL_N_110lineBufferILi2EEE_1_addr_reg_193|   10   |
+---------------------------------------------------+--------+
|                       Total                       |   38   |
+---------------------------------------------------+--------+

* Multiplexer (MUX) list: 
|------------------|------|------|------|--------||---------||---------||---------|
|       Comp       |  Pin | Size |  BW  | S x BW ||  Delay  ||    FF   ||   LUT   |
|------------------|------|------|------|--------||---------||---------||---------|
| grp_access_fu_68 |  p0  |   2  |  10  |   20   ||    0    ||    9    |
| grp_access_fu_74 |  p0  |   2  |  10  |   20   ||    0    ||    9    |
|------------------|------|------|------|--------||---------||---------||---------|
|       Total      |      |      |      |   40   ||  0.854  ||    0    ||    18   |
|------------------|------|------|------|--------||---------||---------||---------|



* Summary:
+-----------+--------+--------+--------+
|           |  Delay |   FF   |   LUT  |
+-----------+--------+--------+--------+
|  Function |    -   |    0   |   45   |
|   Memory  |    -   |    -   |    -   |
|Multiplexer|    0   |    0   |   18   |
|  Register |    -   |   38   |    -   |
+-----------+--------+--------+--------+
|   Total   |    0   |   38   |   63   |
+-----------+--------+--------+--------+
