

================================================================
== Vitis HLS Report for 'hysteresis_1_Pipeline_VITIS_LOOP_154_4'
================================================================
* Date:           Thu Jul 30 19:40:29 2026

* Version:        2025.2 (Build 6295257 on Nov 14 2025)
* Project:        canny_top
* Solution:       hls (Vitis Kernel Flow Target)
* Product family: zynquplus
* Target device:  xck26-sfvc784-2LV-c


================================================================
== Performance Estimates
================================================================
+ Timing: 
    * Summary: 
    +--------+---------+----------+------------+
    |  Clock |  Target | Estimated| Uncertainty|
    +--------+---------+----------+------------+
    |ap_clk  |  5.00 ns|  2.838 ns|     1.35 ns|
    +--------+---------+----------+------------+

+ Latency: 
    * Summary: 
    +---------+---------+----------+----------+-----+-----+-------------------+
    |  Latency (cycles) |  Latency (absolute) |  Interval |      Pipeline     |
    |   min   |   max   |    min   |    max   | min | max |        Type       |
    +---------+---------+----------+----------+-----+-----+-------------------+
    |      515|      515|  2.575 us|  2.575 us|    0|    0|  loop pipeline stp|
    +---------+---------+----------+----------+-----+-----+-------------------+

    + Detail: 
        * Instance: 
        N/A

        * Loop: 
        +--------------------+---------+---------+----------+-----------+-----------+------+----------+
        |                    |  Latency (cycles) | Iteration|  Initiation Interval  | Trip |          |
        |      Loop Name     |   min   |   max   |  Latency |  achieved |   target  | Count| Pipelined|
        +--------------------+---------+---------+----------+-----------+-----------+------+----------+
        |- VITIS_LOOP_154_4  |      513|      513|         2|          1|          1|   512|       yes|
        +--------------------+---------+---------+----------+-----------+-----------+------+----------+

============================================================
+ Verbose Summary: Synthesis Manager
============================================================
InlineROM: 1
ExposeGlobal: 0
============================================================
+ Verbose Summary: CDFG Model
============================================================
IsTopModel: 0
ResetActiveHigh: 1
IsCombinational: 0
IsDatapathOnly: 0
HasWiredReturn: 1
HasMFsm: 2
HasVarLatency: 1
IsPipeline: 0
IsRtlPipelined: 0
IsInstanceOverlapped: 0
IsDontTouch: 0
HasImplIP: 0
IsGatedGlobalClock: 0

+ Individual pipeline summary: 
  * Pipeline-0: initiation interval (II) = 1, depth = 2


============================================================
+ Verbose Summary: Schedule
============================================================
* Number of FSM states : 2
* Pipeline : 1
  Pipeline-0 : II = 1, D = 2, States = { 1 2 }
* Dataflow Pipeline: 0

* FSM state transitions: 
1 --> 2 
2 --> 

* FSM state operations: 

State 1 <SV = 0> <Delay = 2.83>
ST_1 : Operation 5 [1/1] (0.00ns)   --->   "%column_6 = alloca i32 1" [../src/hysteresis.cpp:154->../src/canny_top.cpp:34]   --->   Operation 5 'alloca' 'column_6' <Predicate = true> <Delay = 0.00>
ST_1 : Operation 6 [1/1] (0.00ns)   --->   "%empty = alloca i32 1"   --->   Operation 6 'alloca' 'empty' <Predicate = true> <Delay = 0.00>
ST_1 : Operation 7 [1/1] (0.00ns)   --->   "%empty_72 = alloca i32 1"   --->   Operation 7 'alloca' 'empty_72' <Predicate = true> <Delay = 0.00>
ST_1 : Operation 8 [1/1] (0.00ns)   --->   "%empty_73 = alloca i32 1"   --->   Operation 8 'alloca' 'empty_73' <Predicate = true> <Delay = 0.00>
ST_1 : Operation 9 [1/1] (0.00ns)   --->   "%centre = alloca i32 1" [../src/hysteresis.cpp:157->../src/canny_top.cpp:34]   --->   Operation 9 'alloca' 'centre' <Predicate = true> <Delay = 0.00>
ST_1 : Operation 10 [1/1] (0.00ns)   --->   "%empty_74 = alloca i32 1"   --->   Operation 10 'alloca' 'empty_74' <Predicate = true> <Delay = 0.00>
ST_1 : Operation 11 [1/1] (0.00ns)   --->   "%empty_75 = alloca i32 1"   --->   Operation 11 'alloca' 'empty_75' <Predicate = true> <Delay = 0.00>
ST_1 : Operation 12 [1/1] (0.00ns)   --->   "%empty_76 = alloca i32 1"   --->   Operation 12 'alloca' 'empty_76' <Predicate = true> <Delay = 0.00>
ST_1 : Operation 13 [1/1] (0.00ns)   --->   "%empty_77 = alloca i32 1"   --->   Operation 13 'alloca' 'empty_77' <Predicate = true> <Delay = 0.00>
ST_1 : Operation 14 [1/1] (0.00ns)   --->   "%empty_78 = alloca i32 1"   --->   Operation 14 'alloca' 'empty_78' <Predicate = true> <Delay = 0.00>
ST_1 : Operation 15 [1/1] (0.00ns)   --->   "%select_ln18_4_read = read i2 @_ssdm_op_Read.ap_auto.i2, i2 %select_ln18_4" [../src/hysteresis.cpp:103->../src/canny_top.cpp:34]   --->   Operation 15 'read' 'select_ln18_4_read' <Predicate = true> <Delay = 0.00>
ST_1 : Operation 16 [1/1] (0.00ns)   --->   "%p_smodpost_read = read i2 @_ssdm_op_Read.ap_auto.i2, i2 %p_smodpost" [../src/hysteresis.cpp:103->../src/canny_top.cpp:34]   --->   Operation 16 'read' 'p_smodpost_read' <Predicate = true> <Delay = 0.00>
ST_1 : Operation 17 [1/1] (0.00ns)   --->   "%select_ln18_read = read i2 @_ssdm_op_Read.ap_auto.i2, i2 %select_ln18" [../src/hysteresis.cpp:103->../src/canny_top.cpp:34]   --->   Operation 17 'read' 'select_ln18_read' <Predicate = true> <Delay = 0.00>
ST_1 : Operation 18 [1/1] (0.00ns)   --->   "%outputRow_read = read i31 @_ssdm_op_Read.ap_auto.i31, i31 %outputRow" [../src/hysteresis.cpp:103->../src/canny_top.cpp:34]   --->   Operation 18 'read' 'outputRow_read' <Predicate = true> <Delay = 0.00>
ST_1 : Operation 19 [1/1] (0.00ns)   --->   "%tmp_read = read i8 @_ssdm_op_Read.ap_auto.i8, i8 %tmp" [../src/hysteresis.cpp:103->../src/canny_top.cpp:34]   --->   Operation 19 'read' 'tmp_read' <Predicate = true> <Delay = 0.00>
ST_1 : Operation 20 [1/1] (0.00ns)   --->   "%tmp_33_read = read i8 @_ssdm_op_Read.ap_auto.i8, i8 %tmp_33" [../src/hysteresis.cpp:103->../src/canny_top.cpp:34]   --->   Operation 20 'read' 'tmp_33_read' <Predicate = true> <Delay = 0.00>
ST_1 : Operation 21 [1/1] (0.00ns)   --->   "%tmp_read_79 = read i8 @_ssdm_op_Read.ap_auto.i8, i8 %tmp_s" [../src/hysteresis.cpp:103->../src/canny_top.cpp:34]   --->   Operation 21 'read' 'tmp_read_79' <Predicate = true> <Delay = 0.00>
ST_1 : Operation 22 [1/1] (0.00ns)   --->   "%tmp_34_read = read i8 @_ssdm_op_Read.ap_auto.i8, i8 %tmp_34" [../src/hysteresis.cpp:103->../src/canny_top.cpp:34]   --->   Operation 22 'read' 'tmp_34_read' <Predicate = true> <Delay = 0.00>
ST_1 : Operation 23 [1/1] (0.00ns)   --->   "%tmp_32_read = read i8 @_ssdm_op_Read.ap_auto.i8, i8 %tmp_32" [../src/hysteresis.cpp:103->../src/canny_top.cpp:34]   --->   Operation 23 'read' 'tmp_32_read' <Predicate = true> <Delay = 0.00>
ST_1 : Operation 24 [1/1] (0.00ns)   --->   "%tmp_35_read = read i8 @_ssdm_op_Read.ap_auto.i8, i8 %tmp_35" [../src/hysteresis.cpp:103->../src/canny_top.cpp:34]   --->   Operation 24 'read' 'tmp_35_read' <Predicate = true> <Delay = 0.00>
ST_1 : Operation 25 [1/1] (1.00ns)   --->   "%hasBottom = icmp_ult  i31 %outputRow_read, i31 511" [../src/hysteresis.cpp:103->../src/canny_top.cpp:34]   --->   Operation 25 'icmp' 'hasBottom' <Predicate = true> <Delay = 1.00> <CoreInst = "Cmp">   --->   Core 9 'Cmp' <Latency = 0> <II = 1> <Delay = 1.00> <FuncUnit> <Opcode : 'seteq' 'setne' 'setle' 'setge' 'setlt' 'setgt'> <InPorts = 2> <OutPorts = 1>
ST_1 : Operation 26 [1/1] (1.00ns)   --->   "%hasTop = icmp_ne  i31 %outputRow_read, i31 0" [../src/hysteresis.cpp:102->../src/canny_top.cpp:34]   --->   Operation 26 'icmp' 'hasTop' <Predicate = true> <Delay = 1.00> <CoreInst = "Cmp">   --->   Core 9 'Cmp' <Latency = 0> <II = 1> <Delay = 1.00> <FuncUnit> <Opcode : 'seteq' 'setne' 'setle' 'setge' 'setlt' 'setgt'> <InPorts = 2> <OutPorts = 1>
ST_1 : Operation 27 [1/1] (0.42ns)   --->   "%store_ln103 = store i8 %tmp_35_read, i8 %empty_78" [../src/hysteresis.cpp:103->../src/canny_top.cpp:34]   --->   Operation 27 'store' 'store_ln103' <Predicate = true> <Delay = 0.42>
ST_1 : Operation 28 [1/1] (0.42ns)   --->   "%store_ln103 = store i8 %tmp_32_read, i8 %empty_77" [../src/hysteresis.cpp:103->../src/canny_top.cpp:34]   --->   Operation 28 'store' 'store_ln103' <Predicate = true> <Delay = 0.42>
ST_1 : Operation 29 [1/1] (0.42ns)   --->   "%store_ln103 = store i8 %tmp_34_read, i8 %empty_76" [../src/hysteresis.cpp:103->../src/canny_top.cpp:34]   --->   Operation 29 'store' 'store_ln103' <Predicate = true> <Delay = 0.42>
ST_1 : Operation 30 [1/1] (0.42ns)   --->   "%store_ln103 = store i8 %tmp_33_read, i8 %empty_75" [../src/hysteresis.cpp:103->../src/canny_top.cpp:34]   --->   Operation 30 'store' 'store_ln103' <Predicate = true> <Delay = 0.42>
ST_1 : Operation 31 [1/1] (0.42ns)   --->   "%store_ln103 = store i8 %tmp_read, i8 %empty_74" [../src/hysteresis.cpp:103->../src/canny_top.cpp:34]   --->   Operation 31 'store' 'store_ln103' <Predicate = true> <Delay = 0.42>
ST_1 : Operation 32 [1/1] (0.42ns)   --->   "%store_ln157 = store i8 %tmp_read_79, i8 %centre" [../src/hysteresis.cpp:157->../src/canny_top.cpp:34]   --->   Operation 32 'store' 'store_ln157' <Predicate = true> <Delay = 0.42>
ST_1 : Operation 33 [1/1] (0.42ns)   --->   "%store_ln103 = store i8 %tmp_32_read, i8 %empty_73" [../src/hysteresis.cpp:103->../src/canny_top.cpp:34]   --->   Operation 33 'store' 'store_ln103' <Predicate = true> <Delay = 0.42>
ST_1 : Operation 34 [1/1] (0.42ns)   --->   "%store_ln103 = store i8 %tmp_read_79, i8 %empty_72" [../src/hysteresis.cpp:103->../src/canny_top.cpp:34]   --->   Operation 34 'store' 'store_ln103' <Predicate = true> <Delay = 0.42>
ST_1 : Operation 35 [1/1] (0.42ns)   --->   "%store_ln103 = store i8 %tmp_read, i8 %empty" [../src/hysteresis.cpp:103->../src/canny_top.cpp:34]   --->   Operation 35 'store' 'store_ln103' <Predicate = true> <Delay = 0.42>
ST_1 : Operation 36 [1/1] (0.42ns)   --->   "%store_ln154 = store i10 0, i10 %column_6" [../src/hysteresis.cpp:154->../src/canny_top.cpp:34]   --->   Operation 36 'store' 'store_ln154' <Predicate = true> <Delay = 0.42>
ST_1 : Operation 37 [1/1] (0.00ns)   --->   "%br_ln0 = br void %for.body49.i"   --->   Operation 37 'br' 'br_ln0' <Predicate = true> <Delay = 0.00>
ST_1 : Operation 38 [1/1] (0.00ns)   --->   "%column = load i10 %column_6" [../src/hysteresis.cpp:154->../src/canny_top.cpp:34]   --->   Operation 38 'load' 'column' <Predicate = true> <Delay = 0.00>
ST_1 : Operation 39 [1/1] (0.78ns)   --->   "%icmp_ln154 = icmp_eq  i10 %column, i10 512" [../src/hysteresis.cpp:154->../src/canny_top.cpp:34]   --->   Operation 39 'icmp' 'icmp_ln154' <Predicate = true> <Delay = 0.78> <CoreInst = "Cmp">   --->   Core 9 'Cmp' <Latency = 0> <II = 1> <Delay = 0.78> <FuncUnit> <Opcode : 'seteq' 'setne' 'setle' 'setge' 'setlt' 'setgt'> <InPorts = 2> <OutPorts = 1>
ST_1 : Operation 40 [1/1] (0.78ns)   --->   "%add_ln154 = add i10 %column, i10 1" [../src/hysteresis.cpp:154->../src/canny_top.cpp:34]   --->   Operation 40 'add' 'add_ln154' <Predicate = true> <Delay = 0.78> <CoreInst = "Adder">   --->   Core 1 'Adder' <Latency = 0> <II = 1> <Delay = 0.78> <FuncUnit> <Opcode : 'add' 'sub'> <InPorts = 2> <OutPorts = 1>
ST_1 : Operation 41 [1/1] (0.00ns)   --->   "%br_ln154 = br i1 %icmp_ln154, void %for.body49.split.i, void %_Z10hysteresisILi1EEvPKhPhbPbh.5.exit.loopexit.exitStub" [../src/hysteresis.cpp:154->../src/canny_top.cpp:34]   --->   Operation 41 'br' 'br_ln154' <Predicate = true> <Delay = 0.00>
ST_1 : Operation 42 [1/1] (0.00ns)   --->   "%trunc_ln184 = trunc i10 %column" [../src/hysteresis.cpp:184->../src/canny_top.cpp:34]   --->   Operation 42 'trunc' 'trunc_ln184' <Predicate = (!icmp_ln154)> <Delay = 0.00>
ST_1 : Operation 43 [1/1] (0.00ns)   --->   "%zext_ln184 = zext i9 %trunc_ln184" [../src/hysteresis.cpp:184->../src/canny_top.cpp:34]   --->   Operation 43 'zext' 'zext_ln184' <Predicate = (!icmp_ln154)> <Delay = 0.00>
ST_1 : Operation 44 [1/1] (0.77ns)   --->   "%add_ln184 = add i10 %zext_ln184, i10 2" [../src/hysteresis.cpp:184->../src/canny_top.cpp:34]   --->   Operation 44 'add' 'add_ln184' <Predicate = (!icmp_ln154)> <Delay = 0.77> <CoreInst = "Adder">   --->   Core 1 'Adder' <Latency = 0> <II = 1> <Delay = 0.77> <FuncUnit> <Opcode : 'add' 'sub'> <InPorts = 2> <OutPorts = 1>
ST_1 : Operation 45 [1/1] (0.00ns)   --->   "%trunc_ln21 = trunc i10 %add_ln184" [../src/hysteresis.cpp:21->../src/hysteresis.cpp:184->../src/canny_top.cpp:34]   --->   Operation 45 'trunc' 'trunc_ln21' <Predicate = (!icmp_ln154)> <Delay = 0.00>
ST_1 : Operation 46 [1/1] (0.00ns)   --->   "%tmp_42 = bitselect i1 @_ssdm_op_BitSelect.i1.i10.i32, i10 %add_ln184, i32 9" [../src/hysteresis.cpp:24->../src/hysteresis.cpp:184->../src/canny_top.cpp:34]   --->   Operation 46 'bitselect' 'tmp_42' <Predicate = (!icmp_ln154)> <Delay = 0.00>
ST_1 : Operation 47 [1/1] (0.39ns)   --->   "%nextColumn = select i1 %tmp_42, i9 511, i9 %trunc_ln21" [../src/hysteresis.cpp:22->../src/hysteresis.cpp:184->../src/canny_top.cpp:34]   --->   Operation 47 'select' 'nextColumn' <Predicate = (!icmp_ln154)> <Delay = 0.39> <CoreInst = "Sel">   --->   Core 73 'Sel' <Latency = 0> <II = 1> <Delay = 0.39> <FuncUnit> <Opcode : 'select'> <InPorts = 3> <OutPorts = 1>
ST_1 : Operation 48 [1/1] (0.00ns)   --->   "%zext_ln191 = zext i9 %nextColumn" [../src/hysteresis.cpp:191->../src/canny_top.cpp:34]   --->   Operation 48 'zext' 'zext_ln191' <Predicate = (!icmp_ln154)> <Delay = 0.00>
ST_1 : Operation 49 [1/1] (0.00ns)   --->   "%p_ZN12_GLOBAL_N_110lineBufferILi1EEE_0_addr = getelementptr i8 %p_ZN12_GLOBAL_N_110lineBufferILi1EEE_0, i64 0, i64 %zext_ln191" [../src/hysteresis.cpp:191->../src/canny_top.cpp:34]   --->   Operation 49 'getelementptr' 'p_ZN12_GLOBAL_N_110lineBufferILi1EEE_0_addr' <Predicate = (!icmp_ln154)> <Delay = 0.00>
ST_1 : Operation 50 [2/2] (1.23ns)   --->   "%banked = load i9 %p_ZN12_GLOBAL_N_110lineBufferILi1EEE_0_addr" [../src/hysteresis.cpp:191->../src/canny_top.cpp:34]   --->   Operation 50 'load' 'banked' <Predicate = (!icmp_ln154)> <Delay = 1.23> <CoreInst = "RAM">   --->   Core 82 'RAM' <Latency = 1> <II = 1> <Delay = 1.23> <Storage> <Opcode : 'load' 'store'> <Ports = 2> <Width = 8> <Depth = 512> <RAM>
ST_1 : Operation 51 [1/1] (0.00ns)   --->   "%p_ZN12_GLOBAL_N_110lineBufferILi1EEE_1_addr = getelementptr i8 %p_ZN12_GLOBAL_N_110lineBufferILi1EEE_1, i64 0, i64 %zext_ln191" [../src/hysteresis.cpp:191->../src/canny_top.cpp:34]   --->   Operation 51 'getelementptr' 'p_ZN12_GLOBAL_N_110lineBufferILi1EEE_1_addr' <Predicate = (!icmp_ln154)> <Delay = 0.00>
ST_1 : Operation 52 [1/1] (0.00ns)   --->   "%p_ZN12_GLOBAL_N_110lineBufferILi1EEE_2_addr = getelementptr i8 %p_ZN12_GLOBAL_N_110lineBufferILi1EEE_2, i64 0, i64 %zext_ln191" [../src/hysteresis.cpp:191->../src/canny_top.cpp:34]   --->   Operation 52 'getelementptr' 'p_ZN12_GLOBAL_N_110lineBufferILi1EEE_2_addr' <Predicate = (!icmp_ln154)> <Delay = 0.00>
ST_1 : Operation 53 [2/2] (1.23ns)   --->   "%banked_9 = load i9 %p_ZN12_GLOBAL_N_110lineBufferILi1EEE_1_addr" [../src/hysteresis.cpp:191->../src/canny_top.cpp:34]   --->   Operation 53 'load' 'banked_9' <Predicate = (!icmp_ln154)> <Delay = 1.23> <CoreInst = "RAM">   --->   Core 82 'RAM' <Latency = 1> <II = 1> <Delay = 1.23> <Storage> <Opcode : 'load' 'store'> <Ports = 2> <Width = 8> <Depth = 512> <RAM>
ST_1 : Operation 54 [2/2] (1.23ns)   --->   "%banked_10 = load i9 %p_ZN12_GLOBAL_N_110lineBufferILi1EEE_2_addr" [../src/hysteresis.cpp:191->../src/canny_top.cpp:34]   --->   Operation 54 'load' 'banked_10' <Predicate = (!icmp_ln154)> <Delay = 1.23> <CoreInst = "RAM">   --->   Core 82 'RAM' <Latency = 1> <II = 1> <Delay = 1.23> <Storage> <Opcode : 'load' 'store'> <Ports = 2> <Width = 8> <Depth = 512> <RAM>
ST_1 : Operation 55 [1/1] (0.42ns)   --->   "%store_ln154 = store i10 %add_ln154, i10 %column_6" [../src/hysteresis.cpp:154->../src/canny_top.cpp:34]   --->   Operation 55 'store' 'store_ln154' <Predicate = (!icmp_ln154)> <Delay = 0.42>

State 2 <SV = 1> <Delay = 2.59>
ST_2 : Operation 56 [1/1] (0.00ns)   --->   "%centre_4 = load i8 %centre" [../src/hysteresis.cpp:162->../src/canny_top.cpp:34]   --->   Operation 56 'load' 'centre_4' <Predicate = true> <Delay = 0.00>
ST_2 : Operation 57 [1/1] (0.00ns)   --->   "%p_load19 = load i8 %empty_74" [../src/hysteresis.cpp:44->../src/hysteresis.cpp:167->../src/canny_top.cpp:34]   --->   Operation 57 'load' 'p_load19' <Predicate = true> <Delay = 0.00>
ST_2 : Operation 58 [1/1] (0.00ns)   --->   "%p_load18 = load i8 %empty_75" [../src/hysteresis.cpp:45->../src/hysteresis.cpp:167->../src/canny_top.cpp:34]   --->   Operation 58 'load' 'p_load18' <Predicate = true> <Delay = 0.00>
ST_2 : Operation 59 [1/1] (0.00ns)   --->   "%p_load17 = load i8 %empty_76" [../src/hysteresis.cpp:47->../src/hysteresis.cpp:167->../src/canny_top.cpp:34]   --->   Operation 59 'load' 'p_load17' <Predicate = true> <Delay = 0.00>
ST_2 : Operation 60 [1/1] (0.00ns)   --->   "%p_load16 = load i8 %empty_77" [../src/hysteresis.cpp:49->../src/hysteresis.cpp:167->../src/canny_top.cpp:34]   --->   Operation 60 'load' 'p_load16' <Predicate = true> <Delay = 0.00>
ST_2 : Operation 61 [1/1] (0.00ns)   --->   "%p_load = load i8 %empty_78" [../src/hysteresis.cpp:50->../src/hysteresis.cpp:167->../src/canny_top.cpp:34]   --->   Operation 61 'load' 'p_load' <Predicate = true> <Delay = 0.00>
ST_2 : Operation 62 [1/1] (0.00ns)   --->   "%zext_ln154 = zext i10 %column" [../src/hysteresis.cpp:154->../src/canny_top.cpp:34]   --->   Operation 62 'zext' 'zext_ln154' <Predicate = (!icmp_ln154)> <Delay = 0.00>
ST_2 : Operation 63 [1/1] (0.00ns)   --->   "%specpipeline_ln155 = specpipeline void @_ssdm_op_SpecPipeline, i32 1, i32 0, i32 0, i32 0, i32 4294967295, void @empty_14" [../src/hysteresis.cpp:155->../src/canny_top.cpp:34]   --->   Operation 63 'specpipeline' 'specpipeline_ln155' <Predicate = (!icmp_ln154)> <Delay = 0.00>
ST_2 : Operation 64 [1/1] (0.00ns)   --->   "%speclooptripcount_ln154 = speclooptripcount void @_ssdm_op_SpecLoopTripCount, i64 512, i64 512, i64 512" [../src/hysteresis.cpp:154->../src/canny_top.cpp:34]   --->   Operation 64 'speclooptripcount' 'speclooptripcount_ln154' <Predicate = (!icmp_ln154)> <Delay = 0.00>
ST_2 : Operation 65 [1/1] (0.00ns)   --->   "%specloopname_ln154 = specloopname void @_ssdm_op_SpecLoopName, void @empty_5" [../src/hysteresis.cpp:154->../src/canny_top.cpp:34]   --->   Operation 65 'specloopname' 'specloopname_ln154' <Predicate = (!icmp_ln154)> <Delay = 0.00>
ST_2 : Operation 66 [1/1] (0.78ns)   --->   "%hasLeft = icmp_ne  i10 %column, i10 0" [../src/hysteresis.cpp:159->../src/canny_top.cpp:34]   --->   Operation 66 'icmp' 'hasLeft' <Predicate = (!icmp_ln154)> <Delay = 0.78> <CoreInst = "Cmp">   --->   Core 9 'Cmp' <Latency = 0> <II = 1> <Delay = 0.78> <FuncUnit> <Opcode : 'seteq' 'setne' 'setle' 'setge' 'setlt' 'setgt'> <InPorts = 2> <OutPorts = 1>
ST_2 : Operation 67 [1/1] (0.78ns)   --->   "%hasRight = icmp_ult  i10 %column, i10 511" [../src/hysteresis.cpp:160->../src/canny_top.cpp:34]   --->   Operation 67 'icmp' 'hasRight' <Predicate = (!icmp_ln154)> <Delay = 0.78> <CoreInst = "Cmp">   --->   Core 9 'Cmp' <Latency = 0> <II = 1> <Delay = 0.78> <FuncUnit> <Opcode : 'seteq' 'setne' 'setle' 'setge' 'setlt' 'setgt'> <InPorts = 2> <OutPorts = 1>
ST_2 : Operation 68 [1/1] (0.76ns)   --->   "%switch_ln162 = switch i8 %centre_4, void %if.else70.i, i8 255, void %if.then55.i, i8 128, void %land.lhs.true.i" [../src/hysteresis.cpp:162->../src/canny_top.cpp:34]   --->   Operation 68 'switch' 'switch_ln162' <Predicate = (!icmp_ln154)> <Delay = 0.76>
ST_2 : Operation 69 [1/1] (0.00ns)   --->   "%p_load22 = load i8 %empty" [../src/hysteresis.cpp:43->../src/hysteresis.cpp:167->../src/canny_top.cpp:34]   --->   Operation 69 'load' 'p_load22' <Predicate = (!icmp_ln154 & centre_4 == 128)> <Delay = 0.00>
ST_2 : Operation 70 [1/1] (0.76ns)   --->   "%icmp_ln43 = icmp_eq  i8 %p_load22, i8 255" [../src/hysteresis.cpp:43->../src/hysteresis.cpp:167->../src/canny_top.cpp:34]   --->   Operation 70 'icmp' 'icmp_ln43' <Predicate = (!icmp_ln154 & centre_4 == 128)> <Delay = 0.76> <CoreInst = "Cmp">   --->   Core 9 'Cmp' <Latency = 0> <II = 1> <Delay = 0.76> <FuncUnit> <Opcode : 'seteq' 'setne' 'setle' 'setge' 'setlt' 'setgt'> <InPorts = 2> <OutPorts = 1>
ST_2 : Operation 71 [1/1] (0.00ns) (grouped into LUT with out node and_ln43_4)   --->   "%and_ln43 = and i1 %hasLeft, i1 %icmp_ln43" [../src/hysteresis.cpp:43->../src/hysteresis.cpp:167->../src/canny_top.cpp:34]   --->   Operation 71 'and' 'and_ln43' <Predicate = (!icmp_ln154 & centre_4 == 128)> <Delay = 0.00> <CoreInst = "LogicGate">   --->   Core 74 'LogicGate' <Latency = 0> <II = 1> <Delay = 0.28> <FuncUnit> <Opcode : 'and' 'or' 'xor'> <InPorts = 2> <OutPorts = 1>
ST_2 : Operation 72 [1/1] (0.28ns) (out node of the LUT)   --->   "%and_ln43_4 = and i1 %and_ln43, i1 %hasTop" [../src/hysteresis.cpp:43->../src/hysteresis.cpp:167->../src/canny_top.cpp:34]   --->   Operation 72 'and' 'and_ln43_4' <Predicate = (!icmp_ln154 & centre_4 == 128)> <Delay = 0.28> <CoreInst = "LogicGate">   --->   Core 74 'LogicGate' <Latency = 0> <II = 1> <Delay = 0.28> <FuncUnit> <Opcode : 'and' 'or' 'xor'> <InPorts = 2> <OutPorts = 1>
ST_2 : Operation 73 [1/1] (0.00ns)   --->   "%br_ln43 = br i1 %and_ln43_4, void %lor.lhs.false.i.i, void %_ZN12_GLOBAL__N_120has_strong_neighbourEPA3_Khbbbb.exit.thread.i" [../src/hysteresis.cpp:43->../src/hysteresis.cpp:167->../src/canny_top.cpp:34]   --->   Operation 73 'br' 'br_ln43' <Predicate = (!icmp_ln154 & centre_4 == 128)> <Delay = 0.00>
ST_2 : Operation 74 [1/1] (0.00ns)   --->   "%p_load21 = load i8 %empty_72" [../src/hysteresis.cpp:46->../src/hysteresis.cpp:167->../src/canny_top.cpp:34]   --->   Operation 74 'load' 'p_load21' <Predicate = (!icmp_ln154 & centre_4 == 128 & !and_ln43_4)> <Delay = 0.00>
ST_2 : Operation 75 [1/1] (0.76ns)   --->   "%icmp_ln46 = icmp_eq  i8 %p_load21, i8 255" [../src/hysteresis.cpp:46->../src/hysteresis.cpp:167->../src/canny_top.cpp:34]   --->   Operation 75 'icmp' 'icmp_ln46' <Predicate = (!icmp_ln154 & centre_4 == 128 & !and_ln43_4)> <Delay = 0.76> <CoreInst = "Cmp">   --->   Core 9 'Cmp' <Latency = 0> <II = 1> <Delay = 0.76> <FuncUnit> <Opcode : 'seteq' 'setne' 'setle' 'setge' 'setlt' 'setgt'> <InPorts = 2> <OutPorts = 1>
ST_2 : Operation 76 [1/1] (0.76ns)   --->   "%icmp_ln47 = icmp_eq  i8 %p_load17, i8 255" [../src/hysteresis.cpp:47->../src/hysteresis.cpp:167->../src/canny_top.cpp:34]   --->   Operation 76 'icmp' 'icmp_ln47' <Predicate = (!icmp_ln154 & centre_4 == 128 & !and_ln43_4)> <Delay = 0.76> <CoreInst = "Cmp">   --->   Core 9 'Cmp' <Latency = 0> <II = 1> <Delay = 0.76> <FuncUnit> <Opcode : 'seteq' 'setne' 'setle' 'setge' 'setlt' 'setgt'> <InPorts = 2> <OutPorts = 1>
ST_2 : Operation 77 [1/1] (0.00ns) (grouped into LUT with out node or_ln44)   --->   "%and_ln44 = and i1 %hasLeft, i1 %icmp_ln46" [../src/hysteresis.cpp:44->../src/hysteresis.cpp:167->../src/canny_top.cpp:34]   --->   Operation 77 'and' 'and_ln44' <Predicate = (!icmp_ln154 & centre_4 == 128 & !and_ln43_4)> <Delay = 0.00> <CoreInst = "LogicGate">   --->   Core 74 'LogicGate' <Latency = 0> <II = 1> <Delay = 0.28> <FuncUnit> <Opcode : 'and' 'or' 'xor'> <InPorts = 2> <OutPorts = 1>
ST_2 : Operation 78 [1/1] (0.00ns) (grouped into LUT with out node or_ln44)   --->   "%and_ln44_7 = and i1 %hasRight, i1 %icmp_ln47" [../src/hysteresis.cpp:44->../src/hysteresis.cpp:167->../src/canny_top.cpp:34]   --->   Operation 78 'and' 'and_ln44_7' <Predicate = (!icmp_ln154 & centre_4 == 128 & !and_ln43_4)> <Delay = 0.00> <CoreInst = "LogicGate">   --->   Core 74 'LogicGate' <Latency = 0> <II = 1> <Delay = 0.28> <FuncUnit> <Opcode : 'and' 'or' 'xor'> <InPorts = 2> <OutPorts = 1>
ST_2 : Operation 79 [1/1] (0.28ns) (out node of the LUT)   --->   "%or_ln44 = or i1 %and_ln44, i1 %and_ln44_7" [../src/hysteresis.cpp:44->../src/hysteresis.cpp:167->../src/canny_top.cpp:34]   --->   Operation 79 'or' 'or_ln44' <Predicate = (!icmp_ln154 & centre_4 == 128 & !and_ln43_4)> <Delay = 0.28> <CoreInst = "LogicGate">   --->   Core 74 'LogicGate' <Latency = 0> <II = 1> <Delay = 0.28> <FuncUnit> <Opcode : 'and' 'or' 'xor'> <InPorts = 2> <OutPorts = 1>
ST_2 : Operation 80 [1/1] (0.00ns)   --->   "%br_ln44 = br i1 %hasTop, void %lor.lhs.false15.i.i, void %land.lhs.true3.i.i" [../src/hysteresis.cpp:44->../src/hysteresis.cpp:167->../src/canny_top.cpp:34]   --->   Operation 80 'br' 'br_ln44' <Predicate = (!icmp_ln154 & centre_4 == 128 & !and_ln43_4)> <Delay = 0.00>
ST_2 : Operation 81 [1/1] (0.00ns)   --->   "%br_ln46 = br i1 %or_ln44, void %lor.lhs.false27.i.i, void %_ZN12_GLOBAL__N_120has_strong_neighbourEPA3_Khbbbb.exit.thread.i" [../src/hysteresis.cpp:46->../src/hysteresis.cpp:167->../src/canny_top.cpp:34]   --->   Operation 81 'br' 'br_ln46' <Predicate = (!icmp_ln154 & centre_4 == 128 & !and_ln43_4 & !hasTop)> <Delay = 0.00>
ST_2 : Operation 82 [1/1] (0.76ns)   --->   "%icmp_ln44 = icmp_eq  i8 %p_load19, i8 255" [../src/hysteresis.cpp:44->../src/hysteresis.cpp:167->../src/canny_top.cpp:34]   --->   Operation 82 'icmp' 'icmp_ln44' <Predicate = (!icmp_ln154 & centre_4 == 128 & !and_ln43_4 & hasTop)> <Delay = 0.76> <CoreInst = "Cmp">   --->   Core 9 'Cmp' <Latency = 0> <II = 1> <Delay = 0.76> <FuncUnit> <Opcode : 'seteq' 'setne' 'setle' 'setge' 'setlt' 'setgt'> <InPorts = 2> <OutPorts = 1>
ST_2 : Operation 83 [1/1] (0.76ns)   --->   "%icmp_ln45 = icmp_eq  i8 %p_load18, i8 255" [../src/hysteresis.cpp:45->../src/hysteresis.cpp:167->../src/canny_top.cpp:34]   --->   Operation 83 'icmp' 'icmp_ln45' <Predicate = (!icmp_ln154 & centre_4 == 128 & !and_ln43_4 & hasTop)> <Delay = 0.76> <CoreInst = "Cmp">   --->   Core 9 'Cmp' <Latency = 0> <II = 1> <Delay = 0.76> <FuncUnit> <Opcode : 'seteq' 'setne' 'setle' 'setge' 'setlt' 'setgt'> <InPorts = 2> <OutPorts = 1>
ST_2 : Operation 84 [1/1] (0.00ns) (grouped into LUT with out node or_ln44_8)   --->   "%and_ln44_8 = and i1 %hasRight, i1 %icmp_ln45" [../src/hysteresis.cpp:44->../src/hysteresis.cpp:167->../src/canny_top.cpp:34]   --->   Operation 84 'and' 'and_ln44_8' <Predicate = (!icmp_ln154 & centre_4 == 128 & !and_ln43_4 & hasTop)> <Delay = 0.00> <CoreInst = "LogicGate">   --->   Core 74 'LogicGate' <Latency = 0> <II = 1> <Delay = 0.28> <FuncUnit> <Opcode : 'and' 'or' 'xor'> <InPorts = 2> <OutPorts = 1>
ST_2 : Operation 85 [1/1] (0.00ns) (grouped into LUT with out node or_ln44_8)   --->   "%or_ln44_7 = or i1 %icmp_ln44, i1 %and_ln44_8" [../src/hysteresis.cpp:44->../src/hysteresis.cpp:167->../src/canny_top.cpp:34]   --->   Operation 85 'or' 'or_ln44_7' <Predicate = (!icmp_ln154 & centre_4 == 128 & !and_ln43_4 & hasTop)> <Delay = 0.00> <CoreInst = "LogicGate">   --->   Core 74 'LogicGate' <Latency = 0> <II = 1> <Delay = 0.28> <FuncUnit> <Opcode : 'and' 'or' 'xor'> <InPorts = 2> <OutPorts = 1>
ST_2 : Operation 86 [1/1] (0.28ns) (out node of the LUT)   --->   "%or_ln44_8 = or i1 %or_ln44_7, i1 %or_ln44" [../src/hysteresis.cpp:44->../src/hysteresis.cpp:167->../src/canny_top.cpp:34]   --->   Operation 86 'or' 'or_ln44_8' <Predicate = (!icmp_ln154 & centre_4 == 128 & !and_ln43_4 & hasTop)> <Delay = 0.28> <CoreInst = "LogicGate">   --->   Core 74 'LogicGate' <Latency = 0> <II = 1> <Delay = 0.28> <FuncUnit> <Opcode : 'and' 'or' 'xor'> <InPorts = 2> <OutPorts = 1>
ST_2 : Operation 87 [1/1] (0.00ns)   --->   "%br_ln44 = br i1 %or_ln44_8, void %lor.lhs.false27.i.i, void %_ZN12_GLOBAL__N_120has_strong_neighbourEPA3_Khbbbb.exit.thread.i" [../src/hysteresis.cpp:44->../src/hysteresis.cpp:167->../src/canny_top.cpp:34]   --->   Operation 87 'br' 'br_ln44' <Predicate = (!icmp_ln154 & centre_4 == 128 & !and_ln43_4 & hasTop)> <Delay = 0.00>
ST_2 : Operation 88 [1/1] (0.28ns)   --->   "%and_ln48 = and i1 %hasBottom, i1 %hasLeft" [../src/hysteresis.cpp:48->../src/hysteresis.cpp:167->../src/canny_top.cpp:34]   --->   Operation 88 'and' 'and_ln48' <Predicate = (!icmp_ln154 & centre_4 == 128 & !and_ln43_4 & hasTop & !or_ln44_8) | (!icmp_ln154 & centre_4 == 128 & !and_ln43_4 & !hasTop & !or_ln44)> <Delay = 0.28> <CoreInst = "LogicGate">   --->   Core 74 'LogicGate' <Latency = 0> <II = 1> <Delay = 0.28> <FuncUnit> <Opcode : 'and' 'or' 'xor'> <InPorts = 2> <OutPorts = 1>
ST_2 : Operation 89 [1/1] (0.00ns)   --->   "%br_ln48 = br i1 %and_ln48, void %lor.lhs.false34.i.i, void %land.lhs.true29.i.i" [../src/hysteresis.cpp:48->../src/hysteresis.cpp:167->../src/canny_top.cpp:34]   --->   Operation 89 'br' 'br_ln48' <Predicate = (!icmp_ln154 & centre_4 == 128 & !and_ln43_4 & hasTop & !or_ln44_8) | (!icmp_ln154 & centre_4 == 128 & !and_ln43_4 & !hasTop & !or_ln44)> <Delay = 0.00>
ST_2 : Operation 90 [1/1] (0.00ns)   --->   "%br_ln49 = br i1 %hasBottom, void %if.then67.i, void %land.lhs.true35.i.i" [../src/hysteresis.cpp:49->../src/hysteresis.cpp:167->../src/canny_top.cpp:34]   --->   Operation 90 'br' 'br_ln49' <Predicate = (!icmp_ln154 & centre_4 == 128 & !and_ln43_4 & hasTop & !or_ln44_8 & !and_ln48) | (!icmp_ln154 & centre_4 == 128 & !and_ln43_4 & !hasTop & !or_ln44 & !and_ln48)> <Delay = 0.00>
ST_2 : Operation 91 [1/1] (0.76ns)   --->   "%icmp_ln49_4 = icmp_eq  i8 %p_load16, i8 255" [../src/hysteresis.cpp:49->../src/hysteresis.cpp:167->../src/canny_top.cpp:34]   --->   Operation 91 'icmp' 'icmp_ln49_4' <Predicate = (!icmp_ln154 & centre_4 == 128 & !and_ln43_4 & hasTop & !or_ln44_8 & !and_ln48 & hasBottom) | (!icmp_ln154 & centre_4 == 128 & !and_ln43_4 & !hasTop & !or_ln44 & !and_ln48 & hasBottom)> <Delay = 0.76> <CoreInst = "Cmp">   --->   Core 9 'Cmp' <Latency = 0> <II = 1> <Delay = 0.76> <FuncUnit> <Opcode : 'seteq' 'setne' 'setle' 'setge' 'setlt' 'setgt'> <InPorts = 2> <OutPorts = 1>
ST_2 : Operation 92 [1/1] (0.00ns)   --->   "%br_ln49 = br i1 %icmp_ln49_4, void %lor.rhs.i.i, void %_ZN12_GLOBAL__N_120has_strong_neighbourEPA3_Khbbbb.exit.thread.i" [../src/hysteresis.cpp:49->../src/hysteresis.cpp:167->../src/canny_top.cpp:34]   --->   Operation 92 'br' 'br_ln49' <Predicate = (!icmp_ln154 & centre_4 == 128 & !and_ln43_4 & hasTop & !or_ln44_8 & !and_ln48 & hasBottom) | (!icmp_ln154 & centre_4 == 128 & !and_ln43_4 & !hasTop & !or_ln44 & !and_ln48 & hasBottom)> <Delay = 0.00>
ST_2 : Operation 93 [1/1] (0.00ns)   --->   "%p_load20 = load i8 %empty_73" [../src/hysteresis.cpp:48->../src/hysteresis.cpp:167->../src/canny_top.cpp:34]   --->   Operation 93 'load' 'p_load20' <Predicate = (!icmp_ln154 & centre_4 == 128 & !and_ln43_4 & hasTop & !or_ln44_8 & and_ln48) | (!icmp_ln154 & centre_4 == 128 & !and_ln43_4 & !hasTop & !or_ln44 & and_ln48)> <Delay = 0.00>
ST_2 : Operation 94 [1/1] (0.76ns)   --->   "%icmp_ln48 = icmp_eq  i8 %p_load20, i8 255" [../src/hysteresis.cpp:48->../src/hysteresis.cpp:167->../src/canny_top.cpp:34]   --->   Operation 94 'icmp' 'icmp_ln48' <Predicate = (!icmp_ln154 & centre_4 == 128 & !and_ln43_4 & hasTop & !or_ln44_8 & and_ln48) | (!icmp_ln154 & centre_4 == 128 & !and_ln43_4 & !hasTop & !or_ln44 & and_ln48)> <Delay = 0.76> <CoreInst = "Cmp">   --->   Core 9 'Cmp' <Latency = 0> <II = 1> <Delay = 0.76> <FuncUnit> <Opcode : 'seteq' 'setne' 'setle' 'setge' 'setlt' 'setgt'> <InPorts = 2> <OutPorts = 1>
ST_2 : Operation 95 [1/1] (0.76ns)   --->   "%icmp_ln49 = icmp_eq  i8 %p_load16, i8 255" [../src/hysteresis.cpp:49->../src/hysteresis.cpp:167->../src/canny_top.cpp:34]   --->   Operation 95 'icmp' 'icmp_ln49' <Predicate = (!icmp_ln154 & centre_4 == 128 & !and_ln43_4 & hasTop & !or_ln44_8 & and_ln48) | (!icmp_ln154 & centre_4 == 128 & !and_ln43_4 & !hasTop & !or_ln44 & and_ln48)> <Delay = 0.76> <CoreInst = "Cmp">   --->   Core 9 'Cmp' <Latency = 0> <II = 1> <Delay = 0.76> <FuncUnit> <Opcode : 'seteq' 'setne' 'setle' 'setge' 'setlt' 'setgt'> <InPorts = 2> <OutPorts = 1>
ST_2 : Operation 96 [1/1] (0.28ns)   --->   "%or_ln48 = or i1 %icmp_ln48, i1 %icmp_ln49" [../src/hysteresis.cpp:48->../src/hysteresis.cpp:167->../src/canny_top.cpp:34]   --->   Operation 96 'or' 'or_ln48' <Predicate = (!icmp_ln154 & centre_4 == 128 & !and_ln43_4 & hasTop & !or_ln44_8 & and_ln48) | (!icmp_ln154 & centre_4 == 128 & !and_ln43_4 & !hasTop & !or_ln44 & and_ln48)> <Delay = 0.28> <CoreInst = "LogicGate">   --->   Core 74 'LogicGate' <Latency = 0> <II = 1> <Delay = 0.28> <FuncUnit> <Opcode : 'and' 'or' 'xor'> <InPorts = 2> <OutPorts = 1>
ST_2 : Operation 97 [1/1] (0.00ns)   --->   "%br_ln48 = br i1 %or_ln48, void %lor.rhs.i.i, void %_ZN12_GLOBAL__N_120has_strong_neighbourEPA3_Khbbbb.exit.thread.i" [../src/hysteresis.cpp:48->../src/hysteresis.cpp:167->../src/canny_top.cpp:34]   --->   Operation 97 'br' 'br_ln48' <Predicate = (!icmp_ln154 & centre_4 == 128 & !and_ln43_4 & hasTop & !or_ln44_8 & and_ln48) | (!icmp_ln154 & centre_4 == 128 & !and_ln43_4 & !hasTop & !or_ln44 & and_ln48)> <Delay = 0.00>
ST_2 : Operation 98 [1/1] (0.76ns)   --->   "%icmp_ln50 = icmp_eq  i8 %p_load, i8 255" [../src/hysteresis.cpp:50->../src/hysteresis.cpp:167->../src/canny_top.cpp:34]   --->   Operation 98 'icmp' 'icmp_ln50' <Predicate = (!icmp_ln154 & centre_4 == 128 & !and_ln43_4 & hasTop & !or_ln44_8 & and_ln48 & !or_ln48) | (!icmp_ln154 & centre_4 == 128 & !and_ln43_4 & hasTop & !or_ln44_8 & !and_ln48 & hasBottom & !icmp_ln49_4) | (!icmp_ln154 & centre_4 == 128 & !and_ln43_4 & !hasTop & !or_ln44 & and_ln48 & !or_ln48) | (!icmp_ln154 & centre_4 == 128 & !and_ln43_4 & !hasTop & !or_ln44 & !and_ln48 & hasBottom & !icmp_ln49_4)> <Delay = 0.76> <CoreInst = "Cmp">   --->   Core 9 'Cmp' <Latency = 0> <II = 1> <Delay = 0.76> <FuncUnit> <Opcode : 'seteq' 'setne' 'setle' 'setge' 'setlt' 'setgt'> <InPorts = 2> <OutPorts = 1>
ST_2 : Operation 99 [1/1] (0.00ns) (grouped into LUT with out node and_ln50_4)   --->   "%and_ln50 = and i1 %hasBottom, i1 %icmp_ln50" [../src/hysteresis.cpp:50->../src/hysteresis.cpp:167->../src/canny_top.cpp:34]   --->   Operation 99 'and' 'and_ln50' <Predicate = (!icmp_ln154 & centre_4 == 128 & !and_ln43_4 & hasTop & !or_ln44_8 & and_ln48 & !or_ln48) | (!icmp_ln154 & centre_4 == 128 & !and_ln43_4 & hasTop & !or_ln44_8 & !and_ln48 & hasBottom & !icmp_ln49_4) | (!icmp_ln154 & centre_4 == 128 & !and_ln43_4 & !hasTop & !or_ln44 & and_ln48 & !or_ln48) | (!icmp_ln154 & centre_4 == 128 & !and_ln43_4 & !hasTop & !or_ln44 & !and_ln48 & hasBottom & !icmp_ln49_4)> <Delay = 0.00> <CoreInst = "LogicGate">   --->   Core 74 'LogicGate' <Latency = 0> <II = 1> <Delay = 0.28> <FuncUnit> <Opcode : 'and' 'or' 'xor'> <InPorts = 2> <OutPorts = 1>
ST_2 : Operation 100 [1/1] (0.28ns) (out node of the LUT)   --->   "%and_ln50_4 = and i1 %and_ln50, i1 %hasRight" [../src/hysteresis.cpp:50->../src/hysteresis.cpp:167->../src/canny_top.cpp:34]   --->   Operation 100 'and' 'and_ln50_4' <Predicate = (!icmp_ln154 & centre_4 == 128 & !and_ln43_4 & hasTop & !or_ln44_8 & and_ln48 & !or_ln48) | (!icmp_ln154 & centre_4 == 128 & !and_ln43_4 & hasTop & !or_ln44_8 & !and_ln48 & hasBottom & !icmp_ln49_4) | (!icmp_ln154 & centre_4 == 128 & !and_ln43_4 & !hasTop & !or_ln44 & and_ln48 & !or_ln48) | (!icmp_ln154 & centre_4 == 128 & !and_ln43_4 & !hasTop & !or_ln44 & !and_ln48 & hasBottom & !icmp_ln49_4)> <Delay = 0.28> <CoreInst = "LogicGate">   --->   Core 74 'LogicGate' <Latency = 0> <II = 1> <Delay = 0.28> <FuncUnit> <Opcode : 'and' 'or' 'xor'> <InPorts = 2> <OutPorts = 1>
ST_2 : Operation 101 [1/1] (0.00ns)   --->   "%br_ln166 = br i1 %and_ln50_4, void %if.then67.i, void %if.then61.i" [../src/hysteresis.cpp:166->../src/canny_top.cpp:34]   --->   Operation 101 'br' 'br_ln166' <Predicate = (!icmp_ln154 & centre_4 == 128 & !and_ln43_4 & hasTop & !or_ln44_8 & and_ln48 & !or_ln48) | (!icmp_ln154 & centre_4 == 128 & !and_ln43_4 & hasTop & !or_ln44_8 & !and_ln48 & hasBottom & !icmp_ln49_4) | (!icmp_ln154 & centre_4 == 128 & !and_ln43_4 & !hasTop & !or_ln44 & and_ln48 & !or_ln48) | (!icmp_ln154 & centre_4 == 128 & !and_ln43_4 & !hasTop & !or_ln44 & !and_ln48 & hasBottom & !icmp_ln49_4)> <Delay = 0.00>
ST_2 : Operation 102 [1/1] (0.00ns)   --->   "%out_hysteresis1_addr_3 = getelementptr i8 %out_hysteresis1, i64 0, i64 %zext_ln154" [../src/hysteresis.cpp:178->../src/canny_top.cpp:34]   --->   Operation 102 'getelementptr' 'out_hysteresis1_addr_3' <Predicate = (!icmp_ln154 & centre_4 == 128 & !and_ln43_4 & hasTop & !or_ln44_8 & and_ln48 & !or_ln48 & !and_ln50_4) | (!icmp_ln154 & centre_4 == 128 & !and_ln43_4 & hasTop & !or_ln44_8 & !and_ln48 & !icmp_ln49_4 & !and_ln50_4) | (!icmp_ln154 & centre_4 == 128 & !and_ln43_4 & hasTop & !or_ln44_8 & !and_ln48 & !hasBottom) | (!icmp_ln154 & centre_4 == 128 & !and_ln43_4 & !hasTop & !or_ln44 & and_ln48 & !or_ln48 & !and_ln50_4) | (!icmp_ln154 & centre_4 == 128 & !and_ln43_4 & !hasTop & !or_ln44 & !and_ln48 & !icmp_ln49_4 & !and_ln50_4) | (!icmp_ln154 & centre_4 == 128 & !and_ln43_4 & !hasTop & !or_ln44 & !and_ln48 & !hasBottom)> <Delay = 0.00>
ST_2 : Operation 103 [1/1] ( I:1.23ns O:1.23ns )   --->   "%store_ln178 = store i8 128, i9 %out_hysteresis1_addr_3" [../src/hysteresis.cpp:178->../src/canny_top.cpp:34]   --->   Operation 103 'store' 'store_ln178' <Predicate = (!icmp_ln154 & centre_4 == 128 & !and_ln43_4 & hasTop & !or_ln44_8 & and_ln48 & !or_ln48 & !and_ln50_4) | (!icmp_ln154 & centre_4 == 128 & !and_ln43_4 & hasTop & !or_ln44_8 & !and_ln48 & !icmp_ln49_4 & !and_ln50_4) | (!icmp_ln154 & centre_4 == 128 & !and_ln43_4 & hasTop & !or_ln44_8 & !and_ln48 & !hasBottom) | (!icmp_ln154 & centre_4 == 128 & !and_ln43_4 & !hasTop & !or_ln44 & and_ln48 & !or_ln48 & !and_ln50_4) | (!icmp_ln154 & centre_4 == 128 & !and_ln43_4 & !hasTop & !or_ln44 & !and_ln48 & !icmp_ln49_4 & !and_ln50_4) | (!icmp_ln154 & centre_4 == 128 & !and_ln43_4 & !hasTop & !or_ln44 & !and_ln48 & !hasBottom)> <Delay = 1.23> <CoreInst = "RAM">   --->   Core 82 'RAM' <Latency = 1> <II = 1> <Delay = 1.23> <Storage> <Opcode : 'load' 'store'> <Ports = 2> <Width = 8> <Depth = 512> <RAM>
ST_2 : Operation 104 [1/1] (0.00ns)   --->   "%br_ln179 = br void %if.end73.i" [../src/hysteresis.cpp:179->../src/canny_top.cpp:34]   --->   Operation 104 'br' 'br_ln179' <Predicate = (!icmp_ln154 & centre_4 == 128 & !and_ln43_4 & hasTop & !or_ln44_8 & and_ln48 & !or_ln48 & !and_ln50_4) | (!icmp_ln154 & centre_4 == 128 & !and_ln43_4 & hasTop & !or_ln44_8 & !and_ln48 & !icmp_ln49_4 & !and_ln50_4) | (!icmp_ln154 & centre_4 == 128 & !and_ln43_4 & hasTop & !or_ln44_8 & !and_ln48 & !hasBottom) | (!icmp_ln154 & centre_4 == 128 & !and_ln43_4 & !hasTop & !or_ln44 & and_ln48 & !or_ln48 & !and_ln50_4) | (!icmp_ln154 & centre_4 == 128 & !and_ln43_4 & !hasTop & !or_ln44 & !and_ln48 & !icmp_ln49_4 & !and_ln50_4) | (!icmp_ln154 & centre_4 == 128 & !and_ln43_4 & !hasTop & !or_ln44 & !and_ln48 & !hasBottom)> <Delay = 0.00>
ST_2 : Operation 105 [1/1] (0.00ns)   --->   "%br_ln166 = br void %if.then61.i" [../src/hysteresis.cpp:166->../src/canny_top.cpp:34]   --->   Operation 105 'br' 'br_ln166' <Predicate = (!icmp_ln154 & centre_4 == 128 & and_ln48 & or_ln48) | (!icmp_ln154 & centre_4 == 128 & !and_ln48 & hasBottom & icmp_ln49_4) | (!icmp_ln154 & centre_4 == 128 & hasTop & or_ln44_8) | (!icmp_ln154 & centre_4 == 128 & !hasTop & !and_ln48 & icmp_ln49_4) | (!icmp_ln154 & centre_4 == 128 & !hasTop & or_ln44) | (!icmp_ln154 & centre_4 == 128 & and_ln43_4)> <Delay = 0.00>
ST_2 : Operation 106 [1/1] (0.00ns)   --->   "%out_hysteresis1_addr_2 = getelementptr i8 %out_hysteresis1, i64 0, i64 %zext_ln154" [../src/hysteresis.cpp:175->../src/canny_top.cpp:34]   --->   Operation 106 'getelementptr' 'out_hysteresis1_addr_2' <Predicate = (!icmp_ln154 & centre_4 == 128 & hasBottom & and_ln50_4) | (!icmp_ln154 & centre_4 == 128 & and_ln48 & and_ln50_4) | (!icmp_ln154 & centre_4 == 128 & and_ln48 & or_ln48) | (!icmp_ln154 & centre_4 == 128 & !and_ln48 & hasBottom & icmp_ln49_4) | (!icmp_ln154 & centre_4 == 128 & hasTop & or_ln44_8) | (!icmp_ln154 & centre_4 == 128 & !hasTop & and_ln50_4) | (!icmp_ln154 & centre_4 == 128 & !hasTop & !and_ln48 & icmp_ln49_4) | (!icmp_ln154 & centre_4 == 128 & !hasTop & or_ln44) | (!icmp_ln154 & centre_4 == 128 & and_ln43_4)> <Delay = 0.00>
ST_2 : Operation 107 [1/1] ( I:1.23ns O:1.23ns )   --->   "%store_ln175 = store i8 255, i9 %out_hysteresis1_addr_2" [../src/hysteresis.cpp:175->../src/canny_top.cpp:34]   --->   Operation 107 'store' 'store_ln175' <Predicate = (!icmp_ln154 & centre_4 == 128 & hasBottom & and_ln50_4) | (!icmp_ln154 & centre_4 == 128 & and_ln48 & and_ln50_4) | (!icmp_ln154 & centre_4 == 128 & and_ln48 & or_ln48) | (!icmp_ln154 & centre_4 == 128 & !and_ln48 & hasBottom & icmp_ln49_4) | (!icmp_ln154 & centre_4 == 128 & hasTop & or_ln44_8) | (!icmp_ln154 & centre_4 == 128 & !hasTop & and_ln50_4) | (!icmp_ln154 & centre_4 == 128 & !hasTop & !and_ln48 & icmp_ln49_4) | (!icmp_ln154 & centre_4 == 128 & !hasTop & or_ln44) | (!icmp_ln154 & centre_4 == 128 & and_ln43_4)> <Delay = 1.23> <CoreInst = "RAM">   --->   Core 82 'RAM' <Latency = 1> <II = 1> <Delay = 1.23> <Storage> <Opcode : 'load' 'store'> <Ports = 2> <Width = 8> <Depth = 512> <RAM>
ST_2 : Operation 108 [1/1] (0.00ns)   --->   "%br_ln176 = br void %if.end74.i" [../src/hysteresis.cpp:176->../src/canny_top.cpp:34]   --->   Operation 108 'br' 'br_ln176' <Predicate = (!icmp_ln154 & centre_4 == 128 & hasBottom & and_ln50_4) | (!icmp_ln154 & centre_4 == 128 & and_ln48 & and_ln50_4) | (!icmp_ln154 & centre_4 == 128 & and_ln48 & or_ln48) | (!icmp_ln154 & centre_4 == 128 & !and_ln48 & hasBottom & icmp_ln49_4) | (!icmp_ln154 & centre_4 == 128 & hasTop & or_ln44_8) | (!icmp_ln154 & centre_4 == 128 & !hasTop & and_ln50_4) | (!icmp_ln154 & centre_4 == 128 & !hasTop & !and_ln48 & icmp_ln49_4) | (!icmp_ln154 & centre_4 == 128 & !hasTop & or_ln44) | (!icmp_ln154 & centre_4 == 128 & and_ln43_4)> <Delay = 0.00>
ST_2 : Operation 109 [1/1] (0.00ns)   --->   "%out_hysteresis1_addr_1 = getelementptr i8 %out_hysteresis1, i64 0, i64 %zext_ln154" [../src/hysteresis.cpp:163->../src/canny_top.cpp:34]   --->   Operation 109 'getelementptr' 'out_hysteresis1_addr_1' <Predicate = (!icmp_ln154 & centre_4 == 255)> <Delay = 0.00>
ST_2 : Operation 110 [1/1] ( I:1.23ns O:1.23ns )   --->   "%store_ln163 = store i8 255, i9 %out_hysteresis1_addr_1" [../src/hysteresis.cpp:163->../src/canny_top.cpp:34]   --->   Operation 110 'store' 'store_ln163' <Predicate = (!icmp_ln154 & centre_4 == 255)> <Delay = 1.23> <CoreInst = "RAM">   --->   Core 82 'RAM' <Latency = 1> <II = 1> <Delay = 1.23> <Storage> <Opcode : 'load' 'store'> <Ports = 2> <Width = 8> <Depth = 512> <RAM>
ST_2 : Operation 111 [1/1] (0.00ns)   --->   "%br_ln164 = br void %VITIS_LOOP_189_5.i" [../src/hysteresis.cpp:164->../src/canny_top.cpp:34]   --->   Operation 111 'br' 'br_ln164' <Predicate = (!icmp_ln154 & centre_4 == 255)> <Delay = 0.00>
ST_2 : Operation 112 [1/1] (0.00ns)   --->   "%out_hysteresis1_addr = getelementptr i8 %out_hysteresis1, i64 0, i64 %zext_ln154" [../src/hysteresis.cpp:181->../src/canny_top.cpp:34]   --->   Operation 112 'getelementptr' 'out_hysteresis1_addr' <Predicate = (!icmp_ln154 & centre_4 != 255 & centre_4 != 128)> <Delay = 0.00>
ST_2 : Operation 113 [1/1] ( I:1.23ns O:1.23ns )   --->   "%store_ln181 = store i8 0, i9 %out_hysteresis1_addr" [../src/hysteresis.cpp:181->../src/canny_top.cpp:34]   --->   Operation 113 'store' 'store_ln181' <Predicate = (!icmp_ln154 & centre_4 != 255 & centre_4 != 128)> <Delay = 1.23> <CoreInst = "RAM">   --->   Core 82 'RAM' <Latency = 1> <II = 1> <Delay = 1.23> <Storage> <Opcode : 'load' 'store'> <Ports = 2> <Width = 8> <Depth = 512> <RAM>
ST_2 : Operation 114 [1/1] (0.00ns)   --->   "%br_ln0 = br void %if.end73.i"   --->   Operation 114 'br' 'br_ln0' <Predicate = (!icmp_ln154 & centre_4 != 255 & centre_4 != 128)> <Delay = 0.00>
ST_2 : Operation 115 [1/1] (0.00ns)   --->   "%br_ln0 = br void %if.end74.i"   --->   Operation 115 'br' 'br_ln0' <Predicate = (!icmp_ln154 & centre_4 != 255 & !and_ln43_4 & hasTop & !or_ln44_8 & and_ln48 & !or_ln48 & !and_ln50_4) | (!icmp_ln154 & centre_4 != 255 & !and_ln43_4 & hasTop & !or_ln44_8 & !and_ln48 & !icmp_ln49_4 & !and_ln50_4) | (!icmp_ln154 & centre_4 != 255 & !and_ln43_4 & hasTop & !or_ln44_8 & !and_ln48 & !hasBottom) | (!icmp_ln154 & centre_4 != 255 & !and_ln43_4 & !hasTop & !or_ln44 & and_ln48 & !or_ln48 & !and_ln50_4) | (!icmp_ln154 & centre_4 != 255 & !and_ln43_4 & !hasTop & !or_ln44 & !and_ln48 & !icmp_ln49_4 & !and_ln50_4) | (!icmp_ln154 & centre_4 != 255 & centre_4 != 128)> <Delay = 0.00>
ST_2 : Operation 116 [1/1] (0.00ns)   --->   "%br_ln0 = br void %VITIS_LOOP_189_5.i"   --->   Operation 116 'br' 'br_ln0' <Predicate = (!icmp_ln154 & centre_4 != 255)> <Delay = 0.00>
ST_2 : Operation 117 [1/2] ( I:1.23ns O:1.23ns )   --->   "%banked = load i9 %p_ZN12_GLOBAL_N_110lineBufferILi1EEE_0_addr" [../src/hysteresis.cpp:191->../src/canny_top.cpp:34]   --->   Operation 117 'load' 'banked' <Predicate = (!icmp_ln154)> <Delay = 1.23> <CoreInst = "RAM">   --->   Core 82 'RAM' <Latency = 1> <II = 1> <Delay = 1.23> <Storage> <Opcode : 'load' 'store'> <Ports = 2> <Width = 8> <Depth = 512> <RAM>
ST_2 : Operation 118 [1/2] ( I:1.23ns O:1.23ns )   --->   "%banked_9 = load i9 %p_ZN12_GLOBAL_N_110lineBufferILi1EEE_1_addr" [../src/hysteresis.cpp:191->../src/canny_top.cpp:34]   --->   Operation 118 'load' 'banked_9' <Predicate = (!icmp_ln154)> <Delay = 1.23> <CoreInst = "RAM">   --->   Core 82 'RAM' <Latency = 1> <II = 1> <Delay = 1.23> <Storage> <Opcode : 'load' 'store'> <Ports = 2> <Width = 8> <Depth = 512> <RAM>
ST_2 : Operation 119 [1/2] ( I:1.23ns O:1.23ns )   --->   "%banked_10 = load i9 %p_ZN12_GLOBAL_N_110lineBufferILi1EEE_2_addr" [../src/hysteresis.cpp:191->../src/canny_top.cpp:34]   --->   Operation 119 'load' 'banked_10' <Predicate = (!icmp_ln154)> <Delay = 1.23> <CoreInst = "RAM">   --->   Core 82 'RAM' <Latency = 1> <II = 1> <Delay = 1.23> <Storage> <Opcode : 'load' 'store'> <Ports = 2> <Width = 8> <Depth = 512> <RAM>
ST_2 : Operation 120 [1/1] (0.42ns)   --->   "%tmp_36 = sparsemux i8 @_ssdm_op_SparseMux.ap_auto.3i8.i8.i2, i2 0, i8 %banked, i2 1, i8 %banked_9, i2 2, i8 %banked_10, i8 0, i2 %select_ln18_read" [../src/hysteresis.cpp:198->../src/canny_top.cpp:34]   --->   Operation 120 'sparsemux' 'tmp_36' <Predicate = (!icmp_ln154)> <Delay = 0.42> <CoreInst = "OneHotSparseMux_HasDef">   --->   Core 152 'OneHotSparseMux_HasDef' <Latency = 0> <II = 1> <Delay = 0.42> <FuncUnit> <Opcode : 'sparsemux'> <InPorts = 2> <OutPorts = 1>
ST_2 : Operation 121 [1/1] (0.42ns)   --->   "%tmp_37 = sparsemux i8 @_ssdm_op_SparseMux.ap_auto.3i8.i8.i2, i2 1, i8 %banked, i2 2, i8 %banked_9, i2 0, i8 %banked_10, i8 0, i2 %p_smodpost_read" [../src/hysteresis.cpp:198->../src/canny_top.cpp:34]   --->   Operation 121 'sparsemux' 'tmp_37' <Predicate = (!icmp_ln154)> <Delay = 0.42> <CoreInst = "OneHotSparseMux_HasDef">   --->   Core 152 'OneHotSparseMux_HasDef' <Latency = 0> <II = 1> <Delay = 0.42> <FuncUnit> <Opcode : 'sparsemux'> <InPorts = 2> <OutPorts = 1>
ST_2 : Operation 122 [1/1] (0.42ns)   --->   "%tmp_38 = sparsemux i8 @_ssdm_op_SparseMux.ap_auto.3i8.i8.i2, i2 0, i8 %banked, i2 1, i8 %banked_9, i2 2, i8 %banked_10, i8 0, i2 %select_ln18_4_read" [../src/hysteresis.cpp:198->../src/canny_top.cpp:34]   --->   Operation 122 'sparsemux' 'tmp_38' <Predicate = (!icmp_ln154)> <Delay = 0.42> <CoreInst = "OneHotSparseMux_HasDef">   --->   Core 152 'OneHotSparseMux_HasDef' <Latency = 0> <II = 1> <Delay = 0.42> <FuncUnit> <Opcode : 'sparsemux'> <InPorts = 2> <OutPorts = 1>
ST_2 : Operation 123 [1/1] (0.42ns)   --->   "%store_ln198 = store i8 %tmp_38, i8 %empty_78" [../src/hysteresis.cpp:198->../src/canny_top.cpp:34]   --->   Operation 123 'store' 'store_ln198' <Predicate = (!icmp_ln154)> <Delay = 0.42>
ST_2 : Operation 124 [1/1] (0.42ns)   --->   "%store_ln50 = store i8 %p_load, i8 %empty_77" [../src/hysteresis.cpp:50->../src/hysteresis.cpp:167->../src/canny_top.cpp:34]   --->   Operation 124 'store' 'store_ln50' <Predicate = (!icmp_ln154)> <Delay = 0.42>
ST_2 : Operation 125 [1/1] (0.42ns)   --->   "%store_ln198 = store i8 %tmp_37, i8 %empty_76" [../src/hysteresis.cpp:198->../src/canny_top.cpp:34]   --->   Operation 125 'store' 'store_ln198' <Predicate = (!icmp_ln154)> <Delay = 0.42>
ST_2 : Operation 126 [1/1] (0.42ns)   --->   "%store_ln198 = store i8 %tmp_36, i8 %empty_75" [../src/hysteresis.cpp:198->../src/canny_top.cpp:34]   --->   Operation 126 'store' 'store_ln198' <Predicate = (!icmp_ln154)> <Delay = 0.42>
ST_2 : Operation 127 [1/1] (0.42ns)   --->   "%store_ln45 = store i8 %p_load18, i8 %empty_74" [../src/hysteresis.cpp:45->../src/hysteresis.cpp:167->../src/canny_top.cpp:34]   --->   Operation 127 'store' 'store_ln45' <Predicate = (!icmp_ln154)> <Delay = 0.42>
ST_2 : Operation 128 [1/1] (0.42ns)   --->   "%store_ln157 = store i8 %p_load17, i8 %centre" [../src/hysteresis.cpp:157->../src/canny_top.cpp:34]   --->   Operation 128 'store' 'store_ln157' <Predicate = (!icmp_ln154)> <Delay = 0.42>
ST_2 : Operation 129 [1/1] (0.42ns)   --->   "%store_ln49 = store i8 %p_load16, i8 %empty_73" [../src/hysteresis.cpp:49->../src/hysteresis.cpp:167->../src/canny_top.cpp:34]   --->   Operation 129 'store' 'store_ln49' <Predicate = (!icmp_ln154)> <Delay = 0.42>
ST_2 : Operation 130 [1/1] (0.42ns)   --->   "%store_ln162 = store i8 %centre_4, i8 %empty_72" [../src/hysteresis.cpp:162->../src/canny_top.cpp:34]   --->   Operation 130 'store' 'store_ln162' <Predicate = (!icmp_ln154)> <Delay = 0.42>
ST_2 : Operation 131 [1/1] (0.42ns)   --->   "%store_ln44 = store i8 %p_load19, i8 %empty" [../src/hysteresis.cpp:44->../src/hysteresis.cpp:167->../src/canny_top.cpp:34]   --->   Operation 131 'store' 'store_ln44' <Predicate = (!icmp_ln154)> <Delay = 0.42>
ST_2 : Operation 132 [1/1] (0.00ns)   --->   "%br_ln154 = br void %for.body49.i" [../src/hysteresis.cpp:154->../src/canny_top.cpp:34]   --->   Operation 132 'br' 'br_ln154' <Predicate = (!icmp_ln154)> <Delay = 0.00>
ST_2 : Operation 133 [1/1] (0.42ns)   --->   "%ret_ln0 = ret"   --->   Operation 133 'ret' 'ret_ln0' <Predicate = (icmp_ln154)> <Delay = 0.42>


============================================================
+ Verbose Summary: Timing violations
============================================================
Target clock period: 5.000ns, clock uncertainty: 1.350ns.

 <State 1>: 2.838ns
The critical path consists of the following:
	'store' operation ('store_ln154', ../src/hysteresis.cpp:154->../src/canny_top.cpp:34) of constant 0 10 bit on local variable 'column', ../src/hysteresis.cpp:154->../src/canny_top.cpp:34 [46]  (0.427 ns)
	'load' operation 10 bit ('column', ../src/hysteresis.cpp:154->../src/canny_top.cpp:34) on local variable 'column', ../src/hysteresis.cpp:154->../src/canny_top.cpp:34 [49]  (0.000 ns)
	'add' operation 10 bit ('v', ../src/hysteresis.cpp:184->../src/canny_top.cpp:34) [134]  (0.776 ns)
	'select' operation 9 bit ('nextColumn', ../src/hysteresis.cpp:22->../src/hysteresis.cpp:184->../src/canny_top.cpp:34) [137]  (0.398 ns)
	'getelementptr' operation 9 bit ('p_ZN12_GLOBAL_N_110lineBufferILi1EEE_0_addr', ../src/hysteresis.cpp:191->../src/canny_top.cpp:34) [139]  (0.000 ns)
	'load' operation 8 bit ('banked', ../src/hysteresis.cpp:191->../src/canny_top.cpp:34) on array 'p_ZN12_GLOBAL_N_110lineBufferILi1EEE_0' [140]  (1.237 ns)

 <State 2>: 2.598ns
The critical path consists of the following:
	'icmp' operation 1 bit ('hasLeft', ../src/hysteresis.cpp:159->../src/canny_top.cpp:34) [64]  (0.787 ns)
	'and' operation 1 bit ('and_ln44', ../src/hysteresis.cpp:44->../src/hysteresis.cpp:167->../src/canny_top.cpp:34) [77]  (0.000 ns)
	'or' operation 1 bit ('or_ln44', ../src/hysteresis.cpp:44->../src/hysteresis.cpp:167->../src/canny_top.cpp:34) [79]  (0.287 ns)
	'or' operation 1 bit ('or_ln44_8', ../src/hysteresis.cpp:44->../src/hysteresis.cpp:167->../src/canny_top.cpp:34) [88]  (0.287 ns)
	'store' operation ('store_ln178', ../src/hysteresis.cpp:178->../src/canny_top.cpp:34) of constant 128 8 bit on array 'out_hysteresis1' [111]  (1.237 ns)


============================================================
+ Verbose Summary: Binding
============================================================
N/A
* FSMD analyzer results:
  - Output states:
 - Input state : 
  - Chain level:
	State 1
	State 2


============================================================
+ Verbose Summary: Datapath Resource usage 
============================================================
N/A
