

================================================================
== Vitis HLS Report for 'hysteresis_4_Pipeline_VITIS_LOOP_78_2'
================================================================
* Date:           Sat Aug  1 12:52:08 2026

* Version:        2025.2 (Build 6295257 on Nov 14 2025)
* Project:        canny_top
* Solution:       hls (Vitis Kernel Flow Target)
* Product family: zynquplus
* Target device:  xck26-sfvc784-2LV-c


================================================================
== Performance Estimates
================================================================
+ Timing: 
    * Summary: 
    +--------+---------+----------+------------+
    |  Clock |  Target | Estimated| Uncertainty|
    +--------+---------+----------+------------+
    |ap_clk  |  5.00 ns|  2.987 ns|     1.35 ns|
    +--------+---------+----------+------------+

+ Latency: 
    * Summary: 
    +---------+---------+----------+----------+-----+-----+-------------------+
    |  Latency (cycles) |  Latency (absolute) |  Interval |      Pipeline     |
    |   min   |   max   |    min   |    max   | min | max |        Type       |
    +---------+---------+----------+----------+-----+-----+-------------------+
    |      514|      514|  2.570 us|  2.570 us|    0|    0|  loop pipeline stp|
    +---------+---------+----------+----------+-----+-----+-------------------+

    + Detail: 
        * Instance: 
        N/A

        * Loop: 
        +-------------------+---------+---------+----------+-----------+-----------+------+----------+
        |                   |  Latency (cycles) | Iteration|  Initiation Interval  | Trip |          |
        |     Loop Name     |   min   |   max   |  Latency |  achieved |   target  | Count| Pipelined|
        +-------------------+---------+---------+----------+-----------+-----------+------+----------+
        |- VITIS_LOOP_78_2  |      512|      512|         2|          1|          1|   512|       yes|
        +-------------------+---------+---------+----------+-----------+-----------+------+----------+



================================================================
== Utilization Estimates
================================================================
* Summary: 
+-----------------+---------+------+--------+--------+-----+
|       Name      | BRAM_18K|  DSP |   FF   |   LUT  | URAM|
+-----------------+---------+------+--------+--------+-----+
|DSP              |        -|     -|       -|       -|    -|
|Expression       |        -|     -|       0|      39|    -|
|FIFO             |        -|     -|       -|       -|    -|
|Instance         |        -|     -|       -|       -|    -|
|Memory           |        -|     -|       -|       -|    -|
|Multiplexer      |        -|     -|       0|      45|    -|
|Register         |        -|     -|      23|       -|    -|
+-----------------+---------+------+--------+--------+-----+
|Total            |        0|     0|      23|      84|    0|
+-----------------+---------+------+--------+--------+-----+
|Available        |      288|  1248|  234240|  117120|   64|
+-----------------+---------+------+--------+--------+-----+
|Utilization (%)  |        0|     0|      ~0|      ~0|    0|
+-----------------+---------+------+--------+--------+-----+

+ Detail: 
    * Instance: 
    N/A

    * DSP: 
    N/A

    * Memory: 
    N/A

    * FIFO: 
    N/A

    * Expression: 
    +---------------------------+----------+----+---+----+------------+------------+
    |       Variable Name       | Operation| DSP| FF| LUT| Bitwidth P0| Bitwidth P1|
    +---------------------------+----------+----+---+----+------------+------------+
    |add_ln78_fu_120_p2         |         +|   0|  0|  17|          10|           1|
    |ap_block_pp0_stage0_11001  |       and|   0|  0|   2|           1|           1|
    |icmp_ln78_fu_114_p2        |      icmp|   0|  0|  18|          10|          11|
    |ap_enable_pp0              |       xor|   0|  0|   2|           1|           2|
    +---------------------------+----------+----+---+----+------------+------------+
    |Total                      |          |   0|  0|  39|          22|          15|
    +---------------------------+----------+----+---+----+------------+------------+

    * Multiplexer: 
    +---------------------------+----+-----------+-----+-----------+
    |            Name           | LUT| Input Size| Bits| Total Bits|
    +---------------------------+----+-----------+-----+-----------+
    |ap_done_int                |   9|          2|    1|          2|
    |ap_enable_reg_pp0_iter1    |   9|          2|    1|          2|
    |ap_sig_allocacmp_column_5  |   9|          2|   10|         20|
    |column_fu_48               |   9|          2|   10|         20|
    |hyst3_out_blk_n            |   9|          2|    1|          2|
    +---------------------------+----+-----------+-----+-----------+
    |Total                      |  45|         10|   23|         46|
    +---------------------------+----+-----------+-----+-----------+

    * Register: 
    +-------------------------+----+----+-----+-----------+
    |           Name          | FF | LUT| Bits| Const Bits|
    +-------------------------+----+----+-----+-----------+
    |ap_CS_fsm                |   1|   0|    1|          0|
    |ap_done_reg              |   1|   0|    1|          0|
    |ap_enable_reg_pp0_iter1  |   1|   0|    1|          0|
    |column_5_reg_156         |  10|   0|   10|          0|
    |column_fu_48             |  10|   0|   10|          0|
    +-------------------------+----+----+-----+-----------+
    |Total                    |  23|   0|   23|          0|
    +-------------------------+----+----+-----+-----------+



================================================================
== Interface
================================================================
* Summary: 
+--------------------------+-----+-----+------------+----------------------------------------+--------------+
|         RTL Ports        | Dir | Bits|  Protocol  |              Source Object             |    C Type    |
+--------------------------+-----+-----+------------+----------------------------------------+--------------+
|ap_clk                    |   in|    1|  ap_ctrl_hs|  hysteresis<4>_Pipeline_VITIS_LOOP_78_2|  return value|
|ap_rst                    |   in|    1|  ap_ctrl_hs|  hysteresis<4>_Pipeline_VITIS_LOOP_78_2|  return value|
|ap_start                  |   in|    1|  ap_ctrl_hs|  hysteresis<4>_Pipeline_VITIS_LOOP_78_2|  return value|
|ap_done                   |  out|    1|  ap_ctrl_hs|  hysteresis<4>_Pipeline_VITIS_LOOP_78_2|  return value|
|ap_idle                   |  out|    1|  ap_ctrl_hs|  hysteresis<4>_Pipeline_VITIS_LOOP_78_2|  return value|
|ap_ready                  |  out|    1|  ap_ctrl_hs|  hysteresis<4>_Pipeline_VITIS_LOOP_78_2|  return value|
|hyst3_out_dout            |   in|    8|     ap_fifo|                               hyst3_out|       pointer|
|hyst3_out_empty_n         |   in|    1|     ap_fifo|                               hyst3_out|       pointer|
|hyst3_out_read            |  out|    1|     ap_fifo|                               hyst3_out|       pointer|
|hyst3_out_num_data_valid  |   in|   11|     ap_fifo|                               hyst3_out|       pointer|
|hyst3_out_fifo_cap        |   in|   11|     ap_fifo|                               hyst3_out|       pointer|
|buffer_2_address0         |  out|    9|   ap_memory|                                buffer_2|         array|
|buffer_2_ce0              |  out|    1|   ap_memory|                                buffer_2|         array|
|buffer_2_we0              |  out|    1|   ap_memory|                                buffer_2|         array|
|buffer_2_d0               |  out|    8|   ap_memory|                                buffer_2|         array|
|buffer_1_address0         |  out|    9|   ap_memory|                                buffer_1|         array|
|buffer_1_ce0              |  out|    1|   ap_memory|                                buffer_1|         array|
|buffer_1_we0              |  out|    1|   ap_memory|                                buffer_1|         array|
|buffer_1_d0               |  out|    8|   ap_memory|                                buffer_1|         array|
|buffer_r_address0         |  out|    9|   ap_memory|                                buffer_r|         array|
|buffer_r_ce0              |  out|    1|   ap_memory|                                buffer_r|         array|
|buffer_r_we0              |  out|    1|   ap_memory|                                buffer_r|         array|
|buffer_r_d0               |  out|    8|   ap_memory|                                buffer_r|         array|
|empty                     |   in|    2|     ap_none|                                   empty|        scalar|
+--------------------------+-----+-----+------------+----------------------------------------+--------------+

============================================================
+ Verbose Summary: Synthesis Manager
============================================================
InlineROM: 1
ExposeGlobal: 0
============================================================
+ Verbose Summary: CDFG Model
============================================================
IsTopModel: 0
ResetActiveHigh: 1
IsCombinational: 2
IsDatapathOnly: 2
HasWiredReturn: 1
HasMFsm: 2
HasVarLatency: 1
IsPipeline: 0
IsRtlPipelined: 0
IsInstanceOverlapped: 0
IsDontTouch: 0
HasImplIP: 0
IsGatedGlobalClock: 0

+ Individual pipeline summary: 
  * Pipeline-0: initiation interval (II) = 1, depth = 2


============================================================
+ Verbose Summary: Schedule
============================================================
* Number of FSM states : 2
* Pipeline : 1
  Pipeline-0 : II = 1, D = 2, States = { 1 2 }
* Dataflow Pipeline: 0

* FSM state transitions: 
1 --> 2 
2 --> 

* FSM state operations: 

State 1 <SV = 0> <Delay = 1.64>
ST_1 : Operation 5 [1/1] (0.00ns)   --->   "%column = alloca i32 1" [../src/hysteresis.cpp:78]   --->   Operation 5 'alloca' 'column' <Predicate = true> <Delay = 0.00>
ST_1 : Operation 6 [1/1] (0.00ns)   --->   "%specinterface_ln0 = specinterface void @_ssdm_op_SpecInterface, i8 %hyst3_out, void @empty_11, i32 0, i32 0, void @empty_5, i32 0, i32 0, void @empty_5, void @empty_5, void @empty_5, i32 0, i32 0, i32 0, i32 0, void @empty_5, void @empty_5, i32 4294967295, i32 0, i32 0, i32 0"   --->   Operation 6 'specinterface' 'specinterface_ln0' <Predicate = true> <Delay = 0.00>
ST_1 : Operation 7 [1/1] (0.00ns)   --->   "%tmp = read i2 @_ssdm_op_Read.ap_auto.i2, i2 %empty"   --->   Operation 7 'read' 'tmp' <Predicate = true> <Delay = 0.00>
ST_1 : Operation 8 [1/1] (0.42ns)   --->   "%store_ln78 = store i10 0, i10 %column" [../src/hysteresis.cpp:78]   --->   Operation 8 'store' 'store_ln78' <Predicate = true> <Delay = 0.42>
ST_1 : Operation 9 [1/1] (0.00ns)   --->   "%br_ln78 = br void %for.inc" [../src/hysteresis.cpp:78]   --->   Operation 9 'br' 'br_ln78' <Predicate = true> <Delay = 0.00>
ST_1 : Operation 10 [1/1] (0.00ns)   --->   "%column_5 = load i10 %column" [../src/hysteresis.cpp:78]   --->   Operation 10 'load' 'column_5' <Predicate = true> <Delay = 0.00>
ST_1 : Operation 11 [1/1] (0.78ns)   --->   "%icmp_ln78 = icmp_eq  i10 %column_5, i10 512" [../src/hysteresis.cpp:78]   --->   Operation 11 'icmp' 'icmp_ln78' <Predicate = true> <Delay = 0.78> <CoreInst = "Cmp">   --->   Core 9 'Cmp' <Latency = 0> <II = 1> <Delay = 0.79> <FuncUnit> <Opcode : 'seteq' 'setne' 'setle' 'setge' 'setlt' 'setgt'> <InPorts = 2> <OutPorts = 1>
ST_1 : Operation 12 [1/1] (0.78ns)   --->   "%add_ln78 = add i10 %column_5, i10 1" [../src/hysteresis.cpp:78]   --->   Operation 12 'add' 'add_ln78' <Predicate = true> <Delay = 0.78> <CoreInst = "Adder">   --->   Core 1 'Adder' <Latency = 0> <II = 1> <Delay = 0.78> <FuncUnit> <Opcode : 'add' 'sub'> <InPorts = 2> <OutPorts = 1>
ST_1 : Operation 13 [1/1] (0.00ns)   --->   "%br_ln78 = br i1 %icmp_ln78, void %for.inc.split, void %if.end.loopexit.exitStub" [../src/hysteresis.cpp:78]   --->   Operation 13 'br' 'br_ln78' <Predicate = true> <Delay = 0.00>
ST_1 : Operation 14 [1/1] (0.54ns)   --->   "%switch_ln80 = switch i2 %tmp, void %arrayidx712.case.2, i2 0, void %arrayidx712.case.0, i2 1, void %arrayidx712.case.1" [../src/hysteresis.cpp:80]   --->   Operation 14 'switch' 'switch_ln80' <Predicate = (!icmp_ln78)> <Delay = 0.54>
ST_1 : Operation 15 [1/1] (0.42ns)   --->   "%store_ln78 = store i10 %add_ln78, i10 %column" [../src/hysteresis.cpp:78]   --->   Operation 15 'store' 'store_ln78' <Predicate = (!icmp_ln78)> <Delay = 0.42>
ST_1 : Operation 16 [1/1] (0.00ns)   --->   "%br_ln78 = br void %for.inc" [../src/hysteresis.cpp:78]   --->   Operation 16 'br' 'br_ln78' <Predicate = (!icmp_ln78)> <Delay = 0.00>
ST_1 : Operation 31 [1/1] (0.42ns)   --->   "%ret_ln0 = ret"   --->   Operation 31 'ret' 'ret_ln0' <Predicate = (icmp_ln78)> <Delay = 0.42>

State 2 <SV = 1> <Delay = 2.98>
ST_2 : Operation 17 [1/1] (0.00ns)   --->   "%zext_ln78 = zext i10 %column_5" [../src/hysteresis.cpp:78]   --->   Operation 17 'zext' 'zext_ln78' <Predicate = true> <Delay = 0.00>
ST_2 : Operation 18 [1/1] (0.00ns)   --->   "%specpipeline_ln79 = specpipeline void @_ssdm_op_SpecPipeline, i32 1, i32 0, i32 0, i32 0, i32 4294967295, void @empty_5" [../src/hysteresis.cpp:79]   --->   Operation 18 'specpipeline' 'specpipeline_ln79' <Predicate = true> <Delay = 0.00>
ST_2 : Operation 19 [1/1] (0.00ns)   --->   "%speclooptripcount_ln78 = speclooptripcount void @_ssdm_op_SpecLoopTripCount, i64 512, i64 512, i64 512" [../src/hysteresis.cpp:78]   --->   Operation 19 'speclooptripcount' 'speclooptripcount_ln78' <Predicate = true> <Delay = 0.00>
ST_2 : Operation 20 [1/1] (0.00ns)   --->   "%specloopname_ln78 = specloopname void @_ssdm_op_SpecLoopName, void @empty_4" [../src/hysteresis.cpp:78]   --->   Operation 20 'specloopname' 'specloopname_ln78' <Predicate = true> <Delay = 0.00>
ST_2 : Operation 21 [1/1] ( I:1.75ns O:1.75ns )   --->   "%hyst3_out_read = read i8 @_ssdm_op_Read.ap_fifo.volatile.i8P0A, i8 %hyst3_out" [../src/hysteresis.cpp:80]   --->   Operation 21 'read' 'hyst3_out_read' <Predicate = true> <Delay = 1.75> <CoreInst = "FIFO">   --->   Core 77 'FIFO' <Latency = 0> <II = 1> <Delay = 1.75> <Storage> <Opcode : 'read' 'write' 'nbread' 'nbwrite'> <Ports = 0> <Width = 8> <Depth = 1024> <FIFO>
ST_2 : Operation 22 [1/1] (0.00ns)   --->   "%buffer_addr = getelementptr i8 %buffer_r, i64 0, i64 %zext_ln78" [../src/hysteresis.cpp:80]   --->   Operation 22 'getelementptr' 'buffer_addr' <Predicate = true> <Delay = 0.00>
ST_2 : Operation 23 [1/1] (0.00ns)   --->   "%buffer_1_addr = getelementptr i8 %buffer_1, i64 0, i64 %zext_ln78" [../src/hysteresis.cpp:80]   --->   Operation 23 'getelementptr' 'buffer_1_addr' <Predicate = true> <Delay = 0.00>
ST_2 : Operation 24 [1/1] (0.00ns)   --->   "%buffer_2_addr = getelementptr i8 %buffer_2, i64 0, i64 %zext_ln78" [../src/hysteresis.cpp:80]   --->   Operation 24 'getelementptr' 'buffer_2_addr' <Predicate = true> <Delay = 0.00>
ST_2 : Operation 25 [1/1] ( I:1.23ns O:1.23ns )   --->   "%store_ln80 = store i8 %hyst3_out_read, i9 %buffer_1_addr" [../src/hysteresis.cpp:80]   --->   Operation 25 'store' 'store_ln80' <Predicate = (tmp == 1)> <Delay = 1.23> <CoreInst = "RAM">   --->   Core 82 'RAM' <Latency = 1> <II = 1> <Delay = 1.23> <Storage> <Opcode : 'load' 'store'> <Ports = 2> <Width = 8> <Depth = 512> <RAM>
ST_2 : Operation 26 [1/1] (0.00ns)   --->   "%br_ln80 = br void %arrayidx712.exit" [../src/hysteresis.cpp:80]   --->   Operation 26 'br' 'br_ln80' <Predicate = (tmp == 1)> <Delay = 0.00>
ST_2 : Operation 27 [1/1] ( I:1.23ns O:1.23ns )   --->   "%store_ln80 = store i8 %hyst3_out_read, i9 %buffer_addr" [../src/hysteresis.cpp:80]   --->   Operation 27 'store' 'store_ln80' <Predicate = (tmp == 0)> <Delay = 1.23> <CoreInst = "RAM">   --->   Core 82 'RAM' <Latency = 1> <II = 1> <Delay = 1.23> <Storage> <Opcode : 'load' 'store'> <Ports = 2> <Width = 8> <Depth = 512> <RAM>
ST_2 : Operation 28 [1/1] (0.00ns)   --->   "%br_ln80 = br void %arrayidx712.exit" [../src/hysteresis.cpp:80]   --->   Operation 28 'br' 'br_ln80' <Predicate = (tmp == 0)> <Delay = 0.00>
ST_2 : Operation 29 [1/1] ( I:1.23ns O:1.23ns )   --->   "%store_ln80 = store i8 %hyst3_out_read, i9 %buffer_2_addr" [../src/hysteresis.cpp:80]   --->   Operation 29 'store' 'store_ln80' <Predicate = (tmp != 0 & tmp != 1)> <Delay = 1.23> <CoreInst = "RAM">   --->   Core 82 'RAM' <Latency = 1> <II = 1> <Delay = 1.23> <Storage> <Opcode : 'load' 'store'> <Ports = 2> <Width = 8> <Depth = 512> <RAM>
ST_2 : Operation 30 [1/1] (0.00ns)   --->   "%br_ln80 = br void %arrayidx712.exit" [../src/hysteresis.cpp:80]   --->   Operation 30 'br' 'br_ln80' <Predicate = (tmp != 0 & tmp != 1)> <Delay = 0.00>


============================================================
+ Verbose Summary: Binding
============================================================
STG Binding: 
---------------- STG Properties BEGIN ----------------
- Is combinational: 0
- Is one-state seq: 0
- Is datapath-only: 0
- Is pipelined: 0
- Is top level: 0
Port [ Return ] is wired: 1; IO mode=ap_ctrl_hs:ce=0
Port [ buffer_2]:  wired=1; compound=1; hidden=0; nouse=0; global=0; static=0; extern=0; dir=1; type=1; pingpong=0; private_global=0; MemPort=[03]; IO mode=ap_memory:ce=0
Port [ buffer_1]:  wired=1; compound=1; hidden=0; nouse=0; global=0; static=0; extern=0; dir=1; type=1; pingpong=0; private_global=0; MemPort=[03]; IO mode=ap_memory:ce=0
Port [ buffer_r]:  wired=1; compound=1; hidden=0; nouse=0; global=0; static=0; extern=0; dir=1; type=1; pingpong=0; private_global=0; MemPort=[03]; IO mode=ap_memory:ce=0
Port [ hyst3_out]:  wired=1; compound=1; hidden=0; nouse=0; global=0; static=0; extern=0; dir=0; type=3; pingpong=0; private_global=0; IO mode=ap_fifo:ce=0
Port [ empty]:  wired=1; compound=0; hidden=0; nouse=0; global=0; static=0; extern=0; dir=0; type=0; pingpong=0; private_global=0; IO mode=ap_none:ce=0
---------------- STG Properties END ------------------

---------------- Datapath Model BEGIN ----------------

<LifeTime>
<method=bitvector/>
column                 (alloca           ) [ 010]
specinterface_ln0      (specinterface    ) [ 000]
tmp                    (read             ) [ 011]
store_ln78             (store            ) [ 000]
br_ln78                (br               ) [ 000]
column_5               (load             ) [ 011]
icmp_ln78              (icmp             ) [ 010]
add_ln78               (add              ) [ 000]
br_ln78                (br               ) [ 000]
switch_ln80            (switch           ) [ 000]
store_ln78             (store            ) [ 000]
br_ln78                (br               ) [ 000]
zext_ln78              (zext             ) [ 000]
specpipeline_ln79      (specpipeline     ) [ 000]
speclooptripcount_ln78 (speclooptripcount) [ 000]
specloopname_ln78      (specloopname     ) [ 000]
hyst3_out_read         (read             ) [ 000]
buffer_addr            (getelementptr    ) [ 000]
buffer_1_addr          (getelementptr    ) [ 000]
buffer_2_addr          (getelementptr    ) [ 000]
store_ln80             (store            ) [ 000]
br_ln80                (br               ) [ 000]
store_ln80             (store            ) [ 000]
br_ln80                (br               ) [ 000]
store_ln80             (store            ) [ 000]
br_ln80                (br               ) [ 000]
ret_ln0                (ret              ) [ 000]
</LifeTime>

<model>

<comp_list>
<comp id="0" class="1000" name="buffer_2">
<pin_list>
<pin id="1" dir="1" index="0" bw="1" slack="0"/>
</pin_list>
<bind>
<StgValue><ssdm name="buffer_2"/><MemPortTyVec>0 3 </MemPortTyVec>
</StgValue>
</bind>
</comp>

<comp id="2" class="1000" name="buffer_1">
<pin_list>
<pin id="3" dir="1" index="0" bw="1" slack="0"/>
</pin_list>
<bind>
<StgValue><ssdm name="buffer_1"/><MemPortTyVec>0 3 </MemPortTyVec>
</StgValue>
</bind>
</comp>

<comp id="4" class="1000" name="buffer_r">
<pin_list>
<pin id="5" dir="1" index="0" bw="1" slack="0"/>
</pin_list>
<bind>
<StgValue><ssdm name="buffer_r"/><MemPortTyVec>0 3 </MemPortTyVec>
</StgValue>
</bind>
</comp>

<comp id="6" class="1000" name="hyst3_out">
<pin_list>
<pin id="7" dir="1" index="0" bw="1" slack="0"/>
</pin_list>
<bind>
<StgValue><ssdm name="hyst3_out"/></StgValue>
</bind>
</comp>

<comp id="8" class="1000" name="empty">
<pin_list>
<pin id="9" dir="1" index="0" bw="1" slack="0"/>
</pin_list>
<bind>
<StgValue><ssdm name="empty"/></StgValue>
</bind>
</comp>

<comp id="10" class="1001" name="const_10">
<pin_list>
<pin id="11" dir="1" index="0" bw="1" slack="0"/>
</pin_list>
<bind>
<StgValue><ssdm name=""/></StgValue>
</bind>
</comp>

<comp id="12" class="1001" name="const_12">
<pin_list>
<pin id="13" dir="1" index="0" bw="1" slack="2147483647"/>
</pin_list>
<bind>
<StgValue><ssdm name="_ssdm_op_SpecInterface"/></StgValue>
</bind>
</comp>

<comp id="14" class="1001" name="const_14">
<pin_list>
<pin id="15" dir="1" index="0" bw="1" slack="2147483647"/>
</pin_list>
<bind>
<StgValue><ssdm name="empty_11"/></StgValue>
</bind>
</comp>

<comp id="16" class="1001" name="const_16">
<pin_list>
<pin id="17" dir="1" index="0" bw="1" slack="2147483647"/>
</pin_list>
<bind>
<StgValue><ssdm name=""/></StgValue>
</bind>
</comp>

<comp id="18" class="1001" name="const_18">
<pin_list>
<pin id="19" dir="1" index="0" bw="1" slack="2147483647"/>
</pin_list>
<bind>
<StgValue><ssdm name="empty_5"/></StgValue>
</bind>
</comp>

<comp id="20" class="1001" name="const_20">
<pin_list>
<pin id="21" dir="1" index="0" bw="1" slack="2147483647"/>
</pin_list>
<bind>
<StgValue><ssdm name=""/></StgValue>
</bind>
</comp>

<comp id="22" class="1001" name="const_22">
<pin_list>
<pin id="23" dir="1" index="0" bw="1" slack="0"/>
</pin_list>
<bind>
<StgValue><ssdm name="_ssdm_op_Read.ap_auto.i2"/></StgValue>
</bind>
</comp>

<comp id="24" class="1001" name="const_24">
<pin_list>
<pin id="25" dir="1" index="0" bw="1" slack="0"/>
</pin_list>
<bind>
<StgValue><ssdm name=""/></StgValue>
</bind>
</comp>

<comp id="26" class="1001" name="const_26">
<pin_list>
<pin id="27" dir="1" index="0" bw="1" slack="0"/>
</pin_list>
<bind>
<StgValue><ssdm name=""/></StgValue>
</bind>
</comp>

<comp id="28" class="1001" name="const_28">
<pin_list>
<pin id="29" dir="1" index="0" bw="1" slack="0"/>
</pin_list>
<bind>
<StgValue><ssdm name=""/></StgValue>
</bind>
</comp>

<comp id="30" class="1001" name="const_30">
<pin_list>
<pin id="31" dir="1" index="0" bw="1" slack="0"/>
</pin_list>
<bind>
<StgValue><ssdm name=""/></StgValue>
</bind>
</comp>

<comp id="32" class="1001" name="const_32">
<pin_list>
<pin id="33" dir="1" index="0" bw="1" slack="0"/>
</pin_list>
<bind>
<StgValue><ssdm name=""/></StgValue>
</bind>
</comp>

<comp id="34" class="1001" name="const_34">
<pin_list>
<pin id="35" dir="1" index="0" bw="1" slack="2147483647"/>
</pin_list>
<bind>
<StgValue><ssdm name="_ssdm_op_SpecPipeline"/></StgValue>
</bind>
</comp>

<comp id="36" class="1001" name="const_36">
<pin_list>
<pin id="37" dir="1" index="0" bw="1" slack="2147483647"/>
</pin_list>
<bind>
<StgValue><ssdm name="_ssdm_op_SpecLoopTripCount"/></StgValue>
</bind>
</comp>

<comp id="38" class="1001" name="const_38">
<pin_list>
<pin id="39" dir="1" index="0" bw="1" slack="2147483647"/>
</pin_list>
<bind>
<StgValue><ssdm name=""/></StgValue>
</bind>
</comp>

<comp id="40" class="1001" name="const_40">
<pin_list>
<pin id="41" dir="1" index="0" bw="1" slack="2147483647"/>
</pin_list>
<bind>
<StgValue><ssdm name="_ssdm_op_SpecLoopName"/></StgValue>
</bind>
</comp>

<comp id="42" class="1001" name="const_42">
<pin_list>
<pin id="43" dir="1" index="0" bw="1" slack="2147483647"/>
</pin_list>
<bind>
<StgValue><ssdm name="empty_4"/></StgValue>
</bind>
</comp>

<comp id="44" class="1001" name="const_44">
<pin_list>
<pin id="45" dir="1" index="0" bw="1" slack="0"/>
</pin_list>
<bind>
<StgValue><ssdm name="_ssdm_op_Read.ap_fifo.volatile.i8P0A"/></StgValue>
</bind>
</comp>

<comp id="46" class="1001" name="const_46">
<pin_list>
<pin id="47" dir="1" index="0" bw="1" slack="0"/>
</pin_list>
<bind>
<StgValue><ssdm name=""/></StgValue>
</bind>
</comp>

<comp id="48" class="1004" name="column_fu_48">
<pin_list>
<pin id="49" dir="0" index="0" bw="1" slack="0"/>
<pin id="50" dir="1" index="1" bw="10" slack="0"/>
</pin_list>
<bind>
<opcode="alloca(26) " fcode="alloca"/>
<opset="column/1 "/>
</bind>
</comp>

<comp id="52" class="1004" name="tmp_read_fu_52">
<pin_list>
<pin id="53" dir="0" index="0" bw="2" slack="0"/>
<pin id="54" dir="0" index="1" bw="2" slack="0"/>
<pin id="55" dir="1" index="2" bw="2" slack="0"/>
</pin_list>
<bind>
<opcode="read(1150) " fcode="read"/>
<opset="tmp/1 "/>
</bind>
</comp>

<comp id="58" class="1004" name="hyst3_out_read_read_fu_58">
<pin_list>
<pin id="59" dir="0" index="0" bw="8" slack="0"/>
<pin id="60" dir="0" index="1" bw="8" slack="0"/>
<pin id="61" dir="1" index="2" bw="8" slack="0"/>
</pin_list>
<bind>
<opcode="read(1150) " fcode="read"/>
<opset="hyst3_out_read/2 "/>
</bind>
</comp>

<comp id="64" class="1004" name="buffer_addr_gep_fu_64">
<pin_list>
<pin id="65" dir="0" index="0" bw="8" slack="0"/>
<pin id="66" dir="0" index="1" bw="1" slack="0"/>
<pin id="67" dir="0" index="2" bw="10" slack="0"/>
<pin id="68" dir="1" index="3" bw="9" slack="0"/>
</pin_list>
<bind>
<opcode="getelementptr(29) " fcode="getelementptr"/>
<opset="buffer_addr/2 "/>
</bind>
</comp>

<comp id="71" class="1004" name="buffer_1_addr_gep_fu_71">
<pin_list>
<pin id="72" dir="0" index="0" bw="8" slack="0"/>
<pin id="73" dir="0" index="1" bw="1" slack="0"/>
<pin id="74" dir="0" index="2" bw="10" slack="0"/>
<pin id="75" dir="1" index="3" bw="9" slack="0"/>
</pin_list>
<bind>
<opcode="getelementptr(29) " fcode="getelementptr"/>
<opset="buffer_1_addr/2 "/>
</bind>
</comp>

<comp id="78" class="1004" name="buffer_2_addr_gep_fu_78">
<pin_list>
<pin id="79" dir="0" index="0" bw="8" slack="0"/>
<pin id="80" dir="0" index="1" bw="1" slack="0"/>
<pin id="81" dir="0" index="2" bw="10" slack="0"/>
<pin id="82" dir="1" index="3" bw="9" slack="0"/>
</pin_list>
<bind>
<opcode="getelementptr(29) " fcode="getelementptr"/>
<opset="buffer_2_addr/2 "/>
</bind>
</comp>

<comp id="85" class="1004" name="store_ln80_access_fu_85">
<pin_list>
<pin id="86" dir="0" index="0" bw="9" slack="0"/>
<pin id="87" dir="0" index="1" bw="8" slack="0"/>
<pin id="88" dir="0" index="2" bw="0" slack="2147483647"/>
<pin id="89" dir="1" index="3" bw="8" slack="2147483647"/>
</pin_list>
<bind>
<opcode="store(28) " fcode="store"/>
<opset="store_ln80/2 "/>
</bind>
</comp>

<comp id="92" class="1004" name="store_ln80_access_fu_92">
<pin_list>
<pin id="93" dir="0" index="0" bw="9" slack="0"/>
<pin id="94" dir="0" index="1" bw="8" slack="0"/>
<pin id="95" dir="0" index="2" bw="0" slack="2147483647"/>
<pin id="96" dir="1" index="3" bw="8" slack="2147483647"/>
</pin_list>
<bind>
<opcode="store(28) " fcode="store"/>
<opset="store_ln80/2 "/>
</bind>
</comp>

<comp id="99" class="1004" name="store_ln80_access_fu_99">
<pin_list>
<pin id="100" dir="0" index="0" bw="9" slack="0"/>
<pin id="101" dir="0" index="1" bw="8" slack="0"/>
<pin id="102" dir="0" index="2" bw="0" slack="2147483647"/>
<pin id="103" dir="1" index="3" bw="8" slack="2147483647"/>
</pin_list>
<bind>
<opcode="store(28) " fcode="store"/>
<opset="store_ln80/2 "/>
</bind>
</comp>

<comp id="106" class="1004" name="store_ln78_store_fu_106">
<pin_list>
<pin id="107" dir="0" index="0" bw="1" slack="0"/>
<pin id="108" dir="0" index="1" bw="10" slack="0"/>
<pin id="109" dir="1" index="2" bw="0" slack="2147483647"/>
</pin_list>
<bind>
<opcode="store(28) " fcode="store"/>
<opset="store_ln78/1 "/>
</bind>
</comp>

<comp id="111" class="1004" name="column_5_load_fu_111">
<pin_list>
<pin id="112" dir="0" index="0" bw="10" slack="0"/>
<pin id="113" dir="1" index="1" bw="10" slack="0"/>
</pin_list>
<bind>
<opcode="load(27) " fcode="load"/>
<opset="column_5/1 "/>
</bind>
</comp>

<comp id="114" class="1004" name="icmp_ln78_fu_114">
<pin_list>
<pin id="115" dir="0" index="0" bw="10" slack="0"/>
<pin id="116" dir="0" index="1" bw="10" slack="0"/>
<pin id="117" dir="1" index="2" bw="1" slack="2147483647"/>
</pin_list>
<bind>
<opcode="icmp(45) " fcode="icmp"/>
<opset="icmp_ln78/1 "/>
</bind>
</comp>

<comp id="120" class="1004" name="add_ln78_fu_120">
<pin_list>
<pin id="121" dir="0" index="0" bw="10" slack="0"/>
<pin id="122" dir="0" index="1" bw="1" slack="0"/>
<pin id="123" dir="1" index="2" bw="10" slack="0"/>
</pin_list>
<bind>
<opcode="add(8) " fcode="add"/>
<opset="add_ln78/1 "/>
</bind>
</comp>

<comp id="126" class="1004" name="switch_ln80_fu_126">
<pin_list>
<pin id="127" dir="0" index="0" bw="2" slack="0"/>
<pin id="128" dir="0" index="1" bw="1" slack="0"/>
<pin id="129" dir="0" index="2" bw="1" slack="0"/>
<pin id="130" dir="1" index="3" bw="0" slack="2147483647"/>
</pin_list>
<bind>
<opcode="switch(3) " fcode="switch"/>
<opset="switch_ln80/1 "/>
</bind>
</comp>

<comp id="134" class="1004" name="store_ln78_store_fu_134">
<pin_list>
<pin id="135" dir="0" index="0" bw="10" slack="0"/>
<pin id="136" dir="0" index="1" bw="10" slack="0"/>
<pin id="137" dir="1" index="2" bw="0" slack="2147483647"/>
</pin_list>
<bind>
<opcode="store(28) " fcode="store"/>
<opset="store_ln78/1 "/>
</bind>
</comp>

<comp id="139" class="1004" name="zext_ln78_fu_139">
<pin_list>
<pin id="140" dir="0" index="0" bw="10" slack="1"/>
<pin id="141" dir="1" index="1" bw="64" slack="0"/>
</pin_list>
<bind>
<opcode="zext(34) " fcode="zext"/>
<opset="zext_ln78/2 "/>
</bind>
</comp>

<comp id="145" class="1005" name="column_reg_145">
<pin_list>
<pin id="146" dir="0" index="0" bw="10" slack="0"/>
<pin id="147" dir="1" index="1" bw="10" slack="0"/>
</pin_list>
<bind>
<opset="column "/>
</bind>
</comp>

<comp id="152" class="1005" name="tmp_reg_152">
<pin_list>
<pin id="153" dir="0" index="0" bw="2" slack="1"/>
<pin id="154" dir="1" index="1" bw="2" slack="2147483647"/>
</pin_list>
<bind>
<opset="tmp "/>
</bind>
</comp>

<comp id="156" class="1005" name="column_5_reg_156">
<pin_list>
<pin id="157" dir="0" index="0" bw="10" slack="1"/>
<pin id="158" dir="1" index="1" bw="10" slack="1"/>
</pin_list>
<bind>
<opset="column_5 "/>
</bind>
</comp>

</comp_list>

<net_list>
<net id="51"><net_src comp="10" pin="0"/><net_sink comp="48" pin=0"/></net>

<net id="56"><net_src comp="22" pin="0"/><net_sink comp="52" pin=0"/></net>

<net id="57"><net_src comp="8" pin="0"/><net_sink comp="52" pin=1"/></net>

<net id="62"><net_src comp="44" pin="0"/><net_sink comp="58" pin=0"/></net>

<net id="63"><net_src comp="6" pin="0"/><net_sink comp="58" pin=1"/></net>

<net id="69"><net_src comp="4" pin="0"/><net_sink comp="64" pin=0"/></net>

<net id="70"><net_src comp="46" pin="0"/><net_sink comp="64" pin=1"/></net>

<net id="76"><net_src comp="2" pin="0"/><net_sink comp="71" pin=0"/></net>

<net id="77"><net_src comp="46" pin="0"/><net_sink comp="71" pin=1"/></net>

<net id="83"><net_src comp="0" pin="0"/><net_sink comp="78" pin=0"/></net>

<net id="84"><net_src comp="46" pin="0"/><net_sink comp="78" pin=1"/></net>

<net id="90"><net_src comp="58" pin="2"/><net_sink comp="85" pin=1"/></net>

<net id="91"><net_src comp="71" pin="3"/><net_sink comp="85" pin=0"/></net>

<net id="97"><net_src comp="58" pin="2"/><net_sink comp="92" pin=1"/></net>

<net id="98"><net_src comp="64" pin="3"/><net_sink comp="92" pin=0"/></net>

<net id="104"><net_src comp="58" pin="2"/><net_sink comp="99" pin=1"/></net>

<net id="105"><net_src comp="78" pin="3"/><net_sink comp="99" pin=0"/></net>

<net id="110"><net_src comp="24" pin="0"/><net_sink comp="106" pin=0"/></net>

<net id="118"><net_src comp="111" pin="1"/><net_sink comp="114" pin=0"/></net>

<net id="119"><net_src comp="26" pin="0"/><net_sink comp="114" pin=1"/></net>

<net id="124"><net_src comp="111" pin="1"/><net_sink comp="120" pin=0"/></net>

<net id="125"><net_src comp="28" pin="0"/><net_sink comp="120" pin=1"/></net>

<net id="131"><net_src comp="52" pin="2"/><net_sink comp="126" pin=0"/></net>

<net id="132"><net_src comp="30" pin="0"/><net_sink comp="126" pin=1"/></net>

<net id="133"><net_src comp="32" pin="0"/><net_sink comp="126" pin=2"/></net>

<net id="138"><net_src comp="120" pin="2"/><net_sink comp="134" pin=0"/></net>

<net id="142"><net_src comp="139" pin="1"/><net_sink comp="64" pin=2"/></net>

<net id="143"><net_src comp="139" pin="1"/><net_sink comp="71" pin=2"/></net>

<net id="144"><net_src comp="139" pin="1"/><net_sink comp="78" pin=2"/></net>

<net id="148"><net_src comp="48" pin="1"/><net_sink comp="145" pin=0"/></net>

<net id="149"><net_src comp="145" pin="1"/><net_sink comp="106" pin=1"/></net>

<net id="150"><net_src comp="145" pin="1"/><net_sink comp="111" pin=0"/></net>

<net id="151"><net_src comp="145" pin="1"/><net_sink comp="134" pin=1"/></net>

<net id="155"><net_src comp="52" pin="2"/><net_sink comp="152" pin=0"/></net>

<net id="159"><net_src comp="111" pin="1"/><net_sink comp="156" pin=0"/></net>

<net id="160"><net_src comp="156" pin="1"/><net_sink comp="139" pin=0"/></net>

</net_list>

</model> 
---------------- Datapath Model END ------------------

* FSMD analyzer results:
  - Output states:
	Port: buffer_2 | {2 }
	Port: buffer_1 | {2 }
	Port: buffer_r | {2 }
	Port: hyst3_out | {}
 - Input state : 
	Port: hysteresis<4>_Pipeline_VITIS_LOOP_78_2 : hyst3_out | {2 }
	Port: hysteresis<4>_Pipeline_VITIS_LOOP_78_2 : empty | {1 }
  - Chain level:
	State 1
		store_ln78 : 1
		column_5 : 1
		icmp_ln78 : 2
		add_ln78 : 2
		br_ln78 : 3
		store_ln78 : 3
	State 2
		buffer_addr : 1
		buffer_1_addr : 1
		buffer_2_addr : 1
		store_ln80 : 2
		store_ln80 : 2
		store_ln80 : 2


============================================================
+ Verbose Summary: Datapath Resource usage 
============================================================

* Functional unit list:
|----------|---------------------------|---------|---------|
| Operation|      Functional Unit      |    FF   |   LUT   |
|----------|---------------------------|---------|---------|
|   icmp   |      icmp_ln78_fu_114     |    0    |    17   |
|----------|---------------------------|---------|---------|
|    add   |      add_ln78_fu_120      |    0    |    17   |
|----------|---------------------------|---------|---------|
|   read   |       tmp_read_fu_52      |    0    |    0    |
|          | hyst3_out_read_read_fu_58 |    0    |    0    |
|----------|---------------------------|---------|---------|
|  switch  |     switch_ln80_fu_126    |    0    |    0    |
|----------|---------------------------|---------|---------|
|   zext   |      zext_ln78_fu_139     |    0    |    0    |
|----------|---------------------------|---------|---------|
|   Total  |                           |    0    |    34   |
|----------|---------------------------|---------|---------|

Memories:
N/A

* Register list:
+----------------+--------+
|                |   FF   |
+----------------+--------+
|column_5_reg_156|   10   |
| column_reg_145 |   10   |
|   tmp_reg_152  |    2   |
+----------------+--------+
|      Total     |   22   |
+----------------+--------+

* Multiplexer (MUX) list: 
|--------|------|------|------|--------|
|  Comp  |  Pin | Size |  BW  | S x BW |
|--------|------|------|------|--------|
|  Total |      |      |      |    0   |
|--------|------|------|------|--------|



* Summary:
+-----------+--------+--------+
|           |   FF   |   LUT  |
+-----------+--------+--------+
|  Function |    0   |   34   |
|   Memory  |    -   |    -   |
|Multiplexer|    -   |    -   |
|  Register |   22   |    -   |
+-----------+--------+--------+
|   Total   |   22   |   34   |
+-----------+--------+--------+
