

================================================================
== Vitis HLS Report for 'hysteresis_2_Pipeline_VITIS_LOOP_114_2'
================================================================
* Date:           Fri Jul 24 16:27:49 2026

* Version:        2025.2 (Build 6295257 on Nov 14 2025)
* Project:        canny_top
* Solution:       hls (Vitis Kernel Flow Target)
* Product family: zynquplus
* Target device:  xck26-sfvc784-2LV-c


================================================================
== Performance Estimates
================================================================
+ Timing: 
    * Summary: 
    +--------+---------+----------+------------+
    |  Clock |  Target | Estimated| Uncertainty|
    +--------+---------+----------+------------+
    |ap_clk  |  5.00 ns|  3.380 ns|     1.35 ns|
    +--------+---------+----------+------------+

+ Latency: 
    * Summary: 
    +---------+---------+----------+----------+-----+-----+-------------------+
    |  Latency (cycles) |  Latency (absolute) |  Interval |      Pipeline     |
    |   min   |   max   |    min   |    max   | min | max |        Type       |
    +---------+---------+----------+----------+-----+-----+-------------------+
    |      512|      512|  2.560 us|  2.560 us|    0|    0|  loop pipeline stp|
    +---------+---------+----------+----------+-----+-----+-------------------+

    + Detail: 
        * Instance: 
        N/A

        * Loop: 
        +--------------------+---------+---------+----------+-----------+-----------+------+----------+
        |                    |  Latency (cycles) | Iteration|  Initiation Interval  | Trip |          |
        |      Loop Name     |   min   |   max   |  Latency |  achieved |   target  | Count| Pipelined|
        +--------------------+---------+---------+----------+-----------+-----------+------+----------+
        |- VITIS_LOOP_114_2  |      510|      510|         2|          1|          1|   510|       yes|
        +--------------------+---------+---------+----------+-----------+-----------+------+----------+

============================================================
+ Verbose Summary: Synthesis Manager
============================================================
InlineROM: 1
ExposeGlobal: 0
============================================================
+ Verbose Summary: CDFG Model
============================================================
IsTopModel: 0
ResetActiveHigh: 1
IsCombinational: 0
IsDatapathOnly: 0
HasWiredReturn: 1
HasMFsm: 2
HasVarLatency: 1
IsPipeline: 0
IsRtlPipelined: 0
IsInstanceOverlapped: 0
IsDontTouch: 0
HasImplIP: 0
IsGatedGlobalClock: 0

+ Individual pipeline summary: 
  * Pipeline-0: initiation interval (II) = 1, depth = 2


============================================================
+ Verbose Summary: Schedule
============================================================
* Number of FSM states : 2
* Pipeline : 1
  Pipeline-0 : II = 1, D = 2, States = { 1 2 }
* Dataflow Pipeline: 0

* FSM state transitions: 
1 --> 2 
2 --> 

* FSM state operations: 

State 1 <SV = 0> <Delay = 1.66>
ST_1 : Operation 5 [1/1] (0.00ns)   --->   "%column_5 = alloca i32 1" [../src/hysteresis.cpp:114->../src/canny_top.cpp:34]   --->   Operation 5 'alloca' 'column_5' <Predicate = true> <Delay = 0.00>
ST_1 : Operation 6 [1/1] (0.00ns)   --->   "%result_read = read i2 @_ssdm_op_Read.ap_auto.i2, i2 %result"   --->   Operation 6 'read' 'result_read' <Predicate = true> <Delay = 0.00>
ST_1 : Operation 7 [1/1] (0.42ns)   --->   "%store_ln114 = store i9 1, i9 %column_5" [../src/hysteresis.cpp:114->../src/canny_top.cpp:34]   --->   Operation 7 'store' 'store_ln114' <Predicate = true> <Delay = 0.42>
ST_1 : Operation 8 [1/1] (0.00ns)   --->   "%br_ln0 = br void %for.body24.i"   --->   Operation 8 'br' 'br_ln0' <Predicate = true> <Delay = 0.00>
ST_1 : Operation 9 [1/1] (0.00ns)   --->   "%column = load i9 %column_5" [../src/hysteresis.cpp:114->../src/canny_top.cpp:34]   --->   Operation 9 'load' 'column' <Predicate = true> <Delay = 0.00>
ST_1 : Operation 10 [1/1] (0.77ns)   --->   "%icmp_ln114 = icmp_eq  i9 %column, i9 511" [../src/hysteresis.cpp:114->../src/canny_top.cpp:34]   --->   Operation 10 'icmp' 'icmp_ln114' <Predicate = true> <Delay = 0.77> <CoreInst = "Cmp">   --->   Core 9 'Cmp' <Latency = 0> <II = 1> <Delay = 0.77> <FuncUnit> <Opcode : 'seteq' 'setne' 'setle' 'setge' 'setlt' 'setgt'> <InPorts = 2> <OutPorts = 1>
ST_1 : Operation 11 [1/1] (0.00ns)   --->   "%br_ln114 = br i1 %icmp_ln114, void %for.body24.split.i, void %cleanup48.i.loopexit.exitStub" [../src/hysteresis.cpp:114->../src/canny_top.cpp:34]   --->   Operation 11 'br' 'br_ln114' <Predicate = true> <Delay = 0.00>
ST_1 : Operation 12 [1/1] (0.00ns)   --->   "%lshr_ln = partselect i8 @_ssdm_op_PartSelect.i8.i9.i32.i32, i9 %column, i32 1, i32 8" [../src/hysteresis.cpp:114->../src/canny_top.cpp:34]   --->   Operation 12 'partselect' 'lshr_ln' <Predicate = (!icmp_ln114)> <Delay = 0.00>
ST_1 : Operation 13 [1/1] (0.00ns)   --->   "%tmp_s = bitconcatenate i10 @_ssdm_op_BitConcatenate.i10.i2.i8, i2 %result_read, i8 %lshr_ln" [../src/hysteresis.cpp:116->../src/canny_top.cpp:34]   --->   Operation 13 'bitconcatenate' 'tmp_s' <Predicate = (!icmp_ln114)> <Delay = 0.00>
ST_1 : Operation 14 [1/1] (0.00ns)   --->   "%zext_ln116 = zext i10 %tmp_s" [../src/hysteresis.cpp:116->../src/canny_top.cpp:34]   --->   Operation 14 'zext' 'zext_ln116' <Predicate = (!icmp_ln114)> <Delay = 0.00>
ST_1 : Operation 15 [1/1] (0.00ns)   --->   "%p_ZN12_GLOBAL_N_110lineBufferILi2EEE_0_addr = getelementptr i2 %p_ZN12_GLOBAL_N_110lineBufferILi2EEE_0, i64 0, i64 %zext_ln116" [../src/hysteresis.cpp:116->../src/canny_top.cpp:34]   --->   Operation 15 'getelementptr' 'p_ZN12_GLOBAL_N_110lineBufferILi2EEE_0_addr' <Predicate = (!icmp_ln114)> <Delay = 0.00>
ST_1 : Operation 16 [1/1] (0.00ns)   --->   "%p_ZN12_GLOBAL_N_110lineBufferILi2EEE_1_addr = getelementptr i2 %p_ZN12_GLOBAL_N_110lineBufferILi2EEE_1, i64 0, i64 %zext_ln116" [../src/hysteresis.cpp:116->../src/canny_top.cpp:34]   --->   Operation 16 'getelementptr' 'p_ZN12_GLOBAL_N_110lineBufferILi2EEE_1_addr' <Predicate = (!icmp_ln114)> <Delay = 0.00>
ST_1 : Operation 17 [2/2] (1.23ns)   --->   "%p_ZN12_GLOBAL_N_110lineBufferILi2EEE_0_load = load i10 %p_ZN12_GLOBAL_N_110lineBufferILi2EEE_0_addr" [../src/hysteresis.cpp:116->../src/canny_top.cpp:34]   --->   Operation 17 'load' 'p_ZN12_GLOBAL_N_110lineBufferILi2EEE_0_load' <Predicate = (!icmp_ln114)> <Delay = 1.23> <CoreInst = "RAM">   --->   Core 82 'RAM' <Latency = 1> <II = 1> <Delay = 1.23> <Storage> <Opcode : 'load' 'store'> <Ports = 2> <Width = 2> <Depth = 768> <RAM>
ST_1 : Operation 18 [2/2] (1.23ns)   --->   "%p_ZN12_GLOBAL_N_110lineBufferILi2EEE_1_load = load i10 %p_ZN12_GLOBAL_N_110lineBufferILi2EEE_1_addr" [../src/hysteresis.cpp:116->../src/canny_top.cpp:34]   --->   Operation 18 'load' 'p_ZN12_GLOBAL_N_110lineBufferILi2EEE_1_load' <Predicate = (!icmp_ln114)> <Delay = 1.23> <CoreInst = "RAM">   --->   Core 82 'RAM' <Latency = 1> <II = 1> <Delay = 1.23> <Storage> <Opcode : 'load' 'store'> <Ports = 2> <Width = 2> <Depth = 768> <RAM>
ST_1 : Operation 19 [1/1] (0.77ns)   --->   "%add_ln114 = add i9 %column, i9 1" [../src/hysteresis.cpp:114->../src/canny_top.cpp:34]   --->   Operation 19 'add' 'add_ln114' <Predicate = (!icmp_ln114)> <Delay = 0.77> <CoreInst = "Adder">   --->   Core 1 'Adder' <Latency = 0> <II = 1> <Delay = 0.77> <FuncUnit> <Opcode : 'add' 'sub'> <InPorts = 2> <OutPorts = 1>
ST_1 : Operation 20 [1/1] (0.42ns)   --->   "%store_ln114 = store i9 %add_ln114, i9 %column_5" [../src/hysteresis.cpp:114->../src/canny_top.cpp:34]   --->   Operation 20 'store' 'store_ln114' <Predicate = (!icmp_ln114)> <Delay = 0.42>
ST_1 : Operation 34 [1/1] (0.42ns)   --->   "%ret_ln0 = ret"   --->   Operation 34 'ret' 'ret_ln0' <Predicate = (icmp_ln114)> <Delay = 0.42>

State 2 <SV = 1> <Delay = 3.38>
ST_2 : Operation 21 [1/1] (0.00ns)   --->   "%zext_ln114 = zext i9 %column" [../src/hysteresis.cpp:114->../src/canny_top.cpp:34]   --->   Operation 21 'zext' 'zext_ln114' <Predicate = true> <Delay = 0.00>
ST_2 : Operation 22 [1/1] (0.00ns)   --->   "%trunc_ln114 = trunc i9 %column" [../src/hysteresis.cpp:114->../src/canny_top.cpp:34]   --->   Operation 22 'trunc' 'trunc_ln114' <Predicate = true> <Delay = 0.00>
ST_2 : Operation 23 [1/1] (0.00ns)   --->   "%specpipeline_ln114 = specpipeline void @_ssdm_op_SpecPipeline, i32 4294967295, i32 0, i32 0, i32 0, i32 4294967295, void @empty_10" [../src/hysteresis.cpp:114->../src/canny_top.cpp:34]   --->   Operation 23 'specpipeline' 'specpipeline_ln114' <Predicate = true> <Delay = 0.00>
ST_2 : Operation 24 [1/1] (0.00ns)   --->   "%speclooptripcount_ln114 = speclooptripcount void @_ssdm_op_SpecLoopTripCount, i64 510, i64 510, i64 510" [../src/hysteresis.cpp:114->../src/canny_top.cpp:34]   --->   Operation 24 'speclooptripcount' 'speclooptripcount_ln114' <Predicate = true> <Delay = 0.00>
ST_2 : Operation 25 [1/1] (0.00ns)   --->   "%specloopname_ln114 = specloopname void @_ssdm_op_SpecLoopName, void @empty_16" [../src/hysteresis.cpp:114->../src/canny_top.cpp:34]   --->   Operation 25 'specloopname' 'specloopname_ln114' <Predicate = true> <Delay = 0.00>
ST_2 : Operation 26 [1/2] ( I:1.23ns O:1.23ns )   --->   "%p_ZN12_GLOBAL_N_110lineBufferILi2EEE_0_load = load i10 %p_ZN12_GLOBAL_N_110lineBufferILi2EEE_0_addr" [../src/hysteresis.cpp:116->../src/canny_top.cpp:34]   --->   Operation 26 'load' 'p_ZN12_GLOBAL_N_110lineBufferILi2EEE_0_load' <Predicate = true> <Delay = 1.23> <CoreInst = "RAM">   --->   Core 82 'RAM' <Latency = 1> <II = 1> <Delay = 1.23> <Storage> <Opcode : 'load' 'store'> <Ports = 2> <Width = 2> <Depth = 768> <RAM>
ST_2 : Operation 27 [1/2] ( I:1.23ns O:1.23ns )   --->   "%p_ZN12_GLOBAL_N_110lineBufferILi2EEE_1_load = load i10 %p_ZN12_GLOBAL_N_110lineBufferILi2EEE_1_addr" [../src/hysteresis.cpp:116->../src/canny_top.cpp:34]   --->   Operation 27 'load' 'p_ZN12_GLOBAL_N_110lineBufferILi2EEE_1_load' <Predicate = true> <Delay = 1.23> <CoreInst = "RAM">   --->   Core 82 'RAM' <Latency = 1> <II = 1> <Delay = 1.23> <Storage> <Opcode : 'load' 'store'> <Ports = 2> <Width = 2> <Depth = 768> <RAM>
ST_2 : Operation 28 [1/1] (0.17ns)   --->   "%centre = select i1 %trunc_ln114, i2 %p_ZN12_GLOBAL_N_110lineBufferILi2EEE_1_load, i2 %p_ZN12_GLOBAL_N_110lineBufferILi2EEE_0_load" [../src/hysteresis.cpp:116->../src/canny_top.cpp:34]   --->   Operation 28 'select' 'centre' <Predicate = true> <Delay = 0.17> <CoreInst = "Sel">   --->   Core 73 'Sel' <Latency = 0> <II = 1> <Delay = 0.17> <FuncUnit> <Opcode : 'select'> <InPorts = 3> <OutPorts = 1>
ST_2 : Operation 29 [1/1] (0.54ns)   --->   "%icmp_ln118 = icmp_eq  i2 %centre, i2 3" [../src/hysteresis.cpp:118->../src/canny_top.cpp:34]   --->   Operation 29 'icmp' 'icmp_ln118' <Predicate = true> <Delay = 0.54> <CoreInst = "Cmp">   --->   Core 9 'Cmp' <Latency = 0> <II = 1> <Delay = 0.54> <FuncUnit> <Opcode : 'seteq' 'setne' 'setle' 'setge' 'setlt' 'setgt'> <InPorts = 2> <OutPorts = 1>
ST_2 : Operation 30 [1/1] (0.00ns)   --->   "%out_hysteresis2_addr = getelementptr i2 %out_hysteresis2, i64 0, i64 %zext_ln114" [../src/hysteresis.cpp:119->../src/canny_top.cpp:34]   --->   Operation 30 'getelementptr' 'out_hysteresis2_addr' <Predicate = true> <Delay = 0.00>
ST_2 : Operation 31 [1/1] (0.17ns)   --->   "%select_ln120 = select i1 %icmp_ln118, i2 3, i2 0" [../src/hysteresis.cpp:120->../src/canny_top.cpp:34]   --->   Operation 31 'select' 'select_ln120' <Predicate = true> <Delay = 0.17> <CoreInst = "Sel">   --->   Core 73 'Sel' <Latency = 0> <II = 1> <Delay = 0.17> <FuncUnit> <Opcode : 'select'> <InPorts = 3> <OutPorts = 1>
ST_2 : Operation 32 [1/1] ( I:1.23ns O:1.23ns )   --->   "%store_ln119 = store i2 %select_ln120, i9 %out_hysteresis2_addr" [../src/hysteresis.cpp:119->../src/canny_top.cpp:34]   --->   Operation 32 'store' 'store_ln119' <Predicate = true> <Delay = 1.23> <CoreInst = "RAM">   --->   Core 82 'RAM' <Latency = 1> <II = 1> <Delay = 1.23> <Storage> <Opcode : 'load' 'store'> <Ports = 2> <Width = 2> <Depth = 512> <RAM>
ST_2 : Operation 33 [1/1] (0.00ns)   --->   "%br_ln114 = br void %for.body24.i" [../src/hysteresis.cpp:114->../src/canny_top.cpp:34]   --->   Operation 33 'br' 'br_ln114' <Predicate = true> <Delay = 0.00>


============================================================
+ Verbose Summary: Timing violations
============================================================
Target clock period: 5.000ns, clock uncertainty: 1.350ns.

 <State 1>: 1.664ns
The critical path consists of the following:
	'store' operation ('store_ln114', ../src/hysteresis.cpp:114->../src/canny_top.cpp:34) of constant 1 9 bit on local variable 'column', ../src/hysteresis.cpp:114->../src/canny_top.cpp:34 [7]  (0.427 ns)
	'load' operation 9 bit ('column', ../src/hysteresis.cpp:114->../src/canny_top.cpp:34) on local variable 'column', ../src/hysteresis.cpp:114->../src/canny_top.cpp:34 [10]  (0.000 ns)
	'getelementptr' operation 10 bit ('p_ZN12_GLOBAL_N_110lineBufferILi2EEE_0_addr', ../src/hysteresis.cpp:116->../src/canny_top.cpp:34) [22]  (0.000 ns)
	'load' operation 2 bit ('p_ZN12_GLOBAL_N_110lineBufferILi2EEE_0_load', ../src/hysteresis.cpp:116->../src/canny_top.cpp:34) on array 'p_ZN12_GLOBAL_N_110lineBufferILi2EEE_0' [24]  (1.237 ns)

 <State 2>: 3.380ns
The critical path consists of the following:
	'load' operation 2 bit ('p_ZN12_GLOBAL_N_110lineBufferILi2EEE_0_load', ../src/hysteresis.cpp:116->../src/canny_top.cpp:34) on array 'p_ZN12_GLOBAL_N_110lineBufferILi2EEE_0' [24]  (1.237 ns)
	'select' operation 2 bit ('centre', ../src/hysteresis.cpp:116->../src/canny_top.cpp:34) [26]  (0.179 ns)
	'icmp' operation 1 bit ('icmp_ln118', ../src/hysteresis.cpp:118->../src/canny_top.cpp:34) [27]  (0.548 ns)
	'select' operation 2 bit ('select_ln120', ../src/hysteresis.cpp:120->../src/canny_top.cpp:34) [29]  (0.179 ns)
	'store' operation ('store_ln119', ../src/hysteresis.cpp:119->../src/canny_top.cpp:34) of variable 'select_ln120', ../src/hysteresis.cpp:120->../src/canny_top.cpp:34 2 bit on array 'out_hysteresis2' [30]  (1.237 ns)


============================================================
+ Verbose Summary: Binding
============================================================
N/A
* FSMD analyzer results:
  - Output states:
 - Input state : 
  - Chain level:
	State 1
	State 2


============================================================
+ Verbose Summary: Datapath Resource usage 
============================================================
N/A
