

================================================================
== Vitis HLS Report for 'hysteresis_2_Pipeline_VITIS_LOOP_68_1'
================================================================
* Date:           Fri Jul 24 22:33:45 2026

* Version:        2025.2 (Build 6295257 on Nov 14 2025)
* Project:        canny_top
* Solution:       hls (Vitis Kernel Flow Target)
* Product family: zynquplus
* Target device:  xck26-sfvc784-2LV-c


================================================================
== Performance Estimates
================================================================
+ Timing: 
    * Summary: 
    +--------+---------+----------+------------+
    |  Clock |  Target | Estimated| Uncertainty|
    +--------+---------+----------+------------+
    |ap_clk  |  5.00 ns|  2.474 ns|     1.35 ns|
    +--------+---------+----------+------------+

+ Latency: 
    * Summary: 
    +---------+---------+----------+----------+-----+-----+-------------------+
    |  Latency (cycles) |  Latency (absolute) |  Interval |      Pipeline     |
    |   min   |   max   |    min   |    max   | min | max |        Type       |
    +---------+---------+----------+----------+-----+-----+-------------------+
    |      514|      514|  2.570 us|  2.570 us|    0|    0|  loop pipeline stp|
    +---------+---------+----------+----------+-----+-----+-------------------+

    + Detail: 
        * Instance: 
        N/A

        * Loop: 
        +-------------------+---------+---------+----------+-----------+-----------+------+----------+
        |                   |  Latency (cycles) | Iteration|  Initiation Interval  | Trip |          |
        |     Loop Name     |   min   |   max   |  Latency |  achieved |   target  | Count| Pipelined|
        +-------------------+---------+---------+----------+-----------+-----------+------+----------+
        |- VITIS_LOOP_68_1  |      512|      512|         2|          1|          1|   512|       yes|
        +-------------------+---------+---------+----------+-----------+-----------+------+----------+

============================================================
+ Verbose Summary: Synthesis Manager
============================================================
InlineROM: 1
ExposeGlobal: 0
============================================================
+ Verbose Summary: CDFG Model
============================================================
IsTopModel: 0
ResetActiveHigh: 1
IsCombinational: 0
IsDatapathOnly: 0
HasWiredReturn: 1
HasMFsm: 2
HasVarLatency: 1
IsPipeline: 0
IsRtlPipelined: 0
IsInstanceOverlapped: 0
IsDontTouch: 0
HasImplIP: 0
IsGatedGlobalClock: 0

+ Individual pipeline summary: 
  * Pipeline-0: initiation interval (II) = 1, depth = 2


============================================================
+ Verbose Summary: Schedule
============================================================
* Number of FSM states : 2
* Pipeline : 1
  Pipeline-0 : II = 1, D = 2, States = { 1 2 }
* Dataflow Pipeline: 0

* FSM state transitions: 
1 --> 2 
2 --> 

* FSM state operations: 

State 1 <SV = 0> <Delay = 2.45>
ST_1 : Operation 5 [1/1] (0.00ns)   --->   "%column = alloca i32 1" [../src/hysteresis.cpp:68->../src/canny_top.cpp:35]   --->   Operation 5 'alloca' 'column' <Predicate = true> <Delay = 0.00>
ST_1 : Operation 6 [1/1] (0.00ns)   --->   "%writeSlot_read = read i2 @_ssdm_op_Read.ap_auto.i2, i2 %writeSlot"   --->   Operation 6 'read' 'writeSlot_read' <Predicate = true> <Delay = 0.00>
ST_1 : Operation 7 [1/1] (0.42ns)   --->   "%store_ln68 = store i10 0, i10 %column" [../src/hysteresis.cpp:68->../src/canny_top.cpp:35]   --->   Operation 7 'store' 'store_ln68' <Predicate = true> <Delay = 0.42>
ST_1 : Operation 8 [1/1] (0.00ns)   --->   "%br_ln0 = br void %for.inc.i"   --->   Operation 8 'br' 'br_ln0' <Predicate = true> <Delay = 0.00>
ST_1 : Operation 9 [1/1] (0.00ns)   --->   "%column_6 = load i10 %column" [../src/hysteresis.cpp:68->../src/canny_top.cpp:35]   --->   Operation 9 'load' 'column_6' <Predicate = true> <Delay = 0.00>
ST_1 : Operation 10 [1/1] (0.78ns)   --->   "%icmp_ln68 = icmp_eq  i10 %column_6, i10 512" [../src/hysteresis.cpp:68->../src/canny_top.cpp:35]   --->   Operation 10 'icmp' 'icmp_ln68' <Predicate = true> <Delay = 0.78> <CoreInst = "Cmp">   --->   Core 9 'Cmp' <Latency = 0> <II = 1> <Delay = 0.78> <FuncUnit> <Opcode : 'seteq' 'setne' 'setle' 'setge' 'setlt' 'setgt'> <InPorts = 2> <OutPorts = 1>
ST_1 : Operation 11 [1/1] (0.78ns)   --->   "%add_ln68 = add i10 %column_6, i10 1" [../src/hysteresis.cpp:68->../src/canny_top.cpp:35]   --->   Operation 11 'add' 'add_ln68' <Predicate = true> <Delay = 0.78> <CoreInst = "Adder">   --->   Core 1 'Adder' <Latency = 0> <II = 1> <Delay = 0.78> <FuncUnit> <Opcode : 'add' 'sub'> <InPorts = 2> <OutPorts = 1>
ST_1 : Operation 12 [1/1] (0.00ns)   --->   "%br_ln68 = br i1 %icmp_ln68, void %for.inc.split.i, void %for.end.i.exitStub" [../src/hysteresis.cpp:68->../src/canny_top.cpp:35]   --->   Operation 12 'br' 'br_ln68' <Predicate = true> <Delay = 0.00>
ST_1 : Operation 13 [1/1] (0.00ns)   --->   "%zext_ln68 = zext i10 %column_6" [../src/hysteresis.cpp:68->../src/canny_top.cpp:35]   --->   Operation 13 'zext' 'zext_ln68' <Predicate = (!icmp_ln68)> <Delay = 0.00>
ST_1 : Operation 14 [1/1] (0.00ns)   --->   "%trunc_ln68 = trunc i10 %column_6" [../src/hysteresis.cpp:68->../src/canny_top.cpp:35]   --->   Operation 14 'trunc' 'trunc_ln68' <Predicate = (!icmp_ln68)> <Delay = 0.00>
ST_1 : Operation 15 [1/1] (0.00ns)   --->   "%lshr_ln = partselect i8 @_ssdm_op_PartSelect.i8.i10.i32.i32, i10 %column_6, i32 1, i32 8" [../src/hysteresis.cpp:68->../src/canny_top.cpp:35]   --->   Operation 15 'partselect' 'lshr_ln' <Predicate = (!icmp_ln68)> <Delay = 0.00>
ST_1 : Operation 16 [1/1] (0.00ns)   --->   "%out_hysteresis1_addr = getelementptr i8 %out_hysteresis1, i64 0, i64 %zext_ln68" [../src/hysteresis.cpp:69->../src/canny_top.cpp:35]   --->   Operation 16 'getelementptr' 'out_hysteresis1_addr' <Predicate = (!icmp_ln68)> <Delay = 0.00>
ST_1 : Operation 17 [2/2] (1.23ns)   --->   "%out_hysteresis1_load = load i9 %out_hysteresis1_addr" [../src/hysteresis.cpp:69->../src/canny_top.cpp:35]   --->   Operation 17 'load' 'out_hysteresis1_load' <Predicate = (!icmp_ln68)> <Delay = 1.23> <CoreInst = "RAM">   --->   Core 82 'RAM' <Latency = 1> <II = 1> <Delay = 1.23> <Storage> <Opcode : 'load' 'store'> <Ports = 2> <Width = 8> <Depth = 512> <RAM>
ST_1 : Operation 18 [1/1] (0.00ns)   --->   "%br_ln69 = br i1 %trunc_ln68, void %arrayidx43.case.0.i, void %arrayidx43.case.1.i" [../src/hysteresis.cpp:69->../src/canny_top.cpp:35]   --->   Operation 18 'br' 'br_ln69' <Predicate = (!icmp_ln68)> <Delay = 0.00>
ST_1 : Operation 19 [1/1] (0.00ns)   --->   "%out_hysteresis2_addr = getelementptr i8 %out_hysteresis2, i64 0, i64 %zext_ln68" [../src/hysteresis.cpp:70->../src/canny_top.cpp:35]   --->   Operation 19 'getelementptr' 'out_hysteresis2_addr' <Predicate = (!icmp_ln68)> <Delay = 0.00>
ST_1 : Operation 20 [1/1] ( I:1.23ns O:1.23ns )   --->   "%store_ln70 = store i8 0, i9 %out_hysteresis2_addr" [../src/hysteresis.cpp:70->../src/canny_top.cpp:35]   --->   Operation 20 'store' 'store_ln70' <Predicate = (!icmp_ln68)> <Delay = 1.23> <CoreInst = "RAM">   --->   Core 82 'RAM' <Latency = 1> <II = 1> <Delay = 1.23> <Storage> <Opcode : 'load' 'store'> <Ports = 2> <Width = 8> <Depth = 512> <RAM>
ST_1 : Operation 21 [1/1] (0.42ns)   --->   "%store_ln68 = store i10 %add_ln68, i10 %column" [../src/hysteresis.cpp:68->../src/canny_top.cpp:35]   --->   Operation 21 'store' 'store_ln68' <Predicate = (!icmp_ln68)> <Delay = 0.42>
ST_1 : Operation 22 [1/1] (0.00ns)   --->   "%br_ln68 = br void %for.inc.i" [../src/hysteresis.cpp:68->../src/canny_top.cpp:35]   --->   Operation 22 'br' 'br_ln68' <Predicate = (!icmp_ln68)> <Delay = 0.00>
ST_1 : Operation 35 [1/1] (0.42ns)   --->   "%ret_ln0 = ret"   --->   Operation 35 'ret' 'ret_ln0' <Predicate = (icmp_ln68)> <Delay = 0.42>

State 2 <SV = 1> <Delay = 2.47>
ST_2 : Operation 23 [1/1] (0.00ns)   --->   "%specpipeline_ln68 = specpipeline void @_ssdm_op_SpecPipeline, i32 4294967295, i32 0, i32 0, i32 0, i32 4294967295, void @empty_22" [../src/hysteresis.cpp:68->../src/canny_top.cpp:35]   --->   Operation 23 'specpipeline' 'specpipeline_ln68' <Predicate = true> <Delay = 0.00>
ST_2 : Operation 24 [1/1] (0.00ns)   --->   "%speclooptripcount_ln68 = speclooptripcount void @_ssdm_op_SpecLoopTripCount, i64 512, i64 512, i64 512" [../src/hysteresis.cpp:68->../src/canny_top.cpp:35]   --->   Operation 24 'speclooptripcount' 'speclooptripcount_ln68' <Predicate = true> <Delay = 0.00>
ST_2 : Operation 25 [1/1] (0.00ns)   --->   "%specloopname_ln68 = specloopname void @_ssdm_op_SpecLoopName, void @empty_14" [../src/hysteresis.cpp:68->../src/canny_top.cpp:35]   --->   Operation 25 'specloopname' 'specloopname_ln68' <Predicate = true> <Delay = 0.00>
ST_2 : Operation 26 [1/1] (0.00ns)   --->   "%tmp_s = bitconcatenate i10 @_ssdm_op_BitConcatenate.i10.i2.i8, i2 %writeSlot_read, i8 %lshr_ln" [../src/hysteresis.cpp:69->../src/canny_top.cpp:35]   --->   Operation 26 'bitconcatenate' 'tmp_s' <Predicate = true> <Delay = 0.00>
ST_2 : Operation 27 [1/1] (0.00ns)   --->   "%zext_ln69 = zext i10 %tmp_s" [../src/hysteresis.cpp:69->../src/canny_top.cpp:35]   --->   Operation 27 'zext' 'zext_ln69' <Predicate = true> <Delay = 0.00>
ST_2 : Operation 28 [1/1] (0.00ns)   --->   "%p_ZN12_GLOBAL_N_110lineBufferILi2EEE_0_addr = getelementptr i8 %p_ZN12_GLOBAL_N_110lineBufferILi2EEE_0, i64 0, i64 %zext_ln69" [../src/hysteresis.cpp:69->../src/canny_top.cpp:35]   --->   Operation 28 'getelementptr' 'p_ZN12_GLOBAL_N_110lineBufferILi2EEE_0_addr' <Predicate = true> <Delay = 0.00>
ST_2 : Operation 29 [1/1] (0.00ns)   --->   "%p_ZN12_GLOBAL_N_110lineBufferILi2EEE_1_addr = getelementptr i8 %p_ZN12_GLOBAL_N_110lineBufferILi2EEE_1, i64 0, i64 %zext_ln69" [../src/hysteresis.cpp:69->../src/canny_top.cpp:35]   --->   Operation 29 'getelementptr' 'p_ZN12_GLOBAL_N_110lineBufferILi2EEE_1_addr' <Predicate = true> <Delay = 0.00>
ST_2 : Operation 30 [1/2] ( I:1.23ns O:1.23ns )   --->   "%out_hysteresis1_load = load i9 %out_hysteresis1_addr" [../src/hysteresis.cpp:69->../src/canny_top.cpp:35]   --->   Operation 30 'load' 'out_hysteresis1_load' <Predicate = true> <Delay = 1.23> <CoreInst = "RAM">   --->   Core 82 'RAM' <Latency = 1> <II = 1> <Delay = 1.23> <Storage> <Opcode : 'load' 'store'> <Ports = 2> <Width = 8> <Depth = 512> <RAM>
ST_2 : Operation 31 [1/1] ( I:1.23ns O:1.23ns )   --->   "%store_ln69 = store i8 %out_hysteresis1_load, i10 %p_ZN12_GLOBAL_N_110lineBufferILi2EEE_0_addr" [../src/hysteresis.cpp:69->../src/canny_top.cpp:35]   --->   Operation 31 'store' 'store_ln69' <Predicate = (!trunc_ln68)> <Delay = 1.23> <CoreInst = "RAM">   --->   Core 82 'RAM' <Latency = 1> <II = 1> <Delay = 1.23> <Storage> <Opcode : 'load' 'store'> <Ports = 2> <Width = 8> <Depth = 768> <RAM>
ST_2 : Operation 32 [1/1] (0.00ns)   --->   "%br_ln69 = br void %arrayidx43.exit.i" [../src/hysteresis.cpp:69->../src/canny_top.cpp:35]   --->   Operation 32 'br' 'br_ln69' <Predicate = (!trunc_ln68)> <Delay = 0.00>
ST_2 : Operation 33 [1/1] ( I:1.23ns O:1.23ns )   --->   "%store_ln69 = store i8 %out_hysteresis1_load, i10 %p_ZN12_GLOBAL_N_110lineBufferILi2EEE_1_addr" [../src/hysteresis.cpp:69->../src/canny_top.cpp:35]   --->   Operation 33 'store' 'store_ln69' <Predicate = (trunc_ln68)> <Delay = 1.23> <CoreInst = "RAM">   --->   Core 82 'RAM' <Latency = 1> <II = 1> <Delay = 1.23> <Storage> <Opcode : 'load' 'store'> <Ports = 2> <Width = 8> <Depth = 768> <RAM>
ST_2 : Operation 34 [1/1] (0.00ns)   --->   "%br_ln69 = br void %arrayidx43.exit.i" [../src/hysteresis.cpp:69->../src/canny_top.cpp:35]   --->   Operation 34 'br' 'br_ln69' <Predicate = (trunc_ln68)> <Delay = 0.00>


============================================================
+ Verbose Summary: Timing violations
============================================================
Target clock period: 5.000ns, clock uncertainty: 1.350ns.

 <State 1>: 2.451ns
The critical path consists of the following:
	'store' operation ('store_ln68', ../src/hysteresis.cpp:68->../src/canny_top.cpp:35) of constant 0 10 bit on local variable 'column', ../src/hysteresis.cpp:68->../src/canny_top.cpp:35 [8]  (0.427 ns)
	'load' operation 10 bit ('column', ../src/hysteresis.cpp:68->../src/canny_top.cpp:35) on local variable 'column', ../src/hysteresis.cpp:68->../src/canny_top.cpp:35 [11]  (0.000 ns)
	'icmp' operation 1 bit ('icmp_ln68', ../src/hysteresis.cpp:68->../src/canny_top.cpp:35) [12]  (0.787 ns)
	'store' operation ('store_ln70', ../src/hysteresis.cpp:70->../src/canny_top.cpp:35) of constant 0 8 bit on array 'out_hysteresis2' [37]  (1.237 ns)

 <State 2>: 2.474ns
The critical path consists of the following:
	'load' operation 8 bit ('out_hysteresis1_load', ../src/hysteresis.cpp:69->../src/canny_top.cpp:35) on array 'out_hysteresis1' [27]  (1.237 ns)
	'store' operation ('store_ln69', ../src/hysteresis.cpp:69->../src/canny_top.cpp:35) of variable 'out_hysteresis1_load', ../src/hysteresis.cpp:69->../src/canny_top.cpp:35 8 bit on array 'p_ZN12_GLOBAL_N_110lineBufferILi2EEE_0' [30]  (1.237 ns)


============================================================
+ Verbose Summary: Binding
============================================================
N/A
* FSMD analyzer results:
  - Output states:
 - Input state : 
  - Chain level:
	State 1
	State 2


============================================================
+ Verbose Summary: Datapath Resource usage 
============================================================
N/A
