

================================================================
== Vitis HLS Report for 'hysteresis_3_s'
================================================================
* Date:           Sat Aug  1 17:30:25 2026

* Version:        2025.2 (Build 6295257 on Nov 14 2025)
* Project:        canny_top
* Solution:       hls (Vitis Kernel Flow Target)
* Product family: zynquplus
* Target device:  xck26-sfvc784-2LV-c


================================================================
== Performance Estimates
================================================================
+ Timing: 
    * Summary: 
    +--------+---------+----------+------------+
    |  Clock |  Target | Estimated| Uncertainty|
    +--------+---------+----------+------------+
    |ap_clk  |  5.00 ns|  3.641 ns|     1.35 ns|
    +--------+---------+----------+------------+

+ Latency: 
    * Summary: 
    +---------+---------+----------+----------+------+--------+---------+
    |  Latency (cycles) |  Latency (absolute) |    Interval   | Pipeline|
    |   min   |   max   |    min   |    max   |  min |   max  |   Type  |
    +---------+---------+----------+----------+------+--------+---------+
    |     1444|   625782|  7.220 us|  3.129 ms|  1444|  625782|       no|
    +---------+---------+----------+----------+------+--------+---------+

    + Detail: 
        * Instance: 
        +---------------------------------------------------+----------------------------------------+---------+---------+----------+----------+-----+-----+-------------------+
        |                                                   |                                        |  Latency (cycles) |  Latency (absolute) |  Interval |      Pipeline     |
        |                      Instance                     |                 Module                 |   min   |   max   |    min   |    max   | min | max |        Type       |
        +---------------------------------------------------+----------------------------------------+---------+---------+----------+----------+-----+-----+-------------------+
        |grp_hysteresis_3_Pipeline_VITIS_LOOP_78_2_fu_169   |hysteresis_3_Pipeline_VITIS_LOOP_78_2   |      642|      642|  3.210 us|  3.210 us|    0|    0|  loop pipeline stp|
        |grp_hysteresis_3_Pipeline_VITIS_LOOP_143_5_fu_179  |hysteresis_3_Pipeline_VITIS_LOOP_143_5  |      643|      643|  3.215 us|  3.215 us|    0|    0|  loop pipeline stp|
        +---------------------------------------------------+----------------------------------------+---------+---------+----------+----------+-----+-----+-------------------+

        * Loop: 
        +-------------------+---------+---------+----------+-----------+-----------+------+----------+
        |                   |  Latency (cycles) | Iteration|  Initiation Interval  | Trip |          |
        |     Loop Name     |   min   |   max   |  Latency |  achieved |   target  | Count| Pipelined|
        +-------------------+---------+---------+----------+-----------+-----------+------+----------+
        |- VITIS_LOOP_74_1  |     1443|   625781|  3 ~ 1301|          -|          -|   481|        no|
        +-------------------+---------+---------+----------+-----------+-----------+------+----------+

============================================================
+ Verbose Summary: Synthesis Manager
============================================================
InlineROM: 1
ExposeGlobal: 0
============================================================
+ Verbose Summary: CDFG Model
============================================================
IsTopModel: 0
ResetActiveHigh: 1
IsCombinational: 2
IsDatapathOnly: 0
HasWiredReturn: 1
HasMFsm: 0
HasVarLatency: 1
IsPipeline: 0
IsRtlPipelined: 0
IsInstanceOverlapped: 0
IsDontTouch: 0
HasImplIP: 0
IsGatedGlobalClock: 0


============================================================
+ Verbose Summary: Schedule
============================================================
* Number of FSM states : 17
* Pipeline : 0
* Dataflow Pipeline: 0

* FSM state transitions: 
1 --> 2 
2 --> 3 
3 --> 4 17 
4 --> 5 
5 --> 6 
6 --> 7 
7 --> 8 
8 --> 9 
9 --> 10 
10 --> 11 
11 --> 12 
12 --> 13 
13 --> 14 
14 --> 15 
15 --> 16 
16 --> 17 
17 --> 2 

* FSM state operations: 

State 1 <SV = 0> <Delay = 1.23>
ST_1 : Operation 18 [1/1] (0.00ns)   --->   "%phi_urem69 = alloca i32 1"   --->   Operation 18 'alloca' 'phi_urem69' <Predicate = true> <Delay = 0.00>
ST_1 : Operation 19 [1/1] (0.00ns)   --->   "%phi_urem = alloca i32 1"   --->   Operation 19 'alloca' 'phi_urem' <Predicate = true> <Delay = 0.00>
ST_1 : Operation 20 [1/1] (0.00ns)   --->   "%row_4 = alloca i32 1" [../src/hysteresis.cpp:10->../src/hysteresis.cpp:114]   --->   Operation 20 'alloca' 'row_4' <Predicate = true> <Delay = 0.00>
ST_1 : Operation 21 [1/1] (0.00ns)   --->   "%specinterface_ln0 = specinterface void @_ssdm_op_SpecInterface, i8 %hyst3_out, void @empty_10, i32 0, i32 0, void @empty_4, i32 0, i32 0, void @empty_4, void @empty_4, void @empty_4, i32 0, i32 0, i32 0, i32 0, void @empty_4, void @empty_4, i32 4294967295, i32 0, i32 0, i32 0"   --->   Operation 21 'specinterface' 'specinterface_ln0' <Predicate = true> <Delay = 0.00>
ST_1 : Operation 22 [1/1] (0.00ns)   --->   "%specinterface_ln0 = specinterface void @_ssdm_op_SpecInterface, i8 %hyst2_out, void @empty_10, i32 0, i32 0, void @empty_4, i32 0, i32 0, void @empty_4, void @empty_4, void @empty_4, i32 0, i32 0, i32 0, i32 0, void @empty_4, void @empty_4, i32 4294967295, i32 0, i32 0, i32 0"   --->   Operation 22 'specinterface' 'specinterface_ln0' <Predicate = true> <Delay = 0.00>
ST_1 : Operation 23 [1/1] (1.23ns)   --->   "%buffer = alloca i64 1" [../src/hysteresis.cpp:69]   --->   Operation 23 'alloca' 'buffer' <Predicate = true> <Delay = 1.23> <CoreInst = "RAM">   --->   Core 82 'RAM' <Latency = 1> <II = 1> <Delay = 1.23> <Storage> <Opcode : 'load' 'store'> <Ports = 2> <Width = 8> <Depth = 640> <RAM>
ST_1 : Operation 24 [1/1] (1.23ns)   --->   "%buffer_1 = alloca i64 1" [../src/hysteresis.cpp:69]   --->   Operation 24 'alloca' 'buffer_1' <Predicate = true> <Delay = 1.23> <CoreInst = "RAM">   --->   Core 82 'RAM' <Latency = 1> <II = 1> <Delay = 1.23> <Storage> <Opcode : 'load' 'store'> <Ports = 2> <Width = 8> <Depth = 640> <RAM>
ST_1 : Operation 25 [1/1] (1.23ns)   --->   "%buffer_2 = alloca i64 1" [../src/hysteresis.cpp:69]   --->   Operation 25 'alloca' 'buffer_2' <Predicate = true> <Delay = 1.23> <CoreInst = "RAM">   --->   Core 82 'RAM' <Latency = 1> <II = 1> <Delay = 1.23> <Storage> <Opcode : 'load' 'store'> <Ports = 2> <Width = 8> <Depth = 640> <RAM>
ST_1 : Operation 26 [1/1] (0.00ns)   --->   "%buffer_addr = getelementptr i8 %buffer, i64 0, i64 0" [../src/hysteresis.cpp:139]   --->   Operation 26 'getelementptr' 'buffer_addr' <Predicate = true> <Delay = 0.00>
ST_1 : Operation 27 [1/1] (0.00ns)   --->   "%buffer_1_addr = getelementptr i8 %buffer_1, i64 0, i64 0" [../src/hysteresis.cpp:139]   --->   Operation 27 'getelementptr' 'buffer_1_addr' <Predicate = true> <Delay = 0.00>
ST_1 : Operation 28 [1/1] (0.00ns)   --->   "%buffer_2_addr = getelementptr i8 %buffer_2, i64 0, i64 0" [../src/hysteresis.cpp:139]   --->   Operation 28 'getelementptr' 'buffer_2_addr' <Predicate = true> <Delay = 0.00>
ST_1 : Operation 29 [1/1] (0.00ns)   --->   "%buffer_addr_2 = getelementptr i8 %buffer, i64 0, i64 1" [../src/hysteresis.cpp:139]   --->   Operation 29 'getelementptr' 'buffer_addr_2' <Predicate = true> <Delay = 0.00>
ST_1 : Operation 30 [1/1] (0.00ns)   --->   "%buffer_1_addr_1 = getelementptr i8 %buffer_1, i64 0, i64 1" [../src/hysteresis.cpp:139]   --->   Operation 30 'getelementptr' 'buffer_1_addr_1' <Predicate = true> <Delay = 0.00>
ST_1 : Operation 31 [1/1] (0.00ns)   --->   "%buffer_2_addr_1 = getelementptr i8 %buffer_2, i64 0, i64 1" [../src/hysteresis.cpp:139]   --->   Operation 31 'getelementptr' 'buffer_2_addr_1' <Predicate = true> <Delay = 0.00>
ST_1 : Operation 32 [1/1] (0.42ns)   --->   "%store_ln10 = store i9 0, i9 %row_4" [../src/hysteresis.cpp:10->../src/hysteresis.cpp:114]   --->   Operation 32 'store' 'store_ln10' <Predicate = true> <Delay = 0.42>
ST_1 : Operation 33 [1/1] (0.42ns)   --->   "%store_ln0 = store i9 0, i9 %phi_urem"   --->   Operation 33 'store' 'store_ln0' <Predicate = true> <Delay = 0.42>
ST_1 : Operation 34 [1/1] (0.42ns)   --->   "%store_ln0 = store i9 0, i9 %phi_urem69"   --->   Operation 34 'store' 'store_ln0' <Predicate = true> <Delay = 0.42>
ST_1 : Operation 35 [1/1] (0.00ns)   --->   "%br_ln74 = br void %for.body" [../src/hysteresis.cpp:74]   --->   Operation 35 'br' 'br_ln74' <Predicate = true> <Delay = 0.00>

State 2 <SV = 1> <Delay = 1.32>
ST_2 : Operation 36 [1/1] (0.00ns)   --->   "%row_5 = load i9 %row_4" [../src/hysteresis.cpp:83]   --->   Operation 36 'load' 'row_5' <Predicate = true> <Delay = 0.00>
ST_2 : Operation 37 [1/1] (0.77ns)   --->   "%icmp_ln74 = icmp_eq  i9 %row_5, i9 481" [../src/hysteresis.cpp:74]   --->   Operation 37 'icmp' 'icmp_ln74' <Predicate = true> <Delay = 0.77> <CoreInst = "Cmp">   --->   Core 9 'Cmp' <Latency = 0> <II = 1> <Delay = 0.77> <FuncUnit> <Opcode : 'seteq' 'setne' 'setle' 'setge' 'setlt' 'setgt'> <InPorts = 2> <OutPorts = 1>
ST_2 : Operation 38 [1/1] (0.00ns)   --->   "%speclooptripcount_ln0 = speclooptripcount void @_ssdm_op_SpecLoopTripCount, i64 481, i64 481, i64 481"   --->   Operation 38 'speclooptripcount' 'speclooptripcount_ln0' <Predicate = true> <Delay = 0.00>
ST_2 : Operation 39 [1/1] (0.77ns)   --->   "%rowsReceived = add i9 %row_5, i9 1" [../src/hysteresis.cpp:83]   --->   Operation 39 'add' 'rowsReceived' <Predicate = true> <Delay = 0.77> <CoreInst = "Adder">   --->   Core 1 'Adder' <Latency = 0> <II = 1> <Delay = 0.77> <FuncUnit> <Opcode : 'add' 'sub'> <InPorts = 2> <OutPorts = 1>
ST_2 : Operation 40 [1/1] (0.00ns)   --->   "%br_ln74 = br i1 %icmp_ln74, void %for.body.split, void %for.end119" [../src/hysteresis.cpp:74]   --->   Operation 40 'br' 'br_ln74' <Predicate = true> <Delay = 0.00>
ST_2 : Operation 41 [1/1] (0.00ns)   --->   "%zext_ln74 = zext i9 %row_5" [../src/hysteresis.cpp:74]   --->   Operation 41 'zext' 'zext_ln74' <Predicate = (!icmp_ln74)> <Delay = 0.00>
ST_2 : Operation 42 [1/1] (0.00ns)   --->   "%specloopname_ln74 = specloopname void @_ssdm_op_SpecLoopName, void @empty_20" [../src/hysteresis.cpp:74]   --->   Operation 42 'specloopname' 'specloopname_ln74' <Predicate = (!icmp_ln74)> <Delay = 0.00>
ST_2 : Operation 43 [1/1] (0.77ns)   --->   "%icmp_ln75 = icmp_ult  i9 %row_5, i9 480" [../src/hysteresis.cpp:75]   --->   Operation 43 'icmp' 'icmp_ln75' <Predicate = (!icmp_ln74)> <Delay = 0.77> <CoreInst = "Cmp">   --->   Core 9 'Cmp' <Latency = 0> <II = 1> <Delay = 0.77> <FuncUnit> <Opcode : 'seteq' 'setne' 'setle' 'setge' 'setlt' 'setgt'> <InPorts = 2> <OutPorts = 1>
ST_2 : Operation 44 [1/1] (0.00ns)   --->   "%br_ln75 = br i1 %icmp_ln75, void %if.end, void %VITIS_LOOP_78_2" [../src/hysteresis.cpp:75]   --->   Operation 44 'br' 'br_ln75' <Predicate = (!icmp_ln74)> <Delay = 0.00>
ST_2 : Operation 45 [1/1] (0.00ns)   --->   "%phi_urem_load81 = load i9 %phi_urem" [../src/hysteresis.cpp:80]   --->   Operation 45 'load' 'phi_urem_load81' <Predicate = (!icmp_ln74 & icmp_ln75)> <Delay = 0.00>
ST_2 : Operation 46 [1/1] (0.00ns)   --->   "%trunc_ln80 = trunc i9 %phi_urem_load81" [../src/hysteresis.cpp:80]   --->   Operation 46 'trunc' 'trunc_ln80' <Predicate = (!icmp_ln74 & icmp_ln75)> <Delay = 0.00>
ST_2 : Operation 47 [2/2] (0.54ns)   --->   "%call_ln80 = call void @hysteresis<3>_Pipeline_VITIS_LOOP_78_2, i8 %buffer_2, i8 %buffer_1, i8 %buffer, i8 %hyst2_out, i2 %trunc_ln80" [../src/hysteresis.cpp:80]   --->   Operation 47 'call' 'call_ln80' <Predicate = (!icmp_ln74 & icmp_ln75)> <Delay = 0.54> <CoreType = "Generic">   --->   Generic Core
ST_2 : Operation 48 [1/1] (0.00ns)   --->   "%ret_ln195 = ret" [../src/hysteresis.cpp:195]   --->   Operation 48 'ret' 'ret_ln195' <Predicate = (icmp_ln74)> <Delay = 0.00>

State 3 <SV = 2> <Delay = 2.17>
ST_3 : Operation 49 [1/2] (1.64ns)   --->   "%call_ln80 = call void @hysteresis<3>_Pipeline_VITIS_LOOP_78_2, i8 %buffer_2, i8 %buffer_1, i8 %buffer, i8 %hyst2_out, i2 %trunc_ln80" [../src/hysteresis.cpp:80]   --->   Operation 49 'call' 'call_ln80' <Predicate = (icmp_ln75)> <Delay = 1.64> <CoreType = "Generic">   --->   Generic Core
ST_3 : Operation 50 [1/1] (0.00ns)   --->   "%br_ln0 = br void %if.end"   --->   Operation 50 'br' 'br_ln0' <Predicate = (icmp_ln75)> <Delay = 0.00>
ST_3 : Operation 51 [1/1] (0.77ns)   --->   "%outputRow = add i10 %zext_ln74, i10 1023" [../src/hysteresis.cpp:85]   --->   Operation 51 'add' 'outputRow' <Predicate = true> <Delay = 0.77> <CoreInst = "Adder">   --->   Core 1 'Adder' <Latency = 0> <II = 1> <Delay = 0.77> <FuncUnit> <Opcode : 'add' 'sub'> <InPorts = 2> <OutPorts = 1>
ST_3 : Operation 52 [1/1] (0.00ns)   --->   "%tmp_27 = bitselect i1 @_ssdm_op_BitSelect.i1.i10.i32, i10 %outputRow, i32 9" [../src/hysteresis.cpp:87]   --->   Operation 52 'bitselect' 'tmp_27' <Predicate = true> <Delay = 0.00>
ST_3 : Operation 53 [1/1] (0.00ns)   --->   "%br_ln87 = br i1 %tmp_27, void %VITIS_LOOP_129_3, void %cleanup" [../src/hysteresis.cpp:87]   --->   Operation 53 'br' 'br_ln87' <Predicate = true> <Delay = 0.00>
ST_3 : Operation 54 [1/1] (0.78ns)   --->   "%hasTop = icmp_sgt  i10 %outputRow, i10 0" [../src/hysteresis.cpp:91]   --->   Operation 54 'icmp' 'hasTop' <Predicate = (!tmp_27)> <Delay = 0.78> <CoreInst = "Cmp">   --->   Core 9 'Cmp' <Latency = 0> <II = 1> <Delay = 0.78> <FuncUnit> <Opcode : 'seteq' 'setne' 'setle' 'setge' 'setlt' 'setgt'> <InPorts = 2> <OutPorts = 1>
ST_3 : Operation 55 [1/1] (0.78ns)   --->   "%hasBottom = icmp_slt  i10 %outputRow, i10 479" [../src/hysteresis.cpp:92]   --->   Operation 55 'icmp' 'hasBottom' <Predicate = (!tmp_27)> <Delay = 0.78> <CoreInst = "Cmp">   --->   Core 9 'Cmp' <Latency = 0> <II = 1> <Delay = 0.78> <FuncUnit> <Opcode : 'seteq' 'setne' 'setle' 'setge' 'setlt' 'setgt'> <InPorts = 2> <OutPorts = 1>
ST_3 : Operation 56 [1/1] (0.77ns)   --->   "%add_ln103 = add i10 %zext_ln74, i10 1022" [../src/hysteresis.cpp:103]   --->   Operation 56 'add' 'add_ln103' <Predicate = (!tmp_27)> <Delay = 0.77> <CoreInst = "Adder">   --->   Core 1 'Adder' <Latency = 0> <II = 1> <Delay = 0.77> <FuncUnit> <Opcode : 'add' 'sub'> <InPorts = 2> <OutPorts = 1>
ST_3 : Operation 57 [14/14] (1.39ns)   --->   "%result = srem i10 %add_ln103, i10 3" [../src/hysteresis.cpp:11->../src/hysteresis.cpp:102]   --->   Operation 57 'srem' 'result' <Predicate = (!tmp_27)> <Delay = 1.39> <CoreInst = "DivnS_SEQ">   --->   Core 7 'DivnS_SEQ' <Latency = 13> <II = 10> <Delay = 1.39> <FuncUnit> <Opcode : 'udiv' 'sdiv' 'urem' 'srem'> <InPorts = 2> <OutPorts = 1>

State 4 <SV = 3> <Delay = 1.39>
ST_4 : Operation 58 [13/14] (1.39ns)   --->   "%result = srem i10 %add_ln103, i10 3" [../src/hysteresis.cpp:11->../src/hysteresis.cpp:102]   --->   Operation 58 'srem' 'result' <Predicate = true> <Delay = 1.39> <CoreInst = "DivnS_SEQ">   --->   Core 7 'DivnS_SEQ' <Latency = 13> <II = 10> <Delay = 1.39> <FuncUnit> <Opcode : 'udiv' 'sdiv' 'urem' 'srem'> <InPorts = 2> <OutPorts = 1>
ST_4 : Operation 59 [2/2] (1.23ns)   --->   "%buffer_load = load i10 %buffer_addr" [../src/hysteresis.cpp:139]   --->   Operation 59 'load' 'buffer_load' <Predicate = true> <Delay = 1.23> <CoreInst = "RAM">   --->   Core 82 'RAM' <Latency = 1> <II = 1> <Delay = 1.23> <Storage> <Opcode : 'load' 'store'> <Ports = 2> <Width = 8> <Depth = 640> <RAM>
ST_4 : Operation 60 [2/2] (1.23ns)   --->   "%buffer_1_load = load i10 %buffer_1_addr" [../src/hysteresis.cpp:139]   --->   Operation 60 'load' 'buffer_1_load' <Predicate = true> <Delay = 1.23> <CoreInst = "RAM">   --->   Core 82 'RAM' <Latency = 1> <II = 1> <Delay = 1.23> <Storage> <Opcode : 'load' 'store'> <Ports = 2> <Width = 8> <Depth = 640> <RAM>
ST_4 : Operation 61 [2/2] (1.23ns)   --->   "%buffer_2_load = load i10 %buffer_2_addr" [../src/hysteresis.cpp:139]   --->   Operation 61 'load' 'buffer_2_load' <Predicate = true> <Delay = 1.23> <CoreInst = "RAM">   --->   Core 82 'RAM' <Latency = 1> <II = 1> <Delay = 1.23> <Storage> <Opcode : 'load' 'store'> <Ports = 2> <Width = 8> <Depth = 640> <RAM>
ST_4 : Operation 62 [2/2] (1.23ns)   --->   "%buffer_load_2 = load i10 %buffer_addr_2" [../src/hysteresis.cpp:139]   --->   Operation 62 'load' 'buffer_load_2' <Predicate = true> <Delay = 1.23> <CoreInst = "RAM">   --->   Core 82 'RAM' <Latency = 1> <II = 1> <Delay = 1.23> <Storage> <Opcode : 'load' 'store'> <Ports = 2> <Width = 8> <Depth = 640> <RAM>
ST_4 : Operation 63 [2/2] (1.23ns)   --->   "%buffer_1_load_1 = load i10 %buffer_1_addr_1" [../src/hysteresis.cpp:139]   --->   Operation 63 'load' 'buffer_1_load_1' <Predicate = true> <Delay = 1.23> <CoreInst = "RAM">   --->   Core 82 'RAM' <Latency = 1> <II = 1> <Delay = 1.23> <Storage> <Opcode : 'load' 'store'> <Ports = 2> <Width = 8> <Depth = 640> <RAM>
ST_4 : Operation 64 [2/2] (1.23ns)   --->   "%buffer_2_load_1 = load i10 %buffer_2_addr_1" [../src/hysteresis.cpp:139]   --->   Operation 64 'load' 'buffer_2_load_1' <Predicate = true> <Delay = 1.23> <CoreInst = "RAM">   --->   Core 82 'RAM' <Latency = 1> <II = 1> <Delay = 1.23> <Storage> <Opcode : 'load' 'store'> <Ports = 2> <Width = 8> <Depth = 640> <RAM>

State 5 <SV = 4> <Delay = 1.39>
ST_5 : Operation 65 [12/14] (1.39ns)   --->   "%result = srem i10 %add_ln103, i10 3" [../src/hysteresis.cpp:11->../src/hysteresis.cpp:102]   --->   Operation 65 'srem' 'result' <Predicate = true> <Delay = 1.39> <CoreInst = "DivnS_SEQ">   --->   Core 7 'DivnS_SEQ' <Latency = 13> <II = 10> <Delay = 1.39> <FuncUnit> <Opcode : 'udiv' 'sdiv' 'urem' 'srem'> <InPorts = 2> <OutPorts = 1>
ST_5 : Operation 66 [1/2] ( I:1.23ns O:1.23ns )   --->   "%buffer_load = load i10 %buffer_addr" [../src/hysteresis.cpp:139]   --->   Operation 66 'load' 'buffer_load' <Predicate = true> <Delay = 1.23> <CoreInst = "RAM">   --->   Core 82 'RAM' <Latency = 1> <II = 1> <Delay = 1.23> <Storage> <Opcode : 'load' 'store'> <Ports = 2> <Width = 8> <Depth = 640> <RAM>
ST_5 : Operation 67 [1/2] ( I:1.23ns O:1.23ns )   --->   "%buffer_1_load = load i10 %buffer_1_addr" [../src/hysteresis.cpp:139]   --->   Operation 67 'load' 'buffer_1_load' <Predicate = true> <Delay = 1.23> <CoreInst = "RAM">   --->   Core 82 'RAM' <Latency = 1> <II = 1> <Delay = 1.23> <Storage> <Opcode : 'load' 'store'> <Ports = 2> <Width = 8> <Depth = 640> <RAM>
ST_5 : Operation 68 [1/2] ( I:1.23ns O:1.23ns )   --->   "%buffer_2_load = load i10 %buffer_2_addr" [../src/hysteresis.cpp:139]   --->   Operation 68 'load' 'buffer_2_load' <Predicate = true> <Delay = 1.23> <CoreInst = "RAM">   --->   Core 82 'RAM' <Latency = 1> <II = 1> <Delay = 1.23> <Storage> <Opcode : 'load' 'store'> <Ports = 2> <Width = 8> <Depth = 640> <RAM>
ST_5 : Operation 69 [1/2] ( I:1.23ns O:1.23ns )   --->   "%buffer_load_2 = load i10 %buffer_addr_2" [../src/hysteresis.cpp:139]   --->   Operation 69 'load' 'buffer_load_2' <Predicate = true> <Delay = 1.23> <CoreInst = "RAM">   --->   Core 82 'RAM' <Latency = 1> <II = 1> <Delay = 1.23> <Storage> <Opcode : 'load' 'store'> <Ports = 2> <Width = 8> <Depth = 640> <RAM>
ST_5 : Operation 70 [1/2] ( I:1.23ns O:1.23ns )   --->   "%buffer_1_load_1 = load i10 %buffer_1_addr_1" [../src/hysteresis.cpp:139]   --->   Operation 70 'load' 'buffer_1_load_1' <Predicate = true> <Delay = 1.23> <CoreInst = "RAM">   --->   Core 82 'RAM' <Latency = 1> <II = 1> <Delay = 1.23> <Storage> <Opcode : 'load' 'store'> <Ports = 2> <Width = 8> <Depth = 640> <RAM>
ST_5 : Operation 71 [1/2] ( I:1.23ns O:1.23ns )   --->   "%buffer_2_load_1 = load i10 %buffer_2_addr_1" [../src/hysteresis.cpp:139]   --->   Operation 71 'load' 'buffer_2_load_1' <Predicate = true> <Delay = 1.23> <CoreInst = "RAM">   --->   Core 82 'RAM' <Latency = 1> <II = 1> <Delay = 1.23> <Storage> <Opcode : 'load' 'store'> <Ports = 2> <Width = 8> <Depth = 640> <RAM>

State 6 <SV = 5> <Delay = 1.39>
ST_6 : Operation 72 [11/14] (1.39ns)   --->   "%result = srem i10 %add_ln103, i10 3" [../src/hysteresis.cpp:11->../src/hysteresis.cpp:102]   --->   Operation 72 'srem' 'result' <Predicate = true> <Delay = 1.39> <CoreInst = "DivnS_SEQ">   --->   Core 7 'DivnS_SEQ' <Latency = 13> <II = 10> <Delay = 1.39> <FuncUnit> <Opcode : 'udiv' 'sdiv' 'urem' 'srem'> <InPorts = 2> <OutPorts = 1>

State 7 <SV = 6> <Delay = 1.39>
ST_7 : Operation 73 [10/14] (1.39ns)   --->   "%result = srem i10 %add_ln103, i10 3" [../src/hysteresis.cpp:11->../src/hysteresis.cpp:102]   --->   Operation 73 'srem' 'result' <Predicate = true> <Delay = 1.39> <CoreInst = "DivnS_SEQ">   --->   Core 7 'DivnS_SEQ' <Latency = 13> <II = 10> <Delay = 1.39> <FuncUnit> <Opcode : 'udiv' 'sdiv' 'urem' 'srem'> <InPorts = 2> <OutPorts = 1>

State 8 <SV = 7> <Delay = 1.39>
ST_8 : Operation 74 [9/14] (1.39ns)   --->   "%result = srem i10 %add_ln103, i10 3" [../src/hysteresis.cpp:11->../src/hysteresis.cpp:102]   --->   Operation 74 'srem' 'result' <Predicate = true> <Delay = 1.39> <CoreInst = "DivnS_SEQ">   --->   Core 7 'DivnS_SEQ' <Latency = 13> <II = 10> <Delay = 1.39> <FuncUnit> <Opcode : 'udiv' 'sdiv' 'urem' 'srem'> <InPorts = 2> <OutPorts = 1>

State 9 <SV = 8> <Delay = 1.39>
ST_9 : Operation 75 [8/14] (1.39ns)   --->   "%result = srem i10 %add_ln103, i10 3" [../src/hysteresis.cpp:11->../src/hysteresis.cpp:102]   --->   Operation 75 'srem' 'result' <Predicate = true> <Delay = 1.39> <CoreInst = "DivnS_SEQ">   --->   Core 7 'DivnS_SEQ' <Latency = 13> <II = 10> <Delay = 1.39> <FuncUnit> <Opcode : 'udiv' 'sdiv' 'urem' 'srem'> <InPorts = 2> <OutPorts = 1>

State 10 <SV = 9> <Delay = 1.39>
ST_10 : Operation 76 [7/14] (1.39ns)   --->   "%result = srem i10 %add_ln103, i10 3" [../src/hysteresis.cpp:11->../src/hysteresis.cpp:102]   --->   Operation 76 'srem' 'result' <Predicate = true> <Delay = 1.39> <CoreInst = "DivnS_SEQ">   --->   Core 7 'DivnS_SEQ' <Latency = 13> <II = 10> <Delay = 1.39> <FuncUnit> <Opcode : 'udiv' 'sdiv' 'urem' 'srem'> <InPorts = 2> <OutPorts = 1>

State 11 <SV = 10> <Delay = 1.39>
ST_11 : Operation 77 [6/14] (1.39ns)   --->   "%result = srem i10 %add_ln103, i10 3" [../src/hysteresis.cpp:11->../src/hysteresis.cpp:102]   --->   Operation 77 'srem' 'result' <Predicate = true> <Delay = 1.39> <CoreInst = "DivnS_SEQ">   --->   Core 7 'DivnS_SEQ' <Latency = 13> <II = 10> <Delay = 1.39> <FuncUnit> <Opcode : 'udiv' 'sdiv' 'urem' 'srem'> <InPorts = 2> <OutPorts = 1>

State 12 <SV = 11> <Delay = 1.39>
ST_12 : Operation 78 [5/14] (1.39ns)   --->   "%result = srem i10 %add_ln103, i10 3" [../src/hysteresis.cpp:11->../src/hysteresis.cpp:102]   --->   Operation 78 'srem' 'result' <Predicate = true> <Delay = 1.39> <CoreInst = "DivnS_SEQ">   --->   Core 7 'DivnS_SEQ' <Latency = 13> <II = 10> <Delay = 1.39> <FuncUnit> <Opcode : 'udiv' 'sdiv' 'urem' 'srem'> <InPorts = 2> <OutPorts = 1>

State 13 <SV = 12> <Delay = 1.39>
ST_13 : Operation 79 [4/14] (1.39ns)   --->   "%result = srem i10 %add_ln103, i10 3" [../src/hysteresis.cpp:11->../src/hysteresis.cpp:102]   --->   Operation 79 'srem' 'result' <Predicate = true> <Delay = 1.39> <CoreInst = "DivnS_SEQ">   --->   Core 7 'DivnS_SEQ' <Latency = 13> <II = 10> <Delay = 1.39> <FuncUnit> <Opcode : 'udiv' 'sdiv' 'urem' 'srem'> <InPorts = 2> <OutPorts = 1>

State 14 <SV = 13> <Delay = 1.39>
ST_14 : Operation 80 [3/14] (1.39ns)   --->   "%result = srem i10 %add_ln103, i10 3" [../src/hysteresis.cpp:11->../src/hysteresis.cpp:102]   --->   Operation 80 'srem' 'result' <Predicate = true> <Delay = 1.39> <CoreInst = "DivnS_SEQ">   --->   Core 7 'DivnS_SEQ' <Latency = 13> <II = 10> <Delay = 1.39> <FuncUnit> <Opcode : 'udiv' 'sdiv' 'urem' 'srem'> <InPorts = 2> <OutPorts = 1>

State 15 <SV = 14> <Delay = 1.39>
ST_15 : Operation 81 [2/14] (1.39ns)   --->   "%result = srem i10 %add_ln103, i10 3" [../src/hysteresis.cpp:11->../src/hysteresis.cpp:102]   --->   Operation 81 'srem' 'result' <Predicate = true> <Delay = 1.39> <CoreInst = "DivnS_SEQ">   --->   Core 7 'DivnS_SEQ' <Latency = 13> <II = 10> <Delay = 1.39> <FuncUnit> <Opcode : 'udiv' 'sdiv' 'urem' 'srem'> <InPorts = 2> <OutPorts = 1>

State 16 <SV = 15> <Delay = 2.97>
ST_16 : Operation 82 [1/1] (0.00ns)   --->   "%phi_urem69_load82 = load i9 %phi_urem69" [../src/hysteresis.cpp:10->../src/hysteresis.cpp:114]   --->   Operation 82 'load' 'phi_urem69_load82' <Predicate = true> <Delay = 0.00>
ST_16 : Operation 83 [1/14] (1.39ns)   --->   "%result = srem i10 %add_ln103, i10 3" [../src/hysteresis.cpp:11->../src/hysteresis.cpp:102]   --->   Operation 83 'srem' 'result' <Predicate = true> <Delay = 1.39> <CoreInst = "DivnS_SEQ">   --->   Core 7 'DivnS_SEQ' <Latency = 13> <II = 10> <Delay = 1.39> <FuncUnit> <Opcode : 'udiv' 'sdiv' 'urem' 'srem'> <InPorts = 2> <OutPorts = 1>
ST_16 : Operation 84 [1/1] (0.00ns)   --->   "%trunc_ln11 = trunc i10 %result" [../src/hysteresis.cpp:11->../src/hysteresis.cpp:102]   --->   Operation 84 'trunc' 'trunc_ln11' <Predicate = true> <Delay = 0.00>
ST_16 : Operation 85 [1/1] (0.00ns)   --->   "%tmp_28 = bitselect i1 @_ssdm_op_BitSelect.i1.i10.i32, i10 %result, i32 2" [../src/hysteresis.cpp:12->../src/hysteresis.cpp:102]   --->   Operation 85 'bitselect' 'tmp_28' <Predicate = true> <Delay = 0.00>
ST_16 : Operation 86 [1/1] (0.54ns)   --->   "%add_ln12 = add i2 %trunc_ln11, i2 3" [../src/hysteresis.cpp:12->../src/hysteresis.cpp:102]   --->   Operation 86 'add' 'add_ln12' <Predicate = true> <Delay = 0.54> <CoreInst = "Adder">   --->   Core 1 'Adder' <Latency = 0> <II = 1> <Delay = 0.54> <FuncUnit> <Opcode : 'add' 'sub'> <InPorts = 2> <OutPorts = 1>
ST_16 : Operation 87 [1/1] (0.17ns)   --->   "%select_ln12 = select i1 %tmp_28, i2 %add_ln12, i2 %trunc_ln11" [../src/hysteresis.cpp:12->../src/hysteresis.cpp:102]   --->   Operation 87 'select' 'select_ln12' <Predicate = true> <Delay = 0.17> <CoreInst = "Sel">   --->   Core 73 'Sel' <Latency = 0> <II = 1> <Delay = 0.17> <FuncUnit> <Opcode : 'select'> <InPorts = 3> <OutPorts = 1>
ST_16 : Operation 88 [1/1] (0.00ns)   --->   "%trunc_ln10 = trunc i9 %phi_urem69_load82" [../src/hysteresis.cpp:10->../src/hysteresis.cpp:114]   --->   Operation 88 'trunc' 'trunc_ln10' <Predicate = true> <Delay = 0.00>
ST_16 : Operation 89 [1/1] (0.42ns)   --->   "%tmp = sparsemux i8 @_ssdm_op_SparseMux.ap_auto.3i8.i8.i2, i2 0, i8 %buffer_load, i2 1, i8 %buffer_1_load, i2 2, i8 %buffer_2_load, i8 0, i2 %select_ln12" [../src/hysteresis.cpp:139]   --->   Operation 89 'sparsemux' 'tmp' <Predicate = true> <Delay = 0.42> <CoreInst = "OneHotSparseMux_HasDef">   --->   Core 152 'OneHotSparseMux_HasDef' <Latency = 0> <II = 1> <Delay = 0.42> <FuncUnit> <Opcode : 'sparsemux'> <InPorts = 2> <OutPorts = 1>
ST_16 : Operation 90 [1/1] (0.42ns)   --->   "%tmp_s = sparsemux i8 @_ssdm_op_SparseMux.ap_auto.3i8.i8.i2, i2 1, i8 %buffer_load, i2 2, i8 %buffer_1_load, i2 0, i8 %buffer_2_load, i8 0, i2 %trunc_ln10" [../src/hysteresis.cpp:139]   --->   Operation 90 'sparsemux' 'tmp_s' <Predicate = true> <Delay = 0.42> <CoreInst = "OneHotSparseMux_HasDef">   --->   Core 152 'OneHotSparseMux_HasDef' <Latency = 0> <II = 1> <Delay = 0.42> <FuncUnit> <Opcode : 'sparsemux'> <InPorts = 2> <OutPorts = 1>
ST_16 : Operation 91 [1/1] (0.42ns)   --->   "%tmp_19 = sparsemux i8 @_ssdm_op_SparseMux.ap_auto.3i8.i8.i2, i2 0, i8 %buffer_load, i2 1, i8 %buffer_1_load, i2 2, i8 %buffer_2_load, i8 0, i2 %trunc_ln10" [../src/hysteresis.cpp:139]   --->   Operation 91 'sparsemux' 'tmp_19' <Predicate = true> <Delay = 0.42> <CoreInst = "OneHotSparseMux_HasDef">   --->   Core 152 'OneHotSparseMux_HasDef' <Latency = 0> <II = 1> <Delay = 0.42> <FuncUnit> <Opcode : 'sparsemux'> <InPorts = 2> <OutPorts = 1>
ST_16 : Operation 92 [1/1] (0.42ns)   --->   "%tmp_20 = sparsemux i8 @_ssdm_op_SparseMux.ap_auto.3i8.i8.i2, i2 0, i8 %buffer_load_2, i2 1, i8 %buffer_1_load_1, i2 2, i8 %buffer_2_load_1, i8 0, i2 %select_ln12" [../src/hysteresis.cpp:139]   --->   Operation 92 'sparsemux' 'tmp_20' <Predicate = true> <Delay = 0.42> <CoreInst = "OneHotSparseMux_HasDef">   --->   Core 152 'OneHotSparseMux_HasDef' <Latency = 0> <II = 1> <Delay = 0.42> <FuncUnit> <Opcode : 'sparsemux'> <InPorts = 2> <OutPorts = 1>
ST_16 : Operation 93 [1/1] (0.42ns)   --->   "%tmp_21 = sparsemux i8 @_ssdm_op_SparseMux.ap_auto.3i8.i8.i2, i2 1, i8 %buffer_load_2, i2 2, i8 %buffer_1_load_1, i2 0, i8 %buffer_2_load_1, i8 0, i2 %trunc_ln10" [../src/hysteresis.cpp:139]   --->   Operation 93 'sparsemux' 'tmp_21' <Predicate = true> <Delay = 0.42> <CoreInst = "OneHotSparseMux_HasDef">   --->   Core 152 'OneHotSparseMux_HasDef' <Latency = 0> <II = 1> <Delay = 0.42> <FuncUnit> <Opcode : 'sparsemux'> <InPorts = 2> <OutPorts = 1>
ST_16 : Operation 94 [1/1] (0.42ns)   --->   "%tmp_22 = sparsemux i8 @_ssdm_op_SparseMux.ap_auto.3i8.i8.i2, i2 0, i8 %buffer_load_2, i2 1, i8 %buffer_1_load_1, i2 2, i8 %buffer_2_load_1, i8 0, i2 %trunc_ln10" [../src/hysteresis.cpp:139]   --->   Operation 94 'sparsemux' 'tmp_22' <Predicate = true> <Delay = 0.42> <CoreInst = "OneHotSparseMux_HasDef">   --->   Core 152 'OneHotSparseMux_HasDef' <Latency = 0> <II = 1> <Delay = 0.42> <FuncUnit> <Opcode : 'sparsemux'> <InPorts = 2> <OutPorts = 1>
ST_16 : Operation 95 [2/2] (0.42ns)   --->   "%call_ln139 = call void @hysteresis<3>_Pipeline_VITIS_LOOP_143_5, i8 %tmp_22, i8 %tmp_19, i8 %tmp_21, i8 %tmp_s, i8 %tmp_20, i8 %tmp, i1 %hasBottom, i1 %hasTop, i8 %hyst3_out, i8 %buffer, i8 %buffer_1, i8 %buffer_2, i2 %select_ln12, i2 %trunc_ln10" [../src/hysteresis.cpp:139]   --->   Operation 95 'call' 'call_ln139' <Predicate = true> <Delay = 0.42> <CoreType = "Generic">   --->   Generic Core

State 17 <SV = 16> <Delay = 1.60>
ST_17 : Operation 96 [1/2] (0.00ns)   --->   "%call_ln139 = call void @hysteresis<3>_Pipeline_VITIS_LOOP_143_5, i8 %tmp_22, i8 %tmp_19, i8 %tmp_21, i8 %tmp_s, i8 %tmp_20, i8 %tmp, i1 %hasBottom, i1 %hasTop, i8 %hyst3_out, i8 %buffer, i8 %buffer_1, i8 %buffer_2, i2 %select_ln12, i2 %trunc_ln10" [../src/hysteresis.cpp:139]   --->   Operation 96 'call' 'call_ln139' <Predicate = (!tmp_27)> <Delay = 0.00> <CoreType = "Generic">   --->   Generic Core
ST_17 : Operation 97 [1/1] (0.00ns)   --->   "%br_ln0 = br void %cleanup"   --->   Operation 97 'br' 'br_ln0' <Predicate = (!tmp_27)> <Delay = 0.00>
ST_17 : Operation 98 [1/1] (0.00ns)   --->   "%phi_urem69_load = load i9 %phi_urem69" [../src/hysteresis.cpp:72]   --->   Operation 98 'load' 'phi_urem69_load' <Predicate = true> <Delay = 0.00>
ST_17 : Operation 99 [1/1] (0.00ns)   --->   "%phi_urem_load = load i9 %phi_urem" [../src/hysteresis.cpp:72]   --->   Operation 99 'load' 'phi_urem_load' <Predicate = true> <Delay = 0.00>
ST_17 : Operation 100 [1/1] (0.77ns)   --->   "%add_ln72 = add i9 %phi_urem69_load, i9 1" [../src/hysteresis.cpp:72]   --->   Operation 100 'add' 'add_ln72' <Predicate = true> <Delay = 0.77> <CoreInst = "Adder">   --->   Core 1 'Adder' <Latency = 0> <II = 1> <Delay = 0.77> <FuncUnit> <Opcode : 'add' 'sub'> <InPorts = 2> <OutPorts = 1>
ST_17 : Operation 101 [1/1] (0.77ns)   --->   "%icmp_ln72 = icmp_eq  i9 %phi_urem69_load, i9 2" [../src/hysteresis.cpp:72]   --->   Operation 101 'icmp' 'icmp_ln72' <Predicate = true> <Delay = 0.77> <CoreInst = "Cmp">   --->   Core 9 'Cmp' <Latency = 0> <II = 1> <Delay = 0.77> <FuncUnit> <Opcode : 'seteq' 'setne' 'setle' 'setge' 'setlt' 'setgt'> <InPorts = 2> <OutPorts = 1>
ST_17 : Operation 102 [1/1] (0.39ns)   --->   "%select_ln72 = select i1 %icmp_ln72, i9 0, i9 %add_ln72" [../src/hysteresis.cpp:72]   --->   Operation 102 'select' 'select_ln72' <Predicate = true> <Delay = 0.39> <CoreInst = "Sel">   --->   Core 73 'Sel' <Latency = 0> <II = 1> <Delay = 0.39> <FuncUnit> <Opcode : 'select'> <InPorts = 3> <OutPorts = 1>
ST_17 : Operation 103 [1/1] (0.77ns)   --->   "%add_ln72_2 = add i9 %phi_urem_load, i9 1" [../src/hysteresis.cpp:72]   --->   Operation 103 'add' 'add_ln72_2' <Predicate = true> <Delay = 0.77> <CoreInst = "Adder">   --->   Core 1 'Adder' <Latency = 0> <II = 1> <Delay = 0.77> <FuncUnit> <Opcode : 'add' 'sub'> <InPorts = 2> <OutPorts = 1>
ST_17 : Operation 104 [1/1] (0.77ns)   --->   "%icmp_ln72_2 = icmp_eq  i9 %phi_urem_load, i9 2" [../src/hysteresis.cpp:72]   --->   Operation 104 'icmp' 'icmp_ln72_2' <Predicate = true> <Delay = 0.77> <CoreInst = "Cmp">   --->   Core 9 'Cmp' <Latency = 0> <II = 1> <Delay = 0.77> <FuncUnit> <Opcode : 'seteq' 'setne' 'setle' 'setge' 'setlt' 'setgt'> <InPorts = 2> <OutPorts = 1>
ST_17 : Operation 105 [1/1] (0.39ns)   --->   "%select_ln72_2 = select i1 %icmp_ln72_2, i9 0, i9 %add_ln72_2" [../src/hysteresis.cpp:72]   --->   Operation 105 'select' 'select_ln72_2' <Predicate = true> <Delay = 0.39> <CoreInst = "Sel">   --->   Core 73 'Sel' <Latency = 0> <II = 1> <Delay = 0.39> <FuncUnit> <Opcode : 'select'> <InPorts = 3> <OutPorts = 1>
ST_17 : Operation 106 [1/1] (0.42ns)   --->   "%store_ln10 = store i9 %rowsReceived, i9 %row_4" [../src/hysteresis.cpp:10->../src/hysteresis.cpp:114]   --->   Operation 106 'store' 'store_ln10' <Predicate = true> <Delay = 0.42>
ST_17 : Operation 107 [1/1] (0.42ns)   --->   "%store_ln72 = store i9 %select_ln72_2, i9 %phi_urem" [../src/hysteresis.cpp:72]   --->   Operation 107 'store' 'store_ln72' <Predicate = true> <Delay = 0.42>
ST_17 : Operation 108 [1/1] (0.42ns)   --->   "%store_ln72 = store i9 %select_ln72, i9 %phi_urem69" [../src/hysteresis.cpp:72]   --->   Operation 108 'store' 'store_ln72' <Predicate = true> <Delay = 0.42>
ST_17 : Operation 109 [1/1] (0.00ns)   --->   "%br_ln74 = br void %for.body" [../src/hysteresis.cpp:74]   --->   Operation 109 'br' 'br_ln74' <Predicate = true> <Delay = 0.00>


============================================================
+ Verbose Summary: Binding
============================================================
STG Binding: 
---------------- STG Properties BEGIN ----------------
- Is combinational: 0
- Is one-state seq: 0
- Is datapath-only: 0
- Is pipelined: 0
- Is top level: 0
Port [ Return ] is wired: 1; IO mode=ap_ctrl_hs:ce=0
Port [ hyst2_out]:  wired=1; compound=1; hidden=0; nouse=0; global=0; static=0; extern=0; dir=0; type=3; pingpong=0; private_global=0; IO mode=ap_fifo:ce=0
Port [ hyst3_out]:  wired=1; compound=1; hidden=0; nouse=0; global=0; static=0; extern=0; dir=1; type=3; pingpong=0; private_global=0; IO mode=ap_fifo:ce=0
---------------- STG Properties END ------------------

---------------- Datapath Model BEGIN ----------------

<LifeTime>
<method=bitvector/>
phi_urem69            (alloca           ) [ 011111111111111111]
phi_urem              (alloca           ) [ 011111111111111111]
row_4                 (alloca           ) [ 011111111111111111]
specinterface_ln0     (specinterface    ) [ 000000000000000000]
specinterface_ln0     (specinterface    ) [ 000000000000000000]
buffer                (alloca           ) [ 001111111111111111]
buffer_1              (alloca           ) [ 001111111111111111]
buffer_2              (alloca           ) [ 001111111111111111]
buffer_addr           (getelementptr    ) [ 001111111111111111]
buffer_1_addr         (getelementptr    ) [ 001111111111111111]
buffer_2_addr         (getelementptr    ) [ 001111111111111111]
buffer_addr_2         (getelementptr    ) [ 001111111111111111]
buffer_1_addr_1       (getelementptr    ) [ 001111111111111111]
buffer_2_addr_1       (getelementptr    ) [ 001111111111111111]
store_ln10            (store            ) [ 000000000000000000]
store_ln0             (store            ) [ 000000000000000000]
store_ln0             (store            ) [ 000000000000000000]
br_ln74               (br               ) [ 000000000000000000]
row_5                 (load             ) [ 000000000000000000]
icmp_ln74             (icmp             ) [ 001111111111111111]
speclooptripcount_ln0 (speclooptripcount) [ 000000000000000000]
rowsReceived          (add              ) [ 000111111111111111]
br_ln74               (br               ) [ 000000000000000000]
zext_ln74             (zext             ) [ 000100000000000000]
specloopname_ln74     (specloopname     ) [ 000000000000000000]
icmp_ln75             (icmp             ) [ 001111111111111111]
br_ln75               (br               ) [ 000000000000000000]
phi_urem_load81       (load             ) [ 000000000000000000]
trunc_ln80            (trunc            ) [ 000100000000000000]
ret_ln195             (ret              ) [ 000000000000000000]
call_ln80             (call             ) [ 000000000000000000]
br_ln0                (br               ) [ 000000000000000000]
outputRow             (add              ) [ 000000000000000000]
tmp_27                (bitselect        ) [ 001111111111111111]
br_ln87               (br               ) [ 000000000000000000]
hasTop                (icmp             ) [ 000011111111111111]
hasBottom             (icmp             ) [ 000011111111111111]
add_ln103             (add              ) [ 000011111111111110]
buffer_load           (load             ) [ 000000111111111110]
buffer_1_load         (load             ) [ 000000111111111110]
buffer_2_load         (load             ) [ 000000111111111110]
buffer_load_2         (load             ) [ 000000111111111110]
buffer_1_load_1       (load             ) [ 000000111111111110]
buffer_2_load_1       (load             ) [ 000000111111111110]
phi_urem69_load82     (load             ) [ 000000000000000000]
result                (srem             ) [ 000000000000000000]
trunc_ln11            (trunc            ) [ 000000000000000000]
tmp_28                (bitselect        ) [ 000000000000000000]
add_ln12              (add              ) [ 000000000000000000]
select_ln12           (select           ) [ 001100000000000001]
trunc_ln10            (trunc            ) [ 001100000000000001]
tmp                   (sparsemux        ) [ 001100000000000001]
tmp_s                 (sparsemux        ) [ 001100000000000001]
tmp_19                (sparsemux        ) [ 001100000000000001]
tmp_20                (sparsemux        ) [ 001100000000000001]
tmp_21                (sparsemux        ) [ 001100000000000001]
tmp_22                (sparsemux        ) [ 001100000000000001]
call_ln139            (call             ) [ 000000000000000000]
br_ln0                (br               ) [ 000000000000000000]
phi_urem69_load       (load             ) [ 000000000000000000]
phi_urem_load         (load             ) [ 000000000000000000]
add_ln72              (add              ) [ 000000000000000000]
icmp_ln72             (icmp             ) [ 000000000000000000]
select_ln72           (select           ) [ 000000000000000000]
add_ln72_2            (add              ) [ 000000000000000000]
icmp_ln72_2           (icmp             ) [ 000000000000000000]
select_ln72_2         (select           ) [ 000000000000000000]
store_ln10            (store            ) [ 000000000000000000]
store_ln72            (store            ) [ 000000000000000000]
store_ln72            (store            ) [ 000000000000000000]
br_ln74               (br               ) [ 000000000000000000]
</LifeTime>

<model>

<comp_list>
<comp id="0" class="1000" name="hyst2_out">
<pin_list>
<pin id="1" dir="1" index="0" bw="1" slack="0"/>
</pin_list>
<bind>
<StgValue><ssdm name="hyst2_out"/></StgValue>
</bind>
</comp>

<comp id="2" class="1000" name="hyst3_out">
<pin_list>
<pin id="3" dir="1" index="0" bw="1" slack="0"/>
</pin_list>
<bind>
<StgValue><ssdm name="hyst3_out"/></StgValue>
</bind>
</comp>

<comp id="4" class="1001" name="const_4">
<pin_list>
<pin id="5" dir="1" index="0" bw="1" slack="0"/>
</pin_list>
<bind>
<StgValue><ssdm name=""/></StgValue>
</bind>
</comp>

<comp id="6" class="1001" name="const_6">
<pin_list>
<pin id="7" dir="1" index="0" bw="1" slack="2147483647"/>
</pin_list>
<bind>
<StgValue><ssdm name="_ssdm_op_SpecInterface"/></StgValue>
</bind>
</comp>

<comp id="8" class="1001" name="const_8">
<pin_list>
<pin id="9" dir="1" index="0" bw="1" slack="2147483647"/>
</pin_list>
<bind>
<StgValue><ssdm name="empty_10"/></StgValue>
</bind>
</comp>

<comp id="10" class="1001" name="const_10">
<pin_list>
<pin id="11" dir="1" index="0" bw="1" slack="2147483647"/>
</pin_list>
<bind>
<StgValue><ssdm name=""/></StgValue>
</bind>
</comp>

<comp id="12" class="1001" name="const_12">
<pin_list>
<pin id="13" dir="1" index="0" bw="1" slack="2147483647"/>
</pin_list>
<bind>
<StgValue><ssdm name="empty_4"/></StgValue>
</bind>
</comp>

<comp id="14" class="1001" name="const_14">
<pin_list>
<pin id="15" dir="1" index="0" bw="1" slack="2147483647"/>
</pin_list>
<bind>
<StgValue><ssdm name=""/></StgValue>
</bind>
</comp>

<comp id="16" class="1001" name="const_16">
<pin_list>
<pin id="17" dir="1" index="0" bw="1" slack="0"/>
</pin_list>
<bind>
<StgValue><ssdm name=""/></StgValue>
</bind>
</comp>

<comp id="18" class="1001" name="const_18">
<pin_list>
<pin id="19" dir="1" index="0" bw="1" slack="0"/>
</pin_list>
<bind>
<StgValue><ssdm name=""/></StgValue>
</bind>
</comp>

<comp id="20" class="1001" name="const_20">
<pin_list>
<pin id="21" dir="1" index="0" bw="1" slack="0"/>
</pin_list>
<bind>
<StgValue><ssdm name=""/></StgValue>
</bind>
</comp>

<comp id="22" class="1001" name="const_22">
<pin_list>
<pin id="23" dir="1" index="0" bw="1" slack="0"/>
</pin_list>
<bind>
<StgValue><ssdm name=""/></StgValue>
</bind>
</comp>

<comp id="24" class="1001" name="const_24">
<pin_list>
<pin id="25" dir="1" index="0" bw="1" slack="2147483647"/>
</pin_list>
<bind>
<StgValue><ssdm name="_ssdm_op_SpecLoopTripCount"/></StgValue>
</bind>
</comp>

<comp id="26" class="1001" name="const_26">
<pin_list>
<pin id="27" dir="1" index="0" bw="1" slack="2147483647"/>
</pin_list>
<bind>
<StgValue><ssdm name=""/></StgValue>
</bind>
</comp>

<comp id="28" class="1001" name="const_28">
<pin_list>
<pin id="29" dir="1" index="0" bw="1" slack="0"/>
</pin_list>
<bind>
<StgValue><ssdm name=""/></StgValue>
</bind>
</comp>

<comp id="30" class="1001" name="const_30">
<pin_list>
<pin id="31" dir="1" index="0" bw="1" slack="2147483647"/>
</pin_list>
<bind>
<StgValue><ssdm name="_ssdm_op_SpecLoopName"/></StgValue>
</bind>
</comp>

<comp id="32" class="1001" name="const_32">
<pin_list>
<pin id="33" dir="1" index="0" bw="1" slack="2147483647"/>
</pin_list>
<bind>
<StgValue><ssdm name="empty_20"/></StgValue>
</bind>
</comp>

<comp id="34" class="1001" name="const_34">
<pin_list>
<pin id="35" dir="1" index="0" bw="1" slack="0"/>
</pin_list>
<bind>
<StgValue><ssdm name=""/></StgValue>
</bind>
</comp>

<comp id="36" class="1001" name="const_36">
<pin_list>
<pin id="37" dir="1" index="0" bw="1" slack="0"/>
</pin_list>
<bind>
<StgValue><ssdm name="hysteresis<3>_Pipeline_VITIS_LOOP_78_2"/></StgValue>
</bind>
</comp>

<comp id="38" class="1001" name="const_38">
<pin_list>
<pin id="39" dir="1" index="0" bw="1" slack="0"/>
</pin_list>
<bind>
<StgValue><ssdm name=""/></StgValue>
</bind>
</comp>

<comp id="40" class="1001" name="const_40">
<pin_list>
<pin id="41" dir="1" index="0" bw="1" slack="0"/>
</pin_list>
<bind>
<StgValue><ssdm name="_ssdm_op_BitSelect.i1.i10.i32"/></StgValue>
</bind>
</comp>

<comp id="42" class="1001" name="const_42">
<pin_list>
<pin id="43" dir="1" index="0" bw="1" slack="0"/>
</pin_list>
<bind>
<StgValue><ssdm name=""/></StgValue>
</bind>
</comp>

<comp id="44" class="1001" name="const_44">
<pin_list>
<pin id="45" dir="1" index="0" bw="1" slack="0"/>
</pin_list>
<bind>
<StgValue><ssdm name=""/></StgValue>
</bind>
</comp>

<comp id="46" class="1001" name="const_46">
<pin_list>
<pin id="47" dir="1" index="0" bw="1" slack="0"/>
</pin_list>
<bind>
<StgValue><ssdm name=""/></StgValue>
</bind>
</comp>

<comp id="48" class="1001" name="const_48">
<pin_list>
<pin id="49" dir="1" index="0" bw="1" slack="0"/>
</pin_list>
<bind>
<StgValue><ssdm name=""/></StgValue>
</bind>
</comp>

<comp id="50" class="1001" name="const_50">
<pin_list>
<pin id="51" dir="1" index="0" bw="1" slack="0"/>
</pin_list>
<bind>
<StgValue><ssdm name=""/></StgValue>
</bind>
</comp>

<comp id="52" class="1001" name="const_52">
<pin_list>
<pin id="53" dir="1" index="0" bw="1" slack="0"/>
</pin_list>
<bind>
<StgValue><ssdm name=""/></StgValue>
</bind>
</comp>

<comp id="54" class="1001" name="const_54">
<pin_list>
<pin id="55" dir="1" index="0" bw="1" slack="0"/>
</pin_list>
<bind>
<StgValue><ssdm name=""/></StgValue>
</bind>
</comp>

<comp id="56" class="1001" name="const_56">
<pin_list>
<pin id="57" dir="1" index="0" bw="1" slack="0"/>
</pin_list>
<bind>
<StgValue><ssdm name="_ssdm_op_SparseMux.ap_auto.3i8.i8.i2"/></StgValue>
</bind>
</comp>

<comp id="58" class="1001" name="const_58">
<pin_list>
<pin id="59" dir="1" index="0" bw="1" slack="0"/>
</pin_list>
<bind>
<StgValue><ssdm name=""/></StgValue>
</bind>
</comp>

<comp id="60" class="1001" name="const_60">
<pin_list>
<pin id="61" dir="1" index="0" bw="1" slack="0"/>
</pin_list>
<bind>
<StgValue><ssdm name=""/></StgValue>
</bind>
</comp>

<comp id="62" class="1001" name="const_62">
<pin_list>
<pin id="63" dir="1" index="0" bw="1" slack="0"/>
</pin_list>
<bind>
<StgValue><ssdm name=""/></StgValue>
</bind>
</comp>

<comp id="64" class="1001" name="const_64">
<pin_list>
<pin id="65" dir="1" index="0" bw="1" slack="0"/>
</pin_list>
<bind>
<StgValue><ssdm name=""/></StgValue>
</bind>
</comp>

<comp id="66" class="1001" name="const_66">
<pin_list>
<pin id="67" dir="1" index="0" bw="1" slack="0"/>
</pin_list>
<bind>
<StgValue><ssdm name="hysteresis<3>_Pipeline_VITIS_LOOP_143_5"/></StgValue>
</bind>
</comp>

<comp id="68" class="1001" name="const_68">
<pin_list>
<pin id="69" dir="1" index="0" bw="1" slack="0"/>
</pin_list>
<bind>
<StgValue><ssdm name=""/></StgValue>
</bind>
</comp>

<comp id="70" class="1004" name="phi_urem69_fu_70">
<pin_list>
<pin id="71" dir="0" index="0" bw="1" slack="0"/>
<pin id="72" dir="1" index="1" bw="9" slack="0"/>
</pin_list>
<bind>
<opcode="alloca(26) " fcode="alloca"/>
<opset="phi_urem69/1 "/>
</bind>
</comp>

<comp id="74" class="1004" name="phi_urem_fu_74">
<pin_list>
<pin id="75" dir="0" index="0" bw="1" slack="0"/>
<pin id="76" dir="1" index="1" bw="9" slack="0"/>
</pin_list>
<bind>
<opcode="alloca(26) " fcode="alloca"/>
<opset="phi_urem/1 "/>
</bind>
</comp>

<comp id="78" class="1004" name="row_4_fu_78">
<pin_list>
<pin id="79" dir="0" index="0" bw="1" slack="0"/>
<pin id="80" dir="1" index="1" bw="9" slack="0"/>
</pin_list>
<bind>
<opcode="alloca(26) " fcode="alloca"/>
<opset="row_4/1 "/>
</bind>
</comp>

<comp id="82" class="1004" name="buffer_alloca_fu_82">
<pin_list>
<pin id="83" dir="0" index="0" bw="1" slack="0"/>
<pin id="84" dir="1" index="1" bw="8" slack="0"/>
</pin_list>
<bind>
<opcode="alloca(26) " fcode="alloca"/>
<opset="buffer/1 "/>
</bind>
</comp>

<comp id="86" class="1004" name="buffer_1_alloca_fu_86">
<pin_list>
<pin id="87" dir="0" index="0" bw="1" slack="0"/>
<pin id="88" dir="1" index="1" bw="8" slack="0"/>
</pin_list>
<bind>
<opcode="alloca(26) " fcode="alloca"/>
<opset="buffer_1/1 "/>
</bind>
</comp>

<comp id="90" class="1004" name="buffer_2_alloca_fu_90">
<pin_list>
<pin id="91" dir="0" index="0" bw="1" slack="0"/>
<pin id="92" dir="1" index="1" bw="8" slack="0"/>
</pin_list>
<bind>
<opcode="alloca(26) " fcode="alloca"/>
<opset="buffer_2/1 "/>
</bind>
</comp>

<comp id="94" class="1004" name="buffer_addr_gep_fu_94">
<pin_list>
<pin id="95" dir="0" index="0" bw="8" slack="0"/>
<pin id="96" dir="0" index="1" bw="1" slack="0"/>
<pin id="97" dir="0" index="2" bw="1" slack="0"/>
<pin id="98" dir="1" index="3" bw="10" slack="3"/>
</pin_list>
<bind>
<opcode="getelementptr(29) " fcode="getelementptr"/>
<opset="buffer_addr/1 "/>
</bind>
</comp>

<comp id="102" class="1004" name="buffer_1_addr_gep_fu_102">
<pin_list>
<pin id="103" dir="0" index="0" bw="8" slack="0"/>
<pin id="104" dir="0" index="1" bw="1" slack="0"/>
<pin id="105" dir="0" index="2" bw="1" slack="0"/>
<pin id="106" dir="1" index="3" bw="10" slack="3"/>
</pin_list>
<bind>
<opcode="getelementptr(29) " fcode="getelementptr"/>
<opset="buffer_1_addr/1 "/>
</bind>
</comp>

<comp id="110" class="1004" name="buffer_2_addr_gep_fu_110">
<pin_list>
<pin id="111" dir="0" index="0" bw="8" slack="0"/>
<pin id="112" dir="0" index="1" bw="1" slack="0"/>
<pin id="113" dir="0" index="2" bw="1" slack="0"/>
<pin id="114" dir="1" index="3" bw="10" slack="3"/>
</pin_list>
<bind>
<opcode="getelementptr(29) " fcode="getelementptr"/>
<opset="buffer_2_addr/1 "/>
</bind>
</comp>

<comp id="118" class="1004" name="buffer_addr_2_gep_fu_118">
<pin_list>
<pin id="119" dir="0" index="0" bw="8" slack="0"/>
<pin id="120" dir="0" index="1" bw="1" slack="0"/>
<pin id="121" dir="0" index="2" bw="1" slack="0"/>
<pin id="122" dir="1" index="3" bw="10" slack="3"/>
</pin_list>
<bind>
<opcode="getelementptr(29) " fcode="getelementptr"/>
<opset="buffer_addr_2/1 "/>
</bind>
</comp>

<comp id="126" class="1004" name="buffer_1_addr_1_gep_fu_126">
<pin_list>
<pin id="127" dir="0" index="0" bw="8" slack="0"/>
<pin id="128" dir="0" index="1" bw="1" slack="0"/>
<pin id="129" dir="0" index="2" bw="1" slack="0"/>
<pin id="130" dir="1" index="3" bw="10" slack="3"/>
</pin_list>
<bind>
<opcode="getelementptr(29) " fcode="getelementptr"/>
<opset="buffer_1_addr_1/1 "/>
</bind>
</comp>

<comp id="134" class="1004" name="buffer_2_addr_1_gep_fu_134">
<pin_list>
<pin id="135" dir="0" index="0" bw="8" slack="0"/>
<pin id="136" dir="0" index="1" bw="1" slack="0"/>
<pin id="137" dir="0" index="2" bw="1" slack="0"/>
<pin id="138" dir="1" index="3" bw="10" slack="3"/>
</pin_list>
<bind>
<opcode="getelementptr(29) " fcode="getelementptr"/>
<opset="buffer_2_addr_1/1 "/>
</bind>
</comp>

<comp id="142" class="1004" name="grp_access_fu_142">
<pin_list>
<pin id="143" dir="0" index="0" bw="10" slack="3"/>
<pin id="144" dir="0" index="1" bw="8" slack="2147483647"/>
<pin id="145" dir="0" index="2" bw="0" slack="3"/>
<pin id="147" dir="0" index="4" bw="10" slack="2147483647"/>
<pin id="148" dir="0" index="5" bw="8" slack="2147483647"/>
<pin id="149" dir="0" index="6" bw="0" slack="2147483647"/>
<pin id="146" dir="1" index="3" bw="8" slack="11"/>
<pin id="150" dir="1" index="7" bw="8" slack="11"/>
</pin_list>
<bind>
<opcode="load(27) " fcode="load"/>
<opset="buffer_load/4 buffer_load_2/4 "/>
</bind>
</comp>

<comp id="151" class="1004" name="grp_access_fu_151">
<pin_list>
<pin id="152" dir="0" index="0" bw="10" slack="3"/>
<pin id="153" dir="0" index="1" bw="8" slack="2147483647"/>
<pin id="154" dir="0" index="2" bw="0" slack="3"/>
<pin id="156" dir="0" index="4" bw="10" slack="2147483647"/>
<pin id="157" dir="0" index="5" bw="8" slack="2147483647"/>
<pin id="158" dir="0" index="6" bw="0" slack="2147483647"/>
<pin id="155" dir="1" index="3" bw="8" slack="11"/>
<pin id="159" dir="1" index="7" bw="8" slack="11"/>
</pin_list>
<bind>
<opcode="load(27) " fcode="load"/>
<opset="buffer_1_load/4 buffer_1_load_1/4 "/>
</bind>
</comp>

<comp id="160" class="1004" name="grp_access_fu_160">
<pin_list>
<pin id="161" dir="0" index="0" bw="10" slack="3"/>
<pin id="162" dir="0" index="1" bw="8" slack="2147483647"/>
<pin id="163" dir="0" index="2" bw="0" slack="3"/>
<pin id="165" dir="0" index="4" bw="10" slack="2147483647"/>
<pin id="166" dir="0" index="5" bw="8" slack="2147483647"/>
<pin id="167" dir="0" index="6" bw="0" slack="2147483647"/>
<pin id="164" dir="1" index="3" bw="8" slack="11"/>
<pin id="168" dir="1" index="7" bw="8" slack="11"/>
</pin_list>
<bind>
<opcode="load(27) " fcode="load"/>
<opset="buffer_2_load/4 buffer_2_load_1/4 "/>
</bind>
</comp>

<comp id="169" class="1004" name="grp_hysteresis_3_Pipeline_VITIS_LOOP_78_2_fu_169">
<pin_list>
<pin id="170" dir="0" index="0" bw="0" slack="0"/>
<pin id="171" dir="0" index="1" bw="8" slack="2147483647"/>
<pin id="172" dir="0" index="2" bw="8" slack="2147483647"/>
<pin id="173" dir="0" index="3" bw="8" slack="2147483647"/>
<pin id="174" dir="0" index="4" bw="8" slack="0"/>
<pin id="175" dir="0" index="5" bw="2" slack="0"/>
<pin id="176" dir="1" index="6" bw="0" slack="2147483647"/>
</pin_list>
<bind>
<opcode="call(48) " fcode="call"/>
<opset="call_ln80/2 "/>
</bind>
</comp>

<comp id="179" class="1004" name="grp_hysteresis_3_Pipeline_VITIS_LOOP_143_5_fu_179">
<pin_list>
<pin id="180" dir="0" index="0" bw="0" slack="0"/>
<pin id="181" dir="0" index="1" bw="8" slack="0"/>
<pin id="182" dir="0" index="2" bw="8" slack="0"/>
<pin id="183" dir="0" index="3" bw="8" slack="0"/>
<pin id="184" dir="0" index="4" bw="8" slack="0"/>
<pin id="185" dir="0" index="5" bw="8" slack="0"/>
<pin id="186" dir="0" index="6" bw="8" slack="0"/>
<pin id="187" dir="0" index="7" bw="1" slack="13"/>
<pin id="188" dir="0" index="8" bw="1" slack="13"/>
<pin id="189" dir="0" index="9" bw="8" slack="0"/>
<pin id="190" dir="0" index="10" bw="8" slack="2147483647"/>
<pin id="191" dir="0" index="11" bw="8" slack="2147483647"/>
<pin id="192" dir="0" index="12" bw="8" slack="2147483647"/>
<pin id="193" dir="0" index="13" bw="2" slack="0"/>
<pin id="194" dir="0" index="14" bw="2" slack="0"/>
<pin id="195" dir="1" index="15" bw="0" slack="2147483647"/>
</pin_list>
<bind>
<opcode="call(48) " fcode="call"/>
<opset="call_ln139/16 "/>
</bind>
</comp>

<comp id="198" class="1004" name="grp_load_fu_198">
<pin_list>
<pin id="199" dir="0" index="0" bw="9" slack="1"/>
<pin id="200" dir="1" index="1" bw="9" slack="0"/>
</pin_list>
<bind>
<opcode="load(27) " fcode="load"/>
<opset="phi_urem_load81/2 phi_urem_load/17 "/>
</bind>
</comp>

<comp id="201" class="1004" name="grp_load_fu_201">
<pin_list>
<pin id="202" dir="0" index="0" bw="9" slack="15"/>
<pin id="203" dir="1" index="1" bw="9" slack="0"/>
</pin_list>
<bind>
<opcode="load(27) " fcode="load"/>
<opset="phi_urem69_load82/16 phi_urem69_load/17 "/>
</bind>
</comp>

<comp id="204" class="1004" name="store_ln10_store_fu_204">
<pin_list>
<pin id="205" dir="0" index="0" bw="1" slack="0"/>
<pin id="206" dir="0" index="1" bw="9" slack="0"/>
<pin id="207" dir="1" index="2" bw="0" slack="2147483647"/>
</pin_list>
<bind>
<opcode="store(28) " fcode="store"/>
<opset="store_ln10/1 "/>
</bind>
</comp>

<comp id="209" class="1004" name="store_ln0_store_fu_209">
<pin_list>
<pin id="210" dir="0" index="0" bw="1" slack="0"/>
<pin id="211" dir="0" index="1" bw="9" slack="0"/>
<pin id="212" dir="1" index="2" bw="0" slack="2147483647"/>
</pin_list>
<bind>
<opcode="store(28) " fcode="store"/>
<opset="store_ln0/1 "/>
</bind>
</comp>

<comp id="214" class="1004" name="store_ln0_store_fu_214">
<pin_list>
<pin id="215" dir="0" index="0" bw="1" slack="0"/>
<pin id="216" dir="0" index="1" bw="9" slack="0"/>
<pin id="217" dir="1" index="2" bw="0" slack="2147483647"/>
</pin_list>
<bind>
<opcode="store(28) " fcode="store"/>
<opset="store_ln0/1 "/>
</bind>
</comp>

<comp id="219" class="1004" name="row_5_load_fu_219">
<pin_list>
<pin id="220" dir="0" index="0" bw="9" slack="1"/>
<pin id="221" dir="1" index="1" bw="9" slack="0"/>
</pin_list>
<bind>
<opcode="load(27) " fcode="load"/>
<opset="row_5/2 "/>
</bind>
</comp>

<comp id="222" class="1004" name="icmp_ln74_fu_222">
<pin_list>
<pin id="223" dir="0" index="0" bw="9" slack="0"/>
<pin id="224" dir="0" index="1" bw="6" slack="0"/>
<pin id="225" dir="1" index="2" bw="1" slack="2147483647"/>
</pin_list>
<bind>
<opcode="icmp(45) " fcode="icmp"/>
<opset="icmp_ln74/2 "/>
</bind>
</comp>

<comp id="228" class="1004" name="rowsReceived_fu_228">
<pin_list>
<pin id="229" dir="0" index="0" bw="9" slack="0"/>
<pin id="230" dir="0" index="1" bw="1" slack="0"/>
<pin id="231" dir="1" index="2" bw="9" slack="15"/>
</pin_list>
<bind>
<opcode="add(8) " fcode="add"/>
<opset="rowsReceived/2 "/>
</bind>
</comp>

<comp id="234" class="1004" name="zext_ln74_fu_234">
<pin_list>
<pin id="235" dir="0" index="0" bw="9" slack="0"/>
<pin id="236" dir="1" index="1" bw="10" slack="1"/>
</pin_list>
<bind>
<opcode="zext(34) " fcode="zext"/>
<opset="zext_ln74/2 "/>
</bind>
</comp>

<comp id="238" class="1004" name="icmp_ln75_fu_238">
<pin_list>
<pin id="239" dir="0" index="0" bw="9" slack="0"/>
<pin id="240" dir="0" index="1" bw="9" slack="0"/>
<pin id="241" dir="1" index="2" bw="1" slack="1"/>
</pin_list>
<bind>
<opcode="icmp(45) " fcode="icmp"/>
<opset="icmp_ln75/2 "/>
</bind>
</comp>

<comp id="244" class="1004" name="trunc_ln80_fu_244">
<pin_list>
<pin id="245" dir="0" index="0" bw="9" slack="0"/>
<pin id="246" dir="1" index="1" bw="2" slack="0"/>
</pin_list>
<bind>
<opcode="trunc(33) " fcode="trunc"/>
<opset="trunc_ln80/2 "/>
</bind>
</comp>

<comp id="249" class="1004" name="outputRow_fu_249">
<pin_list>
<pin id="250" dir="0" index="0" bw="9" slack="1"/>
<pin id="251" dir="0" index="1" bw="1" slack="0"/>
<pin id="252" dir="1" index="2" bw="10" slack="0"/>
</pin_list>
<bind>
<opcode="add(8) " fcode="add"/>
<opset="outputRow/3 "/>
</bind>
</comp>

<comp id="254" class="1004" name="tmp_27_fu_254">
<pin_list>
<pin id="255" dir="0" index="0" bw="1" slack="0"/>
<pin id="256" dir="0" index="1" bw="10" slack="0"/>
<pin id="257" dir="0" index="2" bw="5" slack="0"/>
<pin id="258" dir="1" index="3" bw="1" slack="14"/>
</pin_list>
<bind>
<opcode="bitselect(1000) " fcode="bitselect"/>
<opset="tmp_27/3 "/>
</bind>
</comp>

<comp id="262" class="1004" name="hasTop_fu_262">
<pin_list>
<pin id="263" dir="0" index="0" bw="10" slack="0"/>
<pin id="264" dir="0" index="1" bw="1" slack="0"/>
<pin id="265" dir="1" index="2" bw="1" slack="13"/>
</pin_list>
<bind>
<opcode="icmp(45) " fcode="icmp"/>
<opset="hasTop/3 "/>
</bind>
</comp>

<comp id="268" class="1004" name="hasBottom_fu_268">
<pin_list>
<pin id="269" dir="0" index="0" bw="10" slack="0"/>
<pin id="270" dir="0" index="1" bw="10" slack="0"/>
<pin id="271" dir="1" index="2" bw="1" slack="13"/>
</pin_list>
<bind>
<opcode="icmp(45) " fcode="icmp"/>
<opset="hasBottom/3 "/>
</bind>
</comp>

<comp id="274" class="1004" name="add_ln103_fu_274">
<pin_list>
<pin id="275" dir="0" index="0" bw="9" slack="1"/>
<pin id="276" dir="0" index="1" bw="2" slack="0"/>
<pin id="277" dir="1" index="2" bw="10" slack="0"/>
</pin_list>
<bind>
<opcode="add(8) " fcode="add"/>
<opset="add_ln103/3 "/>
</bind>
</comp>

<comp id="279" class="1004" name="grp_fu_279">
<pin_list>
<pin id="280" dir="0" index="0" bw="10" slack="0"/>
<pin id="281" dir="0" index="1" bw="3" slack="0"/>
<pin id="282" dir="1" index="2" bw="10" slack="0"/>
</pin_list>
<bind>
<opcode="srem(18) " fcode="srem"/>
<opset="result/3 "/>
</bind>
</comp>

<comp id="285" class="1004" name="trunc_ln11_fu_285">
<pin_list>
<pin id="286" dir="0" index="0" bw="3" slack="0"/>
<pin id="287" dir="1" index="1" bw="2" slack="0"/>
</pin_list>
<bind>
<opcode="trunc(33) " fcode="trunc"/>
<opset="trunc_ln11/16 "/>
</bind>
</comp>

<comp id="289" class="1004" name="tmp_28_fu_289">
<pin_list>
<pin id="290" dir="0" index="0" bw="1" slack="0"/>
<pin id="291" dir="0" index="1" bw="3" slack="0"/>
<pin id="292" dir="0" index="2" bw="3" slack="0"/>
<pin id="293" dir="1" index="3" bw="1" slack="0"/>
</pin_list>
<bind>
<opcode="bitselect(1000) " fcode="bitselect"/>
<opset="tmp_28/16 "/>
</bind>
</comp>

<comp id="297" class="1004" name="add_ln12_fu_297">
<pin_list>
<pin id="298" dir="0" index="0" bw="2" slack="0"/>
<pin id="299" dir="0" index="1" bw="1" slack="0"/>
<pin id="300" dir="1" index="2" bw="2" slack="0"/>
</pin_list>
<bind>
<opcode="add(8) " fcode="add"/>
<opset="add_ln12/16 "/>
</bind>
</comp>

<comp id="303" class="1004" name="select_ln12_fu_303">
<pin_list>
<pin id="304" dir="0" index="0" bw="1" slack="0"/>
<pin id="305" dir="0" index="1" bw="2" slack="0"/>
<pin id="306" dir="0" index="2" bw="2" slack="0"/>
<pin id="307" dir="1" index="3" bw="2" slack="0"/>
</pin_list>
<bind>
<opcode="select(49) " fcode="select"/>
<opset="select_ln12/16 "/>
</bind>
</comp>

<comp id="312" class="1004" name="trunc_ln10_fu_312">
<pin_list>
<pin id="313" dir="0" index="0" bw="9" slack="0"/>
<pin id="314" dir="1" index="1" bw="2" slack="0"/>
</pin_list>
<bind>
<opcode="trunc(33) " fcode="trunc"/>
<opset="trunc_ln10/16 "/>
</bind>
</comp>

<comp id="317" class="1004" name="tmp_fu_317">
<pin_list>
<pin id="318" dir="0" index="0" bw="8" slack="0"/>
<pin id="319" dir="0" index="1" bw="2" slack="0"/>
<pin id="320" dir="0" index="2" bw="8" slack="11"/>
<pin id="321" dir="0" index="3" bw="2" slack="0"/>
<pin id="322" dir="0" index="4" bw="8" slack="11"/>
<pin id="323" dir="0" index="5" bw="2" slack="0"/>
<pin id="324" dir="0" index="6" bw="8" slack="11"/>
<pin id="325" dir="0" index="7" bw="8" slack="0"/>
<pin id="326" dir="0" index="8" bw="2" slack="0"/>
<pin id="327" dir="1" index="9" bw="8" slack="0"/>
</pin_list>
<bind>
<opcode="sparsemux(1197) " fcode="sparsemux"/>
<opset="tmp/16 "/>
</bind>
</comp>

<comp id="335" class="1004" name="tmp_s_fu_335">
<pin_list>
<pin id="336" dir="0" index="0" bw="8" slack="0"/>
<pin id="337" dir="0" index="1" bw="2" slack="0"/>
<pin id="338" dir="0" index="2" bw="8" slack="11"/>
<pin id="339" dir="0" index="3" bw="2" slack="0"/>
<pin id="340" dir="0" index="4" bw="8" slack="11"/>
<pin id="341" dir="0" index="5" bw="2" slack="0"/>
<pin id="342" dir="0" index="6" bw="8" slack="11"/>
<pin id="343" dir="0" index="7" bw="8" slack="0"/>
<pin id="344" dir="0" index="8" bw="2" slack="0"/>
<pin id="345" dir="1" index="9" bw="8" slack="0"/>
</pin_list>
<bind>
<opcode="sparsemux(1197) " fcode="sparsemux"/>
<opset="tmp_s/16 "/>
</bind>
</comp>

<comp id="353" class="1004" name="tmp_19_fu_353">
<pin_list>
<pin id="354" dir="0" index="0" bw="8" slack="0"/>
<pin id="355" dir="0" index="1" bw="2" slack="0"/>
<pin id="356" dir="0" index="2" bw="8" slack="11"/>
<pin id="357" dir="0" index="3" bw="2" slack="0"/>
<pin id="358" dir="0" index="4" bw="8" slack="11"/>
<pin id="359" dir="0" index="5" bw="2" slack="0"/>
<pin id="360" dir="0" index="6" bw="8" slack="11"/>
<pin id="361" dir="0" index="7" bw="8" slack="0"/>
<pin id="362" dir="0" index="8" bw="2" slack="0"/>
<pin id="363" dir="1" index="9" bw="8" slack="0"/>
</pin_list>
<bind>
<opcode="sparsemux(1197) " fcode="sparsemux"/>
<opset="tmp_19/16 "/>
</bind>
</comp>

<comp id="371" class="1004" name="tmp_20_fu_371">
<pin_list>
<pin id="372" dir="0" index="0" bw="8" slack="0"/>
<pin id="373" dir="0" index="1" bw="2" slack="0"/>
<pin id="374" dir="0" index="2" bw="8" slack="11"/>
<pin id="375" dir="0" index="3" bw="2" slack="0"/>
<pin id="376" dir="0" index="4" bw="8" slack="11"/>
<pin id="377" dir="0" index="5" bw="2" slack="0"/>
<pin id="378" dir="0" index="6" bw="8" slack="11"/>
<pin id="379" dir="0" index="7" bw="8" slack="0"/>
<pin id="380" dir="0" index="8" bw="2" slack="0"/>
<pin id="381" dir="1" index="9" bw="8" slack="0"/>
</pin_list>
<bind>
<opcode="sparsemux(1197) " fcode="sparsemux"/>
<opset="tmp_20/16 "/>
</bind>
</comp>

<comp id="389" class="1004" name="tmp_21_fu_389">
<pin_list>
<pin id="390" dir="0" index="0" bw="8" slack="0"/>
<pin id="391" dir="0" index="1" bw="2" slack="0"/>
<pin id="392" dir="0" index="2" bw="8" slack="11"/>
<pin id="393" dir="0" index="3" bw="2" slack="0"/>
<pin id="394" dir="0" index="4" bw="8" slack="11"/>
<pin id="395" dir="0" index="5" bw="2" slack="0"/>
<pin id="396" dir="0" index="6" bw="8" slack="11"/>
<pin id="397" dir="0" index="7" bw="8" slack="0"/>
<pin id="398" dir="0" index="8" bw="2" slack="0"/>
<pin id="399" dir="1" index="9" bw="8" slack="0"/>
</pin_list>
<bind>
<opcode="sparsemux(1197) " fcode="sparsemux"/>
<opset="tmp_21/16 "/>
</bind>
</comp>

<comp id="407" class="1004" name="tmp_22_fu_407">
<pin_list>
<pin id="408" dir="0" index="0" bw="8" slack="0"/>
<pin id="409" dir="0" index="1" bw="2" slack="0"/>
<pin id="410" dir="0" index="2" bw="8" slack="11"/>
<pin id="411" dir="0" index="3" bw="2" slack="0"/>
<pin id="412" dir="0" index="4" bw="8" slack="11"/>
<pin id="413" dir="0" index="5" bw="2" slack="0"/>
<pin id="414" dir="0" index="6" bw="8" slack="11"/>
<pin id="415" dir="0" index="7" bw="8" slack="0"/>
<pin id="416" dir="0" index="8" bw="2" slack="0"/>
<pin id="417" dir="1" index="9" bw="8" slack="0"/>
</pin_list>
<bind>
<opcode="sparsemux(1197) " fcode="sparsemux"/>
<opset="tmp_22/16 "/>
</bind>
</comp>

<comp id="425" class="1004" name="add_ln72_fu_425">
<pin_list>
<pin id="426" dir="0" index="0" bw="9" slack="0"/>
<pin id="427" dir="0" index="1" bw="1" slack="0"/>
<pin id="428" dir="1" index="2" bw="9" slack="0"/>
</pin_list>
<bind>
<opcode="add(8) " fcode="add"/>
<opset="add_ln72/17 "/>
</bind>
</comp>

<comp id="431" class="1004" name="icmp_ln72_fu_431">
<pin_list>
<pin id="432" dir="0" index="0" bw="9" slack="0"/>
<pin id="433" dir="0" index="1" bw="3" slack="0"/>
<pin id="434" dir="1" index="2" bw="1" slack="0"/>
</pin_list>
<bind>
<opcode="icmp(45) " fcode="icmp"/>
<opset="icmp_ln72/17 "/>
</bind>
</comp>

<comp id="437" class="1004" name="select_ln72_fu_437">
<pin_list>
<pin id="438" dir="0" index="0" bw="1" slack="0"/>
<pin id="439" dir="0" index="1" bw="1" slack="0"/>
<pin id="440" dir="0" index="2" bw="9" slack="0"/>
<pin id="441" dir="1" index="3" bw="9" slack="0"/>
</pin_list>
<bind>
<opcode="select(49) " fcode="select"/>
<opset="select_ln72/17 "/>
</bind>
</comp>

<comp id="445" class="1004" name="add_ln72_2_fu_445">
<pin_list>
<pin id="446" dir="0" index="0" bw="9" slack="0"/>
<pin id="447" dir="0" index="1" bw="1" slack="0"/>
<pin id="448" dir="1" index="2" bw="9" slack="0"/>
</pin_list>
<bind>
<opcode="add(8) " fcode="add"/>
<opset="add_ln72_2/17 "/>
</bind>
</comp>

<comp id="451" class="1004" name="icmp_ln72_2_fu_451">
<pin_list>
<pin id="452" dir="0" index="0" bw="9" slack="0"/>
<pin id="453" dir="0" index="1" bw="3" slack="0"/>
<pin id="454" dir="1" index="2" bw="1" slack="0"/>
</pin_list>
<bind>
<opcode="icmp(45) " fcode="icmp"/>
<opset="icmp_ln72_2/17 "/>
</bind>
</comp>

<comp id="457" class="1004" name="select_ln72_2_fu_457">
<pin_list>
<pin id="458" dir="0" index="0" bw="1" slack="0"/>
<pin id="459" dir="0" index="1" bw="1" slack="0"/>
<pin id="460" dir="0" index="2" bw="9" slack="0"/>
<pin id="461" dir="1" index="3" bw="9" slack="0"/>
</pin_list>
<bind>
<opcode="select(49) " fcode="select"/>
<opset="select_ln72_2/17 "/>
</bind>
</comp>

<comp id="465" class="1004" name="store_ln10_store_fu_465">
<pin_list>
<pin id="466" dir="0" index="0" bw="9" slack="15"/>
<pin id="467" dir="0" index="1" bw="9" slack="16"/>
<pin id="468" dir="1" index="2" bw="0" slack="2147483647"/>
</pin_list>
<bind>
<opcode="store(28) " fcode="store"/>
<opset="store_ln10/17 "/>
</bind>
</comp>

<comp id="469" class="1004" name="store_ln72_store_fu_469">
<pin_list>
<pin id="470" dir="0" index="0" bw="9" slack="0"/>
<pin id="471" dir="0" index="1" bw="9" slack="16"/>
<pin id="472" dir="1" index="2" bw="0" slack="2147483647"/>
</pin_list>
<bind>
<opcode="store(28) " fcode="store"/>
<opset="store_ln72/17 "/>
</bind>
</comp>

<comp id="474" class="1004" name="store_ln72_store_fu_474">
<pin_list>
<pin id="475" dir="0" index="0" bw="9" slack="0"/>
<pin id="476" dir="0" index="1" bw="9" slack="16"/>
<pin id="477" dir="1" index="2" bw="0" slack="2147483647"/>
</pin_list>
<bind>
<opcode="store(28) " fcode="store"/>
<opset="store_ln72/17 "/>
</bind>
</comp>

<comp id="479" class="1005" name="phi_urem69_reg_479">
<pin_list>
<pin id="480" dir="0" index="0" bw="9" slack="0"/>
<pin id="481" dir="1" index="1" bw="9" slack="0"/>
</pin_list>
<bind>
<opset="phi_urem69 "/>
</bind>
</comp>

<comp id="486" class="1005" name="phi_urem_reg_486">
<pin_list>
<pin id="487" dir="0" index="0" bw="9" slack="0"/>
<pin id="488" dir="1" index="1" bw="9" slack="0"/>
</pin_list>
<bind>
<opset="phi_urem "/>
</bind>
</comp>

<comp id="493" class="1005" name="row_4_reg_493">
<pin_list>
<pin id="494" dir="0" index="0" bw="9" slack="0"/>
<pin id="495" dir="1" index="1" bw="9" slack="0"/>
</pin_list>
<bind>
<opset="row_4 "/>
</bind>
</comp>

<comp id="500" class="1005" name="buffer_addr_reg_500">
<pin_list>
<pin id="501" dir="0" index="0" bw="10" slack="3"/>
<pin id="502" dir="1" index="1" bw="10" slack="3"/>
</pin_list>
<bind>
<opset="buffer_addr "/>
</bind>
</comp>

<comp id="505" class="1005" name="buffer_1_addr_reg_505">
<pin_list>
<pin id="506" dir="0" index="0" bw="10" slack="3"/>
<pin id="507" dir="1" index="1" bw="10" slack="3"/>
</pin_list>
<bind>
<opset="buffer_1_addr "/>
</bind>
</comp>

<comp id="510" class="1005" name="buffer_2_addr_reg_510">
<pin_list>
<pin id="511" dir="0" index="0" bw="10" slack="3"/>
<pin id="512" dir="1" index="1" bw="10" slack="3"/>
</pin_list>
<bind>
<opset="buffer_2_addr "/>
</bind>
</comp>

<comp id="515" class="1005" name="buffer_addr_2_reg_515">
<pin_list>
<pin id="516" dir="0" index="0" bw="10" slack="3"/>
<pin id="517" dir="1" index="1" bw="10" slack="3"/>
</pin_list>
<bind>
<opset="buffer_addr_2 "/>
</bind>
</comp>

<comp id="520" class="1005" name="buffer_1_addr_1_reg_520">
<pin_list>
<pin id="521" dir="0" index="0" bw="10" slack="3"/>
<pin id="522" dir="1" index="1" bw="10" slack="3"/>
</pin_list>
<bind>
<opset="buffer_1_addr_1 "/>
</bind>
</comp>

<comp id="525" class="1005" name="buffer_2_addr_1_reg_525">
<pin_list>
<pin id="526" dir="0" index="0" bw="10" slack="3"/>
<pin id="527" dir="1" index="1" bw="10" slack="3"/>
</pin_list>
<bind>
<opset="buffer_2_addr_1 "/>
</bind>
</comp>

<comp id="533" class="1005" name="rowsReceived_reg_533">
<pin_list>
<pin id="534" dir="0" index="0" bw="9" slack="15"/>
<pin id="535" dir="1" index="1" bw="9" slack="15"/>
</pin_list>
<bind>
<opset="rowsReceived "/>
</bind>
</comp>

<comp id="538" class="1005" name="zext_ln74_reg_538">
<pin_list>
<pin id="539" dir="0" index="0" bw="10" slack="1"/>
<pin id="540" dir="1" index="1" bw="10" slack="1"/>
</pin_list>
<bind>
<opset="zext_ln74 "/>
</bind>
</comp>

<comp id="544" class="1005" name="icmp_ln75_reg_544">
<pin_list>
<pin id="545" dir="0" index="0" bw="1" slack="1"/>
<pin id="546" dir="1" index="1" bw="1" slack="2147483647"/>
</pin_list>
<bind>
<opset="icmp_ln75 "/>
</bind>
</comp>

<comp id="548" class="1005" name="trunc_ln80_reg_548">
<pin_list>
<pin id="549" dir="0" index="0" bw="2" slack="1"/>
<pin id="550" dir="1" index="1" bw="2" slack="1"/>
</pin_list>
<bind>
<opset="trunc_ln80 "/>
</bind>
</comp>

<comp id="553" class="1005" name="tmp_27_reg_553">
<pin_list>
<pin id="554" dir="0" index="0" bw="1" slack="14"/>
<pin id="555" dir="1" index="1" bw="1" slack="2147483647"/>
</pin_list>
<bind>
<opset="tmp_27 "/>
</bind>
</comp>

<comp id="557" class="1005" name="hasTop_reg_557">
<pin_list>
<pin id="558" dir="0" index="0" bw="1" slack="13"/>
<pin id="559" dir="1" index="1" bw="1" slack="13"/>
</pin_list>
<bind>
<opset="hasTop "/>
</bind>
</comp>

<comp id="562" class="1005" name="hasBottom_reg_562">
<pin_list>
<pin id="563" dir="0" index="0" bw="1" slack="13"/>
<pin id="564" dir="1" index="1" bw="1" slack="13"/>
</pin_list>
<bind>
<opset="hasBottom "/>
</bind>
</comp>

<comp id="567" class="1005" name="add_ln103_reg_567">
<pin_list>
<pin id="568" dir="0" index="0" bw="10" slack="1"/>
<pin id="569" dir="1" index="1" bw="10" slack="1"/>
</pin_list>
<bind>
<opset="add_ln103 "/>
</bind>
</comp>

<comp id="572" class="1005" name="buffer_load_reg_572">
<pin_list>
<pin id="573" dir="0" index="0" bw="8" slack="11"/>
<pin id="574" dir="1" index="1" bw="8" slack="11"/>
</pin_list>
<bind>
<opset="buffer_load "/>
</bind>
</comp>

<comp id="579" class="1005" name="buffer_1_load_reg_579">
<pin_list>
<pin id="580" dir="0" index="0" bw="8" slack="11"/>
<pin id="581" dir="1" index="1" bw="8" slack="11"/>
</pin_list>
<bind>
<opset="buffer_1_load "/>
</bind>
</comp>

<comp id="586" class="1005" name="buffer_2_load_reg_586">
<pin_list>
<pin id="587" dir="0" index="0" bw="8" slack="11"/>
<pin id="588" dir="1" index="1" bw="8" slack="11"/>
</pin_list>
<bind>
<opset="buffer_2_load "/>
</bind>
</comp>

<comp id="593" class="1005" name="buffer_load_2_reg_593">
<pin_list>
<pin id="594" dir="0" index="0" bw="8" slack="11"/>
<pin id="595" dir="1" index="1" bw="8" slack="11"/>
</pin_list>
<bind>
<opset="buffer_load_2 "/>
</bind>
</comp>

<comp id="600" class="1005" name="buffer_1_load_1_reg_600">
<pin_list>
<pin id="601" dir="0" index="0" bw="8" slack="11"/>
<pin id="602" dir="1" index="1" bw="8" slack="11"/>
</pin_list>
<bind>
<opset="buffer_1_load_1 "/>
</bind>
</comp>

<comp id="607" class="1005" name="buffer_2_load_1_reg_607">
<pin_list>
<pin id="608" dir="0" index="0" bw="8" slack="11"/>
<pin id="609" dir="1" index="1" bw="8" slack="11"/>
</pin_list>
<bind>
<opset="buffer_2_load_1 "/>
</bind>
</comp>

<comp id="614" class="1005" name="select_ln12_reg_614">
<pin_list>
<pin id="615" dir="0" index="0" bw="2" slack="1"/>
<pin id="616" dir="1" index="1" bw="2" slack="1"/>
</pin_list>
<bind>
<opset="select_ln12 "/>
</bind>
</comp>

<comp id="619" class="1005" name="trunc_ln10_reg_619">
<pin_list>
<pin id="620" dir="0" index="0" bw="2" slack="1"/>
<pin id="621" dir="1" index="1" bw="2" slack="1"/>
</pin_list>
<bind>
<opset="trunc_ln10 "/>
</bind>
</comp>

<comp id="624" class="1005" name="tmp_reg_624">
<pin_list>
<pin id="625" dir="0" index="0" bw="8" slack="1"/>
<pin id="626" dir="1" index="1" bw="8" slack="1"/>
</pin_list>
<bind>
<opset="tmp "/>
</bind>
</comp>

<comp id="629" class="1005" name="tmp_s_reg_629">
<pin_list>
<pin id="630" dir="0" index="0" bw="8" slack="1"/>
<pin id="631" dir="1" index="1" bw="8" slack="1"/>
</pin_list>
<bind>
<opset="tmp_s "/>
</bind>
</comp>

<comp id="634" class="1005" name="tmp_19_reg_634">
<pin_list>
<pin id="635" dir="0" index="0" bw="8" slack="1"/>
<pin id="636" dir="1" index="1" bw="8" slack="1"/>
</pin_list>
<bind>
<opset="tmp_19 "/>
</bind>
</comp>

<comp id="639" class="1005" name="tmp_20_reg_639">
<pin_list>
<pin id="640" dir="0" index="0" bw="8" slack="1"/>
<pin id="641" dir="1" index="1" bw="8" slack="1"/>
</pin_list>
<bind>
<opset="tmp_20 "/>
</bind>
</comp>

<comp id="644" class="1005" name="tmp_21_reg_644">
<pin_list>
<pin id="645" dir="0" index="0" bw="8" slack="1"/>
<pin id="646" dir="1" index="1" bw="8" slack="1"/>
</pin_list>
<bind>
<opset="tmp_21 "/>
</bind>
</comp>

<comp id="649" class="1005" name="tmp_22_reg_649">
<pin_list>
<pin id="650" dir="0" index="0" bw="8" slack="1"/>
<pin id="651" dir="1" index="1" bw="8" slack="1"/>
</pin_list>
<bind>
<opset="tmp_22 "/>
</bind>
</comp>

</comp_list>

<net_list>
<net id="73"><net_src comp="4" pin="0"/><net_sink comp="70" pin=0"/></net>

<net id="77"><net_src comp="4" pin="0"/><net_sink comp="74" pin=0"/></net>

<net id="81"><net_src comp="4" pin="0"/><net_sink comp="78" pin=0"/></net>

<net id="85"><net_src comp="16" pin="0"/><net_sink comp="82" pin=0"/></net>

<net id="89"><net_src comp="16" pin="0"/><net_sink comp="86" pin=0"/></net>

<net id="93"><net_src comp="16" pin="0"/><net_sink comp="90" pin=0"/></net>

<net id="99"><net_src comp="82" pin="1"/><net_sink comp="94" pin=0"/></net>

<net id="100"><net_src comp="18" pin="0"/><net_sink comp="94" pin=1"/></net>

<net id="101"><net_src comp="18" pin="0"/><net_sink comp="94" pin=2"/></net>

<net id="107"><net_src comp="86" pin="1"/><net_sink comp="102" pin=0"/></net>

<net id="108"><net_src comp="18" pin="0"/><net_sink comp="102" pin=1"/></net>

<net id="109"><net_src comp="18" pin="0"/><net_sink comp="102" pin=2"/></net>

<net id="115"><net_src comp="90" pin="1"/><net_sink comp="110" pin=0"/></net>

<net id="116"><net_src comp="18" pin="0"/><net_sink comp="110" pin=1"/></net>

<net id="117"><net_src comp="18" pin="0"/><net_sink comp="110" pin=2"/></net>

<net id="123"><net_src comp="82" pin="1"/><net_sink comp="118" pin=0"/></net>

<net id="124"><net_src comp="18" pin="0"/><net_sink comp="118" pin=1"/></net>

<net id="125"><net_src comp="16" pin="0"/><net_sink comp="118" pin=2"/></net>

<net id="131"><net_src comp="86" pin="1"/><net_sink comp="126" pin=0"/></net>

<net id="132"><net_src comp="18" pin="0"/><net_sink comp="126" pin=1"/></net>

<net id="133"><net_src comp="16" pin="0"/><net_sink comp="126" pin=2"/></net>

<net id="139"><net_src comp="90" pin="1"/><net_sink comp="134" pin=0"/></net>

<net id="140"><net_src comp="18" pin="0"/><net_sink comp="134" pin=1"/></net>

<net id="141"><net_src comp="16" pin="0"/><net_sink comp="134" pin=2"/></net>

<net id="177"><net_src comp="36" pin="0"/><net_sink comp="169" pin=0"/></net>

<net id="178"><net_src comp="0" pin="0"/><net_sink comp="169" pin=4"/></net>

<net id="196"><net_src comp="66" pin="0"/><net_sink comp="179" pin=0"/></net>

<net id="197"><net_src comp="2" pin="0"/><net_sink comp="179" pin=9"/></net>

<net id="208"><net_src comp="20" pin="0"/><net_sink comp="204" pin=0"/></net>

<net id="213"><net_src comp="20" pin="0"/><net_sink comp="209" pin=0"/></net>

<net id="218"><net_src comp="20" pin="0"/><net_sink comp="214" pin=0"/></net>

<net id="226"><net_src comp="219" pin="1"/><net_sink comp="222" pin=0"/></net>

<net id="227"><net_src comp="22" pin="0"/><net_sink comp="222" pin=1"/></net>

<net id="232"><net_src comp="219" pin="1"/><net_sink comp="228" pin=0"/></net>

<net id="233"><net_src comp="28" pin="0"/><net_sink comp="228" pin=1"/></net>

<net id="237"><net_src comp="219" pin="1"/><net_sink comp="234" pin=0"/></net>

<net id="242"><net_src comp="219" pin="1"/><net_sink comp="238" pin=0"/></net>

<net id="243"><net_src comp="34" pin="0"/><net_sink comp="238" pin=1"/></net>

<net id="247"><net_src comp="198" pin="1"/><net_sink comp="244" pin=0"/></net>

<net id="248"><net_src comp="244" pin="1"/><net_sink comp="169" pin=5"/></net>

<net id="253"><net_src comp="38" pin="0"/><net_sink comp="249" pin=1"/></net>

<net id="259"><net_src comp="40" pin="0"/><net_sink comp="254" pin=0"/></net>

<net id="260"><net_src comp="249" pin="2"/><net_sink comp="254" pin=1"/></net>

<net id="261"><net_src comp="42" pin="0"/><net_sink comp="254" pin=2"/></net>

<net id="266"><net_src comp="249" pin="2"/><net_sink comp="262" pin=0"/></net>

<net id="267"><net_src comp="44" pin="0"/><net_sink comp="262" pin=1"/></net>

<net id="272"><net_src comp="249" pin="2"/><net_sink comp="268" pin=0"/></net>

<net id="273"><net_src comp="46" pin="0"/><net_sink comp="268" pin=1"/></net>

<net id="278"><net_src comp="48" pin="0"/><net_sink comp="274" pin=1"/></net>

<net id="283"><net_src comp="274" pin="2"/><net_sink comp="279" pin=0"/></net>

<net id="284"><net_src comp="50" pin="0"/><net_sink comp="279" pin=1"/></net>

<net id="288"><net_src comp="279" pin="2"/><net_sink comp="285" pin=0"/></net>

<net id="294"><net_src comp="40" pin="0"/><net_sink comp="289" pin=0"/></net>

<net id="295"><net_src comp="279" pin="2"/><net_sink comp="289" pin=1"/></net>

<net id="296"><net_src comp="52" pin="0"/><net_sink comp="289" pin=2"/></net>

<net id="301"><net_src comp="285" pin="1"/><net_sink comp="297" pin=0"/></net>

<net id="302"><net_src comp="54" pin="0"/><net_sink comp="297" pin=1"/></net>

<net id="308"><net_src comp="289" pin="3"/><net_sink comp="303" pin=0"/></net>

<net id="309"><net_src comp="297" pin="2"/><net_sink comp="303" pin=1"/></net>

<net id="310"><net_src comp="285" pin="1"/><net_sink comp="303" pin=2"/></net>

<net id="311"><net_src comp="303" pin="3"/><net_sink comp="179" pin=13"/></net>

<net id="315"><net_src comp="201" pin="1"/><net_sink comp="312" pin=0"/></net>

<net id="316"><net_src comp="312" pin="1"/><net_sink comp="179" pin=14"/></net>

<net id="328"><net_src comp="56" pin="0"/><net_sink comp="317" pin=0"/></net>

<net id="329"><net_src comp="58" pin="0"/><net_sink comp="317" pin=1"/></net>

<net id="330"><net_src comp="60" pin="0"/><net_sink comp="317" pin=3"/></net>

<net id="331"><net_src comp="62" pin="0"/><net_sink comp="317" pin=5"/></net>

<net id="332"><net_src comp="64" pin="0"/><net_sink comp="317" pin=7"/></net>

<net id="333"><net_src comp="303" pin="3"/><net_sink comp="317" pin=8"/></net>

<net id="334"><net_src comp="317" pin="9"/><net_sink comp="179" pin=6"/></net>

<net id="346"><net_src comp="56" pin="0"/><net_sink comp="335" pin=0"/></net>

<net id="347"><net_src comp="60" pin="0"/><net_sink comp="335" pin=1"/></net>

<net id="348"><net_src comp="62" pin="0"/><net_sink comp="335" pin=3"/></net>

<net id="349"><net_src comp="58" pin="0"/><net_sink comp="335" pin=5"/></net>

<net id="350"><net_src comp="64" pin="0"/><net_sink comp="335" pin=7"/></net>

<net id="351"><net_src comp="312" pin="1"/><net_sink comp="335" pin=8"/></net>

<net id="352"><net_src comp="335" pin="9"/><net_sink comp="179" pin=4"/></net>

<net id="364"><net_src comp="56" pin="0"/><net_sink comp="353" pin=0"/></net>

<net id="365"><net_src comp="58" pin="0"/><net_sink comp="353" pin=1"/></net>

<net id="366"><net_src comp="60" pin="0"/><net_sink comp="353" pin=3"/></net>

<net id="367"><net_src comp="62" pin="0"/><net_sink comp="353" pin=5"/></net>

<net id="368"><net_src comp="64" pin="0"/><net_sink comp="353" pin=7"/></net>

<net id="369"><net_src comp="312" pin="1"/><net_sink comp="353" pin=8"/></net>

<net id="370"><net_src comp="353" pin="9"/><net_sink comp="179" pin=2"/></net>

<net id="382"><net_src comp="56" pin="0"/><net_sink comp="371" pin=0"/></net>

<net id="383"><net_src comp="58" pin="0"/><net_sink comp="371" pin=1"/></net>

<net id="384"><net_src comp="60" pin="0"/><net_sink comp="371" pin=3"/></net>

<net id="385"><net_src comp="62" pin="0"/><net_sink comp="371" pin=5"/></net>

<net id="386"><net_src comp="64" pin="0"/><net_sink comp="371" pin=7"/></net>

<net id="387"><net_src comp="303" pin="3"/><net_sink comp="371" pin=8"/></net>

<net id="388"><net_src comp="371" pin="9"/><net_sink comp="179" pin=5"/></net>

<net id="400"><net_src comp="56" pin="0"/><net_sink comp="389" pin=0"/></net>

<net id="401"><net_src comp="60" pin="0"/><net_sink comp="389" pin=1"/></net>

<net id="402"><net_src comp="62" pin="0"/><net_sink comp="389" pin=3"/></net>

<net id="403"><net_src comp="58" pin="0"/><net_sink comp="389" pin=5"/></net>

<net id="404"><net_src comp="64" pin="0"/><net_sink comp="389" pin=7"/></net>

<net id="405"><net_src comp="312" pin="1"/><net_sink comp="389" pin=8"/></net>

<net id="406"><net_src comp="389" pin="9"/><net_sink comp="179" pin=3"/></net>

<net id="418"><net_src comp="56" pin="0"/><net_sink comp="407" pin=0"/></net>

<net id="419"><net_src comp="58" pin="0"/><net_sink comp="407" pin=1"/></net>

<net id="420"><net_src comp="60" pin="0"/><net_sink comp="407" pin=3"/></net>

<net id="421"><net_src comp="62" pin="0"/><net_sink comp="407" pin=5"/></net>

<net id="422"><net_src comp="64" pin="0"/><net_sink comp="407" pin=7"/></net>

<net id="423"><net_src comp="312" pin="1"/><net_sink comp="407" pin=8"/></net>

<net id="424"><net_src comp="407" pin="9"/><net_sink comp="179" pin=1"/></net>

<net id="429"><net_src comp="201" pin="1"/><net_sink comp="425" pin=0"/></net>

<net id="430"><net_src comp="28" pin="0"/><net_sink comp="425" pin=1"/></net>

<net id="435"><net_src comp="201" pin="1"/><net_sink comp="431" pin=0"/></net>

<net id="436"><net_src comp="68" pin="0"/><net_sink comp="431" pin=1"/></net>

<net id="442"><net_src comp="431" pin="2"/><net_sink comp="437" pin=0"/></net>

<net id="443"><net_src comp="20" pin="0"/><net_sink comp="437" pin=1"/></net>

<net id="444"><net_src comp="425" pin="2"/><net_sink comp="437" pin=2"/></net>

<net id="449"><net_src comp="198" pin="1"/><net_sink comp="445" pin=0"/></net>

<net id="450"><net_src comp="28" pin="0"/><net_sink comp="445" pin=1"/></net>

<net id="455"><net_src comp="198" pin="1"/><net_sink comp="451" pin=0"/></net>

<net id="456"><net_src comp="68" pin="0"/><net_sink comp="451" pin=1"/></net>

<net id="462"><net_src comp="451" pin="2"/><net_sink comp="457" pin=0"/></net>

<net id="463"><net_src comp="20" pin="0"/><net_sink comp="457" pin=1"/></net>

<net id="464"><net_src comp="445" pin="2"/><net_sink comp="457" pin=2"/></net>

<net id="473"><net_src comp="457" pin="3"/><net_sink comp="469" pin=0"/></net>

<net id="478"><net_src comp="437" pin="3"/><net_sink comp="474" pin=0"/></net>

<net id="482"><net_src comp="70" pin="1"/><net_sink comp="479" pin=0"/></net>

<net id="483"><net_src comp="479" pin="1"/><net_sink comp="214" pin=1"/></net>

<net id="484"><net_src comp="479" pin="1"/><net_sink comp="201" pin=0"/></net>

<net id="485"><net_src comp="479" pin="1"/><net_sink comp="474" pin=1"/></net>

<net id="489"><net_src comp="74" pin="1"/><net_sink comp="486" pin=0"/></net>

<net id="490"><net_src comp="486" pin="1"/><net_sink comp="209" pin=1"/></net>

<net id="491"><net_src comp="486" pin="1"/><net_sink comp="198" pin=0"/></net>

<net id="492"><net_src comp="486" pin="1"/><net_sink comp="469" pin=1"/></net>

<net id="496"><net_src comp="78" pin="1"/><net_sink comp="493" pin=0"/></net>

<net id="497"><net_src comp="493" pin="1"/><net_sink comp="204" pin=1"/></net>

<net id="498"><net_src comp="493" pin="1"/><net_sink comp="219" pin=0"/></net>

<net id="499"><net_src comp="493" pin="1"/><net_sink comp="465" pin=1"/></net>

<net id="503"><net_src comp="94" pin="3"/><net_sink comp="500" pin=0"/></net>

<net id="504"><net_src comp="500" pin="1"/><net_sink comp="142" pin=2"/></net>

<net id="508"><net_src comp="102" pin="3"/><net_sink comp="505" pin=0"/></net>

<net id="509"><net_src comp="505" pin="1"/><net_sink comp="151" pin=2"/></net>

<net id="513"><net_src comp="110" pin="3"/><net_sink comp="510" pin=0"/></net>

<net id="514"><net_src comp="510" pin="1"/><net_sink comp="160" pin=2"/></net>

<net id="518"><net_src comp="118" pin="3"/><net_sink comp="515" pin=0"/></net>

<net id="519"><net_src comp="515" pin="1"/><net_sink comp="142" pin=0"/></net>

<net id="523"><net_src comp="126" pin="3"/><net_sink comp="520" pin=0"/></net>

<net id="524"><net_src comp="520" pin="1"/><net_sink comp="151" pin=0"/></net>

<net id="528"><net_src comp="134" pin="3"/><net_sink comp="525" pin=0"/></net>

<net id="529"><net_src comp="525" pin="1"/><net_sink comp="160" pin=0"/></net>

<net id="536"><net_src comp="228" pin="2"/><net_sink comp="533" pin=0"/></net>

<net id="537"><net_src comp="533" pin="1"/><net_sink comp="465" pin=0"/></net>

<net id="541"><net_src comp="234" pin="1"/><net_sink comp="538" pin=0"/></net>

<net id="542"><net_src comp="538" pin="1"/><net_sink comp="249" pin=0"/></net>

<net id="543"><net_src comp="538" pin="1"/><net_sink comp="274" pin=0"/></net>

<net id="547"><net_src comp="238" pin="2"/><net_sink comp="544" pin=0"/></net>

<net id="551"><net_src comp="244" pin="1"/><net_sink comp="548" pin=0"/></net>

<net id="552"><net_src comp="548" pin="1"/><net_sink comp="169" pin=5"/></net>

<net id="556"><net_src comp="254" pin="3"/><net_sink comp="553" pin=0"/></net>

<net id="560"><net_src comp="262" pin="2"/><net_sink comp="557" pin=0"/></net>

<net id="561"><net_src comp="557" pin="1"/><net_sink comp="179" pin=8"/></net>

<net id="565"><net_src comp="268" pin="2"/><net_sink comp="562" pin=0"/></net>

<net id="566"><net_src comp="562" pin="1"/><net_sink comp="179" pin=7"/></net>

<net id="570"><net_src comp="274" pin="2"/><net_sink comp="567" pin=0"/></net>

<net id="571"><net_src comp="567" pin="1"/><net_sink comp="279" pin=0"/></net>

<net id="575"><net_src comp="142" pin="7"/><net_sink comp="572" pin=0"/></net>

<net id="576"><net_src comp="572" pin="1"/><net_sink comp="317" pin=2"/></net>

<net id="577"><net_src comp="572" pin="1"/><net_sink comp="335" pin=2"/></net>

<net id="578"><net_src comp="572" pin="1"/><net_sink comp="353" pin=2"/></net>

<net id="582"><net_src comp="151" pin="7"/><net_sink comp="579" pin=0"/></net>

<net id="583"><net_src comp="579" pin="1"/><net_sink comp="317" pin=4"/></net>

<net id="584"><net_src comp="579" pin="1"/><net_sink comp="335" pin=4"/></net>

<net id="585"><net_src comp="579" pin="1"/><net_sink comp="353" pin=4"/></net>

<net id="589"><net_src comp="160" pin="7"/><net_sink comp="586" pin=0"/></net>

<net id="590"><net_src comp="586" pin="1"/><net_sink comp="317" pin=6"/></net>

<net id="591"><net_src comp="586" pin="1"/><net_sink comp="335" pin=6"/></net>

<net id="592"><net_src comp="586" pin="1"/><net_sink comp="353" pin=6"/></net>

<net id="596"><net_src comp="142" pin="3"/><net_sink comp="593" pin=0"/></net>

<net id="597"><net_src comp="593" pin="1"/><net_sink comp="371" pin=2"/></net>

<net id="598"><net_src comp="593" pin="1"/><net_sink comp="389" pin=2"/></net>

<net id="599"><net_src comp="593" pin="1"/><net_sink comp="407" pin=2"/></net>

<net id="603"><net_src comp="151" pin="3"/><net_sink comp="600" pin=0"/></net>

<net id="604"><net_src comp="600" pin="1"/><net_sink comp="371" pin=4"/></net>

<net id="605"><net_src comp="600" pin="1"/><net_sink comp="389" pin=4"/></net>

<net id="606"><net_src comp="600" pin="1"/><net_sink comp="407" pin=4"/></net>

<net id="610"><net_src comp="160" pin="3"/><net_sink comp="607" pin=0"/></net>

<net id="611"><net_src comp="607" pin="1"/><net_sink comp="371" pin=6"/></net>

<net id="612"><net_src comp="607" pin="1"/><net_sink comp="389" pin=6"/></net>

<net id="613"><net_src comp="607" pin="1"/><net_sink comp="407" pin=6"/></net>

<net id="617"><net_src comp="303" pin="3"/><net_sink comp="614" pin=0"/></net>

<net id="618"><net_src comp="614" pin="1"/><net_sink comp="179" pin=13"/></net>

<net id="622"><net_src comp="312" pin="1"/><net_sink comp="619" pin=0"/></net>

<net id="623"><net_src comp="619" pin="1"/><net_sink comp="179" pin=14"/></net>

<net id="627"><net_src comp="317" pin="9"/><net_sink comp="624" pin=0"/></net>

<net id="628"><net_src comp="624" pin="1"/><net_sink comp="179" pin=6"/></net>

<net id="632"><net_src comp="335" pin="9"/><net_sink comp="629" pin=0"/></net>

<net id="633"><net_src comp="629" pin="1"/><net_sink comp="179" pin=4"/></net>

<net id="637"><net_src comp="353" pin="9"/><net_sink comp="634" pin=0"/></net>

<net id="638"><net_src comp="634" pin="1"/><net_sink comp="179" pin=2"/></net>

<net id="642"><net_src comp="371" pin="9"/><net_sink comp="639" pin=0"/></net>

<net id="643"><net_src comp="639" pin="1"/><net_sink comp="179" pin=5"/></net>

<net id="647"><net_src comp="389" pin="9"/><net_sink comp="644" pin=0"/></net>

<net id="648"><net_src comp="644" pin="1"/><net_sink comp="179" pin=3"/></net>

<net id="652"><net_src comp="407" pin="9"/><net_sink comp="649" pin=0"/></net>

<net id="653"><net_src comp="649" pin="1"/><net_sink comp="179" pin=1"/></net>

</net_list>

</model> 
---------------- Datapath Model END ------------------

* FSMD analyzer results:
  - Output states:
	Port: hyst3_out | {16 17 }
 - Input state : 
	Port: hysteresis<3> : hyst2_out | {2 3 }
  - Chain level:
	State 1
		buffer_addr : 1
		buffer_1_addr : 1
		buffer_2_addr : 1
		buffer_addr_2 : 1
		buffer_1_addr_1 : 1
		buffer_2_addr_1 : 1
		store_ln10 : 1
		store_ln0 : 1
		store_ln0 : 1
	State 2
		icmp_ln74 : 1
		rowsReceived : 1
		br_ln74 : 2
		zext_ln74 : 1
		icmp_ln75 : 1
		br_ln75 : 2
		trunc_ln80 : 1
		call_ln80 : 2
	State 3
		tmp_27 : 1
		br_ln87 : 2
		hasTop : 1
		hasBottom : 1
		result : 1
	State 4
	State 5
	State 6
	State 7
	State 8
	State 9
	State 10
	State 11
	State 12
	State 13
	State 14
	State 15
	State 16
		trunc_ln11 : 1
		tmp_28 : 1
		add_ln12 : 2
		select_ln12 : 3
		trunc_ln10 : 1
		tmp : 4
		tmp_s : 2
		tmp_19 : 2
		tmp_20 : 4
		tmp_21 : 2
		tmp_22 : 2
		call_ln139 : 5
	State 17
		add_ln72 : 1
		icmp_ln72 : 1
		select_ln72 : 2
		add_ln72_2 : 1
		icmp_ln72_2 : 1
		select_ln72_2 : 2
		store_ln72 : 3
		store_ln72 : 3


============================================================
+ Verbose Summary: Datapath Resource usage 
============================================================

* Functional unit list:
|----------|---------------------------------------------------|---------|---------|---------|
| Operation|                  Functional Unit                  |  Delay  |    FF   |   LUT   |
|----------|---------------------------------------------------|---------|---------|---------|
|   call   |  grp_hysteresis_3_Pipeline_VITIS_LOOP_78_2_fu_169 |    0    |    22   |    34   |
|          | grp_hysteresis_3_Pipeline_VITIS_LOOP_143_5_fu_179 |  1.281  |   125   |   409   |
|----------|---------------------------------------------------|---------|---------|---------|
|   srem   |                     grp_fu_279                    |    0    |   131   |    56   |
|----------|---------------------------------------------------|---------|---------|---------|
|          |                  icmp_ln74_fu_222                 |    0    |    0    |    16   |
|          |                  icmp_ln75_fu_238                 |    0    |    0    |    16   |
|   icmp   |                   hasTop_fu_262                   |    0    |    0    |    17   |
|          |                  hasBottom_fu_268                 |    0    |    0    |    17   |
|          |                  icmp_ln72_fu_431                 |    0    |    0    |    16   |
|          |                 icmp_ln72_2_fu_451                |    0    |    0    |    16   |
|----------|---------------------------------------------------|---------|---------|---------|
|          |                rowsReceived_fu_228                |    0    |    0    |    16   |
|          |                  outputRow_fu_249                 |    0    |    0    |    16   |
|    add   |                  add_ln103_fu_274                 |    0    |    0    |    16   |
|          |                  add_ln12_fu_297                  |    0    |    0    |    9    |
|          |                  add_ln72_fu_425                  |    0    |    0    |    16   |
|          |                 add_ln72_2_fu_445                 |    0    |    0    |    16   |
|----------|---------------------------------------------------|---------|---------|---------|
|          |                     tmp_fu_317                    |    0    |    0    |    9    |
|          |                    tmp_s_fu_335                   |    0    |    0    |    9    |
| sparsemux|                   tmp_19_fu_353                   |    0    |    0    |    9    |
|          |                   tmp_20_fu_371                   |    0    |    0    |    9    |
|          |                   tmp_21_fu_389                   |    0    |    0    |    9    |
|          |                   tmp_22_fu_407                   |    0    |    0    |    9    |
|----------|---------------------------------------------------|---------|---------|---------|
|          |                 select_ln12_fu_303                |    0    |    0    |    2    |
|  select  |                 select_ln72_fu_437                |    0    |    0    |    9    |
|          |                select_ln72_2_fu_457               |    0    |    0    |    9    |
|----------|---------------------------------------------------|---------|---------|---------|
|   zext   |                  zext_ln74_fu_234                 |    0    |    0    |    0    |
|----------|---------------------------------------------------|---------|---------|---------|
|          |                 trunc_ln80_fu_244                 |    0    |    0    |    0    |
|   trunc  |                 trunc_ln11_fu_285                 |    0    |    0    |    0    |
|          |                 trunc_ln10_fu_312                 |    0    |    0    |    0    |
|----------|---------------------------------------------------|---------|---------|---------|
| bitselect|                   tmp_27_fu_254                   |    0    |    0    |    0    |
|          |                   tmp_28_fu_289                   |    0    |    0    |    0    |
|----------|---------------------------------------------------|---------|---------|---------|
|   Total  |                                                   |  1.281  |   278   |   760   |
|----------|---------------------------------------------------|---------|---------|---------|

Memories:
+--------+--------+--------+--------+--------+
|        |  BRAM  |   FF   |   LUT  |  URAM  |
+--------+--------+--------+--------+--------+
| buffer |    1   |    0   |    0   |    0   |
|buffer_1|    1   |    0   |    0   |    0   |
|buffer_2|    1   |    0   |    0   |    0   |
+--------+--------+--------+--------+--------+
|  Total |    3   |    0   |    0   |    0   |
+--------+--------+--------+--------+--------+

* Register list:
+-----------------------+--------+
|                       |   FF   |
+-----------------------+--------+
|   add_ln103_reg_567   |   10   |
|buffer_1_addr_1_reg_520|   10   |
| buffer_1_addr_reg_505 |   10   |
|buffer_1_load_1_reg_600|    8   |
| buffer_1_load_reg_579 |    8   |
|buffer_2_addr_1_reg_525|   10   |
| buffer_2_addr_reg_510 |   10   |
|buffer_2_load_1_reg_607|    8   |
| buffer_2_load_reg_586 |    8   |
| buffer_addr_2_reg_515 |   10   |
|  buffer_addr_reg_500  |   10   |
| buffer_load_2_reg_593 |    8   |
|  buffer_load_reg_572  |    8   |
|   hasBottom_reg_562   |    1   |
|     hasTop_reg_557    |    1   |
|   icmp_ln75_reg_544   |    1   |
|   phi_urem69_reg_479  |    9   |
|    phi_urem_reg_486   |    9   |
|     row_4_reg_493     |    9   |
|  rowsReceived_reg_533 |    9   |
|  select_ln12_reg_614  |    2   |
|     tmp_19_reg_634    |    8   |
|     tmp_20_reg_639    |    8   |
|     tmp_21_reg_644    |    8   |
|     tmp_22_reg_649    |    8   |
|     tmp_27_reg_553    |    1   |
|      tmp_reg_624      |    8   |
|     tmp_s_reg_629     |    8   |
|   trunc_ln10_reg_619  |    2   |
|   trunc_ln80_reg_548  |    2   |
|   zext_ln74_reg_538   |   10   |
+-----------------------+--------+
|         Total         |   222  |
+-----------------------+--------+

* Multiplexer (MUX) list: 
|---------------------------------------------------|------|------|------|--------||---------||---------||---------|
|                        Comp                       |  Pin | Size |  BW  | S x BW ||  Delay  ||    FF   ||   LUT   |
|---------------------------------------------------|------|------|------|--------||---------||---------||---------|
|  grp_hysteresis_3_Pipeline_VITIS_LOOP_78_2_fu_169 |  p5  |   2  |   2  |    4   ||    0    ||    9    |
| grp_hysteresis_3_Pipeline_VITIS_LOOP_143_5_fu_179 |  p1  |   2  |   8  |   16   ||    0    ||    9    |
| grp_hysteresis_3_Pipeline_VITIS_LOOP_143_5_fu_179 |  p2  |   2  |   8  |   16   ||    0    ||    9    |
| grp_hysteresis_3_Pipeline_VITIS_LOOP_143_5_fu_179 |  p3  |   2  |   8  |   16   ||    0    ||    9    |
| grp_hysteresis_3_Pipeline_VITIS_LOOP_143_5_fu_179 |  p4  |   2  |   8  |   16   ||    0    ||    9    |
| grp_hysteresis_3_Pipeline_VITIS_LOOP_143_5_fu_179 |  p5  |   2  |   8  |   16   ||    0    ||    9    |
| grp_hysteresis_3_Pipeline_VITIS_LOOP_143_5_fu_179 |  p6  |   2  |   8  |   16   ||    0    ||    9    |
| grp_hysteresis_3_Pipeline_VITIS_LOOP_143_5_fu_179 |  p13 |   2  |   2  |    4   ||    0    ||    9    |
| grp_hysteresis_3_Pipeline_VITIS_LOOP_143_5_fu_179 |  p14 |   2  |   2  |    4   ||    0    ||    9    |
|                     grp_fu_279                    |  p0  |   2  |  10  |   20   ||    0    ||    9    |
|---------------------------------------------------|------|------|------|--------||---------||---------||---------|
|                       Total                       |      |      |      |   128  ||   4.27  ||    0    ||    90   |
|---------------------------------------------------|------|------|------|--------||---------||---------||---------|



* Summary:
+-----------+--------+--------+--------+--------+--------+
|           |  BRAM  |  Delay |   FF   |   LUT  |  URAM  |
+-----------+--------+--------+--------+--------+--------+
|  Function |    -   |    1   |   278  |   760  |    -   |
|   Memory  |    3   |    -   |    0   |    0   |    0   |
|Multiplexer|    -   |    4   |    0   |   90   |    -   |
|  Register |    -   |    -   |   222  |    -   |    -   |
+-----------+--------+--------+--------+--------+--------+
|   Total   |    3   |    5   |   500  |   850  |    0   |
+-----------+--------+--------+--------+--------+--------+
