

================================================================
== Vitis HLS Report for 'hysteresis_4_Pipeline_VITIS_LOOP_143_5'
================================================================
* Date:           Sat Aug  1 12:52:06 2026

* Version:        2025.2 (Build 6295257 on Nov 14 2025)
* Project:        canny_top
* Solution:       hls (Vitis Kernel Flow Target)
* Product family: zynquplus
* Target device:  xck26-sfvc784-2LV-c


================================================================
== Performance Estimates
================================================================
+ Timing: 
    * Summary: 
    +--------+---------+----------+------------+
    |  Clock |  Target | Estimated| Uncertainty|
    +--------+---------+----------+------------+
    |ap_clk  |  5.00 ns|  2.849 ns|     1.35 ns|
    +--------+---------+----------+------------+

+ Latency: 
    * Summary: 
    +---------+---------+----------+----------+-----+-----+-------------------+
    |  Latency (cycles) |  Latency (absolute) |  Interval |      Pipeline     |
    |   min   |   max   |    min   |    max   | min | max |        Type       |
    +---------+---------+----------+----------+-----+-----+-------------------+
    |      515|      515|  2.575 us|  2.575 us|    0|    0|  loop pipeline stp|
    +---------+---------+----------+----------+-----+-----+-------------------+

    + Detail: 
        * Instance: 
        N/A

        * Loop: 
        +--------------------+---------+---------+----------+-----------+-----------+------+----------+
        |                    |  Latency (cycles) | Iteration|  Initiation Interval  | Trip |          |
        |      Loop Name     |   min   |   max   |  Latency |  achieved |   target  | Count| Pipelined|
        +--------------------+---------+---------+----------+-----------+-----------+------+----------+
        |- VITIS_LOOP_143_5  |      513|      513|         3|          1|          1|   512|       yes|
        +--------------------+---------+---------+----------+-----------+-----------+------+----------+

============================================================
+ Verbose Summary: Synthesis Manager
============================================================
InlineROM: 1
ExposeGlobal: 0
============================================================
+ Verbose Summary: CDFG Model
============================================================
IsTopModel: 0
ResetActiveHigh: 1
IsCombinational: 0
IsDatapathOnly: 0
HasWiredReturn: 1
HasMFsm: 2
HasVarLatency: 1
IsPipeline: 0
IsRtlPipelined: 0
IsInstanceOverlapped: 0
IsDontTouch: 0
HasImplIP: 0
IsGatedGlobalClock: 0

+ Individual pipeline summary: 
  * Pipeline-0: initiation interval (II) = 1, depth = 3


============================================================
+ Verbose Summary: Schedule
============================================================
* Number of FSM states : 3
* Pipeline : 1
  Pipeline-0 : II = 1, D = 3, States = { 1 2 3 }
* Dataflow Pipeline: 0

* FSM state transitions: 
1 --> 2 
2 --> 3 
3 --> 

* FSM state operations: 

State 1 <SV = 0> <Delay = 2.84>
ST_1 : Operation 6 [1/1] (0.00ns)   --->   "%column_5 = alloca i32 1" [../src/hysteresis.cpp:143]   --->   Operation 6 'alloca' 'column_5' <Predicate = true> <Delay = 0.00>
ST_1 : Operation 7 [1/1] (0.00ns)   --->   "%empty_60 = alloca i32 1"   --->   Operation 7 'alloca' 'empty_60' <Predicate = true> <Delay = 0.00>
ST_1 : Operation 8 [1/1] (0.00ns)   --->   "%empty_61 = alloca i32 1"   --->   Operation 8 'alloca' 'empty_61' <Predicate = true> <Delay = 0.00>
ST_1 : Operation 9 [1/1] (0.00ns)   --->   "%empty_62 = alloca i32 1"   --->   Operation 9 'alloca' 'empty_62' <Predicate = true> <Delay = 0.00>
ST_1 : Operation 10 [1/1] (0.00ns)   --->   "%centre = alloca i32 1" [../src/hysteresis.cpp:146]   --->   Operation 10 'alloca' 'centre' <Predicate = true> <Delay = 0.00>
ST_1 : Operation 11 [1/1] (0.00ns)   --->   "%empty_63 = alloca i32 1"   --->   Operation 11 'alloca' 'empty_63' <Predicate = true> <Delay = 0.00>
ST_1 : Operation 12 [1/1] (0.00ns)   --->   "%empty_64 = alloca i32 1"   --->   Operation 12 'alloca' 'empty_64' <Predicate = true> <Delay = 0.00>
ST_1 : Operation 13 [1/1] (0.00ns)   --->   "%empty_65 = alloca i32 1"   --->   Operation 13 'alloca' 'empty_65' <Predicate = true> <Delay = 0.00>
ST_1 : Operation 14 [1/1] (0.00ns)   --->   "%empty_66 = alloca i32 1"   --->   Operation 14 'alloca' 'empty_66' <Predicate = true> <Delay = 0.00>
ST_1 : Operation 15 [1/1] (0.00ns)   --->   "%empty_67 = alloca i32 1"   --->   Operation 15 'alloca' 'empty_67' <Predicate = true> <Delay = 0.00>
ST_1 : Operation 16 [1/1] (0.00ns)   --->   "%specinterface_ln0 = specinterface void @_ssdm_op_SpecInterface, i8 %hyst4_out, void @empty_11, i32 0, i32 0, void @empty_5, i32 0, i32 0, void @empty_5, void @empty_5, void @empty_5, i32 0, i32 0, i32 0, i32 0, void @empty_5, void @empty_5, i32 4294967295, i32 0, i32 0, i32 0"   --->   Operation 16 'specinterface' 'specinterface_ln0' <Predicate = true> <Delay = 0.00>
ST_1 : Operation 17 [1/1] (0.00ns)   --->   "%tmp_22 = read i2 @_ssdm_op_Read.ap_auto.i2, i2 %empty"   --->   Operation 17 'read' 'tmp_22' <Predicate = true> <Delay = 0.00>
ST_1 : Operation 18 [1/1] (0.00ns)   --->   "%select_ln12_read = read i2 @_ssdm_op_Read.ap_auto.i2, i2 %select_ln12"   --->   Operation 18 'read' 'select_ln12_read' <Predicate = true> <Delay = 0.00>
ST_1 : Operation 19 [1/1] (0.00ns)   --->   "%hasTop_read = read i1 @_ssdm_op_Read.ap_auto.i1, i1 %hasTop"   --->   Operation 19 'read' 'hasTop_read' <Predicate = true> <Delay = 0.00>
ST_1 : Operation 20 [1/1] (0.00ns)   --->   "%hasBottom_read = read i1 @_ssdm_op_Read.ap_auto.i1, i1 %hasBottom"   --->   Operation 20 'read' 'hasBottom_read' <Predicate = true> <Delay = 0.00>
ST_1 : Operation 21 [1/1] (0.00ns)   --->   "%tmp_read = read i8 @_ssdm_op_Read.ap_auto.i8, i8 %tmp"   --->   Operation 21 'read' 'tmp_read' <Predicate = true> <Delay = 0.00>
ST_1 : Operation 22 [1/1] (0.00ns)   --->   "%tmp_13_read = read i8 @_ssdm_op_Read.ap_auto.i8, i8 %tmp_13"   --->   Operation 22 'read' 'tmp_13_read' <Predicate = true> <Delay = 0.00>
ST_1 : Operation 23 [1/1] (0.00ns)   --->   "%tmp_read_68 = read i8 @_ssdm_op_Read.ap_auto.i8, i8 %tmp_s"   --->   Operation 23 'read' 'tmp_read_68' <Predicate = true> <Delay = 0.00>
ST_1 : Operation 24 [1/1] (0.00ns)   --->   "%tmp_14_read = read i8 @_ssdm_op_Read.ap_auto.i8, i8 %tmp_14"   --->   Operation 24 'read' 'tmp_14_read' <Predicate = true> <Delay = 0.00>
ST_1 : Operation 25 [1/1] (0.00ns)   --->   "%tmp_12_read = read i8 @_ssdm_op_Read.ap_auto.i8, i8 %tmp_12"   --->   Operation 25 'read' 'tmp_12_read' <Predicate = true> <Delay = 0.00>
ST_1 : Operation 26 [1/1] (0.00ns)   --->   "%tmp_15_read = read i8 @_ssdm_op_Read.ap_auto.i8, i8 %tmp_15"   --->   Operation 26 'read' 'tmp_15_read' <Predicate = true> <Delay = 0.00>
ST_1 : Operation 27 [1/1] (0.42ns)   --->   "%store_ln0 = store i8 %tmp_15_read, i8 %empty_67"   --->   Operation 27 'store' 'store_ln0' <Predicate = true> <Delay = 0.42>
ST_1 : Operation 28 [1/1] (0.42ns)   --->   "%store_ln0 = store i8 %tmp_12_read, i8 %empty_66"   --->   Operation 28 'store' 'store_ln0' <Predicate = true> <Delay = 0.42>
ST_1 : Operation 29 [1/1] (0.42ns)   --->   "%store_ln0 = store i8 %tmp_14_read, i8 %empty_65"   --->   Operation 29 'store' 'store_ln0' <Predicate = true> <Delay = 0.42>
ST_1 : Operation 30 [1/1] (0.42ns)   --->   "%store_ln0 = store i8 %tmp_13_read, i8 %empty_64"   --->   Operation 30 'store' 'store_ln0' <Predicate = true> <Delay = 0.42>
ST_1 : Operation 31 [1/1] (0.42ns)   --->   "%store_ln0 = store i8 %tmp_read, i8 %empty_63"   --->   Operation 31 'store' 'store_ln0' <Predicate = true> <Delay = 0.42>
ST_1 : Operation 32 [1/1] (0.42ns)   --->   "%store_ln146 = store i8 %tmp_read_68, i8 %centre" [../src/hysteresis.cpp:146]   --->   Operation 32 'store' 'store_ln146' <Predicate = true> <Delay = 0.42>
ST_1 : Operation 33 [1/1] (0.42ns)   --->   "%store_ln0 = store i8 %tmp_12_read, i8 %empty_62"   --->   Operation 33 'store' 'store_ln0' <Predicate = true> <Delay = 0.42>
ST_1 : Operation 34 [1/1] (0.42ns)   --->   "%store_ln0 = store i8 %tmp_read_68, i8 %empty_61"   --->   Operation 34 'store' 'store_ln0' <Predicate = true> <Delay = 0.42>
ST_1 : Operation 35 [1/1] (0.42ns)   --->   "%store_ln0 = store i8 %tmp_read, i8 %empty_60"   --->   Operation 35 'store' 'store_ln0' <Predicate = true> <Delay = 0.42>
ST_1 : Operation 36 [1/1] (0.42ns)   --->   "%store_ln143 = store i10 0, i10 %column_5" [../src/hysteresis.cpp:143]   --->   Operation 36 'store' 'store_ln143' <Predicate = true> <Delay = 0.42>
ST_1 : Operation 37 [1/1] (0.00ns)   --->   "%br_ln0 = br void %for.body53"   --->   Operation 37 'br' 'br_ln0' <Predicate = true> <Delay = 0.00>
ST_1 : Operation 38 [1/1] (0.00ns)   --->   "%column = load i10 %column_5" [../src/hysteresis.cpp:177]   --->   Operation 38 'load' 'column' <Predicate = true> <Delay = 0.00>
ST_1 : Operation 39 [1/1] (0.78ns)   --->   "%icmp_ln143 = icmp_eq  i10 %column, i10 512" [../src/hysteresis.cpp:143]   --->   Operation 39 'icmp' 'icmp_ln143' <Predicate = true> <Delay = 0.78> <CoreInst = "Cmp">   --->   Core 9 'Cmp' <Latency = 0> <II = 1> <Delay = 0.78> <FuncUnit> <Opcode : 'seteq' 'setne' 'setle' 'setge' 'setlt' 'setgt'> <InPorts = 2> <OutPorts = 1>
ST_1 : Operation 40 [1/1] (0.78ns)   --->   "%column_6 = add i10 %column, i10 1" [../src/hysteresis.cpp:143]   --->   Operation 40 'add' 'column_6' <Predicate = true> <Delay = 0.78> <CoreInst = "Adder">   --->   Core 1 'Adder' <Latency = 0> <II = 1> <Delay = 0.78> <FuncUnit> <Opcode : 'add' 'sub'> <InPorts = 2> <OutPorts = 1>
ST_1 : Operation 41 [1/1] (0.00ns)   --->   "%br_ln143 = br i1 %icmp_ln143, void %for.body53.split_ifconv, void %cleanup.loopexit.exitStub" [../src/hysteresis.cpp:143]   --->   Operation 41 'br' 'br_ln143' <Predicate = true> <Delay = 0.00>
ST_1 : Operation 42 [1/1] (0.78ns)   --->   "%hasLeft = icmp_ne  i10 %column, i10 0" [../src/hysteresis.cpp:148]   --->   Operation 42 'icmp' 'hasLeft' <Predicate = (!icmp_ln143)> <Delay = 0.78> <CoreInst = "Cmp">   --->   Core 9 'Cmp' <Latency = 0> <II = 1> <Delay = 0.78> <FuncUnit> <Opcode : 'seteq' 'setne' 'setle' 'setge' 'setlt' 'setgt'> <InPorts = 2> <OutPorts = 1>
ST_1 : Operation 43 [1/1] (0.78ns)   --->   "%hasRight = icmp_ult  i10 %column, i10 511" [../src/hysteresis.cpp:149]   --->   Operation 43 'icmp' 'hasRight' <Predicate = (!icmp_ln143)> <Delay = 0.78> <CoreInst = "Cmp">   --->   Core 9 'Cmp' <Latency = 0> <II = 1> <Delay = 0.78> <FuncUnit> <Opcode : 'seteq' 'setne' 'setle' 'setge' 'setlt' 'setgt'> <InPorts = 2> <OutPorts = 1>
ST_1 : Operation 44 [1/1] (0.78ns)   --->   "%add_ln177 = add i10 %column, i10 2" [../src/hysteresis.cpp:177]   --->   Operation 44 'add' 'add_ln177' <Predicate = (!icmp_ln143)> <Delay = 0.78> <CoreInst = "Adder">   --->   Core 1 'Adder' <Latency = 0> <II = 1> <Delay = 0.78> <FuncUnit> <Opcode : 'add' 'sub'> <InPorts = 2> <OutPorts = 1>
ST_1 : Operation 45 [1/1] (0.00ns)   --->   "%trunc_ln15 = trunc i10 %add_ln177" [../src/hysteresis.cpp:15->../src/hysteresis.cpp:177]   --->   Operation 45 'trunc' 'trunc_ln15' <Predicate = (!icmp_ln143)> <Delay = 0.00>
ST_1 : Operation 46 [1/1] (0.00ns)   --->   "%tmp_23 = bitselect i1 @_ssdm_op_BitSelect.i1.i10.i32, i10 %add_ln177, i32 9" [../src/hysteresis.cpp:18->../src/hysteresis.cpp:177]   --->   Operation 46 'bitselect' 'tmp_23' <Predicate = (!icmp_ln143)> <Delay = 0.00>
ST_1 : Operation 47 [1/1] (0.39ns)   --->   "%nextColumn = select i1 %tmp_23, i9 511, i9 %trunc_ln15" [../src/hysteresis.cpp:18->../src/hysteresis.cpp:177]   --->   Operation 47 'select' 'nextColumn' <Predicate = (!icmp_ln143)> <Delay = 0.39> <CoreInst = "Sel">   --->   Core 73 'Sel' <Latency = 0> <II = 1> <Delay = 0.39> <FuncUnit> <Opcode : 'select'> <InPorts = 3> <OutPorts = 1>
ST_1 : Operation 48 [1/1] (0.00ns)   --->   "%zext_ln184 = zext i9 %nextColumn" [../src/hysteresis.cpp:184]   --->   Operation 48 'zext' 'zext_ln184' <Predicate = (!icmp_ln143)> <Delay = 0.00>
ST_1 : Operation 49 [1/1] (0.00ns)   --->   "%buffer_addr = getelementptr i8 %buffer_r, i64 0, i64 %zext_ln184" [../src/hysteresis.cpp:184]   --->   Operation 49 'getelementptr' 'buffer_addr' <Predicate = (!icmp_ln143)> <Delay = 0.00>
ST_1 : Operation 50 [2/2] (1.23ns)   --->   "%banked = load i9 %buffer_addr" [../src/hysteresis.cpp:184]   --->   Operation 50 'load' 'banked' <Predicate = (!icmp_ln143)> <Delay = 1.23> <CoreInst = "RAM">   --->   Core 82 'RAM' <Latency = 1> <II = 1> <Delay = 1.23> <Storage> <Opcode : 'load' 'store'> <Ports = 2> <Width = 8> <Depth = 512> <RAM>
ST_1 : Operation 51 [1/1] (0.00ns)   --->   "%buffer_1_addr = getelementptr i8 %buffer_1, i64 0, i64 %zext_ln184" [../src/hysteresis.cpp:184]   --->   Operation 51 'getelementptr' 'buffer_1_addr' <Predicate = (!icmp_ln143)> <Delay = 0.00>
ST_1 : Operation 52 [1/1] (0.00ns)   --->   "%buffer_2_addr = getelementptr i8 %buffer_2, i64 0, i64 %zext_ln184" [../src/hysteresis.cpp:184]   --->   Operation 52 'getelementptr' 'buffer_2_addr' <Predicate = (!icmp_ln143)> <Delay = 0.00>
ST_1 : Operation 53 [2/2] (1.23ns)   --->   "%banked_3 = load i9 %buffer_1_addr" [../src/hysteresis.cpp:184]   --->   Operation 53 'load' 'banked_3' <Predicate = (!icmp_ln143)> <Delay = 1.23> <CoreInst = "RAM">   --->   Core 82 'RAM' <Latency = 1> <II = 1> <Delay = 1.23> <Storage> <Opcode : 'load' 'store'> <Ports = 2> <Width = 8> <Depth = 512> <RAM>
ST_1 : Operation 54 [2/2] (1.23ns)   --->   "%banked_4 = load i9 %buffer_2_addr" [../src/hysteresis.cpp:184]   --->   Operation 54 'load' 'banked_4' <Predicate = (!icmp_ln143)> <Delay = 1.23> <CoreInst = "RAM">   --->   Core 82 'RAM' <Latency = 1> <II = 1> <Delay = 1.23> <Storage> <Opcode : 'load' 'store'> <Ports = 2> <Width = 8> <Depth = 512> <RAM>
ST_1 : Operation 55 [1/1] (0.42ns)   --->   "%store_ln143 = store i10 %column_6, i10 %column_5" [../src/hysteresis.cpp:143]   --->   Operation 55 'store' 'store_ln143' <Predicate = (!icmp_ln143)> <Delay = 0.42>

State 2 <SV = 1> <Delay = 2.09>
ST_2 : Operation 56 [1/1] (0.00ns)   --->   "%centre_1 = load i8 %centre" [../src/hysteresis.cpp:153]   --->   Operation 56 'load' 'centre_1' <Predicate = true> <Delay = 0.00>
ST_2 : Operation 57 [1/1] (0.00ns)   --->   "%p_load14 = load i8 %empty_63" [../src/hysteresis.cpp:38->../src/hysteresis.cpp:158]   --->   Operation 57 'load' 'p_load14' <Predicate = true> <Delay = 0.00>
ST_2 : Operation 58 [1/1] (0.00ns)   --->   "%p_load13 = load i8 %empty_64" [../src/hysteresis.cpp:39->../src/hysteresis.cpp:158]   --->   Operation 58 'load' 'p_load13' <Predicate = true> <Delay = 0.00>
ST_2 : Operation 59 [1/1] (0.00ns)   --->   "%p_load12 = load i8 %empty_65" [../src/hysteresis.cpp:41->../src/hysteresis.cpp:158]   --->   Operation 59 'load' 'p_load12' <Predicate = true> <Delay = 0.00>
ST_2 : Operation 60 [1/1] (0.00ns)   --->   "%p_load11 = load i8 %empty_66" [../src/hysteresis.cpp:43->../src/hysteresis.cpp:158]   --->   Operation 60 'load' 'p_load11' <Predicate = true> <Delay = 0.00>
ST_2 : Operation 61 [1/1] (0.00ns)   --->   "%p_load = load i8 %empty_67" [../src/hysteresis.cpp:44->../src/hysteresis.cpp:158]   --->   Operation 61 'load' 'p_load' <Predicate = true> <Delay = 0.00>
ST_2 : Operation 62 [1/1] (0.00ns)   --->   "%p_load17 = load i8 %empty_60" [../src/hysteresis.cpp:37->../src/hysteresis.cpp:158]   --->   Operation 62 'load' 'p_load17' <Predicate = (!icmp_ln143)> <Delay = 0.00>
ST_2 : Operation 63 [1/1] (0.00ns)   --->   "%p_load16 = load i8 %empty_61" [../src/hysteresis.cpp:40->../src/hysteresis.cpp:158]   --->   Operation 63 'load' 'p_load16' <Predicate = (!icmp_ln143)> <Delay = 0.00>
ST_2 : Operation 64 [1/1] (0.00ns)   --->   "%p_load15 = load i8 %empty_62" [../src/hysteresis.cpp:42->../src/hysteresis.cpp:158]   --->   Operation 64 'load' 'p_load15' <Predicate = (!icmp_ln143)> <Delay = 0.00>
ST_2 : Operation 65 [1/1] (0.76ns)   --->   "%icmp_ln37 = icmp_eq  i8 %p_load17, i8 255" [../src/hysteresis.cpp:37->../src/hysteresis.cpp:158]   --->   Operation 65 'icmp' 'icmp_ln37' <Predicate = (!icmp_ln143)> <Delay = 0.76> <CoreInst = "Cmp">   --->   Core 9 'Cmp' <Latency = 0> <II = 1> <Delay = 0.76> <FuncUnit> <Opcode : 'seteq' 'setne' 'setle' 'setge' 'setlt' 'setgt'> <InPorts = 2> <OutPorts = 1>
ST_2 : Operation 66 [1/1] (0.00ns) (grouped into LUT with out node or_ln44_3)   --->   "%and_ln37 = and i1 %hasLeft, i1 %icmp_ln37" [../src/hysteresis.cpp:37->../src/hysteresis.cpp:158]   --->   Operation 66 'and' 'and_ln37' <Predicate = (!icmp_ln143)> <Delay = 0.00> <CoreInst = "LogicGate">   --->   Core 74 'LogicGate' <Latency = 0> <II = 1> <Delay = 0.28> <FuncUnit> <Opcode : 'and' 'or' 'xor'> <InPorts = 2> <OutPorts = 1>
ST_2 : Operation 67 [1/1] (0.76ns)   --->   "%icmp_ln40 = icmp_eq  i8 %p_load16, i8 255" [../src/hysteresis.cpp:40->../src/hysteresis.cpp:158]   --->   Operation 67 'icmp' 'icmp_ln40' <Predicate = (!icmp_ln143)> <Delay = 0.76> <CoreInst = "Cmp">   --->   Core 9 'Cmp' <Latency = 0> <II = 1> <Delay = 0.76> <FuncUnit> <Opcode : 'seteq' 'setne' 'setle' 'setge' 'setlt' 'setgt'> <InPorts = 2> <OutPorts = 1>
ST_2 : Operation 68 [1/1] (0.76ns)   --->   "%icmp_ln41 = icmp_eq  i8 %p_load12, i8 255" [../src/hysteresis.cpp:41->../src/hysteresis.cpp:158]   --->   Operation 68 'icmp' 'icmp_ln41' <Predicate = (!icmp_ln143)> <Delay = 0.76> <CoreInst = "Cmp">   --->   Core 9 'Cmp' <Latency = 0> <II = 1> <Delay = 0.76> <FuncUnit> <Opcode : 'seteq' 'setne' 'setle' 'setge' 'setlt' 'setgt'> <InPorts = 2> <OutPorts = 1>
ST_2 : Operation 69 [1/1] (0.00ns) (grouped into LUT with out node or_ln38)   --->   "%and_ln38 = and i1 %hasLeft, i1 %icmp_ln40" [../src/hysteresis.cpp:38->../src/hysteresis.cpp:158]   --->   Operation 69 'and' 'and_ln38' <Predicate = (!icmp_ln143)> <Delay = 0.00> <CoreInst = "LogicGate">   --->   Core 74 'LogicGate' <Latency = 0> <II = 1> <Delay = 0.28> <FuncUnit> <Opcode : 'and' 'or' 'xor'> <InPorts = 2> <OutPorts = 1>
ST_2 : Operation 70 [1/1] (0.00ns) (grouped into LUT with out node or_ln38)   --->   "%and_ln38_1 = and i1 %hasRight, i1 %icmp_ln41" [../src/hysteresis.cpp:38->../src/hysteresis.cpp:158]   --->   Operation 70 'and' 'and_ln38_1' <Predicate = (!icmp_ln143)> <Delay = 0.00> <CoreInst = "LogicGate">   --->   Core 74 'LogicGate' <Latency = 0> <II = 1> <Delay = 0.28> <FuncUnit> <Opcode : 'and' 'or' 'xor'> <InPorts = 2> <OutPorts = 1>
ST_2 : Operation 71 [1/1] (0.28ns) (out node of the LUT)   --->   "%or_ln38 = or i1 %and_ln38, i1 %and_ln38_1" [../src/hysteresis.cpp:38->../src/hysteresis.cpp:158]   --->   Operation 71 'or' 'or_ln38' <Predicate = (!icmp_ln143)> <Delay = 0.28> <CoreInst = "LogicGate">   --->   Core 74 'LogicGate' <Latency = 0> <II = 1> <Delay = 0.28> <FuncUnit> <Opcode : 'and' 'or' 'xor'> <InPorts = 2> <OutPorts = 1>
ST_2 : Operation 72 [1/1] (0.76ns)   --->   "%icmp_ln38 = icmp_eq  i8 %p_load14, i8 255" [../src/hysteresis.cpp:38->../src/hysteresis.cpp:158]   --->   Operation 72 'icmp' 'icmp_ln38' <Predicate = (!icmp_ln143)> <Delay = 0.76> <CoreInst = "Cmp">   --->   Core 9 'Cmp' <Latency = 0> <II = 1> <Delay = 0.76> <FuncUnit> <Opcode : 'seteq' 'setne' 'setle' 'setge' 'setlt' 'setgt'> <InPorts = 2> <OutPorts = 1>
ST_2 : Operation 73 [1/1] (0.76ns)   --->   "%icmp_ln39 = icmp_eq  i8 %p_load13, i8 255" [../src/hysteresis.cpp:39->../src/hysteresis.cpp:158]   --->   Operation 73 'icmp' 'icmp_ln39' <Predicate = (!icmp_ln143)> <Delay = 0.76> <CoreInst = "Cmp">   --->   Core 9 'Cmp' <Latency = 0> <II = 1> <Delay = 0.76> <FuncUnit> <Opcode : 'seteq' 'setne' 'setle' 'setge' 'setlt' 'setgt'> <InPorts = 2> <OutPorts = 1>
ST_2 : Operation 74 [1/1] (0.00ns) (grouped into LUT with out node or_ln44_3)   --->   "%and_ln38_2 = and i1 %hasRight, i1 %icmp_ln39" [../src/hysteresis.cpp:38->../src/hysteresis.cpp:158]   --->   Operation 74 'and' 'and_ln38_2' <Predicate = (!icmp_ln143)> <Delay = 0.00> <CoreInst = "LogicGate">   --->   Core 74 'LogicGate' <Latency = 0> <II = 1> <Delay = 0.28> <FuncUnit> <Opcode : 'and' 'or' 'xor'> <InPorts = 2> <OutPorts = 1>
ST_2 : Operation 75 [1/1] (0.00ns) (grouped into LUT with out node or_ln44_3)   --->   "%or_ln38_1 = or i1 %icmp_ln38, i1 %and_ln38_2" [../src/hysteresis.cpp:38->../src/hysteresis.cpp:158]   --->   Operation 75 'or' 'or_ln38_1' <Predicate = (!icmp_ln143)> <Delay = 0.00> <CoreInst = "LogicGate">   --->   Core 74 'LogicGate' <Latency = 0> <II = 1> <Delay = 0.28> <FuncUnit> <Opcode : 'and' 'or' 'xor'> <InPorts = 2> <OutPorts = 1>
ST_2 : Operation 76 [1/1] (0.00ns) (grouped into LUT with out node or_ln44_3)   --->   "%or_ln38_2 = or i1 %or_ln38_1, i1 %or_ln38" [../src/hysteresis.cpp:38->../src/hysteresis.cpp:158]   --->   Operation 76 'or' 'or_ln38_2' <Predicate = (!icmp_ln143)> <Delay = 0.00> <CoreInst = "LogicGate">   --->   Core 74 'LogicGate' <Latency = 0> <II = 1> <Delay = 0.28> <FuncUnit> <Opcode : 'and' 'or' 'xor'> <InPorts = 2> <OutPorts = 1>
ST_2 : Operation 77 [1/1] (0.28ns)   --->   "%and_ln42 = and i1 %hasBottom_read, i1 %hasLeft" [../src/hysteresis.cpp:42->../src/hysteresis.cpp:158]   --->   Operation 77 'and' 'and_ln42' <Predicate = (!icmp_ln143)> <Delay = 0.28> <CoreInst = "LogicGate">   --->   Core 74 'LogicGate' <Latency = 0> <II = 1> <Delay = 0.28> <FuncUnit> <Opcode : 'and' 'or' 'xor'> <InPorts = 2> <OutPorts = 1>
ST_2 : Operation 78 [1/1] (0.76ns)   --->   "%icmp_ln42 = icmp_eq  i8 %p_load15, i8 255" [../src/hysteresis.cpp:42->../src/hysteresis.cpp:158]   --->   Operation 78 'icmp' 'icmp_ln42' <Predicate = (!icmp_ln143)> <Delay = 0.76> <CoreInst = "Cmp">   --->   Core 9 'Cmp' <Latency = 0> <II = 1> <Delay = 0.76> <FuncUnit> <Opcode : 'seteq' 'setne' 'setle' 'setge' 'setlt' 'setgt'> <InPorts = 2> <OutPorts = 1>
ST_2 : Operation 79 [1/1] (0.76ns)   --->   "%icmp_ln43 = icmp_eq  i8 %p_load11, i8 255" [../src/hysteresis.cpp:43->../src/hysteresis.cpp:158]   --->   Operation 79 'icmp' 'icmp_ln43' <Predicate = (!icmp_ln143)> <Delay = 0.76> <CoreInst = "Cmp">   --->   Core 9 'Cmp' <Latency = 0> <II = 1> <Delay = 0.76> <FuncUnit> <Opcode : 'seteq' 'setne' 'setle' 'setge' 'setlt' 'setgt'> <InPorts = 2> <OutPorts = 1>
ST_2 : Operation 80 [1/1] (0.76ns)   --->   "%icmp_ln44 = icmp_eq  i8 %p_load, i8 255" [../src/hysteresis.cpp:44->../src/hysteresis.cpp:158]   --->   Operation 80 'icmp' 'icmp_ln44' <Predicate = (!icmp_ln143)> <Delay = 0.76> <CoreInst = "Cmp">   --->   Core 9 'Cmp' <Latency = 0> <II = 1> <Delay = 0.76> <FuncUnit> <Opcode : 'seteq' 'setne' 'setle' 'setge' 'setlt' 'setgt'> <InPorts = 2> <OutPorts = 1>
ST_2 : Operation 81 [1/1] (0.00ns) (grouped into LUT with out node and_ln44_1)   --->   "%and_ln44 = and i1 %hasRight, i1 %icmp_ln44" [../src/hysteresis.cpp:44->../src/hysteresis.cpp:158]   --->   Operation 81 'and' 'and_ln44' <Predicate = (!icmp_ln143)> <Delay = 0.00> <CoreInst = "LogicGate">   --->   Core 74 'LogicGate' <Latency = 0> <II = 1> <Delay = 0.28> <FuncUnit> <Opcode : 'and' 'or' 'xor'> <InPorts = 2> <OutPorts = 1>
ST_2 : Operation 82 [1/1] (0.28ns) (out node of the LUT)   --->   "%and_ln44_1 = and i1 %and_ln44, i1 %hasBottom_read" [../src/hysteresis.cpp:44->../src/hysteresis.cpp:158]   --->   Operation 82 'and' 'and_ln44_1' <Predicate = (!icmp_ln143)> <Delay = 0.28> <CoreInst = "LogicGate">   --->   Core 74 'LogicGate' <Latency = 0> <II = 1> <Delay = 0.28> <FuncUnit> <Opcode : 'and' 'or' 'xor'> <InPorts = 2> <OutPorts = 1>
ST_2 : Operation 83 [1/1] (0.76ns)   --->   "%icmp_ln153 = icmp_eq  i8 %centre_1, i8 255" [../src/hysteresis.cpp:153]   --->   Operation 83 'icmp' 'icmp_ln153' <Predicate = (!icmp_ln143)> <Delay = 0.76> <CoreInst = "Cmp">   --->   Core 9 'Cmp' <Latency = 0> <II = 1> <Delay = 0.76> <FuncUnit> <Opcode : 'seteq' 'setne' 'setle' 'setge' 'setlt' 'setgt'> <InPorts = 2> <OutPorts = 1>
ST_2 : Operation 84 [1/1] (0.76ns)   --->   "%icmp_ln153_1 = icmp_eq  i8 %centre_1, i8 128" [../src/hysteresis.cpp:153]   --->   Operation 84 'icmp' 'icmp_ln153_1' <Predicate = (!icmp_ln143)> <Delay = 0.76> <CoreInst = "Cmp">   --->   Core 9 'Cmp' <Latency = 0> <II = 1> <Delay = 0.76> <FuncUnit> <Opcode : 'seteq' 'setne' 'setle' 'setge' 'setlt' 'setgt'> <InPorts = 2> <OutPorts = 1>
ST_2 : Operation 85 [1/1] (0.00ns) (grouped into LUT with out node and_ln44_5)   --->   "%xor_ln91 = xor i1 %hasTop_read, i1 1" [../src/hysteresis.cpp:91]   --->   Operation 85 'xor' 'xor_ln91' <Predicate = (!icmp_ln143)> <Delay = 0.00> <CoreInst = "LogicGate">   --->   Core 74 'LogicGate' <Latency = 0> <II = 1> <Delay = 0.28> <FuncUnit> <Opcode : 'and' 'or' 'xor'> <InPorts = 2> <OutPorts = 1>
ST_2 : Operation 86 [1/1] (0.00ns) (grouped into LUT with out node and_ln44_5)   --->   "%and_ln38_3 = and i1 %or_ln38, i1 %xor_ln91" [../src/hysteresis.cpp:38->../src/hysteresis.cpp:158]   --->   Operation 86 'and' 'and_ln38_3' <Predicate = (!icmp_ln143)> <Delay = 0.00> <CoreInst = "LogicGate">   --->   Core 74 'LogicGate' <Latency = 0> <II = 1> <Delay = 0.28> <FuncUnit> <Opcode : 'and' 'or' 'xor'> <InPorts = 2> <OutPorts = 1>
ST_2 : Operation 87 [1/1] (0.00ns) (grouped into LUT with out node or_ln44_4)   --->   "%or_ln44 = or i1 %icmp_ln43, i1 %and_ln44_1" [../src/hysteresis.cpp:44->../src/hysteresis.cpp:158]   --->   Operation 87 'or' 'or_ln44' <Predicate = (!icmp_ln143)> <Delay = 0.00> <CoreInst = "LogicGate">   --->   Core 74 'LogicGate' <Latency = 0> <II = 1> <Delay = 0.28> <FuncUnit> <Opcode : 'and' 'or' 'xor'> <InPorts = 2> <OutPorts = 1>
ST_2 : Operation 88 [1/1] (0.00ns) (grouped into LUT with out node or_ln44_4)   --->   "%or_ln44_1 = or i1 %or_ln44, i1 %icmp_ln42" [../src/hysteresis.cpp:44->../src/hysteresis.cpp:158]   --->   Operation 88 'or' 'or_ln44_1' <Predicate = (!icmp_ln143)> <Delay = 0.00> <CoreInst = "LogicGate">   --->   Core 74 'LogicGate' <Latency = 0> <II = 1> <Delay = 0.28> <FuncUnit> <Opcode : 'and' 'or' 'xor'> <InPorts = 2> <OutPorts = 1>
ST_2 : Operation 89 [1/1] (0.00ns) (grouped into LUT with out node or_ln44_4)   --->   "%and_ln44_2 = and i1 %and_ln42, i1 %or_ln44_1" [../src/hysteresis.cpp:44->../src/hysteresis.cpp:158]   --->   Operation 89 'and' 'and_ln44_2' <Predicate = (!icmp_ln143)> <Delay = 0.00> <CoreInst = "LogicGate">   --->   Core 74 'LogicGate' <Latency = 0> <II = 1> <Delay = 0.28> <FuncUnit> <Opcode : 'and' 'or' 'xor'> <InPorts = 2> <OutPorts = 1>
ST_2 : Operation 90 [1/1] (0.00ns) (grouped into LUT with out node and_ln44_3)   --->   "%xor_ln42 = xor i1 %and_ln42, i1 1" [../src/hysteresis.cpp:42->../src/hysteresis.cpp:158]   --->   Operation 90 'xor' 'xor_ln42' <Predicate = (!icmp_ln143)> <Delay = 0.00> <CoreInst = "LogicGate">   --->   Core 74 'LogicGate' <Latency = 0> <II = 1> <Delay = 0.28> <FuncUnit> <Opcode : 'and' 'or' 'xor'> <InPorts = 2> <OutPorts = 1>
ST_2 : Operation 91 [1/1] (0.00ns) (grouped into LUT with out node and_ln44_3)   --->   "%and_ln43 = and i1 %icmp_ln43, i1 %xor_ln42" [../src/hysteresis.cpp:43->../src/hysteresis.cpp:158]   --->   Operation 91 'and' 'and_ln43' <Predicate = (!icmp_ln143)> <Delay = 0.00> <CoreInst = "LogicGate">   --->   Core 74 'LogicGate' <Latency = 0> <II = 1> <Delay = 0.28> <FuncUnit> <Opcode : 'and' 'or' 'xor'> <InPorts = 2> <OutPorts = 1>
ST_2 : Operation 92 [1/1] (0.00ns) (grouped into LUT with out node and_ln44_3)   --->   "%or_ln44_2 = or i1 %and_ln43, i1 %and_ln44_1" [../src/hysteresis.cpp:44->../src/hysteresis.cpp:158]   --->   Operation 92 'or' 'or_ln44_2' <Predicate = (!icmp_ln143)> <Delay = 0.00> <CoreInst = "LogicGate">   --->   Core 74 'LogicGate' <Latency = 0> <II = 1> <Delay = 0.28> <FuncUnit> <Opcode : 'and' 'or' 'xor'> <InPorts = 2> <OutPorts = 1>
ST_2 : Operation 93 [1/1] (0.28ns) (out node of the LUT)   --->   "%and_ln44_3 = and i1 %hasBottom_read, i1 %or_ln44_2" [../src/hysteresis.cpp:44->../src/hysteresis.cpp:158]   --->   Operation 93 'and' 'and_ln44_3' <Predicate = (!icmp_ln143)> <Delay = 0.28> <CoreInst = "LogicGate">   --->   Core 74 'LogicGate' <Latency = 0> <II = 1> <Delay = 0.28> <FuncUnit> <Opcode : 'and' 'or' 'xor'> <InPorts = 2> <OutPorts = 1>
ST_2 : Operation 94 [1/1] (0.28ns) (out node of the LUT)   --->   "%or_ln44_3 = or i1 %and_ln37, i1 %or_ln38_2" [../src/hysteresis.cpp:44->../src/hysteresis.cpp:158]   --->   Operation 94 'or' 'or_ln44_3' <Predicate = (!icmp_ln143)> <Delay = 0.28> <CoreInst = "LogicGate">   --->   Core 74 'LogicGate' <Latency = 0> <II = 1> <Delay = 0.28> <FuncUnit> <Opcode : 'and' 'or' 'xor'> <InPorts = 2> <OutPorts = 1>
ST_2 : Operation 95 [1/1] (0.00ns) (grouped into LUT with out node and_ln44_5)   --->   "%and_ln44_4 = and i1 %or_ln44_3, i1 %hasTop_read" [../src/hysteresis.cpp:44->../src/hysteresis.cpp:158]   --->   Operation 95 'and' 'and_ln44_4' <Predicate = (!icmp_ln143)> <Delay = 0.00> <CoreInst = "LogicGate">   --->   Core 74 'LogicGate' <Latency = 0> <II = 1> <Delay = 0.28> <FuncUnit> <Opcode : 'and' 'or' 'xor'> <InPorts = 2> <OutPorts = 1>
ST_2 : Operation 96 [1/1] (0.28ns) (out node of the LUT)   --->   "%or_ln44_4 = or i1 %and_ln44_2, i1 %and_ln44_3" [../src/hysteresis.cpp:44->../src/hysteresis.cpp:158]   --->   Operation 96 'or' 'or_ln44_4' <Predicate = (!icmp_ln143)> <Delay = 0.28> <CoreInst = "LogicGate">   --->   Core 74 'LogicGate' <Latency = 0> <II = 1> <Delay = 0.28> <FuncUnit> <Opcode : 'and' 'or' 'xor'> <InPorts = 2> <OutPorts = 1>
ST_2 : Operation 97 [1/1] (0.00ns) (grouped into LUT with out node and_ln44_5)   --->   "%or_ln44_5 = or i1 %or_ln44_4, i1 %and_ln38_3" [../src/hysteresis.cpp:44->../src/hysteresis.cpp:158]   --->   Operation 97 'or' 'or_ln44_5' <Predicate = (!icmp_ln143)> <Delay = 0.00> <CoreInst = "LogicGate">   --->   Core 74 'LogicGate' <Latency = 0> <II = 1> <Delay = 0.28> <FuncUnit> <Opcode : 'and' 'or' 'xor'> <InPorts = 2> <OutPorts = 1>
ST_2 : Operation 98 [1/1] (0.00ns) (grouped into LUT with out node and_ln44_5)   --->   "%or_ln44_6 = or i1 %or_ln44_5, i1 %and_ln44_4" [../src/hysteresis.cpp:44->../src/hysteresis.cpp:158]   --->   Operation 98 'or' 'or_ln44_6' <Predicate = (!icmp_ln143)> <Delay = 0.00> <CoreInst = "LogicGate">   --->   Core 74 'LogicGate' <Latency = 0> <II = 1> <Delay = 0.28> <FuncUnit> <Opcode : 'and' 'or' 'xor'> <InPorts = 2> <OutPorts = 1>
ST_2 : Operation 99 [1/1] (0.28ns) (out node of the LUT)   --->   "%and_ln44_5 = and i1 %icmp_ln153_1, i1 %or_ln44_6" [../src/hysteresis.cpp:44->../src/hysteresis.cpp:158]   --->   Operation 99 'and' 'and_ln44_5' <Predicate = (!icmp_ln143)> <Delay = 0.28> <CoreInst = "LogicGate">   --->   Core 74 'LogicGate' <Latency = 0> <II = 1> <Delay = 0.28> <FuncUnit> <Opcode : 'and' 'or' 'xor'> <InPorts = 2> <OutPorts = 1>
ST_2 : Operation 100 [1/2] ( I:1.23ns O:1.23ns )   --->   "%banked = load i9 %buffer_addr" [../src/hysteresis.cpp:184]   --->   Operation 100 'load' 'banked' <Predicate = (!icmp_ln143)> <Delay = 1.23> <CoreInst = "RAM">   --->   Core 82 'RAM' <Latency = 1> <II = 1> <Delay = 1.23> <Storage> <Opcode : 'load' 'store'> <Ports = 2> <Width = 8> <Depth = 512> <RAM>
ST_2 : Operation 101 [1/2] ( I:1.23ns O:1.23ns )   --->   "%banked_3 = load i9 %buffer_1_addr" [../src/hysteresis.cpp:184]   --->   Operation 101 'load' 'banked_3' <Predicate = (!icmp_ln143)> <Delay = 1.23> <CoreInst = "RAM">   --->   Core 82 'RAM' <Latency = 1> <II = 1> <Delay = 1.23> <Storage> <Opcode : 'load' 'store'> <Ports = 2> <Width = 8> <Depth = 512> <RAM>
ST_2 : Operation 102 [1/2] ( I:1.23ns O:1.23ns )   --->   "%banked_4 = load i9 %buffer_2_addr" [../src/hysteresis.cpp:184]   --->   Operation 102 'load' 'banked_4' <Predicate = (!icmp_ln143)> <Delay = 1.23> <CoreInst = "RAM">   --->   Core 82 'RAM' <Latency = 1> <II = 1> <Delay = 1.23> <Storage> <Opcode : 'load' 'store'> <Ports = 2> <Width = 8> <Depth = 512> <RAM>
ST_2 : Operation 103 [1/1] (0.42ns)   --->   "%tmp_16 = sparsemux i8 @_ssdm_op_SparseMux.ap_auto.3i8.i8.i2, i2 0, i8 %banked, i2 1, i8 %banked_3, i2 2, i8 %banked_4, i8 0, i2 %select_ln12_read" [../src/hysteresis.cpp:191]   --->   Operation 103 'sparsemux' 'tmp_16' <Predicate = (!icmp_ln143)> <Delay = 0.42> <CoreInst = "OneHotSparseMux_HasDef">   --->   Core 152 'OneHotSparseMux_HasDef' <Latency = 0> <II = 1> <Delay = 0.42> <FuncUnit> <Opcode : 'sparsemux'> <InPorts = 2> <OutPorts = 1>
ST_2 : Operation 104 [1/1] (0.42ns)   --->   "%tmp_17 = sparsemux i8 @_ssdm_op_SparseMux.ap_auto.3i8.i8.i2, i2 1, i8 %banked, i2 2, i8 %banked_3, i2 0, i8 %banked_4, i8 0, i2 %tmp_22" [../src/hysteresis.cpp:191]   --->   Operation 104 'sparsemux' 'tmp_17' <Predicate = (!icmp_ln143)> <Delay = 0.42> <CoreInst = "OneHotSparseMux_HasDef">   --->   Core 152 'OneHotSparseMux_HasDef' <Latency = 0> <II = 1> <Delay = 0.42> <FuncUnit> <Opcode : 'sparsemux'> <InPorts = 2> <OutPorts = 1>
ST_2 : Operation 105 [1/1] (0.42ns)   --->   "%tmp_18 = sparsemux i8 @_ssdm_op_SparseMux.ap_auto.3i8.i8.i2, i2 0, i8 %banked, i2 1, i8 %banked_3, i2 2, i8 %banked_4, i8 0, i2 %tmp_22" [../src/hysteresis.cpp:191]   --->   Operation 105 'sparsemux' 'tmp_18' <Predicate = (!icmp_ln143)> <Delay = 0.42> <CoreInst = "OneHotSparseMux_HasDef">   --->   Core 152 'OneHotSparseMux_HasDef' <Latency = 0> <II = 1> <Delay = 0.42> <FuncUnit> <Opcode : 'sparsemux'> <InPorts = 2> <OutPorts = 1>
ST_2 : Operation 106 [1/1] (0.42ns)   --->   "%store_ln191 = store i8 %tmp_18, i8 %empty_67" [../src/hysteresis.cpp:191]   --->   Operation 106 'store' 'store_ln191' <Predicate = (!icmp_ln143)> <Delay = 0.42>
ST_2 : Operation 107 [1/1] (0.42ns)   --->   "%store_ln44 = store i8 %p_load, i8 %empty_66" [../src/hysteresis.cpp:44->../src/hysteresis.cpp:158]   --->   Operation 107 'store' 'store_ln44' <Predicate = (!icmp_ln143)> <Delay = 0.42>
ST_2 : Operation 108 [1/1] (0.42ns)   --->   "%store_ln191 = store i8 %tmp_17, i8 %empty_65" [../src/hysteresis.cpp:191]   --->   Operation 108 'store' 'store_ln191' <Predicate = (!icmp_ln143)> <Delay = 0.42>
ST_2 : Operation 109 [1/1] (0.42ns)   --->   "%store_ln191 = store i8 %tmp_16, i8 %empty_64" [../src/hysteresis.cpp:191]   --->   Operation 109 'store' 'store_ln191' <Predicate = (!icmp_ln143)> <Delay = 0.42>
ST_2 : Operation 110 [1/1] (0.42ns)   --->   "%store_ln39 = store i8 %p_load13, i8 %empty_63" [../src/hysteresis.cpp:39->../src/hysteresis.cpp:158]   --->   Operation 110 'store' 'store_ln39' <Predicate = (!icmp_ln143)> <Delay = 0.42>
ST_2 : Operation 111 [1/1] (0.42ns)   --->   "%store_ln146 = store i8 %p_load12, i8 %centre" [../src/hysteresis.cpp:146]   --->   Operation 111 'store' 'store_ln146' <Predicate = (!icmp_ln143)> <Delay = 0.42>
ST_2 : Operation 112 [1/1] (0.42ns)   --->   "%store_ln43 = store i8 %p_load11, i8 %empty_62" [../src/hysteresis.cpp:43->../src/hysteresis.cpp:158]   --->   Operation 112 'store' 'store_ln43' <Predicate = (!icmp_ln143)> <Delay = 0.42>
ST_2 : Operation 113 [1/1] (0.42ns)   --->   "%store_ln153 = store i8 %centre_1, i8 %empty_61" [../src/hysteresis.cpp:153]   --->   Operation 113 'store' 'store_ln153' <Predicate = (!icmp_ln143)> <Delay = 0.42>
ST_2 : Operation 114 [1/1] (0.42ns)   --->   "%store_ln38 = store i8 %p_load14, i8 %empty_60" [../src/hysteresis.cpp:38->../src/hysteresis.cpp:158]   --->   Operation 114 'store' 'store_ln38' <Predicate = (!icmp_ln143)> <Delay = 0.42>
ST_2 : Operation 122 [1/1] (0.42ns)   --->   "%ret_ln0 = ret"   --->   Operation 122 'ret' 'ret_ln0' <Predicate = (icmp_ln143)> <Delay = 0.42>

State 3 <SV = 2> <Delay = 2.03>
ST_3 : Operation 115 [1/1] (0.00ns)   --->   "%specpipeline_ln144 = specpipeline void @_ssdm_op_SpecPipeline, i32 1, i32 0, i32 0, i32 0, i32 4294967295, void @empty_5" [../src/hysteresis.cpp:144]   --->   Operation 115 'specpipeline' 'specpipeline_ln144' <Predicate = true> <Delay = 0.00>
ST_3 : Operation 116 [1/1] (0.00ns)   --->   "%speclooptripcount_ln143 = speclooptripcount void @_ssdm_op_SpecLoopTripCount, i64 512, i64 512, i64 512" [../src/hysteresis.cpp:143]   --->   Operation 116 'speclooptripcount' 'speclooptripcount_ln143' <Predicate = true> <Delay = 0.00>
ST_3 : Operation 117 [1/1] (0.00ns)   --->   "%specloopname_ln143 = specloopname void @_ssdm_op_SpecLoopName, void @empty_8" [../src/hysteresis.cpp:143]   --->   Operation 117 'specloopname' 'specloopname_ln143' <Predicate = true> <Delay = 0.00>
ST_3 : Operation 118 [1/1] (0.00ns) (grouped into LUT with out node select_ln151)   --->   "%result = or i1 %icmp_ln153, i1 %and_ln44_5" [../src/hysteresis.cpp:153]   --->   Operation 118 'or' 'result' <Predicate = true> <Delay = 0.00> <CoreInst = "LogicGate">   --->   Core 74 'LogicGate' <Latency = 0> <II = 1> <Delay = 0.28> <FuncUnit> <Opcode : 'and' 'or' 'xor'> <InPorts = 2> <OutPorts = 1>
ST_3 : Operation 119 [1/1] (0.28ns) (out node of the LUT)   --->   "%select_ln151 = select i1 %result, i8 255, i8 0" [../src/hysteresis.cpp:151]   --->   Operation 119 'select' 'select_ln151' <Predicate = true> <Delay = 0.28> <CoreInst = "Sel">   --->   Core 73 'Sel' <Latency = 0> <II = 1> <Delay = 0.17> <FuncUnit> <Opcode : 'select'> <InPorts = 3> <OutPorts = 1>
ST_3 : Operation 120 [1/1] ( I:1.75ns O:1.75ns )   --->   "%write_ln175 = write void @_ssdm_op_Write.ap_fifo.volatile.i8P0A, i8 %hyst4_out, i8 %select_ln151" [../src/hysteresis.cpp:175]   --->   Operation 120 'write' 'write_ln175' <Predicate = true> <Delay = 1.75> <CoreInst = "FIFO">   --->   Core 77 'FIFO' <Latency = 0> <II = 1> <Delay = 1.75> <Storage> <Opcode : 'read' 'write' 'nbread' 'nbwrite'> <Ports = 0> <Width = 8> <Depth = 1024> <FIFO>
ST_3 : Operation 121 [1/1] (0.00ns)   --->   "%br_ln143 = br void %for.body53" [../src/hysteresis.cpp:143]   --->   Operation 121 'br' 'br_ln143' <Predicate = true> <Delay = 0.00>


============================================================
+ Verbose Summary: Timing violations
============================================================
Target clock period: 5.000ns, clock uncertainty: 1.350ns.

 <State 1>: 2.849ns
The critical path consists of the following:
	'store' operation ('store_ln143', ../src/hysteresis.cpp:143) of constant 0 10 bit on local variable 'column', ../src/hysteresis.cpp:143 [45]  (0.427 ns)
	'load' operation 10 bit ('column', ../src/hysteresis.cpp:177) on local variable 'column', ../src/hysteresis.cpp:143 [48]  (0.000 ns)
	'add' operation 10 bit ('v', ../src/hysteresis.cpp:177) [105]  (0.787 ns)
	'select' operation 9 bit ('nextColumn', ../src/hysteresis.cpp:18->../src/hysteresis.cpp:177) [108]  (0.398 ns)
	'getelementptr' operation 9 bit ('buffer_addr', ../src/hysteresis.cpp:184) [110]  (0.000 ns)
	'load' operation 8 bit ('banked', ../src/hysteresis.cpp:184) on array 'buffer_r' [111]  (1.237 ns)

 <State 2>: 2.091ns
The critical path consists of the following:
	'load' operation 8 bit ('banked', ../src/hysteresis.cpp:184) on array 'buffer_r' [111]  (1.237 ns)
	'sparsemux' operation 8 bit ('tmp_18', ../src/hysteresis.cpp:191) [118]  (0.427 ns)
	'store' operation ('store_ln191', ../src/hysteresis.cpp:191) of variable 'tmp_18', ../src/hysteresis.cpp:191 8 bit on local variable 'empty_67' [119]  (0.427 ns)

 <State 3>: 2.037ns
The critical path consists of the following:
	'or' operation 1 bit ('result', ../src/hysteresis.cpp:153) [102]  (0.000 ns)
	'select' operation 8 bit ('select_ln151', ../src/hysteresis.cpp:151) [103]  (0.287 ns)
	fifo write operation ('write_ln175', ../src/hysteresis.cpp:175) on port 'hyst4_out' (../src/hysteresis.cpp:175) [104]  (1.750 ns)


============================================================
+ Verbose Summary: Binding
============================================================
N/A
* FSMD analyzer results:
  - Output states:
 - Input state : 
  - Chain level:
	State 1
	State 2
	State 3


============================================================
+ Verbose Summary: Datapath Resource usage 
============================================================
N/A
