

================================================================
== Vitis HLS Report for 'hysteresis_2_Pipeline_VITIS_LOOP_116_2'
================================================================
* Date:           Fri Jul 24 22:33:45 2026

* Version:        2025.2 (Build 6295257 on Nov 14 2025)
* Project:        canny_top
* Solution:       hls (Vitis Kernel Flow Target)
* Product family: zynquplus
* Target device:  xck26-sfvc784-2LV-c


================================================================
== Performance Estimates
================================================================
+ Timing: 
    * Summary: 
    +--------+---------+----------+------------+
    |  Clock |  Target | Estimated| Uncertainty|
    +--------+---------+----------+------------+
    |ap_clk  |  5.00 ns|  3.632 ns|     1.35 ns|
    +--------+---------+----------+------------+

+ Latency: 
    * Summary: 
    +---------+---------+-----------+-----------+-----+-----+-------------------+
    |  Latency (cycles) |   Latency (absolute)  |  Interval |      Pipeline     |
    |   min   |   max   |    min    |    max    | min | max |        Type       |
    +---------+---------+-----------+-----------+-----+-----+-------------------+
    |     2556|     2556|  12.780 us|  12.780 us|    0|    0|  loop pipeline stp|
    +---------+---------+-----------+-----------+-----+-----+-------------------+

    + Detail: 
        * Instance: 
        N/A

        * Loop: 
        +--------------------+---------+---------+----------+-----------+-----------+------+----------+
        |                    |  Latency (cycles) | Iteration|  Initiation Interval  | Trip |          |
        |      Loop Name     |   min   |   max   |  Latency |  achieved |   target  | Count| Pipelined|
        +--------------------+---------+---------+----------+-----------+-----------+------+----------+
        |- VITIS_LOOP_116_2  |     2554|     2554|        10|          5|          1|   510|       yes|
        +--------------------+---------+---------+----------+-----------+-----------+------+----------+

============================================================
+ Verbose Summary: Synthesis Manager
============================================================
InlineROM: 1
ExposeGlobal: 0
============================================================
+ Verbose Summary: CDFG Model
============================================================
IsTopModel: 0
ResetActiveHigh: 1
IsCombinational: 0
IsDatapathOnly: 0
HasWiredReturn: 1
HasMFsm: 2
HasVarLatency: 1
IsPipeline: 0
IsRtlPipelined: 0
IsInstanceOverlapped: 0
IsDontTouch: 0
HasImplIP: 0
IsGatedGlobalClock: 0

+ Individual pipeline summary: 
  * Pipeline-0: initiation interval (II) = 5, depth = 10


============================================================
+ Verbose Summary: Schedule
============================================================
* Number of FSM states : 10
* Pipeline : 1
  Pipeline-0 : II = 5, D = 10, States = { 1 2 3 4 5 6 7 8 9 10 }
* Dataflow Pipeline: 0

* FSM state transitions: 
1 --> 2 
2 --> 3 
3 --> 4 
4 --> 5 
5 --> 6 
6 --> 7 
7 --> 8 
8 --> 9 
9 --> 10 
10 --> 

* FSM state operations: 

State 1 <SV = 0> <Delay = 1.66>
ST_1 : Operation 13 [1/1] (0.00ns)   --->   "%column_5 = alloca i32 1" [../src/hysteresis.cpp:26->../src/hysteresis.cpp:125->../src/canny_top.cpp:35]   --->   Operation 13 'alloca' 'column_5' <Predicate = true> <Delay = 0.00>
ST_1 : Operation 14 [1/1] (0.00ns)   --->   "%writeSlot_read = read i2 @_ssdm_op_Read.ap_auto.i2, i2 %writeSlot"   --->   Operation 14 'read' 'writeSlot_read' <Predicate = true> <Delay = 0.00>
ST_1 : Operation 15 [1/1] (0.00ns)   --->   "%result_read = read i2 @_ssdm_op_Read.ap_auto.i2, i2 %result"   --->   Operation 15 'read' 'result_read' <Predicate = true> <Delay = 0.00>
ST_1 : Operation 16 [1/1] (0.00ns)   --->   "%result_5_read = read i2 @_ssdm_op_Read.ap_auto.i2, i2 %result_5"   --->   Operation 16 'read' 'result_5_read' <Predicate = true> <Delay = 0.00>
ST_1 : Operation 17 [1/1] (0.42ns)   --->   "%store_ln26 = store i9 1, i9 %column_5" [../src/hysteresis.cpp:26->../src/hysteresis.cpp:125->../src/canny_top.cpp:35]   --->   Operation 17 'store' 'store_ln26' <Predicate = true> <Delay = 0.42>
ST_1 : Operation 18 [1/1] (0.00ns)   --->   "%br_ln0 = br void %for.body24.i"   --->   Operation 18 'br' 'br_ln0' <Predicate = true> <Delay = 0.00>
ST_1 : Operation 19 [1/1] (0.00ns)   --->   "%column = load i9 %column_5" [../src/hysteresis.cpp:29->../src/hysteresis.cpp:125->../src/canny_top.cpp:35]   --->   Operation 19 'load' 'column' <Predicate = true> <Delay = 0.00>
ST_1 : Operation 20 [1/1] (0.77ns)   --->   "%icmp_ln116 = icmp_eq  i9 %column, i9 511" [../src/hysteresis.cpp:116->../src/canny_top.cpp:35]   --->   Operation 20 'icmp' 'icmp_ln116' <Predicate = true> <Delay = 0.77> <CoreInst = "Cmp">   --->   Core 9 'Cmp' <Latency = 0> <II = 1> <Delay = 0.77> <FuncUnit> <Opcode : 'seteq' 'setne' 'setle' 'setge' 'setlt' 'setgt'> <InPorts = 2> <OutPorts = 1>
ST_1 : Operation 21 [1/1] (0.00ns)   --->   "%br_ln116 = br i1 %icmp_ln116, void %for.body24.split.i, void %cleanup55.i.loopexit.exitStub" [../src/hysteresis.cpp:116->../src/canny_top.cpp:35]   --->   Operation 21 'br' 'br_ln116' <Predicate = true> <Delay = 0.00>
ST_1 : Operation 22 [1/1] (0.00ns)   --->   "%lshr_ln = partselect i8 @_ssdm_op_PartSelect.i8.i9.i32.i32, i9 %column, i32 1, i32 8" [../src/hysteresis.cpp:116->../src/canny_top.cpp:35]   --->   Operation 22 'partselect' 'lshr_ln' <Predicate = (!icmp_ln116)> <Delay = 0.00>
ST_1 : Operation 23 [1/1] (0.00ns)   --->   "%tmp_s = bitconcatenate i10 @_ssdm_op_BitConcatenate.i10.i2.i8, i2 %result_5_read, i8 %lshr_ln" [../src/hysteresis.cpp:118->../src/canny_top.cpp:35]   --->   Operation 23 'bitconcatenate' 'tmp_s' <Predicate = (!icmp_ln116)> <Delay = 0.00>
ST_1 : Operation 24 [1/1] (0.00ns)   --->   "%zext_ln118 = zext i10 %tmp_s" [../src/hysteresis.cpp:118->../src/canny_top.cpp:35]   --->   Operation 24 'zext' 'zext_ln118' <Predicate = (!icmp_ln116)> <Delay = 0.00>
ST_1 : Operation 25 [1/1] (0.00ns)   --->   "%p_ZN12_GLOBAL_N_110lineBufferILi2EEE_0_addr = getelementptr i8 %p_ZN12_GLOBAL_N_110lineBufferILi2EEE_0, i64 0, i64 %zext_ln118" [../src/hysteresis.cpp:118->../src/canny_top.cpp:35]   --->   Operation 25 'getelementptr' 'p_ZN12_GLOBAL_N_110lineBufferILi2EEE_0_addr' <Predicate = (!icmp_ln116)> <Delay = 0.00>
ST_1 : Operation 26 [1/1] (0.00ns)   --->   "%p_ZN12_GLOBAL_N_110lineBufferILi2EEE_1_addr = getelementptr i8 %p_ZN12_GLOBAL_N_110lineBufferILi2EEE_1, i64 0, i64 %zext_ln118" [../src/hysteresis.cpp:118->../src/canny_top.cpp:35]   --->   Operation 26 'getelementptr' 'p_ZN12_GLOBAL_N_110lineBufferILi2EEE_1_addr' <Predicate = (!icmp_ln116)> <Delay = 0.00>
ST_1 : Operation 27 [2/2] (1.23ns)   --->   "%p_ZN12_GLOBAL_N_110lineBufferILi2EEE_0_load = load i10 %p_ZN12_GLOBAL_N_110lineBufferILi2EEE_0_addr" [../src/hysteresis.cpp:118->../src/canny_top.cpp:35]   --->   Operation 27 'load' 'p_ZN12_GLOBAL_N_110lineBufferILi2EEE_0_load' <Predicate = (!icmp_ln116)> <Delay = 1.23> <CoreInst = "RAM">   --->   Core 82 'RAM' <Latency = 1> <II = 1> <Delay = 1.23> <Storage> <Opcode : 'load' 'store'> <Ports = 2> <Width = 8> <Depth = 768> <RAM>
ST_1 : Operation 28 [2/2] (1.23ns)   --->   "%p_ZN12_GLOBAL_N_110lineBufferILi2EEE_1_load = load i10 %p_ZN12_GLOBAL_N_110lineBufferILi2EEE_1_addr" [../src/hysteresis.cpp:118->../src/canny_top.cpp:35]   --->   Operation 28 'load' 'p_ZN12_GLOBAL_N_110lineBufferILi2EEE_1_load' <Predicate = (!icmp_ln116)> <Delay = 1.23> <CoreInst = "RAM">   --->   Core 82 'RAM' <Latency = 1> <II = 1> <Delay = 1.23> <Storage> <Opcode : 'load' 'store'> <Ports = 2> <Width = 8> <Depth = 768> <RAM>
ST_1 : Operation 29 [1/1] (0.77ns)   --->   "%add_ln116 = add i9 %column, i9 1" [../src/hysteresis.cpp:116->../src/canny_top.cpp:35]   --->   Operation 29 'add' 'add_ln116' <Predicate = (!icmp_ln116)> <Delay = 0.77> <CoreInst = "Adder">   --->   Core 1 'Adder' <Latency = 0> <II = 1> <Delay = 0.77> <FuncUnit> <Opcode : 'add' 'sub'> <InPorts = 2> <OutPorts = 1>
ST_1 : Operation 30 [1/1] (0.42ns)   --->   "%store_ln26 = store i9 %add_ln116, i9 %column_5" [../src/hysteresis.cpp:26->../src/hysteresis.cpp:125->../src/canny_top.cpp:35]   --->   Operation 30 'store' 'store_ln26' <Predicate = (!icmp_ln116)> <Delay = 0.42>
ST_1 : Operation 31 [1/1] (0.00ns)   --->   "%br_ln116 = br void %for.body24.i" [../src/hysteresis.cpp:116->../src/canny_top.cpp:35]   --->   Operation 31 'br' 'br_ln116' <Predicate = (!icmp_ln116)> <Delay = 0.00>

State 2 <SV = 1> <Delay = 3.63>
ST_2 : Operation 32 [1/1] (0.00ns)   --->   "%zext_ln116 = zext i9 %column" [../src/hysteresis.cpp:116->../src/canny_top.cpp:35]   --->   Operation 32 'zext' 'zext_ln116' <Predicate = (!icmp_ln116)> <Delay = 0.00>
ST_2 : Operation 33 [1/1] (0.00ns)   --->   "%trunc_ln116 = trunc i9 %column" [../src/hysteresis.cpp:116->../src/canny_top.cpp:35]   --->   Operation 33 'trunc' 'trunc_ln116' <Predicate = (!icmp_ln116)> <Delay = 0.00>
ST_2 : Operation 34 [1/2] ( I:1.23ns O:1.23ns )   --->   "%p_ZN12_GLOBAL_N_110lineBufferILi2EEE_0_load = load i10 %p_ZN12_GLOBAL_N_110lineBufferILi2EEE_0_addr" [../src/hysteresis.cpp:118->../src/canny_top.cpp:35]   --->   Operation 34 'load' 'p_ZN12_GLOBAL_N_110lineBufferILi2EEE_0_load' <Predicate = (!icmp_ln116)> <Delay = 1.23> <CoreInst = "RAM">   --->   Core 82 'RAM' <Latency = 1> <II = 1> <Delay = 1.23> <Storage> <Opcode : 'load' 'store'> <Ports = 2> <Width = 8> <Depth = 768> <RAM>
ST_2 : Operation 35 [1/2] ( I:1.23ns O:1.23ns )   --->   "%p_ZN12_GLOBAL_N_110lineBufferILi2EEE_1_load = load i10 %p_ZN12_GLOBAL_N_110lineBufferILi2EEE_1_addr" [../src/hysteresis.cpp:118->../src/canny_top.cpp:35]   --->   Operation 35 'load' 'p_ZN12_GLOBAL_N_110lineBufferILi2EEE_1_load' <Predicate = (!icmp_ln116)> <Delay = 1.23> <CoreInst = "RAM">   --->   Core 82 'RAM' <Latency = 1> <II = 1> <Delay = 1.23> <Storage> <Opcode : 'load' 'store'> <Ports = 2> <Width = 8> <Depth = 768> <RAM>
ST_2 : Operation 36 [1/1] (0.39ns)   --->   "%centre = select i1 %trunc_ln116, i8 %p_ZN12_GLOBAL_N_110lineBufferILi2EEE_1_load, i8 %p_ZN12_GLOBAL_N_110lineBufferILi2EEE_0_load" [../src/hysteresis.cpp:118->../src/canny_top.cpp:35]   --->   Operation 36 'select' 'centre' <Predicate = (!icmp_ln116)> <Delay = 0.39> <CoreInst = "Sel">   --->   Core 73 'Sel' <Latency = 0> <II = 1> <Delay = 0.39> <FuncUnit> <Opcode : 'select'> <InPorts = 3> <OutPorts = 1>
ST_2 : Operation 37 [1/1] (0.76ns)   --->   "%switch_ln120 = switch i8 %centre, void %if.else45.i, i8 255, void %if.then30.i, i8 128, void %land.lhs.true.i" [../src/hysteresis.cpp:120->../src/canny_top.cpp:35]   --->   Operation 37 'switch' 'switch_ln120' <Predicate = (!icmp_ln116)> <Delay = 0.76>
ST_2 : Operation 38 [1/1] (0.77ns)   --->   "%add_ln29 = add i9 %column, i9 511" [../src/hysteresis.cpp:29->../src/hysteresis.cpp:125->../src/canny_top.cpp:35]   --->   Operation 38 'add' 'add_ln29' <Predicate = (!icmp_ln116 & centre == 128)> <Delay = 0.77> <CoreInst = "Adder">   --->   Core 1 'Adder' <Latency = 0> <II = 1> <Delay = 0.77> <FuncUnit> <Opcode : 'add' 'sub'> <InPorts = 2> <OutPorts = 1>
ST_2 : Operation 39 [1/1] (0.00ns)   --->   "%lshr_ln5 = partselect i8 @_ssdm_op_PartSelect.i8.i9.i32.i32, i9 %add_ln29, i32 1, i32 8" [../src/hysteresis.cpp:29->../src/hysteresis.cpp:125->../src/canny_top.cpp:35]   --->   Operation 39 'partselect' 'lshr_ln5' <Predicate = (!icmp_ln116 & centre == 128)> <Delay = 0.00>
ST_2 : Operation 40 [1/1] (0.00ns)   --->   "%tmp_36 = bitconcatenate i10 @_ssdm_op_BitConcatenate.i10.i2.i8, i2 %result_read, i8 %lshr_ln5" [../src/hysteresis.cpp:29->../src/hysteresis.cpp:125->../src/canny_top.cpp:35]   --->   Operation 40 'bitconcatenate' 'tmp_36' <Predicate = (!icmp_ln116 & centre == 128)> <Delay = 0.00>
ST_2 : Operation 41 [1/1] (0.00ns)   --->   "%zext_ln29 = zext i10 %tmp_36" [../src/hysteresis.cpp:29->../src/hysteresis.cpp:125->../src/canny_top.cpp:35]   --->   Operation 41 'zext' 'zext_ln29' <Predicate = (!icmp_ln116 & centre == 128)> <Delay = 0.00>
ST_2 : Operation 42 [1/1] (0.00ns)   --->   "%p_ZN12_GLOBAL_N_110lineBufferILi2EEE_0_addr_2 = getelementptr i8 %p_ZN12_GLOBAL_N_110lineBufferILi2EEE_0, i64 0, i64 %zext_ln29" [../src/hysteresis.cpp:29->../src/hysteresis.cpp:125->../src/canny_top.cpp:35]   --->   Operation 42 'getelementptr' 'p_ZN12_GLOBAL_N_110lineBufferILi2EEE_0_addr_2' <Predicate = (!icmp_ln116 & centre == 128)> <Delay = 0.00>
ST_2 : Operation 43 [1/1] (0.00ns)   --->   "%p_ZN12_GLOBAL_N_110lineBufferILi2EEE_1_addr_2 = getelementptr i8 %p_ZN12_GLOBAL_N_110lineBufferILi2EEE_1, i64 0, i64 %zext_ln29" [../src/hysteresis.cpp:29->../src/hysteresis.cpp:125->../src/canny_top.cpp:35]   --->   Operation 43 'getelementptr' 'p_ZN12_GLOBAL_N_110lineBufferILi2EEE_1_addr_2' <Predicate = (!icmp_ln116 & centre == 128)> <Delay = 0.00>
ST_2 : Operation 44 [2/2] (1.23ns)   --->   "%p_ZN12_GLOBAL_N_110lineBufferILi2EEE_0_load_1 = load i10 %p_ZN12_GLOBAL_N_110lineBufferILi2EEE_0_addr_2" [../src/hysteresis.cpp:29->../src/hysteresis.cpp:125->../src/canny_top.cpp:35]   --->   Operation 44 'load' 'p_ZN12_GLOBAL_N_110lineBufferILi2EEE_0_load_1' <Predicate = (!icmp_ln116 & centre == 128)> <Delay = 1.23> <CoreInst = "RAM">   --->   Core 82 'RAM' <Latency = 1> <II = 1> <Delay = 1.23> <Storage> <Opcode : 'load' 'store'> <Ports = 2> <Width = 8> <Depth = 768> <RAM>
ST_2 : Operation 45 [2/2] (1.23ns)   --->   "%p_ZN12_GLOBAL_N_110lineBufferILi2EEE_1_load_1 = load i10 %p_ZN12_GLOBAL_N_110lineBufferILi2EEE_1_addr_2" [../src/hysteresis.cpp:29->../src/hysteresis.cpp:125->../src/canny_top.cpp:35]   --->   Operation 45 'load' 'p_ZN12_GLOBAL_N_110lineBufferILi2EEE_1_load_1' <Predicate = (!icmp_ln116 & centre == 128)> <Delay = 1.23> <CoreInst = "RAM">   --->   Core 82 'RAM' <Latency = 1> <II = 1> <Delay = 1.23> <Storage> <Opcode : 'load' 'store'> <Ports = 2> <Width = 8> <Depth = 768> <RAM>
ST_2 : Operation 46 [1/1] (0.00ns)   --->   "%out_hysteresis2_addr_1 = getelementptr i8 %out_hysteresis2, i64 0, i64 %zext_ln116" [../src/hysteresis.cpp:121->../src/canny_top.cpp:35]   --->   Operation 46 'getelementptr' 'out_hysteresis2_addr_1' <Predicate = (!icmp_ln116 & centre == 255)> <Delay = 0.00>
ST_2 : Operation 47 [1/1] ( I:1.23ns O:1.23ns )   --->   "%store_ln121 = store i8 255, i9 %out_hysteresis2_addr_1" [../src/hysteresis.cpp:121->../src/canny_top.cpp:35]   --->   Operation 47 'store' 'store_ln121' <Predicate = (!icmp_ln116 & centre == 255)> <Delay = 1.23> <CoreInst = "RAM">   --->   Core 82 'RAM' <Latency = 1> <II = 1> <Delay = 1.23> <Storage> <Opcode : 'load' 'store'> <Ports = 2> <Width = 8> <Depth = 512> <RAM>
ST_2 : Operation 48 [1/1] (0.00ns)   --->   "%br_ln122 = br void %for.inc51.i" [../src/hysteresis.cpp:122->../src/canny_top.cpp:35]   --->   Operation 48 'br' 'br_ln122' <Predicate = (!icmp_ln116 & centre == 255)> <Delay = 0.00>
ST_2 : Operation 49 [1/1] (0.00ns)   --->   "%out_hysteresis2_addr = getelementptr i8 %out_hysteresis2, i64 0, i64 %zext_ln116" [../src/hysteresis.cpp:138->../src/canny_top.cpp:35]   --->   Operation 49 'getelementptr' 'out_hysteresis2_addr' <Predicate = (!icmp_ln116 & centre != 255 & centre != 128)> <Delay = 0.00>
ST_2 : Operation 50 [1/1] ( I:1.23ns O:1.23ns )   --->   "%store_ln138 = store i8 0, i9 %out_hysteresis2_addr" [../src/hysteresis.cpp:138->../src/canny_top.cpp:35]   --->   Operation 50 'store' 'store_ln138' <Predicate = (!icmp_ln116 & centre != 255 & centre != 128)> <Delay = 1.23> <CoreInst = "RAM">   --->   Core 82 'RAM' <Latency = 1> <II = 1> <Delay = 1.23> <Storage> <Opcode : 'load' 'store'> <Ports = 2> <Width = 8> <Depth = 512> <RAM>
ST_2 : Operation 51 [1/1] (0.00ns)   --->   "%br_ln0 = br void %if.end48.i"   --->   Operation 51 'br' 'br_ln0' <Predicate = (!icmp_ln116 & centre != 255 & centre != 128)> <Delay = 0.00>
ST_2 : Operation 52 [1/1] (0.00ns)   --->   "%br_ln0 = br void %for.inc51.i"   --->   Operation 52 'br' 'br_ln0' <Predicate = (!icmp_ln116 & centre != 255)> <Delay = 0.00>

State 3 <SV = 2> <Delay = 2.39>
ST_3 : Operation 53 [1/1] (0.00ns)   --->   "%tmp_34 = bitconcatenate i10 @_ssdm_op_BitConcatenate.i10.i2.i8, i2 %result_read, i8 %lshr_ln" [../src/hysteresis.cpp:30->../src/hysteresis.cpp:125->../src/canny_top.cpp:35]   --->   Operation 53 'bitconcatenate' 'tmp_34' <Predicate = (!icmp_ln116)> <Delay = 0.00>
ST_3 : Operation 54 [1/1] (0.00ns)   --->   "%zext_ln30 = zext i10 %tmp_34" [../src/hysteresis.cpp:30->../src/hysteresis.cpp:125->../src/canny_top.cpp:35]   --->   Operation 54 'zext' 'zext_ln30' <Predicate = (!icmp_ln116)> <Delay = 0.00>
ST_3 : Operation 55 [1/1] (0.00ns)   --->   "%p_ZN12_GLOBAL_N_110lineBufferILi2EEE_0_addr_1 = getelementptr i8 %p_ZN12_GLOBAL_N_110lineBufferILi2EEE_0, i64 0, i64 %zext_ln30" [../src/hysteresis.cpp:30->../src/hysteresis.cpp:125->../src/canny_top.cpp:35]   --->   Operation 55 'getelementptr' 'p_ZN12_GLOBAL_N_110lineBufferILi2EEE_0_addr_1' <Predicate = (!icmp_ln116 & !trunc_ln116)> <Delay = 0.00>
ST_3 : Operation 56 [1/1] (0.00ns)   --->   "%p_ZN12_GLOBAL_N_110lineBufferILi2EEE_1_addr_1 = getelementptr i8 %p_ZN12_GLOBAL_N_110lineBufferILi2EEE_1, i64 0, i64 %zext_ln30" [../src/hysteresis.cpp:30->../src/hysteresis.cpp:125->../src/canny_top.cpp:35]   --->   Operation 56 'getelementptr' 'p_ZN12_GLOBAL_N_110lineBufferILi2EEE_1_addr_1' <Predicate = (!icmp_ln116 & trunc_ln116)> <Delay = 0.00>
ST_3 : Operation 57 [1/2] ( I:1.23ns O:1.23ns )   --->   "%p_ZN12_GLOBAL_N_110lineBufferILi2EEE_0_load_1 = load i10 %p_ZN12_GLOBAL_N_110lineBufferILi2EEE_0_addr_2" [../src/hysteresis.cpp:29->../src/hysteresis.cpp:125->../src/canny_top.cpp:35]   --->   Operation 57 'load' 'p_ZN12_GLOBAL_N_110lineBufferILi2EEE_0_load_1' <Predicate = (!icmp_ln116 & centre == 128)> <Delay = 1.23> <CoreInst = "RAM">   --->   Core 82 'RAM' <Latency = 1> <II = 1> <Delay = 1.23> <Storage> <Opcode : 'load' 'store'> <Ports = 2> <Width = 8> <Depth = 768> <RAM>
ST_3 : Operation 58 [1/2] ( I:1.23ns O:1.23ns )   --->   "%p_ZN12_GLOBAL_N_110lineBufferILi2EEE_1_load_1 = load i10 %p_ZN12_GLOBAL_N_110lineBufferILi2EEE_1_addr_2" [../src/hysteresis.cpp:29->../src/hysteresis.cpp:125->../src/canny_top.cpp:35]   --->   Operation 58 'load' 'p_ZN12_GLOBAL_N_110lineBufferILi2EEE_1_load_1' <Predicate = (!icmp_ln116 & centre == 128)> <Delay = 1.23> <CoreInst = "RAM">   --->   Core 82 'RAM' <Latency = 1> <II = 1> <Delay = 1.23> <Storage> <Opcode : 'load' 'store'> <Ports = 2> <Width = 8> <Depth = 768> <RAM>
ST_3 : Operation 59 [1/1] (0.39ns)   --->   "%select_ln29 = select i1 %trunc_ln116, i8 %p_ZN12_GLOBAL_N_110lineBufferILi2EEE_0_load_1, i8 %p_ZN12_GLOBAL_N_110lineBufferILi2EEE_1_load_1" [../src/hysteresis.cpp:29->../src/hysteresis.cpp:125->../src/canny_top.cpp:35]   --->   Operation 59 'select' 'select_ln29' <Predicate = (!icmp_ln116 & centre == 128)> <Delay = 0.39> <CoreInst = "Sel">   --->   Core 73 'Sel' <Latency = 0> <II = 1> <Delay = 0.39> <FuncUnit> <Opcode : 'select'> <InPorts = 3> <OutPorts = 1>
ST_3 : Operation 60 [1/1] (0.76ns)   --->   "%icmp_ln29 = icmp_eq  i8 %select_ln29, i8 255" [../src/hysteresis.cpp:29->../src/hysteresis.cpp:125->../src/canny_top.cpp:35]   --->   Operation 60 'icmp' 'icmp_ln29' <Predicate = (!icmp_ln116 & centre == 128)> <Delay = 0.76> <CoreInst = "Cmp">   --->   Core 9 'Cmp' <Latency = 0> <II = 1> <Delay = 0.76> <FuncUnit> <Opcode : 'seteq' 'setne' 'setle' 'setge' 'setlt' 'setgt'> <InPorts = 2> <OutPorts = 1>
ST_3 : Operation 61 [1/1] (0.00ns)   --->   "%br_ln29 = br i1 %icmp_ln29, void %lor.lhs.false.i.i, void %_ZN12_GLOBAL__N_120has_strong_neighbourILi2EEEbiiii.exit.i" [../src/hysteresis.cpp:29->../src/hysteresis.cpp:125->../src/canny_top.cpp:35]   --->   Operation 61 'br' 'br_ln29' <Predicate = (!icmp_ln116 & centre == 128)> <Delay = 0.00>
ST_3 : Operation 62 [2/2] (1.23ns)   --->   "%p_ZN12_GLOBAL_N_110lineBufferILi2EEE_0_load_2 = load i10 %p_ZN12_GLOBAL_N_110lineBufferILi2EEE_0_addr_1" [../src/hysteresis.cpp:30->../src/hysteresis.cpp:125->../src/canny_top.cpp:35]   --->   Operation 62 'load' 'p_ZN12_GLOBAL_N_110lineBufferILi2EEE_0_load_2' <Predicate = (!icmp_ln116 & centre == 128 & !icmp_ln29 & !trunc_ln116)> <Delay = 1.23> <CoreInst = "RAM">   --->   Core 82 'RAM' <Latency = 1> <II = 1> <Delay = 1.23> <Storage> <Opcode : 'load' 'store'> <Ports = 2> <Width = 8> <Depth = 768> <RAM>
ST_3 : Operation 63 [2/2] (1.23ns)   --->   "%p_ZN12_GLOBAL_N_110lineBufferILi2EEE_1_load_2 = load i10 %p_ZN12_GLOBAL_N_110lineBufferILi2EEE_1_addr_1" [../src/hysteresis.cpp:30->../src/hysteresis.cpp:125->../src/canny_top.cpp:35]   --->   Operation 63 'load' 'p_ZN12_GLOBAL_N_110lineBufferILi2EEE_1_load_2' <Predicate = (!icmp_ln116 & centre == 128 & !icmp_ln29 & trunc_ln116)> <Delay = 1.23> <CoreInst = "RAM">   --->   Core 82 'RAM' <Latency = 1> <II = 1> <Delay = 1.23> <Storage> <Opcode : 'load' 'store'> <Ports = 2> <Width = 8> <Depth = 768> <RAM>

State 4 <SV = 3> <Delay = 2.39>
ST_4 : Operation 64 [1/2] ( I:1.23ns O:1.23ns )   --->   "%p_ZN12_GLOBAL_N_110lineBufferILi2EEE_0_load_2 = load i10 %p_ZN12_GLOBAL_N_110lineBufferILi2EEE_0_addr_1" [../src/hysteresis.cpp:30->../src/hysteresis.cpp:125->../src/canny_top.cpp:35]   --->   Operation 64 'load' 'p_ZN12_GLOBAL_N_110lineBufferILi2EEE_0_load_2' <Predicate = (!icmp_ln116 & centre == 128 & !icmp_ln29 & !trunc_ln116)> <Delay = 1.23> <CoreInst = "RAM">   --->   Core 82 'RAM' <Latency = 1> <II = 1> <Delay = 1.23> <Storage> <Opcode : 'load' 'store'> <Ports = 2> <Width = 8> <Depth = 768> <RAM>
ST_4 : Operation 65 [1/2] ( I:1.23ns O:1.23ns )   --->   "%p_ZN12_GLOBAL_N_110lineBufferILi2EEE_1_load_2 = load i10 %p_ZN12_GLOBAL_N_110lineBufferILi2EEE_1_addr_1" [../src/hysteresis.cpp:30->../src/hysteresis.cpp:125->../src/canny_top.cpp:35]   --->   Operation 65 'load' 'p_ZN12_GLOBAL_N_110lineBufferILi2EEE_1_load_2' <Predicate = (!icmp_ln116 & centre == 128 & !icmp_ln29 & trunc_ln116)> <Delay = 1.23> <CoreInst = "RAM">   --->   Core 82 'RAM' <Latency = 1> <II = 1> <Delay = 1.23> <Storage> <Opcode : 'load' 'store'> <Ports = 2> <Width = 8> <Depth = 768> <RAM>
ST_4 : Operation 66 [1/1] (0.39ns)   --->   "%select_ln30 = select i1 %trunc_ln116, i8 %p_ZN12_GLOBAL_N_110lineBufferILi2EEE_1_load_2, i8 %p_ZN12_GLOBAL_N_110lineBufferILi2EEE_0_load_2" [../src/hysteresis.cpp:30->../src/hysteresis.cpp:125->../src/canny_top.cpp:35]   --->   Operation 66 'select' 'select_ln30' <Predicate = (!icmp_ln116 & centre == 128 & !icmp_ln29)> <Delay = 0.39> <CoreInst = "Sel">   --->   Core 73 'Sel' <Latency = 0> <II = 1> <Delay = 0.39> <FuncUnit> <Opcode : 'select'> <InPorts = 3> <OutPorts = 1>
ST_4 : Operation 67 [1/1] (0.76ns)   --->   "%icmp_ln30 = icmp_eq  i8 %select_ln30, i8 255" [../src/hysteresis.cpp:30->../src/hysteresis.cpp:125->../src/canny_top.cpp:35]   --->   Operation 67 'icmp' 'icmp_ln30' <Predicate = (!icmp_ln116 & centre == 128 & !icmp_ln29)> <Delay = 0.76> <CoreInst = "Cmp">   --->   Core 9 'Cmp' <Latency = 0> <II = 1> <Delay = 0.76> <FuncUnit> <Opcode : 'seteq' 'setne' 'setle' 'setge' 'setlt' 'setgt'> <InPorts = 2> <OutPorts = 1>
ST_4 : Operation 68 [1/1] (0.00ns)   --->   "%br_ln30 = br i1 %icmp_ln30, void %lor.lhs.false9.i.i, void %_ZN12_GLOBAL__N_120has_strong_neighbourILi2EEEbiiii.exit.i" [../src/hysteresis.cpp:30->../src/hysteresis.cpp:125->../src/canny_top.cpp:35]   --->   Operation 68 'br' 'br_ln30' <Predicate = (!icmp_ln116 & centre == 128 & !icmp_ln29)> <Delay = 0.00>
ST_4 : Operation 69 [1/1] (0.77ns)   --->   "%add_ln31 = add i9 %column, i9 1" [../src/hysteresis.cpp:31->../src/hysteresis.cpp:125->../src/canny_top.cpp:35]   --->   Operation 69 'add' 'add_ln31' <Predicate = (!icmp_ln116 & centre == 128 & !icmp_ln29 & !icmp_ln30)> <Delay = 0.77> <CoreInst = "Adder">   --->   Core 1 'Adder' <Latency = 0> <II = 1> <Delay = 0.77> <FuncUnit> <Opcode : 'add' 'sub'> <InPorts = 2> <OutPorts = 1>
ST_4 : Operation 70 [1/1] (0.00ns)   --->   "%lshr_ln6 = partselect i8 @_ssdm_op_PartSelect.i8.i9.i32.i32, i9 %add_ln31, i32 1, i32 8" [../src/hysteresis.cpp:31->../src/hysteresis.cpp:125->../src/canny_top.cpp:35]   --->   Operation 70 'partselect' 'lshr_ln6' <Predicate = (!icmp_ln116 & centre == 128 & !icmp_ln29 & !icmp_ln30)> <Delay = 0.00>
ST_4 : Operation 71 [1/1] (0.00ns)   --->   "%tmp_39 = bitconcatenate i10 @_ssdm_op_BitConcatenate.i10.i2.i8, i2 %result_read, i8 %lshr_ln6" [../src/hysteresis.cpp:31->../src/hysteresis.cpp:125->../src/canny_top.cpp:35]   --->   Operation 71 'bitconcatenate' 'tmp_39' <Predicate = (!icmp_ln116 & centre == 128 & !icmp_ln29 & !icmp_ln30)> <Delay = 0.00>
ST_4 : Operation 72 [1/1] (0.00ns)   --->   "%zext_ln31 = zext i10 %tmp_39" [../src/hysteresis.cpp:31->../src/hysteresis.cpp:125->../src/canny_top.cpp:35]   --->   Operation 72 'zext' 'zext_ln31' <Predicate = (!icmp_ln116 & centre == 128 & !icmp_ln29 & !icmp_ln30)> <Delay = 0.00>
ST_4 : Operation 73 [1/1] (0.00ns)   --->   "%p_ZN12_GLOBAL_N_110lineBufferILi2EEE_0_addr_4 = getelementptr i8 %p_ZN12_GLOBAL_N_110lineBufferILi2EEE_0, i64 0, i64 %zext_ln31" [../src/hysteresis.cpp:31->../src/hysteresis.cpp:125->../src/canny_top.cpp:35]   --->   Operation 73 'getelementptr' 'p_ZN12_GLOBAL_N_110lineBufferILi2EEE_0_addr_4' <Predicate = (!icmp_ln116 & centre == 128 & !icmp_ln29 & !icmp_ln30 & trunc_ln116)> <Delay = 0.00>
ST_4 : Operation 74 [1/1] (0.00ns)   --->   "%p_ZN12_GLOBAL_N_110lineBufferILi2EEE_1_addr_4 = getelementptr i8 %p_ZN12_GLOBAL_N_110lineBufferILi2EEE_1, i64 0, i64 %zext_ln31" [../src/hysteresis.cpp:31->../src/hysteresis.cpp:125->../src/canny_top.cpp:35]   --->   Operation 74 'getelementptr' 'p_ZN12_GLOBAL_N_110lineBufferILi2EEE_1_addr_4' <Predicate = (!icmp_ln116 & centre == 128 & !icmp_ln29 & !icmp_ln30 & !trunc_ln116)> <Delay = 0.00>
ST_4 : Operation 75 [2/2] (1.23ns)   --->   "%p_ZN12_GLOBAL_N_110lineBufferILi2EEE_0_load_3 = load i10 %p_ZN12_GLOBAL_N_110lineBufferILi2EEE_0_addr_4" [../src/hysteresis.cpp:31->../src/hysteresis.cpp:125->../src/canny_top.cpp:35]   --->   Operation 75 'load' 'p_ZN12_GLOBAL_N_110lineBufferILi2EEE_0_load_3' <Predicate = (!icmp_ln116 & centre == 128 & !icmp_ln29 & !icmp_ln30 & trunc_ln116)> <Delay = 1.23> <CoreInst = "RAM">   --->   Core 82 'RAM' <Latency = 1> <II = 1> <Delay = 1.23> <Storage> <Opcode : 'load' 'store'> <Ports = 2> <Width = 8> <Depth = 768> <RAM>
ST_4 : Operation 76 [2/2] (1.23ns)   --->   "%p_ZN12_GLOBAL_N_110lineBufferILi2EEE_1_load_3 = load i10 %p_ZN12_GLOBAL_N_110lineBufferILi2EEE_1_addr_4" [../src/hysteresis.cpp:31->../src/hysteresis.cpp:125->../src/canny_top.cpp:35]   --->   Operation 76 'load' 'p_ZN12_GLOBAL_N_110lineBufferILi2EEE_1_load_3' <Predicate = (!icmp_ln116 & centre == 128 & !icmp_ln29 & !icmp_ln30 & !trunc_ln116)> <Delay = 1.23> <CoreInst = "RAM">   --->   Core 82 'RAM' <Latency = 1> <II = 1> <Delay = 1.23> <Storage> <Opcode : 'load' 'store'> <Ports = 2> <Width = 8> <Depth = 768> <RAM>

State 5 <SV = 4> <Delay = 2.39>
ST_5 : Operation 77 [1/1] (0.00ns)   --->   "%tmp_37 = bitconcatenate i10 @_ssdm_op_BitConcatenate.i10.i2.i8, i2 %result_5_read, i8 %lshr_ln5" [../src/hysteresis.cpp:32->../src/hysteresis.cpp:125->../src/canny_top.cpp:35]   --->   Operation 77 'bitconcatenate' 'tmp_37' <Predicate = (!icmp_ln116 & centre == 128)> <Delay = 0.00>
ST_5 : Operation 78 [1/1] (0.00ns)   --->   "%zext_ln32 = zext i10 %tmp_37" [../src/hysteresis.cpp:32->../src/hysteresis.cpp:125->../src/canny_top.cpp:35]   --->   Operation 78 'zext' 'zext_ln32' <Predicate = (!icmp_ln116 & centre == 128)> <Delay = 0.00>
ST_5 : Operation 79 [1/1] (0.00ns)   --->   "%p_ZN12_GLOBAL_N_110lineBufferILi2EEE_0_addr_5 = getelementptr i8 %p_ZN12_GLOBAL_N_110lineBufferILi2EEE_0, i64 0, i64 %zext_ln32" [../src/hysteresis.cpp:32->../src/hysteresis.cpp:125->../src/canny_top.cpp:35]   --->   Operation 79 'getelementptr' 'p_ZN12_GLOBAL_N_110lineBufferILi2EEE_0_addr_5' <Predicate = (!icmp_ln116 & centre == 128 & trunc_ln116)> <Delay = 0.00>
ST_5 : Operation 80 [1/1] (0.00ns)   --->   "%p_ZN12_GLOBAL_N_110lineBufferILi2EEE_1_addr_5 = getelementptr i8 %p_ZN12_GLOBAL_N_110lineBufferILi2EEE_1, i64 0, i64 %zext_ln32" [../src/hysteresis.cpp:32->../src/hysteresis.cpp:125->../src/canny_top.cpp:35]   --->   Operation 80 'getelementptr' 'p_ZN12_GLOBAL_N_110lineBufferILi2EEE_1_addr_5' <Predicate = (!icmp_ln116 & centre == 128 & !trunc_ln116)> <Delay = 0.00>
ST_5 : Operation 81 [1/2] ( I:1.23ns O:1.23ns )   --->   "%p_ZN12_GLOBAL_N_110lineBufferILi2EEE_0_load_3 = load i10 %p_ZN12_GLOBAL_N_110lineBufferILi2EEE_0_addr_4" [../src/hysteresis.cpp:31->../src/hysteresis.cpp:125->../src/canny_top.cpp:35]   --->   Operation 81 'load' 'p_ZN12_GLOBAL_N_110lineBufferILi2EEE_0_load_3' <Predicate = (!icmp_ln116 & centre == 128 & !icmp_ln29 & !icmp_ln30 & trunc_ln116)> <Delay = 1.23> <CoreInst = "RAM">   --->   Core 82 'RAM' <Latency = 1> <II = 1> <Delay = 1.23> <Storage> <Opcode : 'load' 'store'> <Ports = 2> <Width = 8> <Depth = 768> <RAM>
ST_5 : Operation 82 [1/2] ( I:1.23ns O:1.23ns )   --->   "%p_ZN12_GLOBAL_N_110lineBufferILi2EEE_1_load_3 = load i10 %p_ZN12_GLOBAL_N_110lineBufferILi2EEE_1_addr_4" [../src/hysteresis.cpp:31->../src/hysteresis.cpp:125->../src/canny_top.cpp:35]   --->   Operation 82 'load' 'p_ZN12_GLOBAL_N_110lineBufferILi2EEE_1_load_3' <Predicate = (!icmp_ln116 & centre == 128 & !icmp_ln29 & !icmp_ln30 & !trunc_ln116)> <Delay = 1.23> <CoreInst = "RAM">   --->   Core 82 'RAM' <Latency = 1> <II = 1> <Delay = 1.23> <Storage> <Opcode : 'load' 'store'> <Ports = 2> <Width = 8> <Depth = 768> <RAM>
ST_5 : Operation 83 [1/1] (0.39ns)   --->   "%select_ln31 = select i1 %trunc_ln116, i8 %p_ZN12_GLOBAL_N_110lineBufferILi2EEE_0_load_3, i8 %p_ZN12_GLOBAL_N_110lineBufferILi2EEE_1_load_3" [../src/hysteresis.cpp:31->../src/hysteresis.cpp:125->../src/canny_top.cpp:35]   --->   Operation 83 'select' 'select_ln31' <Predicate = (!icmp_ln116 & centre == 128 & !icmp_ln29 & !icmp_ln30)> <Delay = 0.39> <CoreInst = "Sel">   --->   Core 73 'Sel' <Latency = 0> <II = 1> <Delay = 0.39> <FuncUnit> <Opcode : 'select'> <InPorts = 3> <OutPorts = 1>
ST_5 : Operation 84 [1/1] (0.76ns)   --->   "%icmp_ln31 = icmp_eq  i8 %select_ln31, i8 255" [../src/hysteresis.cpp:31->../src/hysteresis.cpp:125->../src/canny_top.cpp:35]   --->   Operation 84 'icmp' 'icmp_ln31' <Predicate = (!icmp_ln116 & centre == 128 & !icmp_ln29 & !icmp_ln30)> <Delay = 0.76> <CoreInst = "Cmp">   --->   Core 9 'Cmp' <Latency = 0> <II = 1> <Delay = 0.76> <FuncUnit> <Opcode : 'seteq' 'setne' 'setle' 'setge' 'setlt' 'setgt'> <InPorts = 2> <OutPorts = 1>
ST_5 : Operation 85 [1/1] (0.00ns)   --->   "%br_ln31 = br i1 %icmp_ln31, void %lor.lhs.false16.i.i, void %_ZN12_GLOBAL__N_120has_strong_neighbourILi2EEEbiiii.exit.i" [../src/hysteresis.cpp:31->../src/hysteresis.cpp:125->../src/canny_top.cpp:35]   --->   Operation 85 'br' 'br_ln31' <Predicate = (!icmp_ln116 & centre == 128 & !icmp_ln29 & !icmp_ln30)> <Delay = 0.00>
ST_5 : Operation 86 [2/2] (1.23ns)   --->   "%p_ZN12_GLOBAL_N_110lineBufferILi2EEE_0_load_4 = load i10 %p_ZN12_GLOBAL_N_110lineBufferILi2EEE_0_addr_5" [../src/hysteresis.cpp:32->../src/hysteresis.cpp:125->../src/canny_top.cpp:35]   --->   Operation 86 'load' 'p_ZN12_GLOBAL_N_110lineBufferILi2EEE_0_load_4' <Predicate = (!icmp_ln116 & centre == 128 & !icmp_ln29 & !icmp_ln30 & !icmp_ln31 & trunc_ln116)> <Delay = 1.23> <CoreInst = "RAM">   --->   Core 82 'RAM' <Latency = 1> <II = 1> <Delay = 1.23> <Storage> <Opcode : 'load' 'store'> <Ports = 2> <Width = 8> <Depth = 768> <RAM>
ST_5 : Operation 87 [2/2] (1.23ns)   --->   "%p_ZN12_GLOBAL_N_110lineBufferILi2EEE_1_load_4 = load i10 %p_ZN12_GLOBAL_N_110lineBufferILi2EEE_1_addr_5" [../src/hysteresis.cpp:32->../src/hysteresis.cpp:125->../src/canny_top.cpp:35]   --->   Operation 87 'load' 'p_ZN12_GLOBAL_N_110lineBufferILi2EEE_1_load_4' <Predicate = (!icmp_ln116 & centre == 128 & !icmp_ln29 & !icmp_ln30 & !icmp_ln31 & !trunc_ln116)> <Delay = 1.23> <CoreInst = "RAM">   --->   Core 82 'RAM' <Latency = 1> <II = 1> <Delay = 1.23> <Storage> <Opcode : 'load' 'store'> <Ports = 2> <Width = 8> <Depth = 768> <RAM>
ST_5 : Operation 148 [1/1] (0.42ns)   --->   "%ret_ln0 = ret"   --->   Operation 148 'ret' 'ret_ln0' <Predicate = (icmp_ln116)> <Delay = 0.42>

State 6 <SV = 5> <Delay = 2.39>
ST_6 : Operation 88 [1/1] (0.00ns)   --->   "%tmp_40 = bitconcatenate i10 @_ssdm_op_BitConcatenate.i10.i2.i8, i2 %result_5_read, i8 %lshr_ln6" [../src/hysteresis.cpp:33->../src/hysteresis.cpp:125->../src/canny_top.cpp:35]   --->   Operation 88 'bitconcatenate' 'tmp_40' <Predicate = (centre == 128 & !icmp_ln29 & !icmp_ln30)> <Delay = 0.00>
ST_6 : Operation 89 [1/1] (0.00ns)   --->   "%zext_ln33 = zext i10 %tmp_40" [../src/hysteresis.cpp:33->../src/hysteresis.cpp:125->../src/canny_top.cpp:35]   --->   Operation 89 'zext' 'zext_ln33' <Predicate = (centre == 128 & !icmp_ln29 & !icmp_ln30)> <Delay = 0.00>
ST_6 : Operation 90 [1/1] (0.00ns)   --->   "%p_ZN12_GLOBAL_N_110lineBufferILi2EEE_0_addr_6 = getelementptr i8 %p_ZN12_GLOBAL_N_110lineBufferILi2EEE_0, i64 0, i64 %zext_ln33" [../src/hysteresis.cpp:33->../src/hysteresis.cpp:125->../src/canny_top.cpp:35]   --->   Operation 90 'getelementptr' 'p_ZN12_GLOBAL_N_110lineBufferILi2EEE_0_addr_6' <Predicate = (centre == 128 & !icmp_ln29 & !icmp_ln30 & trunc_ln116)> <Delay = 0.00>
ST_6 : Operation 91 [1/1] (0.00ns)   --->   "%p_ZN12_GLOBAL_N_110lineBufferILi2EEE_1_addr_6 = getelementptr i8 %p_ZN12_GLOBAL_N_110lineBufferILi2EEE_1, i64 0, i64 %zext_ln33" [../src/hysteresis.cpp:33->../src/hysteresis.cpp:125->../src/canny_top.cpp:35]   --->   Operation 91 'getelementptr' 'p_ZN12_GLOBAL_N_110lineBufferILi2EEE_1_addr_6' <Predicate = (centre == 128 & !icmp_ln29 & !icmp_ln30 & !trunc_ln116)> <Delay = 0.00>
ST_6 : Operation 92 [1/2] ( I:1.23ns O:1.23ns )   --->   "%p_ZN12_GLOBAL_N_110lineBufferILi2EEE_0_load_4 = load i10 %p_ZN12_GLOBAL_N_110lineBufferILi2EEE_0_addr_5" [../src/hysteresis.cpp:32->../src/hysteresis.cpp:125->../src/canny_top.cpp:35]   --->   Operation 92 'load' 'p_ZN12_GLOBAL_N_110lineBufferILi2EEE_0_load_4' <Predicate = (centre == 128 & !icmp_ln29 & !icmp_ln30 & !icmp_ln31 & trunc_ln116)> <Delay = 1.23> <CoreInst = "RAM">   --->   Core 82 'RAM' <Latency = 1> <II = 1> <Delay = 1.23> <Storage> <Opcode : 'load' 'store'> <Ports = 2> <Width = 8> <Depth = 768> <RAM>
ST_6 : Operation 93 [1/2] ( I:1.23ns O:1.23ns )   --->   "%p_ZN12_GLOBAL_N_110lineBufferILi2EEE_1_load_4 = load i10 %p_ZN12_GLOBAL_N_110lineBufferILi2EEE_1_addr_5" [../src/hysteresis.cpp:32->../src/hysteresis.cpp:125->../src/canny_top.cpp:35]   --->   Operation 93 'load' 'p_ZN12_GLOBAL_N_110lineBufferILi2EEE_1_load_4' <Predicate = (centre == 128 & !icmp_ln29 & !icmp_ln30 & !icmp_ln31 & !trunc_ln116)> <Delay = 1.23> <CoreInst = "RAM">   --->   Core 82 'RAM' <Latency = 1> <II = 1> <Delay = 1.23> <Storage> <Opcode : 'load' 'store'> <Ports = 2> <Width = 8> <Depth = 768> <RAM>
ST_6 : Operation 94 [1/1] (0.39ns)   --->   "%select_ln32 = select i1 %trunc_ln116, i8 %p_ZN12_GLOBAL_N_110lineBufferILi2EEE_0_load_4, i8 %p_ZN12_GLOBAL_N_110lineBufferILi2EEE_1_load_4" [../src/hysteresis.cpp:32->../src/hysteresis.cpp:125->../src/canny_top.cpp:35]   --->   Operation 94 'select' 'select_ln32' <Predicate = (centre == 128 & !icmp_ln29 & !icmp_ln30 & !icmp_ln31)> <Delay = 0.39> <CoreInst = "Sel">   --->   Core 73 'Sel' <Latency = 0> <II = 1> <Delay = 0.39> <FuncUnit> <Opcode : 'select'> <InPorts = 3> <OutPorts = 1>
ST_6 : Operation 95 [1/1] (0.76ns)   --->   "%icmp_ln32 = icmp_eq  i8 %select_ln32, i8 255" [../src/hysteresis.cpp:32->../src/hysteresis.cpp:125->../src/canny_top.cpp:35]   --->   Operation 95 'icmp' 'icmp_ln32' <Predicate = (centre == 128 & !icmp_ln29 & !icmp_ln30 & !icmp_ln31)> <Delay = 0.76> <CoreInst = "Cmp">   --->   Core 9 'Cmp' <Latency = 0> <II = 1> <Delay = 0.76> <FuncUnit> <Opcode : 'seteq' 'setne' 'setle' 'setge' 'setlt' 'setgt'> <InPorts = 2> <OutPorts = 1>
ST_6 : Operation 96 [1/1] (0.00ns)   --->   "%br_ln32 = br i1 %icmp_ln32, void %lor.lhs.false24.i.i, void %_ZN12_GLOBAL__N_120has_strong_neighbourILi2EEEbiiii.exit.i" [../src/hysteresis.cpp:32->../src/hysteresis.cpp:125->../src/canny_top.cpp:35]   --->   Operation 96 'br' 'br_ln32' <Predicate = (centre == 128 & !icmp_ln29 & !icmp_ln30 & !icmp_ln31)> <Delay = 0.00>
ST_6 : Operation 97 [2/2] (1.23ns)   --->   "%p_ZN12_GLOBAL_N_110lineBufferILi2EEE_0_load_5 = load i10 %p_ZN12_GLOBAL_N_110lineBufferILi2EEE_0_addr_6" [../src/hysteresis.cpp:33->../src/hysteresis.cpp:125->../src/canny_top.cpp:35]   --->   Operation 97 'load' 'p_ZN12_GLOBAL_N_110lineBufferILi2EEE_0_load_5' <Predicate = (centre == 128 & !icmp_ln29 & !icmp_ln30 & !icmp_ln31 & !icmp_ln32 & trunc_ln116)> <Delay = 1.23> <CoreInst = "RAM">   --->   Core 82 'RAM' <Latency = 1> <II = 1> <Delay = 1.23> <Storage> <Opcode : 'load' 'store'> <Ports = 2> <Width = 8> <Depth = 768> <RAM>
ST_6 : Operation 98 [2/2] (1.23ns)   --->   "%p_ZN12_GLOBAL_N_110lineBufferILi2EEE_1_load_5 = load i10 %p_ZN12_GLOBAL_N_110lineBufferILi2EEE_1_addr_6" [../src/hysteresis.cpp:33->../src/hysteresis.cpp:125->../src/canny_top.cpp:35]   --->   Operation 98 'load' 'p_ZN12_GLOBAL_N_110lineBufferILi2EEE_1_load_5' <Predicate = (centre == 128 & !icmp_ln29 & !icmp_ln30 & !icmp_ln31 & !icmp_ln32 & !trunc_ln116)> <Delay = 1.23> <CoreInst = "RAM">   --->   Core 82 'RAM' <Latency = 1> <II = 1> <Delay = 1.23> <Storage> <Opcode : 'load' 'store'> <Ports = 2> <Width = 8> <Depth = 768> <RAM>

State 7 <SV = 6> <Delay = 2.39>
ST_7 : Operation 99 [1/1] (0.00ns)   --->   "%tmp_38 = bitconcatenate i10 @_ssdm_op_BitConcatenate.i10.i2.i8, i2 %writeSlot_read, i8 %lshr_ln5" [../src/hysteresis.cpp:34->../src/hysteresis.cpp:125->../src/canny_top.cpp:35]   --->   Operation 99 'bitconcatenate' 'tmp_38' <Predicate = (centre == 128)> <Delay = 0.00>
ST_7 : Operation 100 [1/1] (0.00ns)   --->   "%zext_ln34 = zext i10 %tmp_38" [../src/hysteresis.cpp:34->../src/hysteresis.cpp:125->../src/canny_top.cpp:35]   --->   Operation 100 'zext' 'zext_ln34' <Predicate = (centre == 128)> <Delay = 0.00>
ST_7 : Operation 101 [1/1] (0.00ns)   --->   "%p_ZN12_GLOBAL_N_110lineBufferILi2EEE_0_addr_7 = getelementptr i8 %p_ZN12_GLOBAL_N_110lineBufferILi2EEE_0, i64 0, i64 %zext_ln34" [../src/hysteresis.cpp:34->../src/hysteresis.cpp:125->../src/canny_top.cpp:35]   --->   Operation 101 'getelementptr' 'p_ZN12_GLOBAL_N_110lineBufferILi2EEE_0_addr_7' <Predicate = (centre == 128 & trunc_ln116)> <Delay = 0.00>
ST_7 : Operation 102 [1/1] (0.00ns)   --->   "%p_ZN12_GLOBAL_N_110lineBufferILi2EEE_1_addr_7 = getelementptr i8 %p_ZN12_GLOBAL_N_110lineBufferILi2EEE_1, i64 0, i64 %zext_ln34" [../src/hysteresis.cpp:34->../src/hysteresis.cpp:125->../src/canny_top.cpp:35]   --->   Operation 102 'getelementptr' 'p_ZN12_GLOBAL_N_110lineBufferILi2EEE_1_addr_7' <Predicate = (centre == 128 & !trunc_ln116)> <Delay = 0.00>
ST_7 : Operation 103 [1/2] ( I:1.23ns O:1.23ns )   --->   "%p_ZN12_GLOBAL_N_110lineBufferILi2EEE_0_load_5 = load i10 %p_ZN12_GLOBAL_N_110lineBufferILi2EEE_0_addr_6" [../src/hysteresis.cpp:33->../src/hysteresis.cpp:125->../src/canny_top.cpp:35]   --->   Operation 103 'load' 'p_ZN12_GLOBAL_N_110lineBufferILi2EEE_0_load_5' <Predicate = (centre == 128 & !icmp_ln29 & !icmp_ln30 & !icmp_ln31 & !icmp_ln32 & trunc_ln116)> <Delay = 1.23> <CoreInst = "RAM">   --->   Core 82 'RAM' <Latency = 1> <II = 1> <Delay = 1.23> <Storage> <Opcode : 'load' 'store'> <Ports = 2> <Width = 8> <Depth = 768> <RAM>
ST_7 : Operation 104 [1/2] ( I:1.23ns O:1.23ns )   --->   "%p_ZN12_GLOBAL_N_110lineBufferILi2EEE_1_load_5 = load i10 %p_ZN12_GLOBAL_N_110lineBufferILi2EEE_1_addr_6" [../src/hysteresis.cpp:33->../src/hysteresis.cpp:125->../src/canny_top.cpp:35]   --->   Operation 104 'load' 'p_ZN12_GLOBAL_N_110lineBufferILi2EEE_1_load_5' <Predicate = (centre == 128 & !icmp_ln29 & !icmp_ln30 & !icmp_ln31 & !icmp_ln32 & !trunc_ln116)> <Delay = 1.23> <CoreInst = "RAM">   --->   Core 82 'RAM' <Latency = 1> <II = 1> <Delay = 1.23> <Storage> <Opcode : 'load' 'store'> <Ports = 2> <Width = 8> <Depth = 768> <RAM>
ST_7 : Operation 105 [1/1] (0.39ns)   --->   "%select_ln33 = select i1 %trunc_ln116, i8 %p_ZN12_GLOBAL_N_110lineBufferILi2EEE_0_load_5, i8 %p_ZN12_GLOBAL_N_110lineBufferILi2EEE_1_load_5" [../src/hysteresis.cpp:33->../src/hysteresis.cpp:125->../src/canny_top.cpp:35]   --->   Operation 105 'select' 'select_ln33' <Predicate = (centre == 128 & !icmp_ln29 & !icmp_ln30 & !icmp_ln31 & !icmp_ln32)> <Delay = 0.39> <CoreInst = "Sel">   --->   Core 73 'Sel' <Latency = 0> <II = 1> <Delay = 0.39> <FuncUnit> <Opcode : 'select'> <InPorts = 3> <OutPorts = 1>
ST_7 : Operation 106 [1/1] (0.76ns)   --->   "%icmp_ln33 = icmp_eq  i8 %select_ln33, i8 255" [../src/hysteresis.cpp:33->../src/hysteresis.cpp:125->../src/canny_top.cpp:35]   --->   Operation 106 'icmp' 'icmp_ln33' <Predicate = (centre == 128 & !icmp_ln29 & !icmp_ln30 & !icmp_ln31 & !icmp_ln32)> <Delay = 0.76> <CoreInst = "Cmp">   --->   Core 9 'Cmp' <Latency = 0> <II = 1> <Delay = 0.76> <FuncUnit> <Opcode : 'seteq' 'setne' 'setle' 'setge' 'setlt' 'setgt'> <InPorts = 2> <OutPorts = 1>
ST_7 : Operation 107 [1/1] (0.00ns)   --->   "%br_ln33 = br i1 %icmp_ln33, void %lor.lhs.false32.i.i, void %_ZN12_GLOBAL__N_120has_strong_neighbourILi2EEEbiiii.exit.i" [../src/hysteresis.cpp:33->../src/hysteresis.cpp:125->../src/canny_top.cpp:35]   --->   Operation 107 'br' 'br_ln33' <Predicate = (centre == 128 & !icmp_ln29 & !icmp_ln30 & !icmp_ln31 & !icmp_ln32)> <Delay = 0.00>
ST_7 : Operation 108 [2/2] (1.23ns)   --->   "%p_ZN12_GLOBAL_N_110lineBufferILi2EEE_0_load_6 = load i10 %p_ZN12_GLOBAL_N_110lineBufferILi2EEE_0_addr_7" [../src/hysteresis.cpp:34->../src/hysteresis.cpp:125->../src/canny_top.cpp:35]   --->   Operation 108 'load' 'p_ZN12_GLOBAL_N_110lineBufferILi2EEE_0_load_6' <Predicate = (centre == 128 & !icmp_ln29 & !icmp_ln30 & !icmp_ln31 & !icmp_ln32 & !icmp_ln33 & trunc_ln116)> <Delay = 1.23> <CoreInst = "RAM">   --->   Core 82 'RAM' <Latency = 1> <II = 1> <Delay = 1.23> <Storage> <Opcode : 'load' 'store'> <Ports = 2> <Width = 8> <Depth = 768> <RAM>
ST_7 : Operation 109 [2/2] (1.23ns)   --->   "%p_ZN12_GLOBAL_N_110lineBufferILi2EEE_1_load_6 = load i10 %p_ZN12_GLOBAL_N_110lineBufferILi2EEE_1_addr_7" [../src/hysteresis.cpp:34->../src/hysteresis.cpp:125->../src/canny_top.cpp:35]   --->   Operation 109 'load' 'p_ZN12_GLOBAL_N_110lineBufferILi2EEE_1_load_6' <Predicate = (centre == 128 & !icmp_ln29 & !icmp_ln30 & !icmp_ln31 & !icmp_ln32 & !icmp_ln33 & !trunc_ln116)> <Delay = 1.23> <CoreInst = "RAM">   --->   Core 82 'RAM' <Latency = 1> <II = 1> <Delay = 1.23> <Storage> <Opcode : 'load' 'store'> <Ports = 2> <Width = 8> <Depth = 768> <RAM>

State 8 <SV = 7> <Delay = 2.39>
ST_8 : Operation 110 [1/1] (0.00ns)   --->   "%specpipeline_ln116 = specpipeline void @_ssdm_op_SpecPipeline, i32 4294967295, i32 0, i32 0, i32 0, i32 4294967295, void @empty_22" [../src/hysteresis.cpp:116->../src/canny_top.cpp:35]   --->   Operation 110 'specpipeline' 'specpipeline_ln116' <Predicate = true> <Delay = 0.00>
ST_8 : Operation 111 [1/1] (0.00ns)   --->   "%speclooptripcount_ln116 = speclooptripcount void @_ssdm_op_SpecLoopTripCount, i64 510, i64 510, i64 510" [../src/hysteresis.cpp:116->../src/canny_top.cpp:35]   --->   Operation 111 'speclooptripcount' 'speclooptripcount_ln116' <Predicate = true> <Delay = 0.00>
ST_8 : Operation 112 [1/1] (0.00ns)   --->   "%specloopname_ln116 = specloopname void @_ssdm_op_SpecLoopName, void @empty_15" [../src/hysteresis.cpp:116->../src/canny_top.cpp:35]   --->   Operation 112 'specloopname' 'specloopname_ln116' <Predicate = true> <Delay = 0.00>
ST_8 : Operation 113 [1/1] (0.00ns)   --->   "%tmp_35 = bitconcatenate i10 @_ssdm_op_BitConcatenate.i10.i2.i8, i2 %writeSlot_read, i8 %lshr_ln" [../src/hysteresis.cpp:35->../src/hysteresis.cpp:125->../src/canny_top.cpp:35]   --->   Operation 113 'bitconcatenate' 'tmp_35' <Predicate = true> <Delay = 0.00>
ST_8 : Operation 114 [1/1] (0.00ns)   --->   "%zext_ln35 = zext i10 %tmp_35" [../src/hysteresis.cpp:35->../src/hysteresis.cpp:125->../src/canny_top.cpp:35]   --->   Operation 114 'zext' 'zext_ln35' <Predicate = true> <Delay = 0.00>
ST_8 : Operation 115 [1/1] (0.00ns)   --->   "%p_ZN12_GLOBAL_N_110lineBufferILi2EEE_0_addr_3 = getelementptr i8 %p_ZN12_GLOBAL_N_110lineBufferILi2EEE_0, i64 0, i64 %zext_ln35" [../src/hysteresis.cpp:35->../src/hysteresis.cpp:125->../src/canny_top.cpp:35]   --->   Operation 115 'getelementptr' 'p_ZN12_GLOBAL_N_110lineBufferILi2EEE_0_addr_3' <Predicate = (!trunc_ln116)> <Delay = 0.00>
ST_8 : Operation 116 [1/1] (0.00ns)   --->   "%p_ZN12_GLOBAL_N_110lineBufferILi2EEE_1_addr_3 = getelementptr i8 %p_ZN12_GLOBAL_N_110lineBufferILi2EEE_1, i64 0, i64 %zext_ln35" [../src/hysteresis.cpp:35->../src/hysteresis.cpp:125->../src/canny_top.cpp:35]   --->   Operation 116 'getelementptr' 'p_ZN12_GLOBAL_N_110lineBufferILi2EEE_1_addr_3' <Predicate = (trunc_ln116)> <Delay = 0.00>
ST_8 : Operation 117 [1/2] ( I:1.23ns O:1.23ns )   --->   "%p_ZN12_GLOBAL_N_110lineBufferILi2EEE_0_load_6 = load i10 %p_ZN12_GLOBAL_N_110lineBufferILi2EEE_0_addr_7" [../src/hysteresis.cpp:34->../src/hysteresis.cpp:125->../src/canny_top.cpp:35]   --->   Operation 117 'load' 'p_ZN12_GLOBAL_N_110lineBufferILi2EEE_0_load_6' <Predicate = (centre == 128 & !icmp_ln29 & !icmp_ln30 & !icmp_ln31 & !icmp_ln32 & !icmp_ln33 & trunc_ln116)> <Delay = 1.23> <CoreInst = "RAM">   --->   Core 82 'RAM' <Latency = 1> <II = 1> <Delay = 1.23> <Storage> <Opcode : 'load' 'store'> <Ports = 2> <Width = 8> <Depth = 768> <RAM>
ST_8 : Operation 118 [1/2] ( I:1.23ns O:1.23ns )   --->   "%p_ZN12_GLOBAL_N_110lineBufferILi2EEE_1_load_6 = load i10 %p_ZN12_GLOBAL_N_110lineBufferILi2EEE_1_addr_7" [../src/hysteresis.cpp:34->../src/hysteresis.cpp:125->../src/canny_top.cpp:35]   --->   Operation 118 'load' 'p_ZN12_GLOBAL_N_110lineBufferILi2EEE_1_load_6' <Predicate = (centre == 128 & !icmp_ln29 & !icmp_ln30 & !icmp_ln31 & !icmp_ln32 & !icmp_ln33 & !trunc_ln116)> <Delay = 1.23> <CoreInst = "RAM">   --->   Core 82 'RAM' <Latency = 1> <II = 1> <Delay = 1.23> <Storage> <Opcode : 'load' 'store'> <Ports = 2> <Width = 8> <Depth = 768> <RAM>
ST_8 : Operation 119 [1/1] (0.39ns)   --->   "%select_ln34 = select i1 %trunc_ln116, i8 %p_ZN12_GLOBAL_N_110lineBufferILi2EEE_0_load_6, i8 %p_ZN12_GLOBAL_N_110lineBufferILi2EEE_1_load_6" [../src/hysteresis.cpp:34->../src/hysteresis.cpp:125->../src/canny_top.cpp:35]   --->   Operation 119 'select' 'select_ln34' <Predicate = (centre == 128 & !icmp_ln29 & !icmp_ln30 & !icmp_ln31 & !icmp_ln32 & !icmp_ln33)> <Delay = 0.39> <CoreInst = "Sel">   --->   Core 73 'Sel' <Latency = 0> <II = 1> <Delay = 0.39> <FuncUnit> <Opcode : 'select'> <InPorts = 3> <OutPorts = 1>
ST_8 : Operation 120 [1/1] (0.76ns)   --->   "%icmp_ln34 = icmp_eq  i8 %select_ln34, i8 255" [../src/hysteresis.cpp:34->../src/hysteresis.cpp:125->../src/canny_top.cpp:35]   --->   Operation 120 'icmp' 'icmp_ln34' <Predicate = (centre == 128 & !icmp_ln29 & !icmp_ln30 & !icmp_ln31 & !icmp_ln32 & !icmp_ln33)> <Delay = 0.76> <CoreInst = "Cmp">   --->   Core 9 'Cmp' <Latency = 0> <II = 1> <Delay = 0.76> <FuncUnit> <Opcode : 'seteq' 'setne' 'setle' 'setge' 'setlt' 'setgt'> <InPorts = 2> <OutPorts = 1>
ST_8 : Operation 121 [1/1] (0.00ns)   --->   "%br_ln34 = br i1 %icmp_ln34, void %lor.lhs.false40.i.i, void %_ZN12_GLOBAL__N_120has_strong_neighbourILi2EEEbiiii.exit.i" [../src/hysteresis.cpp:34->../src/hysteresis.cpp:125->../src/canny_top.cpp:35]   --->   Operation 121 'br' 'br_ln34' <Predicate = (centre == 128 & !icmp_ln29 & !icmp_ln30 & !icmp_ln31 & !icmp_ln32 & !icmp_ln33)> <Delay = 0.00>
ST_8 : Operation 122 [2/2] (1.23ns)   --->   "%p_ZN12_GLOBAL_N_110lineBufferILi2EEE_0_load_7 = load i10 %p_ZN12_GLOBAL_N_110lineBufferILi2EEE_0_addr_3" [../src/hysteresis.cpp:35->../src/hysteresis.cpp:125->../src/canny_top.cpp:35]   --->   Operation 122 'load' 'p_ZN12_GLOBAL_N_110lineBufferILi2EEE_0_load_7' <Predicate = (centre == 128 & !icmp_ln29 & !icmp_ln30 & !icmp_ln31 & !icmp_ln32 & !icmp_ln33 & !icmp_ln34 & !trunc_ln116)> <Delay = 1.23> <CoreInst = "RAM">   --->   Core 82 'RAM' <Latency = 1> <II = 1> <Delay = 1.23> <Storage> <Opcode : 'load' 'store'> <Ports = 2> <Width = 8> <Depth = 768> <RAM>
ST_8 : Operation 123 [2/2] (1.23ns)   --->   "%p_ZN12_GLOBAL_N_110lineBufferILi2EEE_1_load_7 = load i10 %p_ZN12_GLOBAL_N_110lineBufferILi2EEE_1_addr_3" [../src/hysteresis.cpp:35->../src/hysteresis.cpp:125->../src/canny_top.cpp:35]   --->   Operation 123 'load' 'p_ZN12_GLOBAL_N_110lineBufferILi2EEE_1_load_7' <Predicate = (centre == 128 & !icmp_ln29 & !icmp_ln30 & !icmp_ln31 & !icmp_ln32 & !icmp_ln33 & !icmp_ln34 & trunc_ln116)> <Delay = 1.23> <CoreInst = "RAM">   --->   Core 82 'RAM' <Latency = 1> <II = 1> <Delay = 1.23> <Storage> <Opcode : 'load' 'store'> <Ports = 2> <Width = 8> <Depth = 768> <RAM>

State 9 <SV = 8> <Delay = 2.39>
ST_9 : Operation 124 [1/1] (0.00ns)   --->   "%tmp_41 = bitconcatenate i10 @_ssdm_op_BitConcatenate.i10.i2.i8, i2 %writeSlot_read, i8 %lshr_ln6" [../src/hysteresis.cpp:36->../src/hysteresis.cpp:125->../src/canny_top.cpp:35]   --->   Operation 124 'bitconcatenate' 'tmp_41' <Predicate = (centre == 128 & !icmp_ln29 & !icmp_ln30)> <Delay = 0.00>
ST_9 : Operation 125 [1/1] (0.00ns)   --->   "%zext_ln36 = zext i10 %tmp_41" [../src/hysteresis.cpp:36->../src/hysteresis.cpp:125->../src/canny_top.cpp:35]   --->   Operation 125 'zext' 'zext_ln36' <Predicate = (centre == 128 & !icmp_ln29 & !icmp_ln30)> <Delay = 0.00>
ST_9 : Operation 126 [1/1] (0.00ns)   --->   "%p_ZN12_GLOBAL_N_110lineBufferILi2EEE_0_addr_8 = getelementptr i8 %p_ZN12_GLOBAL_N_110lineBufferILi2EEE_0, i64 0, i64 %zext_ln36" [../src/hysteresis.cpp:36->../src/hysteresis.cpp:125->../src/canny_top.cpp:35]   --->   Operation 126 'getelementptr' 'p_ZN12_GLOBAL_N_110lineBufferILi2EEE_0_addr_8' <Predicate = (centre == 128 & !icmp_ln29 & !icmp_ln30 & trunc_ln116)> <Delay = 0.00>
ST_9 : Operation 127 [1/1] (0.00ns)   --->   "%p_ZN12_GLOBAL_N_110lineBufferILi2EEE_1_addr_8 = getelementptr i8 %p_ZN12_GLOBAL_N_110lineBufferILi2EEE_1, i64 0, i64 %zext_ln36" [../src/hysteresis.cpp:36->../src/hysteresis.cpp:125->../src/canny_top.cpp:35]   --->   Operation 127 'getelementptr' 'p_ZN12_GLOBAL_N_110lineBufferILi2EEE_1_addr_8' <Predicate = (centre == 128 & !icmp_ln29 & !icmp_ln30 & !trunc_ln116)> <Delay = 0.00>
ST_9 : Operation 128 [1/2] ( I:1.23ns O:1.23ns )   --->   "%p_ZN12_GLOBAL_N_110lineBufferILi2EEE_0_load_7 = load i10 %p_ZN12_GLOBAL_N_110lineBufferILi2EEE_0_addr_3" [../src/hysteresis.cpp:35->../src/hysteresis.cpp:125->../src/canny_top.cpp:35]   --->   Operation 128 'load' 'p_ZN12_GLOBAL_N_110lineBufferILi2EEE_0_load_7' <Predicate = (centre == 128 & !icmp_ln29 & !icmp_ln30 & !icmp_ln31 & !icmp_ln32 & !icmp_ln33 & !icmp_ln34 & !trunc_ln116)> <Delay = 1.23> <CoreInst = "RAM">   --->   Core 82 'RAM' <Latency = 1> <II = 1> <Delay = 1.23> <Storage> <Opcode : 'load' 'store'> <Ports = 2> <Width = 8> <Depth = 768> <RAM>
ST_9 : Operation 129 [1/2] ( I:1.23ns O:1.23ns )   --->   "%p_ZN12_GLOBAL_N_110lineBufferILi2EEE_1_load_7 = load i10 %p_ZN12_GLOBAL_N_110lineBufferILi2EEE_1_addr_3" [../src/hysteresis.cpp:35->../src/hysteresis.cpp:125->../src/canny_top.cpp:35]   --->   Operation 129 'load' 'p_ZN12_GLOBAL_N_110lineBufferILi2EEE_1_load_7' <Predicate = (centre == 128 & !icmp_ln29 & !icmp_ln30 & !icmp_ln31 & !icmp_ln32 & !icmp_ln33 & !icmp_ln34 & trunc_ln116)> <Delay = 1.23> <CoreInst = "RAM">   --->   Core 82 'RAM' <Latency = 1> <II = 1> <Delay = 1.23> <Storage> <Opcode : 'load' 'store'> <Ports = 2> <Width = 8> <Depth = 768> <RAM>
ST_9 : Operation 130 [1/1] (0.39ns)   --->   "%select_ln35 = select i1 %trunc_ln116, i8 %p_ZN12_GLOBAL_N_110lineBufferILi2EEE_1_load_7, i8 %p_ZN12_GLOBAL_N_110lineBufferILi2EEE_0_load_7" [../src/hysteresis.cpp:35->../src/hysteresis.cpp:125->../src/canny_top.cpp:35]   --->   Operation 130 'select' 'select_ln35' <Predicate = (centre == 128 & !icmp_ln29 & !icmp_ln30 & !icmp_ln31 & !icmp_ln32 & !icmp_ln33 & !icmp_ln34)> <Delay = 0.39> <CoreInst = "Sel">   --->   Core 73 'Sel' <Latency = 0> <II = 1> <Delay = 0.39> <FuncUnit> <Opcode : 'select'> <InPorts = 3> <OutPorts = 1>
ST_9 : Operation 131 [1/1] (0.76ns)   --->   "%icmp_ln35 = icmp_eq  i8 %select_ln35, i8 255" [../src/hysteresis.cpp:35->../src/hysteresis.cpp:125->../src/canny_top.cpp:35]   --->   Operation 131 'icmp' 'icmp_ln35' <Predicate = (centre == 128 & !icmp_ln29 & !icmp_ln30 & !icmp_ln31 & !icmp_ln32 & !icmp_ln33 & !icmp_ln34)> <Delay = 0.76> <CoreInst = "Cmp">   --->   Core 9 'Cmp' <Latency = 0> <II = 1> <Delay = 0.76> <FuncUnit> <Opcode : 'seteq' 'setne' 'setle' 'setge' 'setlt' 'setgt'> <InPorts = 2> <OutPorts = 1>
ST_9 : Operation 132 [1/1] (0.00ns)   --->   "%br_ln35 = br i1 %icmp_ln35, void %lor.rhs.i.i, void %_ZN12_GLOBAL__N_120has_strong_neighbourILi2EEEbiiii.exit.i" [../src/hysteresis.cpp:35->../src/hysteresis.cpp:125->../src/canny_top.cpp:35]   --->   Operation 132 'br' 'br_ln35' <Predicate = (centre == 128 & !icmp_ln29 & !icmp_ln30 & !icmp_ln31 & !icmp_ln32 & !icmp_ln33 & !icmp_ln34)> <Delay = 0.00>
ST_9 : Operation 133 [2/2] (1.23ns)   --->   "%p_ZN12_GLOBAL_N_110lineBufferILi2EEE_0_load_8 = load i10 %p_ZN12_GLOBAL_N_110lineBufferILi2EEE_0_addr_8" [../src/hysteresis.cpp:36->../src/hysteresis.cpp:125->../src/canny_top.cpp:35]   --->   Operation 133 'load' 'p_ZN12_GLOBAL_N_110lineBufferILi2EEE_0_load_8' <Predicate = (centre == 128 & !icmp_ln29 & !icmp_ln30 & !icmp_ln31 & !icmp_ln32 & !icmp_ln33 & !icmp_ln34 & !icmp_ln35 & trunc_ln116)> <Delay = 1.23> <CoreInst = "RAM">   --->   Core 82 'RAM' <Latency = 1> <II = 1> <Delay = 1.23> <Storage> <Opcode : 'load' 'store'> <Ports = 2> <Width = 8> <Depth = 768> <RAM>
ST_9 : Operation 134 [2/2] (1.23ns)   --->   "%p_ZN12_GLOBAL_N_110lineBufferILi2EEE_1_load_8 = load i10 %p_ZN12_GLOBAL_N_110lineBufferILi2EEE_1_addr_8" [../src/hysteresis.cpp:36->../src/hysteresis.cpp:125->../src/canny_top.cpp:35]   --->   Operation 134 'load' 'p_ZN12_GLOBAL_N_110lineBufferILi2EEE_1_load_8' <Predicate = (centre == 128 & !icmp_ln29 & !icmp_ln30 & !icmp_ln31 & !icmp_ln32 & !icmp_ln33 & !icmp_ln34 & !icmp_ln35 & !trunc_ln116)> <Delay = 1.23> <CoreInst = "RAM">   --->   Core 82 'RAM' <Latency = 1> <II = 1> <Delay = 1.23> <Storage> <Opcode : 'load' 'store'> <Ports = 2> <Width = 8> <Depth = 768> <RAM>
ST_9 : Operation 135 [1/1] (0.00ns)   --->   "%br_ln124 = br void %if.then36.i" [../src/hysteresis.cpp:124->../src/canny_top.cpp:35]   --->   Operation 135 'br' 'br_ln124' <Predicate = (centre == 128 & icmp_ln35) | (centre == 128 & icmp_ln34) | (centre == 128 & icmp_ln33) | (centre == 128 & icmp_ln32) | (centre == 128 & icmp_ln31) | (centre == 128 & icmp_ln30) | (centre == 128 & icmp_ln29)> <Delay = 0.00>

State 10 <SV = 9> <Delay = 3.63>
ST_10 : Operation 136 [1/2] ( I:1.23ns O:1.23ns )   --->   "%p_ZN12_GLOBAL_N_110lineBufferILi2EEE_0_load_8 = load i10 %p_ZN12_GLOBAL_N_110lineBufferILi2EEE_0_addr_8" [../src/hysteresis.cpp:36->../src/hysteresis.cpp:125->../src/canny_top.cpp:35]   --->   Operation 136 'load' 'p_ZN12_GLOBAL_N_110lineBufferILi2EEE_0_load_8' <Predicate = (centre == 128 & !icmp_ln29 & !icmp_ln30 & !icmp_ln31 & !icmp_ln32 & !icmp_ln33 & !icmp_ln34 & !icmp_ln35 & trunc_ln116)> <Delay = 1.23> <CoreInst = "RAM">   --->   Core 82 'RAM' <Latency = 1> <II = 1> <Delay = 1.23> <Storage> <Opcode : 'load' 'store'> <Ports = 2> <Width = 8> <Depth = 768> <RAM>
ST_10 : Operation 137 [1/2] ( I:1.23ns O:1.23ns )   --->   "%p_ZN12_GLOBAL_N_110lineBufferILi2EEE_1_load_8 = load i10 %p_ZN12_GLOBAL_N_110lineBufferILi2EEE_1_addr_8" [../src/hysteresis.cpp:36->../src/hysteresis.cpp:125->../src/canny_top.cpp:35]   --->   Operation 137 'load' 'p_ZN12_GLOBAL_N_110lineBufferILi2EEE_1_load_8' <Predicate = (centre == 128 & !icmp_ln29 & !icmp_ln30 & !icmp_ln31 & !icmp_ln32 & !icmp_ln33 & !icmp_ln34 & !icmp_ln35 & !trunc_ln116)> <Delay = 1.23> <CoreInst = "RAM">   --->   Core 82 'RAM' <Latency = 1> <II = 1> <Delay = 1.23> <Storage> <Opcode : 'load' 'store'> <Ports = 2> <Width = 8> <Depth = 768> <RAM>
ST_10 : Operation 138 [1/1] (0.39ns)   --->   "%select_ln36 = select i1 %trunc_ln116, i8 %p_ZN12_GLOBAL_N_110lineBufferILi2EEE_0_load_8, i8 %p_ZN12_GLOBAL_N_110lineBufferILi2EEE_1_load_8" [../src/hysteresis.cpp:36->../src/hysteresis.cpp:125->../src/canny_top.cpp:35]   --->   Operation 138 'select' 'select_ln36' <Predicate = (centre == 128 & !icmp_ln29 & !icmp_ln30 & !icmp_ln31 & !icmp_ln32 & !icmp_ln33 & !icmp_ln34 & !icmp_ln35)> <Delay = 0.39> <CoreInst = "Sel">   --->   Core 73 'Sel' <Latency = 0> <II = 1> <Delay = 0.39> <FuncUnit> <Opcode : 'select'> <InPorts = 3> <OutPorts = 1>
ST_10 : Operation 139 [1/1] (0.76ns)   --->   "%icmp_ln36 = icmp_eq  i8 %select_ln36, i8 255" [../src/hysteresis.cpp:36->../src/hysteresis.cpp:125->../src/canny_top.cpp:35]   --->   Operation 139 'icmp' 'icmp_ln36' <Predicate = (centre == 128 & !icmp_ln29 & !icmp_ln30 & !icmp_ln31 & !icmp_ln32 & !icmp_ln33 & !icmp_ln34 & !icmp_ln35)> <Delay = 0.76> <CoreInst = "Cmp">   --->   Core 9 'Cmp' <Latency = 0> <II = 1> <Delay = 0.76> <FuncUnit> <Opcode : 'seteq' 'setne' 'setle' 'setge' 'setlt' 'setgt'> <InPorts = 2> <OutPorts = 1>
ST_10 : Operation 140 [1/1] (0.00ns)   --->   "%out_hysteresis2_addr_2 = getelementptr i8 %out_hysteresis2, i64 0, i64 %zext_ln116" [../src/hysteresis.cpp:132->../src/canny_top.cpp:35]   --->   Operation 140 'getelementptr' 'out_hysteresis2_addr_2' <Predicate = (centre == 128 & !icmp_ln29 & !icmp_ln30 & !icmp_ln31 & !icmp_ln32 & !icmp_ln33 & !icmp_ln34 & !icmp_ln35)> <Delay = 0.00>
ST_10 : Operation 141 [1/1] (0.00ns)   --->   "%br_ln124 = br i1 %icmp_ln36, void %if.then42.i, void %if.then36.i" [../src/hysteresis.cpp:124->../src/canny_top.cpp:35]   --->   Operation 141 'br' 'br_ln124' <Predicate = (centre == 128 & !icmp_ln29 & !icmp_ln30 & !icmp_ln31 & !icmp_ln32 & !icmp_ln33 & !icmp_ln34 & !icmp_ln35)> <Delay = 0.00>
ST_10 : Operation 142 [1/1] ( I:1.23ns O:1.23ns )   --->   "%store_ln135 = store i8 128, i9 %out_hysteresis2_addr_2" [../src/hysteresis.cpp:135->../src/canny_top.cpp:35]   --->   Operation 142 'store' 'store_ln135' <Predicate = (centre == 128 & !icmp_ln29 & !icmp_ln30 & !icmp_ln31 & !icmp_ln32 & !icmp_ln33 & !icmp_ln34 & !icmp_ln35 & !icmp_ln36)> <Delay = 1.23> <CoreInst = "RAM">   --->   Core 82 'RAM' <Latency = 1> <II = 1> <Delay = 1.23> <Storage> <Opcode : 'load' 'store'> <Ports = 2> <Width = 8> <Depth = 512> <RAM>
ST_10 : Operation 143 [1/1] (0.00ns)   --->   "%br_ln136 = br void %if.end48.i" [../src/hysteresis.cpp:136->../src/canny_top.cpp:35]   --->   Operation 143 'br' 'br_ln136' <Predicate = (centre == 128 & !icmp_ln29 & !icmp_ln30 & !icmp_ln31 & !icmp_ln32 & !icmp_ln33 & !icmp_ln34 & !icmp_ln35 & !icmp_ln36)> <Delay = 0.00>
ST_10 : Operation 144 [1/1] (0.00ns)   --->   "%out_hysteresis2_addr_3 = getelementptr i8 %out_hysteresis2, i64 0, i64 %zext_ln116" [../src/hysteresis.cpp:132->../src/canny_top.cpp:35]   --->   Operation 144 'getelementptr' 'out_hysteresis2_addr_3' <Predicate = (centre == 128 & icmp_ln36) | (centre == 128 & icmp_ln35) | (centre == 128 & icmp_ln34) | (centre == 128 & icmp_ln33) | (centre == 128 & icmp_ln32) | (centre == 128 & icmp_ln31) | (centre == 128 & icmp_ln30) | (centre == 128 & icmp_ln29)> <Delay = 0.00>
ST_10 : Operation 145 [1/1] ( I:1.23ns O:1.23ns )   --->   "%store_ln132 = store i8 255, i9 %out_hysteresis2_addr_3" [../src/hysteresis.cpp:132->../src/canny_top.cpp:35]   --->   Operation 145 'store' 'store_ln132' <Predicate = (centre == 128 & icmp_ln36) | (centre == 128 & icmp_ln35) | (centre == 128 & icmp_ln34) | (centre == 128 & icmp_ln33) | (centre == 128 & icmp_ln32) | (centre == 128 & icmp_ln31) | (centre == 128 & icmp_ln30) | (centre == 128 & icmp_ln29)> <Delay = 1.23> <CoreInst = "RAM">   --->   Core 82 'RAM' <Latency = 1> <II = 1> <Delay = 1.23> <Storage> <Opcode : 'load' 'store'> <Ports = 2> <Width = 8> <Depth = 512> <RAM>
ST_10 : Operation 146 [1/1] (0.00ns)   --->   "%br_ln133 = br void %if.end49.i" [../src/hysteresis.cpp:133->../src/canny_top.cpp:35]   --->   Operation 146 'br' 'br_ln133' <Predicate = (centre == 128 & icmp_ln36) | (centre == 128 & icmp_ln35) | (centre == 128 & icmp_ln34) | (centre == 128 & icmp_ln33) | (centre == 128 & icmp_ln32) | (centre == 128 & icmp_ln31) | (centre == 128 & icmp_ln30) | (centre == 128 & icmp_ln29)> <Delay = 0.00>
ST_10 : Operation 147 [1/1] (0.00ns)   --->   "%br_ln0 = br void %if.end49.i"   --->   Operation 147 'br' 'br_ln0' <Predicate = (centre != 255 & !icmp_ln29 & !icmp_ln30 & !icmp_ln31 & !icmp_ln32 & !icmp_ln33 & !icmp_ln34 & !icmp_ln35 & !icmp_ln36) | (centre != 255 & centre != 128)> <Delay = 0.00>


============================================================
+ Verbose Summary: Timing violations
============================================================
Target clock period: 5.000ns, clock uncertainty: 1.350ns.

 <State 1>: 1.664ns
The critical path consists of the following:
	'store' operation ('store_ln26', ../src/hysteresis.cpp:26->../src/hysteresis.cpp:125->../src/canny_top.cpp:35) of constant 1 9 bit on local variable 'column', ../src/hysteresis.cpp:26->../src/hysteresis.cpp:125->../src/canny_top.cpp:35 [11]  (0.427 ns)
	'load' operation 9 bit ('column', ../src/hysteresis.cpp:29->../src/hysteresis.cpp:125->../src/canny_top.cpp:35) on local variable 'column', ../src/hysteresis.cpp:26->../src/hysteresis.cpp:125->../src/canny_top.cpp:35 [14]  (0.000 ns)
	'getelementptr' operation 10 bit ('p_ZN12_GLOBAL_N_110lineBufferILi2EEE_0_addr', ../src/hysteresis.cpp:118->../src/canny_top.cpp:35) [26]  (0.000 ns)
	'load' operation 8 bit ('p_ZN12_GLOBAL_N_110lineBufferILi2EEE_0_load', ../src/hysteresis.cpp:118->../src/canny_top.cpp:35) on array 'p_ZN12_GLOBAL_N_110lineBufferILi2EEE_0' [36]  (1.237 ns)

 <State 2>: 3.632ns
The critical path consists of the following:
	'load' operation 8 bit ('p_ZN12_GLOBAL_N_110lineBufferILi2EEE_0_load', ../src/hysteresis.cpp:118->../src/canny_top.cpp:35) on array 'p_ZN12_GLOBAL_N_110lineBufferILi2EEE_0' [36]  (1.237 ns)
	'select' operation 8 bit ('centre', ../src/hysteresis.cpp:118->../src/canny_top.cpp:35) [38]  (0.393 ns)
	'store' operation ('store_ln138', ../src/hysteresis.cpp:138->../src/canny_top.cpp:35) of constant 0 8 bit on array 'out_hysteresis2' [132]  (1.237 ns)
	blocking operation 0.765 ns on control path)

 <State 3>: 2.395ns
The critical path consists of the following:
	'load' operation 8 bit ('p_ZN12_GLOBAL_N_110lineBufferILi2EEE_0_load_1', ../src/hysteresis.cpp:29->../src/hysteresis.cpp:125->../src/canny_top.cpp:35) on array 'p_ZN12_GLOBAL_N_110lineBufferILi2EEE_0' [55]  (1.237 ns)
	'select' operation 8 bit ('select_ln29', ../src/hysteresis.cpp:29->../src/hysteresis.cpp:125->../src/canny_top.cpp:35) [57]  (0.393 ns)
	'icmp' operation 1 bit ('icmp_ln29', ../src/hysteresis.cpp:29->../src/hysteresis.cpp:125->../src/canny_top.cpp:35) [58]  (0.765 ns)

 <State 4>: 2.395ns
The critical path consists of the following:
	'load' operation 8 bit ('p_ZN12_GLOBAL_N_110lineBufferILi2EEE_0_load_2', ../src/hysteresis.cpp:30->../src/hysteresis.cpp:125->../src/canny_top.cpp:35) on array 'p_ZN12_GLOBAL_N_110lineBufferILi2EEE_0' [61]  (1.237 ns)
	'select' operation 8 bit ('select_ln30', ../src/hysteresis.cpp:30->../src/hysteresis.cpp:125->../src/canny_top.cpp:35) [63]  (0.393 ns)
	'icmp' operation 1 bit ('icmp_ln30', ../src/hysteresis.cpp:30->../src/hysteresis.cpp:125->../src/canny_top.cpp:35) [64]  (0.765 ns)

 <State 5>: 2.395ns
The critical path consists of the following:
	'load' operation 8 bit ('p_ZN12_GLOBAL_N_110lineBufferILi2EEE_0_load_3', ../src/hysteresis.cpp:31->../src/hysteresis.cpp:125->../src/canny_top.cpp:35) on array 'p_ZN12_GLOBAL_N_110lineBufferILi2EEE_0' [81]  (1.237 ns)
	'select' operation 8 bit ('select_ln31', ../src/hysteresis.cpp:31->../src/hysteresis.cpp:125->../src/canny_top.cpp:35) [83]  (0.393 ns)
	'icmp' operation 1 bit ('icmp_ln31', ../src/hysteresis.cpp:31->../src/hysteresis.cpp:125->../src/canny_top.cpp:35) [84]  (0.765 ns)

 <State 6>: 2.395ns
The critical path consists of the following:
	'load' operation 8 bit ('p_ZN12_GLOBAL_N_110lineBufferILi2EEE_0_load_4', ../src/hysteresis.cpp:32->../src/hysteresis.cpp:125->../src/canny_top.cpp:35) on array 'p_ZN12_GLOBAL_N_110lineBufferILi2EEE_0' [87]  (1.237 ns)
	'select' operation 8 bit ('select_ln32', ../src/hysteresis.cpp:32->../src/hysteresis.cpp:125->../src/canny_top.cpp:35) [89]  (0.393 ns)
	'icmp' operation 1 bit ('icmp_ln32', ../src/hysteresis.cpp:32->../src/hysteresis.cpp:125->../src/canny_top.cpp:35) [90]  (0.765 ns)

 <State 7>: 2.395ns
The critical path consists of the following:
	'load' operation 8 bit ('p_ZN12_GLOBAL_N_110lineBufferILi2EEE_0_load_5', ../src/hysteresis.cpp:33->../src/hysteresis.cpp:125->../src/canny_top.cpp:35) on array 'p_ZN12_GLOBAL_N_110lineBufferILi2EEE_0' [93]  (1.237 ns)
	'select' operation 8 bit ('select_ln33', ../src/hysteresis.cpp:33->../src/hysteresis.cpp:125->../src/canny_top.cpp:35) [95]  (0.393 ns)
	'icmp' operation 1 bit ('icmp_ln33', ../src/hysteresis.cpp:33->../src/hysteresis.cpp:125->../src/canny_top.cpp:35) [96]  (0.765 ns)

 <State 8>: 2.395ns
The critical path consists of the following:
	'load' operation 8 bit ('p_ZN12_GLOBAL_N_110lineBufferILi2EEE_0_load_6', ../src/hysteresis.cpp:34->../src/hysteresis.cpp:125->../src/canny_top.cpp:35) on array 'p_ZN12_GLOBAL_N_110lineBufferILi2EEE_0' [99]  (1.237 ns)
	'select' operation 8 bit ('select_ln34', ../src/hysteresis.cpp:34->../src/hysteresis.cpp:125->../src/canny_top.cpp:35) [101]  (0.393 ns)
	'icmp' operation 1 bit ('icmp_ln34', ../src/hysteresis.cpp:34->../src/hysteresis.cpp:125->../src/canny_top.cpp:35) [102]  (0.765 ns)

 <State 9>: 2.395ns
The critical path consists of the following:
	'load' operation 8 bit ('p_ZN12_GLOBAL_N_110lineBufferILi2EEE_0_load_7', ../src/hysteresis.cpp:35->../src/hysteresis.cpp:125->../src/canny_top.cpp:35) on array 'p_ZN12_GLOBAL_N_110lineBufferILi2EEE_0' [105]  (1.237 ns)
	'select' operation 8 bit ('select_ln35', ../src/hysteresis.cpp:35->../src/hysteresis.cpp:125->../src/canny_top.cpp:35) [107]  (0.393 ns)
	'icmp' operation 1 bit ('icmp_ln35', ../src/hysteresis.cpp:35->../src/hysteresis.cpp:125->../src/canny_top.cpp:35) [108]  (0.765 ns)

 <State 10>: 3.632ns
The critical path consists of the following:
	'load' operation 8 bit ('p_ZN12_GLOBAL_N_110lineBufferILi2EEE_0_load_8', ../src/hysteresis.cpp:36->../src/hysteresis.cpp:125->../src/canny_top.cpp:35) on array 'p_ZN12_GLOBAL_N_110lineBufferILi2EEE_0' [111]  (1.237 ns)
	'select' operation 8 bit ('select_ln36', ../src/hysteresis.cpp:36->../src/hysteresis.cpp:125->../src/canny_top.cpp:35) [113]  (0.393 ns)
	'icmp' operation 1 bit ('icmp_ln36', ../src/hysteresis.cpp:36->../src/hysteresis.cpp:125->../src/canny_top.cpp:35) [114]  (0.765 ns)
	'store' operation ('store_ln135', ../src/hysteresis.cpp:135->../src/canny_top.cpp:35) of constant 128 8 bit on array 'out_hysteresis2' [118]  (1.237 ns)


============================================================
+ Verbose Summary: Binding
============================================================
N/A
* FSMD analyzer results:
  - Output states:
 - Input state : 
  - Chain level:
	State 1
	State 2
	State 3
	State 4
	State 5
	State 6
	State 7
	State 8
	State 9
	State 10


============================================================
+ Verbose Summary: Datapath Resource usage 
============================================================
N/A
