

================================================================
== Vitis HLS Report for 'hysteresis_1_Pipeline_VITIS_LOOP_114_2'
================================================================
* Date:           Fri Jul 24 16:27:49 2026

* Version:        2025.2 (Build 6295257 on Nov 14 2025)
* Project:        canny_top
* Solution:       hls (Vitis Kernel Flow Target)
* Product family: zynquplus
* Target device:  xck26-sfvc784-2LV-c


================================================================
== Performance Estimates
================================================================
+ Timing: 
    * Summary: 
    +--------+---------+----------+------------+
    |  Clock |  Target | Estimated| Uncertainty|
    +--------+---------+----------+------------+
    |ap_clk  |  5.00 ns|  3.632 ns|     1.35 ns|
    +--------+---------+----------+------------+

+ Latency: 
    * Summary: 
    +---------+---------+-----------+-----------+-----+-----+-------------------+
    |  Latency (cycles) |   Latency (absolute)  |  Interval |      Pipeline     |
    |   min   |   max   |    min    |    max    | min | max |        Type       |
    +---------+---------+-----------+-----------+-----+-----+-------------------+
    |     2556|     2556|  12.780 us|  12.780 us|    0|    0|  loop pipeline stp|
    +---------+---------+-----------+-----------+-----+-----+-------------------+

    + Detail: 
        * Instance: 
        N/A

        * Loop: 
        +--------------------+---------+---------+----------+-----------+-----------+------+----------+
        |                    |  Latency (cycles) | Iteration|  Initiation Interval  | Trip |          |
        |      Loop Name     |   min   |   max   |  Latency |  achieved |   target  | Count| Pipelined|
        +--------------------+---------+---------+----------+-----------+-----------+------+----------+
        |- VITIS_LOOP_114_2  |     2554|     2554|        10|          5|          1|   510|       yes|
        +--------------------+---------+---------+----------+-----------+-----------+------+----------+

============================================================
+ Verbose Summary: Synthesis Manager
============================================================
InlineROM: 1
ExposeGlobal: 0
============================================================
+ Verbose Summary: CDFG Model
============================================================
IsTopModel: 0
ResetActiveHigh: 1
IsCombinational: 0
IsDatapathOnly: 0
HasWiredReturn: 1
HasMFsm: 2
HasVarLatency: 1
IsPipeline: 0
IsRtlPipelined: 0
IsInstanceOverlapped: 0
IsDontTouch: 0
HasImplIP: 0
IsGatedGlobalClock: 0

+ Individual pipeline summary: 
  * Pipeline-0: initiation interval (II) = 5, depth = 10


============================================================
+ Verbose Summary: Schedule
============================================================
* Number of FSM states : 10
* Pipeline : 1
  Pipeline-0 : II = 5, D = 10, States = { 1 2 3 4 5 6 7 8 9 10 }
* Dataflow Pipeline: 0

* FSM state transitions: 
1 --> 2 
2 --> 3 
3 --> 4 
4 --> 5 
5 --> 6 
6 --> 7 
7 --> 8 
8 --> 9 
9 --> 10 
10 --> 

* FSM state operations: 

State 1 <SV = 0> <Delay = 1.66>
ST_1 : Operation 13 [1/1] (0.00ns)   --->   "%column_6 = alloca i32 1" [../src/hysteresis.cpp:25->../src/hysteresis.cpp:123->../src/canny_top.cpp:33]   --->   Operation 13 'alloca' 'column_6' <Predicate = true> <Delay = 0.00>
ST_1 : Operation 14 [1/1] (0.00ns)   --->   "%writeSlot_read = read i2 @_ssdm_op_Read.ap_auto.i2, i2 %writeSlot"   --->   Operation 14 'read' 'writeSlot_read' <Predicate = true> <Delay = 0.00>
ST_1 : Operation 15 [1/1] (0.00ns)   --->   "%result_read = read i2 @_ssdm_op_Read.ap_auto.i2, i2 %result"   --->   Operation 15 'read' 'result_read' <Predicate = true> <Delay = 0.00>
ST_1 : Operation 16 [1/1] (0.00ns)   --->   "%result_10_read = read i2 @_ssdm_op_Read.ap_auto.i2, i2 %result_10"   --->   Operation 16 'read' 'result_10_read' <Predicate = true> <Delay = 0.00>
ST_1 : Operation 17 [1/1] (0.42ns)   --->   "%store_ln25 = store i9 1, i9 %column_6" [../src/hysteresis.cpp:25->../src/hysteresis.cpp:123->../src/canny_top.cpp:33]   --->   Operation 17 'store' 'store_ln25' <Predicate = true> <Delay = 0.42>
ST_1 : Operation 18 [1/1] (0.00ns)   --->   "%br_ln0 = br void %for.body24.i"   --->   Operation 18 'br' 'br_ln0' <Predicate = true> <Delay = 0.00>
ST_1 : Operation 19 [1/1] (0.00ns)   --->   "%column = load i9 %column_6" [../src/hysteresis.cpp:28->../src/hysteresis.cpp:123->../src/canny_top.cpp:33]   --->   Operation 19 'load' 'column' <Predicate = true> <Delay = 0.00>
ST_1 : Operation 20 [1/1] (0.77ns)   --->   "%icmp_ln114 = icmp_eq  i9 %column, i9 511" [../src/hysteresis.cpp:114->../src/canny_top.cpp:33]   --->   Operation 20 'icmp' 'icmp_ln114' <Predicate = true> <Delay = 0.77> <CoreInst = "Cmp">   --->   Core 9 'Cmp' <Latency = 0> <II = 1> <Delay = 0.77> <FuncUnit> <Opcode : 'seteq' 'setne' 'setle' 'setge' 'setlt' 'setgt'> <InPorts = 2> <OutPorts = 1>
ST_1 : Operation 21 [1/1] (0.00ns)   --->   "%br_ln114 = br i1 %icmp_ln114, void %for.body24.split.i, void %cleanup48.i.loopexit.exitStub" [../src/hysteresis.cpp:114->../src/canny_top.cpp:33]   --->   Operation 21 'br' 'br_ln114' <Predicate = true> <Delay = 0.00>
ST_1 : Operation 22 [1/1] (0.00ns)   --->   "%lshr_ln = partselect i8 @_ssdm_op_PartSelect.i8.i9.i32.i32, i9 %column, i32 1, i32 8" [../src/hysteresis.cpp:114->../src/canny_top.cpp:33]   --->   Operation 22 'partselect' 'lshr_ln' <Predicate = (!icmp_ln114)> <Delay = 0.00>
ST_1 : Operation 23 [1/1] (0.00ns)   --->   "%tmp_s = bitconcatenate i10 @_ssdm_op_BitConcatenate.i10.i2.i8, i2 %result_10_read, i8 %lshr_ln" [../src/hysteresis.cpp:116->../src/canny_top.cpp:33]   --->   Operation 23 'bitconcatenate' 'tmp_s' <Predicate = (!icmp_ln114)> <Delay = 0.00>
ST_1 : Operation 24 [1/1] (0.00ns)   --->   "%zext_ln116 = zext i10 %tmp_s" [../src/hysteresis.cpp:116->../src/canny_top.cpp:33]   --->   Operation 24 'zext' 'zext_ln116' <Predicate = (!icmp_ln114)> <Delay = 0.00>
ST_1 : Operation 25 [1/1] (0.00ns)   --->   "%p_ZN12_GLOBAL_N_110lineBufferILi1EEE_0_addr = getelementptr i8 %p_ZN12_GLOBAL_N_110lineBufferILi1EEE_0, i64 0, i64 %zext_ln116" [../src/hysteresis.cpp:116->../src/canny_top.cpp:33]   --->   Operation 25 'getelementptr' 'p_ZN12_GLOBAL_N_110lineBufferILi1EEE_0_addr' <Predicate = (!icmp_ln114)> <Delay = 0.00>
ST_1 : Operation 26 [1/1] (0.00ns)   --->   "%p_ZN12_GLOBAL_N_110lineBufferILi1EEE_1_addr = getelementptr i8 %p_ZN12_GLOBAL_N_110lineBufferILi1EEE_1, i64 0, i64 %zext_ln116" [../src/hysteresis.cpp:116->../src/canny_top.cpp:33]   --->   Operation 26 'getelementptr' 'p_ZN12_GLOBAL_N_110lineBufferILi1EEE_1_addr' <Predicate = (!icmp_ln114)> <Delay = 0.00>
ST_1 : Operation 27 [2/2] (1.23ns)   --->   "%p_ZN12_GLOBAL_N_110lineBufferILi1EEE_0_load = load i10 %p_ZN12_GLOBAL_N_110lineBufferILi1EEE_0_addr" [../src/hysteresis.cpp:116->../src/canny_top.cpp:33]   --->   Operation 27 'load' 'p_ZN12_GLOBAL_N_110lineBufferILi1EEE_0_load' <Predicate = (!icmp_ln114)> <Delay = 1.23> <CoreInst = "RAM">   --->   Core 82 'RAM' <Latency = 1> <II = 1> <Delay = 1.23> <Storage> <Opcode : 'load' 'store'> <Ports = 2> <Width = 8> <Depth = 768> <RAM>
ST_1 : Operation 28 [2/2] (1.23ns)   --->   "%p_ZN12_GLOBAL_N_110lineBufferILi1EEE_1_load = load i10 %p_ZN12_GLOBAL_N_110lineBufferILi1EEE_1_addr" [../src/hysteresis.cpp:116->../src/canny_top.cpp:33]   --->   Operation 28 'load' 'p_ZN12_GLOBAL_N_110lineBufferILi1EEE_1_load' <Predicate = (!icmp_ln114)> <Delay = 1.23> <CoreInst = "RAM">   --->   Core 82 'RAM' <Latency = 1> <II = 1> <Delay = 1.23> <Storage> <Opcode : 'load' 'store'> <Ports = 2> <Width = 8> <Depth = 768> <RAM>
ST_1 : Operation 29 [1/1] (0.77ns)   --->   "%add_ln114 = add i9 %column, i9 1" [../src/hysteresis.cpp:114->../src/canny_top.cpp:33]   --->   Operation 29 'add' 'add_ln114' <Predicate = (!icmp_ln114)> <Delay = 0.77> <CoreInst = "Adder">   --->   Core 1 'Adder' <Latency = 0> <II = 1> <Delay = 0.77> <FuncUnit> <Opcode : 'add' 'sub'> <InPorts = 2> <OutPorts = 1>
ST_1 : Operation 30 [1/1] (0.42ns)   --->   "%store_ln25 = store i9 %add_ln114, i9 %column_6" [../src/hysteresis.cpp:25->../src/hysteresis.cpp:123->../src/canny_top.cpp:33]   --->   Operation 30 'store' 'store_ln25' <Predicate = (!icmp_ln114)> <Delay = 0.42>
ST_1 : Operation 31 [1/1] (0.00ns)   --->   "%br_ln114 = br void %for.body24.i" [../src/hysteresis.cpp:114->../src/canny_top.cpp:33]   --->   Operation 31 'br' 'br_ln114' <Predicate = (!icmp_ln114)> <Delay = 0.00>

State 2 <SV = 1> <Delay = 3.63>
ST_2 : Operation 32 [1/1] (0.00ns)   --->   "%zext_ln114 = zext i9 %column" [../src/hysteresis.cpp:114->../src/canny_top.cpp:33]   --->   Operation 32 'zext' 'zext_ln114' <Predicate = (!icmp_ln114)> <Delay = 0.00>
ST_2 : Operation 33 [1/1] (0.00ns)   --->   "%trunc_ln114 = trunc i9 %column" [../src/hysteresis.cpp:114->../src/canny_top.cpp:33]   --->   Operation 33 'trunc' 'trunc_ln114' <Predicate = (!icmp_ln114)> <Delay = 0.00>
ST_2 : Operation 34 [1/2] ( I:1.23ns O:1.23ns )   --->   "%p_ZN12_GLOBAL_N_110lineBufferILi1EEE_0_load = load i10 %p_ZN12_GLOBAL_N_110lineBufferILi1EEE_0_addr" [../src/hysteresis.cpp:116->../src/canny_top.cpp:33]   --->   Operation 34 'load' 'p_ZN12_GLOBAL_N_110lineBufferILi1EEE_0_load' <Predicate = (!icmp_ln114)> <Delay = 1.23> <CoreInst = "RAM">   --->   Core 82 'RAM' <Latency = 1> <II = 1> <Delay = 1.23> <Storage> <Opcode : 'load' 'store'> <Ports = 2> <Width = 8> <Depth = 768> <RAM>
ST_2 : Operation 35 [1/2] ( I:1.23ns O:1.23ns )   --->   "%p_ZN12_GLOBAL_N_110lineBufferILi1EEE_1_load = load i10 %p_ZN12_GLOBAL_N_110lineBufferILi1EEE_1_addr" [../src/hysteresis.cpp:116->../src/canny_top.cpp:33]   --->   Operation 35 'load' 'p_ZN12_GLOBAL_N_110lineBufferILi1EEE_1_load' <Predicate = (!icmp_ln114)> <Delay = 1.23> <CoreInst = "RAM">   --->   Core 82 'RAM' <Latency = 1> <II = 1> <Delay = 1.23> <Storage> <Opcode : 'load' 'store'> <Ports = 2> <Width = 8> <Depth = 768> <RAM>
ST_2 : Operation 36 [1/1] (0.39ns)   --->   "%centre = select i1 %trunc_ln114, i8 %p_ZN12_GLOBAL_N_110lineBufferILi1EEE_1_load, i8 %p_ZN12_GLOBAL_N_110lineBufferILi1EEE_0_load" [../src/hysteresis.cpp:116->../src/canny_top.cpp:33]   --->   Operation 36 'select' 'centre' <Predicate = (!icmp_ln114)> <Delay = 0.39> <CoreInst = "Sel">   --->   Core 73 'Sel' <Latency = 0> <II = 1> <Delay = 0.39> <FuncUnit> <Opcode : 'select'> <InPorts = 3> <OutPorts = 1>
ST_2 : Operation 37 [1/1] (0.76ns)   --->   "%switch_ln118 = switch i8 %centre, void %if.else39.i, i8 255, void %if.then30.i, i8 128, void %land.lhs.true.i" [../src/hysteresis.cpp:118->../src/canny_top.cpp:33]   --->   Operation 37 'switch' 'switch_ln118' <Predicate = (!icmp_ln114)> <Delay = 0.76>
ST_2 : Operation 38 [1/1] (0.77ns)   --->   "%add_ln28 = add i9 %column, i9 511" [../src/hysteresis.cpp:28->../src/hysteresis.cpp:123->../src/canny_top.cpp:33]   --->   Operation 38 'add' 'add_ln28' <Predicate = (!icmp_ln114 & centre == 128)> <Delay = 0.77> <CoreInst = "Adder">   --->   Core 1 'Adder' <Latency = 0> <II = 1> <Delay = 0.77> <FuncUnit> <Opcode : 'add' 'sub'> <InPorts = 2> <OutPorts = 1>
ST_2 : Operation 39 [1/1] (0.00ns)   --->   "%lshr_ln1 = partselect i8 @_ssdm_op_PartSelect.i8.i9.i32.i32, i9 %add_ln28, i32 1, i32 8" [../src/hysteresis.cpp:28->../src/hysteresis.cpp:123->../src/canny_top.cpp:33]   --->   Operation 39 'partselect' 'lshr_ln1' <Predicate = (!icmp_ln114 & centre == 128)> <Delay = 0.00>
ST_2 : Operation 40 [1/1] (0.00ns)   --->   "%tmp_24 = bitconcatenate i10 @_ssdm_op_BitConcatenate.i10.i2.i8, i2 %result_read, i8 %lshr_ln1" [../src/hysteresis.cpp:28->../src/hysteresis.cpp:123->../src/canny_top.cpp:33]   --->   Operation 40 'bitconcatenate' 'tmp_24' <Predicate = (!icmp_ln114 & centre == 128)> <Delay = 0.00>
ST_2 : Operation 41 [1/1] (0.00ns)   --->   "%zext_ln28 = zext i10 %tmp_24" [../src/hysteresis.cpp:28->../src/hysteresis.cpp:123->../src/canny_top.cpp:33]   --->   Operation 41 'zext' 'zext_ln28' <Predicate = (!icmp_ln114 & centre == 128)> <Delay = 0.00>
ST_2 : Operation 42 [1/1] (0.00ns)   --->   "%p_ZN12_GLOBAL_N_110lineBufferILi1EEE_0_addr_2 = getelementptr i8 %p_ZN12_GLOBAL_N_110lineBufferILi1EEE_0, i64 0, i64 %zext_ln28" [../src/hysteresis.cpp:28->../src/hysteresis.cpp:123->../src/canny_top.cpp:33]   --->   Operation 42 'getelementptr' 'p_ZN12_GLOBAL_N_110lineBufferILi1EEE_0_addr_2' <Predicate = (!icmp_ln114 & centre == 128)> <Delay = 0.00>
ST_2 : Operation 43 [1/1] (0.00ns)   --->   "%p_ZN12_GLOBAL_N_110lineBufferILi1EEE_1_addr_2 = getelementptr i8 %p_ZN12_GLOBAL_N_110lineBufferILi1EEE_1, i64 0, i64 %zext_ln28" [../src/hysteresis.cpp:28->../src/hysteresis.cpp:123->../src/canny_top.cpp:33]   --->   Operation 43 'getelementptr' 'p_ZN12_GLOBAL_N_110lineBufferILi1EEE_1_addr_2' <Predicate = (!icmp_ln114 & centre == 128)> <Delay = 0.00>
ST_2 : Operation 44 [2/2] (1.23ns)   --->   "%p_ZN12_GLOBAL_N_110lineBufferILi1EEE_0_load_1 = load i10 %p_ZN12_GLOBAL_N_110lineBufferILi1EEE_0_addr_2" [../src/hysteresis.cpp:28->../src/hysteresis.cpp:123->../src/canny_top.cpp:33]   --->   Operation 44 'load' 'p_ZN12_GLOBAL_N_110lineBufferILi1EEE_0_load_1' <Predicate = (!icmp_ln114 & centre == 128)> <Delay = 1.23> <CoreInst = "RAM">   --->   Core 82 'RAM' <Latency = 1> <II = 1> <Delay = 1.23> <Storage> <Opcode : 'load' 'store'> <Ports = 2> <Width = 8> <Depth = 768> <RAM>
ST_2 : Operation 45 [2/2] (1.23ns)   --->   "%p_ZN12_GLOBAL_N_110lineBufferILi1EEE_1_load_1 = load i10 %p_ZN12_GLOBAL_N_110lineBufferILi1EEE_1_addr_2" [../src/hysteresis.cpp:28->../src/hysteresis.cpp:123->../src/canny_top.cpp:33]   --->   Operation 45 'load' 'p_ZN12_GLOBAL_N_110lineBufferILi1EEE_1_load_1' <Predicate = (!icmp_ln114 & centre == 128)> <Delay = 1.23> <CoreInst = "RAM">   --->   Core 82 'RAM' <Latency = 1> <II = 1> <Delay = 1.23> <Storage> <Opcode : 'load' 'store'> <Ports = 2> <Width = 8> <Depth = 768> <RAM>
ST_2 : Operation 46 [1/1] (0.00ns)   --->   "%out_hysteresis1_addr = getelementptr i2 %out_hysteresis1, i64 0, i64 %zext_ln114" [../src/hysteresis.cpp:119->../src/canny_top.cpp:33]   --->   Operation 46 'getelementptr' 'out_hysteresis1_addr' <Predicate = (!icmp_ln114 & centre == 255)> <Delay = 0.00>
ST_2 : Operation 47 [1/1] ( I:1.23ns O:1.23ns )   --->   "%store_ln119 = store i2 3, i9 %out_hysteresis1_addr" [../src/hysteresis.cpp:119->../src/canny_top.cpp:33]   --->   Operation 47 'store' 'store_ln119' <Predicate = (!icmp_ln114 & centre == 255)> <Delay = 1.23> <CoreInst = "RAM">   --->   Core 82 'RAM' <Latency = 1> <II = 1> <Delay = 1.23> <Storage> <Opcode : 'load' 'store'> <Ports = 2> <Width = 2> <Depth = 512> <RAM>
ST_2 : Operation 48 [1/1] (0.00ns)   --->   "%br_ln120 = br void %for.inc44.i" [../src/hysteresis.cpp:120->../src/canny_top.cpp:33]   --->   Operation 48 'br' 'br_ln120' <Predicate = (!icmp_ln114 & centre == 255)> <Delay = 0.00>
ST_2 : Operation 49 [1/1] (0.00ns)   --->   "%br_ln0 = br void %for.inc44.i"   --->   Operation 49 'br' 'br_ln0' <Predicate = (!icmp_ln114 & centre != 255)> <Delay = 0.00>

State 3 <SV = 2> <Delay = 2.39>
ST_3 : Operation 50 [1/1] (0.00ns)   --->   "%tmp_22 = bitconcatenate i10 @_ssdm_op_BitConcatenate.i10.i2.i8, i2 %result_read, i8 %lshr_ln" [../src/hysteresis.cpp:29->../src/hysteresis.cpp:123->../src/canny_top.cpp:33]   --->   Operation 50 'bitconcatenate' 'tmp_22' <Predicate = (!icmp_ln114)> <Delay = 0.00>
ST_3 : Operation 51 [1/1] (0.00ns)   --->   "%zext_ln29 = zext i10 %tmp_22" [../src/hysteresis.cpp:29->../src/hysteresis.cpp:123->../src/canny_top.cpp:33]   --->   Operation 51 'zext' 'zext_ln29' <Predicate = (!icmp_ln114)> <Delay = 0.00>
ST_3 : Operation 52 [1/1] (0.00ns)   --->   "%p_ZN12_GLOBAL_N_110lineBufferILi1EEE_0_addr_1 = getelementptr i8 %p_ZN12_GLOBAL_N_110lineBufferILi1EEE_0, i64 0, i64 %zext_ln29" [../src/hysteresis.cpp:29->../src/hysteresis.cpp:123->../src/canny_top.cpp:33]   --->   Operation 52 'getelementptr' 'p_ZN12_GLOBAL_N_110lineBufferILi1EEE_0_addr_1' <Predicate = (!icmp_ln114 & !trunc_ln114)> <Delay = 0.00>
ST_3 : Operation 53 [1/1] (0.00ns)   --->   "%p_ZN12_GLOBAL_N_110lineBufferILi1EEE_1_addr_1 = getelementptr i8 %p_ZN12_GLOBAL_N_110lineBufferILi1EEE_1, i64 0, i64 %zext_ln29" [../src/hysteresis.cpp:29->../src/hysteresis.cpp:123->../src/canny_top.cpp:33]   --->   Operation 53 'getelementptr' 'p_ZN12_GLOBAL_N_110lineBufferILi1EEE_1_addr_1' <Predicate = (!icmp_ln114 & trunc_ln114)> <Delay = 0.00>
ST_3 : Operation 54 [1/2] ( I:1.23ns O:1.23ns )   --->   "%p_ZN12_GLOBAL_N_110lineBufferILi1EEE_0_load_1 = load i10 %p_ZN12_GLOBAL_N_110lineBufferILi1EEE_0_addr_2" [../src/hysteresis.cpp:28->../src/hysteresis.cpp:123->../src/canny_top.cpp:33]   --->   Operation 54 'load' 'p_ZN12_GLOBAL_N_110lineBufferILi1EEE_0_load_1' <Predicate = (!icmp_ln114 & centre == 128)> <Delay = 1.23> <CoreInst = "RAM">   --->   Core 82 'RAM' <Latency = 1> <II = 1> <Delay = 1.23> <Storage> <Opcode : 'load' 'store'> <Ports = 2> <Width = 8> <Depth = 768> <RAM>
ST_3 : Operation 55 [1/2] ( I:1.23ns O:1.23ns )   --->   "%p_ZN12_GLOBAL_N_110lineBufferILi1EEE_1_load_1 = load i10 %p_ZN12_GLOBAL_N_110lineBufferILi1EEE_1_addr_2" [../src/hysteresis.cpp:28->../src/hysteresis.cpp:123->../src/canny_top.cpp:33]   --->   Operation 55 'load' 'p_ZN12_GLOBAL_N_110lineBufferILi1EEE_1_load_1' <Predicate = (!icmp_ln114 & centre == 128)> <Delay = 1.23> <CoreInst = "RAM">   --->   Core 82 'RAM' <Latency = 1> <II = 1> <Delay = 1.23> <Storage> <Opcode : 'load' 'store'> <Ports = 2> <Width = 8> <Depth = 768> <RAM>
ST_3 : Operation 56 [1/1] (0.39ns)   --->   "%select_ln28 = select i1 %trunc_ln114, i8 %p_ZN12_GLOBAL_N_110lineBufferILi1EEE_0_load_1, i8 %p_ZN12_GLOBAL_N_110lineBufferILi1EEE_1_load_1" [../src/hysteresis.cpp:28->../src/hysteresis.cpp:123->../src/canny_top.cpp:33]   --->   Operation 56 'select' 'select_ln28' <Predicate = (!icmp_ln114 & centre == 128)> <Delay = 0.39> <CoreInst = "Sel">   --->   Core 73 'Sel' <Latency = 0> <II = 1> <Delay = 0.39> <FuncUnit> <Opcode : 'select'> <InPorts = 3> <OutPorts = 1>
ST_3 : Operation 57 [1/1] (0.76ns)   --->   "%icmp_ln28 = icmp_eq  i8 %select_ln28, i8 255" [../src/hysteresis.cpp:28->../src/hysteresis.cpp:123->../src/canny_top.cpp:33]   --->   Operation 57 'icmp' 'icmp_ln28' <Predicate = (!icmp_ln114 & centre == 128)> <Delay = 0.76> <CoreInst = "Cmp">   --->   Core 9 'Cmp' <Latency = 0> <II = 1> <Delay = 0.76> <FuncUnit> <Opcode : 'seteq' 'setne' 'setle' 'setge' 'setlt' 'setgt'> <InPorts = 2> <OutPorts = 1>
ST_3 : Operation 58 [1/1] (0.00ns)   --->   "%br_ln28 = br i1 %icmp_ln28, void %lor.lhs.false.i.i, void %if.then36.i" [../src/hysteresis.cpp:28->../src/hysteresis.cpp:123->../src/canny_top.cpp:33]   --->   Operation 58 'br' 'br_ln28' <Predicate = (!icmp_ln114 & centre == 128)> <Delay = 0.00>
ST_3 : Operation 59 [2/2] (1.23ns)   --->   "%p_ZN12_GLOBAL_N_110lineBufferILi1EEE_0_load_2 = load i10 %p_ZN12_GLOBAL_N_110lineBufferILi1EEE_0_addr_1" [../src/hysteresis.cpp:29->../src/hysteresis.cpp:123->../src/canny_top.cpp:33]   --->   Operation 59 'load' 'p_ZN12_GLOBAL_N_110lineBufferILi1EEE_0_load_2' <Predicate = (!icmp_ln114 & centre == 128 & !icmp_ln28 & !trunc_ln114)> <Delay = 1.23> <CoreInst = "RAM">   --->   Core 82 'RAM' <Latency = 1> <II = 1> <Delay = 1.23> <Storage> <Opcode : 'load' 'store'> <Ports = 2> <Width = 8> <Depth = 768> <RAM>
ST_3 : Operation 60 [2/2] (1.23ns)   --->   "%p_ZN12_GLOBAL_N_110lineBufferILi1EEE_1_load_2 = load i10 %p_ZN12_GLOBAL_N_110lineBufferILi1EEE_1_addr_1" [../src/hysteresis.cpp:29->../src/hysteresis.cpp:123->../src/canny_top.cpp:33]   --->   Operation 60 'load' 'p_ZN12_GLOBAL_N_110lineBufferILi1EEE_1_load_2' <Predicate = (!icmp_ln114 & centre == 128 & !icmp_ln28 & trunc_ln114)> <Delay = 1.23> <CoreInst = "RAM">   --->   Core 82 'RAM' <Latency = 1> <II = 1> <Delay = 1.23> <Storage> <Opcode : 'load' 'store'> <Ports = 2> <Width = 8> <Depth = 768> <RAM>

State 4 <SV = 3> <Delay = 2.39>
ST_4 : Operation 61 [1/2] ( I:1.23ns O:1.23ns )   --->   "%p_ZN12_GLOBAL_N_110lineBufferILi1EEE_0_load_2 = load i10 %p_ZN12_GLOBAL_N_110lineBufferILi1EEE_0_addr_1" [../src/hysteresis.cpp:29->../src/hysteresis.cpp:123->../src/canny_top.cpp:33]   --->   Operation 61 'load' 'p_ZN12_GLOBAL_N_110lineBufferILi1EEE_0_load_2' <Predicate = (!icmp_ln114 & centre == 128 & !icmp_ln28 & !trunc_ln114)> <Delay = 1.23> <CoreInst = "RAM">   --->   Core 82 'RAM' <Latency = 1> <II = 1> <Delay = 1.23> <Storage> <Opcode : 'load' 'store'> <Ports = 2> <Width = 8> <Depth = 768> <RAM>
ST_4 : Operation 62 [1/2] ( I:1.23ns O:1.23ns )   --->   "%p_ZN12_GLOBAL_N_110lineBufferILi1EEE_1_load_2 = load i10 %p_ZN12_GLOBAL_N_110lineBufferILi1EEE_1_addr_1" [../src/hysteresis.cpp:29->../src/hysteresis.cpp:123->../src/canny_top.cpp:33]   --->   Operation 62 'load' 'p_ZN12_GLOBAL_N_110lineBufferILi1EEE_1_load_2' <Predicate = (!icmp_ln114 & centre == 128 & !icmp_ln28 & trunc_ln114)> <Delay = 1.23> <CoreInst = "RAM">   --->   Core 82 'RAM' <Latency = 1> <II = 1> <Delay = 1.23> <Storage> <Opcode : 'load' 'store'> <Ports = 2> <Width = 8> <Depth = 768> <RAM>
ST_4 : Operation 63 [1/1] (0.39ns)   --->   "%select_ln29 = select i1 %trunc_ln114, i8 %p_ZN12_GLOBAL_N_110lineBufferILi1EEE_1_load_2, i8 %p_ZN12_GLOBAL_N_110lineBufferILi1EEE_0_load_2" [../src/hysteresis.cpp:29->../src/hysteresis.cpp:123->../src/canny_top.cpp:33]   --->   Operation 63 'select' 'select_ln29' <Predicate = (!icmp_ln114 & centre == 128 & !icmp_ln28)> <Delay = 0.39> <CoreInst = "Sel">   --->   Core 73 'Sel' <Latency = 0> <II = 1> <Delay = 0.39> <FuncUnit> <Opcode : 'select'> <InPorts = 3> <OutPorts = 1>
ST_4 : Operation 64 [1/1] (0.76ns)   --->   "%icmp_ln29 = icmp_eq  i8 %select_ln29, i8 255" [../src/hysteresis.cpp:29->../src/hysteresis.cpp:123->../src/canny_top.cpp:33]   --->   Operation 64 'icmp' 'icmp_ln29' <Predicate = (!icmp_ln114 & centre == 128 & !icmp_ln28)> <Delay = 0.76> <CoreInst = "Cmp">   --->   Core 9 'Cmp' <Latency = 0> <II = 1> <Delay = 0.76> <FuncUnit> <Opcode : 'seteq' 'setne' 'setle' 'setge' 'setlt' 'setgt'> <InPorts = 2> <OutPorts = 1>
ST_4 : Operation 65 [1/1] (0.00ns)   --->   "%br_ln29 = br i1 %icmp_ln29, void %lor.lhs.false9.i.i, void %if.then36.i" [../src/hysteresis.cpp:29->../src/hysteresis.cpp:123->../src/canny_top.cpp:33]   --->   Operation 65 'br' 'br_ln29' <Predicate = (!icmp_ln114 & centre == 128 & !icmp_ln28)> <Delay = 0.00>
ST_4 : Operation 66 [1/1] (0.77ns)   --->   "%add_ln30 = add i9 %column, i9 1" [../src/hysteresis.cpp:30->../src/hysteresis.cpp:123->../src/canny_top.cpp:33]   --->   Operation 66 'add' 'add_ln30' <Predicate = (!icmp_ln114 & centre == 128 & !icmp_ln28 & !icmp_ln29)> <Delay = 0.77> <CoreInst = "Adder">   --->   Core 1 'Adder' <Latency = 0> <II = 1> <Delay = 0.77> <FuncUnit> <Opcode : 'add' 'sub'> <InPorts = 2> <OutPorts = 1>
ST_4 : Operation 67 [1/1] (0.00ns)   --->   "%lshr_ln2 = partselect i8 @_ssdm_op_PartSelect.i8.i9.i32.i32, i9 %add_ln30, i32 1, i32 8" [../src/hysteresis.cpp:30->../src/hysteresis.cpp:123->../src/canny_top.cpp:33]   --->   Operation 67 'partselect' 'lshr_ln2' <Predicate = (!icmp_ln114 & centre == 128 & !icmp_ln28 & !icmp_ln29)> <Delay = 0.00>
ST_4 : Operation 68 [1/1] (0.00ns)   --->   "%tmp_27 = bitconcatenate i10 @_ssdm_op_BitConcatenate.i10.i2.i8, i2 %result_read, i8 %lshr_ln2" [../src/hysteresis.cpp:30->../src/hysteresis.cpp:123->../src/canny_top.cpp:33]   --->   Operation 68 'bitconcatenate' 'tmp_27' <Predicate = (!icmp_ln114 & centre == 128 & !icmp_ln28 & !icmp_ln29)> <Delay = 0.00>
ST_4 : Operation 69 [1/1] (0.00ns)   --->   "%zext_ln30 = zext i10 %tmp_27" [../src/hysteresis.cpp:30->../src/hysteresis.cpp:123->../src/canny_top.cpp:33]   --->   Operation 69 'zext' 'zext_ln30' <Predicate = (!icmp_ln114 & centre == 128 & !icmp_ln28 & !icmp_ln29)> <Delay = 0.00>
ST_4 : Operation 70 [1/1] (0.00ns)   --->   "%p_ZN12_GLOBAL_N_110lineBufferILi1EEE_0_addr_4 = getelementptr i8 %p_ZN12_GLOBAL_N_110lineBufferILi1EEE_0, i64 0, i64 %zext_ln30" [../src/hysteresis.cpp:30->../src/hysteresis.cpp:123->../src/canny_top.cpp:33]   --->   Operation 70 'getelementptr' 'p_ZN12_GLOBAL_N_110lineBufferILi1EEE_0_addr_4' <Predicate = (!icmp_ln114 & centre == 128 & !icmp_ln28 & !icmp_ln29 & trunc_ln114)> <Delay = 0.00>
ST_4 : Operation 71 [1/1] (0.00ns)   --->   "%p_ZN12_GLOBAL_N_110lineBufferILi1EEE_1_addr_4 = getelementptr i8 %p_ZN12_GLOBAL_N_110lineBufferILi1EEE_1, i64 0, i64 %zext_ln30" [../src/hysteresis.cpp:30->../src/hysteresis.cpp:123->../src/canny_top.cpp:33]   --->   Operation 71 'getelementptr' 'p_ZN12_GLOBAL_N_110lineBufferILi1EEE_1_addr_4' <Predicate = (!icmp_ln114 & centre == 128 & !icmp_ln28 & !icmp_ln29 & !trunc_ln114)> <Delay = 0.00>
ST_4 : Operation 72 [2/2] (1.23ns)   --->   "%p_ZN12_GLOBAL_N_110lineBufferILi1EEE_0_load_3 = load i10 %p_ZN12_GLOBAL_N_110lineBufferILi1EEE_0_addr_4" [../src/hysteresis.cpp:30->../src/hysteresis.cpp:123->../src/canny_top.cpp:33]   --->   Operation 72 'load' 'p_ZN12_GLOBAL_N_110lineBufferILi1EEE_0_load_3' <Predicate = (!icmp_ln114 & centre == 128 & !icmp_ln28 & !icmp_ln29 & trunc_ln114)> <Delay = 1.23> <CoreInst = "RAM">   --->   Core 82 'RAM' <Latency = 1> <II = 1> <Delay = 1.23> <Storage> <Opcode : 'load' 'store'> <Ports = 2> <Width = 8> <Depth = 768> <RAM>
ST_4 : Operation 73 [2/2] (1.23ns)   --->   "%p_ZN12_GLOBAL_N_110lineBufferILi1EEE_1_load_3 = load i10 %p_ZN12_GLOBAL_N_110lineBufferILi1EEE_1_addr_4" [../src/hysteresis.cpp:30->../src/hysteresis.cpp:123->../src/canny_top.cpp:33]   --->   Operation 73 'load' 'p_ZN12_GLOBAL_N_110lineBufferILi1EEE_1_load_3' <Predicate = (!icmp_ln114 & centre == 128 & !icmp_ln28 & !icmp_ln29 & !trunc_ln114)> <Delay = 1.23> <CoreInst = "RAM">   --->   Core 82 'RAM' <Latency = 1> <II = 1> <Delay = 1.23> <Storage> <Opcode : 'load' 'store'> <Ports = 2> <Width = 8> <Depth = 768> <RAM>

State 5 <SV = 4> <Delay = 2.39>
ST_5 : Operation 74 [1/1] (0.00ns)   --->   "%tmp_25 = bitconcatenate i10 @_ssdm_op_BitConcatenate.i10.i2.i8, i2 %result_10_read, i8 %lshr_ln1" [../src/hysteresis.cpp:31->../src/hysteresis.cpp:123->../src/canny_top.cpp:33]   --->   Operation 74 'bitconcatenate' 'tmp_25' <Predicate = (!icmp_ln114 & centre == 128)> <Delay = 0.00>
ST_5 : Operation 75 [1/1] (0.00ns)   --->   "%zext_ln31 = zext i10 %tmp_25" [../src/hysteresis.cpp:31->../src/hysteresis.cpp:123->../src/canny_top.cpp:33]   --->   Operation 75 'zext' 'zext_ln31' <Predicate = (!icmp_ln114 & centre == 128)> <Delay = 0.00>
ST_5 : Operation 76 [1/1] (0.00ns)   --->   "%p_ZN12_GLOBAL_N_110lineBufferILi1EEE_0_addr_5 = getelementptr i8 %p_ZN12_GLOBAL_N_110lineBufferILi1EEE_0, i64 0, i64 %zext_ln31" [../src/hysteresis.cpp:31->../src/hysteresis.cpp:123->../src/canny_top.cpp:33]   --->   Operation 76 'getelementptr' 'p_ZN12_GLOBAL_N_110lineBufferILi1EEE_0_addr_5' <Predicate = (!icmp_ln114 & centre == 128 & trunc_ln114)> <Delay = 0.00>
ST_5 : Operation 77 [1/1] (0.00ns)   --->   "%p_ZN12_GLOBAL_N_110lineBufferILi1EEE_1_addr_5 = getelementptr i8 %p_ZN12_GLOBAL_N_110lineBufferILi1EEE_1, i64 0, i64 %zext_ln31" [../src/hysteresis.cpp:31->../src/hysteresis.cpp:123->../src/canny_top.cpp:33]   --->   Operation 77 'getelementptr' 'p_ZN12_GLOBAL_N_110lineBufferILi1EEE_1_addr_5' <Predicate = (!icmp_ln114 & centre == 128 & !trunc_ln114)> <Delay = 0.00>
ST_5 : Operation 78 [1/2] ( I:1.23ns O:1.23ns )   --->   "%p_ZN12_GLOBAL_N_110lineBufferILi1EEE_0_load_3 = load i10 %p_ZN12_GLOBAL_N_110lineBufferILi1EEE_0_addr_4" [../src/hysteresis.cpp:30->../src/hysteresis.cpp:123->../src/canny_top.cpp:33]   --->   Operation 78 'load' 'p_ZN12_GLOBAL_N_110lineBufferILi1EEE_0_load_3' <Predicate = (!icmp_ln114 & centre == 128 & !icmp_ln28 & !icmp_ln29 & trunc_ln114)> <Delay = 1.23> <CoreInst = "RAM">   --->   Core 82 'RAM' <Latency = 1> <II = 1> <Delay = 1.23> <Storage> <Opcode : 'load' 'store'> <Ports = 2> <Width = 8> <Depth = 768> <RAM>
ST_5 : Operation 79 [1/2] ( I:1.23ns O:1.23ns )   --->   "%p_ZN12_GLOBAL_N_110lineBufferILi1EEE_1_load_3 = load i10 %p_ZN12_GLOBAL_N_110lineBufferILi1EEE_1_addr_4" [../src/hysteresis.cpp:30->../src/hysteresis.cpp:123->../src/canny_top.cpp:33]   --->   Operation 79 'load' 'p_ZN12_GLOBAL_N_110lineBufferILi1EEE_1_load_3' <Predicate = (!icmp_ln114 & centre == 128 & !icmp_ln28 & !icmp_ln29 & !trunc_ln114)> <Delay = 1.23> <CoreInst = "RAM">   --->   Core 82 'RAM' <Latency = 1> <II = 1> <Delay = 1.23> <Storage> <Opcode : 'load' 'store'> <Ports = 2> <Width = 8> <Depth = 768> <RAM>
ST_5 : Operation 80 [1/1] (0.39ns)   --->   "%select_ln30 = select i1 %trunc_ln114, i8 %p_ZN12_GLOBAL_N_110lineBufferILi1EEE_0_load_3, i8 %p_ZN12_GLOBAL_N_110lineBufferILi1EEE_1_load_3" [../src/hysteresis.cpp:30->../src/hysteresis.cpp:123->../src/canny_top.cpp:33]   --->   Operation 80 'select' 'select_ln30' <Predicate = (!icmp_ln114 & centre == 128 & !icmp_ln28 & !icmp_ln29)> <Delay = 0.39> <CoreInst = "Sel">   --->   Core 73 'Sel' <Latency = 0> <II = 1> <Delay = 0.39> <FuncUnit> <Opcode : 'select'> <InPorts = 3> <OutPorts = 1>
ST_5 : Operation 81 [1/1] (0.76ns)   --->   "%icmp_ln30 = icmp_eq  i8 %select_ln30, i8 255" [../src/hysteresis.cpp:30->../src/hysteresis.cpp:123->../src/canny_top.cpp:33]   --->   Operation 81 'icmp' 'icmp_ln30' <Predicate = (!icmp_ln114 & centre == 128 & !icmp_ln28 & !icmp_ln29)> <Delay = 0.76> <CoreInst = "Cmp">   --->   Core 9 'Cmp' <Latency = 0> <II = 1> <Delay = 0.76> <FuncUnit> <Opcode : 'seteq' 'setne' 'setle' 'setge' 'setlt' 'setgt'> <InPorts = 2> <OutPorts = 1>
ST_5 : Operation 82 [1/1] (0.00ns)   --->   "%br_ln30 = br i1 %icmp_ln30, void %lor.lhs.false16.i.i, void %if.then36.i" [../src/hysteresis.cpp:30->../src/hysteresis.cpp:123->../src/canny_top.cpp:33]   --->   Operation 82 'br' 'br_ln30' <Predicate = (!icmp_ln114 & centre == 128 & !icmp_ln28 & !icmp_ln29)> <Delay = 0.00>
ST_5 : Operation 83 [2/2] (1.23ns)   --->   "%p_ZN12_GLOBAL_N_110lineBufferILi1EEE_0_load_4 = load i10 %p_ZN12_GLOBAL_N_110lineBufferILi1EEE_0_addr_5" [../src/hysteresis.cpp:31->../src/hysteresis.cpp:123->../src/canny_top.cpp:33]   --->   Operation 83 'load' 'p_ZN12_GLOBAL_N_110lineBufferILi1EEE_0_load_4' <Predicate = (!icmp_ln114 & centre == 128 & !icmp_ln28 & !icmp_ln29 & !icmp_ln30 & trunc_ln114)> <Delay = 1.23> <CoreInst = "RAM">   --->   Core 82 'RAM' <Latency = 1> <II = 1> <Delay = 1.23> <Storage> <Opcode : 'load' 'store'> <Ports = 2> <Width = 8> <Depth = 768> <RAM>
ST_5 : Operation 84 [2/2] (1.23ns)   --->   "%p_ZN12_GLOBAL_N_110lineBufferILi1EEE_1_load_4 = load i10 %p_ZN12_GLOBAL_N_110lineBufferILi1EEE_1_addr_5" [../src/hysteresis.cpp:31->../src/hysteresis.cpp:123->../src/canny_top.cpp:33]   --->   Operation 84 'load' 'p_ZN12_GLOBAL_N_110lineBufferILi1EEE_1_load_4' <Predicate = (!icmp_ln114 & centre == 128 & !icmp_ln28 & !icmp_ln29 & !icmp_ln30 & !trunc_ln114)> <Delay = 1.23> <CoreInst = "RAM">   --->   Core 82 'RAM' <Latency = 1> <II = 1> <Delay = 1.23> <Storage> <Opcode : 'load' 'store'> <Ports = 2> <Width = 8> <Depth = 768> <RAM>
ST_5 : Operation 143 [1/1] (0.42ns)   --->   "%ret_ln0 = ret"   --->   Operation 143 'ret' 'ret_ln0' <Predicate = (icmp_ln114)> <Delay = 0.42>

State 6 <SV = 5> <Delay = 2.39>
ST_6 : Operation 85 [1/1] (0.00ns)   --->   "%tmp_28 = bitconcatenate i10 @_ssdm_op_BitConcatenate.i10.i2.i8, i2 %result_10_read, i8 %lshr_ln2" [../src/hysteresis.cpp:32->../src/hysteresis.cpp:123->../src/canny_top.cpp:33]   --->   Operation 85 'bitconcatenate' 'tmp_28' <Predicate = (centre == 128 & !icmp_ln28 & !icmp_ln29)> <Delay = 0.00>
ST_6 : Operation 86 [1/1] (0.00ns)   --->   "%zext_ln32 = zext i10 %tmp_28" [../src/hysteresis.cpp:32->../src/hysteresis.cpp:123->../src/canny_top.cpp:33]   --->   Operation 86 'zext' 'zext_ln32' <Predicate = (centre == 128 & !icmp_ln28 & !icmp_ln29)> <Delay = 0.00>
ST_6 : Operation 87 [1/1] (0.00ns)   --->   "%p_ZN12_GLOBAL_N_110lineBufferILi1EEE_0_addr_6 = getelementptr i8 %p_ZN12_GLOBAL_N_110lineBufferILi1EEE_0, i64 0, i64 %zext_ln32" [../src/hysteresis.cpp:32->../src/hysteresis.cpp:123->../src/canny_top.cpp:33]   --->   Operation 87 'getelementptr' 'p_ZN12_GLOBAL_N_110lineBufferILi1EEE_0_addr_6' <Predicate = (centre == 128 & !icmp_ln28 & !icmp_ln29 & trunc_ln114)> <Delay = 0.00>
ST_6 : Operation 88 [1/1] (0.00ns)   --->   "%p_ZN12_GLOBAL_N_110lineBufferILi1EEE_1_addr_6 = getelementptr i8 %p_ZN12_GLOBAL_N_110lineBufferILi1EEE_1, i64 0, i64 %zext_ln32" [../src/hysteresis.cpp:32->../src/hysteresis.cpp:123->../src/canny_top.cpp:33]   --->   Operation 88 'getelementptr' 'p_ZN12_GLOBAL_N_110lineBufferILi1EEE_1_addr_6' <Predicate = (centre == 128 & !icmp_ln28 & !icmp_ln29 & !trunc_ln114)> <Delay = 0.00>
ST_6 : Operation 89 [1/2] ( I:1.23ns O:1.23ns )   --->   "%p_ZN12_GLOBAL_N_110lineBufferILi1EEE_0_load_4 = load i10 %p_ZN12_GLOBAL_N_110lineBufferILi1EEE_0_addr_5" [../src/hysteresis.cpp:31->../src/hysteresis.cpp:123->../src/canny_top.cpp:33]   --->   Operation 89 'load' 'p_ZN12_GLOBAL_N_110lineBufferILi1EEE_0_load_4' <Predicate = (centre == 128 & !icmp_ln28 & !icmp_ln29 & !icmp_ln30 & trunc_ln114)> <Delay = 1.23> <CoreInst = "RAM">   --->   Core 82 'RAM' <Latency = 1> <II = 1> <Delay = 1.23> <Storage> <Opcode : 'load' 'store'> <Ports = 2> <Width = 8> <Depth = 768> <RAM>
ST_6 : Operation 90 [1/2] ( I:1.23ns O:1.23ns )   --->   "%p_ZN12_GLOBAL_N_110lineBufferILi1EEE_1_load_4 = load i10 %p_ZN12_GLOBAL_N_110lineBufferILi1EEE_1_addr_5" [../src/hysteresis.cpp:31->../src/hysteresis.cpp:123->../src/canny_top.cpp:33]   --->   Operation 90 'load' 'p_ZN12_GLOBAL_N_110lineBufferILi1EEE_1_load_4' <Predicate = (centre == 128 & !icmp_ln28 & !icmp_ln29 & !icmp_ln30 & !trunc_ln114)> <Delay = 1.23> <CoreInst = "RAM">   --->   Core 82 'RAM' <Latency = 1> <II = 1> <Delay = 1.23> <Storage> <Opcode : 'load' 'store'> <Ports = 2> <Width = 8> <Depth = 768> <RAM>
ST_6 : Operation 91 [1/1] (0.39ns)   --->   "%select_ln31 = select i1 %trunc_ln114, i8 %p_ZN12_GLOBAL_N_110lineBufferILi1EEE_0_load_4, i8 %p_ZN12_GLOBAL_N_110lineBufferILi1EEE_1_load_4" [../src/hysteresis.cpp:31->../src/hysteresis.cpp:123->../src/canny_top.cpp:33]   --->   Operation 91 'select' 'select_ln31' <Predicate = (centre == 128 & !icmp_ln28 & !icmp_ln29 & !icmp_ln30)> <Delay = 0.39> <CoreInst = "Sel">   --->   Core 73 'Sel' <Latency = 0> <II = 1> <Delay = 0.39> <FuncUnit> <Opcode : 'select'> <InPorts = 3> <OutPorts = 1>
ST_6 : Operation 92 [1/1] (0.76ns)   --->   "%icmp_ln31 = icmp_eq  i8 %select_ln31, i8 255" [../src/hysteresis.cpp:31->../src/hysteresis.cpp:123->../src/canny_top.cpp:33]   --->   Operation 92 'icmp' 'icmp_ln31' <Predicate = (centre == 128 & !icmp_ln28 & !icmp_ln29 & !icmp_ln30)> <Delay = 0.76> <CoreInst = "Cmp">   --->   Core 9 'Cmp' <Latency = 0> <II = 1> <Delay = 0.76> <FuncUnit> <Opcode : 'seteq' 'setne' 'setle' 'setge' 'setlt' 'setgt'> <InPorts = 2> <OutPorts = 1>
ST_6 : Operation 93 [1/1] (0.00ns)   --->   "%br_ln31 = br i1 %icmp_ln31, void %lor.lhs.false24.i.i, void %if.then36.i" [../src/hysteresis.cpp:31->../src/hysteresis.cpp:123->../src/canny_top.cpp:33]   --->   Operation 93 'br' 'br_ln31' <Predicate = (centre == 128 & !icmp_ln28 & !icmp_ln29 & !icmp_ln30)> <Delay = 0.00>
ST_6 : Operation 94 [2/2] (1.23ns)   --->   "%p_ZN12_GLOBAL_N_110lineBufferILi1EEE_0_load_5 = load i10 %p_ZN12_GLOBAL_N_110lineBufferILi1EEE_0_addr_6" [../src/hysteresis.cpp:32->../src/hysteresis.cpp:123->../src/canny_top.cpp:33]   --->   Operation 94 'load' 'p_ZN12_GLOBAL_N_110lineBufferILi1EEE_0_load_5' <Predicate = (centre == 128 & !icmp_ln28 & !icmp_ln29 & !icmp_ln30 & !icmp_ln31 & trunc_ln114)> <Delay = 1.23> <CoreInst = "RAM">   --->   Core 82 'RAM' <Latency = 1> <II = 1> <Delay = 1.23> <Storage> <Opcode : 'load' 'store'> <Ports = 2> <Width = 8> <Depth = 768> <RAM>
ST_6 : Operation 95 [2/2] (1.23ns)   --->   "%p_ZN12_GLOBAL_N_110lineBufferILi1EEE_1_load_5 = load i10 %p_ZN12_GLOBAL_N_110lineBufferILi1EEE_1_addr_6" [../src/hysteresis.cpp:32->../src/hysteresis.cpp:123->../src/canny_top.cpp:33]   --->   Operation 95 'load' 'p_ZN12_GLOBAL_N_110lineBufferILi1EEE_1_load_5' <Predicate = (centre == 128 & !icmp_ln28 & !icmp_ln29 & !icmp_ln30 & !icmp_ln31 & !trunc_ln114)> <Delay = 1.23> <CoreInst = "RAM">   --->   Core 82 'RAM' <Latency = 1> <II = 1> <Delay = 1.23> <Storage> <Opcode : 'load' 'store'> <Ports = 2> <Width = 8> <Depth = 768> <RAM>

State 7 <SV = 6> <Delay = 2.39>
ST_7 : Operation 96 [1/1] (0.00ns)   --->   "%tmp_26 = bitconcatenate i10 @_ssdm_op_BitConcatenate.i10.i2.i8, i2 %writeSlot_read, i8 %lshr_ln1" [../src/hysteresis.cpp:33->../src/hysteresis.cpp:123->../src/canny_top.cpp:33]   --->   Operation 96 'bitconcatenate' 'tmp_26' <Predicate = (centre == 128)> <Delay = 0.00>
ST_7 : Operation 97 [1/1] (0.00ns)   --->   "%zext_ln33 = zext i10 %tmp_26" [../src/hysteresis.cpp:33->../src/hysteresis.cpp:123->../src/canny_top.cpp:33]   --->   Operation 97 'zext' 'zext_ln33' <Predicate = (centre == 128)> <Delay = 0.00>
ST_7 : Operation 98 [1/1] (0.00ns)   --->   "%p_ZN12_GLOBAL_N_110lineBufferILi1EEE_0_addr_7 = getelementptr i8 %p_ZN12_GLOBAL_N_110lineBufferILi1EEE_0, i64 0, i64 %zext_ln33" [../src/hysteresis.cpp:33->../src/hysteresis.cpp:123->../src/canny_top.cpp:33]   --->   Operation 98 'getelementptr' 'p_ZN12_GLOBAL_N_110lineBufferILi1EEE_0_addr_7' <Predicate = (centre == 128 & trunc_ln114)> <Delay = 0.00>
ST_7 : Operation 99 [1/1] (0.00ns)   --->   "%p_ZN12_GLOBAL_N_110lineBufferILi1EEE_1_addr_7 = getelementptr i8 %p_ZN12_GLOBAL_N_110lineBufferILi1EEE_1, i64 0, i64 %zext_ln33" [../src/hysteresis.cpp:33->../src/hysteresis.cpp:123->../src/canny_top.cpp:33]   --->   Operation 99 'getelementptr' 'p_ZN12_GLOBAL_N_110lineBufferILi1EEE_1_addr_7' <Predicate = (centre == 128 & !trunc_ln114)> <Delay = 0.00>
ST_7 : Operation 100 [1/2] ( I:1.23ns O:1.23ns )   --->   "%p_ZN12_GLOBAL_N_110lineBufferILi1EEE_0_load_5 = load i10 %p_ZN12_GLOBAL_N_110lineBufferILi1EEE_0_addr_6" [../src/hysteresis.cpp:32->../src/hysteresis.cpp:123->../src/canny_top.cpp:33]   --->   Operation 100 'load' 'p_ZN12_GLOBAL_N_110lineBufferILi1EEE_0_load_5' <Predicate = (centre == 128 & !icmp_ln28 & !icmp_ln29 & !icmp_ln30 & !icmp_ln31 & trunc_ln114)> <Delay = 1.23> <CoreInst = "RAM">   --->   Core 82 'RAM' <Latency = 1> <II = 1> <Delay = 1.23> <Storage> <Opcode : 'load' 'store'> <Ports = 2> <Width = 8> <Depth = 768> <RAM>
ST_7 : Operation 101 [1/2] ( I:1.23ns O:1.23ns )   --->   "%p_ZN12_GLOBAL_N_110lineBufferILi1EEE_1_load_5 = load i10 %p_ZN12_GLOBAL_N_110lineBufferILi1EEE_1_addr_6" [../src/hysteresis.cpp:32->../src/hysteresis.cpp:123->../src/canny_top.cpp:33]   --->   Operation 101 'load' 'p_ZN12_GLOBAL_N_110lineBufferILi1EEE_1_load_5' <Predicate = (centre == 128 & !icmp_ln28 & !icmp_ln29 & !icmp_ln30 & !icmp_ln31 & !trunc_ln114)> <Delay = 1.23> <CoreInst = "RAM">   --->   Core 82 'RAM' <Latency = 1> <II = 1> <Delay = 1.23> <Storage> <Opcode : 'load' 'store'> <Ports = 2> <Width = 8> <Depth = 768> <RAM>
ST_7 : Operation 102 [1/1] (0.39ns)   --->   "%select_ln32 = select i1 %trunc_ln114, i8 %p_ZN12_GLOBAL_N_110lineBufferILi1EEE_0_load_5, i8 %p_ZN12_GLOBAL_N_110lineBufferILi1EEE_1_load_5" [../src/hysteresis.cpp:32->../src/hysteresis.cpp:123->../src/canny_top.cpp:33]   --->   Operation 102 'select' 'select_ln32' <Predicate = (centre == 128 & !icmp_ln28 & !icmp_ln29 & !icmp_ln30 & !icmp_ln31)> <Delay = 0.39> <CoreInst = "Sel">   --->   Core 73 'Sel' <Latency = 0> <II = 1> <Delay = 0.39> <FuncUnit> <Opcode : 'select'> <InPorts = 3> <OutPorts = 1>
ST_7 : Operation 103 [1/1] (0.76ns)   --->   "%icmp_ln32 = icmp_eq  i8 %select_ln32, i8 255" [../src/hysteresis.cpp:32->../src/hysteresis.cpp:123->../src/canny_top.cpp:33]   --->   Operation 103 'icmp' 'icmp_ln32' <Predicate = (centre == 128 & !icmp_ln28 & !icmp_ln29 & !icmp_ln30 & !icmp_ln31)> <Delay = 0.76> <CoreInst = "Cmp">   --->   Core 9 'Cmp' <Latency = 0> <II = 1> <Delay = 0.76> <FuncUnit> <Opcode : 'seteq' 'setne' 'setle' 'setge' 'setlt' 'setgt'> <InPorts = 2> <OutPorts = 1>
ST_7 : Operation 104 [1/1] (0.00ns)   --->   "%br_ln32 = br i1 %icmp_ln32, void %lor.lhs.false32.i.i, void %if.then36.i" [../src/hysteresis.cpp:32->../src/hysteresis.cpp:123->../src/canny_top.cpp:33]   --->   Operation 104 'br' 'br_ln32' <Predicate = (centre == 128 & !icmp_ln28 & !icmp_ln29 & !icmp_ln30 & !icmp_ln31)> <Delay = 0.00>
ST_7 : Operation 105 [2/2] (1.23ns)   --->   "%p_ZN12_GLOBAL_N_110lineBufferILi1EEE_0_load_6 = load i10 %p_ZN12_GLOBAL_N_110lineBufferILi1EEE_0_addr_7" [../src/hysteresis.cpp:33->../src/hysteresis.cpp:123->../src/canny_top.cpp:33]   --->   Operation 105 'load' 'p_ZN12_GLOBAL_N_110lineBufferILi1EEE_0_load_6' <Predicate = (centre == 128 & !icmp_ln28 & !icmp_ln29 & !icmp_ln30 & !icmp_ln31 & !icmp_ln32 & trunc_ln114)> <Delay = 1.23> <CoreInst = "RAM">   --->   Core 82 'RAM' <Latency = 1> <II = 1> <Delay = 1.23> <Storage> <Opcode : 'load' 'store'> <Ports = 2> <Width = 8> <Depth = 768> <RAM>
ST_7 : Operation 106 [2/2] (1.23ns)   --->   "%p_ZN12_GLOBAL_N_110lineBufferILi1EEE_1_load_6 = load i10 %p_ZN12_GLOBAL_N_110lineBufferILi1EEE_1_addr_7" [../src/hysteresis.cpp:33->../src/hysteresis.cpp:123->../src/canny_top.cpp:33]   --->   Operation 106 'load' 'p_ZN12_GLOBAL_N_110lineBufferILi1EEE_1_load_6' <Predicate = (centre == 128 & !icmp_ln28 & !icmp_ln29 & !icmp_ln30 & !icmp_ln31 & !icmp_ln32 & !trunc_ln114)> <Delay = 1.23> <CoreInst = "RAM">   --->   Core 82 'RAM' <Latency = 1> <II = 1> <Delay = 1.23> <Storage> <Opcode : 'load' 'store'> <Ports = 2> <Width = 8> <Depth = 768> <RAM>

State 8 <SV = 7> <Delay = 2.39>
ST_8 : Operation 107 [1/1] (0.00ns)   --->   "%specpipeline_ln114 = specpipeline void @_ssdm_op_SpecPipeline, i32 4294967295, i32 0, i32 0, i32 0, i32 4294967295, void @empty_10" [../src/hysteresis.cpp:114->../src/canny_top.cpp:33]   --->   Operation 107 'specpipeline' 'specpipeline_ln114' <Predicate = true> <Delay = 0.00>
ST_8 : Operation 108 [1/1] (0.00ns)   --->   "%speclooptripcount_ln114 = speclooptripcount void @_ssdm_op_SpecLoopTripCount, i64 510, i64 510, i64 510" [../src/hysteresis.cpp:114->../src/canny_top.cpp:33]   --->   Operation 108 'speclooptripcount' 'speclooptripcount_ln114' <Predicate = true> <Delay = 0.00>
ST_8 : Operation 109 [1/1] (0.00ns)   --->   "%specloopname_ln114 = specloopname void @_ssdm_op_SpecLoopName, void @empty_16" [../src/hysteresis.cpp:114->../src/canny_top.cpp:33]   --->   Operation 109 'specloopname' 'specloopname_ln114' <Predicate = true> <Delay = 0.00>
ST_8 : Operation 110 [1/1] (0.00ns)   --->   "%tmp_23 = bitconcatenate i10 @_ssdm_op_BitConcatenate.i10.i2.i8, i2 %writeSlot_read, i8 %lshr_ln" [../src/hysteresis.cpp:34->../src/hysteresis.cpp:123->../src/canny_top.cpp:33]   --->   Operation 110 'bitconcatenate' 'tmp_23' <Predicate = true> <Delay = 0.00>
ST_8 : Operation 111 [1/1] (0.00ns)   --->   "%zext_ln34 = zext i10 %tmp_23" [../src/hysteresis.cpp:34->../src/hysteresis.cpp:123->../src/canny_top.cpp:33]   --->   Operation 111 'zext' 'zext_ln34' <Predicate = true> <Delay = 0.00>
ST_8 : Operation 112 [1/1] (0.00ns)   --->   "%p_ZN12_GLOBAL_N_110lineBufferILi1EEE_0_addr_3 = getelementptr i8 %p_ZN12_GLOBAL_N_110lineBufferILi1EEE_0, i64 0, i64 %zext_ln34" [../src/hysteresis.cpp:34->../src/hysteresis.cpp:123->../src/canny_top.cpp:33]   --->   Operation 112 'getelementptr' 'p_ZN12_GLOBAL_N_110lineBufferILi1EEE_0_addr_3' <Predicate = (!trunc_ln114)> <Delay = 0.00>
ST_8 : Operation 113 [1/1] (0.00ns)   --->   "%p_ZN12_GLOBAL_N_110lineBufferILi1EEE_1_addr_3 = getelementptr i8 %p_ZN12_GLOBAL_N_110lineBufferILi1EEE_1, i64 0, i64 %zext_ln34" [../src/hysteresis.cpp:34->../src/hysteresis.cpp:123->../src/canny_top.cpp:33]   --->   Operation 113 'getelementptr' 'p_ZN12_GLOBAL_N_110lineBufferILi1EEE_1_addr_3' <Predicate = (trunc_ln114)> <Delay = 0.00>
ST_8 : Operation 114 [1/2] ( I:1.23ns O:1.23ns )   --->   "%p_ZN12_GLOBAL_N_110lineBufferILi1EEE_0_load_6 = load i10 %p_ZN12_GLOBAL_N_110lineBufferILi1EEE_0_addr_7" [../src/hysteresis.cpp:33->../src/hysteresis.cpp:123->../src/canny_top.cpp:33]   --->   Operation 114 'load' 'p_ZN12_GLOBAL_N_110lineBufferILi1EEE_0_load_6' <Predicate = (centre == 128 & !icmp_ln28 & !icmp_ln29 & !icmp_ln30 & !icmp_ln31 & !icmp_ln32 & trunc_ln114)> <Delay = 1.23> <CoreInst = "RAM">   --->   Core 82 'RAM' <Latency = 1> <II = 1> <Delay = 1.23> <Storage> <Opcode : 'load' 'store'> <Ports = 2> <Width = 8> <Depth = 768> <RAM>
ST_8 : Operation 115 [1/2] ( I:1.23ns O:1.23ns )   --->   "%p_ZN12_GLOBAL_N_110lineBufferILi1EEE_1_load_6 = load i10 %p_ZN12_GLOBAL_N_110lineBufferILi1EEE_1_addr_7" [../src/hysteresis.cpp:33->../src/hysteresis.cpp:123->../src/canny_top.cpp:33]   --->   Operation 115 'load' 'p_ZN12_GLOBAL_N_110lineBufferILi1EEE_1_load_6' <Predicate = (centre == 128 & !icmp_ln28 & !icmp_ln29 & !icmp_ln30 & !icmp_ln31 & !icmp_ln32 & !trunc_ln114)> <Delay = 1.23> <CoreInst = "RAM">   --->   Core 82 'RAM' <Latency = 1> <II = 1> <Delay = 1.23> <Storage> <Opcode : 'load' 'store'> <Ports = 2> <Width = 8> <Depth = 768> <RAM>
ST_8 : Operation 116 [1/1] (0.39ns)   --->   "%select_ln33 = select i1 %trunc_ln114, i8 %p_ZN12_GLOBAL_N_110lineBufferILi1EEE_0_load_6, i8 %p_ZN12_GLOBAL_N_110lineBufferILi1EEE_1_load_6" [../src/hysteresis.cpp:33->../src/hysteresis.cpp:123->../src/canny_top.cpp:33]   --->   Operation 116 'select' 'select_ln33' <Predicate = (centre == 128 & !icmp_ln28 & !icmp_ln29 & !icmp_ln30 & !icmp_ln31 & !icmp_ln32)> <Delay = 0.39> <CoreInst = "Sel">   --->   Core 73 'Sel' <Latency = 0> <II = 1> <Delay = 0.39> <FuncUnit> <Opcode : 'select'> <InPorts = 3> <OutPorts = 1>
ST_8 : Operation 117 [1/1] (0.76ns)   --->   "%icmp_ln33 = icmp_eq  i8 %select_ln33, i8 255" [../src/hysteresis.cpp:33->../src/hysteresis.cpp:123->../src/canny_top.cpp:33]   --->   Operation 117 'icmp' 'icmp_ln33' <Predicate = (centre == 128 & !icmp_ln28 & !icmp_ln29 & !icmp_ln30 & !icmp_ln31 & !icmp_ln32)> <Delay = 0.76> <CoreInst = "Cmp">   --->   Core 9 'Cmp' <Latency = 0> <II = 1> <Delay = 0.76> <FuncUnit> <Opcode : 'seteq' 'setne' 'setle' 'setge' 'setlt' 'setgt'> <InPorts = 2> <OutPorts = 1>
ST_8 : Operation 118 [1/1] (0.00ns)   --->   "%br_ln33 = br i1 %icmp_ln33, void %lor.lhs.false40.i.i, void %if.then36.i" [../src/hysteresis.cpp:33->../src/hysteresis.cpp:123->../src/canny_top.cpp:33]   --->   Operation 118 'br' 'br_ln33' <Predicate = (centre == 128 & !icmp_ln28 & !icmp_ln29 & !icmp_ln30 & !icmp_ln31 & !icmp_ln32)> <Delay = 0.00>
ST_8 : Operation 119 [2/2] (1.23ns)   --->   "%p_ZN12_GLOBAL_N_110lineBufferILi1EEE_0_load_7 = load i10 %p_ZN12_GLOBAL_N_110lineBufferILi1EEE_0_addr_3" [../src/hysteresis.cpp:34->../src/hysteresis.cpp:123->../src/canny_top.cpp:33]   --->   Operation 119 'load' 'p_ZN12_GLOBAL_N_110lineBufferILi1EEE_0_load_7' <Predicate = (centre == 128 & !icmp_ln28 & !icmp_ln29 & !icmp_ln30 & !icmp_ln31 & !icmp_ln32 & !icmp_ln33 & !trunc_ln114)> <Delay = 1.23> <CoreInst = "RAM">   --->   Core 82 'RAM' <Latency = 1> <II = 1> <Delay = 1.23> <Storage> <Opcode : 'load' 'store'> <Ports = 2> <Width = 8> <Depth = 768> <RAM>
ST_8 : Operation 120 [2/2] (1.23ns)   --->   "%p_ZN12_GLOBAL_N_110lineBufferILi1EEE_1_load_7 = load i10 %p_ZN12_GLOBAL_N_110lineBufferILi1EEE_1_addr_3" [../src/hysteresis.cpp:34->../src/hysteresis.cpp:123->../src/canny_top.cpp:33]   --->   Operation 120 'load' 'p_ZN12_GLOBAL_N_110lineBufferILi1EEE_1_load_7' <Predicate = (centre == 128 & !icmp_ln28 & !icmp_ln29 & !icmp_ln30 & !icmp_ln31 & !icmp_ln32 & !icmp_ln33 & trunc_ln114)> <Delay = 1.23> <CoreInst = "RAM">   --->   Core 82 'RAM' <Latency = 1> <II = 1> <Delay = 1.23> <Storage> <Opcode : 'load' 'store'> <Ports = 2> <Width = 8> <Depth = 768> <RAM>

State 9 <SV = 8> <Delay = 2.39>
ST_9 : Operation 121 [1/1] (0.00ns)   --->   "%tmp_29 = bitconcatenate i10 @_ssdm_op_BitConcatenate.i10.i2.i8, i2 %writeSlot_read, i8 %lshr_ln2" [../src/hysteresis.cpp:35->../src/hysteresis.cpp:123->../src/canny_top.cpp:33]   --->   Operation 121 'bitconcatenate' 'tmp_29' <Predicate = (centre == 128 & !icmp_ln28 & !icmp_ln29)> <Delay = 0.00>
ST_9 : Operation 122 [1/1] (0.00ns)   --->   "%zext_ln35 = zext i10 %tmp_29" [../src/hysteresis.cpp:35->../src/hysteresis.cpp:123->../src/canny_top.cpp:33]   --->   Operation 122 'zext' 'zext_ln35' <Predicate = (centre == 128 & !icmp_ln28 & !icmp_ln29)> <Delay = 0.00>
ST_9 : Operation 123 [1/1] (0.00ns)   --->   "%p_ZN12_GLOBAL_N_110lineBufferILi1EEE_0_addr_8 = getelementptr i8 %p_ZN12_GLOBAL_N_110lineBufferILi1EEE_0, i64 0, i64 %zext_ln35" [../src/hysteresis.cpp:35->../src/hysteresis.cpp:123->../src/canny_top.cpp:33]   --->   Operation 123 'getelementptr' 'p_ZN12_GLOBAL_N_110lineBufferILi1EEE_0_addr_8' <Predicate = (centre == 128 & !icmp_ln28 & !icmp_ln29 & trunc_ln114)> <Delay = 0.00>
ST_9 : Operation 124 [1/1] (0.00ns)   --->   "%p_ZN12_GLOBAL_N_110lineBufferILi1EEE_1_addr_8 = getelementptr i8 %p_ZN12_GLOBAL_N_110lineBufferILi1EEE_1, i64 0, i64 %zext_ln35" [../src/hysteresis.cpp:35->../src/hysteresis.cpp:123->../src/canny_top.cpp:33]   --->   Operation 124 'getelementptr' 'p_ZN12_GLOBAL_N_110lineBufferILi1EEE_1_addr_8' <Predicate = (centre == 128 & !icmp_ln28 & !icmp_ln29 & !trunc_ln114)> <Delay = 0.00>
ST_9 : Operation 125 [1/2] ( I:1.23ns O:1.23ns )   --->   "%p_ZN12_GLOBAL_N_110lineBufferILi1EEE_0_load_7 = load i10 %p_ZN12_GLOBAL_N_110lineBufferILi1EEE_0_addr_3" [../src/hysteresis.cpp:34->../src/hysteresis.cpp:123->../src/canny_top.cpp:33]   --->   Operation 125 'load' 'p_ZN12_GLOBAL_N_110lineBufferILi1EEE_0_load_7' <Predicate = (centre == 128 & !icmp_ln28 & !icmp_ln29 & !icmp_ln30 & !icmp_ln31 & !icmp_ln32 & !icmp_ln33 & !trunc_ln114)> <Delay = 1.23> <CoreInst = "RAM">   --->   Core 82 'RAM' <Latency = 1> <II = 1> <Delay = 1.23> <Storage> <Opcode : 'load' 'store'> <Ports = 2> <Width = 8> <Depth = 768> <RAM>
ST_9 : Operation 126 [1/2] ( I:1.23ns O:1.23ns )   --->   "%p_ZN12_GLOBAL_N_110lineBufferILi1EEE_1_load_7 = load i10 %p_ZN12_GLOBAL_N_110lineBufferILi1EEE_1_addr_3" [../src/hysteresis.cpp:34->../src/hysteresis.cpp:123->../src/canny_top.cpp:33]   --->   Operation 126 'load' 'p_ZN12_GLOBAL_N_110lineBufferILi1EEE_1_load_7' <Predicate = (centre == 128 & !icmp_ln28 & !icmp_ln29 & !icmp_ln30 & !icmp_ln31 & !icmp_ln32 & !icmp_ln33 & trunc_ln114)> <Delay = 1.23> <CoreInst = "RAM">   --->   Core 82 'RAM' <Latency = 1> <II = 1> <Delay = 1.23> <Storage> <Opcode : 'load' 'store'> <Ports = 2> <Width = 8> <Depth = 768> <RAM>
ST_9 : Operation 127 [1/1] (0.39ns)   --->   "%select_ln34 = select i1 %trunc_ln114, i8 %p_ZN12_GLOBAL_N_110lineBufferILi1EEE_1_load_7, i8 %p_ZN12_GLOBAL_N_110lineBufferILi1EEE_0_load_7" [../src/hysteresis.cpp:34->../src/hysteresis.cpp:123->../src/canny_top.cpp:33]   --->   Operation 127 'select' 'select_ln34' <Predicate = (centre == 128 & !icmp_ln28 & !icmp_ln29 & !icmp_ln30 & !icmp_ln31 & !icmp_ln32 & !icmp_ln33)> <Delay = 0.39> <CoreInst = "Sel">   --->   Core 73 'Sel' <Latency = 0> <II = 1> <Delay = 0.39> <FuncUnit> <Opcode : 'select'> <InPorts = 3> <OutPorts = 1>
ST_9 : Operation 128 [1/1] (0.76ns)   --->   "%icmp_ln34 = icmp_eq  i8 %select_ln34, i8 255" [../src/hysteresis.cpp:34->../src/hysteresis.cpp:123->../src/canny_top.cpp:33]   --->   Operation 128 'icmp' 'icmp_ln34' <Predicate = (centre == 128 & !icmp_ln28 & !icmp_ln29 & !icmp_ln30 & !icmp_ln31 & !icmp_ln32 & !icmp_ln33)> <Delay = 0.76> <CoreInst = "Cmp">   --->   Core 9 'Cmp' <Latency = 0> <II = 1> <Delay = 0.76> <FuncUnit> <Opcode : 'seteq' 'setne' 'setle' 'setge' 'setlt' 'setgt'> <InPorts = 2> <OutPorts = 1>
ST_9 : Operation 129 [1/1] (0.00ns)   --->   "%br_ln34 = br i1 %icmp_ln34, void %lor.rhs.i.i, void %if.then36.i" [../src/hysteresis.cpp:34->../src/hysteresis.cpp:123->../src/canny_top.cpp:33]   --->   Operation 129 'br' 'br_ln34' <Predicate = (centre == 128 & !icmp_ln28 & !icmp_ln29 & !icmp_ln30 & !icmp_ln31 & !icmp_ln32 & !icmp_ln33)> <Delay = 0.00>
ST_9 : Operation 130 [2/2] (1.23ns)   --->   "%p_ZN12_GLOBAL_N_110lineBufferILi1EEE_0_load_8 = load i10 %p_ZN12_GLOBAL_N_110lineBufferILi1EEE_0_addr_8" [../src/hysteresis.cpp:35->../src/hysteresis.cpp:123->../src/canny_top.cpp:33]   --->   Operation 130 'load' 'p_ZN12_GLOBAL_N_110lineBufferILi1EEE_0_load_8' <Predicate = (centre == 128 & !icmp_ln28 & !icmp_ln29 & !icmp_ln30 & !icmp_ln31 & !icmp_ln32 & !icmp_ln33 & !icmp_ln34 & trunc_ln114)> <Delay = 1.23> <CoreInst = "RAM">   --->   Core 82 'RAM' <Latency = 1> <II = 1> <Delay = 1.23> <Storage> <Opcode : 'load' 'store'> <Ports = 2> <Width = 8> <Depth = 768> <RAM>
ST_9 : Operation 131 [2/2] (1.23ns)   --->   "%p_ZN12_GLOBAL_N_110lineBufferILi1EEE_1_load_8 = load i10 %p_ZN12_GLOBAL_N_110lineBufferILi1EEE_1_addr_8" [../src/hysteresis.cpp:35->../src/hysteresis.cpp:123->../src/canny_top.cpp:33]   --->   Operation 131 'load' 'p_ZN12_GLOBAL_N_110lineBufferILi1EEE_1_load_8' <Predicate = (centre == 128 & !icmp_ln28 & !icmp_ln29 & !icmp_ln30 & !icmp_ln31 & !icmp_ln32 & !icmp_ln33 & !icmp_ln34 & !trunc_ln114)> <Delay = 1.23> <CoreInst = "RAM">   --->   Core 82 'RAM' <Latency = 1> <II = 1> <Delay = 1.23> <Storage> <Opcode : 'load' 'store'> <Ports = 2> <Width = 8> <Depth = 768> <RAM>

State 10 <SV = 9> <Delay = 3.63>
ST_10 : Operation 132 [1/2] ( I:1.23ns O:1.23ns )   --->   "%p_ZN12_GLOBAL_N_110lineBufferILi1EEE_0_load_8 = load i10 %p_ZN12_GLOBAL_N_110lineBufferILi1EEE_0_addr_8" [../src/hysteresis.cpp:35->../src/hysteresis.cpp:123->../src/canny_top.cpp:33]   --->   Operation 132 'load' 'p_ZN12_GLOBAL_N_110lineBufferILi1EEE_0_load_8' <Predicate = (centre == 128 & !icmp_ln28 & !icmp_ln29 & !icmp_ln30 & !icmp_ln31 & !icmp_ln32 & !icmp_ln33 & !icmp_ln34 & trunc_ln114)> <Delay = 1.23> <CoreInst = "RAM">   --->   Core 82 'RAM' <Latency = 1> <II = 1> <Delay = 1.23> <Storage> <Opcode : 'load' 'store'> <Ports = 2> <Width = 8> <Depth = 768> <RAM>
ST_10 : Operation 133 [1/2] ( I:1.23ns O:1.23ns )   --->   "%p_ZN12_GLOBAL_N_110lineBufferILi1EEE_1_load_8 = load i10 %p_ZN12_GLOBAL_N_110lineBufferILi1EEE_1_addr_8" [../src/hysteresis.cpp:35->../src/hysteresis.cpp:123->../src/canny_top.cpp:33]   --->   Operation 133 'load' 'p_ZN12_GLOBAL_N_110lineBufferILi1EEE_1_load_8' <Predicate = (centre == 128 & !icmp_ln28 & !icmp_ln29 & !icmp_ln30 & !icmp_ln31 & !icmp_ln32 & !icmp_ln33 & !icmp_ln34 & !trunc_ln114)> <Delay = 1.23> <CoreInst = "RAM">   --->   Core 82 'RAM' <Latency = 1> <II = 1> <Delay = 1.23> <Storage> <Opcode : 'load' 'store'> <Ports = 2> <Width = 8> <Depth = 768> <RAM>
ST_10 : Operation 134 [1/1] (0.39ns)   --->   "%select_ln35 = select i1 %trunc_ln114, i8 %p_ZN12_GLOBAL_N_110lineBufferILi1EEE_0_load_8, i8 %p_ZN12_GLOBAL_N_110lineBufferILi1EEE_1_load_8" [../src/hysteresis.cpp:35->../src/hysteresis.cpp:123->../src/canny_top.cpp:33]   --->   Operation 134 'select' 'select_ln35' <Predicate = (centre == 128 & !icmp_ln28 & !icmp_ln29 & !icmp_ln30 & !icmp_ln31 & !icmp_ln32 & !icmp_ln33 & !icmp_ln34)> <Delay = 0.39> <CoreInst = "Sel">   --->   Core 73 'Sel' <Latency = 0> <II = 1> <Delay = 0.39> <FuncUnit> <Opcode : 'select'> <InPorts = 3> <OutPorts = 1>
ST_10 : Operation 135 [1/1] (0.76ns)   --->   "%icmp_ln35 = icmp_eq  i8 %select_ln35, i8 255" [../src/hysteresis.cpp:35->../src/hysteresis.cpp:123->../src/canny_top.cpp:33]   --->   Operation 135 'icmp' 'icmp_ln35' <Predicate = (centre == 128 & !icmp_ln28 & !icmp_ln29 & !icmp_ln30 & !icmp_ln31 & !icmp_ln32 & !icmp_ln33 & !icmp_ln34)> <Delay = 0.76> <CoreInst = "Cmp">   --->   Core 9 'Cmp' <Latency = 0> <II = 1> <Delay = 0.76> <FuncUnit> <Opcode : 'seteq' 'setne' 'setle' 'setge' 'setlt' 'setgt'> <InPorts = 2> <OutPorts = 1>
ST_10 : Operation 136 [1/1] (0.00ns)   --->   "%br_ln122 = br i1 %icmp_ln35, void %if.else39.i, void %if.then36.i" [../src/hysteresis.cpp:122->../src/canny_top.cpp:33]   --->   Operation 136 'br' 'br_ln122' <Predicate = (centre == 128 & !icmp_ln28 & !icmp_ln29 & !icmp_ln30 & !icmp_ln31 & !icmp_ln32 & !icmp_ln33 & !icmp_ln34)> <Delay = 0.00>
ST_10 : Operation 137 [1/1] (0.00ns)   --->   "%out_hysteresis1_addr_1 = getelementptr i2 %out_hysteresis1, i64 0, i64 %zext_ln114" [../src/hysteresis.cpp:130->../src/canny_top.cpp:33]   --->   Operation 137 'getelementptr' 'out_hysteresis1_addr_1' <Predicate = (centre == 128 & icmp_ln35) | (centre == 128 & icmp_ln34) | (centre == 128 & icmp_ln33) | (centre == 128 & icmp_ln32) | (centre == 128 & icmp_ln31) | (centre == 128 & icmp_ln30) | (centre == 128 & icmp_ln29) | (centre == 128 & icmp_ln28)> <Delay = 0.00>
ST_10 : Operation 138 [1/1] ( I:1.23ns O:1.23ns )   --->   "%store_ln130 = store i2 3, i9 %out_hysteresis1_addr_1" [../src/hysteresis.cpp:130->../src/canny_top.cpp:33]   --->   Operation 138 'store' 'store_ln130' <Predicate = (centre == 128 & icmp_ln35) | (centre == 128 & icmp_ln34) | (centre == 128 & icmp_ln33) | (centre == 128 & icmp_ln32) | (centre == 128 & icmp_ln31) | (centre == 128 & icmp_ln30) | (centre == 128 & icmp_ln29) | (centre == 128 & icmp_ln28)> <Delay = 1.23> <CoreInst = "RAM">   --->   Core 82 'RAM' <Latency = 1> <II = 1> <Delay = 1.23> <Storage> <Opcode : 'load' 'store'> <Ports = 2> <Width = 2> <Depth = 512> <RAM>
ST_10 : Operation 139 [1/1] (0.00ns)   --->   "%br_ln131 = br void %if.end42.i" [../src/hysteresis.cpp:131->../src/canny_top.cpp:33]   --->   Operation 139 'br' 'br_ln131' <Predicate = (centre == 128 & icmp_ln35) | (centre == 128 & icmp_ln34) | (centre == 128 & icmp_ln33) | (centre == 128 & icmp_ln32) | (centre == 128 & icmp_ln31) | (centre == 128 & icmp_ln30) | (centre == 128 & icmp_ln29) | (centre == 128 & icmp_ln28)> <Delay = 0.00>
ST_10 : Operation 140 [1/1] (0.00ns)   --->   "%out_hysteresis1_addr_2 = getelementptr i2 %out_hysteresis1, i64 0, i64 %zext_ln114" [../src/hysteresis.cpp:133->../src/canny_top.cpp:33]   --->   Operation 140 'getelementptr' 'out_hysteresis1_addr_2' <Predicate = (centre != 255 & !icmp_ln28 & !icmp_ln29 & !icmp_ln30 & !icmp_ln31 & !icmp_ln32 & !icmp_ln33 & !icmp_ln34 & !icmp_ln35) | (centre != 255 & centre != 128)> <Delay = 0.00>
ST_10 : Operation 141 [1/1] ( I:1.23ns O:1.23ns )   --->   "%store_ln133 = store i2 0, i9 %out_hysteresis1_addr_2" [../src/hysteresis.cpp:133->../src/canny_top.cpp:33]   --->   Operation 141 'store' 'store_ln133' <Predicate = (centre != 255 & !icmp_ln28 & !icmp_ln29 & !icmp_ln30 & !icmp_ln31 & !icmp_ln32 & !icmp_ln33 & !icmp_ln34 & !icmp_ln35) | (centre != 255 & centre != 128)> <Delay = 1.23> <CoreInst = "RAM">   --->   Core 82 'RAM' <Latency = 1> <II = 1> <Delay = 1.23> <Storage> <Opcode : 'load' 'store'> <Ports = 2> <Width = 2> <Depth = 512> <RAM>
ST_10 : Operation 142 [1/1] (0.00ns)   --->   "%br_ln0 = br void %if.end42.i"   --->   Operation 142 'br' 'br_ln0' <Predicate = (centre != 255 & !icmp_ln28 & !icmp_ln29 & !icmp_ln30 & !icmp_ln31 & !icmp_ln32 & !icmp_ln33 & !icmp_ln34 & !icmp_ln35) | (centre != 255 & centre != 128)> <Delay = 0.00>


============================================================
+ Verbose Summary: Timing violations
============================================================
Target clock period: 5.000ns, clock uncertainty: 1.350ns.

 <State 1>: 1.664ns
The critical path consists of the following:
	'store' operation ('store_ln25', ../src/hysteresis.cpp:25->../src/hysteresis.cpp:123->../src/canny_top.cpp:33) of constant 1 9 bit on local variable 'column', ../src/hysteresis.cpp:25->../src/hysteresis.cpp:123->../src/canny_top.cpp:33 [11]  (0.427 ns)
	'load' operation 9 bit ('column', ../src/hysteresis.cpp:28->../src/hysteresis.cpp:123->../src/canny_top.cpp:33) on local variable 'column', ../src/hysteresis.cpp:25->../src/hysteresis.cpp:123->../src/canny_top.cpp:33 [14]  (0.000 ns)
	'getelementptr' operation 10 bit ('p_ZN12_GLOBAL_N_110lineBufferILi1EEE_0_addr', ../src/hysteresis.cpp:116->../src/canny_top.cpp:33) [26]  (0.000 ns)
	'load' operation 8 bit ('p_ZN12_GLOBAL_N_110lineBufferILi1EEE_0_load', ../src/hysteresis.cpp:116->../src/canny_top.cpp:33) on array 'p_ZN12_GLOBAL_N_110lineBufferILi1EEE_0' [36]  (1.237 ns)

 <State 2>: 3.632ns
The critical path consists of the following:
	'load' operation 8 bit ('p_ZN12_GLOBAL_N_110lineBufferILi1EEE_0_load', ../src/hysteresis.cpp:116->../src/canny_top.cpp:33) on array 'p_ZN12_GLOBAL_N_110lineBufferILi1EEE_0' [36]  (1.237 ns)
	'select' operation 8 bit ('centre', ../src/hysteresis.cpp:116->../src/canny_top.cpp:33) [38]  (0.393 ns)
	'store' operation ('store_ln119', ../src/hysteresis.cpp:119->../src/canny_top.cpp:33) of constant 3 2 bit on array 'out_hysteresis1' [122]  (1.237 ns)
	blocking operation 0.765 ns on control path)

 <State 3>: 2.395ns
The critical path consists of the following:
	'load' operation 8 bit ('p_ZN12_GLOBAL_N_110lineBufferILi1EEE_0_load_1', ../src/hysteresis.cpp:28->../src/hysteresis.cpp:123->../src/canny_top.cpp:33) on array 'p_ZN12_GLOBAL_N_110lineBufferILi1EEE_0' [55]  (1.237 ns)
	'select' operation 8 bit ('select_ln28', ../src/hysteresis.cpp:28->../src/hysteresis.cpp:123->../src/canny_top.cpp:33) [57]  (0.393 ns)
	'icmp' operation 1 bit ('icmp_ln28', ../src/hysteresis.cpp:28->../src/hysteresis.cpp:123->../src/canny_top.cpp:33) [58]  (0.765 ns)

 <State 4>: 2.395ns
The critical path consists of the following:
	'load' operation 8 bit ('p_ZN12_GLOBAL_N_110lineBufferILi1EEE_0_load_2', ../src/hysteresis.cpp:29->../src/hysteresis.cpp:123->../src/canny_top.cpp:33) on array 'p_ZN12_GLOBAL_N_110lineBufferILi1EEE_0' [61]  (1.237 ns)
	'select' operation 8 bit ('select_ln29', ../src/hysteresis.cpp:29->../src/hysteresis.cpp:123->../src/canny_top.cpp:33) [63]  (0.393 ns)
	'icmp' operation 1 bit ('icmp_ln29', ../src/hysteresis.cpp:29->../src/hysteresis.cpp:123->../src/canny_top.cpp:33) [64]  (0.765 ns)

 <State 5>: 2.395ns
The critical path consists of the following:
	'load' operation 8 bit ('p_ZN12_GLOBAL_N_110lineBufferILi1EEE_0_load_3', ../src/hysteresis.cpp:30->../src/hysteresis.cpp:123->../src/canny_top.cpp:33) on array 'p_ZN12_GLOBAL_N_110lineBufferILi1EEE_0' [81]  (1.237 ns)
	'select' operation 8 bit ('select_ln30', ../src/hysteresis.cpp:30->../src/hysteresis.cpp:123->../src/canny_top.cpp:33) [83]  (0.393 ns)
	'icmp' operation 1 bit ('icmp_ln30', ../src/hysteresis.cpp:30->../src/hysteresis.cpp:123->../src/canny_top.cpp:33) [84]  (0.765 ns)

 <State 6>: 2.395ns
The critical path consists of the following:
	'load' operation 8 bit ('p_ZN12_GLOBAL_N_110lineBufferILi1EEE_0_load_4', ../src/hysteresis.cpp:31->../src/hysteresis.cpp:123->../src/canny_top.cpp:33) on array 'p_ZN12_GLOBAL_N_110lineBufferILi1EEE_0' [87]  (1.237 ns)
	'select' operation 8 bit ('select_ln31', ../src/hysteresis.cpp:31->../src/hysteresis.cpp:123->../src/canny_top.cpp:33) [89]  (0.393 ns)
	'icmp' operation 1 bit ('icmp_ln31', ../src/hysteresis.cpp:31->../src/hysteresis.cpp:123->../src/canny_top.cpp:33) [90]  (0.765 ns)

 <State 7>: 2.395ns
The critical path consists of the following:
	'load' operation 8 bit ('p_ZN12_GLOBAL_N_110lineBufferILi1EEE_0_load_5', ../src/hysteresis.cpp:32->../src/hysteresis.cpp:123->../src/canny_top.cpp:33) on array 'p_ZN12_GLOBAL_N_110lineBufferILi1EEE_0' [93]  (1.237 ns)
	'select' operation 8 bit ('select_ln32', ../src/hysteresis.cpp:32->../src/hysteresis.cpp:123->../src/canny_top.cpp:33) [95]  (0.393 ns)
	'icmp' operation 1 bit ('icmp_ln32', ../src/hysteresis.cpp:32->../src/hysteresis.cpp:123->../src/canny_top.cpp:33) [96]  (0.765 ns)

 <State 8>: 2.395ns
The critical path consists of the following:
	'load' operation 8 bit ('p_ZN12_GLOBAL_N_110lineBufferILi1EEE_0_load_6', ../src/hysteresis.cpp:33->../src/hysteresis.cpp:123->../src/canny_top.cpp:33) on array 'p_ZN12_GLOBAL_N_110lineBufferILi1EEE_0' [99]  (1.237 ns)
	'select' operation 8 bit ('select_ln33', ../src/hysteresis.cpp:33->../src/hysteresis.cpp:123->../src/canny_top.cpp:33) [101]  (0.393 ns)
	'icmp' operation 1 bit ('icmp_ln33', ../src/hysteresis.cpp:33->../src/hysteresis.cpp:123->../src/canny_top.cpp:33) [102]  (0.765 ns)

 <State 9>: 2.395ns
The critical path consists of the following:
	'load' operation 8 bit ('p_ZN12_GLOBAL_N_110lineBufferILi1EEE_0_load_7', ../src/hysteresis.cpp:34->../src/hysteresis.cpp:123->../src/canny_top.cpp:33) on array 'p_ZN12_GLOBAL_N_110lineBufferILi1EEE_0' [105]  (1.237 ns)
	'select' operation 8 bit ('select_ln34', ../src/hysteresis.cpp:34->../src/hysteresis.cpp:123->../src/canny_top.cpp:33) [107]  (0.393 ns)
	'icmp' operation 1 bit ('icmp_ln34', ../src/hysteresis.cpp:34->../src/hysteresis.cpp:123->../src/canny_top.cpp:33) [108]  (0.765 ns)

 <State 10>: 3.632ns
The critical path consists of the following:
	'load' operation 8 bit ('p_ZN12_GLOBAL_N_110lineBufferILi1EEE_0_load_8', ../src/hysteresis.cpp:35->../src/hysteresis.cpp:123->../src/canny_top.cpp:33) on array 'p_ZN12_GLOBAL_N_110lineBufferILi1EEE_0' [111]  (1.237 ns)
	'select' operation 8 bit ('select_ln35', ../src/hysteresis.cpp:35->../src/hysteresis.cpp:123->../src/canny_top.cpp:33) [113]  (0.393 ns)
	'icmp' operation 1 bit ('icmp_ln35', ../src/hysteresis.cpp:35->../src/hysteresis.cpp:123->../src/canny_top.cpp:33) [114]  (0.765 ns)
	'store' operation ('store_ln130', ../src/hysteresis.cpp:130->../src/canny_top.cpp:33) of constant 3 2 bit on array 'out_hysteresis1' [118]  (1.237 ns)


============================================================
+ Verbose Summary: Binding
============================================================
N/A
* FSMD analyzer results:
  - Output states:
 - Input state : 
  - Chain level:
	State 1
	State 2
	State 3
	State 4
	State 5
	State 6
	State 7
	State 8
	State 9
	State 10


============================================================
+ Verbose Summary: Datapath Resource usage 
============================================================
N/A
