

================================================================
== Vitis HLS Report for 'hysteresis_2_Pipeline_VITIS_LOOP_78_2'
================================================================
* Date:           Sat Aug  1 12:52:06 2026

* Version:        2025.2 (Build 6295257 on Nov 14 2025)
* Project:        canny_top
* Solution:       hls (Vitis Kernel Flow Target)
* Product family: zynquplus
* Target device:  xck26-sfvc784-2LV-c


================================================================
== Performance Estimates
================================================================
+ Timing: 
    * Summary: 
    +--------+---------+----------+------------+
    |  Clock |  Target | Estimated| Uncertainty|
    +--------+---------+----------+------------+
    |ap_clk  |  5.00 ns|  2.987 ns|     1.35 ns|
    +--------+---------+----------+------------+

+ Latency: 
    * Summary: 
    +---------+---------+----------+----------+-----+-----+-------------------+
    |  Latency (cycles) |  Latency (absolute) |  Interval |      Pipeline     |
    |   min   |   max   |    min   |    max   | min | max |        Type       |
    +---------+---------+----------+----------+-----+-----+-------------------+
    |      514|      514|  2.570 us|  2.570 us|    0|    0|  loop pipeline stp|
    +---------+---------+----------+----------+-----+-----+-------------------+

    + Detail: 
        * Instance: 
        N/A

        * Loop: 
        +-------------------+---------+---------+----------+-----------+-----------+------+----------+
        |                   |  Latency (cycles) | Iteration|  Initiation Interval  | Trip |          |
        |     Loop Name     |   min   |   max   |  Latency |  achieved |   target  | Count| Pipelined|
        +-------------------+---------+---------+----------+-----------+-----------+------+----------+
        |- VITIS_LOOP_78_2  |      512|      512|         2|          1|          1|   512|       yes|
        +-------------------+---------+---------+----------+-----------+-----------+------+----------+

============================================================
+ Verbose Summary: Synthesis Manager
============================================================
InlineROM: 1
ExposeGlobal: 0
============================================================
+ Verbose Summary: CDFG Model
============================================================
IsTopModel: 0
ResetActiveHigh: 1
IsCombinational: 0
IsDatapathOnly: 0
HasWiredReturn: 1
HasMFsm: 2
HasVarLatency: 1
IsPipeline: 0
IsRtlPipelined: 0
IsInstanceOverlapped: 0
IsDontTouch: 0
HasImplIP: 0
IsGatedGlobalClock: 0

+ Individual pipeline summary: 
  * Pipeline-0: initiation interval (II) = 1, depth = 2


============================================================
+ Verbose Summary: Schedule
============================================================
* Number of FSM states : 2
* Pipeline : 1
  Pipeline-0 : II = 1, D = 2, States = { 1 2 }
* Dataflow Pipeline: 0

* FSM state transitions: 
1 --> 2 
2 --> 

* FSM state operations: 

State 1 <SV = 0> <Delay = 1.64>
ST_1 : Operation 5 [1/1] (0.00ns)   --->   "%column = alloca i32 1" [../src/hysteresis.cpp:78]   --->   Operation 5 'alloca' 'column' <Predicate = true> <Delay = 0.00>
ST_1 : Operation 6 [1/1] (0.00ns)   --->   "%specinterface_ln0 = specinterface void @_ssdm_op_SpecInterface, i8 %hyst1_out, void @empty_11, i32 0, i32 0, void @empty_5, i32 0, i32 0, void @empty_5, void @empty_5, void @empty_5, i32 0, i32 0, i32 0, i32 0, void @empty_5, void @empty_5, i32 4294967295, i32 0, i32 0, i32 0"   --->   Operation 6 'specinterface' 'specinterface_ln0' <Predicate = true> <Delay = 0.00>
ST_1 : Operation 7 [1/1] (0.00ns)   --->   "%tmp = read i2 @_ssdm_op_Read.ap_auto.i2, i2 %empty"   --->   Operation 7 'read' 'tmp' <Predicate = true> <Delay = 0.00>
ST_1 : Operation 8 [1/1] (0.42ns)   --->   "%store_ln78 = store i10 0, i10 %column" [../src/hysteresis.cpp:78]   --->   Operation 8 'store' 'store_ln78' <Predicate = true> <Delay = 0.42>
ST_1 : Operation 9 [1/1] (0.00ns)   --->   "%br_ln78 = br void %for.inc" [../src/hysteresis.cpp:78]   --->   Operation 9 'br' 'br_ln78' <Predicate = true> <Delay = 0.00>
ST_1 : Operation 10 [1/1] (0.00ns)   --->   "%column_9 = load i10 %column" [../src/hysteresis.cpp:78]   --->   Operation 10 'load' 'column_9' <Predicate = true> <Delay = 0.00>
ST_1 : Operation 11 [1/1] (0.78ns)   --->   "%icmp_ln78 = icmp_eq  i10 %column_9, i10 512" [../src/hysteresis.cpp:78]   --->   Operation 11 'icmp' 'icmp_ln78' <Predicate = true> <Delay = 0.78> <CoreInst = "Cmp">   --->   Core 9 'Cmp' <Latency = 0> <II = 1> <Delay = 0.78> <FuncUnit> <Opcode : 'seteq' 'setne' 'setle' 'setge' 'setlt' 'setgt'> <InPorts = 2> <OutPorts = 1>
ST_1 : Operation 12 [1/1] (0.78ns)   --->   "%add_ln78 = add i10 %column_9, i10 1" [../src/hysteresis.cpp:78]   --->   Operation 12 'add' 'add_ln78' <Predicate = true> <Delay = 0.78> <CoreInst = "Adder">   --->   Core 1 'Adder' <Latency = 0> <II = 1> <Delay = 0.78> <FuncUnit> <Opcode : 'add' 'sub'> <InPorts = 2> <OutPorts = 1>
ST_1 : Operation 13 [1/1] (0.00ns)   --->   "%br_ln78 = br i1 %icmp_ln78, void %for.inc.split, void %if.end.loopexit.exitStub" [../src/hysteresis.cpp:78]   --->   Operation 13 'br' 'br_ln78' <Predicate = true> <Delay = 0.00>
ST_1 : Operation 14 [1/1] (0.54ns)   --->   "%switch_ln80 = switch i2 %tmp, void %arrayidx712.case.2, i2 0, void %arrayidx712.case.0, i2 1, void %arrayidx712.case.1" [../src/hysteresis.cpp:80]   --->   Operation 14 'switch' 'switch_ln80' <Predicate = (!icmp_ln78)> <Delay = 0.54>
ST_1 : Operation 15 [1/1] (0.42ns)   --->   "%store_ln78 = store i10 %add_ln78, i10 %column" [../src/hysteresis.cpp:78]   --->   Operation 15 'store' 'store_ln78' <Predicate = (!icmp_ln78)> <Delay = 0.42>
ST_1 : Operation 16 [1/1] (0.00ns)   --->   "%br_ln78 = br void %for.inc" [../src/hysteresis.cpp:78]   --->   Operation 16 'br' 'br_ln78' <Predicate = (!icmp_ln78)> <Delay = 0.00>
ST_1 : Operation 31 [1/1] (0.42ns)   --->   "%ret_ln0 = ret"   --->   Operation 31 'ret' 'ret_ln0' <Predicate = (icmp_ln78)> <Delay = 0.42>

State 2 <SV = 1> <Delay = 2.98>
ST_2 : Operation 17 [1/1] (0.00ns)   --->   "%zext_ln78 = zext i10 %column_9" [../src/hysteresis.cpp:78]   --->   Operation 17 'zext' 'zext_ln78' <Predicate = true> <Delay = 0.00>
ST_2 : Operation 18 [1/1] (0.00ns)   --->   "%specpipeline_ln79 = specpipeline void @_ssdm_op_SpecPipeline, i32 1, i32 0, i32 0, i32 0, i32 4294967295, void @empty_5" [../src/hysteresis.cpp:79]   --->   Operation 18 'specpipeline' 'specpipeline_ln79' <Predicate = true> <Delay = 0.00>
ST_2 : Operation 19 [1/1] (0.00ns)   --->   "%speclooptripcount_ln78 = speclooptripcount void @_ssdm_op_SpecLoopTripCount, i64 512, i64 512, i64 512" [../src/hysteresis.cpp:78]   --->   Operation 19 'speclooptripcount' 'speclooptripcount_ln78' <Predicate = true> <Delay = 0.00>
ST_2 : Operation 20 [1/1] (0.00ns)   --->   "%specloopname_ln78 = specloopname void @_ssdm_op_SpecLoopName, void @empty_4" [../src/hysteresis.cpp:78]   --->   Operation 20 'specloopname' 'specloopname_ln78' <Predicate = true> <Delay = 0.00>
ST_2 : Operation 21 [1/1] ( I:1.75ns O:1.75ns )   --->   "%hyst1_out_read = read i8 @_ssdm_op_Read.ap_fifo.volatile.i8P0A, i8 %hyst1_out" [../src/hysteresis.cpp:80]   --->   Operation 21 'read' 'hyst1_out_read' <Predicate = true> <Delay = 1.75> <CoreInst = "FIFO">   --->   Core 77 'FIFO' <Latency = 0> <II = 1> <Delay = 1.75> <Storage> <Opcode : 'read' 'write' 'nbread' 'nbwrite'> <Ports = 0> <Width = 8> <Depth = 1024> <FIFO>
ST_2 : Operation 22 [1/1] (0.00ns)   --->   "%buffer_addr = getelementptr i8 %buffer_r, i64 0, i64 %zext_ln78" [../src/hysteresis.cpp:80]   --->   Operation 22 'getelementptr' 'buffer_addr' <Predicate = true> <Delay = 0.00>
ST_2 : Operation 23 [1/1] (0.00ns)   --->   "%buffer_1_addr = getelementptr i8 %buffer_1, i64 0, i64 %zext_ln78" [../src/hysteresis.cpp:80]   --->   Operation 23 'getelementptr' 'buffer_1_addr' <Predicate = true> <Delay = 0.00>
ST_2 : Operation 24 [1/1] (0.00ns)   --->   "%buffer_2_addr = getelementptr i8 %buffer_2, i64 0, i64 %zext_ln78" [../src/hysteresis.cpp:80]   --->   Operation 24 'getelementptr' 'buffer_2_addr' <Predicate = true> <Delay = 0.00>
ST_2 : Operation 25 [1/1] ( I:1.23ns O:1.23ns )   --->   "%store_ln80 = store i8 %hyst1_out_read, i9 %buffer_1_addr" [../src/hysteresis.cpp:80]   --->   Operation 25 'store' 'store_ln80' <Predicate = (tmp == 1)> <Delay = 1.23> <CoreInst = "RAM">   --->   Core 82 'RAM' <Latency = 1> <II = 1> <Delay = 1.23> <Storage> <Opcode : 'load' 'store'> <Ports = 2> <Width = 8> <Depth = 512> <RAM>
ST_2 : Operation 26 [1/1] (0.00ns)   --->   "%br_ln80 = br void %arrayidx712.exit" [../src/hysteresis.cpp:80]   --->   Operation 26 'br' 'br_ln80' <Predicate = (tmp == 1)> <Delay = 0.00>
ST_2 : Operation 27 [1/1] ( I:1.23ns O:1.23ns )   --->   "%store_ln80 = store i8 %hyst1_out_read, i9 %buffer_addr" [../src/hysteresis.cpp:80]   --->   Operation 27 'store' 'store_ln80' <Predicate = (tmp == 0)> <Delay = 1.23> <CoreInst = "RAM">   --->   Core 82 'RAM' <Latency = 1> <II = 1> <Delay = 1.23> <Storage> <Opcode : 'load' 'store'> <Ports = 2> <Width = 8> <Depth = 512> <RAM>
ST_2 : Operation 28 [1/1] (0.00ns)   --->   "%br_ln80 = br void %arrayidx712.exit" [../src/hysteresis.cpp:80]   --->   Operation 28 'br' 'br_ln80' <Predicate = (tmp == 0)> <Delay = 0.00>
ST_2 : Operation 29 [1/1] ( I:1.23ns O:1.23ns )   --->   "%store_ln80 = store i8 %hyst1_out_read, i9 %buffer_2_addr" [../src/hysteresis.cpp:80]   --->   Operation 29 'store' 'store_ln80' <Predicate = (tmp != 0 & tmp != 1)> <Delay = 1.23> <CoreInst = "RAM">   --->   Core 82 'RAM' <Latency = 1> <II = 1> <Delay = 1.23> <Storage> <Opcode : 'load' 'store'> <Ports = 2> <Width = 8> <Depth = 512> <RAM>
ST_2 : Operation 30 [1/1] (0.00ns)   --->   "%br_ln80 = br void %arrayidx712.exit" [../src/hysteresis.cpp:80]   --->   Operation 30 'br' 'br_ln80' <Predicate = (tmp != 0 & tmp != 1)> <Delay = 0.00>


============================================================
+ Verbose Summary: Timing violations
============================================================
Target clock period: 5.000ns, clock uncertainty: 1.350ns.

 <State 1>: 1.641ns
The critical path consists of the following:
	'store' operation ('store_ln78', ../src/hysteresis.cpp:78) of constant 0 10 bit on local variable 'column', ../src/hysteresis.cpp:78 [9]  (0.427 ns)
	'load' operation 10 bit ('column', ../src/hysteresis.cpp:78) on local variable 'column', ../src/hysteresis.cpp:78 [12]  (0.000 ns)
	'icmp' operation 1 bit ('icmp_ln78', ../src/hysteresis.cpp:78) [13]  (0.787 ns)
	'store' operation ('store_ln78', ../src/hysteresis.cpp:78) of variable 'add_ln78', ../src/hysteresis.cpp:78 10 bit on local variable 'column', ../src/hysteresis.cpp:78 [36]  (0.427 ns)

 <State 2>: 2.987ns
The critical path consists of the following:
	fifo read operation ('hyst1_out_read', ../src/hysteresis.cpp:80) on port 'hyst1_out' (../src/hysteresis.cpp:80) [21]  (1.750 ns)
	'store' operation ('store_ln80', ../src/hysteresis.cpp:80) of variable 'hyst1_out_read', ../src/hysteresis.cpp:80 8 bit on array 'buffer_r' [30]  (1.237 ns)


============================================================
+ Verbose Summary: Binding
============================================================
N/A
* FSMD analyzer results:
  - Output states:
 - Input state : 
  - Chain level:
	State 1
	State 2


============================================================
+ Verbose Summary: Datapath Resource usage 
============================================================
N/A
