

================================================================
== Vitis HLS Report for 'non_maximum_suppression_Pipeline_VITIS_LOOP_45_1'
================================================================
* Date:           Fri Jul 24 22:33:45 2026

* Version:        2025.2 (Build 6295257 on Nov 14 2025)
* Project:        canny_top
* Solution:       hls (Vitis Kernel Flow Target)
* Product family: zynquplus
* Target device:  xck26-sfvc784-2LV-c


================================================================
== Performance Estimates
================================================================
+ Timing: 
    * Summary: 
    +--------+---------+----------+------------+
    |  Clock |  Target | Estimated| Uncertainty|
    +--------+---------+----------+------------+
    |ap_clk  |  5.00 ns|  2.474 ns|     1.35 ns|
    +--------+---------+----------+------------+

+ Latency: 
    * Summary: 
    +---------+---------+----------+----------+-----+-----+-------------------+
    |  Latency (cycles) |  Latency (absolute) |  Interval |      Pipeline     |
    |   min   |   max   |    min   |    max   | min | max |        Type       |
    +---------+---------+----------+----------+-----+-----+-------------------+
    |      514|      514|  2.570 us|  2.570 us|    0|    0|  loop pipeline stp|
    +---------+---------+----------+----------+-----+-----+-------------------+

    + Detail: 
        * Instance: 
        N/A

        * Loop: 
        +-------------------+---------+---------+----------+-----------+-----------+------+----------+
        |                   |  Latency (cycles) | Iteration|  Initiation Interval  | Trip |          |
        |     Loop Name     |   min   |   max   |  Latency |  achieved |   target  | Count| Pipelined|
        +-------------------+---------+---------+----------+-----------+-----------+------+----------+
        |- VITIS_LOOP_45_1  |      512|      512|         2|          1|          1|   512|       yes|
        +-------------------+---------+---------+----------+-----------+-----------+------+----------+

============================================================
+ Verbose Summary: Synthesis Manager
============================================================
InlineROM: 1
ExposeGlobal: 0
============================================================
+ Verbose Summary: CDFG Model
============================================================
IsTopModel: 0
ResetActiveHigh: 1
IsCombinational: 0
IsDatapathOnly: 0
HasWiredReturn: 1
HasMFsm: 2
HasVarLatency: 1
IsPipeline: 0
IsRtlPipelined: 0
IsInstanceOverlapped: 0
IsDontTouch: 0
HasImplIP: 0
IsGatedGlobalClock: 0

+ Individual pipeline summary: 
  * Pipeline-0: initiation interval (II) = 1, depth = 2


============================================================
+ Verbose Summary: Schedule
============================================================
* Number of FSM states : 2
* Pipeline : 1
  Pipeline-0 : II = 1, D = 2, States = { 1 2 }
* Dataflow Pipeline: 0

* FSM state transitions: 
1 --> 2 
2 --> 

* FSM state operations: 

State 1 <SV = 0> <Delay = 2.45>
ST_1 : Operation 5 [1/1] (0.00ns)   --->   "%column = alloca i32 1" [../src/non_maximum_suppression.cpp:45->../src/canny_top.cpp:32]   --->   Operation 5 'alloca' 'column' <Predicate = true> <Delay = 0.00>
ST_1 : Operation 6 [1/1] (0.00ns)   --->   "%tmp = read i2 @_ssdm_op_Read.ap_auto.i2, i2 %empty"   --->   Operation 6 'read' 'tmp' <Predicate = true> <Delay = 0.00>
ST_1 : Operation 7 [1/1] (0.00ns)   --->   "%zext_ln46_read = read i11 @_ssdm_op_Read.ap_auto.i11, i11 %zext_ln46"   --->   Operation 7 'read' 'zext_ln46_read' <Predicate = true> <Delay = 0.00>
ST_1 : Operation 8 [1/1] (0.42ns)   --->   "%store_ln45 = store i10 0, i10 %column" [../src/non_maximum_suppression.cpp:45->../src/canny_top.cpp:32]   --->   Operation 8 'store' 'store_ln45' <Predicate = true> <Delay = 0.42>
ST_1 : Operation 9 [1/1] (0.00ns)   --->   "%br_ln0 = br void %for.inc.i"   --->   Operation 9 'br' 'br_ln0' <Predicate = true> <Delay = 0.00>
ST_1 : Operation 10 [1/1] (0.00ns)   --->   "%column_3 = load i10 %column" [../src/non_maximum_suppression.cpp:45->../src/canny_top.cpp:32]   --->   Operation 10 'load' 'column_3' <Predicate = true> <Delay = 0.00>
ST_1 : Operation 11 [1/1] (0.78ns)   --->   "%icmp_ln45 = icmp_eq  i10 %column_3, i10 512" [../src/non_maximum_suppression.cpp:45->../src/canny_top.cpp:32]   --->   Operation 11 'icmp' 'icmp_ln45' <Predicate = true> <Delay = 0.78> <CoreInst = "Cmp">   --->   Core 9 'Cmp' <Latency = 0> <II = 1> <Delay = 0.78> <FuncUnit> <Opcode : 'seteq' 'setne' 'setle' 'setge' 'setlt' 'setgt'> <InPorts = 2> <OutPorts = 1>
ST_1 : Operation 12 [1/1] (0.78ns)   --->   "%add_ln45 = add i10 %column_3, i10 1" [../src/non_maximum_suppression.cpp:45->../src/canny_top.cpp:32]   --->   Operation 12 'add' 'add_ln45' <Predicate = true> <Delay = 0.78> <CoreInst = "Adder">   --->   Core 1 'Adder' <Latency = 0> <II = 1> <Delay = 0.78> <FuncUnit> <Opcode : 'add' 'sub'> <InPorts = 2> <OutPorts = 1>
ST_1 : Operation 13 [1/1] (0.00ns)   --->   "%br_ln45 = br i1 %icmp_ln45, void %for.inc.split.i, void %for.end.i.exitStub" [../src/non_maximum_suppression.cpp:45->../src/canny_top.cpp:32]   --->   Operation 13 'br' 'br_ln45' <Predicate = true> <Delay = 0.00>
ST_1 : Operation 14 [1/1] (0.00ns)   --->   "%zext_ln45 = zext i10 %column_3" [../src/non_maximum_suppression.cpp:45->../src/canny_top.cpp:32]   --->   Operation 14 'zext' 'zext_ln45' <Predicate = (!icmp_ln45)> <Delay = 0.00>
ST_1 : Operation 15 [1/1] (0.00ns)   --->   "%trunc_ln45 = trunc i10 %column_3" [../src/non_maximum_suppression.cpp:45->../src/canny_top.cpp:32]   --->   Operation 15 'trunc' 'trunc_ln45' <Predicate = (!icmp_ln45)> <Delay = 0.00>
ST_1 : Operation 16 [1/1] (0.00ns)   --->   "%out_sobel_magnitude_addr = getelementptr i11 %out_sobel_magnitude, i64 0, i64 %zext_ln45" [../src/non_maximum_suppression.cpp:46->../src/canny_top.cpp:32]   --->   Operation 16 'getelementptr' 'out_sobel_magnitude_addr' <Predicate = (!icmp_ln45)> <Delay = 0.00>
ST_1 : Operation 17 [1/1] (0.00ns)   --->   "%out_sobel_direction_addr = getelementptr i2 %out_sobel_direction, i64 0, i64 %zext_ln45" [../src/non_maximum_suppression.cpp:46->../src/canny_top.cpp:32]   --->   Operation 17 'getelementptr' 'out_sobel_direction_addr' <Predicate = (!icmp_ln45)> <Delay = 0.00>
ST_1 : Operation 18 [2/2] (1.23ns)   --->   "%out_sobel_magnitude_load = load i9 %out_sobel_magnitude_addr" [../src/non_maximum_suppression.cpp:46->../src/canny_top.cpp:32]   --->   Operation 18 'load' 'out_sobel_magnitude_load' <Predicate = (!icmp_ln45)> <Delay = 1.23> <CoreInst = "RAM">   --->   Core 82 'RAM' <Latency = 1> <II = 1> <Delay = 1.23> <Storage> <Opcode : 'load' 'store'> <Ports = 2> <Width = 11> <Depth = 512> <RAM>
ST_1 : Operation 19 [2/2] (1.23ns)   --->   "%out_sobel_direction_load = load i9 %out_sobel_direction_addr" [../src/non_maximum_suppression.cpp:46->../src/canny_top.cpp:32]   --->   Operation 19 'load' 'out_sobel_direction_load' <Predicate = (!icmp_ln45)> <Delay = 1.23> <CoreInst = "RAM">   --->   Core 82 'RAM' <Latency = 1> <II = 1> <Delay = 1.23> <Storage> <Opcode : 'load' 'store'> <Ports = 2> <Width = 2> <Depth = 512> <RAM>
ST_1 : Operation 20 [1/1] (0.00ns)   --->   "%br_ln46 = br i1 %trunc_ln45, void %arrayidx418.03.case.0.i, void %arrayidx418.03.case.1.i" [../src/non_maximum_suppression.cpp:46->../src/canny_top.cpp:32]   --->   Operation 20 'br' 'br_ln46' <Predicate = (!icmp_ln45)> <Delay = 0.00>
ST_1 : Operation 21 [1/1] (0.00ns)   --->   "%out_nonmax_addr = getelementptr i11 %out_nonmax, i64 0, i64 %zext_ln45" [../src/non_maximum_suppression.cpp:47->../src/canny_top.cpp:32]   --->   Operation 21 'getelementptr' 'out_nonmax_addr' <Predicate = (!icmp_ln45)> <Delay = 0.00>
ST_1 : Operation 22 [1/1] ( I:1.23ns O:1.23ns )   --->   "%store_ln47 = store i11 0, i9 %out_nonmax_addr" [../src/non_maximum_suppression.cpp:47->../src/canny_top.cpp:32]   --->   Operation 22 'store' 'store_ln47' <Predicate = (!icmp_ln45)> <Delay = 1.23> <CoreInst = "RAM">   --->   Core 82 'RAM' <Latency = 1> <II = 1> <Delay = 1.23> <Storage> <Opcode : 'load' 'store'> <Ports = 2> <Width = 11> <Depth = 512> <RAM>
ST_1 : Operation 23 [1/1] (0.42ns)   --->   "%store_ln45 = store i10 %add_ln45, i10 %column" [../src/non_maximum_suppression.cpp:45->../src/canny_top.cpp:32]   --->   Operation 23 'store' 'store_ln45' <Predicate = (!icmp_ln45)> <Delay = 0.42>
ST_1 : Operation 44 [1/1] (0.42ns)   --->   "%ret_ln0 = ret"   --->   Operation 44 'ret' 'ret_ln0' <Predicate = (icmp_ln45)> <Delay = 0.42>

State 2 <SV = 1> <Delay = 2.47>
ST_2 : Operation 24 [1/1] (0.00ns)   --->   "%zext_ln46_2 = zext i10 %column_3" [../src/non_maximum_suppression.cpp:46->../src/canny_top.cpp:32]   --->   Operation 24 'zext' 'zext_ln46_2' <Predicate = true> <Delay = 0.00>
ST_2 : Operation 25 [1/1] (0.79ns)   --->   "%add_ln46 = add i11 %zext_ln46_read, i11 %zext_ln46_2" [../src/non_maximum_suppression.cpp:46->../src/canny_top.cpp:32]   --->   Operation 25 'add' 'add_ln46' <Predicate = true> <Delay = 0.79> <CoreInst = "Adder">   --->   Core 1 'Adder' <Latency = 0> <II = 1> <Delay = 0.79> <FuncUnit> <Opcode : 'add' 'sub'> <InPorts = 2> <OutPorts = 1>
ST_2 : Operation 26 [1/1] (0.00ns)   --->   "%zext_ln46_3 = zext i11 %add_ln46" [../src/non_maximum_suppression.cpp:46->../src/canny_top.cpp:32]   --->   Operation 26 'zext' 'zext_ln46_3' <Predicate = true> <Delay = 0.00>
ST_2 : Operation 27 [1/1] (0.00ns)   --->   "%p_anonymous_namespace_lineBuffer_direction_addr = getelementptr i2 %p_anonymous_namespace_lineBuffer_direction, i64 0, i64 %zext_ln46_3" [../src/non_maximum_suppression.cpp:46->../src/canny_top.cpp:32]   --->   Operation 27 'getelementptr' 'p_anonymous_namespace_lineBuffer_direction_addr' <Predicate = true> <Delay = 0.00>
ST_2 : Operation 28 [1/1] (0.00ns)   --->   "%specpipeline_ln45 = specpipeline void @_ssdm_op_SpecPipeline, i32 4294967295, i32 0, i32 0, i32 0, i32 4294967295, void @empty_22" [../src/non_maximum_suppression.cpp:45->../src/canny_top.cpp:32]   --->   Operation 28 'specpipeline' 'specpipeline_ln45' <Predicate = true> <Delay = 0.00>
ST_2 : Operation 29 [1/1] (0.00ns)   --->   "%speclooptripcount_ln45 = speclooptripcount void @_ssdm_op_SpecLoopTripCount, i64 512, i64 512, i64 512" [../src/non_maximum_suppression.cpp:45->../src/canny_top.cpp:32]   --->   Operation 29 'speclooptripcount' 'speclooptripcount_ln45' <Predicate = true> <Delay = 0.00>
ST_2 : Operation 30 [1/1] (0.00ns)   --->   "%specloopname_ln45 = specloopname void @_ssdm_op_SpecLoopName, void @empty_11" [../src/non_maximum_suppression.cpp:45->../src/canny_top.cpp:32]   --->   Operation 30 'specloopname' 'specloopname_ln45' <Predicate = true> <Delay = 0.00>
ST_2 : Operation 31 [1/1] (0.00ns)   --->   "%lshr_ln = partselect i8 @_ssdm_op_PartSelect.i8.i10.i32.i32, i10 %column_3, i32 1, i32 8" [../src/non_maximum_suppression.cpp:45->../src/canny_top.cpp:32]   --->   Operation 31 'partselect' 'lshr_ln' <Predicate = true> <Delay = 0.00>
ST_2 : Operation 32 [1/1] (0.00ns)   --->   "%tmp_s = bitconcatenate i10 @_ssdm_op_BitConcatenate.i10.i2.i8, i2 %tmp, i8 %lshr_ln" [../src/non_maximum_suppression.cpp:46->../src/canny_top.cpp:32]   --->   Operation 32 'bitconcatenate' 'tmp_s' <Predicate = true> <Delay = 0.00>
ST_2 : Operation 33 [1/1] (0.00ns)   --->   "%zext_ln46_1 = zext i10 %tmp_s" [../src/non_maximum_suppression.cpp:46->../src/canny_top.cpp:32]   --->   Operation 33 'zext' 'zext_ln46_1' <Predicate = true> <Delay = 0.00>
ST_2 : Operation 34 [1/1] (0.00ns)   --->   "%p_anonymous_namespace_lineBuffer_25_magnitude_0_addr = getelementptr i11 %p_anonymous_namespace_lineBuffer_25_magnitude_0, i64 0, i64 %zext_ln46_1" [../src/non_maximum_suppression.cpp:46->../src/canny_top.cpp:32]   --->   Operation 34 'getelementptr' 'p_anonymous_namespace_lineBuffer_25_magnitude_0_addr' <Predicate = true> <Delay = 0.00>
ST_2 : Operation 35 [1/1] (0.00ns)   --->   "%p_anonymous_namespace_lineBuffer_25_magnitude_1_addr = getelementptr i11 %p_anonymous_namespace_lineBuffer_25_magnitude_1, i64 0, i64 %zext_ln46_1" [../src/non_maximum_suppression.cpp:46->../src/canny_top.cpp:32]   --->   Operation 35 'getelementptr' 'p_anonymous_namespace_lineBuffer_25_magnitude_1_addr' <Predicate = true> <Delay = 0.00>
ST_2 : Operation 36 [1/2] ( I:1.23ns O:1.23ns )   --->   "%out_sobel_magnitude_load = load i9 %out_sobel_magnitude_addr" [../src/non_maximum_suppression.cpp:46->../src/canny_top.cpp:32]   --->   Operation 36 'load' 'out_sobel_magnitude_load' <Predicate = true> <Delay = 1.23> <CoreInst = "RAM">   --->   Core 82 'RAM' <Latency = 1> <II = 1> <Delay = 1.23> <Storage> <Opcode : 'load' 'store'> <Ports = 2> <Width = 11> <Depth = 512> <RAM>
ST_2 : Operation 37 [1/2] ( I:1.23ns O:1.23ns )   --->   "%out_sobel_direction_load = load i9 %out_sobel_direction_addr" [../src/non_maximum_suppression.cpp:46->../src/canny_top.cpp:32]   --->   Operation 37 'load' 'out_sobel_direction_load' <Predicate = true> <Delay = 1.23> <CoreInst = "RAM">   --->   Core 82 'RAM' <Latency = 1> <II = 1> <Delay = 1.23> <Storage> <Opcode : 'load' 'store'> <Ports = 2> <Width = 2> <Depth = 512> <RAM>
ST_2 : Operation 38 [1/1] ( I:1.23ns O:1.23ns )   --->   "%store_ln46 = store i11 %out_sobel_magnitude_load, i10 %p_anonymous_namespace_lineBuffer_25_magnitude_0_addr" [../src/non_maximum_suppression.cpp:46->../src/canny_top.cpp:32]   --->   Operation 38 'store' 'store_ln46' <Predicate = (!trunc_ln45)> <Delay = 1.23> <CoreInst = "RAM">   --->   Core 82 'RAM' <Latency = 1> <II = 1> <Delay = 1.23> <Storage> <Opcode : 'load' 'store'> <Ports = 2> <Width = 11> <Depth = 768> <RAM>
ST_2 : Operation 39 [1/1] (0.00ns)   --->   "%br_ln46 = br void %arrayidx418.03.exit.i" [../src/non_maximum_suppression.cpp:46->../src/canny_top.cpp:32]   --->   Operation 39 'br' 'br_ln46' <Predicate = (!trunc_ln45)> <Delay = 0.00>
ST_2 : Operation 40 [1/1] ( I:1.23ns O:1.23ns )   --->   "%store_ln46 = store i11 %out_sobel_magnitude_load, i10 %p_anonymous_namespace_lineBuffer_25_magnitude_1_addr" [../src/non_maximum_suppression.cpp:46->../src/canny_top.cpp:32]   --->   Operation 40 'store' 'store_ln46' <Predicate = (trunc_ln45)> <Delay = 1.23> <CoreInst = "RAM">   --->   Core 82 'RAM' <Latency = 1> <II = 1> <Delay = 1.23> <Storage> <Opcode : 'load' 'store'> <Ports = 2> <Width = 11> <Depth = 768> <RAM>
ST_2 : Operation 41 [1/1] (0.00ns)   --->   "%br_ln46 = br void %arrayidx418.03.exit.i" [../src/non_maximum_suppression.cpp:46->../src/canny_top.cpp:32]   --->   Operation 41 'br' 'br_ln46' <Predicate = (trunc_ln45)> <Delay = 0.00>
ST_2 : Operation 42 [1/1] ( I:1.23ns O:1.23ns )   --->   "%store_ln46 = store i2 %out_sobel_direction_load, i11 %p_anonymous_namespace_lineBuffer_direction_addr" [../src/non_maximum_suppression.cpp:46->../src/canny_top.cpp:32]   --->   Operation 42 'store' 'store_ln46' <Predicate = true> <Delay = 1.23> <CoreInst = "RAM">   --->   Core 82 'RAM' <Latency = 1> <II = 1> <Delay = 1.23> <Storage> <Opcode : 'load' 'store'> <Ports = 2> <Width = 2> <Depth = 1536> <RAM>
ST_2 : Operation 43 [1/1] (0.00ns)   --->   "%br_ln45 = br void %for.inc.i" [../src/non_maximum_suppression.cpp:45->../src/canny_top.cpp:32]   --->   Operation 43 'br' 'br_ln45' <Predicate = true> <Delay = 0.00>


============================================================
+ Verbose Summary: Timing violations
============================================================
Target clock period: 5.000ns, clock uncertainty: 1.350ns.

 <State 1>: 2.451ns
The critical path consists of the following:
	'store' operation ('store_ln45', ../src/non_maximum_suppression.cpp:45->../src/canny_top.cpp:32) of constant 0 10 bit on local variable 'column', ../src/non_maximum_suppression.cpp:45->../src/canny_top.cpp:32 [12]  (0.427 ns)
	'load' operation 10 bit ('column', ../src/non_maximum_suppression.cpp:45->../src/canny_top.cpp:32) on local variable 'column', ../src/non_maximum_suppression.cpp:45->../src/canny_top.cpp:32 [15]  (0.000 ns)
	'icmp' operation 1 bit ('icmp_ln45', ../src/non_maximum_suppression.cpp:45->../src/canny_top.cpp:32) [16]  (0.787 ns)
	'store' operation ('store_ln47', ../src/non_maximum_suppression.cpp:47->../src/canny_top.cpp:32) of constant 0 11 bit on array 'out_nonmax' [48]  (1.237 ns)

 <State 2>: 2.474ns
The critical path consists of the following:
	'load' operation 11 bit ('out_sobel_magnitude_load', ../src/non_maximum_suppression.cpp:46->../src/canny_top.cpp:32) on array 'out_sobel_magnitude' [36]  (1.237 ns)
	'store' operation ('store_ln46', ../src/non_maximum_suppression.cpp:46->../src/canny_top.cpp:32) of variable 'out_sobel_magnitude_load', ../src/non_maximum_suppression.cpp:46->../src/canny_top.cpp:32 11 bit on array 'p_anonymous_namespace_lineBuffer_25_magnitude_0' [40]  (1.237 ns)


============================================================
+ Verbose Summary: Binding
============================================================
N/A
* FSMD analyzer results:
  - Output states:
 - Input state : 
  - Chain level:
	State 1
	State 2


============================================================
+ Verbose Summary: Datapath Resource usage 
============================================================
N/A
