

================================================================
== Vitis HLS Report for 'non_maximum_suppression_Pipeline_VITIS_LOOP_45_1'
================================================================
* Date:           Sat Jul 25 12:05:04 2026

* Version:        2025.2 (Build 6295257 on Nov 14 2025)
* Project:        canny_top
* Solution:       hls (Vitis Kernel Flow Target)
* Product family: zynquplus
* Target device:  xck26-sfvc784-2LV-c


================================================================
== Performance Estimates
================================================================
+ Timing: 
    * Summary: 
    +--------+---------+----------+------------+
    |  Clock |  Target | Estimated| Uncertainty|
    +--------+---------+----------+------------+
    |ap_clk  |  5.00 ns|  2.474 ns|     1.35 ns|
    +--------+---------+----------+------------+

+ Latency: 
    * Summary: 
    +---------+---------+----------+----------+-----+-----+-------------------+
    |  Latency (cycles) |  Latency (absolute) |  Interval |      Pipeline     |
    |   min   |   max   |    min   |    max   | min | max |        Type       |
    +---------+---------+----------+----------+-----+-----+-------------------+
    |      514|      514|  2.570 us|  2.570 us|    0|    0|  loop pipeline stp|
    +---------+---------+----------+----------+-----+-----+-------------------+

    + Detail: 
        * Instance: 
        N/A

        * Loop: 
        +-------------------+---------+---------+----------+-----------+-----------+------+----------+
        |                   |  Latency (cycles) | Iteration|  Initiation Interval  | Trip |          |
        |     Loop Name     |   min   |   max   |  Latency |  achieved |   target  | Count| Pipelined|
        +-------------------+---------+---------+----------+-----------+-----------+------+----------+
        |- VITIS_LOOP_45_1  |      512|      512|         2|          1|          1|   512|       yes|
        +-------------------+---------+---------+----------+-----------+-----------+------+----------+



================================================================
== Utilization Estimates
================================================================
* Summary: 
+-----------------+---------+------+--------+--------+-----+
|       Name      | BRAM_18K|  DSP |   FF   |   LUT  | URAM|
+-----------------+---------+------+--------+--------+-----+
|DSP              |        -|     -|       -|       -|    -|
|Expression       |        -|     -|       0|      55|    -|
|FIFO             |        -|     -|       -|       -|    -|
|Instance         |        -|     -|       -|       -|    -|
|Memory           |        -|     -|       -|       -|    -|
|Multiplexer      |        -|     -|       0|      36|    -|
|Register         |        -|     -|      24|       -|    -|
+-----------------+---------+------+--------+--------+-----+
|Total            |        0|     0|      24|      91|    0|
+-----------------+---------+------+--------+--------+-----+
|Available        |      288|  1248|  234240|  117120|   64|
+-----------------+---------+------+--------+--------+-----+
|Utilization (%)  |        0|     0|      ~0|      ~0|    0|
+-----------------+---------+------+--------+--------+-----+

+ Detail: 
    * Instance: 
    N/A

    * DSP: 
    N/A

    * Memory: 
    N/A

    * FIFO: 
    N/A

    * Expression: 
    +---------------------+----------+----+---+----+------------+------------+
    |    Variable Name    | Operation| DSP| FF| LUT| Bitwidth P0| Bitwidth P1|
    +---------------------+----------+----+---+----+------------+------------+
    |add_ln45_fu_166_p2   |         +|   0|  0|  17|          10|           1|
    |add_ln46_fu_191_p2   |         +|   0|  0|  18|          11|          11|
    |icmp_ln45_fu_160_p2  |      icmp|   0|  0|  18|          10|          11|
    |ap_enable_pp0        |       xor|   0|  0|   2|           1|           2|
    +---------------------+----------+----+---+----+------------+------------+
    |Total                |          |   0|  0|  55|          32|          25|
    +---------------------+----------+----+---+----+------------+------------+

    * Multiplexer: 
    +---------------------------+----+-----------+-----+-----------+
    |            Name           | LUT| Input Size| Bits| Total Bits|
    +---------------------------+----+-----------+-----+-----------+
    |ap_done_int                |   9|          2|    1|          2|
    |ap_enable_reg_pp0_iter1    |   9|          2|    1|          2|
    |ap_sig_allocacmp_column_3  |   9|          2|   10|         20|
    |column_fu_54               |   9|          2|   10|         20|
    +---------------------------+----+-----------+-----+-----------+
    |Total                      |  36|          8|   22|         44|
    +---------------------------+----+-----------+-----+-----------+

    * Register: 
    +-------------------------+----+----+-----+-----------+
    |           Name          | FF | LUT| Bits| Const Bits|
    +-------------------------+----+----+-----+-----------+
    |ap_CS_fsm                |   1|   0|    1|          0|
    |ap_done_reg              |   1|   0|    1|          0|
    |ap_enable_reg_pp0_iter1  |   1|   0|    1|          0|
    |column_3_reg_240         |  10|   0|   10|          0|
    |column_fu_54             |  10|   0|   10|          0|
    |trunc_ln45_reg_249       |   1|   0|    1|          0|
    +-------------------------+----+----+-----+-----------+
    |Total                    |  24|   0|   24|          0|
    +-------------------------+----+----+-----+-----------+



================================================================
== Interface
================================================================
* Summary: 
+----------------------------------------------------------+-----+-----+------------+--------------------------------------------------+--------------+
|                         RTL Ports                        | Dir | Bits|  Protocol  |                   Source Object                  |    C Type    |
+----------------------------------------------------------+-----+-----+------------+--------------------------------------------------+--------------+
|ap_clk                                                    |   in|    1|  ap_ctrl_hs|  non_maximum_suppression_Pipeline_VITIS_LOOP_45_1|  return value|
|ap_rst                                                    |   in|    1|  ap_ctrl_hs|  non_maximum_suppression_Pipeline_VITIS_LOOP_45_1|  return value|
|ap_start                                                  |   in|    1|  ap_ctrl_hs|  non_maximum_suppression_Pipeline_VITIS_LOOP_45_1|  return value|
|ap_done                                                   |  out|    1|  ap_ctrl_hs|  non_maximum_suppression_Pipeline_VITIS_LOOP_45_1|  return value|
|ap_idle                                                   |  out|    1|  ap_ctrl_hs|  non_maximum_suppression_Pipeline_VITIS_LOOP_45_1|  return value|
|ap_ready                                                  |  out|    1|  ap_ctrl_hs|  non_maximum_suppression_Pipeline_VITIS_LOOP_45_1|  return value|
|out_nonmax_address0                                       |  out|    9|   ap_memory|                                        out_nonmax|         array|
|out_nonmax_ce0                                            |  out|    1|   ap_memory|                                        out_nonmax|         array|
|out_nonmax_we0                                            |  out|    1|   ap_memory|                                        out_nonmax|         array|
|out_nonmax_d0                                             |  out|   11|   ap_memory|                                        out_nonmax|         array|
|zext_ln46                                                 |   in|   11|     ap_none|                                         zext_ln46|        scalar|
|empty                                                     |   in|    2|     ap_none|                                             empty|        scalar|
|out_sobel_magnitude_address0                              |  out|    9|   ap_memory|                               out_sobel_magnitude|         array|
|out_sobel_magnitude_ce0                                   |  out|    1|   ap_memory|                               out_sobel_magnitude|         array|
|out_sobel_magnitude_q0                                    |   in|   11|   ap_memory|                               out_sobel_magnitude|         array|
|out_sobel_direction_address0                              |  out|    9|   ap_memory|                               out_sobel_direction|         array|
|out_sobel_direction_ce0                                   |  out|    1|   ap_memory|                               out_sobel_direction|         array|
|out_sobel_direction_q0                                    |   in|    2|   ap_memory|                               out_sobel_direction|         array|
|p_anonymous_namespace_lineBuffer_direction_address0       |  out|   11|   ap_memory|        p_anonymous_namespace_lineBuffer_direction|         array|
|p_anonymous_namespace_lineBuffer_direction_ce0            |  out|    1|   ap_memory|        p_anonymous_namespace_lineBuffer_direction|         array|
|p_anonymous_namespace_lineBuffer_direction_we0            |  out|    1|   ap_memory|        p_anonymous_namespace_lineBuffer_direction|         array|
|p_anonymous_namespace_lineBuffer_direction_d0             |  out|    2|   ap_memory|        p_anonymous_namespace_lineBuffer_direction|         array|
|p_anonymous_namespace_lineBuffer_25_magnitude_0_address0  |  out|   10|   ap_memory|   p_anonymous_namespace_lineBuffer_25_magnitude_0|         array|
|p_anonymous_namespace_lineBuffer_25_magnitude_0_ce0       |  out|    1|   ap_memory|   p_anonymous_namespace_lineBuffer_25_magnitude_0|         array|
|p_anonymous_namespace_lineBuffer_25_magnitude_0_we0       |  out|    1|   ap_memory|   p_anonymous_namespace_lineBuffer_25_magnitude_0|         array|
|p_anonymous_namespace_lineBuffer_25_magnitude_0_d0        |  out|   11|   ap_memory|   p_anonymous_namespace_lineBuffer_25_magnitude_0|         array|
|p_anonymous_namespace_lineBuffer_25_magnitude_1_address0  |  out|   10|   ap_memory|   p_anonymous_namespace_lineBuffer_25_magnitude_1|         array|
|p_anonymous_namespace_lineBuffer_25_magnitude_1_ce0       |  out|    1|   ap_memory|   p_anonymous_namespace_lineBuffer_25_magnitude_1|         array|
|p_anonymous_namespace_lineBuffer_25_magnitude_1_we0       |  out|    1|   ap_memory|   p_anonymous_namespace_lineBuffer_25_magnitude_1|         array|
|p_anonymous_namespace_lineBuffer_25_magnitude_1_d0        |  out|   11|   ap_memory|   p_anonymous_namespace_lineBuffer_25_magnitude_1|         array|
+----------------------------------------------------------+-----+-----+------------+--------------------------------------------------+--------------+

============================================================
+ Verbose Summary: Synthesis Manager
============================================================
InlineROM: 1
ExposeGlobal: 0
============================================================
+ Verbose Summary: CDFG Model
============================================================
IsTopModel: 0
ResetActiveHigh: 1
IsCombinational: 2
IsDatapathOnly: 2
HasWiredReturn: 1
HasMFsm: 2
HasVarLatency: 1
IsPipeline: 0
IsRtlPipelined: 0
IsInstanceOverlapped: 0
IsDontTouch: 0
HasImplIP: 0
IsGatedGlobalClock: 0

+ Individual pipeline summary: 
  * Pipeline-0: initiation interval (II) = 1, depth = 2


============================================================
+ Verbose Summary: Schedule
============================================================
* Number of FSM states : 2
* Pipeline : 1
  Pipeline-0 : II = 1, D = 2, States = { 1 2 }
* Dataflow Pipeline: 0

* FSM state transitions: 
1 --> 2 
2 --> 

* FSM state operations: 

State 1 <SV = 0> <Delay = 2.45>
ST_1 : Operation 5 [1/1] (0.00ns)   --->   "%column = alloca i32 1" [../src/non_maximum_suppression.cpp:45->../src/canny_top.cpp:32]   --->   Operation 5 'alloca' 'column' <Predicate = true> <Delay = 0.00>
ST_1 : Operation 6 [1/1] (0.00ns)   --->   "%tmp = read i2 @_ssdm_op_Read.ap_auto.i2, i2 %empty"   --->   Operation 6 'read' 'tmp' <Predicate = true> <Delay = 0.00>
ST_1 : Operation 7 [1/1] (0.00ns)   --->   "%zext_ln46_read = read i11 @_ssdm_op_Read.ap_auto.i11, i11 %zext_ln46"   --->   Operation 7 'read' 'zext_ln46_read' <Predicate = true> <Delay = 0.00>
ST_1 : Operation 8 [1/1] (0.42ns)   --->   "%store_ln45 = store i10 0, i10 %column" [../src/non_maximum_suppression.cpp:45->../src/canny_top.cpp:32]   --->   Operation 8 'store' 'store_ln45' <Predicate = true> <Delay = 0.42>
ST_1 : Operation 9 [1/1] (0.00ns)   --->   "%br_ln0 = br void %for.inc.i"   --->   Operation 9 'br' 'br_ln0' <Predicate = true> <Delay = 0.00>
ST_1 : Operation 10 [1/1] (0.00ns)   --->   "%column_3 = load i10 %column" [../src/non_maximum_suppression.cpp:45->../src/canny_top.cpp:32]   --->   Operation 10 'load' 'column_3' <Predicate = true> <Delay = 0.00>
ST_1 : Operation 11 [1/1] (0.78ns)   --->   "%icmp_ln45 = icmp_eq  i10 %column_3, i10 512" [../src/non_maximum_suppression.cpp:45->../src/canny_top.cpp:32]   --->   Operation 11 'icmp' 'icmp_ln45' <Predicate = true> <Delay = 0.78> <CoreInst = "Cmp">   --->   Core 9 'Cmp' <Latency = 0> <II = 1> <Delay = 0.79> <FuncUnit> <Opcode : 'seteq' 'setne' 'setle' 'setge' 'setlt' 'setgt'> <InPorts = 2> <OutPorts = 1>
ST_1 : Operation 12 [1/1] (0.78ns)   --->   "%add_ln45 = add i10 %column_3, i10 1" [../src/non_maximum_suppression.cpp:45->../src/canny_top.cpp:32]   --->   Operation 12 'add' 'add_ln45' <Predicate = true> <Delay = 0.78> <CoreInst = "Adder">   --->   Core 1 'Adder' <Latency = 0> <II = 1> <Delay = 0.78> <FuncUnit> <Opcode : 'add' 'sub'> <InPorts = 2> <OutPorts = 1>
ST_1 : Operation 13 [1/1] (0.00ns)   --->   "%br_ln45 = br i1 %icmp_ln45, void %for.inc.split.i, void %for.end.i.exitStub" [../src/non_maximum_suppression.cpp:45->../src/canny_top.cpp:32]   --->   Operation 13 'br' 'br_ln45' <Predicate = true> <Delay = 0.00>
ST_1 : Operation 14 [1/1] (0.00ns)   --->   "%zext_ln45 = zext i10 %column_3" [../src/non_maximum_suppression.cpp:45->../src/canny_top.cpp:32]   --->   Operation 14 'zext' 'zext_ln45' <Predicate = (!icmp_ln45)> <Delay = 0.00>
ST_1 : Operation 15 [1/1] (0.00ns)   --->   "%trunc_ln45 = trunc i10 %column_3" [../src/non_maximum_suppression.cpp:45->../src/canny_top.cpp:32]   --->   Operation 15 'trunc' 'trunc_ln45' <Predicate = (!icmp_ln45)> <Delay = 0.00>
ST_1 : Operation 16 [1/1] (0.00ns)   --->   "%out_sobel_magnitude_addr = getelementptr i11 %out_sobel_magnitude, i64 0, i64 %zext_ln45" [../src/non_maximum_suppression.cpp:46->../src/canny_top.cpp:32]   --->   Operation 16 'getelementptr' 'out_sobel_magnitude_addr' <Predicate = (!icmp_ln45)> <Delay = 0.00>
ST_1 : Operation 17 [1/1] (0.00ns)   --->   "%out_sobel_direction_addr = getelementptr i2 %out_sobel_direction, i64 0, i64 %zext_ln45" [../src/non_maximum_suppression.cpp:46->../src/canny_top.cpp:32]   --->   Operation 17 'getelementptr' 'out_sobel_direction_addr' <Predicate = (!icmp_ln45)> <Delay = 0.00>
ST_1 : Operation 18 [2/2] (1.23ns)   --->   "%out_sobel_magnitude_load = load i9 %out_sobel_magnitude_addr" [../src/non_maximum_suppression.cpp:46->../src/canny_top.cpp:32]   --->   Operation 18 'load' 'out_sobel_magnitude_load' <Predicate = (!icmp_ln45)> <Delay = 1.23> <CoreInst = "RAM">   --->   Core 82 'RAM' <Latency = 1> <II = 1> <Delay = 1.23> <Storage> <Opcode : 'load' 'store'> <Ports = 2> <Width = 11> <Depth = 512> <RAM>
ST_1 : Operation 19 [2/2] (1.23ns)   --->   "%out_sobel_direction_load = load i9 %out_sobel_direction_addr" [../src/non_maximum_suppression.cpp:46->../src/canny_top.cpp:32]   --->   Operation 19 'load' 'out_sobel_direction_load' <Predicate = (!icmp_ln45)> <Delay = 1.23> <CoreInst = "RAM">   --->   Core 82 'RAM' <Latency = 1> <II = 1> <Delay = 1.23> <Storage> <Opcode : 'load' 'store'> <Ports = 2> <Width = 2> <Depth = 512> <RAM>
ST_1 : Operation 20 [1/1] (0.00ns)   --->   "%br_ln46 = br i1 %trunc_ln45, void %arrayidx418.03.case.0.i, void %arrayidx418.03.case.1.i" [../src/non_maximum_suppression.cpp:46->../src/canny_top.cpp:32]   --->   Operation 20 'br' 'br_ln46' <Predicate = (!icmp_ln45)> <Delay = 0.00>
ST_1 : Operation 21 [1/1] (0.00ns)   --->   "%out_nonmax_addr = getelementptr i11 %out_nonmax, i64 0, i64 %zext_ln45" [../src/non_maximum_suppression.cpp:47->../src/canny_top.cpp:32]   --->   Operation 21 'getelementptr' 'out_nonmax_addr' <Predicate = (!icmp_ln45)> <Delay = 0.00>
ST_1 : Operation 22 [1/1] ( I:1.23ns O:1.23ns )   --->   "%store_ln47 = store i11 0, i9 %out_nonmax_addr" [../src/non_maximum_suppression.cpp:47->../src/canny_top.cpp:32]   --->   Operation 22 'store' 'store_ln47' <Predicate = (!icmp_ln45)> <Delay = 1.23> <CoreInst = "RAM">   --->   Core 82 'RAM' <Latency = 1> <II = 1> <Delay = 1.23> <Storage> <Opcode : 'load' 'store'> <Ports = 2> <Width = 11> <Depth = 512> <RAM>
ST_1 : Operation 23 [1/1] (0.42ns)   --->   "%store_ln45 = store i10 %add_ln45, i10 %column" [../src/non_maximum_suppression.cpp:45->../src/canny_top.cpp:32]   --->   Operation 23 'store' 'store_ln45' <Predicate = (!icmp_ln45)> <Delay = 0.42>
ST_1 : Operation 44 [1/1] (0.42ns)   --->   "%ret_ln0 = ret"   --->   Operation 44 'ret' 'ret_ln0' <Predicate = (icmp_ln45)> <Delay = 0.42>

State 2 <SV = 1> <Delay = 2.47>
ST_2 : Operation 24 [1/1] (0.00ns)   --->   "%zext_ln46_3 = zext i10 %column_3" [../src/non_maximum_suppression.cpp:46->../src/canny_top.cpp:32]   --->   Operation 24 'zext' 'zext_ln46_3' <Predicate = true> <Delay = 0.00>
ST_2 : Operation 25 [1/1] (0.79ns)   --->   "%add_ln46 = add i11 %zext_ln46_read, i11 %zext_ln46_3" [../src/non_maximum_suppression.cpp:46->../src/canny_top.cpp:32]   --->   Operation 25 'add' 'add_ln46' <Predicate = true> <Delay = 0.79> <CoreInst = "Adder">   --->   Core 1 'Adder' <Latency = 0> <II = 1> <Delay = 0.79> <FuncUnit> <Opcode : 'add' 'sub'> <InPorts = 2> <OutPorts = 1>
ST_2 : Operation 26 [1/1] (0.00ns)   --->   "%zext_ln46_4 = zext i11 %add_ln46" [../src/non_maximum_suppression.cpp:46->../src/canny_top.cpp:32]   --->   Operation 26 'zext' 'zext_ln46_4' <Predicate = true> <Delay = 0.00>
ST_2 : Operation 27 [1/1] (0.00ns)   --->   "%p_anonymous_namespace_lineBuffer_direction_addr = getelementptr i2 %p_anonymous_namespace_lineBuffer_direction, i64 0, i64 %zext_ln46_4" [../src/non_maximum_suppression.cpp:46->../src/canny_top.cpp:32]   --->   Operation 27 'getelementptr' 'p_anonymous_namespace_lineBuffer_direction_addr' <Predicate = true> <Delay = 0.00>
ST_2 : Operation 28 [1/1] (0.00ns)   --->   "%specpipeline_ln45 = specpipeline void @_ssdm_op_SpecPipeline, i32 4294967295, i32 0, i32 0, i32 0, i32 4294967295, void @empty" [../src/non_maximum_suppression.cpp:45->../src/canny_top.cpp:32]   --->   Operation 28 'specpipeline' 'specpipeline_ln45' <Predicate = true> <Delay = 0.00>
ST_2 : Operation 29 [1/1] (0.00ns)   --->   "%speclooptripcount_ln45 = speclooptripcount void @_ssdm_op_SpecLoopTripCount, i64 512, i64 512, i64 512" [../src/non_maximum_suppression.cpp:45->../src/canny_top.cpp:32]   --->   Operation 29 'speclooptripcount' 'speclooptripcount_ln45' <Predicate = true> <Delay = 0.00>
ST_2 : Operation 30 [1/1] (0.00ns)   --->   "%specloopname_ln45 = specloopname void @_ssdm_op_SpecLoopName, void @empty_20" [../src/non_maximum_suppression.cpp:45->../src/canny_top.cpp:32]   --->   Operation 30 'specloopname' 'specloopname_ln45' <Predicate = true> <Delay = 0.00>
ST_2 : Operation 31 [1/1] (0.00ns)   --->   "%lshr_ln = partselect i8 @_ssdm_op_PartSelect.i8.i10.i32.i32, i10 %column_3, i32 1, i32 8" [../src/non_maximum_suppression.cpp:45->../src/canny_top.cpp:32]   --->   Operation 31 'partselect' 'lshr_ln' <Predicate = true> <Delay = 0.00>
ST_2 : Operation 32 [1/1] (0.00ns)   --->   "%tmp_s = bitconcatenate i10 @_ssdm_op_BitConcatenate.i10.i2.i8, i2 %tmp, i8 %lshr_ln" [../src/non_maximum_suppression.cpp:46->../src/canny_top.cpp:32]   --->   Operation 32 'bitconcatenate' 'tmp_s' <Predicate = true> <Delay = 0.00>
ST_2 : Operation 33 [1/1] (0.00ns)   --->   "%zext_ln46_1 = zext i10 %tmp_s" [../src/non_maximum_suppression.cpp:46->../src/canny_top.cpp:32]   --->   Operation 33 'zext' 'zext_ln46_1' <Predicate = true> <Delay = 0.00>
ST_2 : Operation 34 [1/1] (0.00ns)   --->   "%p_anonymous_namespace_lineBuffer_25_magnitude_0_addr = getelementptr i11 %p_anonymous_namespace_lineBuffer_25_magnitude_0, i64 0, i64 %zext_ln46_1" [../src/non_maximum_suppression.cpp:46->../src/canny_top.cpp:32]   --->   Operation 34 'getelementptr' 'p_anonymous_namespace_lineBuffer_25_magnitude_0_addr' <Predicate = true> <Delay = 0.00>
ST_2 : Operation 35 [1/1] (0.00ns)   --->   "%p_anonymous_namespace_lineBuffer_25_magnitude_1_addr = getelementptr i11 %p_anonymous_namespace_lineBuffer_25_magnitude_1, i64 0, i64 %zext_ln46_1" [../src/non_maximum_suppression.cpp:46->../src/canny_top.cpp:32]   --->   Operation 35 'getelementptr' 'p_anonymous_namespace_lineBuffer_25_magnitude_1_addr' <Predicate = true> <Delay = 0.00>
ST_2 : Operation 36 [1/2] ( I:1.23ns O:1.23ns )   --->   "%out_sobel_magnitude_load = load i9 %out_sobel_magnitude_addr" [../src/non_maximum_suppression.cpp:46->../src/canny_top.cpp:32]   --->   Operation 36 'load' 'out_sobel_magnitude_load' <Predicate = true> <Delay = 1.23> <CoreInst = "RAM">   --->   Core 82 'RAM' <Latency = 1> <II = 1> <Delay = 1.23> <Storage> <Opcode : 'load' 'store'> <Ports = 2> <Width = 11> <Depth = 512> <RAM>
ST_2 : Operation 37 [1/2] ( I:1.23ns O:1.23ns )   --->   "%out_sobel_direction_load = load i9 %out_sobel_direction_addr" [../src/non_maximum_suppression.cpp:46->../src/canny_top.cpp:32]   --->   Operation 37 'load' 'out_sobel_direction_load' <Predicate = true> <Delay = 1.23> <CoreInst = "RAM">   --->   Core 82 'RAM' <Latency = 1> <II = 1> <Delay = 1.23> <Storage> <Opcode : 'load' 'store'> <Ports = 2> <Width = 2> <Depth = 512> <RAM>
ST_2 : Operation 38 [1/1] ( I:1.23ns O:1.23ns )   --->   "%store_ln46 = store i11 %out_sobel_magnitude_load, i10 %p_anonymous_namespace_lineBuffer_25_magnitude_0_addr" [../src/non_maximum_suppression.cpp:46->../src/canny_top.cpp:32]   --->   Operation 38 'store' 'store_ln46' <Predicate = (!trunc_ln45)> <Delay = 1.23> <CoreInst = "RAM">   --->   Core 82 'RAM' <Latency = 1> <II = 1> <Delay = 1.23> <Storage> <Opcode : 'load' 'store'> <Ports = 2> <Width = 11> <Depth = 768> <RAM>
ST_2 : Operation 39 [1/1] (0.00ns)   --->   "%br_ln46 = br void %arrayidx418.03.exit.i" [../src/non_maximum_suppression.cpp:46->../src/canny_top.cpp:32]   --->   Operation 39 'br' 'br_ln46' <Predicate = (!trunc_ln45)> <Delay = 0.00>
ST_2 : Operation 40 [1/1] ( I:1.23ns O:1.23ns )   --->   "%store_ln46 = store i11 %out_sobel_magnitude_load, i10 %p_anonymous_namespace_lineBuffer_25_magnitude_1_addr" [../src/non_maximum_suppression.cpp:46->../src/canny_top.cpp:32]   --->   Operation 40 'store' 'store_ln46' <Predicate = (trunc_ln45)> <Delay = 1.23> <CoreInst = "RAM">   --->   Core 82 'RAM' <Latency = 1> <II = 1> <Delay = 1.23> <Storage> <Opcode : 'load' 'store'> <Ports = 2> <Width = 11> <Depth = 768> <RAM>
ST_2 : Operation 41 [1/1] (0.00ns)   --->   "%br_ln46 = br void %arrayidx418.03.exit.i" [../src/non_maximum_suppression.cpp:46->../src/canny_top.cpp:32]   --->   Operation 41 'br' 'br_ln46' <Predicate = (trunc_ln45)> <Delay = 0.00>
ST_2 : Operation 42 [1/1] ( I:1.23ns O:1.23ns )   --->   "%store_ln46 = store i2 %out_sobel_direction_load, i11 %p_anonymous_namespace_lineBuffer_direction_addr" [../src/non_maximum_suppression.cpp:46->../src/canny_top.cpp:32]   --->   Operation 42 'store' 'store_ln46' <Predicate = true> <Delay = 1.23> <CoreInst = "RAM">   --->   Core 82 'RAM' <Latency = 1> <II = 1> <Delay = 1.23> <Storage> <Opcode : 'load' 'store'> <Ports = 2> <Width = 2> <Depth = 1536> <RAM>
ST_2 : Operation 43 [1/1] (0.00ns)   --->   "%br_ln45 = br void %for.inc.i" [../src/non_maximum_suppression.cpp:45->../src/canny_top.cpp:32]   --->   Operation 43 'br' 'br_ln45' <Predicate = true> <Delay = 0.00>


============================================================
+ Verbose Summary: Binding
============================================================
STG Binding: 
---------------- STG Properties BEGIN ----------------
- Is combinational: 0
- Is one-state seq: 0
- Is datapath-only: 0
- Is pipelined: 0
- Is top level: 0
Port [ Return ] is wired: 1; IO mode=ap_ctrl_hs:ce=0
Port [ out_nonmax]:  wired=1; compound=1; hidden=0; nouse=0; global=0; static=0; extern=0; dir=1; type=1; pingpong=1; private_global=0; MemPort=[03]; IO mode=ap_memory:ce=0
Port [ zext_ln46]:  wired=1; compound=0; hidden=0; nouse=0; global=0; static=0; extern=0; dir=0; type=0; pingpong=0; private_global=0; IO mode=ap_none:ce=0
Port [ empty]:  wired=1; compound=0; hidden=0; nouse=0; global=0; static=0; extern=0; dir=0; type=0; pingpong=0; private_global=0; IO mode=ap_none:ce=0
Port [ out_sobel_magnitude]:  wired=1; compound=1; hidden=0; nouse=0; global=0; static=0; extern=0; dir=0; type=1; pingpong=1; private_global=0; MemPort=[13]; IO mode=ap_memory:ce=0
Port [ out_sobel_direction]:  wired=1; compound=1; hidden=0; nouse=0; global=0; static=0; extern=0; dir=0; type=1; pingpong=1; private_global=0; MemPort=[13]; IO mode=ap_memory:ce=0
Port [ p_anonymous_namespace_lineBuffer_direction]:  wired=1; compound=1; hidden=0; nouse=0; global=1; static=1; extern=0; dir=1; type=1; pingpong=0; private_global=0; MemPort=[03]; IO mode=ap_memory:ce=0
Port [ p_anonymous_namespace_lineBuffer_25_magnitude_0]:  wired=1; compound=1; hidden=0; nouse=0; global=1; static=1; extern=0; dir=1; type=1; pingpong=0; private_global=0; MemPort=[03]; IO mode=ap_memory:ce=0
Port [ p_anonymous_namespace_lineBuffer_25_magnitude_1]:  wired=1; compound=1; hidden=0; nouse=0; global=1; static=1; extern=0; dir=1; type=1; pingpong=0; private_global=0; MemPort=[03]; IO mode=ap_memory:ce=0
---------------- STG Properties END ------------------

---------------- Datapath Model BEGIN ----------------

<LifeTime>
<method=bitvector/>
column                                               (alloca           ) [ 010]
tmp                                                  (read             ) [ 011]
zext_ln46_read                                       (read             ) [ 011]
store_ln45                                           (store            ) [ 000]
br_ln0                                               (br               ) [ 000]
column_3                                             (load             ) [ 011]
icmp_ln45                                            (icmp             ) [ 010]
add_ln45                                             (add              ) [ 000]
br_ln45                                              (br               ) [ 000]
zext_ln45                                            (zext             ) [ 000]
trunc_ln45                                           (trunc            ) [ 011]
out_sobel_magnitude_addr                             (getelementptr    ) [ 011]
out_sobel_direction_addr                             (getelementptr    ) [ 011]
br_ln46                                              (br               ) [ 000]
out_nonmax_addr                                      (getelementptr    ) [ 000]
store_ln47                                           (store            ) [ 000]
store_ln45                                           (store            ) [ 000]
zext_ln46_3                                          (zext             ) [ 000]
add_ln46                                             (add              ) [ 000]
zext_ln46_4                                          (zext             ) [ 000]
p_anonymous_namespace_lineBuffer_direction_addr      (getelementptr    ) [ 000]
specpipeline_ln45                                    (specpipeline     ) [ 000]
speclooptripcount_ln45                               (speclooptripcount) [ 000]
specloopname_ln45                                    (specloopname     ) [ 000]
lshr_ln                                              (partselect       ) [ 000]
tmp_s                                                (bitconcatenate   ) [ 000]
zext_ln46_1                                          (zext             ) [ 000]
p_anonymous_namespace_lineBuffer_25_magnitude_0_addr (getelementptr    ) [ 000]
p_anonymous_namespace_lineBuffer_25_magnitude_1_addr (getelementptr    ) [ 000]
out_sobel_magnitude_load                             (load             ) [ 000]
out_sobel_direction_load                             (load             ) [ 000]
store_ln46                                           (store            ) [ 000]
br_ln46                                              (br               ) [ 000]
store_ln46                                           (store            ) [ 000]
br_ln46                                              (br               ) [ 000]
store_ln46                                           (store            ) [ 000]
br_ln45                                              (br               ) [ 000]
ret_ln0                                              (ret              ) [ 000]
</LifeTime>

<model>

<comp_list>
<comp id="0" class="1000" name="out_nonmax">
<pin_list>
<pin id="1" dir="1" index="0" bw="1" slack="0"/>
</pin_list>
<bind>
<StgValue><ssdm name="out_nonmax"/><MemPortTyVec>0 3 </MemPortTyVec>
</StgValue>
</bind>
</comp>

<comp id="2" class="1000" name="zext_ln46">
<pin_list>
<pin id="3" dir="1" index="0" bw="1" slack="0"/>
</pin_list>
<bind>
<StgValue><ssdm name="zext_ln46"/></StgValue>
</bind>
</comp>

<comp id="4" class="1000" name="empty">
<pin_list>
<pin id="5" dir="1" index="0" bw="1" slack="0"/>
</pin_list>
<bind>
<StgValue><ssdm name="empty"/></StgValue>
</bind>
</comp>

<comp id="6" class="1000" name="out_sobel_magnitude">
<pin_list>
<pin id="7" dir="1" index="0" bw="1" slack="0"/>
</pin_list>
<bind>
<StgValue><ssdm name="out_sobel_magnitude"/><MemPortTyVec>1 3 </MemPortTyVec>
</StgValue>
</bind>
</comp>

<comp id="8" class="1000" name="out_sobel_direction">
<pin_list>
<pin id="9" dir="1" index="0" bw="1" slack="0"/>
</pin_list>
<bind>
<StgValue><ssdm name="out_sobel_direction"/><MemPortTyVec>1 3 </MemPortTyVec>
</StgValue>
</bind>
</comp>

<comp id="10" class="1000" name="p_anonymous_namespace_lineBuffer_direction">
<pin_list>
<pin id="11" dir="1" index="0" bw="1" slack="0"/>
</pin_list>
<bind>
<StgValue><ssdm name="p_anonymous_namespace_lineBuffer_direction"/><MemPortTyVec>0 3 </MemPortTyVec>
</StgValue>
</bind>
</comp>

<comp id="12" class="1000" name="p_anonymous_namespace_lineBuffer_25_magnitude_0">
<pin_list>
<pin id="13" dir="1" index="0" bw="1" slack="0"/>
</pin_list>
<bind>
<StgValue><ssdm name="p_anonymous_namespace_lineBuffer_25_magnitude_0"/><MemPortTyVec>0 3 </MemPortTyVec>
</StgValue>
</bind>
</comp>

<comp id="14" class="1000" name="p_anonymous_namespace_lineBuffer_25_magnitude_1">
<pin_list>
<pin id="15" dir="1" index="0" bw="1" slack="0"/>
</pin_list>
<bind>
<StgValue><ssdm name="p_anonymous_namespace_lineBuffer_25_magnitude_1"/><MemPortTyVec>0 3 </MemPortTyVec>
</StgValue>
</bind>
</comp>

<comp id="16" class="1001" name="const_16">
<pin_list>
<pin id="17" dir="1" index="0" bw="1" slack="0"/>
</pin_list>
<bind>
<StgValue><ssdm name=""/></StgValue>
</bind>
</comp>

<comp id="18" class="1001" name="const_18">
<pin_list>
<pin id="19" dir="1" index="0" bw="1" slack="0"/>
</pin_list>
<bind>
<StgValue><ssdm name="_ssdm_op_Read.ap_auto.i2"/></StgValue>
</bind>
</comp>

<comp id="20" class="1001" name="const_20">
<pin_list>
<pin id="21" dir="1" index="0" bw="1" slack="0"/>
</pin_list>
<bind>
<StgValue><ssdm name="_ssdm_op_Read.ap_auto.i11"/></StgValue>
</bind>
</comp>

<comp id="22" class="1001" name="const_22">
<pin_list>
<pin id="23" dir="1" index="0" bw="1" slack="0"/>
</pin_list>
<bind>
<StgValue><ssdm name=""/></StgValue>
</bind>
</comp>

<comp id="24" class="1001" name="const_24">
<pin_list>
<pin id="25" dir="1" index="0" bw="1" slack="0"/>
</pin_list>
<bind>
<StgValue><ssdm name=""/></StgValue>
</bind>
</comp>

<comp id="26" class="1001" name="const_26">
<pin_list>
<pin id="27" dir="1" index="0" bw="1" slack="0"/>
</pin_list>
<bind>
<StgValue><ssdm name=""/></StgValue>
</bind>
</comp>

<comp id="28" class="1001" name="const_28">
<pin_list>
<pin id="29" dir="1" index="0" bw="1" slack="0"/>
</pin_list>
<bind>
<StgValue><ssdm name=""/></StgValue>
</bind>
</comp>

<comp id="30" class="1001" name="const_30">
<pin_list>
<pin id="31" dir="1" index="0" bw="1" slack="0"/>
</pin_list>
<bind>
<StgValue><ssdm name=""/></StgValue>
</bind>
</comp>

<comp id="32" class="1001" name="const_32">
<pin_list>
<pin id="33" dir="1" index="0" bw="1" slack="2147483647"/>
</pin_list>
<bind>
<StgValue><ssdm name="_ssdm_op_SpecPipeline"/></StgValue>
</bind>
</comp>

<comp id="34" class="1001" name="const_34">
<pin_list>
<pin id="35" dir="1" index="0" bw="1" slack="2147483647"/>
</pin_list>
<bind>
<StgValue><ssdm name=""/></StgValue>
</bind>
</comp>

<comp id="36" class="1001" name="const_36">
<pin_list>
<pin id="37" dir="1" index="0" bw="1" slack="2147483647"/>
</pin_list>
<bind>
<StgValue><ssdm name=""/></StgValue>
</bind>
</comp>

<comp id="38" class="1001" name="const_38">
<pin_list>
<pin id="39" dir="1" index="0" bw="1" slack="2147483647"/>
</pin_list>
<bind>
<StgValue><ssdm name="empty"/></StgValue>
</bind>
</comp>

<comp id="40" class="1001" name="const_40">
<pin_list>
<pin id="41" dir="1" index="0" bw="1" slack="2147483647"/>
</pin_list>
<bind>
<StgValue><ssdm name="_ssdm_op_SpecLoopTripCount"/></StgValue>
</bind>
</comp>

<comp id="42" class="1001" name="const_42">
<pin_list>
<pin id="43" dir="1" index="0" bw="1" slack="2147483647"/>
</pin_list>
<bind>
<StgValue><ssdm name=""/></StgValue>
</bind>
</comp>

<comp id="44" class="1001" name="const_44">
<pin_list>
<pin id="45" dir="1" index="0" bw="1" slack="2147483647"/>
</pin_list>
<bind>
<StgValue><ssdm name="_ssdm_op_SpecLoopName"/></StgValue>
</bind>
</comp>

<comp id="46" class="1001" name="const_46">
<pin_list>
<pin id="47" dir="1" index="0" bw="1" slack="2147483647"/>
</pin_list>
<bind>
<StgValue><ssdm name="empty_20"/></StgValue>
</bind>
</comp>

<comp id="48" class="1001" name="const_48">
<pin_list>
<pin id="49" dir="1" index="0" bw="1" slack="0"/>
</pin_list>
<bind>
<StgValue><ssdm name="_ssdm_op_PartSelect.i8.i10.i32.i32"/></StgValue>
</bind>
</comp>

<comp id="50" class="1001" name="const_50">
<pin_list>
<pin id="51" dir="1" index="0" bw="1" slack="0"/>
</pin_list>
<bind>
<StgValue><ssdm name=""/></StgValue>
</bind>
</comp>

<comp id="52" class="1001" name="const_52">
<pin_list>
<pin id="53" dir="1" index="0" bw="1" slack="0"/>
</pin_list>
<bind>
<StgValue><ssdm name="_ssdm_op_BitConcatenate.i10.i2.i8"/></StgValue>
</bind>
</comp>

<comp id="54" class="1004" name="column_fu_54">
<pin_list>
<pin id="55" dir="0" index="0" bw="1" slack="0"/>
<pin id="56" dir="1" index="1" bw="10" slack="0"/>
</pin_list>
<bind>
<opcode="alloca(26) " fcode="alloca"/>
<opset="column/1 "/>
</bind>
</comp>

<comp id="58" class="1004" name="tmp_read_fu_58">
<pin_list>
<pin id="59" dir="0" index="0" bw="2" slack="0"/>
<pin id="60" dir="0" index="1" bw="2" slack="0"/>
<pin id="61" dir="1" index="2" bw="2" slack="1"/>
</pin_list>
<bind>
<opcode="read(1150) " fcode="read"/>
<opset="tmp/1 "/>
</bind>
</comp>

<comp id="64" class="1004" name="zext_ln46_read_read_fu_64">
<pin_list>
<pin id="65" dir="0" index="0" bw="11" slack="0"/>
<pin id="66" dir="0" index="1" bw="11" slack="0"/>
<pin id="67" dir="1" index="2" bw="11" slack="1"/>
</pin_list>
<bind>
<opcode="read(1150) " fcode="read"/>
<opset="zext_ln46_read/1 "/>
</bind>
</comp>

<comp id="70" class="1004" name="out_sobel_magnitude_addr_gep_fu_70">
<pin_list>
<pin id="71" dir="0" index="0" bw="11" slack="0"/>
<pin id="72" dir="0" index="1" bw="1" slack="0"/>
<pin id="73" dir="0" index="2" bw="10" slack="0"/>
<pin id="74" dir="1" index="3" bw="9" slack="0"/>
</pin_list>
<bind>
<opcode="getelementptr(29) " fcode="getelementptr"/>
<opset="out_sobel_magnitude_addr/1 "/>
</bind>
</comp>

<comp id="77" class="1004" name="out_sobel_direction_addr_gep_fu_77">
<pin_list>
<pin id="78" dir="0" index="0" bw="2" slack="0"/>
<pin id="79" dir="0" index="1" bw="1" slack="0"/>
<pin id="80" dir="0" index="2" bw="10" slack="0"/>
<pin id="81" dir="1" index="3" bw="9" slack="0"/>
</pin_list>
<bind>
<opcode="getelementptr(29) " fcode="getelementptr"/>
<opset="out_sobel_direction_addr/1 "/>
</bind>
</comp>

<comp id="84" class="1004" name="grp_access_fu_84">
<pin_list>
<pin id="85" dir="0" index="0" bw="9" slack="0"/>
<pin id="86" dir="0" index="1" bw="11" slack="2147483647"/>
<pin id="87" dir="0" index="2" bw="0" slack="2147483647"/>
<pin id="88" dir="1" index="3" bw="11" slack="0"/>
</pin_list>
<bind>
<opcode="load(27) " fcode="load"/>
<opset="out_sobel_magnitude_load/1 "/>
</bind>
</comp>

<comp id="90" class="1004" name="grp_access_fu_90">
<pin_list>
<pin id="91" dir="0" index="0" bw="9" slack="0"/>
<pin id="92" dir="0" index="1" bw="2" slack="2147483647"/>
<pin id="93" dir="0" index="2" bw="0" slack="2147483647"/>
<pin id="94" dir="1" index="3" bw="2" slack="0"/>
</pin_list>
<bind>
<opcode="load(27) " fcode="load"/>
<opset="out_sobel_direction_load/1 "/>
</bind>
</comp>

<comp id="96" class="1004" name="out_nonmax_addr_gep_fu_96">
<pin_list>
<pin id="97" dir="0" index="0" bw="11" slack="0"/>
<pin id="98" dir="0" index="1" bw="1" slack="0"/>
<pin id="99" dir="0" index="2" bw="10" slack="0"/>
<pin id="100" dir="1" index="3" bw="9" slack="0"/>
</pin_list>
<bind>
<opcode="getelementptr(29) " fcode="getelementptr"/>
<opset="out_nonmax_addr/1 "/>
</bind>
</comp>

<comp id="103" class="1004" name="store_ln47_access_fu_103">
<pin_list>
<pin id="104" dir="0" index="0" bw="9" slack="0"/>
<pin id="105" dir="0" index="1" bw="11" slack="0"/>
<pin id="106" dir="0" index="2" bw="0" slack="2147483647"/>
<pin id="107" dir="1" index="3" bw="11" slack="2147483647"/>
</pin_list>
<bind>
<opcode="store(28) " fcode="store"/>
<opset="store_ln47/1 "/>
</bind>
</comp>

<comp id="110" class="1004" name="p_anonymous_namespace_lineBuffer_direction_addr_gep_fu_110">
<pin_list>
<pin id="111" dir="0" index="0" bw="2" slack="0"/>
<pin id="112" dir="0" index="1" bw="1" slack="0"/>
<pin id="113" dir="0" index="2" bw="11" slack="0"/>
<pin id="114" dir="1" index="3" bw="11" slack="0"/>
</pin_list>
<bind>
<opcode="getelementptr(29) " fcode="getelementptr"/>
<opset="p_anonymous_namespace_lineBuffer_direction_addr/2 "/>
</bind>
</comp>

<comp id="117" class="1004" name="p_anonymous_namespace_lineBuffer_25_magnitude_0_addr_gep_fu_117">
<pin_list>
<pin id="118" dir="0" index="0" bw="11" slack="0"/>
<pin id="119" dir="0" index="1" bw="1" slack="0"/>
<pin id="120" dir="0" index="2" bw="10" slack="0"/>
<pin id="121" dir="1" index="3" bw="10" slack="0"/>
</pin_list>
<bind>
<opcode="getelementptr(29) " fcode="getelementptr"/>
<opset="p_anonymous_namespace_lineBuffer_25_magnitude_0_addr/2 "/>
</bind>
</comp>

<comp id="124" class="1004" name="p_anonymous_namespace_lineBuffer_25_magnitude_1_addr_gep_fu_124">
<pin_list>
<pin id="125" dir="0" index="0" bw="11" slack="0"/>
<pin id="126" dir="0" index="1" bw="1" slack="0"/>
<pin id="127" dir="0" index="2" bw="10" slack="0"/>
<pin id="128" dir="1" index="3" bw="10" slack="0"/>
</pin_list>
<bind>
<opcode="getelementptr(29) " fcode="getelementptr"/>
<opset="p_anonymous_namespace_lineBuffer_25_magnitude_1_addr/2 "/>
</bind>
</comp>

<comp id="131" class="1004" name="store_ln46_access_fu_131">
<pin_list>
<pin id="132" dir="0" index="0" bw="10" slack="0"/>
<pin id="133" dir="0" index="1" bw="11" slack="0"/>
<pin id="134" dir="0" index="2" bw="0" slack="2147483647"/>
<pin id="135" dir="1" index="3" bw="11" slack="2147483647"/>
</pin_list>
<bind>
<opcode="store(28) " fcode="store"/>
<opset="store_ln46/2 "/>
</bind>
</comp>

<comp id="138" class="1004" name="store_ln46_access_fu_138">
<pin_list>
<pin id="139" dir="0" index="0" bw="10" slack="0"/>
<pin id="140" dir="0" index="1" bw="11" slack="0"/>
<pin id="141" dir="0" index="2" bw="0" slack="2147483647"/>
<pin id="142" dir="1" index="3" bw="11" slack="2147483647"/>
</pin_list>
<bind>
<opcode="store(28) " fcode="store"/>
<opset="store_ln46/2 "/>
</bind>
</comp>

<comp id="145" class="1004" name="store_ln46_access_fu_145">
<pin_list>
<pin id="146" dir="0" index="0" bw="11" slack="0"/>
<pin id="147" dir="0" index="1" bw="2" slack="0"/>
<pin id="148" dir="0" index="2" bw="0" slack="2147483647"/>
<pin id="149" dir="1" index="3" bw="2" slack="2147483647"/>
</pin_list>
<bind>
<opcode="store(28) " fcode="store"/>
<opset="store_ln46/2 "/>
</bind>
</comp>

<comp id="152" class="1004" name="store_ln45_store_fu_152">
<pin_list>
<pin id="153" dir="0" index="0" bw="1" slack="0"/>
<pin id="154" dir="0" index="1" bw="10" slack="0"/>
<pin id="155" dir="1" index="2" bw="0" slack="2147483647"/>
</pin_list>
<bind>
<opcode="store(28) " fcode="store"/>
<opset="store_ln45/1 "/>
</bind>
</comp>

<comp id="157" class="1004" name="column_3_load_fu_157">
<pin_list>
<pin id="158" dir="0" index="0" bw="10" slack="0"/>
<pin id="159" dir="1" index="1" bw="10" slack="0"/>
</pin_list>
<bind>
<opcode="load(27) " fcode="load"/>
<opset="column_3/1 "/>
</bind>
</comp>

<comp id="160" class="1004" name="icmp_ln45_fu_160">
<pin_list>
<pin id="161" dir="0" index="0" bw="10" slack="0"/>
<pin id="162" dir="0" index="1" bw="10" slack="0"/>
<pin id="163" dir="1" index="2" bw="1" slack="2147483647"/>
</pin_list>
<bind>
<opcode="icmp(45) " fcode="icmp"/>
<opset="icmp_ln45/1 "/>
</bind>
</comp>

<comp id="166" class="1004" name="add_ln45_fu_166">
<pin_list>
<pin id="167" dir="0" index="0" bw="10" slack="0"/>
<pin id="168" dir="0" index="1" bw="1" slack="0"/>
<pin id="169" dir="1" index="2" bw="10" slack="0"/>
</pin_list>
<bind>
<opcode="add(8) " fcode="add"/>
<opset="add_ln45/1 "/>
</bind>
</comp>

<comp id="172" class="1004" name="zext_ln45_fu_172">
<pin_list>
<pin id="173" dir="0" index="0" bw="10" slack="0"/>
<pin id="174" dir="1" index="1" bw="64" slack="0"/>
</pin_list>
<bind>
<opcode="zext(34) " fcode="zext"/>
<opset="zext_ln45/1 "/>
</bind>
</comp>

<comp id="179" class="1004" name="trunc_ln45_fu_179">
<pin_list>
<pin id="180" dir="0" index="0" bw="10" slack="0"/>
<pin id="181" dir="1" index="1" bw="1" slack="1"/>
</pin_list>
<bind>
<opcode="trunc(33) " fcode="trunc"/>
<opset="trunc_ln45/1 "/>
</bind>
</comp>

<comp id="183" class="1004" name="store_ln45_store_fu_183">
<pin_list>
<pin id="184" dir="0" index="0" bw="10" slack="0"/>
<pin id="185" dir="0" index="1" bw="10" slack="0"/>
<pin id="186" dir="1" index="2" bw="0" slack="2147483647"/>
</pin_list>
<bind>
<opcode="store(28) " fcode="store"/>
<opset="store_ln45/1 "/>
</bind>
</comp>

<comp id="188" class="1004" name="zext_ln46_3_fu_188">
<pin_list>
<pin id="189" dir="0" index="0" bw="10" slack="1"/>
<pin id="190" dir="1" index="1" bw="11" slack="0"/>
</pin_list>
<bind>
<opcode="zext(34) " fcode="zext"/>
<opset="zext_ln46_3/2 "/>
</bind>
</comp>

<comp id="191" class="1004" name="add_ln46_fu_191">
<pin_list>
<pin id="192" dir="0" index="0" bw="11" slack="1"/>
<pin id="193" dir="0" index="1" bw="10" slack="0"/>
<pin id="194" dir="1" index="2" bw="11" slack="0"/>
</pin_list>
<bind>
<opcode="add(8) " fcode="add"/>
<opset="add_ln46/2 "/>
</bind>
</comp>

<comp id="196" class="1004" name="zext_ln46_4_fu_196">
<pin_list>
<pin id="197" dir="0" index="0" bw="11" slack="0"/>
<pin id="198" dir="1" index="1" bw="64" slack="0"/>
</pin_list>
<bind>
<opcode="zext(34) " fcode="zext"/>
<opset="zext_ln46_4/2 "/>
</bind>
</comp>

<comp id="201" class="1004" name="lshr_ln_fu_201">
<pin_list>
<pin id="202" dir="0" index="0" bw="8" slack="0"/>
<pin id="203" dir="0" index="1" bw="10" slack="1"/>
<pin id="204" dir="0" index="2" bw="1" slack="0"/>
<pin id="205" dir="0" index="3" bw="5" slack="0"/>
<pin id="206" dir="1" index="4" bw="8" slack="0"/>
</pin_list>
<bind>
<opcode="partselect(1002) " fcode="partselect"/>
<opset="lshr_ln/2 "/>
</bind>
</comp>

<comp id="210" class="1004" name="tmp_s_fu_210">
<pin_list>
<pin id="211" dir="0" index="0" bw="10" slack="0"/>
<pin id="212" dir="0" index="1" bw="2" slack="1"/>
<pin id="213" dir="0" index="2" bw="8" slack="0"/>
<pin id="214" dir="1" index="3" bw="10" slack="0"/>
</pin_list>
<bind>
<opcode="bitconcatenate(1004) " fcode="bitconcatenate"/>
<opset="tmp_s/2 "/>
</bind>
</comp>

<comp id="217" class="1004" name="zext_ln46_1_fu_217">
<pin_list>
<pin id="218" dir="0" index="0" bw="10" slack="0"/>
<pin id="219" dir="1" index="1" bw="64" slack="0"/>
</pin_list>
<bind>
<opcode="zext(34) " fcode="zext"/>
<opset="zext_ln46_1/2 "/>
</bind>
</comp>

<comp id="223" class="1005" name="column_reg_223">
<pin_list>
<pin id="224" dir="0" index="0" bw="10" slack="0"/>
<pin id="225" dir="1" index="1" bw="10" slack="0"/>
</pin_list>
<bind>
<opset="column "/>
</bind>
</comp>

<comp id="230" class="1005" name="tmp_reg_230">
<pin_list>
<pin id="231" dir="0" index="0" bw="2" slack="1"/>
<pin id="232" dir="1" index="1" bw="2" slack="1"/>
</pin_list>
<bind>
<opset="tmp "/>
</bind>
</comp>

<comp id="235" class="1005" name="zext_ln46_read_reg_235">
<pin_list>
<pin id="236" dir="0" index="0" bw="11" slack="1"/>
<pin id="237" dir="1" index="1" bw="11" slack="1"/>
</pin_list>
<bind>
<opset="zext_ln46_read "/>
</bind>
</comp>

<comp id="240" class="1005" name="column_3_reg_240">
<pin_list>
<pin id="241" dir="0" index="0" bw="10" slack="1"/>
<pin id="242" dir="1" index="1" bw="10" slack="1"/>
</pin_list>
<bind>
<opset="column_3 "/>
</bind>
</comp>

<comp id="249" class="1005" name="trunc_ln45_reg_249">
<pin_list>
<pin id="250" dir="0" index="0" bw="1" slack="1"/>
<pin id="251" dir="1" index="1" bw="1" slack="2147483647"/>
</pin_list>
<bind>
<opset="trunc_ln45 "/>
</bind>
</comp>

<comp id="253" class="1005" name="out_sobel_magnitude_addr_reg_253">
<pin_list>
<pin id="254" dir="0" index="0" bw="9" slack="1"/>
<pin id="255" dir="1" index="1" bw="9" slack="1"/>
</pin_list>
<bind>
<opset="out_sobel_magnitude_addr "/>
</bind>
</comp>

<comp id="258" class="1005" name="out_sobel_direction_addr_reg_258">
<pin_list>
<pin id="259" dir="0" index="0" bw="9" slack="1"/>
<pin id="260" dir="1" index="1" bw="9" slack="1"/>
</pin_list>
<bind>
<opset="out_sobel_direction_addr "/>
</bind>
</comp>

</comp_list>

<net_list>
<net id="57"><net_src comp="16" pin="0"/><net_sink comp="54" pin=0"/></net>

<net id="62"><net_src comp="18" pin="0"/><net_sink comp="58" pin=0"/></net>

<net id="63"><net_src comp="4" pin="0"/><net_sink comp="58" pin=1"/></net>

<net id="68"><net_src comp="20" pin="0"/><net_sink comp="64" pin=0"/></net>

<net id="69"><net_src comp="2" pin="0"/><net_sink comp="64" pin=1"/></net>

<net id="75"><net_src comp="6" pin="0"/><net_sink comp="70" pin=0"/></net>

<net id="76"><net_src comp="28" pin="0"/><net_sink comp="70" pin=1"/></net>

<net id="82"><net_src comp="8" pin="0"/><net_sink comp="77" pin=0"/></net>

<net id="83"><net_src comp="28" pin="0"/><net_sink comp="77" pin=1"/></net>

<net id="89"><net_src comp="70" pin="3"/><net_sink comp="84" pin=0"/></net>

<net id="95"><net_src comp="77" pin="3"/><net_sink comp="90" pin=0"/></net>

<net id="101"><net_src comp="0" pin="0"/><net_sink comp="96" pin=0"/></net>

<net id="102"><net_src comp="28" pin="0"/><net_sink comp="96" pin=1"/></net>

<net id="108"><net_src comp="30" pin="0"/><net_sink comp="103" pin=1"/></net>

<net id="109"><net_src comp="96" pin="3"/><net_sink comp="103" pin=0"/></net>

<net id="115"><net_src comp="10" pin="0"/><net_sink comp="110" pin=0"/></net>

<net id="116"><net_src comp="28" pin="0"/><net_sink comp="110" pin=1"/></net>

<net id="122"><net_src comp="12" pin="0"/><net_sink comp="117" pin=0"/></net>

<net id="123"><net_src comp="28" pin="0"/><net_sink comp="117" pin=1"/></net>

<net id="129"><net_src comp="14" pin="0"/><net_sink comp="124" pin=0"/></net>

<net id="130"><net_src comp="28" pin="0"/><net_sink comp="124" pin=1"/></net>

<net id="136"><net_src comp="84" pin="3"/><net_sink comp="131" pin=1"/></net>

<net id="137"><net_src comp="117" pin="3"/><net_sink comp="131" pin=0"/></net>

<net id="143"><net_src comp="84" pin="3"/><net_sink comp="138" pin=1"/></net>

<net id="144"><net_src comp="124" pin="3"/><net_sink comp="138" pin=0"/></net>

<net id="150"><net_src comp="90" pin="3"/><net_sink comp="145" pin=1"/></net>

<net id="151"><net_src comp="110" pin="3"/><net_sink comp="145" pin=0"/></net>

<net id="156"><net_src comp="22" pin="0"/><net_sink comp="152" pin=0"/></net>

<net id="164"><net_src comp="157" pin="1"/><net_sink comp="160" pin=0"/></net>

<net id="165"><net_src comp="24" pin="0"/><net_sink comp="160" pin=1"/></net>

<net id="170"><net_src comp="157" pin="1"/><net_sink comp="166" pin=0"/></net>

<net id="171"><net_src comp="26" pin="0"/><net_sink comp="166" pin=1"/></net>

<net id="175"><net_src comp="157" pin="1"/><net_sink comp="172" pin=0"/></net>

<net id="176"><net_src comp="172" pin="1"/><net_sink comp="70" pin=2"/></net>

<net id="177"><net_src comp="172" pin="1"/><net_sink comp="77" pin=2"/></net>

<net id="178"><net_src comp="172" pin="1"/><net_sink comp="96" pin=2"/></net>

<net id="182"><net_src comp="157" pin="1"/><net_sink comp="179" pin=0"/></net>

<net id="187"><net_src comp="166" pin="2"/><net_sink comp="183" pin=0"/></net>

<net id="195"><net_src comp="188" pin="1"/><net_sink comp="191" pin=1"/></net>

<net id="199"><net_src comp="191" pin="2"/><net_sink comp="196" pin=0"/></net>

<net id="200"><net_src comp="196" pin="1"/><net_sink comp="110" pin=2"/></net>

<net id="207"><net_src comp="48" pin="0"/><net_sink comp="201" pin=0"/></net>

<net id="208"><net_src comp="16" pin="0"/><net_sink comp="201" pin=2"/></net>

<net id="209"><net_src comp="50" pin="0"/><net_sink comp="201" pin=3"/></net>

<net id="215"><net_src comp="52" pin="0"/><net_sink comp="210" pin=0"/></net>

<net id="216"><net_src comp="201" pin="4"/><net_sink comp="210" pin=2"/></net>

<net id="220"><net_src comp="210" pin="3"/><net_sink comp="217" pin=0"/></net>

<net id="221"><net_src comp="217" pin="1"/><net_sink comp="117" pin=2"/></net>

<net id="222"><net_src comp="217" pin="1"/><net_sink comp="124" pin=2"/></net>

<net id="226"><net_src comp="54" pin="1"/><net_sink comp="223" pin=0"/></net>

<net id="227"><net_src comp="223" pin="1"/><net_sink comp="152" pin=1"/></net>

<net id="228"><net_src comp="223" pin="1"/><net_sink comp="157" pin=0"/></net>

<net id="229"><net_src comp="223" pin="1"/><net_sink comp="183" pin=1"/></net>

<net id="233"><net_src comp="58" pin="2"/><net_sink comp="230" pin=0"/></net>

<net id="234"><net_src comp="230" pin="1"/><net_sink comp="210" pin=1"/></net>

<net id="238"><net_src comp="64" pin="2"/><net_sink comp="235" pin=0"/></net>

<net id="239"><net_src comp="235" pin="1"/><net_sink comp="191" pin=0"/></net>

<net id="243"><net_src comp="157" pin="1"/><net_sink comp="240" pin=0"/></net>

<net id="244"><net_src comp="240" pin="1"/><net_sink comp="188" pin=0"/></net>

<net id="245"><net_src comp="240" pin="1"/><net_sink comp="201" pin=1"/></net>

<net id="252"><net_src comp="179" pin="1"/><net_sink comp="249" pin=0"/></net>

<net id="256"><net_src comp="70" pin="3"/><net_sink comp="253" pin=0"/></net>

<net id="257"><net_src comp="253" pin="1"/><net_sink comp="84" pin=0"/></net>

<net id="261"><net_src comp="77" pin="3"/><net_sink comp="258" pin=0"/></net>

<net id="262"><net_src comp="258" pin="1"/><net_sink comp="90" pin=0"/></net>

</net_list>

</model> 
---------------- Datapath Model END ------------------

* FSMD analyzer results:
  - Output states:
	Port: out_nonmax | {1 }
	Port: out_sobel_magnitude | {}
	Port: out_sobel_direction | {}
	Port: p_anonymous_namespace_lineBuffer_direction | {2 }
	Port: p_anonymous_namespace_lineBuffer_25_magnitude_0 | {2 }
	Port: p_anonymous_namespace_lineBuffer_25_magnitude_1 | {2 }
 - Input state : 
	Port: non_maximum_suppression_Pipeline_VITIS_LOOP_45_1 : out_nonmax | {}
	Port: non_maximum_suppression_Pipeline_VITIS_LOOP_45_1 : zext_ln46 | {1 }
	Port: non_maximum_suppression_Pipeline_VITIS_LOOP_45_1 : empty | {1 }
	Port: non_maximum_suppression_Pipeline_VITIS_LOOP_45_1 : out_sobel_magnitude | {1 2 }
	Port: non_maximum_suppression_Pipeline_VITIS_LOOP_45_1 : out_sobel_direction | {1 2 }
	Port: non_maximum_suppression_Pipeline_VITIS_LOOP_45_1 : p_anonymous_namespace_lineBuffer_direction | {}
	Port: non_maximum_suppression_Pipeline_VITIS_LOOP_45_1 : p_anonymous_namespace_lineBuffer_25_magnitude_0 | {}
	Port: non_maximum_suppression_Pipeline_VITIS_LOOP_45_1 : p_anonymous_namespace_lineBuffer_25_magnitude_1 | {}
  - Chain level:
	State 1
		store_ln45 : 1
		column_3 : 1
		icmp_ln45 : 2
		add_ln45 : 2
		br_ln45 : 3
		zext_ln45 : 2
		trunc_ln45 : 2
		out_sobel_magnitude_addr : 3
		out_sobel_direction_addr : 3
		out_sobel_magnitude_load : 4
		out_sobel_direction_load : 4
		br_ln46 : 3
		out_nonmax_addr : 3
		store_ln47 : 4
		store_ln45 : 3
	State 2
		add_ln46 : 1
		zext_ln46_4 : 2
		p_anonymous_namespace_lineBuffer_direction_addr : 3
		tmp_s : 1
		zext_ln46_1 : 2
		p_anonymous_namespace_lineBuffer_25_magnitude_0_addr : 3
		p_anonymous_namespace_lineBuffer_25_magnitude_1_addr : 3
		store_ln46 : 4
		store_ln46 : 4
		store_ln46 : 4


============================================================
+ Verbose Summary: Datapath Resource usage 
============================================================

* Functional unit list:
|----------|---------------------------|---------|---------|
| Operation|      Functional Unit      |    FF   |   LUT   |
|----------|---------------------------|---------|---------|
|    add   |      add_ln45_fu_166      |    0    |    17   |
|          |      add_ln46_fu_191      |    0    |    18   |
|----------|---------------------------|---------|---------|
|   icmp   |      icmp_ln45_fu_160     |    0    |    17   |
|----------|---------------------------|---------|---------|
|   read   |       tmp_read_fu_58      |    0    |    0    |
|          | zext_ln46_read_read_fu_64 |    0    |    0    |
|----------|---------------------------|---------|---------|
|          |      zext_ln45_fu_172     |    0    |    0    |
|   zext   |     zext_ln46_3_fu_188    |    0    |    0    |
|          |     zext_ln46_4_fu_196    |    0    |    0    |
|          |     zext_ln46_1_fu_217    |    0    |    0    |
|----------|---------------------------|---------|---------|
|   trunc  |     trunc_ln45_fu_179     |    0    |    0    |
|----------|---------------------------|---------|---------|
|partselect|       lshr_ln_fu_201      |    0    |    0    |
|----------|---------------------------|---------|---------|
|bitconcatenate|        tmp_s_fu_210       |    0    |    0    |
|----------|---------------------------|---------|---------|
|   Total  |                           |    0    |    52   |
|----------|---------------------------|---------|---------|

Memories:
N/A

* Register list:
+--------------------------------+--------+
|                                |   FF   |
+--------------------------------+--------+
|        column_3_reg_240        |   10   |
|         column_reg_223         |   10   |
|out_sobel_direction_addr_reg_258|    9   |
|out_sobel_magnitude_addr_reg_253|    9   |
|           tmp_reg_230          |    2   |
|       trunc_ln45_reg_249       |    1   |
|     zext_ln46_read_reg_235     |   11   |
+--------------------------------+--------+
|              Total             |   52   |
+--------------------------------+--------+

* Multiplexer (MUX) list: 
|------------------|------|------|------|--------||---------||---------||---------|
|       Comp       |  Pin | Size |  BW  | S x BW ||  Delay  ||    FF   ||   LUT   |
|------------------|------|------|------|--------||---------||---------||---------|
| grp_access_fu_84 |  p0  |   2  |   9  |   18   ||    0    ||    9    |
| grp_access_fu_90 |  p0  |   2  |   9  |   18   ||    0    ||    9    |
|------------------|------|------|------|--------||---------||---------||---------|
|       Total      |      |      |      |   36   ||  0.854  ||    0    ||    18   |
|------------------|------|------|------|--------||---------||---------||---------|



* Summary:
+-----------+--------+--------+--------+
|           |  Delay |   FF   |   LUT  |
+-----------+--------+--------+--------+
|  Function |    -   |    0   |   52   |
|   Memory  |    -   |    -   |    -   |
|Multiplexer|    0   |    0   |   18   |
|  Register |    -   |   52   |    -   |
+-----------+--------+--------+--------+
|   Total   |    0   |   52   |   70   |
+-----------+--------+--------+--------+
