

================================================================
== Vitis HLS Report for 'non_maximum_suppression_Pipeline_VITIS_LOOP_57_1'
================================================================
* Date:           Wed Jul 29 23:33:24 2026

* Version:        2025.2 (Build 6295257 on Nov 14 2025)
* Project:        canny_top
* Solution:       hls (Vitis Kernel Flow Target)
* Product family: zynquplus
* Target device:  xck26-sfvc784-2LV-c


================================================================
== Performance Estimates
================================================================
+ Timing: 
    * Summary: 
    +--------+---------+----------+------------+
    |  Clock |  Target | Estimated| Uncertainty|
    +--------+---------+----------+------------+
    |ap_clk  |  5.00 ns|  2.474 ns|     1.35 ns|
    +--------+---------+----------+------------+

+ Latency: 
    * Summary: 
    +---------+---------+----------+----------+-----+-----+-------------------+
    |  Latency (cycles) |  Latency (absolute) |  Interval |      Pipeline     |
    |   min   |   max   |    min   |    max   | min | max |        Type       |
    +---------+---------+----------+----------+-----+-----+-------------------+
    |      514|      514|  2.570 us|  2.570 us|    0|    0|  loop pipeline stp|
    +---------+---------+----------+----------+-----+-----+-------------------+

    + Detail: 
        * Instance: 
        N/A

        * Loop: 
        +-------------------+---------+---------+----------+-----------+-----------+------+----------+
        |                   |  Latency (cycles) | Iteration|  Initiation Interval  | Trip |          |
        |     Loop Name     |   min   |   max   |  Latency |  achieved |   target  | Count| Pipelined|
        +-------------------+---------+---------+----------+-----------+-----------+------+----------+
        |- VITIS_LOOP_57_1  |      512|      512|         2|          1|          1|   512|       yes|
        +-------------------+---------+---------+----------+-----------+-----------+------+----------+



================================================================
== Utilization Estimates
================================================================
* Summary: 
+-----------------+---------+------+--------+--------+-----+
|       Name      | BRAM_18K|  DSP |   FF   |   LUT  | URAM|
+-----------------+---------+------+--------+--------+-----+
|DSP              |        -|     -|       -|       -|    -|
|Expression       |        -|     -|       0|      37|    -|
|FIFO             |        -|     -|       -|       -|    -|
|Instance         |        -|     -|       -|       -|    -|
|Memory           |        -|     -|       -|       -|    -|
|Multiplexer      |        -|     -|       0|      36|    -|
|Register         |        -|     -|      67|       -|    -|
+-----------------+---------+------+--------+--------+-----+
|Total            |        0|     0|      67|      73|    0|
+-----------------+---------+------+--------+--------+-----+
|Available        |      288|  1248|  234240|  117120|   64|
+-----------------+---------+------+--------+--------+-----+
|Utilization (%)  |        0|     0|      ~0|      ~0|    0|
+-----------------+---------+------+--------+--------+-----+

+ Detail: 
    * Instance: 
    N/A

    * DSP: 
    N/A

    * Memory: 
    N/A

    * FIFO: 
    N/A

    * Expression: 
    +---------------------+----------+----+---+----+------------+------------+
    |    Variable Name    | Operation| DSP| FF| LUT| Bitwidth P0| Bitwidth P1|
    +---------------------+----------+----+---+----+------------+------------+
    |add_ln57_fu_180_p2   |         +|   0|  0|  17|          10|           1|
    |icmp_ln57_fu_174_p2  |      icmp|   0|  0|  18|          10|          11|
    |ap_enable_pp0        |       xor|   0|  0|   2|           1|           2|
    +---------------------+----------+----+---+----+------------+------------+
    |Total                |          |   0|  0|  37|          21|          14|
    +---------------------+----------+----+---+----+------------+------------+

    * Multiplexer: 
    +---------------------------+----+-----------+-----+-----------+
    |            Name           | LUT| Input Size| Bits| Total Bits|
    +---------------------------+----+-----------+-----+-----------+
    |ap_done_int                |   9|          2|    1|          2|
    |ap_enable_reg_pp0_iter1    |   9|          2|    1|          2|
    |ap_sig_allocacmp_column_3  |   9|          2|   10|         20|
    |column_fu_52               |   9|          2|   10|         20|
    +---------------------------+----+-----------+-----+-----------+
    |Total                      |  36|          8|   22|         44|
    +---------------------------+----+-----------+-----+-----------+

    * Register: 
    +-----------------------------------------------------------+----+----+-----+-----------+
    |                            Name                           | FF | LUT| Bits| Const Bits|
    +-----------------------------------------------------------+----+----+-----+-----------+
    |ap_CS_fsm                                                  |   1|   0|    1|          0|
    |ap_done_reg                                                |   1|   0|    1|          0|
    |ap_enable_reg_pp0_iter1                                    |   1|   0|    1|          0|
    |column_fu_52                                               |  10|   0|   10|          0|
    |p_anonymous_namespace_lineBuffer_direction_0_addr_reg_252  |   9|   0|    9|          0|
    |p_anonymous_namespace_lineBuffer_direction_1_addr_reg_257  |   9|   0|    9|          0|
    |p_anonymous_namespace_lineBuffer_direction_2_addr_reg_262  |   9|   0|    9|          0|
    |p_anonymous_namespace_lineBuffer_magnitude_0_addr_reg_237  |   9|   0|    9|          0|
    |p_anonymous_namespace_lineBuffer_magnitude_1_addr_reg_242  |   9|   0|    9|          0|
    |p_anonymous_namespace_lineBuffer_magnitude_2_addr_reg_247  |   9|   0|    9|          0|
    +-----------------------------------------------------------+----+----+-----+-----------+
    |Total                                                      |  67|   0|   67|          0|
    +-----------------------------------------------------------+----+----+-----+-----------+



================================================================
== Interface
================================================================
* Summary: 
+-------------------------------------------------------+-----+-----+------------+--------------------------------------------------+--------------+
|                       RTL Ports                       | Dir | Bits|  Protocol  |                   Source Object                  |    C Type    |
+-------------------------------------------------------+-----+-----+------------+--------------------------------------------------+--------------+
|ap_clk                                                 |   in|    1|  ap_ctrl_hs|  non_maximum_suppression_Pipeline_VITIS_LOOP_57_1|  return value|
|ap_rst                                                 |   in|    1|  ap_ctrl_hs|  non_maximum_suppression_Pipeline_VITIS_LOOP_57_1|  return value|
|ap_start                                               |   in|    1|  ap_ctrl_hs|  non_maximum_suppression_Pipeline_VITIS_LOOP_57_1|  return value|
|ap_done                                                |  out|    1|  ap_ctrl_hs|  non_maximum_suppression_Pipeline_VITIS_LOOP_57_1|  return value|
|ap_idle                                                |  out|    1|  ap_ctrl_hs|  non_maximum_suppression_Pipeline_VITIS_LOOP_57_1|  return value|
|ap_ready                                               |  out|    1|  ap_ctrl_hs|  non_maximum_suppression_Pipeline_VITIS_LOOP_57_1|  return value|
|out_sobel_magnitude_address0                           |  out|    9|   ap_memory|                               out_sobel_magnitude|         array|
|out_sobel_magnitude_ce0                                |  out|    1|   ap_memory|                               out_sobel_magnitude|         array|
|out_sobel_magnitude_q0                                 |   in|   11|   ap_memory|                               out_sobel_magnitude|         array|
|out_sobel_direction_address0                           |  out|    9|   ap_memory|                               out_sobel_direction|         array|
|out_sobel_direction_ce0                                |  out|    1|   ap_memory|                               out_sobel_direction|         array|
|out_sobel_direction_q0                                 |   in|    2|   ap_memory|                               out_sobel_direction|         array|
|empty                                                  |   in|    3|     ap_none|                                             empty|        scalar|
|p_anonymous_namespace_lineBuffer_magnitude_0_address0  |  out|    9|   ap_memory|      p_anonymous_namespace_lineBuffer_magnitude_0|         array|
|p_anonymous_namespace_lineBuffer_magnitude_0_ce0       |  out|    1|   ap_memory|      p_anonymous_namespace_lineBuffer_magnitude_0|         array|
|p_anonymous_namespace_lineBuffer_magnitude_0_we0       |  out|    1|   ap_memory|      p_anonymous_namespace_lineBuffer_magnitude_0|         array|
|p_anonymous_namespace_lineBuffer_magnitude_0_d0        |  out|   11|   ap_memory|      p_anonymous_namespace_lineBuffer_magnitude_0|         array|
|p_anonymous_namespace_lineBuffer_direction_0_address0  |  out|    9|   ap_memory|      p_anonymous_namespace_lineBuffer_direction_0|         array|
|p_anonymous_namespace_lineBuffer_direction_0_ce0       |  out|    1|   ap_memory|      p_anonymous_namespace_lineBuffer_direction_0|         array|
|p_anonymous_namespace_lineBuffer_direction_0_we0       |  out|    1|   ap_memory|      p_anonymous_namespace_lineBuffer_direction_0|         array|
|p_anonymous_namespace_lineBuffer_direction_0_d0        |  out|    2|   ap_memory|      p_anonymous_namespace_lineBuffer_direction_0|         array|
|p_anonymous_namespace_lineBuffer_magnitude_1_address0  |  out|    9|   ap_memory|      p_anonymous_namespace_lineBuffer_magnitude_1|         array|
|p_anonymous_namespace_lineBuffer_magnitude_1_ce0       |  out|    1|   ap_memory|      p_anonymous_namespace_lineBuffer_magnitude_1|         array|
|p_anonymous_namespace_lineBuffer_magnitude_1_we0       |  out|    1|   ap_memory|      p_anonymous_namespace_lineBuffer_magnitude_1|         array|
|p_anonymous_namespace_lineBuffer_magnitude_1_d0        |  out|   11|   ap_memory|      p_anonymous_namespace_lineBuffer_magnitude_1|         array|
|p_anonymous_namespace_lineBuffer_direction_1_address0  |  out|    9|   ap_memory|      p_anonymous_namespace_lineBuffer_direction_1|         array|
|p_anonymous_namespace_lineBuffer_direction_1_ce0       |  out|    1|   ap_memory|      p_anonymous_namespace_lineBuffer_direction_1|         array|
|p_anonymous_namespace_lineBuffer_direction_1_we0       |  out|    1|   ap_memory|      p_anonymous_namespace_lineBuffer_direction_1|         array|
|p_anonymous_namespace_lineBuffer_direction_1_d0        |  out|    2|   ap_memory|      p_anonymous_namespace_lineBuffer_direction_1|         array|
|p_anonymous_namespace_lineBuffer_magnitude_2_address0  |  out|    9|   ap_memory|      p_anonymous_namespace_lineBuffer_magnitude_2|         array|
|p_anonymous_namespace_lineBuffer_magnitude_2_ce0       |  out|    1|   ap_memory|      p_anonymous_namespace_lineBuffer_magnitude_2|         array|
|p_anonymous_namespace_lineBuffer_magnitude_2_we0       |  out|    1|   ap_memory|      p_anonymous_namespace_lineBuffer_magnitude_2|         array|
|p_anonymous_namespace_lineBuffer_magnitude_2_d0        |  out|   11|   ap_memory|      p_anonymous_namespace_lineBuffer_magnitude_2|         array|
|p_anonymous_namespace_lineBuffer_direction_2_address0  |  out|    9|   ap_memory|      p_anonymous_namespace_lineBuffer_direction_2|         array|
|p_anonymous_namespace_lineBuffer_direction_2_ce0       |  out|    1|   ap_memory|      p_anonymous_namespace_lineBuffer_direction_2|         array|
|p_anonymous_namespace_lineBuffer_direction_2_we0       |  out|    1|   ap_memory|      p_anonymous_namespace_lineBuffer_direction_2|         array|
|p_anonymous_namespace_lineBuffer_direction_2_d0        |  out|    2|   ap_memory|      p_anonymous_namespace_lineBuffer_direction_2|         array|
+-------------------------------------------------------+-----+-----+------------+--------------------------------------------------+--------------+

============================================================
+ Verbose Summary: Synthesis Manager
============================================================
InlineROM: 1
ExposeGlobal: 0
============================================================
+ Verbose Summary: CDFG Model
============================================================
IsTopModel: 0
ResetActiveHigh: 1
IsCombinational: 2
IsDatapathOnly: 2
HasWiredReturn: 1
HasMFsm: 2
HasVarLatency: 1
IsPipeline: 0
IsRtlPipelined: 0
IsInstanceOverlapped: 0
IsDontTouch: 0
HasImplIP: 0
IsGatedGlobalClock: 0

+ Individual pipeline summary: 
  * Pipeline-0: initiation interval (II) = 1, depth = 2


============================================================
+ Verbose Summary: Schedule
============================================================
* Number of FSM states : 2
* Pipeline : 1
  Pipeline-0 : II = 1, D = 2, States = { 1 2 }
* Dataflow Pipeline: 0

* FSM state transitions: 
1 --> 2 
2 --> 

* FSM state operations: 

State 1 <SV = 0> <Delay = 1.66>
ST_1 : Operation 5 [1/1] (0.00ns)   --->   "%column = alloca i32 1" [../src/non_maximum_suppression.cpp:57->../src/canny_top.cpp:32]   --->   Operation 5 'alloca' 'column' <Predicate = true> <Delay = 0.00>
ST_1 : Operation 6 [1/1] (0.00ns)   --->   "%tmp = read i3 @_ssdm_op_Read.ap_auto.i3, i3 %empty"   --->   Operation 6 'read' 'tmp' <Predicate = true> <Delay = 0.00>
ST_1 : Operation 7 [1/1] (0.42ns)   --->   "%store_ln57 = store i10 0, i10 %column" [../src/non_maximum_suppression.cpp:57->../src/canny_top.cpp:32]   --->   Operation 7 'store' 'store_ln57' <Predicate = true> <Delay = 0.42>
ST_1 : Operation 8 [1/1] (0.00ns)   --->   "%br_ln0 = br void %for.inc.i"   --->   Operation 8 'br' 'br_ln0' <Predicate = true> <Delay = 0.00>
ST_1 : Operation 9 [1/1] (0.00ns)   --->   "%column_3 = load i10 %column" [../src/non_maximum_suppression.cpp:57->../src/canny_top.cpp:32]   --->   Operation 9 'load' 'column_3' <Predicate = true> <Delay = 0.00>
ST_1 : Operation 10 [1/1] (0.78ns)   --->   "%icmp_ln57 = icmp_eq  i10 %column_3, i10 512" [../src/non_maximum_suppression.cpp:57->../src/canny_top.cpp:32]   --->   Operation 10 'icmp' 'icmp_ln57' <Predicate = true> <Delay = 0.78> <CoreInst = "Cmp">   --->   Core 9 'Cmp' <Latency = 0> <II = 1> <Delay = 0.79> <FuncUnit> <Opcode : 'seteq' 'setne' 'setle' 'setge' 'setlt' 'setgt'> <InPorts = 2> <OutPorts = 1>
ST_1 : Operation 11 [1/1] (0.78ns)   --->   "%add_ln57 = add i10 %column_3, i10 1" [../src/non_maximum_suppression.cpp:57->../src/canny_top.cpp:32]   --->   Operation 11 'add' 'add_ln57' <Predicate = true> <Delay = 0.78> <CoreInst = "Adder">   --->   Core 1 'Adder' <Latency = 0> <II = 1> <Delay = 0.78> <FuncUnit> <Opcode : 'add' 'sub'> <InPorts = 2> <OutPorts = 1>
ST_1 : Operation 12 [1/1] (0.00ns)   --->   "%br_ln57 = br i1 %icmp_ln57, void %for.inc.split.i, void %for.end.i.exitStub" [../src/non_maximum_suppression.cpp:57->../src/canny_top.cpp:32]   --->   Operation 12 'br' 'br_ln57' <Predicate = true> <Delay = 0.00>
ST_1 : Operation 13 [1/1] (0.00ns)   --->   "%zext_ln57 = zext i10 %column_3" [../src/non_maximum_suppression.cpp:57->../src/canny_top.cpp:32]   --->   Operation 13 'zext' 'zext_ln57' <Predicate = (!icmp_ln57)> <Delay = 0.00>
ST_1 : Operation 14 [1/1] (0.00ns)   --->   "%out_sobel_magnitude_addr = getelementptr i11 %out_sobel_magnitude, i64 0, i64 %zext_ln57" [../src/non_maximum_suppression.cpp:59->../src/canny_top.cpp:32]   --->   Operation 14 'getelementptr' 'out_sobel_magnitude_addr' <Predicate = (!icmp_ln57)> <Delay = 0.00>
ST_1 : Operation 15 [1/1] (0.00ns)   --->   "%out_sobel_direction_addr = getelementptr i2 %out_sobel_direction, i64 0, i64 %zext_ln57" [../src/non_maximum_suppression.cpp:59->../src/canny_top.cpp:32]   --->   Operation 15 'getelementptr' 'out_sobel_direction_addr' <Predicate = (!icmp_ln57)> <Delay = 0.00>
ST_1 : Operation 16 [1/1] (0.00ns)   --->   "%p_anonymous_namespace_lineBuffer_magnitude_0_addr = getelementptr i11 %p_anonymous_namespace_lineBuffer_magnitude_0, i64 0, i64 %zext_ln57" [../src/non_maximum_suppression.cpp:59->../src/canny_top.cpp:32]   --->   Operation 16 'getelementptr' 'p_anonymous_namespace_lineBuffer_magnitude_0_addr' <Predicate = (!icmp_ln57)> <Delay = 0.00>
ST_1 : Operation 17 [1/1] (0.00ns)   --->   "%p_anonymous_namespace_lineBuffer_magnitude_1_addr = getelementptr i11 %p_anonymous_namespace_lineBuffer_magnitude_1, i64 0, i64 %zext_ln57" [../src/non_maximum_suppression.cpp:59->../src/canny_top.cpp:32]   --->   Operation 17 'getelementptr' 'p_anonymous_namespace_lineBuffer_magnitude_1_addr' <Predicate = (!icmp_ln57)> <Delay = 0.00>
ST_1 : Operation 18 [1/1] (0.00ns)   --->   "%p_anonymous_namespace_lineBuffer_magnitude_2_addr = getelementptr i11 %p_anonymous_namespace_lineBuffer_magnitude_2, i64 0, i64 %zext_ln57" [../src/non_maximum_suppression.cpp:59->../src/canny_top.cpp:32]   --->   Operation 18 'getelementptr' 'p_anonymous_namespace_lineBuffer_magnitude_2_addr' <Predicate = (!icmp_ln57)> <Delay = 0.00>
ST_1 : Operation 19 [1/1] (0.00ns)   --->   "%p_anonymous_namespace_lineBuffer_direction_0_addr = getelementptr i2 %p_anonymous_namespace_lineBuffer_direction_0, i64 0, i64 %zext_ln57" [../src/non_maximum_suppression.cpp:59->../src/canny_top.cpp:32]   --->   Operation 19 'getelementptr' 'p_anonymous_namespace_lineBuffer_direction_0_addr' <Predicate = (!icmp_ln57)> <Delay = 0.00>
ST_1 : Operation 20 [1/1] (0.00ns)   --->   "%p_anonymous_namespace_lineBuffer_direction_1_addr = getelementptr i2 %p_anonymous_namespace_lineBuffer_direction_1, i64 0, i64 %zext_ln57" [../src/non_maximum_suppression.cpp:59->../src/canny_top.cpp:32]   --->   Operation 20 'getelementptr' 'p_anonymous_namespace_lineBuffer_direction_1_addr' <Predicate = (!icmp_ln57)> <Delay = 0.00>
ST_1 : Operation 21 [1/1] (0.00ns)   --->   "%p_anonymous_namespace_lineBuffer_direction_2_addr = getelementptr i2 %p_anonymous_namespace_lineBuffer_direction_2, i64 0, i64 %zext_ln57" [../src/non_maximum_suppression.cpp:59->../src/canny_top.cpp:32]   --->   Operation 21 'getelementptr' 'p_anonymous_namespace_lineBuffer_direction_2_addr' <Predicate = (!icmp_ln57)> <Delay = 0.00>
ST_1 : Operation 22 [2/2] (1.23ns)   --->   "%out_sobel_magnitude_load = load i9 %out_sobel_magnitude_addr" [../src/non_maximum_suppression.cpp:59->../src/canny_top.cpp:32]   --->   Operation 22 'load' 'out_sobel_magnitude_load' <Predicate = (!icmp_ln57)> <Delay = 1.23> <CoreInst = "RAM">   --->   Core 82 'RAM' <Latency = 1> <II = 1> <Delay = 1.23> <Storage> <Opcode : 'load' 'store'> <Ports = 2> <Width = 11> <Depth = 512> <RAM>
ST_1 : Operation 23 [2/2] (1.23ns)   --->   "%out_sobel_direction_load = load i9 %out_sobel_direction_addr" [../src/non_maximum_suppression.cpp:59->../src/canny_top.cpp:32]   --->   Operation 23 'load' 'out_sobel_direction_load' <Predicate = (!icmp_ln57)> <Delay = 1.23> <CoreInst = "RAM">   --->   Core 82 'RAM' <Latency = 1> <II = 1> <Delay = 1.23> <Storage> <Opcode : 'load' 'store'> <Ports = 2> <Width = 2> <Depth = 512> <RAM>
ST_1 : Operation 24 [1/1] (0.67ns)   --->   "%switch_ln59 = switch i3 %tmp, void %arrayidx426.14.exit.i, i3 0, void %arrayidx426.14.case.0.i, i3 1, void %arrayidx426.14.case.1.i, i3 2, void %arrayidx426.14.case.2.i" [../src/non_maximum_suppression.cpp:59->../src/canny_top.cpp:32]   --->   Operation 24 'switch' 'switch_ln59' <Predicate = (!icmp_ln57)> <Delay = 0.67>
ST_1 : Operation 25 [1/1] (0.42ns)   --->   "%store_ln57 = store i10 %add_ln57, i10 %column" [../src/non_maximum_suppression.cpp:57->../src/canny_top.cpp:32]   --->   Operation 25 'store' 'store_ln57' <Predicate = (!icmp_ln57)> <Delay = 0.42>
ST_1 : Operation 26 [1/1] (0.00ns)   --->   "%br_ln57 = br void %for.inc.i" [../src/non_maximum_suppression.cpp:57->../src/canny_top.cpp:32]   --->   Operation 26 'br' 'br_ln57' <Predicate = (!icmp_ln57)> <Delay = 0.00>
ST_1 : Operation 41 [1/1] (0.42ns)   --->   "%ret_ln0 = ret"   --->   Operation 41 'ret' 'ret_ln0' <Predicate = (icmp_ln57)> <Delay = 0.42>

State 2 <SV = 1> <Delay = 2.47>
ST_2 : Operation 27 [1/1] (0.00ns)   --->   "%specpipeline_ln58 = specpipeline void @_ssdm_op_SpecPipeline, i32 1, i32 0, i32 0, i32 0, i32 4294967295, void @empty_14" [../src/non_maximum_suppression.cpp:58->../src/canny_top.cpp:32]   --->   Operation 27 'specpipeline' 'specpipeline_ln58' <Predicate = true> <Delay = 0.00>
ST_2 : Operation 28 [1/1] (0.00ns)   --->   "%speclooptripcount_ln57 = speclooptripcount void @_ssdm_op_SpecLoopTripCount, i64 512, i64 512, i64 512" [../src/non_maximum_suppression.cpp:57->../src/canny_top.cpp:32]   --->   Operation 28 'speclooptripcount' 'speclooptripcount_ln57' <Predicate = true> <Delay = 0.00>
ST_2 : Operation 29 [1/1] (0.00ns)   --->   "%specloopname_ln57 = specloopname void @_ssdm_op_SpecLoopName, void @empty_4" [../src/non_maximum_suppression.cpp:57->../src/canny_top.cpp:32]   --->   Operation 29 'specloopname' 'specloopname_ln57' <Predicate = true> <Delay = 0.00>
ST_2 : Operation 30 [1/2] ( I:1.23ns O:1.23ns )   --->   "%out_sobel_magnitude_load = load i9 %out_sobel_magnitude_addr" [../src/non_maximum_suppression.cpp:59->../src/canny_top.cpp:32]   --->   Operation 30 'load' 'out_sobel_magnitude_load' <Predicate = true> <Delay = 1.23> <CoreInst = "RAM">   --->   Core 82 'RAM' <Latency = 1> <II = 1> <Delay = 1.23> <Storage> <Opcode : 'load' 'store'> <Ports = 2> <Width = 11> <Depth = 512> <RAM>
ST_2 : Operation 31 [1/2] ( I:1.23ns O:1.23ns )   --->   "%out_sobel_direction_load = load i9 %out_sobel_direction_addr" [../src/non_maximum_suppression.cpp:59->../src/canny_top.cpp:32]   --->   Operation 31 'load' 'out_sobel_direction_load' <Predicate = true> <Delay = 1.23> <CoreInst = "RAM">   --->   Core 82 'RAM' <Latency = 1> <II = 1> <Delay = 1.23> <Storage> <Opcode : 'load' 'store'> <Ports = 2> <Width = 2> <Depth = 512> <RAM>
ST_2 : Operation 32 [1/1] ( I:1.23ns O:1.23ns )   --->   "%store_ln59 = store i11 %out_sobel_magnitude_load, i9 %p_anonymous_namespace_lineBuffer_magnitude_2_addr" [../src/non_maximum_suppression.cpp:59->../src/canny_top.cpp:32]   --->   Operation 32 'store' 'store_ln59' <Predicate = (tmp == 2)> <Delay = 1.23> <CoreInst = "RAM">   --->   Core 82 'RAM' <Latency = 1> <II = 1> <Delay = 1.23> <Storage> <Opcode : 'load' 'store'> <Ports = 2> <Width = 11> <Depth = 512> <RAM>
ST_2 : Operation 33 [1/1] ( I:1.23ns O:1.23ns )   --->   "%store_ln59 = store i2 %out_sobel_direction_load, i9 %p_anonymous_namespace_lineBuffer_direction_2_addr" [../src/non_maximum_suppression.cpp:59->../src/canny_top.cpp:32]   --->   Operation 33 'store' 'store_ln59' <Predicate = (tmp == 2)> <Delay = 1.23> <CoreInst = "RAM">   --->   Core 82 'RAM' <Latency = 1> <II = 1> <Delay = 1.23> <Storage> <Opcode : 'load' 'store'> <Ports = 2> <Width = 2> <Depth = 512> <RAM>
ST_2 : Operation 34 [1/1] (0.00ns)   --->   "%br_ln59 = br void %arrayidx426.14.exit.i" [../src/non_maximum_suppression.cpp:59->../src/canny_top.cpp:32]   --->   Operation 34 'br' 'br_ln59' <Predicate = (tmp == 2)> <Delay = 0.00>
ST_2 : Operation 35 [1/1] ( I:1.23ns O:1.23ns )   --->   "%store_ln59 = store i11 %out_sobel_magnitude_load, i9 %p_anonymous_namespace_lineBuffer_magnitude_1_addr" [../src/non_maximum_suppression.cpp:59->../src/canny_top.cpp:32]   --->   Operation 35 'store' 'store_ln59' <Predicate = (tmp == 1)> <Delay = 1.23> <CoreInst = "RAM">   --->   Core 82 'RAM' <Latency = 1> <II = 1> <Delay = 1.23> <Storage> <Opcode : 'load' 'store'> <Ports = 2> <Width = 11> <Depth = 512> <RAM>
ST_2 : Operation 36 [1/1] ( I:1.23ns O:1.23ns )   --->   "%store_ln59 = store i2 %out_sobel_direction_load, i9 %p_anonymous_namespace_lineBuffer_direction_1_addr" [../src/non_maximum_suppression.cpp:59->../src/canny_top.cpp:32]   --->   Operation 36 'store' 'store_ln59' <Predicate = (tmp == 1)> <Delay = 1.23> <CoreInst = "RAM">   --->   Core 82 'RAM' <Latency = 1> <II = 1> <Delay = 1.23> <Storage> <Opcode : 'load' 'store'> <Ports = 2> <Width = 2> <Depth = 512> <RAM>
ST_2 : Operation 37 [1/1] (0.00ns)   --->   "%br_ln59 = br void %arrayidx426.14.exit.i" [../src/non_maximum_suppression.cpp:59->../src/canny_top.cpp:32]   --->   Operation 37 'br' 'br_ln59' <Predicate = (tmp == 1)> <Delay = 0.00>
ST_2 : Operation 38 [1/1] ( I:1.23ns O:1.23ns )   --->   "%store_ln59 = store i11 %out_sobel_magnitude_load, i9 %p_anonymous_namespace_lineBuffer_magnitude_0_addr" [../src/non_maximum_suppression.cpp:59->../src/canny_top.cpp:32]   --->   Operation 38 'store' 'store_ln59' <Predicate = (tmp == 0)> <Delay = 1.23> <CoreInst = "RAM">   --->   Core 82 'RAM' <Latency = 1> <II = 1> <Delay = 1.23> <Storage> <Opcode : 'load' 'store'> <Ports = 2> <Width = 11> <Depth = 512> <RAM>
ST_2 : Operation 39 [1/1] ( I:1.23ns O:1.23ns )   --->   "%store_ln59 = store i2 %out_sobel_direction_load, i9 %p_anonymous_namespace_lineBuffer_direction_0_addr" [../src/non_maximum_suppression.cpp:59->../src/canny_top.cpp:32]   --->   Operation 39 'store' 'store_ln59' <Predicate = (tmp == 0)> <Delay = 1.23> <CoreInst = "RAM">   --->   Core 82 'RAM' <Latency = 1> <II = 1> <Delay = 1.23> <Storage> <Opcode : 'load' 'store'> <Ports = 2> <Width = 2> <Depth = 512> <RAM>
ST_2 : Operation 40 [1/1] (0.00ns)   --->   "%br_ln59 = br void %arrayidx426.14.exit.i" [../src/non_maximum_suppression.cpp:59->../src/canny_top.cpp:32]   --->   Operation 40 'br' 'br_ln59' <Predicate = (tmp == 0)> <Delay = 0.00>


============================================================
+ Verbose Summary: Binding
============================================================
STG Binding: 
---------------- STG Properties BEGIN ----------------
- Is combinational: 0
- Is one-state seq: 0
- Is datapath-only: 0
- Is pipelined: 0
- Is top level: 0
Port [ Return ] is wired: 1; IO mode=ap_ctrl_hs:ce=0
Port [ out_sobel_magnitude]:  wired=1; compound=1; hidden=0; nouse=0; global=0; static=0; extern=0; dir=0; type=1; pingpong=1; private_global=0; MemPort=[13]; IO mode=ap_memory:ce=0
Port [ out_sobel_direction]:  wired=1; compound=1; hidden=0; nouse=0; global=0; static=0; extern=0; dir=0; type=1; pingpong=1; private_global=0; MemPort=[13]; IO mode=ap_memory:ce=0
Port [ empty]:  wired=1; compound=0; hidden=0; nouse=0; global=0; static=0; extern=0; dir=0; type=0; pingpong=0; private_global=0; IO mode=ap_none:ce=0
Port [ p_anonymous_namespace_lineBuffer_magnitude_0]:  wired=1; compound=1; hidden=0; nouse=0; global=1; static=1; extern=0; dir=1; type=1; pingpong=0; private_global=0; MemPort=[03]; IO mode=ap_memory:ce=0
Port [ p_anonymous_namespace_lineBuffer_direction_0]:  wired=1; compound=1; hidden=0; nouse=0; global=1; static=1; extern=0; dir=1; type=1; pingpong=0; private_global=0; MemPort=[03]; IO mode=ap_memory:ce=0
Port [ p_anonymous_namespace_lineBuffer_magnitude_1]:  wired=1; compound=1; hidden=0; nouse=0; global=1; static=1; extern=0; dir=1; type=1; pingpong=0; private_global=0; MemPort=[03]; IO mode=ap_memory:ce=0
Port [ p_anonymous_namespace_lineBuffer_direction_1]:  wired=1; compound=1; hidden=0; nouse=0; global=1; static=1; extern=0; dir=1; type=1; pingpong=0; private_global=0; MemPort=[03]; IO mode=ap_memory:ce=0
Port [ p_anonymous_namespace_lineBuffer_magnitude_2]:  wired=1; compound=1; hidden=0; nouse=0; global=1; static=1; extern=0; dir=1; type=1; pingpong=0; private_global=0; MemPort=[03]; IO mode=ap_memory:ce=0
Port [ p_anonymous_namespace_lineBuffer_direction_2]:  wired=1; compound=1; hidden=0; nouse=0; global=1; static=1; extern=0; dir=1; type=1; pingpong=0; private_global=0; MemPort=[03]; IO mode=ap_memory:ce=0
---------------- STG Properties END ------------------

---------------- Datapath Model BEGIN ----------------

<LifeTime>
<method=bitvector/>
column                                            (alloca           ) [ 010]
tmp                                               (read             ) [ 011]
store_ln57                                        (store            ) [ 000]
br_ln0                                            (br               ) [ 000]
column_3                                          (load             ) [ 000]
icmp_ln57                                         (icmp             ) [ 010]
add_ln57                                          (add              ) [ 000]
br_ln57                                           (br               ) [ 000]
zext_ln57                                         (zext             ) [ 000]
out_sobel_magnitude_addr                          (getelementptr    ) [ 011]
out_sobel_direction_addr                          (getelementptr    ) [ 011]
p_anonymous_namespace_lineBuffer_magnitude_0_addr (getelementptr    ) [ 011]
p_anonymous_namespace_lineBuffer_magnitude_1_addr (getelementptr    ) [ 011]
p_anonymous_namespace_lineBuffer_magnitude_2_addr (getelementptr    ) [ 011]
p_anonymous_namespace_lineBuffer_direction_0_addr (getelementptr    ) [ 011]
p_anonymous_namespace_lineBuffer_direction_1_addr (getelementptr    ) [ 011]
p_anonymous_namespace_lineBuffer_direction_2_addr (getelementptr    ) [ 011]
switch_ln59                                       (switch           ) [ 000]
store_ln57                                        (store            ) [ 000]
br_ln57                                           (br               ) [ 000]
specpipeline_ln58                                 (specpipeline     ) [ 000]
speclooptripcount_ln57                            (speclooptripcount) [ 000]
specloopname_ln57                                 (specloopname     ) [ 000]
out_sobel_magnitude_load                          (load             ) [ 000]
out_sobel_direction_load                          (load             ) [ 000]
store_ln59                                        (store            ) [ 000]
store_ln59                                        (store            ) [ 000]
br_ln59                                           (br               ) [ 000]
store_ln59                                        (store            ) [ 000]
store_ln59                                        (store            ) [ 000]
br_ln59                                           (br               ) [ 000]
store_ln59                                        (store            ) [ 000]
store_ln59                                        (store            ) [ 000]
br_ln59                                           (br               ) [ 000]
ret_ln0                                           (ret              ) [ 000]
</LifeTime>

<model>

<comp_list>
<comp id="0" class="1000" name="out_sobel_magnitude">
<pin_list>
<pin id="1" dir="1" index="0" bw="1" slack="0"/>
</pin_list>
<bind>
<StgValue><ssdm name="out_sobel_magnitude"/><MemPortTyVec>1 3 </MemPortTyVec>
</StgValue>
</bind>
</comp>

<comp id="2" class="1000" name="out_sobel_direction">
<pin_list>
<pin id="3" dir="1" index="0" bw="1" slack="0"/>
</pin_list>
<bind>
<StgValue><ssdm name="out_sobel_direction"/><MemPortTyVec>1 3 </MemPortTyVec>
</StgValue>
</bind>
</comp>

<comp id="4" class="1000" name="empty">
<pin_list>
<pin id="5" dir="1" index="0" bw="1" slack="0"/>
</pin_list>
<bind>
<StgValue><ssdm name="empty"/></StgValue>
</bind>
</comp>

<comp id="6" class="1000" name="p_anonymous_namespace_lineBuffer_magnitude_0">
<pin_list>
<pin id="7" dir="1" index="0" bw="1" slack="0"/>
</pin_list>
<bind>
<StgValue><ssdm name="p_anonymous_namespace_lineBuffer_magnitude_0"/><MemPortTyVec>0 3 </MemPortTyVec>
</StgValue>
</bind>
</comp>

<comp id="8" class="1000" name="p_anonymous_namespace_lineBuffer_direction_0">
<pin_list>
<pin id="9" dir="1" index="0" bw="1" slack="0"/>
</pin_list>
<bind>
<StgValue><ssdm name="p_anonymous_namespace_lineBuffer_direction_0"/><MemPortTyVec>0 3 </MemPortTyVec>
</StgValue>
</bind>
</comp>

<comp id="10" class="1000" name="p_anonymous_namespace_lineBuffer_magnitude_1">
<pin_list>
<pin id="11" dir="1" index="0" bw="1" slack="0"/>
</pin_list>
<bind>
<StgValue><ssdm name="p_anonymous_namespace_lineBuffer_magnitude_1"/><MemPortTyVec>0 3 </MemPortTyVec>
</StgValue>
</bind>
</comp>

<comp id="12" class="1000" name="p_anonymous_namespace_lineBuffer_direction_1">
<pin_list>
<pin id="13" dir="1" index="0" bw="1" slack="0"/>
</pin_list>
<bind>
<StgValue><ssdm name="p_anonymous_namespace_lineBuffer_direction_1"/><MemPortTyVec>0 3 </MemPortTyVec>
</StgValue>
</bind>
</comp>

<comp id="14" class="1000" name="p_anonymous_namespace_lineBuffer_magnitude_2">
<pin_list>
<pin id="15" dir="1" index="0" bw="1" slack="0"/>
</pin_list>
<bind>
<StgValue><ssdm name="p_anonymous_namespace_lineBuffer_magnitude_2"/><MemPortTyVec>0 3 </MemPortTyVec>
</StgValue>
</bind>
</comp>

<comp id="16" class="1000" name="p_anonymous_namespace_lineBuffer_direction_2">
<pin_list>
<pin id="17" dir="1" index="0" bw="1" slack="0"/>
</pin_list>
<bind>
<StgValue><ssdm name="p_anonymous_namespace_lineBuffer_direction_2"/><MemPortTyVec>0 3 </MemPortTyVec>
</StgValue>
</bind>
</comp>

<comp id="18" class="1001" name="const_18">
<pin_list>
<pin id="19" dir="1" index="0" bw="1" slack="0"/>
</pin_list>
<bind>
<StgValue><ssdm name=""/></StgValue>
</bind>
</comp>

<comp id="20" class="1001" name="const_20">
<pin_list>
<pin id="21" dir="1" index="0" bw="1" slack="0"/>
</pin_list>
<bind>
<StgValue><ssdm name="_ssdm_op_Read.ap_auto.i3"/></StgValue>
</bind>
</comp>

<comp id="22" class="1001" name="const_22">
<pin_list>
<pin id="23" dir="1" index="0" bw="1" slack="0"/>
</pin_list>
<bind>
<StgValue><ssdm name=""/></StgValue>
</bind>
</comp>

<comp id="24" class="1001" name="const_24">
<pin_list>
<pin id="25" dir="1" index="0" bw="1" slack="0"/>
</pin_list>
<bind>
<StgValue><ssdm name=""/></StgValue>
</bind>
</comp>

<comp id="26" class="1001" name="const_26">
<pin_list>
<pin id="27" dir="1" index="0" bw="1" slack="0"/>
</pin_list>
<bind>
<StgValue><ssdm name=""/></StgValue>
</bind>
</comp>

<comp id="28" class="1001" name="const_28">
<pin_list>
<pin id="29" dir="1" index="0" bw="1" slack="0"/>
</pin_list>
<bind>
<StgValue><ssdm name=""/></StgValue>
</bind>
</comp>

<comp id="30" class="1001" name="const_30">
<pin_list>
<pin id="31" dir="1" index="0" bw="1" slack="0"/>
</pin_list>
<bind>
<StgValue><ssdm name=""/></StgValue>
</bind>
</comp>

<comp id="32" class="1001" name="const_32">
<pin_list>
<pin id="33" dir="1" index="0" bw="1" slack="0"/>
</pin_list>
<bind>
<StgValue><ssdm name=""/></StgValue>
</bind>
</comp>

<comp id="34" class="1001" name="const_34">
<pin_list>
<pin id="35" dir="1" index="0" bw="1" slack="0"/>
</pin_list>
<bind>
<StgValue><ssdm name=""/></StgValue>
</bind>
</comp>

<comp id="36" class="1001" name="const_36">
<pin_list>
<pin id="37" dir="1" index="0" bw="1" slack="2147483647"/>
</pin_list>
<bind>
<StgValue><ssdm name="_ssdm_op_SpecPipeline"/></StgValue>
</bind>
</comp>

<comp id="38" class="1001" name="const_38">
<pin_list>
<pin id="39" dir="1" index="0" bw="1" slack="2147483647"/>
</pin_list>
<bind>
<StgValue><ssdm name=""/></StgValue>
</bind>
</comp>

<comp id="40" class="1001" name="const_40">
<pin_list>
<pin id="41" dir="1" index="0" bw="1" slack="2147483647"/>
</pin_list>
<bind>
<StgValue><ssdm name=""/></StgValue>
</bind>
</comp>

<comp id="42" class="1001" name="const_42">
<pin_list>
<pin id="43" dir="1" index="0" bw="1" slack="2147483647"/>
</pin_list>
<bind>
<StgValue><ssdm name="empty_14"/></StgValue>
</bind>
</comp>

<comp id="44" class="1001" name="const_44">
<pin_list>
<pin id="45" dir="1" index="0" bw="1" slack="2147483647"/>
</pin_list>
<bind>
<StgValue><ssdm name="_ssdm_op_SpecLoopTripCount"/></StgValue>
</bind>
</comp>

<comp id="46" class="1001" name="const_46">
<pin_list>
<pin id="47" dir="1" index="0" bw="1" slack="2147483647"/>
</pin_list>
<bind>
<StgValue><ssdm name=""/></StgValue>
</bind>
</comp>

<comp id="48" class="1001" name="const_48">
<pin_list>
<pin id="49" dir="1" index="0" bw="1" slack="2147483647"/>
</pin_list>
<bind>
<StgValue><ssdm name="_ssdm_op_SpecLoopName"/></StgValue>
</bind>
</comp>

<comp id="50" class="1001" name="const_50">
<pin_list>
<pin id="51" dir="1" index="0" bw="1" slack="2147483647"/>
</pin_list>
<bind>
<StgValue><ssdm name="empty_4"/></StgValue>
</bind>
</comp>

<comp id="52" class="1004" name="column_fu_52">
<pin_list>
<pin id="53" dir="0" index="0" bw="1" slack="0"/>
<pin id="54" dir="1" index="1" bw="10" slack="0"/>
</pin_list>
<bind>
<opcode="alloca(26) " fcode="alloca"/>
<opset="column/1 "/>
</bind>
</comp>

<comp id="56" class="1004" name="tmp_read_fu_56">
<pin_list>
<pin id="57" dir="0" index="0" bw="3" slack="0"/>
<pin id="58" dir="0" index="1" bw="3" slack="0"/>
<pin id="59" dir="1" index="2" bw="3" slack="0"/>
</pin_list>
<bind>
<opcode="read(1150) " fcode="read"/>
<opset="tmp/1 "/>
</bind>
</comp>

<comp id="62" class="1004" name="out_sobel_magnitude_addr_gep_fu_62">
<pin_list>
<pin id="63" dir="0" index="0" bw="11" slack="0"/>
<pin id="64" dir="0" index="1" bw="1" slack="0"/>
<pin id="65" dir="0" index="2" bw="10" slack="0"/>
<pin id="66" dir="1" index="3" bw="9" slack="0"/>
</pin_list>
<bind>
<opcode="getelementptr(29) " fcode="getelementptr"/>
<opset="out_sobel_magnitude_addr/1 "/>
</bind>
</comp>

<comp id="69" class="1004" name="out_sobel_direction_addr_gep_fu_69">
<pin_list>
<pin id="70" dir="0" index="0" bw="2" slack="0"/>
<pin id="71" dir="0" index="1" bw="1" slack="0"/>
<pin id="72" dir="0" index="2" bw="10" slack="0"/>
<pin id="73" dir="1" index="3" bw="9" slack="0"/>
</pin_list>
<bind>
<opcode="getelementptr(29) " fcode="getelementptr"/>
<opset="out_sobel_direction_addr/1 "/>
</bind>
</comp>

<comp id="76" class="1004" name="p_anonymous_namespace_lineBuffer_magnitude_0_addr_gep_fu_76">
<pin_list>
<pin id="77" dir="0" index="0" bw="11" slack="0"/>
<pin id="78" dir="0" index="1" bw="1" slack="0"/>
<pin id="79" dir="0" index="2" bw="10" slack="0"/>
<pin id="80" dir="1" index="3" bw="9" slack="1"/>
</pin_list>
<bind>
<opcode="getelementptr(29) " fcode="getelementptr"/>
<opset="p_anonymous_namespace_lineBuffer_magnitude_0_addr/1 "/>
</bind>
</comp>

<comp id="83" class="1004" name="p_anonymous_namespace_lineBuffer_magnitude_1_addr_gep_fu_83">
<pin_list>
<pin id="84" dir="0" index="0" bw="11" slack="0"/>
<pin id="85" dir="0" index="1" bw="1" slack="0"/>
<pin id="86" dir="0" index="2" bw="10" slack="0"/>
<pin id="87" dir="1" index="3" bw="9" slack="1"/>
</pin_list>
<bind>
<opcode="getelementptr(29) " fcode="getelementptr"/>
<opset="p_anonymous_namespace_lineBuffer_magnitude_1_addr/1 "/>
</bind>
</comp>

<comp id="90" class="1004" name="p_anonymous_namespace_lineBuffer_magnitude_2_addr_gep_fu_90">
<pin_list>
<pin id="91" dir="0" index="0" bw="11" slack="0"/>
<pin id="92" dir="0" index="1" bw="1" slack="0"/>
<pin id="93" dir="0" index="2" bw="10" slack="0"/>
<pin id="94" dir="1" index="3" bw="9" slack="1"/>
</pin_list>
<bind>
<opcode="getelementptr(29) " fcode="getelementptr"/>
<opset="p_anonymous_namespace_lineBuffer_magnitude_2_addr/1 "/>
</bind>
</comp>

<comp id="97" class="1004" name="p_anonymous_namespace_lineBuffer_direction_0_addr_gep_fu_97">
<pin_list>
<pin id="98" dir="0" index="0" bw="2" slack="0"/>
<pin id="99" dir="0" index="1" bw="1" slack="0"/>
<pin id="100" dir="0" index="2" bw="10" slack="0"/>
<pin id="101" dir="1" index="3" bw="9" slack="1"/>
</pin_list>
<bind>
<opcode="getelementptr(29) " fcode="getelementptr"/>
<opset="p_anonymous_namespace_lineBuffer_direction_0_addr/1 "/>
</bind>
</comp>

<comp id="104" class="1004" name="p_anonymous_namespace_lineBuffer_direction_1_addr_gep_fu_104">
<pin_list>
<pin id="105" dir="0" index="0" bw="2" slack="0"/>
<pin id="106" dir="0" index="1" bw="1" slack="0"/>
<pin id="107" dir="0" index="2" bw="10" slack="0"/>
<pin id="108" dir="1" index="3" bw="9" slack="1"/>
</pin_list>
<bind>
<opcode="getelementptr(29) " fcode="getelementptr"/>
<opset="p_anonymous_namespace_lineBuffer_direction_1_addr/1 "/>
</bind>
</comp>

<comp id="111" class="1004" name="p_anonymous_namespace_lineBuffer_direction_2_addr_gep_fu_111">
<pin_list>
<pin id="112" dir="0" index="0" bw="2" slack="0"/>
<pin id="113" dir="0" index="1" bw="1" slack="0"/>
<pin id="114" dir="0" index="2" bw="10" slack="0"/>
<pin id="115" dir="1" index="3" bw="9" slack="1"/>
</pin_list>
<bind>
<opcode="getelementptr(29) " fcode="getelementptr"/>
<opset="p_anonymous_namespace_lineBuffer_direction_2_addr/1 "/>
</bind>
</comp>

<comp id="118" class="1004" name="grp_access_fu_118">
<pin_list>
<pin id="119" dir="0" index="0" bw="9" slack="0"/>
<pin id="120" dir="0" index="1" bw="11" slack="2147483647"/>
<pin id="121" dir="0" index="2" bw="0" slack="2147483647"/>
<pin id="122" dir="1" index="3" bw="11" slack="0"/>
</pin_list>
<bind>
<opcode="load(27) " fcode="load"/>
<opset="out_sobel_magnitude_load/1 "/>
</bind>
</comp>

<comp id="124" class="1004" name="grp_access_fu_124">
<pin_list>
<pin id="125" dir="0" index="0" bw="9" slack="0"/>
<pin id="126" dir="0" index="1" bw="2" slack="2147483647"/>
<pin id="127" dir="0" index="2" bw="0" slack="2147483647"/>
<pin id="128" dir="1" index="3" bw="2" slack="0"/>
</pin_list>
<bind>
<opcode="load(27) " fcode="load"/>
<opset="out_sobel_direction_load/1 "/>
</bind>
</comp>

<comp id="130" class="1004" name="store_ln59_access_fu_130">
<pin_list>
<pin id="131" dir="0" index="0" bw="9" slack="1"/>
<pin id="132" dir="0" index="1" bw="11" slack="0"/>
<pin id="133" dir="0" index="2" bw="0" slack="2147483647"/>
<pin id="134" dir="1" index="3" bw="11" slack="2147483647"/>
</pin_list>
<bind>
<opcode="store(28) " fcode="store"/>
<opset="store_ln59/2 "/>
</bind>
</comp>

<comp id="136" class="1004" name="store_ln59_access_fu_136">
<pin_list>
<pin id="137" dir="0" index="0" bw="9" slack="1"/>
<pin id="138" dir="0" index="1" bw="2" slack="0"/>
<pin id="139" dir="0" index="2" bw="0" slack="2147483647"/>
<pin id="140" dir="1" index="3" bw="2" slack="2147483647"/>
</pin_list>
<bind>
<opcode="store(28) " fcode="store"/>
<opset="store_ln59/2 "/>
</bind>
</comp>

<comp id="142" class="1004" name="store_ln59_access_fu_142">
<pin_list>
<pin id="143" dir="0" index="0" bw="9" slack="1"/>
<pin id="144" dir="0" index="1" bw="11" slack="0"/>
<pin id="145" dir="0" index="2" bw="0" slack="2147483647"/>
<pin id="146" dir="1" index="3" bw="11" slack="2147483647"/>
</pin_list>
<bind>
<opcode="store(28) " fcode="store"/>
<opset="store_ln59/2 "/>
</bind>
</comp>

<comp id="148" class="1004" name="store_ln59_access_fu_148">
<pin_list>
<pin id="149" dir="0" index="0" bw="9" slack="1"/>
<pin id="150" dir="0" index="1" bw="2" slack="0"/>
<pin id="151" dir="0" index="2" bw="0" slack="2147483647"/>
<pin id="152" dir="1" index="3" bw="2" slack="2147483647"/>
</pin_list>
<bind>
<opcode="store(28) " fcode="store"/>
<opset="store_ln59/2 "/>
</bind>
</comp>

<comp id="154" class="1004" name="store_ln59_access_fu_154">
<pin_list>
<pin id="155" dir="0" index="0" bw="9" slack="1"/>
<pin id="156" dir="0" index="1" bw="11" slack="0"/>
<pin id="157" dir="0" index="2" bw="0" slack="2147483647"/>
<pin id="158" dir="1" index="3" bw="11" slack="2147483647"/>
</pin_list>
<bind>
<opcode="store(28) " fcode="store"/>
<opset="store_ln59/2 "/>
</bind>
</comp>

<comp id="160" class="1004" name="store_ln59_access_fu_160">
<pin_list>
<pin id="161" dir="0" index="0" bw="9" slack="1"/>
<pin id="162" dir="0" index="1" bw="2" slack="0"/>
<pin id="163" dir="0" index="2" bw="0" slack="2147483647"/>
<pin id="164" dir="1" index="3" bw="2" slack="2147483647"/>
</pin_list>
<bind>
<opcode="store(28) " fcode="store"/>
<opset="store_ln59/2 "/>
</bind>
</comp>

<comp id="166" class="1004" name="store_ln57_store_fu_166">
<pin_list>
<pin id="167" dir="0" index="0" bw="1" slack="0"/>
<pin id="168" dir="0" index="1" bw="10" slack="0"/>
<pin id="169" dir="1" index="2" bw="0" slack="2147483647"/>
</pin_list>
<bind>
<opcode="store(28) " fcode="store"/>
<opset="store_ln57/1 "/>
</bind>
</comp>

<comp id="171" class="1004" name="column_3_load_fu_171">
<pin_list>
<pin id="172" dir="0" index="0" bw="10" slack="0"/>
<pin id="173" dir="1" index="1" bw="10" slack="0"/>
</pin_list>
<bind>
<opcode="load(27) " fcode="load"/>
<opset="column_3/1 "/>
</bind>
</comp>

<comp id="174" class="1004" name="icmp_ln57_fu_174">
<pin_list>
<pin id="175" dir="0" index="0" bw="10" slack="0"/>
<pin id="176" dir="0" index="1" bw="10" slack="0"/>
<pin id="177" dir="1" index="2" bw="1" slack="2147483647"/>
</pin_list>
<bind>
<opcode="icmp(45) " fcode="icmp"/>
<opset="icmp_ln57/1 "/>
</bind>
</comp>

<comp id="180" class="1004" name="add_ln57_fu_180">
<pin_list>
<pin id="181" dir="0" index="0" bw="10" slack="0"/>
<pin id="182" dir="0" index="1" bw="1" slack="0"/>
<pin id="183" dir="1" index="2" bw="10" slack="0"/>
</pin_list>
<bind>
<opcode="add(8) " fcode="add"/>
<opset="add_ln57/1 "/>
</bind>
</comp>

<comp id="186" class="1004" name="zext_ln57_fu_186">
<pin_list>
<pin id="187" dir="0" index="0" bw="10" slack="0"/>
<pin id="188" dir="1" index="1" bw="64" slack="0"/>
</pin_list>
<bind>
<opcode="zext(34) " fcode="zext"/>
<opset="zext_ln57/1 "/>
</bind>
</comp>

<comp id="198" class="1004" name="switch_ln59_fu_198">
<pin_list>
<pin id="199" dir="0" index="0" bw="3" slack="0"/>
<pin id="200" dir="0" index="1" bw="1" slack="0"/>
<pin id="201" dir="0" index="2" bw="1" slack="0"/>
<pin id="202" dir="0" index="3" bw="3" slack="0"/>
<pin id="203" dir="1" index="4" bw="0" slack="2147483647"/>
</pin_list>
<bind>
<opcode="switch(3) " fcode="switch"/>
<opset="switch_ln59/1 "/>
</bind>
</comp>

<comp id="208" class="1004" name="store_ln57_store_fu_208">
<pin_list>
<pin id="209" dir="0" index="0" bw="10" slack="0"/>
<pin id="210" dir="0" index="1" bw="10" slack="0"/>
<pin id="211" dir="1" index="2" bw="0" slack="2147483647"/>
</pin_list>
<bind>
<opcode="store(28) " fcode="store"/>
<opset="store_ln57/1 "/>
</bind>
</comp>

<comp id="213" class="1005" name="column_reg_213">
<pin_list>
<pin id="214" dir="0" index="0" bw="10" slack="0"/>
<pin id="215" dir="1" index="1" bw="10" slack="0"/>
</pin_list>
<bind>
<opset="column "/>
</bind>
</comp>

<comp id="220" class="1005" name="tmp_reg_220">
<pin_list>
<pin id="221" dir="0" index="0" bw="3" slack="1"/>
<pin id="222" dir="1" index="1" bw="3" slack="2147483647"/>
</pin_list>
<bind>
<opset="tmp "/>
</bind>
</comp>

<comp id="227" class="1005" name="out_sobel_magnitude_addr_reg_227">
<pin_list>
<pin id="228" dir="0" index="0" bw="9" slack="1"/>
<pin id="229" dir="1" index="1" bw="9" slack="1"/>
</pin_list>
<bind>
<opset="out_sobel_magnitude_addr "/>
</bind>
</comp>

<comp id="232" class="1005" name="out_sobel_direction_addr_reg_232">
<pin_list>
<pin id="233" dir="0" index="0" bw="9" slack="1"/>
<pin id="234" dir="1" index="1" bw="9" slack="1"/>
</pin_list>
<bind>
<opset="out_sobel_direction_addr "/>
</bind>
</comp>

<comp id="237" class="1005" name="p_anonymous_namespace_lineBuffer_magnitude_0_addr_reg_237">
<pin_list>
<pin id="238" dir="0" index="0" bw="9" slack="1"/>
<pin id="239" dir="1" index="1" bw="9" slack="1"/>
</pin_list>
<bind>
<opset="p_anonymous_namespace_lineBuffer_magnitude_0_addr "/>
</bind>
</comp>

<comp id="242" class="1005" name="p_anonymous_namespace_lineBuffer_magnitude_1_addr_reg_242">
<pin_list>
<pin id="243" dir="0" index="0" bw="9" slack="1"/>
<pin id="244" dir="1" index="1" bw="9" slack="1"/>
</pin_list>
<bind>
<opset="p_anonymous_namespace_lineBuffer_magnitude_1_addr "/>
</bind>
</comp>

<comp id="247" class="1005" name="p_anonymous_namespace_lineBuffer_magnitude_2_addr_reg_247">
<pin_list>
<pin id="248" dir="0" index="0" bw="9" slack="1"/>
<pin id="249" dir="1" index="1" bw="9" slack="1"/>
</pin_list>
<bind>
<opset="p_anonymous_namespace_lineBuffer_magnitude_2_addr "/>
</bind>
</comp>

<comp id="252" class="1005" name="p_anonymous_namespace_lineBuffer_direction_0_addr_reg_252">
<pin_list>
<pin id="253" dir="0" index="0" bw="9" slack="1"/>
<pin id="254" dir="1" index="1" bw="9" slack="1"/>
</pin_list>
<bind>
<opset="p_anonymous_namespace_lineBuffer_direction_0_addr "/>
</bind>
</comp>

<comp id="257" class="1005" name="p_anonymous_namespace_lineBuffer_direction_1_addr_reg_257">
<pin_list>
<pin id="258" dir="0" index="0" bw="9" slack="1"/>
<pin id="259" dir="1" index="1" bw="9" slack="1"/>
</pin_list>
<bind>
<opset="p_anonymous_namespace_lineBuffer_direction_1_addr "/>
</bind>
</comp>

<comp id="262" class="1005" name="p_anonymous_namespace_lineBuffer_direction_2_addr_reg_262">
<pin_list>
<pin id="263" dir="0" index="0" bw="9" slack="1"/>
<pin id="264" dir="1" index="1" bw="9" slack="1"/>
</pin_list>
<bind>
<opset="p_anonymous_namespace_lineBuffer_direction_2_addr "/>
</bind>
</comp>

</comp_list>

<net_list>
<net id="55"><net_src comp="18" pin="0"/><net_sink comp="52" pin=0"/></net>

<net id="60"><net_src comp="20" pin="0"/><net_sink comp="56" pin=0"/></net>

<net id="61"><net_src comp="4" pin="0"/><net_sink comp="56" pin=1"/></net>

<net id="67"><net_src comp="0" pin="0"/><net_sink comp="62" pin=0"/></net>

<net id="68"><net_src comp="28" pin="0"/><net_sink comp="62" pin=1"/></net>

<net id="74"><net_src comp="2" pin="0"/><net_sink comp="69" pin=0"/></net>

<net id="75"><net_src comp="28" pin="0"/><net_sink comp="69" pin=1"/></net>

<net id="81"><net_src comp="6" pin="0"/><net_sink comp="76" pin=0"/></net>

<net id="82"><net_src comp="28" pin="0"/><net_sink comp="76" pin=1"/></net>

<net id="88"><net_src comp="10" pin="0"/><net_sink comp="83" pin=0"/></net>

<net id="89"><net_src comp="28" pin="0"/><net_sink comp="83" pin=1"/></net>

<net id="95"><net_src comp="14" pin="0"/><net_sink comp="90" pin=0"/></net>

<net id="96"><net_src comp="28" pin="0"/><net_sink comp="90" pin=1"/></net>

<net id="102"><net_src comp="8" pin="0"/><net_sink comp="97" pin=0"/></net>

<net id="103"><net_src comp="28" pin="0"/><net_sink comp="97" pin=1"/></net>

<net id="109"><net_src comp="12" pin="0"/><net_sink comp="104" pin=0"/></net>

<net id="110"><net_src comp="28" pin="0"/><net_sink comp="104" pin=1"/></net>

<net id="116"><net_src comp="16" pin="0"/><net_sink comp="111" pin=0"/></net>

<net id="117"><net_src comp="28" pin="0"/><net_sink comp="111" pin=1"/></net>

<net id="123"><net_src comp="62" pin="3"/><net_sink comp="118" pin=0"/></net>

<net id="129"><net_src comp="69" pin="3"/><net_sink comp="124" pin=0"/></net>

<net id="135"><net_src comp="118" pin="3"/><net_sink comp="130" pin=1"/></net>

<net id="141"><net_src comp="124" pin="3"/><net_sink comp="136" pin=1"/></net>

<net id="147"><net_src comp="118" pin="3"/><net_sink comp="142" pin=1"/></net>

<net id="153"><net_src comp="124" pin="3"/><net_sink comp="148" pin=1"/></net>

<net id="159"><net_src comp="118" pin="3"/><net_sink comp="154" pin=1"/></net>

<net id="165"><net_src comp="124" pin="3"/><net_sink comp="160" pin=1"/></net>

<net id="170"><net_src comp="22" pin="0"/><net_sink comp="166" pin=0"/></net>

<net id="178"><net_src comp="171" pin="1"/><net_sink comp="174" pin=0"/></net>

<net id="179"><net_src comp="24" pin="0"/><net_sink comp="174" pin=1"/></net>

<net id="184"><net_src comp="171" pin="1"/><net_sink comp="180" pin=0"/></net>

<net id="185"><net_src comp="26" pin="0"/><net_sink comp="180" pin=1"/></net>

<net id="189"><net_src comp="171" pin="1"/><net_sink comp="186" pin=0"/></net>

<net id="190"><net_src comp="186" pin="1"/><net_sink comp="62" pin=2"/></net>

<net id="191"><net_src comp="186" pin="1"/><net_sink comp="69" pin=2"/></net>

<net id="192"><net_src comp="186" pin="1"/><net_sink comp="76" pin=2"/></net>

<net id="193"><net_src comp="186" pin="1"/><net_sink comp="83" pin=2"/></net>

<net id="194"><net_src comp="186" pin="1"/><net_sink comp="90" pin=2"/></net>

<net id="195"><net_src comp="186" pin="1"/><net_sink comp="97" pin=2"/></net>

<net id="196"><net_src comp="186" pin="1"/><net_sink comp="104" pin=2"/></net>

<net id="197"><net_src comp="186" pin="1"/><net_sink comp="111" pin=2"/></net>

<net id="204"><net_src comp="56" pin="2"/><net_sink comp="198" pin=0"/></net>

<net id="205"><net_src comp="30" pin="0"/><net_sink comp="198" pin=1"/></net>

<net id="206"><net_src comp="32" pin="0"/><net_sink comp="198" pin=2"/></net>

<net id="207"><net_src comp="34" pin="0"/><net_sink comp="198" pin=3"/></net>

<net id="212"><net_src comp="180" pin="2"/><net_sink comp="208" pin=0"/></net>

<net id="216"><net_src comp="52" pin="1"/><net_sink comp="213" pin=0"/></net>

<net id="217"><net_src comp="213" pin="1"/><net_sink comp="166" pin=1"/></net>

<net id="218"><net_src comp="213" pin="1"/><net_sink comp="171" pin=0"/></net>

<net id="219"><net_src comp="213" pin="1"/><net_sink comp="208" pin=1"/></net>

<net id="223"><net_src comp="56" pin="2"/><net_sink comp="220" pin=0"/></net>

<net id="230"><net_src comp="62" pin="3"/><net_sink comp="227" pin=0"/></net>

<net id="231"><net_src comp="227" pin="1"/><net_sink comp="118" pin=0"/></net>

<net id="235"><net_src comp="69" pin="3"/><net_sink comp="232" pin=0"/></net>

<net id="236"><net_src comp="232" pin="1"/><net_sink comp="124" pin=0"/></net>

<net id="240"><net_src comp="76" pin="3"/><net_sink comp="237" pin=0"/></net>

<net id="241"><net_src comp="237" pin="1"/><net_sink comp="154" pin=0"/></net>

<net id="245"><net_src comp="83" pin="3"/><net_sink comp="242" pin=0"/></net>

<net id="246"><net_src comp="242" pin="1"/><net_sink comp="142" pin=0"/></net>

<net id="250"><net_src comp="90" pin="3"/><net_sink comp="247" pin=0"/></net>

<net id="251"><net_src comp="247" pin="1"/><net_sink comp="130" pin=0"/></net>

<net id="255"><net_src comp="97" pin="3"/><net_sink comp="252" pin=0"/></net>

<net id="256"><net_src comp="252" pin="1"/><net_sink comp="160" pin=0"/></net>

<net id="260"><net_src comp="104" pin="3"/><net_sink comp="257" pin=0"/></net>

<net id="261"><net_src comp="257" pin="1"/><net_sink comp="148" pin=0"/></net>

<net id="265"><net_src comp="111" pin="3"/><net_sink comp="262" pin=0"/></net>

<net id="266"><net_src comp="262" pin="1"/><net_sink comp="136" pin=0"/></net>

</net_list>

</model> 
---------------- Datapath Model END ------------------

* FSMD analyzer results:
  - Output states:
	Port: out_sobel_magnitude | {}
	Port: out_sobel_direction | {}
	Port: p_anonymous_namespace_lineBuffer_magnitude_0 | {2 }
	Port: p_anonymous_namespace_lineBuffer_direction_0 | {2 }
	Port: p_anonymous_namespace_lineBuffer_magnitude_1 | {2 }
	Port: p_anonymous_namespace_lineBuffer_direction_1 | {2 }
	Port: p_anonymous_namespace_lineBuffer_magnitude_2 | {2 }
	Port: p_anonymous_namespace_lineBuffer_direction_2 | {2 }
 - Input state : 
	Port: non_maximum_suppression_Pipeline_VITIS_LOOP_57_1 : out_sobel_magnitude | {1 2 }
	Port: non_maximum_suppression_Pipeline_VITIS_LOOP_57_1 : out_sobel_direction | {1 2 }
	Port: non_maximum_suppression_Pipeline_VITIS_LOOP_57_1 : empty | {1 }
	Port: non_maximum_suppression_Pipeline_VITIS_LOOP_57_1 : p_anonymous_namespace_lineBuffer_magnitude_0 | {}
	Port: non_maximum_suppression_Pipeline_VITIS_LOOP_57_1 : p_anonymous_namespace_lineBuffer_direction_0 | {}
	Port: non_maximum_suppression_Pipeline_VITIS_LOOP_57_1 : p_anonymous_namespace_lineBuffer_magnitude_1 | {}
	Port: non_maximum_suppression_Pipeline_VITIS_LOOP_57_1 : p_anonymous_namespace_lineBuffer_direction_1 | {}
	Port: non_maximum_suppression_Pipeline_VITIS_LOOP_57_1 : p_anonymous_namespace_lineBuffer_magnitude_2 | {}
	Port: non_maximum_suppression_Pipeline_VITIS_LOOP_57_1 : p_anonymous_namespace_lineBuffer_direction_2 | {}
  - Chain level:
	State 1
		store_ln57 : 1
		column_3 : 1
		icmp_ln57 : 2
		add_ln57 : 2
		br_ln57 : 3
		zext_ln57 : 2
		out_sobel_magnitude_addr : 3
		out_sobel_direction_addr : 3
		p_anonymous_namespace_lineBuffer_magnitude_0_addr : 3
		p_anonymous_namespace_lineBuffer_magnitude_1_addr : 3
		p_anonymous_namespace_lineBuffer_magnitude_2_addr : 3
		p_anonymous_namespace_lineBuffer_direction_0_addr : 3
		p_anonymous_namespace_lineBuffer_direction_1_addr : 3
		p_anonymous_namespace_lineBuffer_direction_2_addr : 3
		out_sobel_magnitude_load : 4
		out_sobel_direction_load : 4
		store_ln57 : 3
	State 2
		store_ln59 : 1
		store_ln59 : 1
		store_ln59 : 1
		store_ln59 : 1
		store_ln59 : 1
		store_ln59 : 1


============================================================
+ Verbose Summary: Datapath Resource usage 
============================================================

* Functional unit list:
|----------|--------------------|---------|---------|
| Operation|   Functional Unit  |    FF   |   LUT   |
|----------|--------------------|---------|---------|
|   icmp   |  icmp_ln57_fu_174  |    0    |    17   |
|----------|--------------------|---------|---------|
|    add   |   add_ln57_fu_180  |    0    |    17   |
|----------|--------------------|---------|---------|
|   read   |   tmp_read_fu_56   |    0    |    0    |
|----------|--------------------|---------|---------|
|   zext   |  zext_ln57_fu_186  |    0    |    0    |
|----------|--------------------|---------|---------|
|  switch  | switch_ln59_fu_198 |    0    |    0    |
|----------|--------------------|---------|---------|
|   Total  |                    |    0    |    34   |
|----------|--------------------|---------|---------|

Memories:
N/A

* Register list:
+---------------------------------------------------------+--------+
|                                                         |   FF   |
+---------------------------------------------------------+--------+
|                      column_reg_213                     |   10   |
|             out_sobel_direction_addr_reg_232            |    9   |
|             out_sobel_magnitude_addr_reg_227            |    9   |
|p_anonymous_namespace_lineBuffer_direction_0_addr_reg_252|    9   |
|p_anonymous_namespace_lineBuffer_direction_1_addr_reg_257|    9   |
|p_anonymous_namespace_lineBuffer_direction_2_addr_reg_262|    9   |
|p_anonymous_namespace_lineBuffer_magnitude_0_addr_reg_237|    9   |
|p_anonymous_namespace_lineBuffer_magnitude_1_addr_reg_242|    9   |
|p_anonymous_namespace_lineBuffer_magnitude_2_addr_reg_247|    9   |
|                       tmp_reg_220                       |    3   |
+---------------------------------------------------------+--------+
|                          Total                          |   85   |
+---------------------------------------------------------+--------+

* Multiplexer (MUX) list: 
|-------------------|------|------|------|--------||---------||---------||---------|
|        Comp       |  Pin | Size |  BW  | S x BW ||  Delay  ||    FF   ||   LUT   |
|-------------------|------|------|------|--------||---------||---------||---------|
| grp_access_fu_118 |  p0  |   2  |   9  |   18   ||    0    ||    9    |
| grp_access_fu_124 |  p0  |   2  |   9  |   18   ||    0    ||    9    |
|-------------------|------|------|------|--------||---------||---------||---------|
|       Total       |      |      |      |   36   ||  0.854  ||    0    ||    18   |
|-------------------|------|------|------|--------||---------||---------||---------|



* Summary:
+-----------+--------+--------+--------+
|           |  Delay |   FF   |   LUT  |
+-----------+--------+--------+--------+
|  Function |    -   |    0   |   34   |
|   Memory  |    -   |    -   |    -   |
|Multiplexer|    0   |    0   |   18   |
|  Register |    -   |   85   |    -   |
+-----------+--------+--------+--------+
|   Total   |    0   |   85   |   52   |
+-----------+--------+--------+--------+
