

================================================================
== Vitis HLS Report for 'non_maximum_suppression_Pipeline_VITIS_LOOP_81_2'
================================================================
* Date:           Fri Jul 24 16:27:49 2026

* Version:        2025.2 (Build 6295257 on Nov 14 2025)
* Project:        canny_top
* Solution:       hls (Vitis Kernel Flow Target)
* Product family: zynquplus
* Target device:  xck26-sfvc784-2LV-c


================================================================
== Performance Estimates
================================================================
+ Timing: 
    * Summary: 
    +--------+---------+----------+------------+
    |  Clock |  Target | Estimated| Uncertainty|
    +--------+---------+----------+------------+
    |ap_clk  |  5.00 ns|  2.788 ns|     1.35 ns|
    +--------+---------+----------+------------+

+ Latency: 
    * Summary: 
    +---------+---------+----------+----------+-----+-----+-------------------+
    |  Latency (cycles) |  Latency (absolute) |  Interval |      Pipeline     |
    |   min   |   max   |    min   |    max   | min | max |        Type       |
    +---------+---------+----------+----------+-----+-----+-------------------+
    |     1023|     1023|  5.115 us|  5.115 us|    0|    0|  loop pipeline stp|
    +---------+---------+----------+----------+-----+-----+-------------------+

    + Detail: 
        * Instance: 
        N/A

        * Loop: 
        +-------------------+---------+---------+----------+-----------+-----------+------+----------+
        |                   |  Latency (cycles) | Iteration|  Initiation Interval  | Trip |          |
        |     Loop Name     |   min   |   max   |  Latency |  achieved |   target  | Count| Pipelined|
        +-------------------+---------+---------+----------+-----------+-----------+------+----------+
        |- VITIS_LOOP_81_2  |     1021|     1021|         4|          2|          1|   510|       yes|
        +-------------------+---------+---------+----------+-----------+-----------+------+----------+

============================================================
+ Verbose Summary: Synthesis Manager
============================================================
InlineROM: 1
ExposeGlobal: 0
============================================================
+ Verbose Summary: CDFG Model
============================================================
IsTopModel: 0
ResetActiveHigh: 1
IsCombinational: 0
IsDatapathOnly: 0
HasWiredReturn: 1
HasMFsm: 2
HasVarLatency: 1
IsPipeline: 0
IsRtlPipelined: 0
IsInstanceOverlapped: 0
IsDontTouch: 0
HasImplIP: 0
IsGatedGlobalClock: 0

+ Individual pipeline summary: 
  * Pipeline-0: initiation interval (II) = 2, depth = 4


============================================================
+ Verbose Summary: Schedule
============================================================
* Number of FSM states : 4
* Pipeline : 1
  Pipeline-0 : II = 2, D = 4, States = { 1 2 3 4 }
* Dataflow Pipeline: 0

* FSM state transitions: 
1 --> 2 
2 --> 3 
3 --> 4 
4 --> 

* FSM state operations: 

State 1 <SV = 0> <Delay = 1.66>
ST_1 : Operation 7 [1/1] (0.00ns)   --->   "%column = alloca i32 1" [../src/non_maximum_suppression.cpp:81->../src/canny_top.cpp:31]   --->   Operation 7 'alloca' 'column' <Predicate = true> <Delay = 0.00>
ST_1 : Operation 8 [1/1] (0.00ns)   --->   "%tmp = read i2 @_ssdm_op_Read.ap_auto.i2, i2 %empty"   --->   Operation 8 'read' 'tmp' <Predicate = true> <Delay = 0.00>
ST_1 : Operation 9 [1/1] (0.00ns)   --->   "%result_read = read i2 @_ssdm_op_Read.ap_auto.i2, i2 %result"   --->   Operation 9 'read' 'result_read' <Predicate = true> <Delay = 0.00>
ST_1 : Operation 10 [1/1] (0.00ns)   --->   "%result_9_read = read i2 @_ssdm_op_Read.ap_auto.i2, i2 %result_9"   --->   Operation 10 'read' 'result_9_read' <Predicate = true> <Delay = 0.00>
ST_1 : Operation 11 [1/1] (0.42ns)   --->   "%store_ln81 = store i9 1, i9 %column" [../src/non_maximum_suppression.cpp:81->../src/canny_top.cpp:31]   --->   Operation 11 'store' 'store_ln81' <Predicate = true> <Delay = 0.42>
ST_1 : Operation 12 [1/1] (0.00ns)   --->   "%br_ln0 = br void %for.body24.i"   --->   Operation 12 'br' 'br_ln0' <Predicate = true> <Delay = 0.00>
ST_1 : Operation 13 [1/1] (0.00ns)   --->   "%column_2 = load i9 %column" [../src/non_maximum_suppression.cpp:94->../src/canny_top.cpp:31]   --->   Operation 13 'load' 'column_2' <Predicate = true> <Delay = 0.00>
ST_1 : Operation 14 [1/1] (0.77ns)   --->   "%icmp_ln81 = icmp_eq  i9 %column_2, i9 511" [../src/non_maximum_suppression.cpp:81->../src/canny_top.cpp:31]   --->   Operation 14 'icmp' 'icmp_ln81' <Predicate = true> <Delay = 0.77> <CoreInst = "Cmp">   --->   Core 9 'Cmp' <Latency = 0> <II = 1> <Delay = 0.77> <FuncUnit> <Opcode : 'seteq' 'setne' 'setle' 'setge' 'setlt' 'setgt'> <InPorts = 2> <OutPorts = 1>
ST_1 : Operation 15 [1/1] (0.00ns)   --->   "%br_ln81 = br i1 %icmp_ln81, void %for.body24.split.i, void %cleanup94.i.loopexit.exitStub" [../src/non_maximum_suppression.cpp:81->../src/canny_top.cpp:31]   --->   Operation 15 'br' 'br_ln81' <Predicate = true> <Delay = 0.00>
ST_1 : Operation 16 [1/1] (0.00ns)   --->   "%tmp_s = bitconcatenate i11 @_ssdm_op_BitConcatenate.i11.i2.i9, i2 %result_9_read, i9 %column_2" [../src/non_maximum_suppression.cpp:83->../src/canny_top.cpp:31]   --->   Operation 16 'bitconcatenate' 'tmp_s' <Predicate = (!icmp_ln81)> <Delay = 0.00>
ST_1 : Operation 17 [1/1] (0.00ns)   --->   "%zext_ln83 = zext i11 %tmp_s" [../src/non_maximum_suppression.cpp:83->../src/canny_top.cpp:31]   --->   Operation 17 'zext' 'zext_ln83' <Predicate = (!icmp_ln81)> <Delay = 0.00>
ST_1 : Operation 18 [1/1] (0.00ns)   --->   "%p_anonymous_namespace_lineBuffer_direction_addr = getelementptr i2 %p_anonymous_namespace_lineBuffer_direction, i64 0, i64 %zext_ln83" [../src/non_maximum_suppression.cpp:83->../src/canny_top.cpp:31]   --->   Operation 18 'getelementptr' 'p_anonymous_namespace_lineBuffer_direction_addr' <Predicate = (!icmp_ln81)> <Delay = 0.00>
ST_1 : Operation 19 [1/1] (0.00ns)   --->   "%lshr_ln3 = partselect i8 @_ssdm_op_PartSelect.i8.i9.i32.i32, i9 %column_2, i32 1, i32 8" [../src/non_maximum_suppression.cpp:81->../src/canny_top.cpp:31]   --->   Operation 19 'partselect' 'lshr_ln3' <Predicate = (!icmp_ln81)> <Delay = 0.00>
ST_1 : Operation 20 [1/1] (0.00ns)   --->   "%tmp_13 = bitconcatenate i10 @_ssdm_op_BitConcatenate.i10.i2.i8, i2 %result_9_read, i8 %lshr_ln3" [../src/non_maximum_suppression.cpp:83->../src/canny_top.cpp:31]   --->   Operation 20 'bitconcatenate' 'tmp_13' <Predicate = (!icmp_ln81)> <Delay = 0.00>
ST_1 : Operation 21 [1/1] (0.00ns)   --->   "%zext_ln83_1 = zext i10 %tmp_13" [../src/non_maximum_suppression.cpp:83->../src/canny_top.cpp:31]   --->   Operation 21 'zext' 'zext_ln83_1' <Predicate = (!icmp_ln81)> <Delay = 0.00>
ST_1 : Operation 22 [1/1] (0.00ns)   --->   "%p_anonymous_namespace_lineBuffer_25_magnitude_0_addr = getelementptr i8 %p_anonymous_namespace_lineBuffer_25_magnitude_0, i64 0, i64 %zext_ln83_1" [../src/non_maximum_suppression.cpp:83->../src/canny_top.cpp:31]   --->   Operation 22 'getelementptr' 'p_anonymous_namespace_lineBuffer_25_magnitude_0_addr' <Predicate = (!icmp_ln81)> <Delay = 0.00>
ST_1 : Operation 23 [1/1] (0.00ns)   --->   "%p_anonymous_namespace_lineBuffer_25_magnitude_1_addr = getelementptr i8 %p_anonymous_namespace_lineBuffer_25_magnitude_1, i64 0, i64 %zext_ln83_1" [../src/non_maximum_suppression.cpp:83->../src/canny_top.cpp:31]   --->   Operation 23 'getelementptr' 'p_anonymous_namespace_lineBuffer_25_magnitude_1_addr' <Predicate = (!icmp_ln81)> <Delay = 0.00>
ST_1 : Operation 24 [2/2] (1.23ns)   --->   "%p_anonymous_namespace_lineBuffer_25_magnitude_0_load = load i10 %p_anonymous_namespace_lineBuffer_25_magnitude_0_addr" [../src/non_maximum_suppression.cpp:83->../src/canny_top.cpp:31]   --->   Operation 24 'load' 'p_anonymous_namespace_lineBuffer_25_magnitude_0_load' <Predicate = (!icmp_ln81)> <Delay = 1.23> <CoreInst = "RAM">   --->   Core 82 'RAM' <Latency = 1> <II = 1> <Delay = 1.23> <Storage> <Opcode : 'load' 'store'> <Ports = 2> <Width = 8> <Depth = 768> <RAM>
ST_1 : Operation 25 [2/2] (1.23ns)   --->   "%p_anonymous_namespace_lineBuffer_25_magnitude_1_load = load i10 %p_anonymous_namespace_lineBuffer_25_magnitude_1_addr" [../src/non_maximum_suppression.cpp:83->../src/canny_top.cpp:31]   --->   Operation 25 'load' 'p_anonymous_namespace_lineBuffer_25_magnitude_1_load' <Predicate = (!icmp_ln81)> <Delay = 1.23> <CoreInst = "RAM">   --->   Core 82 'RAM' <Latency = 1> <II = 1> <Delay = 1.23> <Storage> <Opcode : 'load' 'store'> <Ports = 2> <Width = 8> <Depth = 768> <RAM>
ST_1 : Operation 26 [2/2] (1.23ns)   --->   "%centre_direction = load i11 %p_anonymous_namespace_lineBuffer_direction_addr" [../src/non_maximum_suppression.cpp:83->../src/canny_top.cpp:31]   --->   Operation 26 'load' 'centre_direction' <Predicate = (!icmp_ln81)> <Delay = 1.23> <CoreInst = "RAM">   --->   Core 82 'RAM' <Latency = 1> <II = 1> <Delay = 1.23> <Storage> <Opcode : 'load' 'store'> <Ports = 2> <Width = 2> <Depth = 1536> <RAM>

State 2 <SV = 1> <Delay = 2.31>
ST_2 : Operation 27 [1/1] (0.00ns)   --->   "%trunc_ln81 = trunc i9 %column_2" [../src/non_maximum_suppression.cpp:81->../src/canny_top.cpp:31]   --->   Operation 27 'trunc' 'trunc_ln81' <Predicate = (!icmp_ln81)> <Delay = 0.00>
ST_2 : Operation 28 [1/1] (0.00ns)   --->   "%tmp_14 = bitconcatenate i10 @_ssdm_op_BitConcatenate.i10.i2.i8, i2 %result_read, i8 %lshr_ln3" [../src/non_maximum_suppression.cpp:107->../src/canny_top.cpp:31]   --->   Operation 28 'bitconcatenate' 'tmp_14' <Predicate = (!icmp_ln81)> <Delay = 0.00>
ST_2 : Operation 29 [1/1] (0.00ns)   --->   "%zext_ln107 = zext i10 %tmp_14" [../src/non_maximum_suppression.cpp:107->../src/canny_top.cpp:31]   --->   Operation 29 'zext' 'zext_ln107' <Predicate = (!icmp_ln81)> <Delay = 0.00>
ST_2 : Operation 30 [1/1] (0.00ns)   --->   "%p_anonymous_namespace_lineBuffer_25_magnitude_0_addr_1 = getelementptr i8 %p_anonymous_namespace_lineBuffer_25_magnitude_0, i64 0, i64 %zext_ln107" [../src/non_maximum_suppression.cpp:107->../src/canny_top.cpp:31]   --->   Operation 30 'getelementptr' 'p_anonymous_namespace_lineBuffer_25_magnitude_0_addr_1' <Predicate = (!icmp_ln81)> <Delay = 0.00>
ST_2 : Operation 31 [1/1] (0.00ns)   --->   "%tmp_15 = bitconcatenate i10 @_ssdm_op_BitConcatenate.i10.i2.i8, i2 %tmp, i8 %lshr_ln3" [../src/non_maximum_suppression.cpp:110->../src/canny_top.cpp:31]   --->   Operation 31 'bitconcatenate' 'tmp_15' <Predicate = (!icmp_ln81)> <Delay = 0.00>
ST_2 : Operation 32 [1/1] (0.00ns)   --->   "%zext_ln110 = zext i10 %tmp_15" [../src/non_maximum_suppression.cpp:110->../src/canny_top.cpp:31]   --->   Operation 32 'zext' 'zext_ln110' <Predicate = (!icmp_ln81)> <Delay = 0.00>
ST_2 : Operation 33 [1/1] (0.00ns)   --->   "%p_anonymous_namespace_lineBuffer_25_magnitude_0_addr_6 = getelementptr i8 %p_anonymous_namespace_lineBuffer_25_magnitude_0, i64 0, i64 %zext_ln110" [../src/non_maximum_suppression.cpp:110->../src/canny_top.cpp:31]   --->   Operation 33 'getelementptr' 'p_anonymous_namespace_lineBuffer_25_magnitude_0_addr_6' <Predicate = (!icmp_ln81)> <Delay = 0.00>
ST_2 : Operation 34 [1/1] (0.00ns)   --->   "%p_anonymous_namespace_lineBuffer_25_magnitude_1_addr_1 = getelementptr i8 %p_anonymous_namespace_lineBuffer_25_magnitude_1, i64 0, i64 %zext_ln107" [../src/non_maximum_suppression.cpp:107->../src/canny_top.cpp:31]   --->   Operation 34 'getelementptr' 'p_anonymous_namespace_lineBuffer_25_magnitude_1_addr_1' <Predicate = (!icmp_ln81)> <Delay = 0.00>
ST_2 : Operation 35 [1/1] (0.00ns)   --->   "%p_anonymous_namespace_lineBuffer_25_magnitude_1_addr_6 = getelementptr i8 %p_anonymous_namespace_lineBuffer_25_magnitude_1, i64 0, i64 %zext_ln110" [../src/non_maximum_suppression.cpp:110->../src/canny_top.cpp:31]   --->   Operation 35 'getelementptr' 'p_anonymous_namespace_lineBuffer_25_magnitude_1_addr_6' <Predicate = (!icmp_ln81)> <Delay = 0.00>
ST_2 : Operation 36 [1/2] ( I:1.23ns O:1.23ns )   --->   "%p_anonymous_namespace_lineBuffer_25_magnitude_0_load = load i10 %p_anonymous_namespace_lineBuffer_25_magnitude_0_addr" [../src/non_maximum_suppression.cpp:83->../src/canny_top.cpp:31]   --->   Operation 36 'load' 'p_anonymous_namespace_lineBuffer_25_magnitude_0_load' <Predicate = (!icmp_ln81)> <Delay = 1.23> <CoreInst = "RAM">   --->   Core 82 'RAM' <Latency = 1> <II = 1> <Delay = 1.23> <Storage> <Opcode : 'load' 'store'> <Ports = 2> <Width = 8> <Depth = 768> <RAM>
ST_2 : Operation 37 [1/2] ( I:1.23ns O:1.23ns )   --->   "%p_anonymous_namespace_lineBuffer_25_magnitude_1_load = load i10 %p_anonymous_namespace_lineBuffer_25_magnitude_1_addr" [../src/non_maximum_suppression.cpp:83->../src/canny_top.cpp:31]   --->   Operation 37 'load' 'p_anonymous_namespace_lineBuffer_25_magnitude_1_load' <Predicate = (!icmp_ln81)> <Delay = 1.23> <CoreInst = "RAM">   --->   Core 82 'RAM' <Latency = 1> <II = 1> <Delay = 1.23> <Storage> <Opcode : 'load' 'store'> <Ports = 2> <Width = 8> <Depth = 768> <RAM>
ST_2 : Operation 38 [1/1] (0.39ns)   --->   "%centre_magnitude = select i1 %trunc_ln81, i8 %p_anonymous_namespace_lineBuffer_25_magnitude_1_load, i8 %p_anonymous_namespace_lineBuffer_25_magnitude_0_load" [../src/non_maximum_suppression.cpp:83->../src/canny_top.cpp:31]   --->   Operation 38 'select' 'centre_magnitude' <Predicate = (!icmp_ln81)> <Delay = 0.39> <CoreInst = "Sel">   --->   Core 73 'Sel' <Latency = 0> <II = 1> <Delay = 0.39> <FuncUnit> <Opcode : 'select'> <InPorts = 3> <OutPorts = 1>
ST_2 : Operation 39 [1/2] ( I:1.23ns O:1.23ns )   --->   "%centre_direction = load i11 %p_anonymous_namespace_lineBuffer_direction_addr" [../src/non_maximum_suppression.cpp:83->../src/canny_top.cpp:31]   --->   Operation 39 'load' 'centre_direction' <Predicate = (!icmp_ln81)> <Delay = 1.23> <CoreInst = "RAM">   --->   Core 82 'RAM' <Latency = 1> <II = 1> <Delay = 1.23> <Storage> <Opcode : 'load' 'store'> <Ports = 2> <Width = 2> <Depth = 1536> <RAM>
ST_2 : Operation 40 [1/1] (0.54ns)   --->   "%switch_ln88 = switch i2 %centre_direction, void %sw.bb.i, i2 3, void %sw.bb63.i, i2 1, void %sw.bb39.i, i2 2, void %sw.bb52.i" [../src/non_maximum_suppression.cpp:88->../src/canny_top.cpp:31]   --->   Operation 40 'switch' 'switch_ln88' <Predicate = (!icmp_ln81)> <Delay = 0.54>
ST_2 : Operation 41 [2/2] (1.23ns)   --->   "%p_anonymous_namespace_lineBuffer_25_magnitude_0_load_5 = load i10 %p_anonymous_namespace_lineBuffer_25_magnitude_0_addr_1" [../src/non_maximum_suppression.cpp:107->../src/canny_top.cpp:31]   --->   Operation 41 'load' 'p_anonymous_namespace_lineBuffer_25_magnitude_0_load_5' <Predicate = (!icmp_ln81 & centre_direction == 2)> <Delay = 1.23> <CoreInst = "RAM">   --->   Core 82 'RAM' <Latency = 1> <II = 1> <Delay = 1.23> <Storage> <Opcode : 'load' 'store'> <Ports = 2> <Width = 8> <Depth = 768> <RAM>
ST_2 : Operation 42 [2/2] (1.23ns)   --->   "%p_anonymous_namespace_lineBuffer_25_magnitude_1_load_5 = load i10 %p_anonymous_namespace_lineBuffer_25_magnitude_1_addr_1" [../src/non_maximum_suppression.cpp:107->../src/canny_top.cpp:31]   --->   Operation 42 'load' 'p_anonymous_namespace_lineBuffer_25_magnitude_1_load_5' <Predicate = (!icmp_ln81 & centre_direction == 2)> <Delay = 1.23> <CoreInst = "RAM">   --->   Core 82 'RAM' <Latency = 1> <II = 1> <Delay = 1.23> <Storage> <Opcode : 'load' 'store'> <Ports = 2> <Width = 8> <Depth = 768> <RAM>
ST_2 : Operation 43 [2/2] (1.23ns)   --->   "%p_anonymous_namespace_lineBuffer_25_magnitude_0_load_6 = load i10 %p_anonymous_namespace_lineBuffer_25_magnitude_0_addr_6" [../src/non_maximum_suppression.cpp:110->../src/canny_top.cpp:31]   --->   Operation 43 'load' 'p_anonymous_namespace_lineBuffer_25_magnitude_0_load_6' <Predicate = (!icmp_ln81 & centre_direction == 2)> <Delay = 1.23> <CoreInst = "RAM">   --->   Core 82 'RAM' <Latency = 1> <II = 1> <Delay = 1.23> <Storage> <Opcode : 'load' 'store'> <Ports = 2> <Width = 8> <Depth = 768> <RAM>
ST_2 : Operation 44 [2/2] (1.23ns)   --->   "%p_anonymous_namespace_lineBuffer_25_magnitude_1_load_6 = load i10 %p_anonymous_namespace_lineBuffer_25_magnitude_1_addr_6" [../src/non_maximum_suppression.cpp:110->../src/canny_top.cpp:31]   --->   Operation 44 'load' 'p_anonymous_namespace_lineBuffer_25_magnitude_1_load_6' <Predicate = (!icmp_ln81 & centre_direction == 2)> <Delay = 1.23> <CoreInst = "RAM">   --->   Core 82 'RAM' <Latency = 1> <II = 1> <Delay = 1.23> <Storage> <Opcode : 'load' 'store'> <Ports = 2> <Width = 8> <Depth = 768> <RAM>
ST_2 : Operation 45 [1/1] (0.52ns)   --->   "%br_ln111 = br void %sw.epilog.i" [../src/non_maximum_suppression.cpp:111->../src/canny_top.cpp:31]   --->   Operation 45 'br' 'br_ln111' <Predicate = (!icmp_ln81 & centre_direction == 2)> <Delay = 0.52>
ST_2 : Operation 46 [1/1] (0.77ns)   --->   "%add_ln99 = add i9 %column_2, i9 511" [../src/non_maximum_suppression.cpp:99->../src/canny_top.cpp:31]   --->   Operation 46 'add' 'add_ln99' <Predicate = (!icmp_ln81 & centre_direction == 1)> <Delay = 0.77> <CoreInst = "Adder">   --->   Core 1 'Adder' <Latency = 0> <II = 1> <Delay = 0.77> <FuncUnit> <Opcode : 'add' 'sub'> <InPorts = 2> <OutPorts = 1>
ST_2 : Operation 47 [1/1] (0.00ns)   --->   "%lshr_ln8 = partselect i8 @_ssdm_op_PartSelect.i8.i9.i32.i32, i9 %add_ln99, i32 1, i32 8" [../src/non_maximum_suppression.cpp:99->../src/canny_top.cpp:31]   --->   Operation 47 'partselect' 'lshr_ln8' <Predicate = (!icmp_ln81 & centre_direction == 1)> <Delay = 0.00>
ST_2 : Operation 48 [1/1] (0.00ns)   --->   "%tmp_20 = bitconcatenate i10 @_ssdm_op_BitConcatenate.i10.i2.i8, i2 %result_read, i8 %lshr_ln8" [../src/non_maximum_suppression.cpp:99->../src/canny_top.cpp:31]   --->   Operation 48 'bitconcatenate' 'tmp_20' <Predicate = (!icmp_ln81 & centre_direction == 1)> <Delay = 0.00>
ST_2 : Operation 49 [1/1] (0.00ns)   --->   "%zext_ln99 = zext i10 %tmp_20" [../src/non_maximum_suppression.cpp:99->../src/canny_top.cpp:31]   --->   Operation 49 'zext' 'zext_ln99' <Predicate = (!icmp_ln81 & centre_direction == 1)> <Delay = 0.00>
ST_2 : Operation 50 [1/1] (0.00ns)   --->   "%p_anonymous_namespace_lineBuffer_25_magnitude_0_addr_4 = getelementptr i8 %p_anonymous_namespace_lineBuffer_25_magnitude_0, i64 0, i64 %zext_ln99" [../src/non_maximum_suppression.cpp:99->../src/canny_top.cpp:31]   --->   Operation 50 'getelementptr' 'p_anonymous_namespace_lineBuffer_25_magnitude_0_addr_4' <Predicate = (!icmp_ln81 & centre_direction == 1)> <Delay = 0.00>
ST_2 : Operation 51 [1/1] (0.00ns)   --->   "%p_anonymous_namespace_lineBuffer_25_magnitude_1_addr_4 = getelementptr i8 %p_anonymous_namespace_lineBuffer_25_magnitude_1, i64 0, i64 %zext_ln99" [../src/non_maximum_suppression.cpp:99->../src/canny_top.cpp:31]   --->   Operation 51 'getelementptr' 'p_anonymous_namespace_lineBuffer_25_magnitude_1_addr_4' <Predicate = (!icmp_ln81 & centre_direction == 1)> <Delay = 0.00>
ST_2 : Operation 52 [2/2] (1.23ns)   --->   "%p_anonymous_namespace_lineBuffer_25_magnitude_0_load_3 = load i10 %p_anonymous_namespace_lineBuffer_25_magnitude_0_addr_4" [../src/non_maximum_suppression.cpp:99->../src/canny_top.cpp:31]   --->   Operation 52 'load' 'p_anonymous_namespace_lineBuffer_25_magnitude_0_load_3' <Predicate = (!icmp_ln81 & centre_direction == 1)> <Delay = 1.23> <CoreInst = "RAM">   --->   Core 82 'RAM' <Latency = 1> <II = 1> <Delay = 1.23> <Storage> <Opcode : 'load' 'store'> <Ports = 2> <Width = 8> <Depth = 768> <RAM>
ST_2 : Operation 53 [2/2] (1.23ns)   --->   "%p_anonymous_namespace_lineBuffer_25_magnitude_1_load_3 = load i10 %p_anonymous_namespace_lineBuffer_25_magnitude_1_addr_4" [../src/non_maximum_suppression.cpp:99->../src/canny_top.cpp:31]   --->   Operation 53 'load' 'p_anonymous_namespace_lineBuffer_25_magnitude_1_load_3' <Predicate = (!icmp_ln81 & centre_direction == 1)> <Delay = 1.23> <CoreInst = "RAM">   --->   Core 82 'RAM' <Latency = 1> <II = 1> <Delay = 1.23> <Storage> <Opcode : 'load' 'store'> <Ports = 2> <Width = 8> <Depth = 768> <RAM>
ST_2 : Operation 54 [1/1] (0.77ns)   --->   "%add_ln102 = add i9 %column_2, i9 1" [../src/non_maximum_suppression.cpp:102->../src/canny_top.cpp:31]   --->   Operation 54 'add' 'add_ln102' <Predicate = (!icmp_ln81 & centre_direction == 1)> <Delay = 0.77> <CoreInst = "Adder">   --->   Core 1 'Adder' <Latency = 0> <II = 1> <Delay = 0.77> <FuncUnit> <Opcode : 'add' 'sub'> <InPorts = 2> <OutPorts = 1>
ST_2 : Operation 55 [1/1] (0.00ns)   --->   "%lshr_ln9 = partselect i8 @_ssdm_op_PartSelect.i8.i9.i32.i32, i9 %add_ln102, i32 1, i32 8" [../src/non_maximum_suppression.cpp:102->../src/canny_top.cpp:31]   --->   Operation 55 'partselect' 'lshr_ln9' <Predicate = (!icmp_ln81 & centre_direction == 1)> <Delay = 0.00>
ST_2 : Operation 56 [1/1] (0.00ns)   --->   "%tmp_21 = bitconcatenate i10 @_ssdm_op_BitConcatenate.i10.i2.i8, i2 %tmp, i8 %lshr_ln9" [../src/non_maximum_suppression.cpp:102->../src/canny_top.cpp:31]   --->   Operation 56 'bitconcatenate' 'tmp_21' <Predicate = (!icmp_ln81 & centre_direction == 1)> <Delay = 0.00>
ST_2 : Operation 57 [1/1] (0.00ns)   --->   "%zext_ln102 = zext i10 %tmp_21" [../src/non_maximum_suppression.cpp:102->../src/canny_top.cpp:31]   --->   Operation 57 'zext' 'zext_ln102' <Predicate = (!icmp_ln81 & centre_direction == 1)> <Delay = 0.00>
ST_2 : Operation 58 [1/1] (0.00ns)   --->   "%p_anonymous_namespace_lineBuffer_25_magnitude_0_addr_5 = getelementptr i8 %p_anonymous_namespace_lineBuffer_25_magnitude_0, i64 0, i64 %zext_ln102" [../src/non_maximum_suppression.cpp:102->../src/canny_top.cpp:31]   --->   Operation 58 'getelementptr' 'p_anonymous_namespace_lineBuffer_25_magnitude_0_addr_5' <Predicate = (!icmp_ln81 & centre_direction == 1)> <Delay = 0.00>
ST_2 : Operation 59 [1/1] (0.00ns)   --->   "%p_anonymous_namespace_lineBuffer_25_magnitude_1_addr_5 = getelementptr i8 %p_anonymous_namespace_lineBuffer_25_magnitude_1, i64 0, i64 %zext_ln102" [../src/non_maximum_suppression.cpp:102->../src/canny_top.cpp:31]   --->   Operation 59 'getelementptr' 'p_anonymous_namespace_lineBuffer_25_magnitude_1_addr_5' <Predicate = (!icmp_ln81 & centre_direction == 1)> <Delay = 0.00>
ST_2 : Operation 60 [2/2] (1.23ns)   --->   "%p_anonymous_namespace_lineBuffer_25_magnitude_0_load_4 = load i10 %p_anonymous_namespace_lineBuffer_25_magnitude_0_addr_5" [../src/non_maximum_suppression.cpp:102->../src/canny_top.cpp:31]   --->   Operation 60 'load' 'p_anonymous_namespace_lineBuffer_25_magnitude_0_load_4' <Predicate = (!icmp_ln81 & centre_direction == 1)> <Delay = 1.23> <CoreInst = "RAM">   --->   Core 82 'RAM' <Latency = 1> <II = 1> <Delay = 1.23> <Storage> <Opcode : 'load' 'store'> <Ports = 2> <Width = 8> <Depth = 768> <RAM>
ST_2 : Operation 61 [2/2] (1.23ns)   --->   "%p_anonymous_namespace_lineBuffer_25_magnitude_1_load_4 = load i10 %p_anonymous_namespace_lineBuffer_25_magnitude_1_addr_5" [../src/non_maximum_suppression.cpp:102->../src/canny_top.cpp:31]   --->   Operation 61 'load' 'p_anonymous_namespace_lineBuffer_25_magnitude_1_load_4' <Predicate = (!icmp_ln81 & centre_direction == 1)> <Delay = 1.23> <CoreInst = "RAM">   --->   Core 82 'RAM' <Latency = 1> <II = 1> <Delay = 1.23> <Storage> <Opcode : 'load' 'store'> <Ports = 2> <Width = 8> <Depth = 768> <RAM>
ST_2 : Operation 62 [1/1] (0.52ns)   --->   "%br_ln103 = br void %sw.epilog.i" [../src/non_maximum_suppression.cpp:103->../src/canny_top.cpp:31]   --->   Operation 62 'br' 'br_ln103' <Predicate = (!icmp_ln81 & centre_direction == 1)> <Delay = 0.52>
ST_2 : Operation 63 [1/1] (0.77ns)   --->   "%add_ln115 = add i9 %column_2, i9 1" [../src/non_maximum_suppression.cpp:115->../src/canny_top.cpp:31]   --->   Operation 63 'add' 'add_ln115' <Predicate = (!icmp_ln81 & centre_direction == 3)> <Delay = 0.77> <CoreInst = "Adder">   --->   Core 1 'Adder' <Latency = 0> <II = 1> <Delay = 0.77> <FuncUnit> <Opcode : 'add' 'sub'> <InPorts = 2> <OutPorts = 1>
ST_2 : Operation 64 [1/1] (0.00ns)   --->   "%lshr_ln6 = partselect i8 @_ssdm_op_PartSelect.i8.i9.i32.i32, i9 %add_ln115, i32 1, i32 8" [../src/non_maximum_suppression.cpp:115->../src/canny_top.cpp:31]   --->   Operation 64 'partselect' 'lshr_ln6' <Predicate = (!icmp_ln81 & centre_direction == 3)> <Delay = 0.00>
ST_2 : Operation 65 [1/1] (0.00ns)   --->   "%tmp_18 = bitconcatenate i10 @_ssdm_op_BitConcatenate.i10.i2.i8, i2 %result_read, i8 %lshr_ln6" [../src/non_maximum_suppression.cpp:115->../src/canny_top.cpp:31]   --->   Operation 65 'bitconcatenate' 'tmp_18' <Predicate = (!icmp_ln81 & centre_direction == 3)> <Delay = 0.00>
ST_2 : Operation 66 [1/1] (0.00ns)   --->   "%zext_ln115 = zext i10 %tmp_18" [../src/non_maximum_suppression.cpp:115->../src/canny_top.cpp:31]   --->   Operation 66 'zext' 'zext_ln115' <Predicate = (!icmp_ln81 & centre_direction == 3)> <Delay = 0.00>
ST_2 : Operation 67 [1/1] (0.00ns)   --->   "%p_anonymous_namespace_lineBuffer_25_magnitude_0_addr_7 = getelementptr i8 %p_anonymous_namespace_lineBuffer_25_magnitude_0, i64 0, i64 %zext_ln115" [../src/non_maximum_suppression.cpp:115->../src/canny_top.cpp:31]   --->   Operation 67 'getelementptr' 'p_anonymous_namespace_lineBuffer_25_magnitude_0_addr_7' <Predicate = (!icmp_ln81 & centre_direction == 3)> <Delay = 0.00>
ST_2 : Operation 68 [1/1] (0.00ns)   --->   "%p_anonymous_namespace_lineBuffer_25_magnitude_1_addr_7 = getelementptr i8 %p_anonymous_namespace_lineBuffer_25_magnitude_1, i64 0, i64 %zext_ln115" [../src/non_maximum_suppression.cpp:115->../src/canny_top.cpp:31]   --->   Operation 68 'getelementptr' 'p_anonymous_namespace_lineBuffer_25_magnitude_1_addr_7' <Predicate = (!icmp_ln81 & centre_direction == 3)> <Delay = 0.00>
ST_2 : Operation 69 [2/2] (1.23ns)   --->   "%p_anonymous_namespace_lineBuffer_25_magnitude_0_load_7 = load i10 %p_anonymous_namespace_lineBuffer_25_magnitude_0_addr_7" [../src/non_maximum_suppression.cpp:115->../src/canny_top.cpp:31]   --->   Operation 69 'load' 'p_anonymous_namespace_lineBuffer_25_magnitude_0_load_7' <Predicate = (!icmp_ln81 & centre_direction == 3)> <Delay = 1.23> <CoreInst = "RAM">   --->   Core 82 'RAM' <Latency = 1> <II = 1> <Delay = 1.23> <Storage> <Opcode : 'load' 'store'> <Ports = 2> <Width = 8> <Depth = 768> <RAM>
ST_2 : Operation 70 [2/2] (1.23ns)   --->   "%p_anonymous_namespace_lineBuffer_25_magnitude_1_load_7 = load i10 %p_anonymous_namespace_lineBuffer_25_magnitude_1_addr_7" [../src/non_maximum_suppression.cpp:115->../src/canny_top.cpp:31]   --->   Operation 70 'load' 'p_anonymous_namespace_lineBuffer_25_magnitude_1_load_7' <Predicate = (!icmp_ln81 & centre_direction == 3)> <Delay = 1.23> <CoreInst = "RAM">   --->   Core 82 'RAM' <Latency = 1> <II = 1> <Delay = 1.23> <Storage> <Opcode : 'load' 'store'> <Ports = 2> <Width = 8> <Depth = 768> <RAM>
ST_2 : Operation 71 [1/1] (0.77ns)   --->   "%add_ln118 = add i9 %column_2, i9 511" [../src/non_maximum_suppression.cpp:118->../src/canny_top.cpp:31]   --->   Operation 71 'add' 'add_ln118' <Predicate = (!icmp_ln81 & centre_direction == 3)> <Delay = 0.77> <CoreInst = "Adder">   --->   Core 1 'Adder' <Latency = 0> <II = 1> <Delay = 0.77> <FuncUnit> <Opcode : 'add' 'sub'> <InPorts = 2> <OutPorts = 1>
ST_2 : Operation 72 [1/1] (0.00ns)   --->   "%lshr_ln7 = partselect i8 @_ssdm_op_PartSelect.i8.i9.i32.i32, i9 %add_ln118, i32 1, i32 8" [../src/non_maximum_suppression.cpp:118->../src/canny_top.cpp:31]   --->   Operation 72 'partselect' 'lshr_ln7' <Predicate = (!icmp_ln81 & centre_direction == 3)> <Delay = 0.00>
ST_2 : Operation 73 [1/1] (0.00ns)   --->   "%tmp_19 = bitconcatenate i10 @_ssdm_op_BitConcatenate.i10.i2.i8, i2 %tmp, i8 %lshr_ln7" [../src/non_maximum_suppression.cpp:118->../src/canny_top.cpp:31]   --->   Operation 73 'bitconcatenate' 'tmp_19' <Predicate = (!icmp_ln81 & centre_direction == 3)> <Delay = 0.00>
ST_2 : Operation 74 [1/1] (0.00ns)   --->   "%zext_ln118 = zext i10 %tmp_19" [../src/non_maximum_suppression.cpp:118->../src/canny_top.cpp:31]   --->   Operation 74 'zext' 'zext_ln118' <Predicate = (!icmp_ln81 & centre_direction == 3)> <Delay = 0.00>
ST_2 : Operation 75 [1/1] (0.00ns)   --->   "%p_anonymous_namespace_lineBuffer_25_magnitude_0_addr_8 = getelementptr i8 %p_anonymous_namespace_lineBuffer_25_magnitude_0, i64 0, i64 %zext_ln118" [../src/non_maximum_suppression.cpp:118->../src/canny_top.cpp:31]   --->   Operation 75 'getelementptr' 'p_anonymous_namespace_lineBuffer_25_magnitude_0_addr_8' <Predicate = (!icmp_ln81 & centre_direction == 3)> <Delay = 0.00>
ST_2 : Operation 76 [1/1] (0.00ns)   --->   "%p_anonymous_namespace_lineBuffer_25_magnitude_1_addr_8 = getelementptr i8 %p_anonymous_namespace_lineBuffer_25_magnitude_1, i64 0, i64 %zext_ln118" [../src/non_maximum_suppression.cpp:118->../src/canny_top.cpp:31]   --->   Operation 76 'getelementptr' 'p_anonymous_namespace_lineBuffer_25_magnitude_1_addr_8' <Predicate = (!icmp_ln81 & centre_direction == 3)> <Delay = 0.00>
ST_2 : Operation 77 [2/2] (1.23ns)   --->   "%p_anonymous_namespace_lineBuffer_25_magnitude_0_load_8 = load i10 %p_anonymous_namespace_lineBuffer_25_magnitude_0_addr_8" [../src/non_maximum_suppression.cpp:118->../src/canny_top.cpp:31]   --->   Operation 77 'load' 'p_anonymous_namespace_lineBuffer_25_magnitude_0_load_8' <Predicate = (!icmp_ln81 & centre_direction == 3)> <Delay = 1.23> <CoreInst = "RAM">   --->   Core 82 'RAM' <Latency = 1> <II = 1> <Delay = 1.23> <Storage> <Opcode : 'load' 'store'> <Ports = 2> <Width = 8> <Depth = 768> <RAM>
ST_2 : Operation 78 [2/2] (1.23ns)   --->   "%p_anonymous_namespace_lineBuffer_25_magnitude_1_load_8 = load i10 %p_anonymous_namespace_lineBuffer_25_magnitude_1_addr_8" [../src/non_maximum_suppression.cpp:118->../src/canny_top.cpp:31]   --->   Operation 78 'load' 'p_anonymous_namespace_lineBuffer_25_magnitude_1_load_8' <Predicate = (!icmp_ln81 & centre_direction == 3)> <Delay = 1.23> <CoreInst = "RAM">   --->   Core 82 'RAM' <Latency = 1> <II = 1> <Delay = 1.23> <Storage> <Opcode : 'load' 'store'> <Ports = 2> <Width = 8> <Depth = 768> <RAM>
ST_2 : Operation 79 [1/1] (0.52ns)   --->   "%br_ln119 = br void %sw.epilog.i" [../src/non_maximum_suppression.cpp:119->../src/canny_top.cpp:31]   --->   Operation 79 'br' 'br_ln119' <Predicate = (!icmp_ln81 & centre_direction == 3)> <Delay = 0.52>
ST_2 : Operation 80 [1/1] (0.77ns)   --->   "%add_ln91 = add i9 %column_2, i9 511" [../src/non_maximum_suppression.cpp:91->../src/canny_top.cpp:31]   --->   Operation 80 'add' 'add_ln91' <Predicate = (!icmp_ln81 & centre_direction == 0)> <Delay = 0.77> <CoreInst = "Adder">   --->   Core 1 'Adder' <Latency = 0> <II = 1> <Delay = 0.77> <FuncUnit> <Opcode : 'add' 'sub'> <InPorts = 2> <OutPorts = 1>
ST_2 : Operation 81 [1/1] (0.00ns)   --->   "%lshr_ln4 = partselect i8 @_ssdm_op_PartSelect.i8.i9.i32.i32, i9 %add_ln91, i32 1, i32 8" [../src/non_maximum_suppression.cpp:91->../src/canny_top.cpp:31]   --->   Operation 81 'partselect' 'lshr_ln4' <Predicate = (!icmp_ln81 & centre_direction == 0)> <Delay = 0.00>
ST_2 : Operation 82 [1/1] (0.00ns)   --->   "%tmp_16 = bitconcatenate i10 @_ssdm_op_BitConcatenate.i10.i2.i8, i2 %result_9_read, i8 %lshr_ln4" [../src/non_maximum_suppression.cpp:91->../src/canny_top.cpp:31]   --->   Operation 82 'bitconcatenate' 'tmp_16' <Predicate = (!icmp_ln81 & centre_direction == 0)> <Delay = 0.00>
ST_2 : Operation 83 [1/1] (0.00ns)   --->   "%zext_ln91 = zext i10 %tmp_16" [../src/non_maximum_suppression.cpp:91->../src/canny_top.cpp:31]   --->   Operation 83 'zext' 'zext_ln91' <Predicate = (!icmp_ln81 & centre_direction == 0)> <Delay = 0.00>
ST_2 : Operation 84 [1/1] (0.00ns)   --->   "%p_anonymous_namespace_lineBuffer_25_magnitude_0_addr_2 = getelementptr i8 %p_anonymous_namespace_lineBuffer_25_magnitude_0, i64 0, i64 %zext_ln91" [../src/non_maximum_suppression.cpp:91->../src/canny_top.cpp:31]   --->   Operation 84 'getelementptr' 'p_anonymous_namespace_lineBuffer_25_magnitude_0_addr_2' <Predicate = (!icmp_ln81 & centre_direction == 0)> <Delay = 0.00>
ST_2 : Operation 85 [1/1] (0.00ns)   --->   "%p_anonymous_namespace_lineBuffer_25_magnitude_1_addr_2 = getelementptr i8 %p_anonymous_namespace_lineBuffer_25_magnitude_1, i64 0, i64 %zext_ln91" [../src/non_maximum_suppression.cpp:91->../src/canny_top.cpp:31]   --->   Operation 85 'getelementptr' 'p_anonymous_namespace_lineBuffer_25_magnitude_1_addr_2' <Predicate = (!icmp_ln81 & centre_direction == 0)> <Delay = 0.00>
ST_2 : Operation 86 [2/2] (1.23ns)   --->   "%p_anonymous_namespace_lineBuffer_25_magnitude_0_load_1 = load i10 %p_anonymous_namespace_lineBuffer_25_magnitude_0_addr_2" [../src/non_maximum_suppression.cpp:91->../src/canny_top.cpp:31]   --->   Operation 86 'load' 'p_anonymous_namespace_lineBuffer_25_magnitude_0_load_1' <Predicate = (!icmp_ln81 & centre_direction == 0)> <Delay = 1.23> <CoreInst = "RAM">   --->   Core 82 'RAM' <Latency = 1> <II = 1> <Delay = 1.23> <Storage> <Opcode : 'load' 'store'> <Ports = 2> <Width = 8> <Depth = 768> <RAM>
ST_2 : Operation 87 [2/2] (1.23ns)   --->   "%p_anonymous_namespace_lineBuffer_25_magnitude_1_load_1 = load i10 %p_anonymous_namespace_lineBuffer_25_magnitude_1_addr_2" [../src/non_maximum_suppression.cpp:91->../src/canny_top.cpp:31]   --->   Operation 87 'load' 'p_anonymous_namespace_lineBuffer_25_magnitude_1_load_1' <Predicate = (!icmp_ln81 & centre_direction == 0)> <Delay = 1.23> <CoreInst = "RAM">   --->   Core 82 'RAM' <Latency = 1> <II = 1> <Delay = 1.23> <Storage> <Opcode : 'load' 'store'> <Ports = 2> <Width = 8> <Depth = 768> <RAM>
ST_2 : Operation 88 [1/1] (0.77ns)   --->   "%add_ln94 = add i9 %column_2, i9 1" [../src/non_maximum_suppression.cpp:94->../src/canny_top.cpp:31]   --->   Operation 88 'add' 'add_ln94' <Predicate = (!icmp_ln81 & centre_direction == 0)> <Delay = 0.77> <CoreInst = "Adder">   --->   Core 1 'Adder' <Latency = 0> <II = 1> <Delay = 0.77> <FuncUnit> <Opcode : 'add' 'sub'> <InPorts = 2> <OutPorts = 1>
ST_2 : Operation 89 [1/1] (0.00ns)   --->   "%lshr_ln5 = partselect i8 @_ssdm_op_PartSelect.i8.i9.i32.i32, i9 %add_ln94, i32 1, i32 8" [../src/non_maximum_suppression.cpp:94->../src/canny_top.cpp:31]   --->   Operation 89 'partselect' 'lshr_ln5' <Predicate = (!icmp_ln81 & centre_direction == 0)> <Delay = 0.00>
ST_2 : Operation 90 [1/1] (0.00ns)   --->   "%tmp_17 = bitconcatenate i10 @_ssdm_op_BitConcatenate.i10.i2.i8, i2 %result_9_read, i8 %lshr_ln5" [../src/non_maximum_suppression.cpp:94->../src/canny_top.cpp:31]   --->   Operation 90 'bitconcatenate' 'tmp_17' <Predicate = (!icmp_ln81 & centre_direction == 0)> <Delay = 0.00>
ST_2 : Operation 91 [1/1] (0.00ns)   --->   "%zext_ln94 = zext i10 %tmp_17" [../src/non_maximum_suppression.cpp:94->../src/canny_top.cpp:31]   --->   Operation 91 'zext' 'zext_ln94' <Predicate = (!icmp_ln81 & centre_direction == 0)> <Delay = 0.00>
ST_2 : Operation 92 [1/1] (0.00ns)   --->   "%p_anonymous_namespace_lineBuffer_25_magnitude_0_addr_3 = getelementptr i8 %p_anonymous_namespace_lineBuffer_25_magnitude_0, i64 0, i64 %zext_ln94" [../src/non_maximum_suppression.cpp:94->../src/canny_top.cpp:31]   --->   Operation 92 'getelementptr' 'p_anonymous_namespace_lineBuffer_25_magnitude_0_addr_3' <Predicate = (!icmp_ln81 & centre_direction == 0)> <Delay = 0.00>
ST_2 : Operation 93 [1/1] (0.00ns)   --->   "%p_anonymous_namespace_lineBuffer_25_magnitude_1_addr_3 = getelementptr i8 %p_anonymous_namespace_lineBuffer_25_magnitude_1, i64 0, i64 %zext_ln94" [../src/non_maximum_suppression.cpp:94->../src/canny_top.cpp:31]   --->   Operation 93 'getelementptr' 'p_anonymous_namespace_lineBuffer_25_magnitude_1_addr_3' <Predicate = (!icmp_ln81 & centre_direction == 0)> <Delay = 0.00>
ST_2 : Operation 94 [2/2] (1.23ns)   --->   "%p_anonymous_namespace_lineBuffer_25_magnitude_0_load_2 = load i10 %p_anonymous_namespace_lineBuffer_25_magnitude_0_addr_3" [../src/non_maximum_suppression.cpp:94->../src/canny_top.cpp:31]   --->   Operation 94 'load' 'p_anonymous_namespace_lineBuffer_25_magnitude_0_load_2' <Predicate = (!icmp_ln81 & centre_direction == 0)> <Delay = 1.23> <CoreInst = "RAM">   --->   Core 82 'RAM' <Latency = 1> <II = 1> <Delay = 1.23> <Storage> <Opcode : 'load' 'store'> <Ports = 2> <Width = 8> <Depth = 768> <RAM>
ST_2 : Operation 95 [2/2] (1.23ns)   --->   "%p_anonymous_namespace_lineBuffer_25_magnitude_1_load_2 = load i10 %p_anonymous_namespace_lineBuffer_25_magnitude_1_addr_3" [../src/non_maximum_suppression.cpp:94->../src/canny_top.cpp:31]   --->   Operation 95 'load' 'p_anonymous_namespace_lineBuffer_25_magnitude_1_load_2' <Predicate = (!icmp_ln81 & centre_direction == 0)> <Delay = 1.23> <CoreInst = "RAM">   --->   Core 82 'RAM' <Latency = 1> <II = 1> <Delay = 1.23> <Storage> <Opcode : 'load' 'store'> <Ports = 2> <Width = 8> <Depth = 768> <RAM>
ST_2 : Operation 96 [1/1] (0.52ns)   --->   "%br_ln95 = br void %sw.epilog.i" [../src/non_maximum_suppression.cpp:95->../src/canny_top.cpp:31]   --->   Operation 96 'br' 'br_ln95' <Predicate = (!icmp_ln81 & centre_direction == 0)> <Delay = 0.52>
ST_2 : Operation 97 [1/1] (0.77ns)   --->   "%add_ln81 = add i9 %column_2, i9 1" [../src/non_maximum_suppression.cpp:81->../src/canny_top.cpp:31]   --->   Operation 97 'add' 'add_ln81' <Predicate = (!icmp_ln81)> <Delay = 0.77> <CoreInst = "Adder">   --->   Core 1 'Adder' <Latency = 0> <II = 1> <Delay = 0.77> <FuncUnit> <Opcode : 'add' 'sub'> <InPorts = 2> <OutPorts = 1>
ST_2 : Operation 98 [1/1] (0.42ns)   --->   "%store_ln81 = store i9 %add_ln81, i9 %column" [../src/non_maximum_suppression.cpp:81->../src/canny_top.cpp:31]   --->   Operation 98 'store' 'store_ln81' <Predicate = (!icmp_ln81)> <Delay = 0.42>
ST_2 : Operation 138 [1/1] (0.42ns)   --->   "%ret_ln0 = ret"   --->   Operation 138 'ret' 'ret_ln0' <Predicate = (icmp_ln81)> <Delay = 0.42>

State 3 <SV = 2> <Delay = 2.78>
ST_3 : Operation 99 [1/2] ( I:1.23ns O:1.23ns )   --->   "%p_anonymous_namespace_lineBuffer_25_magnitude_0_load_5 = load i10 %p_anonymous_namespace_lineBuffer_25_magnitude_0_addr_1" [../src/non_maximum_suppression.cpp:107->../src/canny_top.cpp:31]   --->   Operation 99 'load' 'p_anonymous_namespace_lineBuffer_25_magnitude_0_load_5' <Predicate = (!icmp_ln81 & centre_direction == 2)> <Delay = 1.23> <CoreInst = "RAM">   --->   Core 82 'RAM' <Latency = 1> <II = 1> <Delay = 1.23> <Storage> <Opcode : 'load' 'store'> <Ports = 2> <Width = 8> <Depth = 768> <RAM>
ST_3 : Operation 100 [1/2] ( I:1.23ns O:1.23ns )   --->   "%p_anonymous_namespace_lineBuffer_25_magnitude_1_load_5 = load i10 %p_anonymous_namespace_lineBuffer_25_magnitude_1_addr_1" [../src/non_maximum_suppression.cpp:107->../src/canny_top.cpp:31]   --->   Operation 100 'load' 'p_anonymous_namespace_lineBuffer_25_magnitude_1_load_5' <Predicate = (!icmp_ln81 & centre_direction == 2)> <Delay = 1.23> <CoreInst = "RAM">   --->   Core 82 'RAM' <Latency = 1> <II = 1> <Delay = 1.23> <Storage> <Opcode : 'load' 'store'> <Ports = 2> <Width = 8> <Depth = 768> <RAM>
ST_3 : Operation 101 [1/1] (0.39ns)   --->   "%neighbourOne_3 = select i1 %trunc_ln81, i8 %p_anonymous_namespace_lineBuffer_25_magnitude_1_load_5, i8 %p_anonymous_namespace_lineBuffer_25_magnitude_0_load_5" [../src/non_maximum_suppression.cpp:107->../src/canny_top.cpp:31]   --->   Operation 101 'select' 'neighbourOne_3' <Predicate = (!icmp_ln81 & centre_direction == 2)> <Delay = 0.39> <CoreInst = "Sel">   --->   Core 73 'Sel' <Latency = 0> <II = 1> <Delay = 0.39> <FuncUnit> <Opcode : 'select'> <InPorts = 3> <OutPorts = 1>
ST_3 : Operation 102 [1/2] ( I:1.23ns O:1.23ns )   --->   "%p_anonymous_namespace_lineBuffer_25_magnitude_0_load_6 = load i10 %p_anonymous_namespace_lineBuffer_25_magnitude_0_addr_6" [../src/non_maximum_suppression.cpp:110->../src/canny_top.cpp:31]   --->   Operation 102 'load' 'p_anonymous_namespace_lineBuffer_25_magnitude_0_load_6' <Predicate = (!icmp_ln81 & centre_direction == 2)> <Delay = 1.23> <CoreInst = "RAM">   --->   Core 82 'RAM' <Latency = 1> <II = 1> <Delay = 1.23> <Storage> <Opcode : 'load' 'store'> <Ports = 2> <Width = 8> <Depth = 768> <RAM>
ST_3 : Operation 103 [1/2] ( I:1.23ns O:1.23ns )   --->   "%p_anonymous_namespace_lineBuffer_25_magnitude_1_load_6 = load i10 %p_anonymous_namespace_lineBuffer_25_magnitude_1_addr_6" [../src/non_maximum_suppression.cpp:110->../src/canny_top.cpp:31]   --->   Operation 103 'load' 'p_anonymous_namespace_lineBuffer_25_magnitude_1_load_6' <Predicate = (!icmp_ln81 & centre_direction == 2)> <Delay = 1.23> <CoreInst = "RAM">   --->   Core 82 'RAM' <Latency = 1> <II = 1> <Delay = 1.23> <Storage> <Opcode : 'load' 'store'> <Ports = 2> <Width = 8> <Depth = 768> <RAM>
ST_3 : Operation 104 [1/1] (0.39ns)   --->   "%neighbourTwo_3 = select i1 %trunc_ln81, i8 %p_anonymous_namespace_lineBuffer_25_magnitude_1_load_6, i8 %p_anonymous_namespace_lineBuffer_25_magnitude_0_load_6" [../src/non_maximum_suppression.cpp:110->../src/canny_top.cpp:31]   --->   Operation 104 'select' 'neighbourTwo_3' <Predicate = (!icmp_ln81 & centre_direction == 2)> <Delay = 0.39> <CoreInst = "Sel">   --->   Core 73 'Sel' <Latency = 0> <II = 1> <Delay = 0.39> <FuncUnit> <Opcode : 'select'> <InPorts = 3> <OutPorts = 1>
ST_3 : Operation 105 [1/2] ( I:1.23ns O:1.23ns )   --->   "%p_anonymous_namespace_lineBuffer_25_magnitude_0_load_3 = load i10 %p_anonymous_namespace_lineBuffer_25_magnitude_0_addr_4" [../src/non_maximum_suppression.cpp:99->../src/canny_top.cpp:31]   --->   Operation 105 'load' 'p_anonymous_namespace_lineBuffer_25_magnitude_0_load_3' <Predicate = (!icmp_ln81 & centre_direction == 1)> <Delay = 1.23> <CoreInst = "RAM">   --->   Core 82 'RAM' <Latency = 1> <II = 1> <Delay = 1.23> <Storage> <Opcode : 'load' 'store'> <Ports = 2> <Width = 8> <Depth = 768> <RAM>
ST_3 : Operation 106 [1/2] ( I:1.23ns O:1.23ns )   --->   "%p_anonymous_namespace_lineBuffer_25_magnitude_1_load_3 = load i10 %p_anonymous_namespace_lineBuffer_25_magnitude_1_addr_4" [../src/non_maximum_suppression.cpp:99->../src/canny_top.cpp:31]   --->   Operation 106 'load' 'p_anonymous_namespace_lineBuffer_25_magnitude_1_load_3' <Predicate = (!icmp_ln81 & centre_direction == 1)> <Delay = 1.23> <CoreInst = "RAM">   --->   Core 82 'RAM' <Latency = 1> <II = 1> <Delay = 1.23> <Storage> <Opcode : 'load' 'store'> <Ports = 2> <Width = 8> <Depth = 768> <RAM>
ST_3 : Operation 107 [1/1] (0.39ns)   --->   "%neighbourOne_2 = select i1 %trunc_ln81, i8 %p_anonymous_namespace_lineBuffer_25_magnitude_0_load_3, i8 %p_anonymous_namespace_lineBuffer_25_magnitude_1_load_3" [../src/non_maximum_suppression.cpp:99->../src/canny_top.cpp:31]   --->   Operation 107 'select' 'neighbourOne_2' <Predicate = (!icmp_ln81 & centre_direction == 1)> <Delay = 0.39> <CoreInst = "Sel">   --->   Core 73 'Sel' <Latency = 0> <II = 1> <Delay = 0.39> <FuncUnit> <Opcode : 'select'> <InPorts = 3> <OutPorts = 1>
ST_3 : Operation 108 [1/2] ( I:1.23ns O:1.23ns )   --->   "%p_anonymous_namespace_lineBuffer_25_magnitude_0_load_4 = load i10 %p_anonymous_namespace_lineBuffer_25_magnitude_0_addr_5" [../src/non_maximum_suppression.cpp:102->../src/canny_top.cpp:31]   --->   Operation 108 'load' 'p_anonymous_namespace_lineBuffer_25_magnitude_0_load_4' <Predicate = (!icmp_ln81 & centre_direction == 1)> <Delay = 1.23> <CoreInst = "RAM">   --->   Core 82 'RAM' <Latency = 1> <II = 1> <Delay = 1.23> <Storage> <Opcode : 'load' 'store'> <Ports = 2> <Width = 8> <Depth = 768> <RAM>
ST_3 : Operation 109 [1/2] ( I:1.23ns O:1.23ns )   --->   "%p_anonymous_namespace_lineBuffer_25_magnitude_1_load_4 = load i10 %p_anonymous_namespace_lineBuffer_25_magnitude_1_addr_5" [../src/non_maximum_suppression.cpp:102->../src/canny_top.cpp:31]   --->   Operation 109 'load' 'p_anonymous_namespace_lineBuffer_25_magnitude_1_load_4' <Predicate = (!icmp_ln81 & centre_direction == 1)> <Delay = 1.23> <CoreInst = "RAM">   --->   Core 82 'RAM' <Latency = 1> <II = 1> <Delay = 1.23> <Storage> <Opcode : 'load' 'store'> <Ports = 2> <Width = 8> <Depth = 768> <RAM>
ST_3 : Operation 110 [1/1] (0.39ns)   --->   "%neighbourTwo_2 = select i1 %trunc_ln81, i8 %p_anonymous_namespace_lineBuffer_25_magnitude_0_load_4, i8 %p_anonymous_namespace_lineBuffer_25_magnitude_1_load_4" [../src/non_maximum_suppression.cpp:102->../src/canny_top.cpp:31]   --->   Operation 110 'select' 'neighbourTwo_2' <Predicate = (!icmp_ln81 & centre_direction == 1)> <Delay = 0.39> <CoreInst = "Sel">   --->   Core 73 'Sel' <Latency = 0> <II = 1> <Delay = 0.39> <FuncUnit> <Opcode : 'select'> <InPorts = 3> <OutPorts = 1>
ST_3 : Operation 111 [1/2] ( I:1.23ns O:1.23ns )   --->   "%p_anonymous_namespace_lineBuffer_25_magnitude_0_load_7 = load i10 %p_anonymous_namespace_lineBuffer_25_magnitude_0_addr_7" [../src/non_maximum_suppression.cpp:115->../src/canny_top.cpp:31]   --->   Operation 111 'load' 'p_anonymous_namespace_lineBuffer_25_magnitude_0_load_7' <Predicate = (!icmp_ln81 & centre_direction == 3)> <Delay = 1.23> <CoreInst = "RAM">   --->   Core 82 'RAM' <Latency = 1> <II = 1> <Delay = 1.23> <Storage> <Opcode : 'load' 'store'> <Ports = 2> <Width = 8> <Depth = 768> <RAM>
ST_3 : Operation 112 [1/2] ( I:1.23ns O:1.23ns )   --->   "%p_anonymous_namespace_lineBuffer_25_magnitude_1_load_7 = load i10 %p_anonymous_namespace_lineBuffer_25_magnitude_1_addr_7" [../src/non_maximum_suppression.cpp:115->../src/canny_top.cpp:31]   --->   Operation 112 'load' 'p_anonymous_namespace_lineBuffer_25_magnitude_1_load_7' <Predicate = (!icmp_ln81 & centre_direction == 3)> <Delay = 1.23> <CoreInst = "RAM">   --->   Core 82 'RAM' <Latency = 1> <II = 1> <Delay = 1.23> <Storage> <Opcode : 'load' 'store'> <Ports = 2> <Width = 8> <Depth = 768> <RAM>
ST_3 : Operation 113 [1/1] (0.39ns)   --->   "%neighbourOne_1 = select i1 %trunc_ln81, i8 %p_anonymous_namespace_lineBuffer_25_magnitude_0_load_7, i8 %p_anonymous_namespace_lineBuffer_25_magnitude_1_load_7" [../src/non_maximum_suppression.cpp:115->../src/canny_top.cpp:31]   --->   Operation 113 'select' 'neighbourOne_1' <Predicate = (!icmp_ln81 & centre_direction == 3)> <Delay = 0.39> <CoreInst = "Sel">   --->   Core 73 'Sel' <Latency = 0> <II = 1> <Delay = 0.39> <FuncUnit> <Opcode : 'select'> <InPorts = 3> <OutPorts = 1>
ST_3 : Operation 114 [1/2] ( I:1.23ns O:1.23ns )   --->   "%p_anonymous_namespace_lineBuffer_25_magnitude_0_load_8 = load i10 %p_anonymous_namespace_lineBuffer_25_magnitude_0_addr_8" [../src/non_maximum_suppression.cpp:118->../src/canny_top.cpp:31]   --->   Operation 114 'load' 'p_anonymous_namespace_lineBuffer_25_magnitude_0_load_8' <Predicate = (!icmp_ln81 & centre_direction == 3)> <Delay = 1.23> <CoreInst = "RAM">   --->   Core 82 'RAM' <Latency = 1> <II = 1> <Delay = 1.23> <Storage> <Opcode : 'load' 'store'> <Ports = 2> <Width = 8> <Depth = 768> <RAM>
ST_3 : Operation 115 [1/2] ( I:1.23ns O:1.23ns )   --->   "%p_anonymous_namespace_lineBuffer_25_magnitude_1_load_8 = load i10 %p_anonymous_namespace_lineBuffer_25_magnitude_1_addr_8" [../src/non_maximum_suppression.cpp:118->../src/canny_top.cpp:31]   --->   Operation 115 'load' 'p_anonymous_namespace_lineBuffer_25_magnitude_1_load_8' <Predicate = (!icmp_ln81 & centre_direction == 3)> <Delay = 1.23> <CoreInst = "RAM">   --->   Core 82 'RAM' <Latency = 1> <II = 1> <Delay = 1.23> <Storage> <Opcode : 'load' 'store'> <Ports = 2> <Width = 8> <Depth = 768> <RAM>
ST_3 : Operation 116 [1/1] (0.39ns)   --->   "%neighbourTwo_1 = select i1 %trunc_ln81, i8 %p_anonymous_namespace_lineBuffer_25_magnitude_0_load_8, i8 %p_anonymous_namespace_lineBuffer_25_magnitude_1_load_8" [../src/non_maximum_suppression.cpp:118->../src/canny_top.cpp:31]   --->   Operation 116 'select' 'neighbourTwo_1' <Predicate = (!icmp_ln81 & centre_direction == 3)> <Delay = 0.39> <CoreInst = "Sel">   --->   Core 73 'Sel' <Latency = 0> <II = 1> <Delay = 0.39> <FuncUnit> <Opcode : 'select'> <InPorts = 3> <OutPorts = 1>
ST_3 : Operation 117 [1/2] ( I:1.23ns O:1.23ns )   --->   "%p_anonymous_namespace_lineBuffer_25_magnitude_0_load_1 = load i10 %p_anonymous_namespace_lineBuffer_25_magnitude_0_addr_2" [../src/non_maximum_suppression.cpp:91->../src/canny_top.cpp:31]   --->   Operation 117 'load' 'p_anonymous_namespace_lineBuffer_25_magnitude_0_load_1' <Predicate = (!icmp_ln81 & centre_direction == 0)> <Delay = 1.23> <CoreInst = "RAM">   --->   Core 82 'RAM' <Latency = 1> <II = 1> <Delay = 1.23> <Storage> <Opcode : 'load' 'store'> <Ports = 2> <Width = 8> <Depth = 768> <RAM>
ST_3 : Operation 118 [1/2] ( I:1.23ns O:1.23ns )   --->   "%p_anonymous_namespace_lineBuffer_25_magnitude_1_load_1 = load i10 %p_anonymous_namespace_lineBuffer_25_magnitude_1_addr_2" [../src/non_maximum_suppression.cpp:91->../src/canny_top.cpp:31]   --->   Operation 118 'load' 'p_anonymous_namespace_lineBuffer_25_magnitude_1_load_1' <Predicate = (!icmp_ln81 & centre_direction == 0)> <Delay = 1.23> <CoreInst = "RAM">   --->   Core 82 'RAM' <Latency = 1> <II = 1> <Delay = 1.23> <Storage> <Opcode : 'load' 'store'> <Ports = 2> <Width = 8> <Depth = 768> <RAM>
ST_3 : Operation 119 [1/1] (0.39ns)   --->   "%neighbourOne = select i1 %trunc_ln81, i8 %p_anonymous_namespace_lineBuffer_25_magnitude_0_load_1, i8 %p_anonymous_namespace_lineBuffer_25_magnitude_1_load_1" [../src/non_maximum_suppression.cpp:91->../src/canny_top.cpp:31]   --->   Operation 119 'select' 'neighbourOne' <Predicate = (!icmp_ln81 & centre_direction == 0)> <Delay = 0.39> <CoreInst = "Sel">   --->   Core 73 'Sel' <Latency = 0> <II = 1> <Delay = 0.39> <FuncUnit> <Opcode : 'select'> <InPorts = 3> <OutPorts = 1>
ST_3 : Operation 120 [1/2] ( I:1.23ns O:1.23ns )   --->   "%p_anonymous_namespace_lineBuffer_25_magnitude_0_load_2 = load i10 %p_anonymous_namespace_lineBuffer_25_magnitude_0_addr_3" [../src/non_maximum_suppression.cpp:94->../src/canny_top.cpp:31]   --->   Operation 120 'load' 'p_anonymous_namespace_lineBuffer_25_magnitude_0_load_2' <Predicate = (!icmp_ln81 & centre_direction == 0)> <Delay = 1.23> <CoreInst = "RAM">   --->   Core 82 'RAM' <Latency = 1> <II = 1> <Delay = 1.23> <Storage> <Opcode : 'load' 'store'> <Ports = 2> <Width = 8> <Depth = 768> <RAM>
ST_3 : Operation 121 [1/2] ( I:1.23ns O:1.23ns )   --->   "%p_anonymous_namespace_lineBuffer_25_magnitude_1_load_2 = load i10 %p_anonymous_namespace_lineBuffer_25_magnitude_1_addr_3" [../src/non_maximum_suppression.cpp:94->../src/canny_top.cpp:31]   --->   Operation 121 'load' 'p_anonymous_namespace_lineBuffer_25_magnitude_1_load_2' <Predicate = (!icmp_ln81 & centre_direction == 0)> <Delay = 1.23> <CoreInst = "RAM">   --->   Core 82 'RAM' <Latency = 1> <II = 1> <Delay = 1.23> <Storage> <Opcode : 'load' 'store'> <Ports = 2> <Width = 8> <Depth = 768> <RAM>
ST_3 : Operation 122 [1/1] (0.39ns)   --->   "%neighbourTwo = select i1 %trunc_ln81, i8 %p_anonymous_namespace_lineBuffer_25_magnitude_0_load_2, i8 %p_anonymous_namespace_lineBuffer_25_magnitude_1_load_2" [../src/non_maximum_suppression.cpp:94->../src/canny_top.cpp:31]   --->   Operation 122 'select' 'neighbourTwo' <Predicate = (!icmp_ln81 & centre_direction == 0)> <Delay = 0.39> <CoreInst = "Sel">   --->   Core 73 'Sel' <Latency = 0> <II = 1> <Delay = 0.39> <FuncUnit> <Opcode : 'select'> <InPorts = 3> <OutPorts = 1>
ST_3 : Operation 123 [1/1] (0.00ns)   --->   "%neighbourOne_4 = phi i8 %neighbourOne_1, void %sw.bb63.i, i8 %neighbourOne_3, void %sw.bb52.i, i8 %neighbourOne_2, void %sw.bb39.i, i8 %neighbourOne, void %sw.bb.i"   --->   Operation 123 'phi' 'neighbourOne_4' <Predicate = true> <Delay = 0.00>
ST_3 : Operation 124 [1/1] (0.00ns)   --->   "%neighbourTwo_4 = phi i8 %neighbourTwo_1, void %sw.bb63.i, i8 %neighbourTwo_3, void %sw.bb52.i, i8 %neighbourTwo_2, void %sw.bb39.i, i8 %neighbourTwo, void %sw.bb.i"   --->   Operation 124 'phi' 'neighbourTwo_4' <Predicate = true> <Delay = 0.00>
ST_3 : Operation 125 [1/1] (0.76ns)   --->   "%icmp_ln123 = icmp_ult  i8 %centre_magnitude, i8 %neighbourOne_4" [../src/non_maximum_suppression.cpp:123->../src/canny_top.cpp:31]   --->   Operation 125 'icmp' 'icmp_ln123' <Predicate = true> <Delay = 0.76> <CoreInst = "Cmp">   --->   Core 9 'Cmp' <Latency = 0> <II = 1> <Delay = 0.76> <FuncUnit> <Opcode : 'seteq' 'setne' 'setle' 'setge' 'setlt' 'setgt'> <InPorts = 2> <OutPorts = 1>
ST_3 : Operation 126 [1/1] (0.00ns) (grouped into LUT with out node select_ln123)   --->   "%xor_ln123 = xor i1 %icmp_ln123, i1 1" [../src/non_maximum_suppression.cpp:123->../src/canny_top.cpp:31]   --->   Operation 126 'xor' 'xor_ln123' <Predicate = true> <Delay = 0.00> <CoreInst = "LogicGate">   --->   Core 74 'LogicGate' <Latency = 0> <II = 1> <Delay = 0.28> <FuncUnit> <Opcode : 'and' 'or' 'xor'> <InPorts = 2> <OutPorts = 1>
ST_3 : Operation 127 [1/1] (0.76ns)   --->   "%icmp_ln124 = icmp_ult  i8 %centre_magnitude, i8 %neighbourTwo_4" [../src/non_maximum_suppression.cpp:124->../src/canny_top.cpp:31]   --->   Operation 127 'icmp' 'icmp_ln124' <Predicate = true> <Delay = 0.76> <CoreInst = "Cmp">   --->   Core 9 'Cmp' <Latency = 0> <II = 1> <Delay = 0.76> <FuncUnit> <Opcode : 'seteq' 'setne' 'setle' 'setge' 'setlt' 'setgt'> <InPorts = 2> <OutPorts = 1>
ST_3 : Operation 128 [1/1] (0.00ns) (grouped into LUT with out node select_ln123)   --->   "%xor_ln124 = xor i1 %icmp_ln124, i1 1" [../src/non_maximum_suppression.cpp:124->../src/canny_top.cpp:31]   --->   Operation 128 'xor' 'xor_ln124' <Predicate = true> <Delay = 0.00> <CoreInst = "LogicGate">   --->   Core 74 'LogicGate' <Latency = 0> <II = 1> <Delay = 0.28> <FuncUnit> <Opcode : 'and' 'or' 'xor'> <InPorts = 2> <OutPorts = 1>
ST_3 : Operation 129 [1/1] (0.00ns) (grouped into LUT with out node select_ln123)   --->   "%and_ln123 = and i1 %xor_ln123, i1 %xor_ln124" [../src/non_maximum_suppression.cpp:123->../src/canny_top.cpp:31]   --->   Operation 129 'and' 'and_ln123' <Predicate = true> <Delay = 0.00> <CoreInst = "LogicGate">   --->   Core 74 'LogicGate' <Latency = 0> <II = 1> <Delay = 0.28> <FuncUnit> <Opcode : 'and' 'or' 'xor'> <InPorts = 2> <OutPorts = 1>
ST_3 : Operation 130 [1/1] (0.39ns) (out node of the LUT)   --->   "%select_ln123 = select i1 %and_ln123, i8 %centre_magnitude, i8 0" [../src/non_maximum_suppression.cpp:123->../src/canny_top.cpp:31]   --->   Operation 130 'select' 'select_ln123' <Predicate = true> <Delay = 0.39> <CoreInst = "Sel">   --->   Core 73 'Sel' <Latency = 0> <II = 1> <Delay = 0.39> <FuncUnit> <Opcode : 'select'> <InPorts = 3> <OutPorts = 1>

State 4 <SV = 3> <Delay = 1.23>
ST_4 : Operation 131 [1/1] (0.00ns)   --->   "%zext_ln81 = zext i9 %column_2" [../src/non_maximum_suppression.cpp:81->../src/canny_top.cpp:31]   --->   Operation 131 'zext' 'zext_ln81' <Predicate = (!icmp_ln81)> <Delay = 0.00>
ST_4 : Operation 132 [1/1] (0.00ns)   --->   "%specpipeline_ln81 = specpipeline void @_ssdm_op_SpecPipeline, i32 4294967295, i32 0, i32 0, i32 0, i32 4294967295, void @empty_10" [../src/non_maximum_suppression.cpp:81->../src/canny_top.cpp:31]   --->   Operation 132 'specpipeline' 'specpipeline_ln81' <Predicate = (!icmp_ln81)> <Delay = 0.00>
ST_4 : Operation 133 [1/1] (0.00ns)   --->   "%speclooptripcount_ln81 = speclooptripcount void @_ssdm_op_SpecLoopTripCount, i64 510, i64 510, i64 510" [../src/non_maximum_suppression.cpp:81->../src/canny_top.cpp:31]   --->   Operation 133 'speclooptripcount' 'speclooptripcount_ln81' <Predicate = (!icmp_ln81)> <Delay = 0.00>
ST_4 : Operation 134 [1/1] (0.00ns)   --->   "%specloopname_ln81 = specloopname void @_ssdm_op_SpecLoopName, void @empty_19" [../src/non_maximum_suppression.cpp:81->../src/canny_top.cpp:31]   --->   Operation 134 'specloopname' 'specloopname_ln81' <Predicate = (!icmp_ln81)> <Delay = 0.00>
ST_4 : Operation 135 [1/1] (0.00ns)   --->   "%out_nonmax_addr = getelementptr i8 %out_nonmax, i64 0, i64 %zext_ln81" [../src/non_maximum_suppression.cpp:129->../src/canny_top.cpp:31]   --->   Operation 135 'getelementptr' 'out_nonmax_addr' <Predicate = true> <Delay = 0.00>
ST_4 : Operation 136 [1/1] ( I:1.23ns O:1.23ns )   --->   "%store_ln123 = store i8 %select_ln123, i9 %out_nonmax_addr" [../src/non_maximum_suppression.cpp:123->../src/canny_top.cpp:31]   --->   Operation 136 'store' 'store_ln123' <Predicate = true> <Delay = 1.23> <CoreInst = "RAM">   --->   Core 82 'RAM' <Latency = 1> <II = 1> <Delay = 1.23> <Storage> <Opcode : 'load' 'store'> <Ports = 2> <Width = 8> <Depth = 512> <RAM>
ST_4 : Operation 137 [1/1] (0.00ns)   --->   "%br_ln81 = br void %for.body24.i" [../src/non_maximum_suppression.cpp:81->../src/canny_top.cpp:31]   --->   Operation 137 'br' 'br_ln81' <Predicate = true> <Delay = 0.00>


============================================================
+ Verbose Summary: Timing violations
============================================================
Target clock period: 5.000ns, clock uncertainty: 1.350ns.

 <State 1>: 1.664ns
The critical path consists of the following:
	'store' operation ('store_ln81', ../src/non_maximum_suppression.cpp:81->../src/canny_top.cpp:31) of constant 1 9 bit on local variable 'column', ../src/non_maximum_suppression.cpp:81->../src/canny_top.cpp:31 [12]  (0.427 ns)
	'load' operation 9 bit ('column', ../src/non_maximum_suppression.cpp:94->../src/canny_top.cpp:31) on local variable 'column', ../src/non_maximum_suppression.cpp:81->../src/canny_top.cpp:31 [15]  (0.000 ns)
	'getelementptr' operation 10 bit ('p_anonymous_namespace_lineBuffer_25_magnitude_0_addr', ../src/non_maximum_suppression.cpp:83->../src/canny_top.cpp:31) [30]  (0.000 ns)
	'load' operation 8 bit ('p_anonymous_namespace_lineBuffer_25_magnitude_0_load', ../src/non_maximum_suppression.cpp:83->../src/canny_top.cpp:31) on array 'p_anonymous_namespace_lineBuffer_25_magnitude_0' [40]  (1.237 ns)

 <State 2>: 2.310ns
The critical path consists of the following:
	'add' operation 9 bit ('add_ln91', ../src/non_maximum_suppression.cpp:91->../src/canny_top.cpp:31) [94]  (0.776 ns)
	'getelementptr' operation 10 bit ('p_anonymous_namespace_lineBuffer_25_magnitude_0_addr_2', ../src/non_maximum_suppression.cpp:91->../src/canny_top.cpp:31) [98]  (0.000 ns)
	'load' operation 8 bit ('p_anonymous_namespace_lineBuffer_25_magnitude_0_load_1', ../src/non_maximum_suppression.cpp:91->../src/canny_top.cpp:31) on array 'p_anonymous_namespace_lineBuffer_25_magnitude_0' [100]  (1.237 ns)
	blocking operation 0.297 ns on control path)

 <State 3>: 2.788ns
The critical path consists of the following:
	'load' operation 8 bit ('p_anonymous_namespace_lineBuffer_25_magnitude_0_load_5', ../src/non_maximum_suppression.cpp:107->../src/canny_top.cpp:31) on array 'p_anonymous_namespace_lineBuffer_25_magnitude_0' [46]  (1.237 ns)
	'select' operation 8 bit ('neighbourOne', ../src/non_maximum_suppression.cpp:107->../src/canny_top.cpp:31) [48]  (0.393 ns)
	'phi' operation 8 bit ('neighbourOne') with incoming values : ('neighbourOne', ../src/non_maximum_suppression.cpp:107->../src/canny_top.cpp:31) ('neighbourOne', ../src/non_maximum_suppression.cpp:99->../src/canny_top.cpp:31) ('neighbourOne', ../src/non_maximum_suppression.cpp:115->../src/canny_top.cpp:31) ('neighbourOne', ../src/non_maximum_suppression.cpp:91->../src/canny_top.cpp:31) [114]  (0.000 ns)
	'icmp' operation 1 bit ('icmp_ln123', ../src/non_maximum_suppression.cpp:123->../src/canny_top.cpp:31) [116]  (0.765 ns)
	'xor' operation 1 bit ('xor_ln123', ../src/non_maximum_suppression.cpp:123->../src/canny_top.cpp:31) [117]  (0.000 ns)
	'and' operation 1 bit ('and_ln123', ../src/non_maximum_suppression.cpp:123->../src/canny_top.cpp:31) [120]  (0.000 ns)
	'select' operation 8 bit ('select_ln123', ../src/non_maximum_suppression.cpp:123->../src/canny_top.cpp:31) [122]  (0.393 ns)

 <State 4>: 1.237ns
The critical path consists of the following:
	'getelementptr' operation 9 bit ('out_nonmax_addr', ../src/non_maximum_suppression.cpp:129->../src/canny_top.cpp:31) [121]  (0.000 ns)
	'store' operation ('store_ln123', ../src/non_maximum_suppression.cpp:123->../src/canny_top.cpp:31) of variable 'select_ln123', ../src/non_maximum_suppression.cpp:123->../src/canny_top.cpp:31 8 bit on array 'out_nonmax' [123]  (1.237 ns)


============================================================
+ Verbose Summary: Binding
============================================================
N/A
* FSMD analyzer results:
  - Output states:
 - Input state : 
  - Chain level:
	State 1
	State 2
	State 3
	State 4


============================================================
+ Verbose Summary: Datapath Resource usage 
============================================================
N/A
