

================================================================
== Vitis HLS Report for 'non_maximum_suppression_Pipeline_VITIS_LOOP_74_2'
================================================================
* Date:           Sat Jul 25 12:05:02 2026

* Version:        2025.2 (Build 6295257 on Nov 14 2025)
* Project:        canny_top
* Solution:       hls (Vitis Kernel Flow Target)
* Product family: zynquplus
* Target device:  xck26-sfvc784-2LV-c


================================================================
== Performance Estimates
================================================================
+ Timing: 
    * Summary: 
    +--------+---------+----------+------------+
    |  Clock |  Target | Estimated| Uncertainty|
    +--------+---------+----------+------------+
    |ap_clk  |  5.00 ns|  2.813 ns|     1.35 ns|
    +--------+---------+----------+------------+

+ Latency: 
    * Summary: 
    +---------+---------+----------+----------+-----+-----+-------------------+
    |  Latency (cycles) |  Latency (absolute) |  Interval |      Pipeline     |
    |   min   |   max   |    min   |    max   | min | max |        Type       |
    +---------+---------+----------+----------+-----+-----+-------------------+
    |     1027|     1027|  5.135 us|  5.135 us|    0|    0|  loop pipeline stp|
    +---------+---------+----------+----------+-----+-----+-------------------+

    + Detail: 
        * Instance: 
        N/A

        * Loop: 
        +-------------------+---------+---------+----------+-----------+-----------+------+----------+
        |                   |  Latency (cycles) | Iteration|  Initiation Interval  | Trip |          |
        |     Loop Name     |   min   |   max   |  Latency |  achieved |   target  | Count| Pipelined|
        +-------------------+---------+---------+----------+-----------+-----------+------+----------+
        |- VITIS_LOOP_74_2  |     1025|     1025|         4|          2|          1|   512|       yes|
        +-------------------+---------+---------+----------+-----------+-----------+------+----------+

============================================================
+ Verbose Summary: Synthesis Manager
============================================================
InlineROM: 1
ExposeGlobal: 0
============================================================
+ Verbose Summary: CDFG Model
============================================================
IsTopModel: 0
ResetActiveHigh: 1
IsCombinational: 0
IsDatapathOnly: 0
HasWiredReturn: 1
HasMFsm: 2
HasVarLatency: 1
IsPipeline: 0
IsRtlPipelined: 0
IsInstanceOverlapped: 0
IsDontTouch: 0
HasImplIP: 0
IsGatedGlobalClock: 0

+ Individual pipeline summary: 
  * Pipeline-0: initiation interval (II) = 2, depth = 4


============================================================
+ Verbose Summary: Schedule
============================================================
* Number of FSM states : 4
* Pipeline : 1
  Pipeline-0 : II = 2, D = 4, States = { 1 2 3 4 }
* Dataflow Pipeline: 0

* FSM state transitions: 
1 --> 2 
2 --> 3 
3 --> 4 
4 --> 

* FSM state operations: 

State 1 <SV = 0> <Delay = 2.46>
ST_1 : Operation 7 [1/1] (0.00ns)   --->   "%column_2 = alloca i32 1" [../src/non_maximum_suppression.cpp:74->../src/canny_top.cpp:32]   --->   Operation 7 'alloca' 'column_2' <Predicate = true> <Delay = 0.00>
ST_1 : Operation 8 [1/1] (0.00ns)   --->   "%select_ln14_1_read = read i2 @_ssdm_op_Read.ap_auto.i2, i2 %select_ln14_1" [../src/non_maximum_suppression.cpp:63->../src/canny_top.cpp:32]   --->   Operation 8 'read' 'select_ln14_1_read' <Predicate = true> <Delay = 0.00>
ST_1 : Operation 9 [1/1] (0.00ns)   --->   "%select_ln14_read = read i2 @_ssdm_op_Read.ap_auto.i2, i2 %select_ln14" [../src/non_maximum_suppression.cpp:63->../src/canny_top.cpp:32]   --->   Operation 9 'read' 'select_ln14_read' <Predicate = true> <Delay = 0.00>
ST_1 : Operation 10 [1/1] (0.00ns)   --->   "%zext_ln76_read = read i11 @_ssdm_op_Read.ap_auto.i11, i11 %zext_ln76" [../src/non_maximum_suppression.cpp:63->../src/canny_top.cpp:32]   --->   Operation 10 'read' 'zext_ln76_read' <Predicate = true> <Delay = 0.00>
ST_1 : Operation 11 [1/1] (0.00ns)   --->   "%result_3_read = read i2 @_ssdm_op_Read.ap_auto.i2, i2 %result_3" [../src/non_maximum_suppression.cpp:63->../src/canny_top.cpp:32]   --->   Operation 11 'read' 'result_3_read' <Predicate = true> <Delay = 0.00>
ST_1 : Operation 12 [1/1] (0.00ns)   --->   "%outputRow_read = read i31 @_ssdm_op_Read.ap_auto.i31, i31 %outputRow" [../src/non_maximum_suppression.cpp:63->../src/canny_top.cpp:32]   --->   Operation 12 'read' 'outputRow_read' <Predicate = true> <Delay = 0.00>
ST_1 : Operation 13 [1/1] (1.00ns)   --->   "%hasBottom = icmp_ult  i31 %outputRow_read, i31 511" [../src/non_maximum_suppression.cpp:63->../src/canny_top.cpp:32]   --->   Operation 13 'icmp' 'hasBottom' <Predicate = true> <Delay = 1.00> <CoreInst = "Cmp">   --->   Core 9 'Cmp' <Latency = 0> <II = 1> <Delay = 1.00> <FuncUnit> <Opcode : 'seteq' 'setne' 'setle' 'setge' 'setlt' 'setgt'> <InPorts = 2> <OutPorts = 1>
ST_1 : Operation 14 [1/1] (1.00ns)   --->   "%hasTop = icmp_ne  i31 %outputRow_read, i31 0" [../src/non_maximum_suppression.cpp:62->../src/canny_top.cpp:32]   --->   Operation 14 'icmp' 'hasTop' <Predicate = true> <Delay = 1.00> <CoreInst = "Cmp">   --->   Core 9 'Cmp' <Latency = 0> <II = 1> <Delay = 1.00> <FuncUnit> <Opcode : 'seteq' 'setne' 'setle' 'setge' 'setlt' 'setgt'> <InPorts = 2> <OutPorts = 1>
ST_1 : Operation 15 [1/1] (0.42ns)   --->   "%store_ln74 = store i10 0, i10 %column_2" [../src/non_maximum_suppression.cpp:74->../src/canny_top.cpp:32]   --->   Operation 15 'store' 'store_ln74' <Predicate = true> <Delay = 0.42>
ST_1 : Operation 16 [1/1] (0.00ns)   --->   "%br_ln0 = br void %for.body22.i"   --->   Operation 16 'br' 'br_ln0' <Predicate = true> <Delay = 0.00>
ST_1 : Operation 17 [1/1] (0.00ns)   --->   "%column = load i10 %column_2" [../src/non_maximum_suppression.cpp:74->../src/canny_top.cpp:32]   --->   Operation 17 'load' 'column' <Predicate = true> <Delay = 0.00>
ST_1 : Operation 18 [1/1] (0.78ns)   --->   "%icmp_ln74 = icmp_eq  i10 %column, i10 512" [../src/non_maximum_suppression.cpp:74->../src/canny_top.cpp:32]   --->   Operation 18 'icmp' 'icmp_ln74' <Predicate = true> <Delay = 0.78> <CoreInst = "Cmp">   --->   Core 9 'Cmp' <Latency = 0> <II = 1> <Delay = 0.78> <FuncUnit> <Opcode : 'seteq' 'setne' 'setle' 'setge' 'setlt' 'setgt'> <InPorts = 2> <OutPorts = 1>
ST_1 : Operation 19 [1/1] (0.78ns)   --->   "%add_ln74 = add i10 %column, i10 1" [../src/non_maximum_suppression.cpp:74->../src/canny_top.cpp:32]   --->   Operation 19 'add' 'add_ln74' <Predicate = true> <Delay = 0.78> <CoreInst = "Adder">   --->   Core 1 'Adder' <Latency = 0> <II = 1> <Delay = 0.78> <FuncUnit> <Opcode : 'add' 'sub'> <InPorts = 2> <OutPorts = 1>
ST_1 : Operation 20 [1/1] (0.00ns)   --->   "%br_ln74 = br i1 %icmp_ln74, void %for.body22.split.i, void %_Z23non_maximum_suppressionPK13GradientPixelPtbPb.3.exit.loopexit.exitStub" [../src/non_maximum_suppression.cpp:74->../src/canny_top.cpp:32]   --->   Operation 20 'br' 'br_ln74' <Predicate = true> <Delay = 0.00>
ST_1 : Operation 21 [1/1] (0.00ns)   --->   "%zext_ln76_2 = zext i10 %column" [../src/non_maximum_suppression.cpp:76->../src/canny_top.cpp:32]   --->   Operation 21 'zext' 'zext_ln76_2' <Predicate = (!icmp_ln74)> <Delay = 0.00>
ST_1 : Operation 22 [1/1] (0.79ns)   --->   "%add_ln76 = add i11 %zext_ln76_read, i11 %zext_ln76_2" [../src/non_maximum_suppression.cpp:76->../src/canny_top.cpp:32]   --->   Operation 22 'add' 'add_ln76' <Predicate = (!icmp_ln74)> <Delay = 0.79> <CoreInst = "Adder">   --->   Core 1 'Adder' <Latency = 0> <II = 1> <Delay = 0.79> <FuncUnit> <Opcode : 'add' 'sub'> <InPorts = 2> <OutPorts = 1>
ST_1 : Operation 23 [1/1] (0.00ns)   --->   "%zext_ln76_3 = zext i11 %add_ln76" [../src/non_maximum_suppression.cpp:76->../src/canny_top.cpp:32]   --->   Operation 23 'zext' 'zext_ln76_3' <Predicate = (!icmp_ln74)> <Delay = 0.00>
ST_1 : Operation 24 [1/1] (0.00ns)   --->   "%p_anonymous_namespace_lineBuffer_direction_addr = getelementptr i2 %p_anonymous_namespace_lineBuffer_direction, i64 0, i64 %zext_ln76_3" [../src/non_maximum_suppression.cpp:76->../src/canny_top.cpp:32]   --->   Operation 24 'getelementptr' 'p_anonymous_namespace_lineBuffer_direction_addr' <Predicate = (!icmp_ln74)> <Delay = 0.00>
ST_1 : Operation 25 [1/1] (0.00ns)   --->   "%lshr_ln1 = partselect i8 @_ssdm_op_PartSelect.i8.i10.i32.i32, i10 %column, i32 1, i32 8" [../src/non_maximum_suppression.cpp:74->../src/canny_top.cpp:32]   --->   Operation 25 'partselect' 'lshr_ln1' <Predicate = (!icmp_ln74)> <Delay = 0.00>
ST_1 : Operation 26 [1/1] (0.00ns)   --->   "%tmp_s = bitconcatenate i10 @_ssdm_op_BitConcatenate.i10.i2.i8, i2 %result_3_read, i8 %lshr_ln1" [../src/non_maximum_suppression.cpp:76->../src/canny_top.cpp:32]   --->   Operation 26 'bitconcatenate' 'tmp_s' <Predicate = (!icmp_ln74)> <Delay = 0.00>
ST_1 : Operation 27 [1/1] (0.00ns)   --->   "%zext_ln76_1 = zext i10 %tmp_s" [../src/non_maximum_suppression.cpp:76->../src/canny_top.cpp:32]   --->   Operation 27 'zext' 'zext_ln76_1' <Predicate = (!icmp_ln74)> <Delay = 0.00>
ST_1 : Operation 28 [1/1] (0.00ns)   --->   "%p_anonymous_namespace_lineBuffer_25_magnitude_0_addr = getelementptr i11 %p_anonymous_namespace_lineBuffer_25_magnitude_0, i64 0, i64 %zext_ln76_1" [../src/non_maximum_suppression.cpp:76->../src/canny_top.cpp:32]   --->   Operation 28 'getelementptr' 'p_anonymous_namespace_lineBuffer_25_magnitude_0_addr' <Predicate = (!icmp_ln74)> <Delay = 0.00>
ST_1 : Operation 29 [1/1] (0.00ns)   --->   "%p_anonymous_namespace_lineBuffer_25_magnitude_1_addr = getelementptr i11 %p_anonymous_namespace_lineBuffer_25_magnitude_1, i64 0, i64 %zext_ln76_1" [../src/non_maximum_suppression.cpp:76->../src/canny_top.cpp:32]   --->   Operation 29 'getelementptr' 'p_anonymous_namespace_lineBuffer_25_magnitude_1_addr' <Predicate = (!icmp_ln74)> <Delay = 0.00>
ST_1 : Operation 30 [2/2] (1.23ns)   --->   "%p_anonymous_namespace_lineBuffer_25_magnitude_0_load = load i10 %p_anonymous_namespace_lineBuffer_25_magnitude_0_addr" [../src/non_maximum_suppression.cpp:76->../src/canny_top.cpp:32]   --->   Operation 30 'load' 'p_anonymous_namespace_lineBuffer_25_magnitude_0_load' <Predicate = (!icmp_ln74)> <Delay = 1.23> <CoreInst = "RAM">   --->   Core 82 'RAM' <Latency = 1> <II = 1> <Delay = 1.23> <Storage> <Opcode : 'load' 'store'> <Ports = 2> <Width = 11> <Depth = 768> <RAM>
ST_1 : Operation 31 [2/2] (1.23ns)   --->   "%p_anonymous_namespace_lineBuffer_25_magnitude_1_load = load i10 %p_anonymous_namespace_lineBuffer_25_magnitude_1_addr" [../src/non_maximum_suppression.cpp:76->../src/canny_top.cpp:32]   --->   Operation 31 'load' 'p_anonymous_namespace_lineBuffer_25_magnitude_1_load' <Predicate = (!icmp_ln74)> <Delay = 1.23> <CoreInst = "RAM">   --->   Core 82 'RAM' <Latency = 1> <II = 1> <Delay = 1.23> <Storage> <Opcode : 'load' 'store'> <Ports = 2> <Width = 11> <Depth = 768> <RAM>
ST_1 : Operation 32 [2/2] (1.23ns)   --->   "%centre_direction = load i11 %p_anonymous_namespace_lineBuffer_direction_addr" [../src/non_maximum_suppression.cpp:76->../src/canny_top.cpp:32]   --->   Operation 32 'load' 'centre_direction' <Predicate = (!icmp_ln74)> <Delay = 1.23> <CoreInst = "RAM">   --->   Core 82 'RAM' <Latency = 1> <II = 1> <Delay = 1.23> <Storage> <Opcode : 'load' 'store'> <Ports = 2> <Width = 2> <Depth = 1536> <RAM>
ST_1 : Operation 33 [1/1] (0.42ns)   --->   "%store_ln74 = store i10 %add_ln74, i10 %column_2" [../src/non_maximum_suppression.cpp:74->../src/canny_top.cpp:32]   --->   Operation 33 'store' 'store_ln74' <Predicate = (!icmp_ln74)> <Delay = 0.42>

State 2 <SV = 1> <Delay = 2.35>
ST_2 : Operation 34 [1/1] (0.00ns)   --->   "%trunc_ln74 = trunc i10 %column" [../src/non_maximum_suppression.cpp:74->../src/canny_top.cpp:32]   --->   Operation 34 'trunc' 'trunc_ln74' <Predicate = (!icmp_ln74)> <Delay = 0.00>
ST_2 : Operation 35 [1/1] (0.00ns)   --->   "%trunc_ln74_1 = trunc i10 %column" [../src/non_maximum_suppression.cpp:74->../src/canny_top.cpp:32]   --->   Operation 35 'trunc' 'trunc_ln74_1' <Predicate = (!icmp_ln74)> <Delay = 0.00>
ST_2 : Operation 36 [1/1] (0.00ns)   --->   "%tmp_12 = bitconcatenate i10 @_ssdm_op_BitConcatenate.i10.i2.i8, i2 %select_ln14_read, i8 %lshr_ln1" [../src/non_maximum_suppression.cpp:103->../src/canny_top.cpp:32]   --->   Operation 36 'bitconcatenate' 'tmp_12' <Predicate = (!icmp_ln74 & hasTop)> <Delay = 0.00>
ST_2 : Operation 37 [1/1] (0.00ns)   --->   "%zext_ln103 = zext i10 %tmp_12" [../src/non_maximum_suppression.cpp:103->../src/canny_top.cpp:32]   --->   Operation 37 'zext' 'zext_ln103' <Predicate = (!icmp_ln74 & hasTop)> <Delay = 0.00>
ST_2 : Operation 38 [1/1] (0.00ns)   --->   "%p_anonymous_namespace_lineBuffer_25_magnitude_0_addr_1 = getelementptr i11 %p_anonymous_namespace_lineBuffer_25_magnitude_0, i64 0, i64 %zext_ln103" [../src/non_maximum_suppression.cpp:103->../src/canny_top.cpp:32]   --->   Operation 38 'getelementptr' 'p_anonymous_namespace_lineBuffer_25_magnitude_0_addr_1' <Predicate = (!icmp_ln74 & hasTop)> <Delay = 0.00>
ST_2 : Operation 39 [1/1] (0.00ns)   --->   "%tmp_13 = bitconcatenate i10 @_ssdm_op_BitConcatenate.i10.i2.i8, i2 %select_ln14_1_read, i8 %lshr_ln1" [../src/non_maximum_suppression.cpp:106->../src/canny_top.cpp:32]   --->   Operation 39 'bitconcatenate' 'tmp_13' <Predicate = (!icmp_ln74)> <Delay = 0.00>
ST_2 : Operation 40 [1/1] (0.00ns)   --->   "%zext_ln106 = zext i10 %tmp_13" [../src/non_maximum_suppression.cpp:106->../src/canny_top.cpp:32]   --->   Operation 40 'zext' 'zext_ln106' <Predicate = (!icmp_ln74)> <Delay = 0.00>
ST_2 : Operation 41 [1/1] (0.00ns)   --->   "%p_anonymous_namespace_lineBuffer_25_magnitude_0_addr_4 = getelementptr i11 %p_anonymous_namespace_lineBuffer_25_magnitude_0, i64 0, i64 %zext_ln106" [../src/non_maximum_suppression.cpp:106->../src/canny_top.cpp:32]   --->   Operation 41 'getelementptr' 'p_anonymous_namespace_lineBuffer_25_magnitude_0_addr_4' <Predicate = (!icmp_ln74)> <Delay = 0.00>
ST_2 : Operation 42 [1/1] (0.00ns)   --->   "%p_anonymous_namespace_lineBuffer_25_magnitude_1_addr_1 = getelementptr i11 %p_anonymous_namespace_lineBuffer_25_magnitude_1, i64 0, i64 %zext_ln103" [../src/non_maximum_suppression.cpp:103->../src/canny_top.cpp:32]   --->   Operation 42 'getelementptr' 'p_anonymous_namespace_lineBuffer_25_magnitude_1_addr_1' <Predicate = (!icmp_ln74 & hasTop)> <Delay = 0.00>
ST_2 : Operation 43 [1/1] (0.00ns)   --->   "%p_anonymous_namespace_lineBuffer_25_magnitude_1_addr_4 = getelementptr i11 %p_anonymous_namespace_lineBuffer_25_magnitude_1, i64 0, i64 %zext_ln106" [../src/non_maximum_suppression.cpp:106->../src/canny_top.cpp:32]   --->   Operation 43 'getelementptr' 'p_anonymous_namespace_lineBuffer_25_magnitude_1_addr_4' <Predicate = (!icmp_ln74)> <Delay = 0.00>
ST_2 : Operation 44 [1/2] ( I:1.23ns O:1.23ns )   --->   "%p_anonymous_namespace_lineBuffer_25_magnitude_0_load = load i10 %p_anonymous_namespace_lineBuffer_25_magnitude_0_addr" [../src/non_maximum_suppression.cpp:76->../src/canny_top.cpp:32]   --->   Operation 44 'load' 'p_anonymous_namespace_lineBuffer_25_magnitude_0_load' <Predicate = (!icmp_ln74)> <Delay = 1.23> <CoreInst = "RAM">   --->   Core 82 'RAM' <Latency = 1> <II = 1> <Delay = 1.23> <Storage> <Opcode : 'load' 'store'> <Ports = 2> <Width = 11> <Depth = 768> <RAM>
ST_2 : Operation 45 [1/2] ( I:1.23ns O:1.23ns )   --->   "%p_anonymous_namespace_lineBuffer_25_magnitude_1_load = load i10 %p_anonymous_namespace_lineBuffer_25_magnitude_1_addr" [../src/non_maximum_suppression.cpp:76->../src/canny_top.cpp:32]   --->   Operation 45 'load' 'p_anonymous_namespace_lineBuffer_25_magnitude_1_load' <Predicate = (!icmp_ln74)> <Delay = 1.23> <CoreInst = "RAM">   --->   Core 82 'RAM' <Latency = 1> <II = 1> <Delay = 1.23> <Storage> <Opcode : 'load' 'store'> <Ports = 2> <Width = 11> <Depth = 768> <RAM>
ST_2 : Operation 46 [1/1] (0.38ns)   --->   "%centre_magnitude = select i1 %trunc_ln74_1, i11 %p_anonymous_namespace_lineBuffer_25_magnitude_1_load, i11 %p_anonymous_namespace_lineBuffer_25_magnitude_0_load" [../src/non_maximum_suppression.cpp:76->../src/canny_top.cpp:32]   --->   Operation 46 'select' 'centre_magnitude' <Predicate = (!icmp_ln74)> <Delay = 0.38> <CoreInst = "Sel">   --->   Core 73 'Sel' <Latency = 0> <II = 1> <Delay = 0.38> <FuncUnit> <Opcode : 'select'> <InPorts = 3> <OutPorts = 1>
ST_2 : Operation 47 [1/2] ( I:1.23ns O:1.23ns )   --->   "%centre_direction = load i11 %p_anonymous_namespace_lineBuffer_direction_addr" [../src/non_maximum_suppression.cpp:76->../src/canny_top.cpp:32]   --->   Operation 47 'load' 'centre_direction' <Predicate = (!icmp_ln74)> <Delay = 1.23> <CoreInst = "RAM">   --->   Core 82 'RAM' <Latency = 1> <II = 1> <Delay = 1.23> <Storage> <Opcode : 'load' 'store'> <Ports = 2> <Width = 2> <Depth = 1536> <RAM>
ST_2 : Operation 48 [1/1] (0.78ns)   --->   "%hasLeft = icmp_ne  i10 %column, i10 0" [../src/non_maximum_suppression.cpp:78->../src/canny_top.cpp:32]   --->   Operation 48 'icmp' 'hasLeft' <Predicate = (!icmp_ln74)> <Delay = 0.78> <CoreInst = "Cmp">   --->   Core 9 'Cmp' <Latency = 0> <II = 1> <Delay = 0.78> <FuncUnit> <Opcode : 'seteq' 'setne' 'setle' 'setge' 'setlt' 'setgt'> <InPorts = 2> <OutPorts = 1>
ST_2 : Operation 49 [1/1] (0.78ns)   --->   "%hasRight = icmp_ult  i10 %column, i10 511" [../src/non_maximum_suppression.cpp:79->../src/canny_top.cpp:32]   --->   Operation 49 'icmp' 'hasRight' <Predicate = (!icmp_ln74)> <Delay = 0.78> <CoreInst = "Cmp">   --->   Core 9 'Cmp' <Latency = 0> <II = 1> <Delay = 0.78> <FuncUnit> <Opcode : 'seteq' 'setne' 'setle' 'setge' 'setlt' 'setgt'> <InPorts = 2> <OutPorts = 1>
ST_2 : Operation 50 [1/1] (0.54ns)   --->   "%switch_ln84 = switch i2 %centre_direction, void %sw.bb.i_ifconv, i2 3, void %sw.bb95.i_ifconv, i2 1, void %sw.bb46.i_ifconv, i2 2, void %sw.bb72.i_ifconv" [../src/non_maximum_suppression.cpp:84->../src/canny_top.cpp:32]   --->   Operation 50 'switch' 'switch_ln84' <Predicate = (!icmp_ln74)> <Delay = 0.54>
ST_2 : Operation 51 [2/2] (1.23ns)   --->   "%p_anonymous_namespace_lineBuffer_25_magnitude_0_load_3 = load i10 %p_anonymous_namespace_lineBuffer_25_magnitude_0_addr_1" [../src/non_maximum_suppression.cpp:103->../src/canny_top.cpp:32]   --->   Operation 51 'load' 'p_anonymous_namespace_lineBuffer_25_magnitude_0_load_3' <Predicate = (!icmp_ln74 & centre_direction == 2 & hasTop)> <Delay = 1.23> <CoreInst = "RAM">   --->   Core 82 'RAM' <Latency = 1> <II = 1> <Delay = 1.23> <Storage> <Opcode : 'load' 'store'> <Ports = 2> <Width = 11> <Depth = 768> <RAM>
ST_2 : Operation 52 [2/2] (1.23ns)   --->   "%p_anonymous_namespace_lineBuffer_25_magnitude_1_load_3 = load i10 %p_anonymous_namespace_lineBuffer_25_magnitude_1_addr_1" [../src/non_maximum_suppression.cpp:103->../src/canny_top.cpp:32]   --->   Operation 52 'load' 'p_anonymous_namespace_lineBuffer_25_magnitude_1_load_3' <Predicate = (!icmp_ln74 & centre_direction == 2 & hasTop)> <Delay = 1.23> <CoreInst = "RAM">   --->   Core 82 'RAM' <Latency = 1> <II = 1> <Delay = 1.23> <Storage> <Opcode : 'load' 'store'> <Ports = 2> <Width = 11> <Depth = 768> <RAM>
ST_2 : Operation 53 [1/1] (0.57ns)   --->   "%br_ln105 = br i1 %hasBottom, void %sw.epilog.i, void %cond.true84.i" [../src/non_maximum_suppression.cpp:105->../src/canny_top.cpp:32]   --->   Operation 53 'br' 'br_ln105' <Predicate = (!icmp_ln74 & centre_direction == 2)> <Delay = 0.57>
ST_2 : Operation 54 [2/2] (1.23ns)   --->   "%p_anonymous_namespace_lineBuffer_25_magnitude_0_load_7 = load i10 %p_anonymous_namespace_lineBuffer_25_magnitude_0_addr_4" [../src/non_maximum_suppression.cpp:106->../src/canny_top.cpp:32]   --->   Operation 54 'load' 'p_anonymous_namespace_lineBuffer_25_magnitude_0_load_7' <Predicate = (!icmp_ln74 & centre_direction == 2 & hasBottom)> <Delay = 1.23> <CoreInst = "RAM">   --->   Core 82 'RAM' <Latency = 1> <II = 1> <Delay = 1.23> <Storage> <Opcode : 'load' 'store'> <Ports = 2> <Width = 11> <Depth = 768> <RAM>
ST_2 : Operation 55 [2/2] (1.23ns)   --->   "%p_anonymous_namespace_lineBuffer_25_magnitude_1_load_7 = load i10 %p_anonymous_namespace_lineBuffer_25_magnitude_1_addr_4" [../src/non_maximum_suppression.cpp:106->../src/canny_top.cpp:32]   --->   Operation 55 'load' 'p_anonymous_namespace_lineBuffer_25_magnitude_1_load_7' <Predicate = (!icmp_ln74 & centre_direction == 2 & hasBottom)> <Delay = 1.23> <CoreInst = "RAM">   --->   Core 82 'RAM' <Latency = 1> <II = 1> <Delay = 1.23> <Storage> <Opcode : 'load' 'store'> <Ports = 2> <Width = 11> <Depth = 768> <RAM>
ST_2 : Operation 56 [1/1] (0.57ns)   --->   "%br_ln105 = br void %sw.epilog.i" [../src/non_maximum_suppression.cpp:105->../src/canny_top.cpp:32]   --->   Operation 56 'br' 'br_ln105' <Predicate = (!icmp_ln74 & centre_direction == 2 & hasBottom)> <Delay = 0.57>
ST_2 : Operation 57 [1/1] (0.77ns)   --->   "%add_ln95 = add i9 %trunc_ln74, i9 511" [../src/non_maximum_suppression.cpp:95->../src/canny_top.cpp:32]   --->   Operation 57 'add' 'add_ln95' <Predicate = (!icmp_ln74 & centre_direction == 1)> <Delay = 0.77> <CoreInst = "Adder">   --->   Core 1 'Adder' <Latency = 0> <II = 1> <Delay = 0.77> <FuncUnit> <Opcode : 'add' 'sub'> <InPorts = 2> <OutPorts = 1>
ST_2 : Operation 58 [1/1] (0.00ns)   --->   "%lshr_ln4 = partselect i8 @_ssdm_op_PartSelect.i8.i9.i32.i32, i9 %add_ln95, i32 1, i32 8" [../src/non_maximum_suppression.cpp:95->../src/canny_top.cpp:32]   --->   Operation 58 'partselect' 'lshr_ln4' <Predicate = (!icmp_ln74 & centre_direction == 1)> <Delay = 0.00>
ST_2 : Operation 59 [1/1] (0.00ns)   --->   "%tmp_16 = bitconcatenate i10 @_ssdm_op_BitConcatenate.i10.i2.i8, i2 %select_ln14_read, i8 %lshr_ln4" [../src/non_maximum_suppression.cpp:95->../src/canny_top.cpp:32]   --->   Operation 59 'bitconcatenate' 'tmp_16' <Predicate = (!icmp_ln74 & centre_direction == 1)> <Delay = 0.00>
ST_2 : Operation 60 [1/1] (0.00ns)   --->   "%zext_ln95 = zext i10 %tmp_16" [../src/non_maximum_suppression.cpp:95->../src/canny_top.cpp:32]   --->   Operation 60 'zext' 'zext_ln95' <Predicate = (!icmp_ln74 & centre_direction == 1)> <Delay = 0.00>
ST_2 : Operation 61 [1/1] (0.00ns)   --->   "%p_anonymous_namespace_lineBuffer_25_magnitude_0_addr_3 = getelementptr i11 %p_anonymous_namespace_lineBuffer_25_magnitude_0, i64 0, i64 %zext_ln95" [../src/non_maximum_suppression.cpp:95->../src/canny_top.cpp:32]   --->   Operation 61 'getelementptr' 'p_anonymous_namespace_lineBuffer_25_magnitude_0_addr_3' <Predicate = (!icmp_ln74 & centre_direction == 1)> <Delay = 0.00>
ST_2 : Operation 62 [1/1] (0.00ns)   --->   "%p_anonymous_namespace_lineBuffer_25_magnitude_1_addr_3 = getelementptr i11 %p_anonymous_namespace_lineBuffer_25_magnitude_1, i64 0, i64 %zext_ln95" [../src/non_maximum_suppression.cpp:95->../src/canny_top.cpp:32]   --->   Operation 62 'getelementptr' 'p_anonymous_namespace_lineBuffer_25_magnitude_1_addr_3' <Predicate = (!icmp_ln74 & centre_direction == 1)> <Delay = 0.00>
ST_2 : Operation 63 [2/2] (1.23ns)   --->   "%p_anonymous_namespace_lineBuffer_25_magnitude_0_load_2 = load i10 %p_anonymous_namespace_lineBuffer_25_magnitude_0_addr_3" [../src/non_maximum_suppression.cpp:95->../src/canny_top.cpp:32]   --->   Operation 63 'load' 'p_anonymous_namespace_lineBuffer_25_magnitude_0_load_2' <Predicate = (!icmp_ln74 & centre_direction == 1)> <Delay = 1.23> <CoreInst = "RAM">   --->   Core 82 'RAM' <Latency = 1> <II = 1> <Delay = 1.23> <Storage> <Opcode : 'load' 'store'> <Ports = 2> <Width = 11> <Depth = 768> <RAM>
ST_2 : Operation 64 [2/2] (1.23ns)   --->   "%p_anonymous_namespace_lineBuffer_25_magnitude_1_load_2 = load i10 %p_anonymous_namespace_lineBuffer_25_magnitude_1_addr_3" [../src/non_maximum_suppression.cpp:95->../src/canny_top.cpp:32]   --->   Operation 64 'load' 'p_anonymous_namespace_lineBuffer_25_magnitude_1_load_2' <Predicate = (!icmp_ln74 & centre_direction == 1)> <Delay = 1.23> <CoreInst = "RAM">   --->   Core 82 'RAM' <Latency = 1> <II = 1> <Delay = 1.23> <Storage> <Opcode : 'load' 'store'> <Ports = 2> <Width = 11> <Depth = 768> <RAM>
ST_2 : Operation 65 [1/1] (0.28ns)   --->   "%and_ln97 = and i1 %hasBottom, i1 %hasRight" [../src/non_maximum_suppression.cpp:97->../src/canny_top.cpp:32]   --->   Operation 65 'and' 'and_ln97' <Predicate = (!icmp_ln74 & centre_direction == 1)> <Delay = 0.28> <CoreInst = "LogicGate">   --->   Core 74 'LogicGate' <Latency = 0> <II = 1> <Delay = 0.28> <FuncUnit> <Opcode : 'and' 'or' 'xor'> <InPorts = 2> <OutPorts = 1>
ST_2 : Operation 66 [1/1] (0.57ns)   --->   "%br_ln97 = br i1 %and_ln97, void %sw.epilog.i, void %cond.true60.i" [../src/non_maximum_suppression.cpp:97->../src/canny_top.cpp:32]   --->   Operation 66 'br' 'br_ln97' <Predicate = (!icmp_ln74 & centre_direction == 1)> <Delay = 0.57>
ST_2 : Operation 67 [1/1] (0.77ns)   --->   "%add_ln98 = add i9 %trunc_ln74, i9 1" [../src/non_maximum_suppression.cpp:98->../src/canny_top.cpp:32]   --->   Operation 67 'add' 'add_ln98' <Predicate = (!icmp_ln74 & centre_direction == 1 & and_ln97)> <Delay = 0.77> <CoreInst = "Adder">   --->   Core 1 'Adder' <Latency = 0> <II = 1> <Delay = 0.77> <FuncUnit> <Opcode : 'add' 'sub'> <InPorts = 2> <OutPorts = 1>
ST_2 : Operation 68 [1/1] (0.00ns)   --->   "%lshr_ln7 = partselect i8 @_ssdm_op_PartSelect.i8.i9.i32.i32, i9 %add_ln98, i32 1, i32 8" [../src/non_maximum_suppression.cpp:98->../src/canny_top.cpp:32]   --->   Operation 68 'partselect' 'lshr_ln7' <Predicate = (!icmp_ln74 & centre_direction == 1 & and_ln97)> <Delay = 0.00>
ST_2 : Operation 69 [1/1] (0.00ns)   --->   "%tmp_19 = bitconcatenate i10 @_ssdm_op_BitConcatenate.i10.i2.i8, i2 %select_ln14_1_read, i8 %lshr_ln7" [../src/non_maximum_suppression.cpp:98->../src/canny_top.cpp:32]   --->   Operation 69 'bitconcatenate' 'tmp_19' <Predicate = (!icmp_ln74 & centre_direction == 1 & and_ln97)> <Delay = 0.00>
ST_2 : Operation 70 [1/1] (0.00ns)   --->   "%zext_ln98 = zext i10 %tmp_19" [../src/non_maximum_suppression.cpp:98->../src/canny_top.cpp:32]   --->   Operation 70 'zext' 'zext_ln98' <Predicate = (!icmp_ln74 & centre_direction == 1 & and_ln97)> <Delay = 0.00>
ST_2 : Operation 71 [1/1] (0.00ns)   --->   "%p_anonymous_namespace_lineBuffer_25_magnitude_0_addr_7 = getelementptr i11 %p_anonymous_namespace_lineBuffer_25_magnitude_0, i64 0, i64 %zext_ln98" [../src/non_maximum_suppression.cpp:98->../src/canny_top.cpp:32]   --->   Operation 71 'getelementptr' 'p_anonymous_namespace_lineBuffer_25_magnitude_0_addr_7' <Predicate = (!icmp_ln74 & centre_direction == 1 & and_ln97)> <Delay = 0.00>
ST_2 : Operation 72 [1/1] (0.00ns)   --->   "%p_anonymous_namespace_lineBuffer_25_magnitude_1_addr_7 = getelementptr i11 %p_anonymous_namespace_lineBuffer_25_magnitude_1, i64 0, i64 %zext_ln98" [../src/non_maximum_suppression.cpp:98->../src/canny_top.cpp:32]   --->   Operation 72 'getelementptr' 'p_anonymous_namespace_lineBuffer_25_magnitude_1_addr_7' <Predicate = (!icmp_ln74 & centre_direction == 1 & and_ln97)> <Delay = 0.00>
ST_2 : Operation 73 [2/2] (1.23ns)   --->   "%p_anonymous_namespace_lineBuffer_25_magnitude_0_load_6 = load i10 %p_anonymous_namespace_lineBuffer_25_magnitude_0_addr_7" [../src/non_maximum_suppression.cpp:98->../src/canny_top.cpp:32]   --->   Operation 73 'load' 'p_anonymous_namespace_lineBuffer_25_magnitude_0_load_6' <Predicate = (!icmp_ln74 & centre_direction == 1 & and_ln97)> <Delay = 1.23> <CoreInst = "RAM">   --->   Core 82 'RAM' <Latency = 1> <II = 1> <Delay = 1.23> <Storage> <Opcode : 'load' 'store'> <Ports = 2> <Width = 11> <Depth = 768> <RAM>
ST_2 : Operation 74 [2/2] (1.23ns)   --->   "%p_anonymous_namespace_lineBuffer_25_magnitude_1_load_6 = load i10 %p_anonymous_namespace_lineBuffer_25_magnitude_1_addr_7" [../src/non_maximum_suppression.cpp:98->../src/canny_top.cpp:32]   --->   Operation 74 'load' 'p_anonymous_namespace_lineBuffer_25_magnitude_1_load_6' <Predicate = (!icmp_ln74 & centre_direction == 1 & and_ln97)> <Delay = 1.23> <CoreInst = "RAM">   --->   Core 82 'RAM' <Latency = 1> <II = 1> <Delay = 1.23> <Storage> <Opcode : 'load' 'store'> <Ports = 2> <Width = 11> <Depth = 768> <RAM>
ST_2 : Operation 75 [1/1] (0.57ns)   --->   "%br_ln97 = br void %sw.epilog.i" [../src/non_maximum_suppression.cpp:97->../src/canny_top.cpp:32]   --->   Operation 75 'br' 'br_ln97' <Predicate = (!icmp_ln74 & centre_direction == 1 & and_ln97)> <Delay = 0.57>
ST_2 : Operation 76 [1/1] (0.77ns)   --->   "%add_ln111 = add i9 %trunc_ln74, i9 1" [../src/non_maximum_suppression.cpp:111->../src/canny_top.cpp:32]   --->   Operation 76 'add' 'add_ln111' <Predicate = (!icmp_ln74 & centre_direction == 3)> <Delay = 0.77> <CoreInst = "Adder">   --->   Core 1 'Adder' <Latency = 0> <II = 1> <Delay = 0.77> <FuncUnit> <Opcode : 'add' 'sub'> <InPorts = 2> <OutPorts = 1>
ST_2 : Operation 77 [1/1] (0.00ns)   --->   "%lshr_ln3 = partselect i8 @_ssdm_op_PartSelect.i8.i9.i32.i32, i9 %add_ln111, i32 1, i32 8" [../src/non_maximum_suppression.cpp:111->../src/canny_top.cpp:32]   --->   Operation 77 'partselect' 'lshr_ln3' <Predicate = (!icmp_ln74 & centre_direction == 3)> <Delay = 0.00>
ST_2 : Operation 78 [1/1] (0.00ns)   --->   "%tmp_15 = bitconcatenate i10 @_ssdm_op_BitConcatenate.i10.i2.i8, i2 %select_ln14_read, i8 %lshr_ln3" [../src/non_maximum_suppression.cpp:111->../src/canny_top.cpp:32]   --->   Operation 78 'bitconcatenate' 'tmp_15' <Predicate = (!icmp_ln74 & centre_direction == 3)> <Delay = 0.00>
ST_2 : Operation 79 [1/1] (0.00ns)   --->   "%zext_ln111 = zext i10 %tmp_15" [../src/non_maximum_suppression.cpp:111->../src/canny_top.cpp:32]   --->   Operation 79 'zext' 'zext_ln111' <Predicate = (!icmp_ln74 & centre_direction == 3)> <Delay = 0.00>
ST_2 : Operation 80 [1/1] (0.00ns)   --->   "%p_anonymous_namespace_lineBuffer_25_magnitude_0_addr_5 = getelementptr i11 %p_anonymous_namespace_lineBuffer_25_magnitude_0, i64 0, i64 %zext_ln111" [../src/non_maximum_suppression.cpp:111->../src/canny_top.cpp:32]   --->   Operation 80 'getelementptr' 'p_anonymous_namespace_lineBuffer_25_magnitude_0_addr_5' <Predicate = (!icmp_ln74 & centre_direction == 3)> <Delay = 0.00>
ST_2 : Operation 81 [1/1] (0.00ns)   --->   "%p_anonymous_namespace_lineBuffer_25_magnitude_1_addr_5 = getelementptr i11 %p_anonymous_namespace_lineBuffer_25_magnitude_1, i64 0, i64 %zext_ln111" [../src/non_maximum_suppression.cpp:111->../src/canny_top.cpp:32]   --->   Operation 81 'getelementptr' 'p_anonymous_namespace_lineBuffer_25_magnitude_1_addr_5' <Predicate = (!icmp_ln74 & centre_direction == 3)> <Delay = 0.00>
ST_2 : Operation 82 [2/2] (1.23ns)   --->   "%p_anonymous_namespace_lineBuffer_25_magnitude_0_load_4 = load i10 %p_anonymous_namespace_lineBuffer_25_magnitude_0_addr_5" [../src/non_maximum_suppression.cpp:111->../src/canny_top.cpp:32]   --->   Operation 82 'load' 'p_anonymous_namespace_lineBuffer_25_magnitude_0_load_4' <Predicate = (!icmp_ln74 & centre_direction == 3)> <Delay = 1.23> <CoreInst = "RAM">   --->   Core 82 'RAM' <Latency = 1> <II = 1> <Delay = 1.23> <Storage> <Opcode : 'load' 'store'> <Ports = 2> <Width = 11> <Depth = 768> <RAM>
ST_2 : Operation 83 [2/2] (1.23ns)   --->   "%p_anonymous_namespace_lineBuffer_25_magnitude_1_load_4 = load i10 %p_anonymous_namespace_lineBuffer_25_magnitude_1_addr_5" [../src/non_maximum_suppression.cpp:111->../src/canny_top.cpp:32]   --->   Operation 83 'load' 'p_anonymous_namespace_lineBuffer_25_magnitude_1_load_4' <Predicate = (!icmp_ln74 & centre_direction == 3)> <Delay = 1.23> <CoreInst = "RAM">   --->   Core 82 'RAM' <Latency = 1> <II = 1> <Delay = 1.23> <Storage> <Opcode : 'load' 'store'> <Ports = 2> <Width = 11> <Depth = 768> <RAM>
ST_2 : Operation 84 [1/1] (0.28ns)   --->   "%and_ln113 = and i1 %hasBottom, i1 %hasLeft" [../src/non_maximum_suppression.cpp:113->../src/canny_top.cpp:32]   --->   Operation 84 'and' 'and_ln113' <Predicate = (!icmp_ln74 & centre_direction == 3)> <Delay = 0.28> <CoreInst = "LogicGate">   --->   Core 74 'LogicGate' <Latency = 0> <II = 1> <Delay = 0.28> <FuncUnit> <Opcode : 'and' 'or' 'xor'> <InPorts = 2> <OutPorts = 1>
ST_2 : Operation 85 [1/1] (0.57ns)   --->   "%br_ln113 = br i1 %and_ln113, void %sw.epilog.i, void %cond.true110.i" [../src/non_maximum_suppression.cpp:113->../src/canny_top.cpp:32]   --->   Operation 85 'br' 'br_ln113' <Predicate = (!icmp_ln74 & centre_direction == 3)> <Delay = 0.57>
ST_2 : Operation 86 [1/1] (0.77ns)   --->   "%add_ln114 = add i9 %trunc_ln74, i9 511" [../src/non_maximum_suppression.cpp:114->../src/canny_top.cpp:32]   --->   Operation 86 'add' 'add_ln114' <Predicate = (!icmp_ln74 & centre_direction == 3 & and_ln113)> <Delay = 0.77> <CoreInst = "Adder">   --->   Core 1 'Adder' <Latency = 0> <II = 1> <Delay = 0.77> <FuncUnit> <Opcode : 'add' 'sub'> <InPorts = 2> <OutPorts = 1>
ST_2 : Operation 87 [1/1] (0.00ns)   --->   "%lshr_ln6 = partselect i8 @_ssdm_op_PartSelect.i8.i9.i32.i32, i9 %add_ln114, i32 1, i32 8" [../src/non_maximum_suppression.cpp:114->../src/canny_top.cpp:32]   --->   Operation 87 'partselect' 'lshr_ln6' <Predicate = (!icmp_ln74 & centre_direction == 3 & and_ln113)> <Delay = 0.00>
ST_2 : Operation 88 [1/1] (0.00ns)   --->   "%tmp_18 = bitconcatenate i10 @_ssdm_op_BitConcatenate.i10.i2.i8, i2 %select_ln14_1_read, i8 %lshr_ln6" [../src/non_maximum_suppression.cpp:114->../src/canny_top.cpp:32]   --->   Operation 88 'bitconcatenate' 'tmp_18' <Predicate = (!icmp_ln74 & centre_direction == 3 & and_ln113)> <Delay = 0.00>
ST_2 : Operation 89 [1/1] (0.00ns)   --->   "%zext_ln114 = zext i10 %tmp_18" [../src/non_maximum_suppression.cpp:114->../src/canny_top.cpp:32]   --->   Operation 89 'zext' 'zext_ln114' <Predicate = (!icmp_ln74 & centre_direction == 3 & and_ln113)> <Delay = 0.00>
ST_2 : Operation 90 [1/1] (0.00ns)   --->   "%p_anonymous_namespace_lineBuffer_25_magnitude_0_addr_8 = getelementptr i11 %p_anonymous_namespace_lineBuffer_25_magnitude_0, i64 0, i64 %zext_ln114" [../src/non_maximum_suppression.cpp:114->../src/canny_top.cpp:32]   --->   Operation 90 'getelementptr' 'p_anonymous_namespace_lineBuffer_25_magnitude_0_addr_8' <Predicate = (!icmp_ln74 & centre_direction == 3 & and_ln113)> <Delay = 0.00>
ST_2 : Operation 91 [1/1] (0.00ns)   --->   "%p_anonymous_namespace_lineBuffer_25_magnitude_1_addr_8 = getelementptr i11 %p_anonymous_namespace_lineBuffer_25_magnitude_1, i64 0, i64 %zext_ln114" [../src/non_maximum_suppression.cpp:114->../src/canny_top.cpp:32]   --->   Operation 91 'getelementptr' 'p_anonymous_namespace_lineBuffer_25_magnitude_1_addr_8' <Predicate = (!icmp_ln74 & centre_direction == 3 & and_ln113)> <Delay = 0.00>
ST_2 : Operation 92 [2/2] (1.23ns)   --->   "%p_anonymous_namespace_lineBuffer_25_magnitude_0_load_8 = load i10 %p_anonymous_namespace_lineBuffer_25_magnitude_0_addr_8" [../src/non_maximum_suppression.cpp:114->../src/canny_top.cpp:32]   --->   Operation 92 'load' 'p_anonymous_namespace_lineBuffer_25_magnitude_0_load_8' <Predicate = (!icmp_ln74 & centre_direction == 3 & and_ln113)> <Delay = 1.23> <CoreInst = "RAM">   --->   Core 82 'RAM' <Latency = 1> <II = 1> <Delay = 1.23> <Storage> <Opcode : 'load' 'store'> <Ports = 2> <Width = 11> <Depth = 768> <RAM>
ST_2 : Operation 93 [2/2] (1.23ns)   --->   "%p_anonymous_namespace_lineBuffer_25_magnitude_1_load_8 = load i10 %p_anonymous_namespace_lineBuffer_25_magnitude_1_addr_8" [../src/non_maximum_suppression.cpp:114->../src/canny_top.cpp:32]   --->   Operation 93 'load' 'p_anonymous_namespace_lineBuffer_25_magnitude_1_load_8' <Predicate = (!icmp_ln74 & centre_direction == 3 & and_ln113)> <Delay = 1.23> <CoreInst = "RAM">   --->   Core 82 'RAM' <Latency = 1> <II = 1> <Delay = 1.23> <Storage> <Opcode : 'load' 'store'> <Ports = 2> <Width = 11> <Depth = 768> <RAM>
ST_2 : Operation 94 [1/1] (0.57ns)   --->   "%br_ln113 = br void %sw.epilog.i" [../src/non_maximum_suppression.cpp:113->../src/canny_top.cpp:32]   --->   Operation 94 'br' 'br_ln113' <Predicate = (!icmp_ln74 & centre_direction == 3 & and_ln113)> <Delay = 0.57>
ST_2 : Operation 95 [1/1] (0.77ns)   --->   "%add_ln87 = add i9 %trunc_ln74, i9 511" [../src/non_maximum_suppression.cpp:87->../src/canny_top.cpp:32]   --->   Operation 95 'add' 'add_ln87' <Predicate = (!icmp_ln74 & centre_direction == 0)> <Delay = 0.77> <CoreInst = "Adder">   --->   Core 1 'Adder' <Latency = 0> <II = 1> <Delay = 0.77> <FuncUnit> <Opcode : 'add' 'sub'> <InPorts = 2> <OutPorts = 1>
ST_2 : Operation 96 [1/1] (0.00ns)   --->   "%lshr_ln2 = partselect i8 @_ssdm_op_PartSelect.i8.i9.i32.i32, i9 %add_ln87, i32 1, i32 8" [../src/non_maximum_suppression.cpp:87->../src/canny_top.cpp:32]   --->   Operation 96 'partselect' 'lshr_ln2' <Predicate = (!icmp_ln74 & centre_direction == 0)> <Delay = 0.00>
ST_2 : Operation 97 [1/1] (0.00ns)   --->   "%tmp_14 = bitconcatenate i10 @_ssdm_op_BitConcatenate.i10.i2.i8, i2 %result_3_read, i8 %lshr_ln2" [../src/non_maximum_suppression.cpp:87->../src/canny_top.cpp:32]   --->   Operation 97 'bitconcatenate' 'tmp_14' <Predicate = (!icmp_ln74 & centre_direction == 0)> <Delay = 0.00>
ST_2 : Operation 98 [1/1] (0.00ns)   --->   "%zext_ln87 = zext i10 %tmp_14" [../src/non_maximum_suppression.cpp:87->../src/canny_top.cpp:32]   --->   Operation 98 'zext' 'zext_ln87' <Predicate = (!icmp_ln74 & centre_direction == 0)> <Delay = 0.00>
ST_2 : Operation 99 [1/1] (0.00ns)   --->   "%p_anonymous_namespace_lineBuffer_25_magnitude_0_addr_2 = getelementptr i11 %p_anonymous_namespace_lineBuffer_25_magnitude_0, i64 0, i64 %zext_ln87" [../src/non_maximum_suppression.cpp:87->../src/canny_top.cpp:32]   --->   Operation 99 'getelementptr' 'p_anonymous_namespace_lineBuffer_25_magnitude_0_addr_2' <Predicate = (!icmp_ln74 & centre_direction == 0)> <Delay = 0.00>
ST_2 : Operation 100 [1/1] (0.00ns)   --->   "%p_anonymous_namespace_lineBuffer_25_magnitude_1_addr_2 = getelementptr i11 %p_anonymous_namespace_lineBuffer_25_magnitude_1, i64 0, i64 %zext_ln87" [../src/non_maximum_suppression.cpp:87->../src/canny_top.cpp:32]   --->   Operation 100 'getelementptr' 'p_anonymous_namespace_lineBuffer_25_magnitude_1_addr_2' <Predicate = (!icmp_ln74 & centre_direction == 0)> <Delay = 0.00>
ST_2 : Operation 101 [2/2] (1.23ns)   --->   "%p_anonymous_namespace_lineBuffer_25_magnitude_0_load_1 = load i10 %p_anonymous_namespace_lineBuffer_25_magnitude_0_addr_2" [../src/non_maximum_suppression.cpp:87->../src/canny_top.cpp:32]   --->   Operation 101 'load' 'p_anonymous_namespace_lineBuffer_25_magnitude_0_load_1' <Predicate = (!icmp_ln74 & centre_direction == 0)> <Delay = 1.23> <CoreInst = "RAM">   --->   Core 82 'RAM' <Latency = 1> <II = 1> <Delay = 1.23> <Storage> <Opcode : 'load' 'store'> <Ports = 2> <Width = 11> <Depth = 768> <RAM>
ST_2 : Operation 102 [2/2] (1.23ns)   --->   "%p_anonymous_namespace_lineBuffer_25_magnitude_1_load_1 = load i10 %p_anonymous_namespace_lineBuffer_25_magnitude_1_addr_2" [../src/non_maximum_suppression.cpp:87->../src/canny_top.cpp:32]   --->   Operation 102 'load' 'p_anonymous_namespace_lineBuffer_25_magnitude_1_load_1' <Predicate = (!icmp_ln74 & centre_direction == 0)> <Delay = 1.23> <CoreInst = "RAM">   --->   Core 82 'RAM' <Latency = 1> <II = 1> <Delay = 1.23> <Storage> <Opcode : 'load' 'store'> <Ports = 2> <Width = 11> <Depth = 768> <RAM>
ST_2 : Operation 103 [1/1] (0.57ns)   --->   "%br_ln89 = br i1 %hasRight, void %sw.epilog.i, void %cond.true35.i" [../src/non_maximum_suppression.cpp:89->../src/canny_top.cpp:32]   --->   Operation 103 'br' 'br_ln89' <Predicate = (!icmp_ln74 & centre_direction == 0)> <Delay = 0.57>
ST_2 : Operation 104 [1/1] (0.77ns)   --->   "%add_ln90 = add i9 %trunc_ln74, i9 1" [../src/non_maximum_suppression.cpp:90->../src/canny_top.cpp:32]   --->   Operation 104 'add' 'add_ln90' <Predicate = (!icmp_ln74 & centre_direction == 0 & hasRight)> <Delay = 0.77> <CoreInst = "Adder">   --->   Core 1 'Adder' <Latency = 0> <II = 1> <Delay = 0.77> <FuncUnit> <Opcode : 'add' 'sub'> <InPorts = 2> <OutPorts = 1>
ST_2 : Operation 105 [1/1] (0.00ns)   --->   "%lshr_ln5 = partselect i8 @_ssdm_op_PartSelect.i8.i9.i32.i32, i9 %add_ln90, i32 1, i32 8" [../src/non_maximum_suppression.cpp:90->../src/canny_top.cpp:32]   --->   Operation 105 'partselect' 'lshr_ln5' <Predicate = (!icmp_ln74 & centre_direction == 0 & hasRight)> <Delay = 0.00>
ST_2 : Operation 106 [1/1] (0.00ns)   --->   "%tmp_17 = bitconcatenate i10 @_ssdm_op_BitConcatenate.i10.i2.i8, i2 %result_3_read, i8 %lshr_ln5" [../src/non_maximum_suppression.cpp:90->../src/canny_top.cpp:32]   --->   Operation 106 'bitconcatenate' 'tmp_17' <Predicate = (!icmp_ln74 & centre_direction == 0 & hasRight)> <Delay = 0.00>
ST_2 : Operation 107 [1/1] (0.00ns)   --->   "%zext_ln90 = zext i10 %tmp_17" [../src/non_maximum_suppression.cpp:90->../src/canny_top.cpp:32]   --->   Operation 107 'zext' 'zext_ln90' <Predicate = (!icmp_ln74 & centre_direction == 0 & hasRight)> <Delay = 0.00>
ST_2 : Operation 108 [1/1] (0.00ns)   --->   "%p_anonymous_namespace_lineBuffer_25_magnitude_0_addr_6 = getelementptr i11 %p_anonymous_namespace_lineBuffer_25_magnitude_0, i64 0, i64 %zext_ln90" [../src/non_maximum_suppression.cpp:90->../src/canny_top.cpp:32]   --->   Operation 108 'getelementptr' 'p_anonymous_namespace_lineBuffer_25_magnitude_0_addr_6' <Predicate = (!icmp_ln74 & centre_direction == 0 & hasRight)> <Delay = 0.00>
ST_2 : Operation 109 [1/1] (0.00ns)   --->   "%p_anonymous_namespace_lineBuffer_25_magnitude_1_addr_6 = getelementptr i11 %p_anonymous_namespace_lineBuffer_25_magnitude_1, i64 0, i64 %zext_ln90" [../src/non_maximum_suppression.cpp:90->../src/canny_top.cpp:32]   --->   Operation 109 'getelementptr' 'p_anonymous_namespace_lineBuffer_25_magnitude_1_addr_6' <Predicate = (!icmp_ln74 & centre_direction == 0 & hasRight)> <Delay = 0.00>
ST_2 : Operation 110 [2/2] (1.23ns)   --->   "%p_anonymous_namespace_lineBuffer_25_magnitude_0_load_5 = load i10 %p_anonymous_namespace_lineBuffer_25_magnitude_0_addr_6" [../src/non_maximum_suppression.cpp:90->../src/canny_top.cpp:32]   --->   Operation 110 'load' 'p_anonymous_namespace_lineBuffer_25_magnitude_0_load_5' <Predicate = (!icmp_ln74 & centre_direction == 0 & hasRight)> <Delay = 1.23> <CoreInst = "RAM">   --->   Core 82 'RAM' <Latency = 1> <II = 1> <Delay = 1.23> <Storage> <Opcode : 'load' 'store'> <Ports = 2> <Width = 11> <Depth = 768> <RAM>
ST_2 : Operation 111 [2/2] (1.23ns)   --->   "%p_anonymous_namespace_lineBuffer_25_magnitude_1_load_5 = load i10 %p_anonymous_namespace_lineBuffer_25_magnitude_1_addr_6" [../src/non_maximum_suppression.cpp:90->../src/canny_top.cpp:32]   --->   Operation 111 'load' 'p_anonymous_namespace_lineBuffer_25_magnitude_1_load_5' <Predicate = (!icmp_ln74 & centre_direction == 0 & hasRight)> <Delay = 1.23> <CoreInst = "RAM">   --->   Core 82 'RAM' <Latency = 1> <II = 1> <Delay = 1.23> <Storage> <Opcode : 'load' 'store'> <Ports = 2> <Width = 11> <Depth = 768> <RAM>
ST_2 : Operation 112 [1/1] (0.57ns)   --->   "%br_ln89 = br void %sw.epilog.i" [../src/non_maximum_suppression.cpp:89->../src/canny_top.cpp:32]   --->   Operation 112 'br' 'br_ln89' <Predicate = (!icmp_ln74 & centre_direction == 0 & hasRight)> <Delay = 0.57>
ST_2 : Operation 158 [1/1] (0.42ns)   --->   "%ret_ln0 = ret"   --->   Operation 158 'ret' 'ret_ln0' <Predicate = (icmp_ln74)> <Delay = 0.42>

State 3 <SV = 2> <Delay = 2.81>
ST_3 : Operation 113 [1/2] ( I:1.23ns O:1.23ns )   --->   "%p_anonymous_namespace_lineBuffer_25_magnitude_0_load_3 = load i10 %p_anonymous_namespace_lineBuffer_25_magnitude_0_addr_1" [../src/non_maximum_suppression.cpp:103->../src/canny_top.cpp:32]   --->   Operation 113 'load' 'p_anonymous_namespace_lineBuffer_25_magnitude_0_load_3' <Predicate = (!icmp_ln74 & centre_direction == 2 & hasTop)> <Delay = 1.23> <CoreInst = "RAM">   --->   Core 82 'RAM' <Latency = 1> <II = 1> <Delay = 1.23> <Storage> <Opcode : 'load' 'store'> <Ports = 2> <Width = 11> <Depth = 768> <RAM>
ST_3 : Operation 114 [1/2] ( I:1.23ns O:1.23ns )   --->   "%p_anonymous_namespace_lineBuffer_25_magnitude_1_load_3 = load i10 %p_anonymous_namespace_lineBuffer_25_magnitude_1_addr_1" [../src/non_maximum_suppression.cpp:103->../src/canny_top.cpp:32]   --->   Operation 114 'load' 'p_anonymous_namespace_lineBuffer_25_magnitude_1_load_3' <Predicate = (!icmp_ln74 & centre_direction == 2 & hasTop)> <Delay = 1.23> <CoreInst = "RAM">   --->   Core 82 'RAM' <Latency = 1> <II = 1> <Delay = 1.23> <Storage> <Opcode : 'load' 'store'> <Ports = 2> <Width = 11> <Depth = 768> <RAM>
ST_3 : Operation 115 [1/1] (0.38ns)   --->   "%select_ln103 = select i1 %trunc_ln74_1, i11 %p_anonymous_namespace_lineBuffer_25_magnitude_1_load_3, i11 %p_anonymous_namespace_lineBuffer_25_magnitude_0_load_3" [../src/non_maximum_suppression.cpp:103->../src/canny_top.cpp:32]   --->   Operation 115 'select' 'select_ln103' <Predicate = (!icmp_ln74 & centre_direction == 2 & hasTop)> <Delay = 0.38> <CoreInst = "Sel">   --->   Core 73 'Sel' <Latency = 0> <II = 1> <Delay = 0.38> <FuncUnit> <Opcode : 'select'> <InPorts = 3> <OutPorts = 1>
ST_3 : Operation 116 [1/1] (0.38ns)   --->   "%neighbourOne_2 = select i1 %hasTop, i11 %select_ln103, i11 0" [../src/non_maximum_suppression.cpp:62->../src/canny_top.cpp:32]   --->   Operation 116 'select' 'neighbourOne_2' <Predicate = (!icmp_ln74 & centre_direction == 2)> <Delay = 0.38> <CoreInst = "Sel">   --->   Core 73 'Sel' <Latency = 0> <II = 1> <Delay = 0.38> <FuncUnit> <Opcode : 'select'> <InPorts = 3> <OutPorts = 1>
ST_3 : Operation 117 [1/2] ( I:1.23ns O:1.23ns )   --->   "%p_anonymous_namespace_lineBuffer_25_magnitude_0_load_7 = load i10 %p_anonymous_namespace_lineBuffer_25_magnitude_0_addr_4" [../src/non_maximum_suppression.cpp:106->../src/canny_top.cpp:32]   --->   Operation 117 'load' 'p_anonymous_namespace_lineBuffer_25_magnitude_0_load_7' <Predicate = (!icmp_ln74 & centre_direction == 2 & hasBottom)> <Delay = 1.23> <CoreInst = "RAM">   --->   Core 82 'RAM' <Latency = 1> <II = 1> <Delay = 1.23> <Storage> <Opcode : 'load' 'store'> <Ports = 2> <Width = 11> <Depth = 768> <RAM>
ST_3 : Operation 118 [1/2] ( I:1.23ns O:1.23ns )   --->   "%p_anonymous_namespace_lineBuffer_25_magnitude_1_load_7 = load i10 %p_anonymous_namespace_lineBuffer_25_magnitude_1_addr_4" [../src/non_maximum_suppression.cpp:106->../src/canny_top.cpp:32]   --->   Operation 118 'load' 'p_anonymous_namespace_lineBuffer_25_magnitude_1_load_7' <Predicate = (!icmp_ln74 & centre_direction == 2 & hasBottom)> <Delay = 1.23> <CoreInst = "RAM">   --->   Core 82 'RAM' <Latency = 1> <II = 1> <Delay = 1.23> <Storage> <Opcode : 'load' 'store'> <Ports = 2> <Width = 11> <Depth = 768> <RAM>
ST_3 : Operation 119 [1/1] (0.38ns)   --->   "%select_ln106 = select i1 %trunc_ln74_1, i11 %p_anonymous_namespace_lineBuffer_25_magnitude_1_load_7, i11 %p_anonymous_namespace_lineBuffer_25_magnitude_0_load_7" [../src/non_maximum_suppression.cpp:106->../src/canny_top.cpp:32]   --->   Operation 119 'select' 'select_ln106' <Predicate = (!icmp_ln74 & centre_direction == 2 & hasBottom)> <Delay = 0.38> <CoreInst = "Sel">   --->   Core 73 'Sel' <Latency = 0> <II = 1> <Delay = 0.38> <FuncUnit> <Opcode : 'select'> <InPorts = 3> <OutPorts = 1>
ST_3 : Operation 120 [1/1] (0.00ns) (grouped into LUT with out node neighbourOne_1)   --->   "%and_ln94 = and i1 %hasTop, i1 %hasLeft" [../src/non_maximum_suppression.cpp:94->../src/canny_top.cpp:32]   --->   Operation 120 'and' 'and_ln94' <Predicate = (!icmp_ln74 & centre_direction == 1)> <Delay = 0.00> <CoreInst = "LogicGate">   --->   Core 74 'LogicGate' <Latency = 0> <II = 1> <Delay = 0.28> <FuncUnit> <Opcode : 'and' 'or' 'xor'> <InPorts = 2> <OutPorts = 1>
ST_3 : Operation 121 [1/2] ( I:1.23ns O:1.23ns )   --->   "%p_anonymous_namespace_lineBuffer_25_magnitude_0_load_2 = load i10 %p_anonymous_namespace_lineBuffer_25_magnitude_0_addr_3" [../src/non_maximum_suppression.cpp:95->../src/canny_top.cpp:32]   --->   Operation 121 'load' 'p_anonymous_namespace_lineBuffer_25_magnitude_0_load_2' <Predicate = (!icmp_ln74 & centre_direction == 1)> <Delay = 1.23> <CoreInst = "RAM">   --->   Core 82 'RAM' <Latency = 1> <II = 1> <Delay = 1.23> <Storage> <Opcode : 'load' 'store'> <Ports = 2> <Width = 11> <Depth = 768> <RAM>
ST_3 : Operation 122 [1/2] ( I:1.23ns O:1.23ns )   --->   "%p_anonymous_namespace_lineBuffer_25_magnitude_1_load_2 = load i10 %p_anonymous_namespace_lineBuffer_25_magnitude_1_addr_3" [../src/non_maximum_suppression.cpp:95->../src/canny_top.cpp:32]   --->   Operation 122 'load' 'p_anonymous_namespace_lineBuffer_25_magnitude_1_load_2' <Predicate = (!icmp_ln74 & centre_direction == 1)> <Delay = 1.23> <CoreInst = "RAM">   --->   Core 82 'RAM' <Latency = 1> <II = 1> <Delay = 1.23> <Storage> <Opcode : 'load' 'store'> <Ports = 2> <Width = 11> <Depth = 768> <RAM>
ST_3 : Operation 123 [1/1] (0.38ns)   --->   "%select_ln95 = select i1 %trunc_ln74_1, i11 %p_anonymous_namespace_lineBuffer_25_magnitude_0_load_2, i11 %p_anonymous_namespace_lineBuffer_25_magnitude_1_load_2" [../src/non_maximum_suppression.cpp:95->../src/canny_top.cpp:32]   --->   Operation 123 'select' 'select_ln95' <Predicate = (!icmp_ln74 & centre_direction == 1)> <Delay = 0.38> <CoreInst = "Sel">   --->   Core 73 'Sel' <Latency = 0> <II = 1> <Delay = 0.38> <FuncUnit> <Opcode : 'select'> <InPorts = 3> <OutPorts = 1>
ST_3 : Operation 124 [1/1] (0.38ns) (out node of the LUT)   --->   "%neighbourOne_1 = select i1 %and_ln94, i11 %select_ln95, i11 0" [../src/non_maximum_suppression.cpp:94->../src/canny_top.cpp:32]   --->   Operation 124 'select' 'neighbourOne_1' <Predicate = (!icmp_ln74 & centre_direction == 1)> <Delay = 0.38> <CoreInst = "Sel">   --->   Core 73 'Sel' <Latency = 0> <II = 1> <Delay = 0.38> <FuncUnit> <Opcode : 'select'> <InPorts = 3> <OutPorts = 1>
ST_3 : Operation 125 [1/2] ( I:1.23ns O:1.23ns )   --->   "%p_anonymous_namespace_lineBuffer_25_magnitude_0_load_6 = load i10 %p_anonymous_namespace_lineBuffer_25_magnitude_0_addr_7" [../src/non_maximum_suppression.cpp:98->../src/canny_top.cpp:32]   --->   Operation 125 'load' 'p_anonymous_namespace_lineBuffer_25_magnitude_0_load_6' <Predicate = (!icmp_ln74 & centre_direction == 1 & and_ln97)> <Delay = 1.23> <CoreInst = "RAM">   --->   Core 82 'RAM' <Latency = 1> <II = 1> <Delay = 1.23> <Storage> <Opcode : 'load' 'store'> <Ports = 2> <Width = 11> <Depth = 768> <RAM>
ST_3 : Operation 126 [1/2] ( I:1.23ns O:1.23ns )   --->   "%p_anonymous_namespace_lineBuffer_25_magnitude_1_load_6 = load i10 %p_anonymous_namespace_lineBuffer_25_magnitude_1_addr_7" [../src/non_maximum_suppression.cpp:98->../src/canny_top.cpp:32]   --->   Operation 126 'load' 'p_anonymous_namespace_lineBuffer_25_magnitude_1_load_6' <Predicate = (!icmp_ln74 & centre_direction == 1 & and_ln97)> <Delay = 1.23> <CoreInst = "RAM">   --->   Core 82 'RAM' <Latency = 1> <II = 1> <Delay = 1.23> <Storage> <Opcode : 'load' 'store'> <Ports = 2> <Width = 11> <Depth = 768> <RAM>
ST_3 : Operation 127 [1/1] (0.38ns)   --->   "%select_ln98 = select i1 %trunc_ln74_1, i11 %p_anonymous_namespace_lineBuffer_25_magnitude_0_load_6, i11 %p_anonymous_namespace_lineBuffer_25_magnitude_1_load_6" [../src/non_maximum_suppression.cpp:98->../src/canny_top.cpp:32]   --->   Operation 127 'select' 'select_ln98' <Predicate = (!icmp_ln74 & centre_direction == 1 & and_ln97)> <Delay = 0.38> <CoreInst = "Sel">   --->   Core 73 'Sel' <Latency = 0> <II = 1> <Delay = 0.38> <FuncUnit> <Opcode : 'select'> <InPorts = 3> <OutPorts = 1>
ST_3 : Operation 128 [1/1] (0.00ns) (grouped into LUT with out node neighbourOne_3)   --->   "%and_ln110 = and i1 %hasTop, i1 %hasRight" [../src/non_maximum_suppression.cpp:110->../src/canny_top.cpp:32]   --->   Operation 128 'and' 'and_ln110' <Predicate = (!icmp_ln74 & centre_direction == 3)> <Delay = 0.00> <CoreInst = "LogicGate">   --->   Core 74 'LogicGate' <Latency = 0> <II = 1> <Delay = 0.28> <FuncUnit> <Opcode : 'and' 'or' 'xor'> <InPorts = 2> <OutPorts = 1>
ST_3 : Operation 129 [1/2] ( I:1.23ns O:1.23ns )   --->   "%p_anonymous_namespace_lineBuffer_25_magnitude_0_load_4 = load i10 %p_anonymous_namespace_lineBuffer_25_magnitude_0_addr_5" [../src/non_maximum_suppression.cpp:111->../src/canny_top.cpp:32]   --->   Operation 129 'load' 'p_anonymous_namespace_lineBuffer_25_magnitude_0_load_4' <Predicate = (!icmp_ln74 & centre_direction == 3)> <Delay = 1.23> <CoreInst = "RAM">   --->   Core 82 'RAM' <Latency = 1> <II = 1> <Delay = 1.23> <Storage> <Opcode : 'load' 'store'> <Ports = 2> <Width = 11> <Depth = 768> <RAM>
ST_3 : Operation 130 [1/2] ( I:1.23ns O:1.23ns )   --->   "%p_anonymous_namespace_lineBuffer_25_magnitude_1_load_4 = load i10 %p_anonymous_namespace_lineBuffer_25_magnitude_1_addr_5" [../src/non_maximum_suppression.cpp:111->../src/canny_top.cpp:32]   --->   Operation 130 'load' 'p_anonymous_namespace_lineBuffer_25_magnitude_1_load_4' <Predicate = (!icmp_ln74 & centre_direction == 3)> <Delay = 1.23> <CoreInst = "RAM">   --->   Core 82 'RAM' <Latency = 1> <II = 1> <Delay = 1.23> <Storage> <Opcode : 'load' 'store'> <Ports = 2> <Width = 11> <Depth = 768> <RAM>
ST_3 : Operation 131 [1/1] (0.38ns)   --->   "%select_ln111 = select i1 %trunc_ln74_1, i11 %p_anonymous_namespace_lineBuffer_25_magnitude_0_load_4, i11 %p_anonymous_namespace_lineBuffer_25_magnitude_1_load_4" [../src/non_maximum_suppression.cpp:111->../src/canny_top.cpp:32]   --->   Operation 131 'select' 'select_ln111' <Predicate = (!icmp_ln74 & centre_direction == 3)> <Delay = 0.38> <CoreInst = "Sel">   --->   Core 73 'Sel' <Latency = 0> <II = 1> <Delay = 0.38> <FuncUnit> <Opcode : 'select'> <InPorts = 3> <OutPorts = 1>
ST_3 : Operation 132 [1/1] (0.38ns) (out node of the LUT)   --->   "%neighbourOne_3 = select i1 %and_ln110, i11 %select_ln111, i11 0" [../src/non_maximum_suppression.cpp:110->../src/canny_top.cpp:32]   --->   Operation 132 'select' 'neighbourOne_3' <Predicate = (!icmp_ln74 & centre_direction == 3)> <Delay = 0.38> <CoreInst = "Sel">   --->   Core 73 'Sel' <Latency = 0> <II = 1> <Delay = 0.38> <FuncUnit> <Opcode : 'select'> <InPorts = 3> <OutPorts = 1>
ST_3 : Operation 133 [1/2] ( I:1.23ns O:1.23ns )   --->   "%p_anonymous_namespace_lineBuffer_25_magnitude_0_load_8 = load i10 %p_anonymous_namespace_lineBuffer_25_magnitude_0_addr_8" [../src/non_maximum_suppression.cpp:114->../src/canny_top.cpp:32]   --->   Operation 133 'load' 'p_anonymous_namespace_lineBuffer_25_magnitude_0_load_8' <Predicate = (!icmp_ln74 & centre_direction == 3 & and_ln113)> <Delay = 1.23> <CoreInst = "RAM">   --->   Core 82 'RAM' <Latency = 1> <II = 1> <Delay = 1.23> <Storage> <Opcode : 'load' 'store'> <Ports = 2> <Width = 11> <Depth = 768> <RAM>
ST_3 : Operation 134 [1/2] ( I:1.23ns O:1.23ns )   --->   "%p_anonymous_namespace_lineBuffer_25_magnitude_1_load_8 = load i10 %p_anonymous_namespace_lineBuffer_25_magnitude_1_addr_8" [../src/non_maximum_suppression.cpp:114->../src/canny_top.cpp:32]   --->   Operation 134 'load' 'p_anonymous_namespace_lineBuffer_25_magnitude_1_load_8' <Predicate = (!icmp_ln74 & centre_direction == 3 & and_ln113)> <Delay = 1.23> <CoreInst = "RAM">   --->   Core 82 'RAM' <Latency = 1> <II = 1> <Delay = 1.23> <Storage> <Opcode : 'load' 'store'> <Ports = 2> <Width = 11> <Depth = 768> <RAM>
ST_3 : Operation 135 [1/1] (0.38ns)   --->   "%select_ln114 = select i1 %trunc_ln74_1, i11 %p_anonymous_namespace_lineBuffer_25_magnitude_0_load_8, i11 %p_anonymous_namespace_lineBuffer_25_magnitude_1_load_8" [../src/non_maximum_suppression.cpp:114->../src/canny_top.cpp:32]   --->   Operation 135 'select' 'select_ln114' <Predicate = (!icmp_ln74 & centre_direction == 3 & and_ln113)> <Delay = 0.38> <CoreInst = "Sel">   --->   Core 73 'Sel' <Latency = 0> <II = 1> <Delay = 0.38> <FuncUnit> <Opcode : 'select'> <InPorts = 3> <OutPorts = 1>
ST_3 : Operation 136 [1/2] ( I:1.23ns O:1.23ns )   --->   "%p_anonymous_namespace_lineBuffer_25_magnitude_0_load_1 = load i10 %p_anonymous_namespace_lineBuffer_25_magnitude_0_addr_2" [../src/non_maximum_suppression.cpp:87->../src/canny_top.cpp:32]   --->   Operation 136 'load' 'p_anonymous_namespace_lineBuffer_25_magnitude_0_load_1' <Predicate = (!icmp_ln74 & centre_direction == 0)> <Delay = 1.23> <CoreInst = "RAM">   --->   Core 82 'RAM' <Latency = 1> <II = 1> <Delay = 1.23> <Storage> <Opcode : 'load' 'store'> <Ports = 2> <Width = 11> <Depth = 768> <RAM>
ST_3 : Operation 137 [1/2] ( I:1.23ns O:1.23ns )   --->   "%p_anonymous_namespace_lineBuffer_25_magnitude_1_load_1 = load i10 %p_anonymous_namespace_lineBuffer_25_magnitude_1_addr_2" [../src/non_maximum_suppression.cpp:87->../src/canny_top.cpp:32]   --->   Operation 137 'load' 'p_anonymous_namespace_lineBuffer_25_magnitude_1_load_1' <Predicate = (!icmp_ln74 & centre_direction == 0)> <Delay = 1.23> <CoreInst = "RAM">   --->   Core 82 'RAM' <Latency = 1> <II = 1> <Delay = 1.23> <Storage> <Opcode : 'load' 'store'> <Ports = 2> <Width = 11> <Depth = 768> <RAM>
ST_3 : Operation 138 [1/1] (0.38ns)   --->   "%select_ln87 = select i1 %trunc_ln74_1, i11 %p_anonymous_namespace_lineBuffer_25_magnitude_0_load_1, i11 %p_anonymous_namespace_lineBuffer_25_magnitude_1_load_1" [../src/non_maximum_suppression.cpp:87->../src/canny_top.cpp:32]   --->   Operation 138 'select' 'select_ln87' <Predicate = (!icmp_ln74 & centre_direction == 0 & hasLeft)> <Delay = 0.38> <CoreInst = "Sel">   --->   Core 73 'Sel' <Latency = 0> <II = 1> <Delay = 0.38> <FuncUnit> <Opcode : 'select'> <InPorts = 3> <OutPorts = 1>
ST_3 : Operation 139 [1/1] (0.38ns)   --->   "%neighbourOne = select i1 %hasLeft, i11 %select_ln87, i11 0" [../src/non_maximum_suppression.cpp:78->../src/canny_top.cpp:32]   --->   Operation 139 'select' 'neighbourOne' <Predicate = (!icmp_ln74 & centre_direction == 0)> <Delay = 0.38> <CoreInst = "Sel">   --->   Core 73 'Sel' <Latency = 0> <II = 1> <Delay = 0.38> <FuncUnit> <Opcode : 'select'> <InPorts = 3> <OutPorts = 1>
ST_3 : Operation 140 [1/2] ( I:1.23ns O:1.23ns )   --->   "%p_anonymous_namespace_lineBuffer_25_magnitude_0_load_5 = load i10 %p_anonymous_namespace_lineBuffer_25_magnitude_0_addr_6" [../src/non_maximum_suppression.cpp:90->../src/canny_top.cpp:32]   --->   Operation 140 'load' 'p_anonymous_namespace_lineBuffer_25_magnitude_0_load_5' <Predicate = (!icmp_ln74 & centre_direction == 0 & hasRight)> <Delay = 1.23> <CoreInst = "RAM">   --->   Core 82 'RAM' <Latency = 1> <II = 1> <Delay = 1.23> <Storage> <Opcode : 'load' 'store'> <Ports = 2> <Width = 11> <Depth = 768> <RAM>
ST_3 : Operation 141 [1/2] ( I:1.23ns O:1.23ns )   --->   "%p_anonymous_namespace_lineBuffer_25_magnitude_1_load_5 = load i10 %p_anonymous_namespace_lineBuffer_25_magnitude_1_addr_6" [../src/non_maximum_suppression.cpp:90->../src/canny_top.cpp:32]   --->   Operation 141 'load' 'p_anonymous_namespace_lineBuffer_25_magnitude_1_load_5' <Predicate = (!icmp_ln74 & centre_direction == 0 & hasRight)> <Delay = 1.23> <CoreInst = "RAM">   --->   Core 82 'RAM' <Latency = 1> <II = 1> <Delay = 1.23> <Storage> <Opcode : 'load' 'store'> <Ports = 2> <Width = 11> <Depth = 768> <RAM>
ST_3 : Operation 142 [1/1] (0.38ns)   --->   "%select_ln90 = select i1 %trunc_ln74_1, i11 %p_anonymous_namespace_lineBuffer_25_magnitude_0_load_5, i11 %p_anonymous_namespace_lineBuffer_25_magnitude_1_load_5" [../src/non_maximum_suppression.cpp:90->../src/canny_top.cpp:32]   --->   Operation 142 'select' 'select_ln90' <Predicate = (!icmp_ln74 & centre_direction == 0 & hasRight)> <Delay = 0.38> <CoreInst = "Sel">   --->   Core 73 'Sel' <Latency = 0> <II = 1> <Delay = 0.38> <FuncUnit> <Opcode : 'select'> <InPorts = 3> <OutPorts = 1>
ST_3 : Operation 143 [1/1] (0.00ns)   --->   "%neighbourOne_4 = phi i11 %neighbourOne_3, void %cond.true110.i, i11 %neighbourOne_2, void %cond.true84.i, i11 %neighbourOne_1, void %cond.true60.i, i11 %neighbourOne, void %cond.true35.i, i11 %neighbourOne, void %sw.bb.i_ifconv, i11 %neighbourOne_1, void %sw.bb46.i_ifconv, i11 %neighbourOne_2, void %sw.bb72.i_ifconv, i11 %neighbourOne_3, void %sw.bb95.i_ifconv"   --->   Operation 143 'phi' 'neighbourOne_4' <Predicate = true> <Delay = 0.00>
ST_3 : Operation 144 [1/1] (0.00ns)   --->   "%neighbourTwo = phi i11 %select_ln114, void %cond.true110.i, i11 %select_ln106, void %cond.true84.i, i11 %select_ln98, void %cond.true60.i, i11 %select_ln90, void %cond.true35.i, i11 0, void %sw.bb.i_ifconv, i11 0, void %sw.bb46.i_ifconv, i11 0, void %sw.bb72.i_ifconv, i11 0, void %sw.bb95.i_ifconv" [../src/non_maximum_suppression.cpp:114->../src/canny_top.cpp:32]   --->   Operation 144 'phi' 'neighbourTwo' <Predicate = true> <Delay = 0.00>
ST_3 : Operation 145 [1/1] (0.79ns)   --->   "%icmp_ln119 = icmp_ult  i11 %centre_magnitude, i11 %neighbourOne_4" [../src/non_maximum_suppression.cpp:119->../src/canny_top.cpp:32]   --->   Operation 145 'icmp' 'icmp_ln119' <Predicate = true> <Delay = 0.79> <CoreInst = "Cmp">   --->   Core 9 'Cmp' <Latency = 0> <II = 1> <Delay = 0.79> <FuncUnit> <Opcode : 'seteq' 'setne' 'setle' 'setge' 'setlt' 'setgt'> <InPorts = 2> <OutPorts = 1>
ST_3 : Operation 146 [1/1] (0.79ns)   --->   "%icmp_ln120 = icmp_ult  i11 %centre_magnitude, i11 %neighbourTwo" [../src/non_maximum_suppression.cpp:120->../src/canny_top.cpp:32]   --->   Operation 146 'icmp' 'icmp_ln120' <Predicate = true> <Delay = 0.79> <CoreInst = "Cmp">   --->   Core 9 'Cmp' <Latency = 0> <II = 1> <Delay = 0.79> <FuncUnit> <Opcode : 'seteq' 'setne' 'setle' 'setge' 'setlt' 'setgt'> <InPorts = 2> <OutPorts = 1>

State 4 <SV = 3> <Delay = 1.62>
ST_4 : Operation 147 [1/1] (0.00ns)   --->   "%zext_ln74 = zext i10 %column" [../src/non_maximum_suppression.cpp:74->../src/canny_top.cpp:32]   --->   Operation 147 'zext' 'zext_ln74' <Predicate = (!icmp_ln74)> <Delay = 0.00>
ST_4 : Operation 148 [1/1] (0.00ns)   --->   "%specpipeline_ln74 = specpipeline void @_ssdm_op_SpecPipeline, i32 4294967295, i32 0, i32 0, i32 0, i32 4294967295, void @empty" [../src/non_maximum_suppression.cpp:74->../src/canny_top.cpp:32]   --->   Operation 148 'specpipeline' 'specpipeline_ln74' <Predicate = (!icmp_ln74)> <Delay = 0.00>
ST_4 : Operation 149 [1/1] (0.00ns)   --->   "%speclooptripcount_ln74 = speclooptripcount void @_ssdm_op_SpecLoopTripCount, i64 512, i64 512, i64 512" [../src/non_maximum_suppression.cpp:74->../src/canny_top.cpp:32]   --->   Operation 149 'speclooptripcount' 'speclooptripcount_ln74' <Predicate = (!icmp_ln74)> <Delay = 0.00>
ST_4 : Operation 150 [1/1] (0.00ns)   --->   "%specloopname_ln74 = specloopname void @_ssdm_op_SpecLoopName, void @empty_10" [../src/non_maximum_suppression.cpp:74->../src/canny_top.cpp:32]   --->   Operation 150 'specloopname' 'specloopname_ln74' <Predicate = (!icmp_ln74)> <Delay = 0.00>
ST_4 : Operation 151 [1/1] (0.00ns) (grouped into LUT with out node select_ln119)   --->   "%xor_ln119 = xor i1 %icmp_ln119, i1 1" [../src/non_maximum_suppression.cpp:119->../src/canny_top.cpp:32]   --->   Operation 151 'xor' 'xor_ln119' <Predicate = true> <Delay = 0.00> <CoreInst = "LogicGate">   --->   Core 74 'LogicGate' <Latency = 0> <II = 1> <Delay = 0.28> <FuncUnit> <Opcode : 'and' 'or' 'xor'> <InPorts = 2> <OutPorts = 1>
ST_4 : Operation 152 [1/1] (0.00ns) (grouped into LUT with out node select_ln119)   --->   "%xor_ln120 = xor i1 %icmp_ln120, i1 1" [../src/non_maximum_suppression.cpp:120->../src/canny_top.cpp:32]   --->   Operation 152 'xor' 'xor_ln120' <Predicate = true> <Delay = 0.00> <CoreInst = "LogicGate">   --->   Core 74 'LogicGate' <Latency = 0> <II = 1> <Delay = 0.28> <FuncUnit> <Opcode : 'and' 'or' 'xor'> <InPorts = 2> <OutPorts = 1>
ST_4 : Operation 153 [1/1] (0.00ns) (grouped into LUT with out node select_ln119)   --->   "%and_ln119 = and i1 %xor_ln119, i1 %xor_ln120" [../src/non_maximum_suppression.cpp:119->../src/canny_top.cpp:32]   --->   Operation 153 'and' 'and_ln119' <Predicate = true> <Delay = 0.00> <CoreInst = "LogicGate">   --->   Core 74 'LogicGate' <Latency = 0> <II = 1> <Delay = 0.28> <FuncUnit> <Opcode : 'and' 'or' 'xor'> <InPorts = 2> <OutPorts = 1>
ST_4 : Operation 154 [1/1] (0.00ns)   --->   "%out_nonmax_addr = getelementptr i11 %out_nonmax, i64 0, i64 %zext_ln74" [../src/non_maximum_suppression.cpp:125->../src/canny_top.cpp:32]   --->   Operation 154 'getelementptr' 'out_nonmax_addr' <Predicate = true> <Delay = 0.00>
ST_4 : Operation 155 [1/1] (0.38ns) (out node of the LUT)   --->   "%select_ln119 = select i1 %and_ln119, i11 %centre_magnitude, i11 0" [../src/non_maximum_suppression.cpp:119->../src/canny_top.cpp:32]   --->   Operation 155 'select' 'select_ln119' <Predicate = true> <Delay = 0.38> <CoreInst = "Sel">   --->   Core 73 'Sel' <Latency = 0> <II = 1> <Delay = 0.38> <FuncUnit> <Opcode : 'select'> <InPorts = 3> <OutPorts = 1>
ST_4 : Operation 156 [1/1] ( I:1.23ns O:1.23ns )   --->   "%store_ln119 = store i11 %select_ln119, i9 %out_nonmax_addr" [../src/non_maximum_suppression.cpp:119->../src/canny_top.cpp:32]   --->   Operation 156 'store' 'store_ln119' <Predicate = true> <Delay = 1.23> <CoreInst = "RAM">   --->   Core 82 'RAM' <Latency = 1> <II = 1> <Delay = 1.23> <Storage> <Opcode : 'load' 'store'> <Ports = 2> <Width = 11> <Depth = 512> <RAM>
ST_4 : Operation 157 [1/1] (0.00ns)   --->   "%br_ln74 = br void %for.body22.i" [../src/non_maximum_suppression.cpp:74->../src/canny_top.cpp:32]   --->   Operation 157 'br' 'br_ln74' <Predicate = true> <Delay = 0.00>


============================================================
+ Verbose Summary: Timing violations
============================================================
Target clock period: 5.000ns, clock uncertainty: 1.350ns.

 <State 1>: 2.462ns
The critical path consists of the following:
	'store' operation ('store_ln74', ../src/non_maximum_suppression.cpp:74->../src/canny_top.cpp:32) of constant 0 10 bit on local variable 'column', ../src/non_maximum_suppression.cpp:74->../src/canny_top.cpp:32 [18]  (0.427 ns)
	'load' operation 10 bit ('column', ../src/non_maximum_suppression.cpp:74->../src/canny_top.cpp:32) on local variable 'column', ../src/non_maximum_suppression.cpp:74->../src/canny_top.cpp:32 [21]  (0.000 ns)
	'add' operation 11 bit ('add_ln76', ../src/non_maximum_suppression.cpp:76->../src/canny_top.cpp:32) [28]  (0.798 ns)
	'getelementptr' operation 11 bit ('p_anonymous_namespace_lineBuffer_direction_addr', ../src/non_maximum_suppression.cpp:76->../src/canny_top.cpp:32) [30]  (0.000 ns)
	'load' operation 2 bit ('centre.direction', ../src/non_maximum_suppression.cpp:76->../src/canny_top.cpp:32) on array 'p_anonymous_namespace_lineBuffer_direction' [52]  (1.237 ns)

 <State 2>: 2.359ns
The critical path consists of the following:
	'load' operation 2 bit ('centre.direction', ../src/non_maximum_suppression.cpp:76->../src/canny_top.cpp:32) on array 'p_anonymous_namespace_lineBuffer_direction' [52]  (1.237 ns)
	multiplexor before 'phi' operation 11 bit ('neighbourOne') with incoming values : ('neighbourOne', ../src/non_maximum_suppression.cpp:62->../src/canny_top.cpp:32) ('neighbourOne', ../src/non_maximum_suppression.cpp:94->../src/canny_top.cpp:32) ('neighbourOne', ../src/non_maximum_suppression.cpp:110->../src/canny_top.cpp:32) ('neighbourOne', ../src/non_maximum_suppression.cpp:78->../src/canny_top.cpp:32) [141]  (0.574 ns)
	'br' operation ('br_ln89', ../src/non_maximum_suppression.cpp:89->../src/canny_top.cpp:32) [128]  (0.574 ns)
	blocking operation 0.548 ns on control path)

 <State 3>: 2.813ns
The critical path consists of the following:
	'load' operation 11 bit ('p_anonymous_namespace_lineBuffer_25_magnitude_0_load_3', ../src/non_maximum_suppression.cpp:103->../src/canny_top.cpp:32) on array 'p_anonymous_namespace_lineBuffer_25_magnitude_0' [57]  (1.237 ns)
	'select' operation 11 bit ('select_ln103', ../src/non_maximum_suppression.cpp:103->../src/canny_top.cpp:32) [59]  (0.389 ns)
	'select' operation 11 bit ('neighbourOne', ../src/non_maximum_suppression.cpp:62->../src/canny_top.cpp:32) [60]  (0.389 ns)
	'phi' operation 11 bit ('neighbourOne') with incoming values : ('neighbourOne', ../src/non_maximum_suppression.cpp:62->../src/canny_top.cpp:32) ('neighbourOne', ../src/non_maximum_suppression.cpp:94->../src/canny_top.cpp:32) ('neighbourOne', ../src/non_maximum_suppression.cpp:110->../src/canny_top.cpp:32) ('neighbourOne', ../src/non_maximum_suppression.cpp:78->../src/canny_top.cpp:32) [141]  (0.000 ns)
	'icmp' operation 1 bit ('icmp_ln119', ../src/non_maximum_suppression.cpp:119->../src/canny_top.cpp:32) [143]  (0.798 ns)

 <State 4>: 1.626ns
The critical path consists of the following:
	'xor' operation 1 bit ('xor_ln119', ../src/non_maximum_suppression.cpp:119->../src/canny_top.cpp:32) [144]  (0.000 ns)
	'and' operation 1 bit ('and_ln119', ../src/non_maximum_suppression.cpp:119->../src/canny_top.cpp:32) [147]  (0.000 ns)
	'select' operation 11 bit ('select_ln119', ../src/non_maximum_suppression.cpp:119->../src/canny_top.cpp:32) [149]  (0.389 ns)
	'store' operation ('store_ln119', ../src/non_maximum_suppression.cpp:119->../src/canny_top.cpp:32) of variable 'select_ln119', ../src/non_maximum_suppression.cpp:119->../src/canny_top.cpp:32 11 bit on array 'out_nonmax' [150]  (1.237 ns)


============================================================
+ Verbose Summary: Binding
============================================================
N/A
* FSMD analyzer results:
  - Output states:
 - Input state : 
  - Chain level:
	State 1
	State 2
	State 3
	State 4


============================================================
+ Verbose Summary: Datapath Resource usage 
============================================================
N/A
