

================================================================
== Vitis HLS Report for 'non_maximum_suppression'
================================================================
* Date:           Sat Jul 25 12:05:02 2026

* Version:        2025.2 (Build 6295257 on Nov 14 2025)
* Project:        canny_top
* Solution:       hls (Vitis Kernel Flow Target)
* Product family: zynquplus
* Target device:  xck26-sfvc784-2LV-c


================================================================
== Performance Estimates
================================================================
+ Timing: 
    * Summary: 
    +--------+---------+----------+------------+
    |  Clock |  Target | Estimated| Uncertainty|
    +--------+---------+----------+------------+
    |ap_clk  |  5.00 ns|  2.813 ns|     1.35 ns|
    +--------+---------+----------+------------+

+ Latency: 
    * Summary: 
    +---------+---------+----------+----------+-----+------+---------+
    |  Latency (cycles) |  Latency (absolute) |  Interval  | Pipeline|
    |   min   |   max   |    min   |    max   | min |  max |   Type  |
    +---------+---------+----------+----------+-----+------+---------+
    |        1|     1614|  5.000 ns|  8.070 us|    1|  1614|       no|
    +---------+---------+----------+----------+-----+------+---------+

    + Detail: 
        * Instance: 
        N/A

        * Loop: 
        N/A

============================================================
+ Verbose Summary: Synthesis Manager
============================================================
InlineROM: 1
ExposeGlobal: 0
============================================================
+ Verbose Summary: CDFG Model
============================================================
IsTopModel: 0
ResetActiveHigh: 1
IsCombinational: 2
IsDatapathOnly: 0
HasWiredReturn: 1
HasMFsm: 0
HasVarLatency: 1
IsPipeline: 0
IsRtlPipelined: 0
IsInstanceOverlapped: 0
IsDontTouch: 0
HasImplIP: 0
IsGatedGlobalClock: 0


============================================================
+ Verbose Summary: Schedule
============================================================
* Number of FSM states : 74
* Pipeline : 0
* Dataflow Pipeline: 0

* FSM state transitions: 
1 --> 2 74 
2 --> 3 
3 --> 4 
4 --> 5 
5 --> 6 
6 --> 7 
7 --> 8 
8 --> 9 
9 --> 10 
10 --> 11 
11 --> 12 
12 --> 13 
13 --> 14 
14 --> 15 
15 --> 16 
16 --> 17 
17 --> 18 
18 --> 19 
19 --> 20 
20 --> 21 
21 --> 22 
22 --> 23 
23 --> 24 
24 --> 25 
25 --> 26 
26 --> 27 
27 --> 28 
28 --> 29 
29 --> 30 
30 --> 31 
31 --> 32 
32 --> 33 
33 --> 34 
34 --> 35 
35 --> 36 
36 --> 37 
37 --> 38 74 
38 --> 39 
39 --> 40 
40 --> 41 
41 --> 42 
42 --> 43 
43 --> 44 
44 --> 45 
45 --> 46 
46 --> 47 
47 --> 48 
48 --> 49 
49 --> 50 
50 --> 51 
51 --> 52 
52 --> 53 
53 --> 54 
54 --> 55 
55 --> 56 
56 --> 57 
57 --> 58 
58 --> 59 
59 --> 60 
60 --> 61 
61 --> 62 
62 --> 63 
63 --> 64 
64 --> 65 
65 --> 66 
66 --> 67 
67 --> 68 
68 --> 69 
69 --> 70 
70 --> 71 
71 --> 72 
72 --> 73 
73 --> 74 
74 --> 

* FSM state operations: 

State 1 <SV = 0> <Delay = 2.25>
ST_1 : Operation 75 [1/1] (1.82ns)   --->   "%p_read_3 = read i1 @_ssdm_op_Read.ap_auto.i1, i1 %p_read" [../src/non_maximum_suppression.cpp:32->../src/canny_top.cpp:32]   --->   Operation 75 'read' 'p_read_3' <Predicate = true> <Delay = 1.82> <CoreInst = "FIFO_SRL">   --->   Core 80 'FIFO_SRL' <Latency = 0> <II = 1> <Delay = 1.83> <Storage> <Opcode : 'read' 'write' 'nbread' 'nbwrite'> <Ports = 0> <Width = 1> <Depth = 2> <FIFO>
ST_1 : Operation 76 [1/1] (0.42ns)   --->   "%br_ln37 = br i1 %p_read_3, void %_Z23non_maximum_suppressionPK13GradientPixelPtbPb.3.exit, void %if.end.i" [../src/non_maximum_suppression.cpp:37->../src/canny_top.cpp:32]   --->   Operation 76 'br' 'br_ln37' <Predicate = true> <Delay = 0.42>
ST_1 : Operation 77 [1/1] (0.00ns)   --->   "%p_anonymous_namespace_rowsReceived_2_load = load i32 %p_anonymous_namespace_rowsReceived_2" [../src/non_maximum_suppression.cpp:43->../src/canny_top.cpp:32]   --->   Operation 77 'load' 'p_anonymous_namespace_rowsReceived_2_load' <Predicate = (p_read_3)> <Delay = 0.00>
ST_1 : Operation 78 [36/36] (1.47ns)   --->   "%writeSlot = srem i32 %p_anonymous_namespace_rowsReceived_2_load, i32 3" [../src/non_maximum_suppression.cpp:43->../src/canny_top.cpp:32]   --->   Operation 78 'srem' 'writeSlot' <Predicate = (p_read_3)> <Delay = 1.47> <CoreInst = "DivnS_SEQ">   --->   Core 7 'DivnS_SEQ' <Latency = 35> <II = 32> <Delay = 1.47> <FuncUnit> <Opcode : 'udiv' 'sdiv' 'urem' 'srem'> <InPorts = 2> <OutPorts = 1>
ST_1 : Operation 79 [1/1] (1.01ns)   --->   "%add_ln49 = add i32 %p_anonymous_namespace_rowsReceived_2_load, i32 1" [../src/non_maximum_suppression.cpp:49->../src/canny_top.cpp:32]   --->   Operation 79 'add' 'add_ln49' <Predicate = (p_read_3)> <Delay = 1.01> <CoreInst = "Adder">   --->   Core 1 'Adder' <Latency = 0> <II = 1> <Delay = 1.01> <FuncUnit> <Opcode : 'add' 'sub'> <InPorts = 2> <OutPorts = 1>
ST_1 : Operation 80 [1/1] (0.00ns)   --->   "%store_ln49 = store i32 %add_ln49, i32 %p_anonymous_namespace_rowsReceived_2" [../src/non_maximum_suppression.cpp:49->../src/canny_top.cpp:32]   --->   Operation 80 'store' 'store_ln49' <Predicate = (p_read_3)> <Delay = 0.00>

State 2 <SV = 1> <Delay = 1.47>
ST_2 : Operation 81 [35/36] (1.47ns)   --->   "%writeSlot = srem i32 %p_anonymous_namespace_rowsReceived_2_load, i32 3" [../src/non_maximum_suppression.cpp:43->../src/canny_top.cpp:32]   --->   Operation 81 'srem' 'writeSlot' <Predicate = true> <Delay = 1.47> <CoreInst = "DivnS_SEQ">   --->   Core 7 'DivnS_SEQ' <Latency = 35> <II = 32> <Delay = 1.47> <FuncUnit> <Opcode : 'udiv' 'sdiv' 'urem' 'srem'> <InPorts = 2> <OutPorts = 1>

State 3 <SV = 2> <Delay = 1.47>
ST_3 : Operation 82 [34/36] (1.47ns)   --->   "%writeSlot = srem i32 %p_anonymous_namespace_rowsReceived_2_load, i32 3" [../src/non_maximum_suppression.cpp:43->../src/canny_top.cpp:32]   --->   Operation 82 'srem' 'writeSlot' <Predicate = true> <Delay = 1.47> <CoreInst = "DivnS_SEQ">   --->   Core 7 'DivnS_SEQ' <Latency = 35> <II = 32> <Delay = 1.47> <FuncUnit> <Opcode : 'udiv' 'sdiv' 'urem' 'srem'> <InPorts = 2> <OutPorts = 1>

State 4 <SV = 3> <Delay = 1.47>
ST_4 : Operation 83 [33/36] (1.47ns)   --->   "%writeSlot = srem i32 %p_anonymous_namespace_rowsReceived_2_load, i32 3" [../src/non_maximum_suppression.cpp:43->../src/canny_top.cpp:32]   --->   Operation 83 'srem' 'writeSlot' <Predicate = true> <Delay = 1.47> <CoreInst = "DivnS_SEQ">   --->   Core 7 'DivnS_SEQ' <Latency = 35> <II = 32> <Delay = 1.47> <FuncUnit> <Opcode : 'udiv' 'sdiv' 'urem' 'srem'> <InPorts = 2> <OutPorts = 1>

State 5 <SV = 4> <Delay = 1.47>
ST_5 : Operation 84 [32/36] (1.47ns)   --->   "%writeSlot = srem i32 %p_anonymous_namespace_rowsReceived_2_load, i32 3" [../src/non_maximum_suppression.cpp:43->../src/canny_top.cpp:32]   --->   Operation 84 'srem' 'writeSlot' <Predicate = true> <Delay = 1.47> <CoreInst = "DivnS_SEQ">   --->   Core 7 'DivnS_SEQ' <Latency = 35> <II = 32> <Delay = 1.47> <FuncUnit> <Opcode : 'udiv' 'sdiv' 'urem' 'srem'> <InPorts = 2> <OutPorts = 1>

State 6 <SV = 5> <Delay = 1.47>
ST_6 : Operation 85 [31/36] (1.47ns)   --->   "%writeSlot = srem i32 %p_anonymous_namespace_rowsReceived_2_load, i32 3" [../src/non_maximum_suppression.cpp:43->../src/canny_top.cpp:32]   --->   Operation 85 'srem' 'writeSlot' <Predicate = true> <Delay = 1.47> <CoreInst = "DivnS_SEQ">   --->   Core 7 'DivnS_SEQ' <Latency = 35> <II = 32> <Delay = 1.47> <FuncUnit> <Opcode : 'udiv' 'sdiv' 'urem' 'srem'> <InPorts = 2> <OutPorts = 1>

State 7 <SV = 6> <Delay = 1.47>
ST_7 : Operation 86 [30/36] (1.47ns)   --->   "%writeSlot = srem i32 %p_anonymous_namespace_rowsReceived_2_load, i32 3" [../src/non_maximum_suppression.cpp:43->../src/canny_top.cpp:32]   --->   Operation 86 'srem' 'writeSlot' <Predicate = true> <Delay = 1.47> <CoreInst = "DivnS_SEQ">   --->   Core 7 'DivnS_SEQ' <Latency = 35> <II = 32> <Delay = 1.47> <FuncUnit> <Opcode : 'udiv' 'sdiv' 'urem' 'srem'> <InPorts = 2> <OutPorts = 1>

State 8 <SV = 7> <Delay = 1.47>
ST_8 : Operation 87 [29/36] (1.47ns)   --->   "%writeSlot = srem i32 %p_anonymous_namespace_rowsReceived_2_load, i32 3" [../src/non_maximum_suppression.cpp:43->../src/canny_top.cpp:32]   --->   Operation 87 'srem' 'writeSlot' <Predicate = true> <Delay = 1.47> <CoreInst = "DivnS_SEQ">   --->   Core 7 'DivnS_SEQ' <Latency = 35> <II = 32> <Delay = 1.47> <FuncUnit> <Opcode : 'udiv' 'sdiv' 'urem' 'srem'> <InPorts = 2> <OutPorts = 1>

State 9 <SV = 8> <Delay = 1.47>
ST_9 : Operation 88 [28/36] (1.47ns)   --->   "%writeSlot = srem i32 %p_anonymous_namespace_rowsReceived_2_load, i32 3" [../src/non_maximum_suppression.cpp:43->../src/canny_top.cpp:32]   --->   Operation 88 'srem' 'writeSlot' <Predicate = true> <Delay = 1.47> <CoreInst = "DivnS_SEQ">   --->   Core 7 'DivnS_SEQ' <Latency = 35> <II = 32> <Delay = 1.47> <FuncUnit> <Opcode : 'udiv' 'sdiv' 'urem' 'srem'> <InPorts = 2> <OutPorts = 1>

State 10 <SV = 9> <Delay = 1.47>
ST_10 : Operation 89 [27/36] (1.47ns)   --->   "%writeSlot = srem i32 %p_anonymous_namespace_rowsReceived_2_load, i32 3" [../src/non_maximum_suppression.cpp:43->../src/canny_top.cpp:32]   --->   Operation 89 'srem' 'writeSlot' <Predicate = true> <Delay = 1.47> <CoreInst = "DivnS_SEQ">   --->   Core 7 'DivnS_SEQ' <Latency = 35> <II = 32> <Delay = 1.47> <FuncUnit> <Opcode : 'udiv' 'sdiv' 'urem' 'srem'> <InPorts = 2> <OutPorts = 1>

State 11 <SV = 10> <Delay = 1.47>
ST_11 : Operation 90 [26/36] (1.47ns)   --->   "%writeSlot = srem i32 %p_anonymous_namespace_rowsReceived_2_load, i32 3" [../src/non_maximum_suppression.cpp:43->../src/canny_top.cpp:32]   --->   Operation 90 'srem' 'writeSlot' <Predicate = true> <Delay = 1.47> <CoreInst = "DivnS_SEQ">   --->   Core 7 'DivnS_SEQ' <Latency = 35> <II = 32> <Delay = 1.47> <FuncUnit> <Opcode : 'udiv' 'sdiv' 'urem' 'srem'> <InPorts = 2> <OutPorts = 1>

State 12 <SV = 11> <Delay = 1.47>
ST_12 : Operation 91 [25/36] (1.47ns)   --->   "%writeSlot = srem i32 %p_anonymous_namespace_rowsReceived_2_load, i32 3" [../src/non_maximum_suppression.cpp:43->../src/canny_top.cpp:32]   --->   Operation 91 'srem' 'writeSlot' <Predicate = true> <Delay = 1.47> <CoreInst = "DivnS_SEQ">   --->   Core 7 'DivnS_SEQ' <Latency = 35> <II = 32> <Delay = 1.47> <FuncUnit> <Opcode : 'udiv' 'sdiv' 'urem' 'srem'> <InPorts = 2> <OutPorts = 1>

State 13 <SV = 12> <Delay = 1.47>
ST_13 : Operation 92 [24/36] (1.47ns)   --->   "%writeSlot = srem i32 %p_anonymous_namespace_rowsReceived_2_load, i32 3" [../src/non_maximum_suppression.cpp:43->../src/canny_top.cpp:32]   --->   Operation 92 'srem' 'writeSlot' <Predicate = true> <Delay = 1.47> <CoreInst = "DivnS_SEQ">   --->   Core 7 'DivnS_SEQ' <Latency = 35> <II = 32> <Delay = 1.47> <FuncUnit> <Opcode : 'udiv' 'sdiv' 'urem' 'srem'> <InPorts = 2> <OutPorts = 1>

State 14 <SV = 13> <Delay = 1.47>
ST_14 : Operation 93 [23/36] (1.47ns)   --->   "%writeSlot = srem i32 %p_anonymous_namespace_rowsReceived_2_load, i32 3" [../src/non_maximum_suppression.cpp:43->../src/canny_top.cpp:32]   --->   Operation 93 'srem' 'writeSlot' <Predicate = true> <Delay = 1.47> <CoreInst = "DivnS_SEQ">   --->   Core 7 'DivnS_SEQ' <Latency = 35> <II = 32> <Delay = 1.47> <FuncUnit> <Opcode : 'udiv' 'sdiv' 'urem' 'srem'> <InPorts = 2> <OutPorts = 1>

State 15 <SV = 14> <Delay = 1.47>
ST_15 : Operation 94 [22/36] (1.47ns)   --->   "%writeSlot = srem i32 %p_anonymous_namespace_rowsReceived_2_load, i32 3" [../src/non_maximum_suppression.cpp:43->../src/canny_top.cpp:32]   --->   Operation 94 'srem' 'writeSlot' <Predicate = true> <Delay = 1.47> <CoreInst = "DivnS_SEQ">   --->   Core 7 'DivnS_SEQ' <Latency = 35> <II = 32> <Delay = 1.47> <FuncUnit> <Opcode : 'udiv' 'sdiv' 'urem' 'srem'> <InPorts = 2> <OutPorts = 1>

State 16 <SV = 15> <Delay = 1.47>
ST_16 : Operation 95 [21/36] (1.47ns)   --->   "%writeSlot = srem i32 %p_anonymous_namespace_rowsReceived_2_load, i32 3" [../src/non_maximum_suppression.cpp:43->../src/canny_top.cpp:32]   --->   Operation 95 'srem' 'writeSlot' <Predicate = true> <Delay = 1.47> <CoreInst = "DivnS_SEQ">   --->   Core 7 'DivnS_SEQ' <Latency = 35> <II = 32> <Delay = 1.47> <FuncUnit> <Opcode : 'udiv' 'sdiv' 'urem' 'srem'> <InPorts = 2> <OutPorts = 1>

State 17 <SV = 16> <Delay = 1.47>
ST_17 : Operation 96 [20/36] (1.47ns)   --->   "%writeSlot = srem i32 %p_anonymous_namespace_rowsReceived_2_load, i32 3" [../src/non_maximum_suppression.cpp:43->../src/canny_top.cpp:32]   --->   Operation 96 'srem' 'writeSlot' <Predicate = true> <Delay = 1.47> <CoreInst = "DivnS_SEQ">   --->   Core 7 'DivnS_SEQ' <Latency = 35> <II = 32> <Delay = 1.47> <FuncUnit> <Opcode : 'udiv' 'sdiv' 'urem' 'srem'> <InPorts = 2> <OutPorts = 1>

State 18 <SV = 17> <Delay = 1.47>
ST_18 : Operation 97 [19/36] (1.47ns)   --->   "%writeSlot = srem i32 %p_anonymous_namespace_rowsReceived_2_load, i32 3" [../src/non_maximum_suppression.cpp:43->../src/canny_top.cpp:32]   --->   Operation 97 'srem' 'writeSlot' <Predicate = true> <Delay = 1.47> <CoreInst = "DivnS_SEQ">   --->   Core 7 'DivnS_SEQ' <Latency = 35> <II = 32> <Delay = 1.47> <FuncUnit> <Opcode : 'udiv' 'sdiv' 'urem' 'srem'> <InPorts = 2> <OutPorts = 1>

State 19 <SV = 18> <Delay = 1.47>
ST_19 : Operation 98 [18/36] (1.47ns)   --->   "%writeSlot = srem i32 %p_anonymous_namespace_rowsReceived_2_load, i32 3" [../src/non_maximum_suppression.cpp:43->../src/canny_top.cpp:32]   --->   Operation 98 'srem' 'writeSlot' <Predicate = true> <Delay = 1.47> <CoreInst = "DivnS_SEQ">   --->   Core 7 'DivnS_SEQ' <Latency = 35> <II = 32> <Delay = 1.47> <FuncUnit> <Opcode : 'udiv' 'sdiv' 'urem' 'srem'> <InPorts = 2> <OutPorts = 1>

State 20 <SV = 19> <Delay = 1.47>
ST_20 : Operation 99 [17/36] (1.47ns)   --->   "%writeSlot = srem i32 %p_anonymous_namespace_rowsReceived_2_load, i32 3" [../src/non_maximum_suppression.cpp:43->../src/canny_top.cpp:32]   --->   Operation 99 'srem' 'writeSlot' <Predicate = true> <Delay = 1.47> <CoreInst = "DivnS_SEQ">   --->   Core 7 'DivnS_SEQ' <Latency = 35> <II = 32> <Delay = 1.47> <FuncUnit> <Opcode : 'udiv' 'sdiv' 'urem' 'srem'> <InPorts = 2> <OutPorts = 1>

State 21 <SV = 20> <Delay = 1.47>
ST_21 : Operation 100 [16/36] (1.47ns)   --->   "%writeSlot = srem i32 %p_anonymous_namespace_rowsReceived_2_load, i32 3" [../src/non_maximum_suppression.cpp:43->../src/canny_top.cpp:32]   --->   Operation 100 'srem' 'writeSlot' <Predicate = true> <Delay = 1.47> <CoreInst = "DivnS_SEQ">   --->   Core 7 'DivnS_SEQ' <Latency = 35> <II = 32> <Delay = 1.47> <FuncUnit> <Opcode : 'udiv' 'sdiv' 'urem' 'srem'> <InPorts = 2> <OutPorts = 1>

State 22 <SV = 21> <Delay = 1.47>
ST_22 : Operation 101 [15/36] (1.47ns)   --->   "%writeSlot = srem i32 %p_anonymous_namespace_rowsReceived_2_load, i32 3" [../src/non_maximum_suppression.cpp:43->../src/canny_top.cpp:32]   --->   Operation 101 'srem' 'writeSlot' <Predicate = true> <Delay = 1.47> <CoreInst = "DivnS_SEQ">   --->   Core 7 'DivnS_SEQ' <Latency = 35> <II = 32> <Delay = 1.47> <FuncUnit> <Opcode : 'udiv' 'sdiv' 'urem' 'srem'> <InPorts = 2> <OutPorts = 1>

State 23 <SV = 22> <Delay = 1.47>
ST_23 : Operation 102 [14/36] (1.47ns)   --->   "%writeSlot = srem i32 %p_anonymous_namespace_rowsReceived_2_load, i32 3" [../src/non_maximum_suppression.cpp:43->../src/canny_top.cpp:32]   --->   Operation 102 'srem' 'writeSlot' <Predicate = true> <Delay = 1.47> <CoreInst = "DivnS_SEQ">   --->   Core 7 'DivnS_SEQ' <Latency = 35> <II = 32> <Delay = 1.47> <FuncUnit> <Opcode : 'udiv' 'sdiv' 'urem' 'srem'> <InPorts = 2> <OutPorts = 1>

State 24 <SV = 23> <Delay = 1.47>
ST_24 : Operation 103 [13/36] (1.47ns)   --->   "%writeSlot = srem i32 %p_anonymous_namespace_rowsReceived_2_load, i32 3" [../src/non_maximum_suppression.cpp:43->../src/canny_top.cpp:32]   --->   Operation 103 'srem' 'writeSlot' <Predicate = true> <Delay = 1.47> <CoreInst = "DivnS_SEQ">   --->   Core 7 'DivnS_SEQ' <Latency = 35> <II = 32> <Delay = 1.47> <FuncUnit> <Opcode : 'udiv' 'sdiv' 'urem' 'srem'> <InPorts = 2> <OutPorts = 1>

State 25 <SV = 24> <Delay = 1.47>
ST_25 : Operation 104 [12/36] (1.47ns)   --->   "%writeSlot = srem i32 %p_anonymous_namespace_rowsReceived_2_load, i32 3" [../src/non_maximum_suppression.cpp:43->../src/canny_top.cpp:32]   --->   Operation 104 'srem' 'writeSlot' <Predicate = true> <Delay = 1.47> <CoreInst = "DivnS_SEQ">   --->   Core 7 'DivnS_SEQ' <Latency = 35> <II = 32> <Delay = 1.47> <FuncUnit> <Opcode : 'udiv' 'sdiv' 'urem' 'srem'> <InPorts = 2> <OutPorts = 1>

State 26 <SV = 25> <Delay = 1.47>
ST_26 : Operation 105 [11/36] (1.47ns)   --->   "%writeSlot = srem i32 %p_anonymous_namespace_rowsReceived_2_load, i32 3" [../src/non_maximum_suppression.cpp:43->../src/canny_top.cpp:32]   --->   Operation 105 'srem' 'writeSlot' <Predicate = true> <Delay = 1.47> <CoreInst = "DivnS_SEQ">   --->   Core 7 'DivnS_SEQ' <Latency = 35> <II = 32> <Delay = 1.47> <FuncUnit> <Opcode : 'udiv' 'sdiv' 'urem' 'srem'> <InPorts = 2> <OutPorts = 1>

State 27 <SV = 26> <Delay = 1.47>
ST_27 : Operation 106 [10/36] (1.47ns)   --->   "%writeSlot = srem i32 %p_anonymous_namespace_rowsReceived_2_load, i32 3" [../src/non_maximum_suppression.cpp:43->../src/canny_top.cpp:32]   --->   Operation 106 'srem' 'writeSlot' <Predicate = true> <Delay = 1.47> <CoreInst = "DivnS_SEQ">   --->   Core 7 'DivnS_SEQ' <Latency = 35> <II = 32> <Delay = 1.47> <FuncUnit> <Opcode : 'udiv' 'sdiv' 'urem' 'srem'> <InPorts = 2> <OutPorts = 1>

State 28 <SV = 27> <Delay = 1.47>
ST_28 : Operation 107 [9/36] (1.47ns)   --->   "%writeSlot = srem i32 %p_anonymous_namespace_rowsReceived_2_load, i32 3" [../src/non_maximum_suppression.cpp:43->../src/canny_top.cpp:32]   --->   Operation 107 'srem' 'writeSlot' <Predicate = true> <Delay = 1.47> <CoreInst = "DivnS_SEQ">   --->   Core 7 'DivnS_SEQ' <Latency = 35> <II = 32> <Delay = 1.47> <FuncUnit> <Opcode : 'udiv' 'sdiv' 'urem' 'srem'> <InPorts = 2> <OutPorts = 1>

State 29 <SV = 28> <Delay = 1.47>
ST_29 : Operation 108 [8/36] (1.47ns)   --->   "%writeSlot = srem i32 %p_anonymous_namespace_rowsReceived_2_load, i32 3" [../src/non_maximum_suppression.cpp:43->../src/canny_top.cpp:32]   --->   Operation 108 'srem' 'writeSlot' <Predicate = true> <Delay = 1.47> <CoreInst = "DivnS_SEQ">   --->   Core 7 'DivnS_SEQ' <Latency = 35> <II = 32> <Delay = 1.47> <FuncUnit> <Opcode : 'udiv' 'sdiv' 'urem' 'srem'> <InPorts = 2> <OutPorts = 1>

State 30 <SV = 29> <Delay = 1.47>
ST_30 : Operation 109 [7/36] (1.47ns)   --->   "%writeSlot = srem i32 %p_anonymous_namespace_rowsReceived_2_load, i32 3" [../src/non_maximum_suppression.cpp:43->../src/canny_top.cpp:32]   --->   Operation 109 'srem' 'writeSlot' <Predicate = true> <Delay = 1.47> <CoreInst = "DivnS_SEQ">   --->   Core 7 'DivnS_SEQ' <Latency = 35> <II = 32> <Delay = 1.47> <FuncUnit> <Opcode : 'udiv' 'sdiv' 'urem' 'srem'> <InPorts = 2> <OutPorts = 1>

State 31 <SV = 30> <Delay = 1.47>
ST_31 : Operation 110 [6/36] (1.47ns)   --->   "%writeSlot = srem i32 %p_anonymous_namespace_rowsReceived_2_load, i32 3" [../src/non_maximum_suppression.cpp:43->../src/canny_top.cpp:32]   --->   Operation 110 'srem' 'writeSlot' <Predicate = true> <Delay = 1.47> <CoreInst = "DivnS_SEQ">   --->   Core 7 'DivnS_SEQ' <Latency = 35> <II = 32> <Delay = 1.47> <FuncUnit> <Opcode : 'udiv' 'sdiv' 'urem' 'srem'> <InPorts = 2> <OutPorts = 1>

State 32 <SV = 31> <Delay = 1.47>
ST_32 : Operation 111 [5/36] (1.47ns)   --->   "%writeSlot = srem i32 %p_anonymous_namespace_rowsReceived_2_load, i32 3" [../src/non_maximum_suppression.cpp:43->../src/canny_top.cpp:32]   --->   Operation 111 'srem' 'writeSlot' <Predicate = true> <Delay = 1.47> <CoreInst = "DivnS_SEQ">   --->   Core 7 'DivnS_SEQ' <Latency = 35> <II = 32> <Delay = 1.47> <FuncUnit> <Opcode : 'udiv' 'sdiv' 'urem' 'srem'> <InPorts = 2> <OutPorts = 1>

State 33 <SV = 32> <Delay = 1.47>
ST_33 : Operation 112 [4/36] (1.47ns)   --->   "%writeSlot = srem i32 %p_anonymous_namespace_rowsReceived_2_load, i32 3" [../src/non_maximum_suppression.cpp:43->../src/canny_top.cpp:32]   --->   Operation 112 'srem' 'writeSlot' <Predicate = true> <Delay = 1.47> <CoreInst = "DivnS_SEQ">   --->   Core 7 'DivnS_SEQ' <Latency = 35> <II = 32> <Delay = 1.47> <FuncUnit> <Opcode : 'udiv' 'sdiv' 'urem' 'srem'> <InPorts = 2> <OutPorts = 1>

State 34 <SV = 33> <Delay = 1.47>
ST_34 : Operation 113 [3/36] (1.47ns)   --->   "%writeSlot = srem i32 %p_anonymous_namespace_rowsReceived_2_load, i32 3" [../src/non_maximum_suppression.cpp:43->../src/canny_top.cpp:32]   --->   Operation 113 'srem' 'writeSlot' <Predicate = true> <Delay = 1.47> <CoreInst = "DivnS_SEQ">   --->   Core 7 'DivnS_SEQ' <Latency = 35> <II = 32> <Delay = 1.47> <FuncUnit> <Opcode : 'udiv' 'sdiv' 'urem' 'srem'> <InPorts = 2> <OutPorts = 1>

State 35 <SV = 34> <Delay = 1.47>
ST_35 : Operation 114 [2/36] (1.47ns)   --->   "%writeSlot = srem i32 %p_anonymous_namespace_rowsReceived_2_load, i32 3" [../src/non_maximum_suppression.cpp:43->../src/canny_top.cpp:32]   --->   Operation 114 'srem' 'writeSlot' <Predicate = true> <Delay = 1.47> <CoreInst = "DivnS_SEQ">   --->   Core 7 'DivnS_SEQ' <Latency = 35> <II = 32> <Delay = 1.47> <FuncUnit> <Opcode : 'udiv' 'sdiv' 'urem' 'srem'> <InPorts = 2> <OutPorts = 1>

State 36 <SV = 35> <Delay = 1.47>
ST_36 : Operation 115 [1/36] (1.47ns)   --->   "%writeSlot = srem i32 %p_anonymous_namespace_rowsReceived_2_load, i32 3" [../src/non_maximum_suppression.cpp:43->../src/canny_top.cpp:32]   --->   Operation 115 'srem' 'writeSlot' <Predicate = true> <Delay = 1.47> <CoreInst = "DivnS_SEQ">   --->   Core 7 'DivnS_SEQ' <Latency = 35> <II = 32> <Delay = 1.47> <FuncUnit> <Opcode : 'udiv' 'sdiv' 'urem' 'srem'> <InPorts = 2> <OutPorts = 1>
ST_36 : Operation 116 [1/1] (0.00ns)   --->   "%trunc_ln42 = trunc i32 %writeSlot" [../src/non_maximum_suppression.cpp:42->../src/canny_top.cpp:32]   --->   Operation 116 'trunc' 'trunc_ln42' <Predicate = true> <Delay = 0.00>
ST_36 : Operation 117 [1/1] (0.00ns)   --->   "%tmp_19 = bitconcatenate i11 @_ssdm_op_BitConcatenate.i11.i2.i9, i2 %trunc_ln42, i9 0" [../src/non_maximum_suppression.cpp:46->../src/canny_top.cpp:32]   --->   Operation 117 'bitconcatenate' 'tmp_19' <Predicate = true> <Delay = 0.00>
ST_36 : Operation 118 [2/2] (0.00ns)   --->   "%call_ln46 = call void @non_maximum_suppression_Pipeline_VITIS_LOOP_45_1, i11 %out_nonmax, i11 %tmp_19, i2 %trunc_ln42, i11 %out_sobel_magnitude, i2 %out_sobel_direction, i2 %p_anonymous_namespace_lineBuffer_direction, i11 %p_anonymous_namespace_lineBuffer_25_magnitude_0, i11 %p_anonymous_namespace_lineBuffer_25_magnitude_1" [../src/non_maximum_suppression.cpp:46->../src/canny_top.cpp:32]   --->   Operation 118 'call' 'call_ln46' <Predicate = true> <Delay = 0.00> <CoreType = "Generic">   --->   Generic Core

State 37 <SV = 36> <Delay = 2.49>
ST_37 : Operation 119 [1/2] (1.64ns)   --->   "%call_ln46 = call void @non_maximum_suppression_Pipeline_VITIS_LOOP_45_1, i11 %out_nonmax, i11 %tmp_19, i2 %trunc_ln42, i11 %out_sobel_magnitude, i2 %out_sobel_direction, i2 %p_anonymous_namespace_lineBuffer_direction, i11 %p_anonymous_namespace_lineBuffer_25_magnitude_0, i11 %p_anonymous_namespace_lineBuffer_25_magnitude_1" [../src/non_maximum_suppression.cpp:46->../src/canny_top.cpp:32]   --->   Operation 119 'call' 'call_ln46' <Predicate = true> <Delay = 1.64> <CoreType = "Generic">   --->   Generic Core
ST_37 : Operation 120 [1/1] (1.01ns)   --->   "%outputRow = add i32 %p_anonymous_namespace_rowsReceived_2_load, i32 4294967295" [../src/non_maximum_suppression.cpp:55->../src/canny_top.cpp:32]   --->   Operation 120 'add' 'outputRow' <Predicate = true> <Delay = 1.01> <CoreInst = "Adder">   --->   Core 1 'Adder' <Latency = 0> <II = 1> <Delay = 1.01> <FuncUnit> <Opcode : 'add' 'sub'> <InPorts = 2> <OutPorts = 1>
ST_37 : Operation 121 [1/1] (0.00ns)   --->   "%trunc_ln55 = trunc i32 %outputRow" [../src/non_maximum_suppression.cpp:55->../src/canny_top.cpp:32]   --->   Operation 121 'trunc' 'trunc_ln55' <Predicate = true> <Delay = 0.00>
ST_37 : Operation 122 [1/1] (0.00ns)   --->   "%tmp = bitselect i1 @_ssdm_op_BitSelect.i1.i32.i32, i32 %outputRow, i32 31" [../src/non_maximum_suppression.cpp:57->../src/canny_top.cpp:32]   --->   Operation 122 'bitselect' 'tmp' <Predicate = true> <Delay = 0.00>
ST_37 : Operation 123 [1/1] (0.42ns)   --->   "%br_ln57 = br i1 %tmp, void %if.end10.i, void %_Z23non_maximum_suppressionPK13GradientPixelPtbPb.3.exit" [../src/non_maximum_suppression.cpp:57->../src/canny_top.cpp:32]   --->   Operation 123 'br' 'br_ln57' <Predicate = true> <Delay = 0.42>
ST_37 : Operation 124 [1/1] (1.01ns)   --->   "%add_ln66 = add i32 %p_anonymous_namespace_rowsReceived_2_load, i32 4294967294" [../src/non_maximum_suppression.cpp:66->../src/canny_top.cpp:32]   --->   Operation 124 'add' 'add_ln66' <Predicate = (!tmp)> <Delay = 1.01> <CoreInst = "Adder">   --->   Core 1 'Adder' <Latency = 0> <II = 1> <Delay = 1.01> <FuncUnit> <Opcode : 'add' 'sub'> <InPorts = 2> <OutPorts = 1>
ST_37 : Operation 125 [36/36] (1.47ns)   --->   "%result = srem i32 %add_ln66, i32 3" [../src/non_maximum_suppression.cpp:13->../src/non_maximum_suppression.cpp:66->../src/canny_top.cpp:32]   --->   Operation 125 'srem' 'result' <Predicate = (!tmp)> <Delay = 1.47> <CoreInst = "DivnS_SEQ">   --->   Core 7 'DivnS_SEQ' <Latency = 35> <II = 32> <Delay = 1.47> <FuncUnit> <Opcode : 'udiv' 'sdiv' 'urem' 'srem'> <InPorts = 2> <OutPorts = 1>
ST_37 : Operation 126 [36/36] (1.47ns)   --->   "%result_3 = urem i32 %outputRow, i32 3" [../src/non_maximum_suppression.cpp:55->../src/canny_top.cpp:32]   --->   Operation 126 'urem' 'result_3' <Predicate = (!tmp)> <Delay = 1.47> <CoreInst = "DivnS_SEQ">   --->   Core 7 'DivnS_SEQ' <Latency = 35> <II = 2> <Delay = 1.47> <FuncUnit> <Opcode : 'udiv' 'sdiv' 'urem' 'srem'> <InPorts = 2> <OutPorts = 1>
ST_37 : Operation 127 [1/1] (0.00ns)   --->   "%tmp_24 = bitselect i1 @_ssdm_op_BitSelect.i1.i32.i32, i32 %writeSlot, i32 2" [../src/non_maximum_suppression.cpp:14->../src/non_maximum_suppression.cpp:72->../src/canny_top.cpp:32]   --->   Operation 127 'bitselect' 'tmp_24' <Predicate = (!tmp)> <Delay = 0.00>
ST_37 : Operation 128 [1/1] (0.54ns)   --->   "%add_ln14_1 = add i2 %trunc_ln42, i2 3" [../src/non_maximum_suppression.cpp:14->../src/non_maximum_suppression.cpp:72->../src/canny_top.cpp:32]   --->   Operation 128 'add' 'add_ln14_1' <Predicate = (!tmp)> <Delay = 0.54> <CoreInst = "Adder">   --->   Core 1 'Adder' <Latency = 0> <II = 1> <Delay = 0.54> <FuncUnit> <Opcode : 'add' 'sub'> <InPorts = 2> <OutPorts = 1>
ST_37 : Operation 129 [1/1] (0.17ns)   --->   "%select_ln14_1 = select i1 %tmp_24, i2 %add_ln14_1, i2 %trunc_ln42" [../src/non_maximum_suppression.cpp:14->../src/non_maximum_suppression.cpp:72->../src/canny_top.cpp:32]   --->   Operation 129 'select' 'select_ln14_1' <Predicate = (!tmp)> <Delay = 0.17> <CoreInst = "Sel">   --->   Core 73 'Sel' <Latency = 0> <II = 1> <Delay = 0.17> <FuncUnit> <Opcode : 'select'> <InPorts = 3> <OutPorts = 1>

State 38 <SV = 37> <Delay = 1.47>
ST_38 : Operation 130 [35/36] (1.47ns)   --->   "%result = srem i32 %add_ln66, i32 3" [../src/non_maximum_suppression.cpp:13->../src/non_maximum_suppression.cpp:66->../src/canny_top.cpp:32]   --->   Operation 130 'srem' 'result' <Predicate = true> <Delay = 1.47> <CoreInst = "DivnS_SEQ">   --->   Core 7 'DivnS_SEQ' <Latency = 35> <II = 32> <Delay = 1.47> <FuncUnit> <Opcode : 'udiv' 'sdiv' 'urem' 'srem'> <InPorts = 2> <OutPorts = 1>
ST_38 : Operation 131 [35/36] (1.47ns)   --->   "%result_3 = urem i32 %outputRow, i32 3" [../src/non_maximum_suppression.cpp:55->../src/canny_top.cpp:32]   --->   Operation 131 'urem' 'result_3' <Predicate = true> <Delay = 1.47> <CoreInst = "DivnS_SEQ">   --->   Core 7 'DivnS_SEQ' <Latency = 35> <II = 2> <Delay = 1.47> <FuncUnit> <Opcode : 'udiv' 'sdiv' 'urem' 'srem'> <InPorts = 2> <OutPorts = 1>

State 39 <SV = 38> <Delay = 1.47>
ST_39 : Operation 132 [34/36] (1.47ns)   --->   "%result = srem i32 %add_ln66, i32 3" [../src/non_maximum_suppression.cpp:13->../src/non_maximum_suppression.cpp:66->../src/canny_top.cpp:32]   --->   Operation 132 'srem' 'result' <Predicate = true> <Delay = 1.47> <CoreInst = "DivnS_SEQ">   --->   Core 7 'DivnS_SEQ' <Latency = 35> <II = 32> <Delay = 1.47> <FuncUnit> <Opcode : 'udiv' 'sdiv' 'urem' 'srem'> <InPorts = 2> <OutPorts = 1>
ST_39 : Operation 133 [34/36] (1.47ns)   --->   "%result_3 = urem i32 %outputRow, i32 3" [../src/non_maximum_suppression.cpp:55->../src/canny_top.cpp:32]   --->   Operation 133 'urem' 'result_3' <Predicate = true> <Delay = 1.47> <CoreInst = "DivnS_SEQ">   --->   Core 7 'DivnS_SEQ' <Latency = 35> <II = 2> <Delay = 1.47> <FuncUnit> <Opcode : 'udiv' 'sdiv' 'urem' 'srem'> <InPorts = 2> <OutPorts = 1>

State 40 <SV = 39> <Delay = 1.47>
ST_40 : Operation 134 [33/36] (1.47ns)   --->   "%result = srem i32 %add_ln66, i32 3" [../src/non_maximum_suppression.cpp:13->../src/non_maximum_suppression.cpp:66->../src/canny_top.cpp:32]   --->   Operation 134 'srem' 'result' <Predicate = true> <Delay = 1.47> <CoreInst = "DivnS_SEQ">   --->   Core 7 'DivnS_SEQ' <Latency = 35> <II = 32> <Delay = 1.47> <FuncUnit> <Opcode : 'udiv' 'sdiv' 'urem' 'srem'> <InPorts = 2> <OutPorts = 1>
ST_40 : Operation 135 [33/36] (1.47ns)   --->   "%result_3 = urem i32 %outputRow, i32 3" [../src/non_maximum_suppression.cpp:55->../src/canny_top.cpp:32]   --->   Operation 135 'urem' 'result_3' <Predicate = true> <Delay = 1.47> <CoreInst = "DivnS_SEQ">   --->   Core 7 'DivnS_SEQ' <Latency = 35> <II = 2> <Delay = 1.47> <FuncUnit> <Opcode : 'udiv' 'sdiv' 'urem' 'srem'> <InPorts = 2> <OutPorts = 1>

State 41 <SV = 40> <Delay = 1.47>
ST_41 : Operation 136 [32/36] (1.47ns)   --->   "%result = srem i32 %add_ln66, i32 3" [../src/non_maximum_suppression.cpp:13->../src/non_maximum_suppression.cpp:66->../src/canny_top.cpp:32]   --->   Operation 136 'srem' 'result' <Predicate = true> <Delay = 1.47> <CoreInst = "DivnS_SEQ">   --->   Core 7 'DivnS_SEQ' <Latency = 35> <II = 32> <Delay = 1.47> <FuncUnit> <Opcode : 'udiv' 'sdiv' 'urem' 'srem'> <InPorts = 2> <OutPorts = 1>
ST_41 : Operation 137 [32/36] (1.47ns)   --->   "%result_3 = urem i32 %outputRow, i32 3" [../src/non_maximum_suppression.cpp:55->../src/canny_top.cpp:32]   --->   Operation 137 'urem' 'result_3' <Predicate = true> <Delay = 1.47> <CoreInst = "DivnS_SEQ">   --->   Core 7 'DivnS_SEQ' <Latency = 35> <II = 2> <Delay = 1.47> <FuncUnit> <Opcode : 'udiv' 'sdiv' 'urem' 'srem'> <InPorts = 2> <OutPorts = 1>

State 42 <SV = 41> <Delay = 1.47>
ST_42 : Operation 138 [31/36] (1.47ns)   --->   "%result = srem i32 %add_ln66, i32 3" [../src/non_maximum_suppression.cpp:13->../src/non_maximum_suppression.cpp:66->../src/canny_top.cpp:32]   --->   Operation 138 'srem' 'result' <Predicate = true> <Delay = 1.47> <CoreInst = "DivnS_SEQ">   --->   Core 7 'DivnS_SEQ' <Latency = 35> <II = 32> <Delay = 1.47> <FuncUnit> <Opcode : 'udiv' 'sdiv' 'urem' 'srem'> <InPorts = 2> <OutPorts = 1>
ST_42 : Operation 139 [31/36] (1.47ns)   --->   "%result_3 = urem i32 %outputRow, i32 3" [../src/non_maximum_suppression.cpp:55->../src/canny_top.cpp:32]   --->   Operation 139 'urem' 'result_3' <Predicate = true> <Delay = 1.47> <CoreInst = "DivnS_SEQ">   --->   Core 7 'DivnS_SEQ' <Latency = 35> <II = 2> <Delay = 1.47> <FuncUnit> <Opcode : 'udiv' 'sdiv' 'urem' 'srem'> <InPorts = 2> <OutPorts = 1>

State 43 <SV = 42> <Delay = 1.47>
ST_43 : Operation 140 [30/36] (1.47ns)   --->   "%result = srem i32 %add_ln66, i32 3" [../src/non_maximum_suppression.cpp:13->../src/non_maximum_suppression.cpp:66->../src/canny_top.cpp:32]   --->   Operation 140 'srem' 'result' <Predicate = true> <Delay = 1.47> <CoreInst = "DivnS_SEQ">   --->   Core 7 'DivnS_SEQ' <Latency = 35> <II = 32> <Delay = 1.47> <FuncUnit> <Opcode : 'udiv' 'sdiv' 'urem' 'srem'> <InPorts = 2> <OutPorts = 1>
ST_43 : Operation 141 [30/36] (1.47ns)   --->   "%result_3 = urem i32 %outputRow, i32 3" [../src/non_maximum_suppression.cpp:55->../src/canny_top.cpp:32]   --->   Operation 141 'urem' 'result_3' <Predicate = true> <Delay = 1.47> <CoreInst = "DivnS_SEQ">   --->   Core 7 'DivnS_SEQ' <Latency = 35> <II = 2> <Delay = 1.47> <FuncUnit> <Opcode : 'udiv' 'sdiv' 'urem' 'srem'> <InPorts = 2> <OutPorts = 1>

State 44 <SV = 43> <Delay = 1.47>
ST_44 : Operation 142 [29/36] (1.47ns)   --->   "%result = srem i32 %add_ln66, i32 3" [../src/non_maximum_suppression.cpp:13->../src/non_maximum_suppression.cpp:66->../src/canny_top.cpp:32]   --->   Operation 142 'srem' 'result' <Predicate = true> <Delay = 1.47> <CoreInst = "DivnS_SEQ">   --->   Core 7 'DivnS_SEQ' <Latency = 35> <II = 32> <Delay = 1.47> <FuncUnit> <Opcode : 'udiv' 'sdiv' 'urem' 'srem'> <InPorts = 2> <OutPorts = 1>
ST_44 : Operation 143 [29/36] (1.47ns)   --->   "%result_3 = urem i32 %outputRow, i32 3" [../src/non_maximum_suppression.cpp:55->../src/canny_top.cpp:32]   --->   Operation 143 'urem' 'result_3' <Predicate = true> <Delay = 1.47> <CoreInst = "DivnS_SEQ">   --->   Core 7 'DivnS_SEQ' <Latency = 35> <II = 2> <Delay = 1.47> <FuncUnit> <Opcode : 'udiv' 'sdiv' 'urem' 'srem'> <InPorts = 2> <OutPorts = 1>

State 45 <SV = 44> <Delay = 1.47>
ST_45 : Operation 144 [28/36] (1.47ns)   --->   "%result = srem i32 %add_ln66, i32 3" [../src/non_maximum_suppression.cpp:13->../src/non_maximum_suppression.cpp:66->../src/canny_top.cpp:32]   --->   Operation 144 'srem' 'result' <Predicate = true> <Delay = 1.47> <CoreInst = "DivnS_SEQ">   --->   Core 7 'DivnS_SEQ' <Latency = 35> <II = 32> <Delay = 1.47> <FuncUnit> <Opcode : 'udiv' 'sdiv' 'urem' 'srem'> <InPorts = 2> <OutPorts = 1>
ST_45 : Operation 145 [28/36] (1.47ns)   --->   "%result_3 = urem i32 %outputRow, i32 3" [../src/non_maximum_suppression.cpp:55->../src/canny_top.cpp:32]   --->   Operation 145 'urem' 'result_3' <Predicate = true> <Delay = 1.47> <CoreInst = "DivnS_SEQ">   --->   Core 7 'DivnS_SEQ' <Latency = 35> <II = 2> <Delay = 1.47> <FuncUnit> <Opcode : 'udiv' 'sdiv' 'urem' 'srem'> <InPorts = 2> <OutPorts = 1>

State 46 <SV = 45> <Delay = 1.47>
ST_46 : Operation 146 [27/36] (1.47ns)   --->   "%result = srem i32 %add_ln66, i32 3" [../src/non_maximum_suppression.cpp:13->../src/non_maximum_suppression.cpp:66->../src/canny_top.cpp:32]   --->   Operation 146 'srem' 'result' <Predicate = true> <Delay = 1.47> <CoreInst = "DivnS_SEQ">   --->   Core 7 'DivnS_SEQ' <Latency = 35> <II = 32> <Delay = 1.47> <FuncUnit> <Opcode : 'udiv' 'sdiv' 'urem' 'srem'> <InPorts = 2> <OutPorts = 1>
ST_46 : Operation 147 [27/36] (1.47ns)   --->   "%result_3 = urem i32 %outputRow, i32 3" [../src/non_maximum_suppression.cpp:55->../src/canny_top.cpp:32]   --->   Operation 147 'urem' 'result_3' <Predicate = true> <Delay = 1.47> <CoreInst = "DivnS_SEQ">   --->   Core 7 'DivnS_SEQ' <Latency = 35> <II = 2> <Delay = 1.47> <FuncUnit> <Opcode : 'udiv' 'sdiv' 'urem' 'srem'> <InPorts = 2> <OutPorts = 1>

State 47 <SV = 46> <Delay = 1.47>
ST_47 : Operation 148 [26/36] (1.47ns)   --->   "%result = srem i32 %add_ln66, i32 3" [../src/non_maximum_suppression.cpp:13->../src/non_maximum_suppression.cpp:66->../src/canny_top.cpp:32]   --->   Operation 148 'srem' 'result' <Predicate = true> <Delay = 1.47> <CoreInst = "DivnS_SEQ">   --->   Core 7 'DivnS_SEQ' <Latency = 35> <II = 32> <Delay = 1.47> <FuncUnit> <Opcode : 'udiv' 'sdiv' 'urem' 'srem'> <InPorts = 2> <OutPorts = 1>
ST_47 : Operation 149 [26/36] (1.47ns)   --->   "%result_3 = urem i32 %outputRow, i32 3" [../src/non_maximum_suppression.cpp:55->../src/canny_top.cpp:32]   --->   Operation 149 'urem' 'result_3' <Predicate = true> <Delay = 1.47> <CoreInst = "DivnS_SEQ">   --->   Core 7 'DivnS_SEQ' <Latency = 35> <II = 2> <Delay = 1.47> <FuncUnit> <Opcode : 'udiv' 'sdiv' 'urem' 'srem'> <InPorts = 2> <OutPorts = 1>

State 48 <SV = 47> <Delay = 1.47>
ST_48 : Operation 150 [25/36] (1.47ns)   --->   "%result = srem i32 %add_ln66, i32 3" [../src/non_maximum_suppression.cpp:13->../src/non_maximum_suppression.cpp:66->../src/canny_top.cpp:32]   --->   Operation 150 'srem' 'result' <Predicate = true> <Delay = 1.47> <CoreInst = "DivnS_SEQ">   --->   Core 7 'DivnS_SEQ' <Latency = 35> <II = 32> <Delay = 1.47> <FuncUnit> <Opcode : 'udiv' 'sdiv' 'urem' 'srem'> <InPorts = 2> <OutPorts = 1>
ST_48 : Operation 151 [25/36] (1.47ns)   --->   "%result_3 = urem i32 %outputRow, i32 3" [../src/non_maximum_suppression.cpp:55->../src/canny_top.cpp:32]   --->   Operation 151 'urem' 'result_3' <Predicate = true> <Delay = 1.47> <CoreInst = "DivnS_SEQ">   --->   Core 7 'DivnS_SEQ' <Latency = 35> <II = 2> <Delay = 1.47> <FuncUnit> <Opcode : 'udiv' 'sdiv' 'urem' 'srem'> <InPorts = 2> <OutPorts = 1>

State 49 <SV = 48> <Delay = 1.47>
ST_49 : Operation 152 [24/36] (1.47ns)   --->   "%result = srem i32 %add_ln66, i32 3" [../src/non_maximum_suppression.cpp:13->../src/non_maximum_suppression.cpp:66->../src/canny_top.cpp:32]   --->   Operation 152 'srem' 'result' <Predicate = true> <Delay = 1.47> <CoreInst = "DivnS_SEQ">   --->   Core 7 'DivnS_SEQ' <Latency = 35> <II = 32> <Delay = 1.47> <FuncUnit> <Opcode : 'udiv' 'sdiv' 'urem' 'srem'> <InPorts = 2> <OutPorts = 1>
ST_49 : Operation 153 [24/36] (1.47ns)   --->   "%result_3 = urem i32 %outputRow, i32 3" [../src/non_maximum_suppression.cpp:55->../src/canny_top.cpp:32]   --->   Operation 153 'urem' 'result_3' <Predicate = true> <Delay = 1.47> <CoreInst = "DivnS_SEQ">   --->   Core 7 'DivnS_SEQ' <Latency = 35> <II = 2> <Delay = 1.47> <FuncUnit> <Opcode : 'udiv' 'sdiv' 'urem' 'srem'> <InPorts = 2> <OutPorts = 1>

State 50 <SV = 49> <Delay = 1.47>
ST_50 : Operation 154 [23/36] (1.47ns)   --->   "%result = srem i32 %add_ln66, i32 3" [../src/non_maximum_suppression.cpp:13->../src/non_maximum_suppression.cpp:66->../src/canny_top.cpp:32]   --->   Operation 154 'srem' 'result' <Predicate = true> <Delay = 1.47> <CoreInst = "DivnS_SEQ">   --->   Core 7 'DivnS_SEQ' <Latency = 35> <II = 32> <Delay = 1.47> <FuncUnit> <Opcode : 'udiv' 'sdiv' 'urem' 'srem'> <InPorts = 2> <OutPorts = 1>
ST_50 : Operation 155 [23/36] (1.47ns)   --->   "%result_3 = urem i32 %outputRow, i32 3" [../src/non_maximum_suppression.cpp:55->../src/canny_top.cpp:32]   --->   Operation 155 'urem' 'result_3' <Predicate = true> <Delay = 1.47> <CoreInst = "DivnS_SEQ">   --->   Core 7 'DivnS_SEQ' <Latency = 35> <II = 2> <Delay = 1.47> <FuncUnit> <Opcode : 'udiv' 'sdiv' 'urem' 'srem'> <InPorts = 2> <OutPorts = 1>

State 51 <SV = 50> <Delay = 1.47>
ST_51 : Operation 156 [22/36] (1.47ns)   --->   "%result = srem i32 %add_ln66, i32 3" [../src/non_maximum_suppression.cpp:13->../src/non_maximum_suppression.cpp:66->../src/canny_top.cpp:32]   --->   Operation 156 'srem' 'result' <Predicate = true> <Delay = 1.47> <CoreInst = "DivnS_SEQ">   --->   Core 7 'DivnS_SEQ' <Latency = 35> <II = 32> <Delay = 1.47> <FuncUnit> <Opcode : 'udiv' 'sdiv' 'urem' 'srem'> <InPorts = 2> <OutPorts = 1>
ST_51 : Operation 157 [22/36] (1.47ns)   --->   "%result_3 = urem i32 %outputRow, i32 3" [../src/non_maximum_suppression.cpp:55->../src/canny_top.cpp:32]   --->   Operation 157 'urem' 'result_3' <Predicate = true> <Delay = 1.47> <CoreInst = "DivnS_SEQ">   --->   Core 7 'DivnS_SEQ' <Latency = 35> <II = 2> <Delay = 1.47> <FuncUnit> <Opcode : 'udiv' 'sdiv' 'urem' 'srem'> <InPorts = 2> <OutPorts = 1>

State 52 <SV = 51> <Delay = 1.47>
ST_52 : Operation 158 [21/36] (1.47ns)   --->   "%result = srem i32 %add_ln66, i32 3" [../src/non_maximum_suppression.cpp:13->../src/non_maximum_suppression.cpp:66->../src/canny_top.cpp:32]   --->   Operation 158 'srem' 'result' <Predicate = true> <Delay = 1.47> <CoreInst = "DivnS_SEQ">   --->   Core 7 'DivnS_SEQ' <Latency = 35> <II = 32> <Delay = 1.47> <FuncUnit> <Opcode : 'udiv' 'sdiv' 'urem' 'srem'> <InPorts = 2> <OutPorts = 1>
ST_52 : Operation 159 [21/36] (1.47ns)   --->   "%result_3 = urem i32 %outputRow, i32 3" [../src/non_maximum_suppression.cpp:55->../src/canny_top.cpp:32]   --->   Operation 159 'urem' 'result_3' <Predicate = true> <Delay = 1.47> <CoreInst = "DivnS_SEQ">   --->   Core 7 'DivnS_SEQ' <Latency = 35> <II = 2> <Delay = 1.47> <FuncUnit> <Opcode : 'udiv' 'sdiv' 'urem' 'srem'> <InPorts = 2> <OutPorts = 1>

State 53 <SV = 52> <Delay = 1.47>
ST_53 : Operation 160 [20/36] (1.47ns)   --->   "%result = srem i32 %add_ln66, i32 3" [../src/non_maximum_suppression.cpp:13->../src/non_maximum_suppression.cpp:66->../src/canny_top.cpp:32]   --->   Operation 160 'srem' 'result' <Predicate = true> <Delay = 1.47> <CoreInst = "DivnS_SEQ">   --->   Core 7 'DivnS_SEQ' <Latency = 35> <II = 32> <Delay = 1.47> <FuncUnit> <Opcode : 'udiv' 'sdiv' 'urem' 'srem'> <InPorts = 2> <OutPorts = 1>
ST_53 : Operation 161 [20/36] (1.47ns)   --->   "%result_3 = urem i32 %outputRow, i32 3" [../src/non_maximum_suppression.cpp:55->../src/canny_top.cpp:32]   --->   Operation 161 'urem' 'result_3' <Predicate = true> <Delay = 1.47> <CoreInst = "DivnS_SEQ">   --->   Core 7 'DivnS_SEQ' <Latency = 35> <II = 2> <Delay = 1.47> <FuncUnit> <Opcode : 'udiv' 'sdiv' 'urem' 'srem'> <InPorts = 2> <OutPorts = 1>

State 54 <SV = 53> <Delay = 1.47>
ST_54 : Operation 162 [19/36] (1.47ns)   --->   "%result = srem i32 %add_ln66, i32 3" [../src/non_maximum_suppression.cpp:13->../src/non_maximum_suppression.cpp:66->../src/canny_top.cpp:32]   --->   Operation 162 'srem' 'result' <Predicate = true> <Delay = 1.47> <CoreInst = "DivnS_SEQ">   --->   Core 7 'DivnS_SEQ' <Latency = 35> <II = 32> <Delay = 1.47> <FuncUnit> <Opcode : 'udiv' 'sdiv' 'urem' 'srem'> <InPorts = 2> <OutPorts = 1>
ST_54 : Operation 163 [19/36] (1.47ns)   --->   "%result_3 = urem i32 %outputRow, i32 3" [../src/non_maximum_suppression.cpp:55->../src/canny_top.cpp:32]   --->   Operation 163 'urem' 'result_3' <Predicate = true> <Delay = 1.47> <CoreInst = "DivnS_SEQ">   --->   Core 7 'DivnS_SEQ' <Latency = 35> <II = 2> <Delay = 1.47> <FuncUnit> <Opcode : 'udiv' 'sdiv' 'urem' 'srem'> <InPorts = 2> <OutPorts = 1>

State 55 <SV = 54> <Delay = 1.47>
ST_55 : Operation 164 [18/36] (1.47ns)   --->   "%result = srem i32 %add_ln66, i32 3" [../src/non_maximum_suppression.cpp:13->../src/non_maximum_suppression.cpp:66->../src/canny_top.cpp:32]   --->   Operation 164 'srem' 'result' <Predicate = true> <Delay = 1.47> <CoreInst = "DivnS_SEQ">   --->   Core 7 'DivnS_SEQ' <Latency = 35> <II = 32> <Delay = 1.47> <FuncUnit> <Opcode : 'udiv' 'sdiv' 'urem' 'srem'> <InPorts = 2> <OutPorts = 1>
ST_55 : Operation 165 [18/36] (1.47ns)   --->   "%result_3 = urem i32 %outputRow, i32 3" [../src/non_maximum_suppression.cpp:55->../src/canny_top.cpp:32]   --->   Operation 165 'urem' 'result_3' <Predicate = true> <Delay = 1.47> <CoreInst = "DivnS_SEQ">   --->   Core 7 'DivnS_SEQ' <Latency = 35> <II = 2> <Delay = 1.47> <FuncUnit> <Opcode : 'udiv' 'sdiv' 'urem' 'srem'> <InPorts = 2> <OutPorts = 1>

State 56 <SV = 55> <Delay = 1.47>
ST_56 : Operation 166 [17/36] (1.47ns)   --->   "%result = srem i32 %add_ln66, i32 3" [../src/non_maximum_suppression.cpp:13->../src/non_maximum_suppression.cpp:66->../src/canny_top.cpp:32]   --->   Operation 166 'srem' 'result' <Predicate = true> <Delay = 1.47> <CoreInst = "DivnS_SEQ">   --->   Core 7 'DivnS_SEQ' <Latency = 35> <II = 32> <Delay = 1.47> <FuncUnit> <Opcode : 'udiv' 'sdiv' 'urem' 'srem'> <InPorts = 2> <OutPorts = 1>
ST_56 : Operation 167 [17/36] (1.47ns)   --->   "%result_3 = urem i32 %outputRow, i32 3" [../src/non_maximum_suppression.cpp:55->../src/canny_top.cpp:32]   --->   Operation 167 'urem' 'result_3' <Predicate = true> <Delay = 1.47> <CoreInst = "DivnS_SEQ">   --->   Core 7 'DivnS_SEQ' <Latency = 35> <II = 2> <Delay = 1.47> <FuncUnit> <Opcode : 'udiv' 'sdiv' 'urem' 'srem'> <InPorts = 2> <OutPorts = 1>

State 57 <SV = 56> <Delay = 1.47>
ST_57 : Operation 168 [16/36] (1.47ns)   --->   "%result = srem i32 %add_ln66, i32 3" [../src/non_maximum_suppression.cpp:13->../src/non_maximum_suppression.cpp:66->../src/canny_top.cpp:32]   --->   Operation 168 'srem' 'result' <Predicate = true> <Delay = 1.47> <CoreInst = "DivnS_SEQ">   --->   Core 7 'DivnS_SEQ' <Latency = 35> <II = 32> <Delay = 1.47> <FuncUnit> <Opcode : 'udiv' 'sdiv' 'urem' 'srem'> <InPorts = 2> <OutPorts = 1>
ST_57 : Operation 169 [16/36] (1.47ns)   --->   "%result_3 = urem i32 %outputRow, i32 3" [../src/non_maximum_suppression.cpp:55->../src/canny_top.cpp:32]   --->   Operation 169 'urem' 'result_3' <Predicate = true> <Delay = 1.47> <CoreInst = "DivnS_SEQ">   --->   Core 7 'DivnS_SEQ' <Latency = 35> <II = 2> <Delay = 1.47> <FuncUnit> <Opcode : 'udiv' 'sdiv' 'urem' 'srem'> <InPorts = 2> <OutPorts = 1>

State 58 <SV = 57> <Delay = 1.47>
ST_58 : Operation 170 [15/36] (1.47ns)   --->   "%result = srem i32 %add_ln66, i32 3" [../src/non_maximum_suppression.cpp:13->../src/non_maximum_suppression.cpp:66->../src/canny_top.cpp:32]   --->   Operation 170 'srem' 'result' <Predicate = true> <Delay = 1.47> <CoreInst = "DivnS_SEQ">   --->   Core 7 'DivnS_SEQ' <Latency = 35> <II = 32> <Delay = 1.47> <FuncUnit> <Opcode : 'udiv' 'sdiv' 'urem' 'srem'> <InPorts = 2> <OutPorts = 1>
ST_58 : Operation 171 [15/36] (1.47ns)   --->   "%result_3 = urem i32 %outputRow, i32 3" [../src/non_maximum_suppression.cpp:55->../src/canny_top.cpp:32]   --->   Operation 171 'urem' 'result_3' <Predicate = true> <Delay = 1.47> <CoreInst = "DivnS_SEQ">   --->   Core 7 'DivnS_SEQ' <Latency = 35> <II = 2> <Delay = 1.47> <FuncUnit> <Opcode : 'udiv' 'sdiv' 'urem' 'srem'> <InPorts = 2> <OutPorts = 1>

State 59 <SV = 58> <Delay = 1.47>
ST_59 : Operation 172 [14/36] (1.47ns)   --->   "%result = srem i32 %add_ln66, i32 3" [../src/non_maximum_suppression.cpp:13->../src/non_maximum_suppression.cpp:66->../src/canny_top.cpp:32]   --->   Operation 172 'srem' 'result' <Predicate = true> <Delay = 1.47> <CoreInst = "DivnS_SEQ">   --->   Core 7 'DivnS_SEQ' <Latency = 35> <II = 32> <Delay = 1.47> <FuncUnit> <Opcode : 'udiv' 'sdiv' 'urem' 'srem'> <InPorts = 2> <OutPorts = 1>
ST_59 : Operation 173 [14/36] (1.47ns)   --->   "%result_3 = urem i32 %outputRow, i32 3" [../src/non_maximum_suppression.cpp:55->../src/canny_top.cpp:32]   --->   Operation 173 'urem' 'result_3' <Predicate = true> <Delay = 1.47> <CoreInst = "DivnS_SEQ">   --->   Core 7 'DivnS_SEQ' <Latency = 35> <II = 2> <Delay = 1.47> <FuncUnit> <Opcode : 'udiv' 'sdiv' 'urem' 'srem'> <InPorts = 2> <OutPorts = 1>

State 60 <SV = 59> <Delay = 1.47>
ST_60 : Operation 174 [13/36] (1.47ns)   --->   "%result = srem i32 %add_ln66, i32 3" [../src/non_maximum_suppression.cpp:13->../src/non_maximum_suppression.cpp:66->../src/canny_top.cpp:32]   --->   Operation 174 'srem' 'result' <Predicate = true> <Delay = 1.47> <CoreInst = "DivnS_SEQ">   --->   Core 7 'DivnS_SEQ' <Latency = 35> <II = 32> <Delay = 1.47> <FuncUnit> <Opcode : 'udiv' 'sdiv' 'urem' 'srem'> <InPorts = 2> <OutPorts = 1>
ST_60 : Operation 175 [13/36] (1.47ns)   --->   "%result_3 = urem i32 %outputRow, i32 3" [../src/non_maximum_suppression.cpp:55->../src/canny_top.cpp:32]   --->   Operation 175 'urem' 'result_3' <Predicate = true> <Delay = 1.47> <CoreInst = "DivnS_SEQ">   --->   Core 7 'DivnS_SEQ' <Latency = 35> <II = 2> <Delay = 1.47> <FuncUnit> <Opcode : 'udiv' 'sdiv' 'urem' 'srem'> <InPorts = 2> <OutPorts = 1>

State 61 <SV = 60> <Delay = 1.47>
ST_61 : Operation 176 [12/36] (1.47ns)   --->   "%result = srem i32 %add_ln66, i32 3" [../src/non_maximum_suppression.cpp:13->../src/non_maximum_suppression.cpp:66->../src/canny_top.cpp:32]   --->   Operation 176 'srem' 'result' <Predicate = true> <Delay = 1.47> <CoreInst = "DivnS_SEQ">   --->   Core 7 'DivnS_SEQ' <Latency = 35> <II = 32> <Delay = 1.47> <FuncUnit> <Opcode : 'udiv' 'sdiv' 'urem' 'srem'> <InPorts = 2> <OutPorts = 1>
ST_61 : Operation 177 [12/36] (1.47ns)   --->   "%result_3 = urem i32 %outputRow, i32 3" [../src/non_maximum_suppression.cpp:55->../src/canny_top.cpp:32]   --->   Operation 177 'urem' 'result_3' <Predicate = true> <Delay = 1.47> <CoreInst = "DivnS_SEQ">   --->   Core 7 'DivnS_SEQ' <Latency = 35> <II = 2> <Delay = 1.47> <FuncUnit> <Opcode : 'udiv' 'sdiv' 'urem' 'srem'> <InPorts = 2> <OutPorts = 1>

State 62 <SV = 61> <Delay = 1.47>
ST_62 : Operation 178 [11/36] (1.47ns)   --->   "%result = srem i32 %add_ln66, i32 3" [../src/non_maximum_suppression.cpp:13->../src/non_maximum_suppression.cpp:66->../src/canny_top.cpp:32]   --->   Operation 178 'srem' 'result' <Predicate = true> <Delay = 1.47> <CoreInst = "DivnS_SEQ">   --->   Core 7 'DivnS_SEQ' <Latency = 35> <II = 32> <Delay = 1.47> <FuncUnit> <Opcode : 'udiv' 'sdiv' 'urem' 'srem'> <InPorts = 2> <OutPorts = 1>
ST_62 : Operation 179 [11/36] (1.47ns)   --->   "%result_3 = urem i32 %outputRow, i32 3" [../src/non_maximum_suppression.cpp:55->../src/canny_top.cpp:32]   --->   Operation 179 'urem' 'result_3' <Predicate = true> <Delay = 1.47> <CoreInst = "DivnS_SEQ">   --->   Core 7 'DivnS_SEQ' <Latency = 35> <II = 2> <Delay = 1.47> <FuncUnit> <Opcode : 'udiv' 'sdiv' 'urem' 'srem'> <InPorts = 2> <OutPorts = 1>

State 63 <SV = 62> <Delay = 1.47>
ST_63 : Operation 180 [10/36] (1.47ns)   --->   "%result = srem i32 %add_ln66, i32 3" [../src/non_maximum_suppression.cpp:13->../src/non_maximum_suppression.cpp:66->../src/canny_top.cpp:32]   --->   Operation 180 'srem' 'result' <Predicate = true> <Delay = 1.47> <CoreInst = "DivnS_SEQ">   --->   Core 7 'DivnS_SEQ' <Latency = 35> <II = 32> <Delay = 1.47> <FuncUnit> <Opcode : 'udiv' 'sdiv' 'urem' 'srem'> <InPorts = 2> <OutPorts = 1>
ST_63 : Operation 181 [10/36] (1.47ns)   --->   "%result_3 = urem i32 %outputRow, i32 3" [../src/non_maximum_suppression.cpp:55->../src/canny_top.cpp:32]   --->   Operation 181 'urem' 'result_3' <Predicate = true> <Delay = 1.47> <CoreInst = "DivnS_SEQ">   --->   Core 7 'DivnS_SEQ' <Latency = 35> <II = 2> <Delay = 1.47> <FuncUnit> <Opcode : 'udiv' 'sdiv' 'urem' 'srem'> <InPorts = 2> <OutPorts = 1>

State 64 <SV = 63> <Delay = 1.47>
ST_64 : Operation 182 [9/36] (1.47ns)   --->   "%result = srem i32 %add_ln66, i32 3" [../src/non_maximum_suppression.cpp:13->../src/non_maximum_suppression.cpp:66->../src/canny_top.cpp:32]   --->   Operation 182 'srem' 'result' <Predicate = true> <Delay = 1.47> <CoreInst = "DivnS_SEQ">   --->   Core 7 'DivnS_SEQ' <Latency = 35> <II = 32> <Delay = 1.47> <FuncUnit> <Opcode : 'udiv' 'sdiv' 'urem' 'srem'> <InPorts = 2> <OutPorts = 1>
ST_64 : Operation 183 [9/36] (1.47ns)   --->   "%result_3 = urem i32 %outputRow, i32 3" [../src/non_maximum_suppression.cpp:55->../src/canny_top.cpp:32]   --->   Operation 183 'urem' 'result_3' <Predicate = true> <Delay = 1.47> <CoreInst = "DivnS_SEQ">   --->   Core 7 'DivnS_SEQ' <Latency = 35> <II = 2> <Delay = 1.47> <FuncUnit> <Opcode : 'udiv' 'sdiv' 'urem' 'srem'> <InPorts = 2> <OutPorts = 1>

State 65 <SV = 64> <Delay = 1.47>
ST_65 : Operation 184 [8/36] (1.47ns)   --->   "%result = srem i32 %add_ln66, i32 3" [../src/non_maximum_suppression.cpp:13->../src/non_maximum_suppression.cpp:66->../src/canny_top.cpp:32]   --->   Operation 184 'srem' 'result' <Predicate = true> <Delay = 1.47> <CoreInst = "DivnS_SEQ">   --->   Core 7 'DivnS_SEQ' <Latency = 35> <II = 32> <Delay = 1.47> <FuncUnit> <Opcode : 'udiv' 'sdiv' 'urem' 'srem'> <InPorts = 2> <OutPorts = 1>
ST_65 : Operation 185 [8/36] (1.47ns)   --->   "%result_3 = urem i32 %outputRow, i32 3" [../src/non_maximum_suppression.cpp:55->../src/canny_top.cpp:32]   --->   Operation 185 'urem' 'result_3' <Predicate = true> <Delay = 1.47> <CoreInst = "DivnS_SEQ">   --->   Core 7 'DivnS_SEQ' <Latency = 35> <II = 2> <Delay = 1.47> <FuncUnit> <Opcode : 'udiv' 'sdiv' 'urem' 'srem'> <InPorts = 2> <OutPorts = 1>

State 66 <SV = 65> <Delay = 1.47>
ST_66 : Operation 186 [7/36] (1.47ns)   --->   "%result = srem i32 %add_ln66, i32 3" [../src/non_maximum_suppression.cpp:13->../src/non_maximum_suppression.cpp:66->../src/canny_top.cpp:32]   --->   Operation 186 'srem' 'result' <Predicate = true> <Delay = 1.47> <CoreInst = "DivnS_SEQ">   --->   Core 7 'DivnS_SEQ' <Latency = 35> <II = 32> <Delay = 1.47> <FuncUnit> <Opcode : 'udiv' 'sdiv' 'urem' 'srem'> <InPorts = 2> <OutPorts = 1>
ST_66 : Operation 187 [7/36] (1.47ns)   --->   "%result_3 = urem i32 %outputRow, i32 3" [../src/non_maximum_suppression.cpp:55->../src/canny_top.cpp:32]   --->   Operation 187 'urem' 'result_3' <Predicate = true> <Delay = 1.47> <CoreInst = "DivnS_SEQ">   --->   Core 7 'DivnS_SEQ' <Latency = 35> <II = 2> <Delay = 1.47> <FuncUnit> <Opcode : 'udiv' 'sdiv' 'urem' 'srem'> <InPorts = 2> <OutPorts = 1>

State 67 <SV = 66> <Delay = 1.47>
ST_67 : Operation 188 [6/36] (1.47ns)   --->   "%result = srem i32 %add_ln66, i32 3" [../src/non_maximum_suppression.cpp:13->../src/non_maximum_suppression.cpp:66->../src/canny_top.cpp:32]   --->   Operation 188 'srem' 'result' <Predicate = true> <Delay = 1.47> <CoreInst = "DivnS_SEQ">   --->   Core 7 'DivnS_SEQ' <Latency = 35> <II = 32> <Delay = 1.47> <FuncUnit> <Opcode : 'udiv' 'sdiv' 'urem' 'srem'> <InPorts = 2> <OutPorts = 1>
ST_67 : Operation 189 [6/36] (1.47ns)   --->   "%result_3 = urem i32 %outputRow, i32 3" [../src/non_maximum_suppression.cpp:55->../src/canny_top.cpp:32]   --->   Operation 189 'urem' 'result_3' <Predicate = true> <Delay = 1.47> <CoreInst = "DivnS_SEQ">   --->   Core 7 'DivnS_SEQ' <Latency = 35> <II = 2> <Delay = 1.47> <FuncUnit> <Opcode : 'udiv' 'sdiv' 'urem' 'srem'> <InPorts = 2> <OutPorts = 1>

State 68 <SV = 67> <Delay = 1.47>
ST_68 : Operation 190 [5/36] (1.47ns)   --->   "%result = srem i32 %add_ln66, i32 3" [../src/non_maximum_suppression.cpp:13->../src/non_maximum_suppression.cpp:66->../src/canny_top.cpp:32]   --->   Operation 190 'srem' 'result' <Predicate = true> <Delay = 1.47> <CoreInst = "DivnS_SEQ">   --->   Core 7 'DivnS_SEQ' <Latency = 35> <II = 32> <Delay = 1.47> <FuncUnit> <Opcode : 'udiv' 'sdiv' 'urem' 'srem'> <InPorts = 2> <OutPorts = 1>
ST_68 : Operation 191 [5/36] (1.47ns)   --->   "%result_3 = urem i32 %outputRow, i32 3" [../src/non_maximum_suppression.cpp:55->../src/canny_top.cpp:32]   --->   Operation 191 'urem' 'result_3' <Predicate = true> <Delay = 1.47> <CoreInst = "DivnS_SEQ">   --->   Core 7 'DivnS_SEQ' <Latency = 35> <II = 2> <Delay = 1.47> <FuncUnit> <Opcode : 'udiv' 'sdiv' 'urem' 'srem'> <InPorts = 2> <OutPorts = 1>

State 69 <SV = 68> <Delay = 1.47>
ST_69 : Operation 192 [4/36] (1.47ns)   --->   "%result = srem i32 %add_ln66, i32 3" [../src/non_maximum_suppression.cpp:13->../src/non_maximum_suppression.cpp:66->../src/canny_top.cpp:32]   --->   Operation 192 'srem' 'result' <Predicate = true> <Delay = 1.47> <CoreInst = "DivnS_SEQ">   --->   Core 7 'DivnS_SEQ' <Latency = 35> <II = 32> <Delay = 1.47> <FuncUnit> <Opcode : 'udiv' 'sdiv' 'urem' 'srem'> <InPorts = 2> <OutPorts = 1>
ST_69 : Operation 193 [4/36] (1.47ns)   --->   "%result_3 = urem i32 %outputRow, i32 3" [../src/non_maximum_suppression.cpp:55->../src/canny_top.cpp:32]   --->   Operation 193 'urem' 'result_3' <Predicate = true> <Delay = 1.47> <CoreInst = "DivnS_SEQ">   --->   Core 7 'DivnS_SEQ' <Latency = 35> <II = 2> <Delay = 1.47> <FuncUnit> <Opcode : 'udiv' 'sdiv' 'urem' 'srem'> <InPorts = 2> <OutPorts = 1>

State 70 <SV = 69> <Delay = 1.47>
ST_70 : Operation 194 [3/36] (1.47ns)   --->   "%result = srem i32 %add_ln66, i32 3" [../src/non_maximum_suppression.cpp:13->../src/non_maximum_suppression.cpp:66->../src/canny_top.cpp:32]   --->   Operation 194 'srem' 'result' <Predicate = true> <Delay = 1.47> <CoreInst = "DivnS_SEQ">   --->   Core 7 'DivnS_SEQ' <Latency = 35> <II = 32> <Delay = 1.47> <FuncUnit> <Opcode : 'udiv' 'sdiv' 'urem' 'srem'> <InPorts = 2> <OutPorts = 1>
ST_70 : Operation 195 [3/36] (1.47ns)   --->   "%result_3 = urem i32 %outputRow, i32 3" [../src/non_maximum_suppression.cpp:55->../src/canny_top.cpp:32]   --->   Operation 195 'urem' 'result_3' <Predicate = true> <Delay = 1.47> <CoreInst = "DivnS_SEQ">   --->   Core 7 'DivnS_SEQ' <Latency = 35> <II = 2> <Delay = 1.47> <FuncUnit> <Opcode : 'udiv' 'sdiv' 'urem' 'srem'> <InPorts = 2> <OutPorts = 1>

State 71 <SV = 70> <Delay = 1.47>
ST_71 : Operation 196 [2/36] (1.47ns)   --->   "%result = srem i32 %add_ln66, i32 3" [../src/non_maximum_suppression.cpp:13->../src/non_maximum_suppression.cpp:66->../src/canny_top.cpp:32]   --->   Operation 196 'srem' 'result' <Predicate = true> <Delay = 1.47> <CoreInst = "DivnS_SEQ">   --->   Core 7 'DivnS_SEQ' <Latency = 35> <II = 32> <Delay = 1.47> <FuncUnit> <Opcode : 'udiv' 'sdiv' 'urem' 'srem'> <InPorts = 2> <OutPorts = 1>
ST_71 : Operation 197 [2/36] (1.47ns)   --->   "%result_3 = urem i32 %outputRow, i32 3" [../src/non_maximum_suppression.cpp:55->../src/canny_top.cpp:32]   --->   Operation 197 'urem' 'result_3' <Predicate = true> <Delay = 1.47> <CoreInst = "DivnS_SEQ">   --->   Core 7 'DivnS_SEQ' <Latency = 35> <II = 2> <Delay = 1.47> <FuncUnit> <Opcode : 'udiv' 'sdiv' 'urem' 'srem'> <InPorts = 2> <OutPorts = 1>

State 72 <SV = 71> <Delay = 2.20>
ST_72 : Operation 198 [1/36] (1.47ns)   --->   "%result = srem i32 %add_ln66, i32 3" [../src/non_maximum_suppression.cpp:13->../src/non_maximum_suppression.cpp:66->../src/canny_top.cpp:32]   --->   Operation 198 'srem' 'result' <Predicate = true> <Delay = 1.47> <CoreInst = "DivnS_SEQ">   --->   Core 7 'DivnS_SEQ' <Latency = 35> <II = 32> <Delay = 1.47> <FuncUnit> <Opcode : 'udiv' 'sdiv' 'urem' 'srem'> <InPorts = 2> <OutPorts = 1>
ST_72 : Operation 199 [1/1] (0.00ns)   --->   "%trunc_ln13 = trunc i32 %result" [../src/non_maximum_suppression.cpp:13->../src/non_maximum_suppression.cpp:66->../src/canny_top.cpp:32]   --->   Operation 199 'trunc' 'trunc_ln13' <Predicate = true> <Delay = 0.00>
ST_72 : Operation 200 [1/1] (0.00ns)   --->   "%tmp_22 = bitselect i1 @_ssdm_op_BitSelect.i1.i32.i32, i32 %result, i32 2" [../src/non_maximum_suppression.cpp:14->../src/non_maximum_suppression.cpp:66->../src/canny_top.cpp:32]   --->   Operation 200 'bitselect' 'tmp_22' <Predicate = true> <Delay = 0.00>
ST_72 : Operation 201 [1/1] (0.54ns)   --->   "%add_ln14 = add i2 %trunc_ln13, i2 3" [../src/non_maximum_suppression.cpp:14->../src/non_maximum_suppression.cpp:66->../src/canny_top.cpp:32]   --->   Operation 201 'add' 'add_ln14' <Predicate = true> <Delay = 0.54> <CoreInst = "Adder">   --->   Core 1 'Adder' <Latency = 0> <II = 1> <Delay = 0.54> <FuncUnit> <Opcode : 'add' 'sub'> <InPorts = 2> <OutPorts = 1>
ST_72 : Operation 202 [1/36] (1.47ns)   --->   "%result_3 = urem i32 %outputRow, i32 3" [../src/non_maximum_suppression.cpp:55->../src/canny_top.cpp:32]   --->   Operation 202 'urem' 'result_3' <Predicate = true> <Delay = 1.47> <CoreInst = "DivnS_SEQ">   --->   Core 7 'DivnS_SEQ' <Latency = 35> <II = 2> <Delay = 1.47> <FuncUnit> <Opcode : 'udiv' 'sdiv' 'urem' 'srem'> <InPorts = 2> <OutPorts = 1>
ST_72 : Operation 203 [1/1] (0.17ns)   --->   "%select_ln14 = select i1 %tmp_22, i2 %add_ln14, i2 %trunc_ln13" [../src/non_maximum_suppression.cpp:14->../src/non_maximum_suppression.cpp:66->../src/canny_top.cpp:32]   --->   Operation 203 'select' 'select_ln14' <Predicate = true> <Delay = 0.17> <CoreInst = "Sel">   --->   Core 73 'Sel' <Latency = 0> <II = 1> <Delay = 0.17> <FuncUnit> <Opcode : 'select'> <InPorts = 3> <OutPorts = 1>

State 73 <SV = 72> <Delay = 2.03>
ST_73 : Operation 204 [1/1] (0.00ns)   --->   "%trunc_ln13_1 = trunc i2 %result_3" [../src/non_maximum_suppression.cpp:13->../src/non_maximum_suppression.cpp:69->../src/canny_top.cpp:32]   --->   Operation 204 'trunc' 'trunc_ln13_1' <Predicate = true> <Delay = 0.00>
ST_73 : Operation 205 [1/1] (0.00ns)   --->   "%tmp_s = bitconcatenate i11 @_ssdm_op_BitConcatenate.i11.i2.i9, i2 %trunc_ln13_1, i9 0" [../src/non_maximum_suppression.cpp:76->../src/canny_top.cpp:32]   --->   Operation 205 'bitconcatenate' 'tmp_s' <Predicate = true> <Delay = 0.00>
ST_73 : Operation 206 [2/2] (2.03ns)   --->   "%call_ln55 = call void @non_maximum_suppression_Pipeline_VITIS_LOOP_74_2, i31 %trunc_ln55, i11 %out_nonmax, i2 %trunc_ln13_1, i11 %tmp_s, i2 %select_ln14, i2 %select_ln14_1, i11 %p_anonymous_namespace_lineBuffer_25_magnitude_0, i11 %p_anonymous_namespace_lineBuffer_25_magnitude_1, i2 %p_anonymous_namespace_lineBuffer_direction" [../src/non_maximum_suppression.cpp:55->../src/canny_top.cpp:32]   --->   Operation 206 'call' 'call_ln55' <Predicate = true> <Delay = 2.03> <CoreType = "Generic">   --->   Generic Core

State 74 <SV = 73> <Delay = 0.42>
ST_74 : Operation 207 [1/2] (0.00ns)   --->   "%call_ln55 = call void @non_maximum_suppression_Pipeline_VITIS_LOOP_74_2, i31 %trunc_ln55, i11 %out_nonmax, i2 %trunc_ln13_1, i11 %tmp_s, i2 %select_ln14, i2 %select_ln14_1, i11 %p_anonymous_namespace_lineBuffer_25_magnitude_0, i11 %p_anonymous_namespace_lineBuffer_25_magnitude_1, i2 %p_anonymous_namespace_lineBuffer_direction" [../src/non_maximum_suppression.cpp:55->../src/canny_top.cpp:32]   --->   Operation 207 'call' 'call_ln55' <Predicate = (p_read_3 & !tmp)> <Delay = 0.00> <CoreType = "Generic">   --->   Generic Core
ST_74 : Operation 208 [1/1] (0.42ns)   --->   "%br_ln0 = br void %_Z23non_maximum_suppressionPK13GradientPixelPtbPb.3.exit"   --->   Operation 208 'br' 'br_ln0' <Predicate = (p_read_3 & !tmp)> <Delay = 0.42>
ST_74 : Operation 209 [1/1] (0.00ns)   --->   "%valid_out_write_assign = phi i1 0, void %newFuncRoot, i1 0, void %if.end.i, i1 1, void %if.end10.i"   --->   Operation 209 'phi' 'valid_out_write_assign' <Predicate = true> <Delay = 0.00>
ST_74 : Operation 210 [1/1] (0.00ns)   --->   "%ret_ln0 = ret i1 %valid_out_write_assign"   --->   Operation 210 'ret' 'ret_ln0' <Predicate = true> <Delay = 0.00>


============================================================
+ Verbose Summary: Timing violations
============================================================
Target clock period: 5.000ns, clock uncertainty: 1.350ns.

 <State 1>: 2.252ns
The critical path consists of the following:
	wire read operation ('p_read_3', ../src/non_maximum_suppression.cpp:32->../src/canny_top.cpp:32) on port 'p_read' (../src/non_maximum_suppression.cpp:32->../src/canny_top.cpp:32) [9]  (1.825 ns)
	multiplexor before 'phi' operation 1 bit ('valid_out') [39]  (0.427 ns)
	'br' operation ('br_ln37', ../src/non_maximum_suppression.cpp:37->../src/canny_top.cpp:32) [10]  (0.427 ns)

 <State 2>: 1.476ns
The critical path consists of the following:
	'srem' operation 32 bit ('writeSlot', ../src/non_maximum_suppression.cpp:43->../src/canny_top.cpp:32) [13]  (1.476 ns)

 <State 3>: 1.476ns
The critical path consists of the following:
	'srem' operation 32 bit ('writeSlot', ../src/non_maximum_suppression.cpp:43->../src/canny_top.cpp:32) [13]  (1.476 ns)

 <State 4>: 1.476ns
The critical path consists of the following:
	'srem' operation 32 bit ('writeSlot', ../src/non_maximum_suppression.cpp:43->../src/canny_top.cpp:32) [13]  (1.476 ns)

 <State 5>: 1.476ns
The critical path consists of the following:
	'srem' operation 32 bit ('writeSlot', ../src/non_maximum_suppression.cpp:43->../src/canny_top.cpp:32) [13]  (1.476 ns)

 <State 6>: 1.476ns
The critical path consists of the following:
	'srem' operation 32 bit ('writeSlot', ../src/non_maximum_suppression.cpp:43->../src/canny_top.cpp:32) [13]  (1.476 ns)

 <State 7>: 1.476ns
The critical path consists of the following:
	'srem' operation 32 bit ('writeSlot', ../src/non_maximum_suppression.cpp:43->../src/canny_top.cpp:32) [13]  (1.476 ns)

 <State 8>: 1.476ns
The critical path consists of the following:
	'srem' operation 32 bit ('writeSlot', ../src/non_maximum_suppression.cpp:43->../src/canny_top.cpp:32) [13]  (1.476 ns)

 <State 9>: 1.476ns
The critical path consists of the following:
	'srem' operation 32 bit ('writeSlot', ../src/non_maximum_suppression.cpp:43->../src/canny_top.cpp:32) [13]  (1.476 ns)

 <State 10>: 1.476ns
The critical path consists of the following:
	'srem' operation 32 bit ('writeSlot', ../src/non_maximum_suppression.cpp:43->../src/canny_top.cpp:32) [13]  (1.476 ns)

 <State 11>: 1.476ns
The critical path consists of the following:
	'srem' operation 32 bit ('writeSlot', ../src/non_maximum_suppression.cpp:43->../src/canny_top.cpp:32) [13]  (1.476 ns)

 <State 12>: 1.476ns
The critical path consists of the following:
	'srem' operation 32 bit ('writeSlot', ../src/non_maximum_suppression.cpp:43->../src/canny_top.cpp:32) [13]  (1.476 ns)

 <State 13>: 1.476ns
The critical path consists of the following:
	'srem' operation 32 bit ('writeSlot', ../src/non_maximum_suppression.cpp:43->../src/canny_top.cpp:32) [13]  (1.476 ns)

 <State 14>: 1.476ns
The critical path consists of the following:
	'srem' operation 32 bit ('writeSlot', ../src/non_maximum_suppression.cpp:43->../src/canny_top.cpp:32) [13]  (1.476 ns)

 <State 15>: 1.476ns
The critical path consists of the following:
	'srem' operation 32 bit ('writeSlot', ../src/non_maximum_suppression.cpp:43->../src/canny_top.cpp:32) [13]  (1.476 ns)

 <State 16>: 1.476ns
The critical path consists of the following:
	'srem' operation 32 bit ('writeSlot', ../src/non_maximum_suppression.cpp:43->../src/canny_top.cpp:32) [13]  (1.476 ns)

 <State 17>: 1.476ns
The critical path consists of the following:
	'srem' operation 32 bit ('writeSlot', ../src/non_maximum_suppression.cpp:43->../src/canny_top.cpp:32) [13]  (1.476 ns)

 <State 18>: 1.476ns
The critical path consists of the following:
	'srem' operation 32 bit ('writeSlot', ../src/non_maximum_suppression.cpp:43->../src/canny_top.cpp:32) [13]  (1.476 ns)

 <State 19>: 1.476ns
The critical path consists of the following:
	'srem' operation 32 bit ('writeSlot', ../src/non_maximum_suppression.cpp:43->../src/canny_top.cpp:32) [13]  (1.476 ns)

 <State 20>: 1.476ns
The critical path consists of the following:
	'srem' operation 32 bit ('writeSlot', ../src/non_maximum_suppression.cpp:43->../src/canny_top.cpp:32) [13]  (1.476 ns)

 <State 21>: 1.476ns
The critical path consists of the following:
	'srem' operation 32 bit ('writeSlot', ../src/non_maximum_suppression.cpp:43->../src/canny_top.cpp:32) [13]  (1.476 ns)

 <State 22>: 1.476ns
The critical path consists of the following:
	'srem' operation 32 bit ('writeSlot', ../src/non_maximum_suppression.cpp:43->../src/canny_top.cpp:32) [13]  (1.476 ns)

 <State 23>: 1.476ns
The critical path consists of the following:
	'srem' operation 32 bit ('writeSlot', ../src/non_maximum_suppression.cpp:43->../src/canny_top.cpp:32) [13]  (1.476 ns)

 <State 24>: 1.476ns
The critical path consists of the following:
	'srem' operation 32 bit ('writeSlot', ../src/non_maximum_suppression.cpp:43->../src/canny_top.cpp:32) [13]  (1.476 ns)

 <State 25>: 1.476ns
The critical path consists of the following:
	'srem' operation 32 bit ('writeSlot', ../src/non_maximum_suppression.cpp:43->../src/canny_top.cpp:32) [13]  (1.476 ns)

 <State 26>: 1.476ns
The critical path consists of the following:
	'srem' operation 32 bit ('writeSlot', ../src/non_maximum_suppression.cpp:43->../src/canny_top.cpp:32) [13]  (1.476 ns)

 <State 27>: 1.476ns
The critical path consists of the following:
	'srem' operation 32 bit ('writeSlot', ../src/non_maximum_suppression.cpp:43->../src/canny_top.cpp:32) [13]  (1.476 ns)

 <State 28>: 1.476ns
The critical path consists of the following:
	'srem' operation 32 bit ('writeSlot', ../src/non_maximum_suppression.cpp:43->../src/canny_top.cpp:32) [13]  (1.476 ns)

 <State 29>: 1.476ns
The critical path consists of the following:
	'srem' operation 32 bit ('writeSlot', ../src/non_maximum_suppression.cpp:43->../src/canny_top.cpp:32) [13]  (1.476 ns)

 <State 30>: 1.476ns
The critical path consists of the following:
	'srem' operation 32 bit ('writeSlot', ../src/non_maximum_suppression.cpp:43->../src/canny_top.cpp:32) [13]  (1.476 ns)

 <State 31>: 1.476ns
The critical path consists of the following:
	'srem' operation 32 bit ('writeSlot', ../src/non_maximum_suppression.cpp:43->../src/canny_top.cpp:32) [13]  (1.476 ns)

 <State 32>: 1.476ns
The critical path consists of the following:
	'srem' operation 32 bit ('writeSlot', ../src/non_maximum_suppression.cpp:43->../src/canny_top.cpp:32) [13]  (1.476 ns)

 <State 33>: 1.476ns
The critical path consists of the following:
	'srem' operation 32 bit ('writeSlot', ../src/non_maximum_suppression.cpp:43->../src/canny_top.cpp:32) [13]  (1.476 ns)

 <State 34>: 1.476ns
The critical path consists of the following:
	'srem' operation 32 bit ('writeSlot', ../src/non_maximum_suppression.cpp:43->../src/canny_top.cpp:32) [13]  (1.476 ns)

 <State 35>: 1.476ns
The critical path consists of the following:
	'srem' operation 32 bit ('writeSlot', ../src/non_maximum_suppression.cpp:43->../src/canny_top.cpp:32) [13]  (1.476 ns)

 <State 36>: 1.476ns
The critical path consists of the following:
	'srem' operation 32 bit ('writeSlot', ../src/non_maximum_suppression.cpp:43->../src/canny_top.cpp:32) [13]  (1.476 ns)

 <State 37>: 2.492ns
The critical path consists of the following:
	'add' operation 32 bit ('value', ../src/non_maximum_suppression.cpp:66->../src/canny_top.cpp:32) [24]  (1.016 ns)
	'srem' operation 32 bit ('result', ../src/non_maximum_suppression.cpp:13->../src/non_maximum_suppression.cpp:66->../src/canny_top.cpp:32) [25]  (1.476 ns)

 <State 38>: 1.476ns
The critical path consists of the following:
	'srem' operation 32 bit ('result', ../src/non_maximum_suppression.cpp:13->../src/non_maximum_suppression.cpp:66->../src/canny_top.cpp:32) [25]  (1.476 ns)

 <State 39>: 1.476ns
The critical path consists of the following:
	'srem' operation 32 bit ('result', ../src/non_maximum_suppression.cpp:13->../src/non_maximum_suppression.cpp:66->../src/canny_top.cpp:32) [25]  (1.476 ns)

 <State 40>: 1.476ns
The critical path consists of the following:
	'srem' operation 32 bit ('result', ../src/non_maximum_suppression.cpp:13->../src/non_maximum_suppression.cpp:66->../src/canny_top.cpp:32) [25]  (1.476 ns)

 <State 41>: 1.476ns
The critical path consists of the following:
	'srem' operation 32 bit ('result', ../src/non_maximum_suppression.cpp:13->../src/non_maximum_suppression.cpp:66->../src/canny_top.cpp:32) [25]  (1.476 ns)

 <State 42>: 1.476ns
The critical path consists of the following:
	'srem' operation 32 bit ('result', ../src/non_maximum_suppression.cpp:13->../src/non_maximum_suppression.cpp:66->../src/canny_top.cpp:32) [25]  (1.476 ns)

 <State 43>: 1.476ns
The critical path consists of the following:
	'srem' operation 32 bit ('result', ../src/non_maximum_suppression.cpp:13->../src/non_maximum_suppression.cpp:66->../src/canny_top.cpp:32) [25]  (1.476 ns)

 <State 44>: 1.476ns
The critical path consists of the following:
	'srem' operation 32 bit ('result', ../src/non_maximum_suppression.cpp:13->../src/non_maximum_suppression.cpp:66->../src/canny_top.cpp:32) [25]  (1.476 ns)

 <State 45>: 1.476ns
The critical path consists of the following:
	'srem' operation 32 bit ('result', ../src/non_maximum_suppression.cpp:13->../src/non_maximum_suppression.cpp:66->../src/canny_top.cpp:32) [25]  (1.476 ns)

 <State 46>: 1.476ns
The critical path consists of the following:
	'srem' operation 32 bit ('result', ../src/non_maximum_suppression.cpp:13->../src/non_maximum_suppression.cpp:66->../src/canny_top.cpp:32) [25]  (1.476 ns)

 <State 47>: 1.476ns
The critical path consists of the following:
	'srem' operation 32 bit ('result', ../src/non_maximum_suppression.cpp:13->../src/non_maximum_suppression.cpp:66->../src/canny_top.cpp:32) [25]  (1.476 ns)

 <State 48>: 1.476ns
The critical path consists of the following:
	'srem' operation 32 bit ('result', ../src/non_maximum_suppression.cpp:13->../src/non_maximum_suppression.cpp:66->../src/canny_top.cpp:32) [25]  (1.476 ns)

 <State 49>: 1.476ns
The critical path consists of the following:
	'srem' operation 32 bit ('result', ../src/non_maximum_suppression.cpp:13->../src/non_maximum_suppression.cpp:66->../src/canny_top.cpp:32) [25]  (1.476 ns)

 <State 50>: 1.476ns
The critical path consists of the following:
	'srem' operation 32 bit ('result', ../src/non_maximum_suppression.cpp:13->../src/non_maximum_suppression.cpp:66->../src/canny_top.cpp:32) [25]  (1.476 ns)

 <State 51>: 1.476ns
The critical path consists of the following:
	'srem' operation 32 bit ('result', ../src/non_maximum_suppression.cpp:13->../src/non_maximum_suppression.cpp:66->../src/canny_top.cpp:32) [25]  (1.476 ns)

 <State 52>: 1.476ns
The critical path consists of the following:
	'srem' operation 32 bit ('result', ../src/non_maximum_suppression.cpp:13->../src/non_maximum_suppression.cpp:66->../src/canny_top.cpp:32) [25]  (1.476 ns)

 <State 53>: 1.476ns
The critical path consists of the following:
	'srem' operation 32 bit ('result', ../src/non_maximum_suppression.cpp:13->../src/non_maximum_suppression.cpp:66->../src/canny_top.cpp:32) [25]  (1.476 ns)

 <State 54>: 1.476ns
The critical path consists of the following:
	'srem' operation 32 bit ('result', ../src/non_maximum_suppression.cpp:13->../src/non_maximum_suppression.cpp:66->../src/canny_top.cpp:32) [25]  (1.476 ns)

 <State 55>: 1.476ns
The critical path consists of the following:
	'srem' operation 32 bit ('result', ../src/non_maximum_suppression.cpp:13->../src/non_maximum_suppression.cpp:66->../src/canny_top.cpp:32) [25]  (1.476 ns)

 <State 56>: 1.476ns
The critical path consists of the following:
	'srem' operation 32 bit ('result', ../src/non_maximum_suppression.cpp:13->../src/non_maximum_suppression.cpp:66->../src/canny_top.cpp:32) [25]  (1.476 ns)

 <State 57>: 1.476ns
The critical path consists of the following:
	'srem' operation 32 bit ('result', ../src/non_maximum_suppression.cpp:13->../src/non_maximum_suppression.cpp:66->../src/canny_top.cpp:32) [25]  (1.476 ns)

 <State 58>: 1.476ns
The critical path consists of the following:
	'srem' operation 32 bit ('result', ../src/non_maximum_suppression.cpp:13->../src/non_maximum_suppression.cpp:66->../src/canny_top.cpp:32) [25]  (1.476 ns)

 <State 59>: 1.476ns
The critical path consists of the following:
	'srem' operation 32 bit ('result', ../src/non_maximum_suppression.cpp:13->../src/non_maximum_suppression.cpp:66->../src/canny_top.cpp:32) [25]  (1.476 ns)

 <State 60>: 1.476ns
The critical path consists of the following:
	'srem' operation 32 bit ('result', ../src/non_maximum_suppression.cpp:13->../src/non_maximum_suppression.cpp:66->../src/canny_top.cpp:32) [25]  (1.476 ns)

 <State 61>: 1.476ns
The critical path consists of the following:
	'srem' operation 32 bit ('result', ../src/non_maximum_suppression.cpp:13->../src/non_maximum_suppression.cpp:66->../src/canny_top.cpp:32) [25]  (1.476 ns)

 <State 62>: 1.476ns
The critical path consists of the following:
	'srem' operation 32 bit ('result', ../src/non_maximum_suppression.cpp:13->../src/non_maximum_suppression.cpp:66->../src/canny_top.cpp:32) [25]  (1.476 ns)

 <State 63>: 1.476ns
The critical path consists of the following:
	'srem' operation 32 bit ('result', ../src/non_maximum_suppression.cpp:13->../src/non_maximum_suppression.cpp:66->../src/canny_top.cpp:32) [25]  (1.476 ns)

 <State 64>: 1.476ns
The critical path consists of the following:
	'srem' operation 32 bit ('result', ../src/non_maximum_suppression.cpp:13->../src/non_maximum_suppression.cpp:66->../src/canny_top.cpp:32) [25]  (1.476 ns)

 <State 65>: 1.476ns
The critical path consists of the following:
	'srem' operation 32 bit ('result', ../src/non_maximum_suppression.cpp:13->../src/non_maximum_suppression.cpp:66->../src/canny_top.cpp:32) [25]  (1.476 ns)

 <State 66>: 1.476ns
The critical path consists of the following:
	'srem' operation 32 bit ('result', ../src/non_maximum_suppression.cpp:13->../src/non_maximum_suppression.cpp:66->../src/canny_top.cpp:32) [25]  (1.476 ns)

 <State 67>: 1.476ns
The critical path consists of the following:
	'srem' operation 32 bit ('result', ../src/non_maximum_suppression.cpp:13->../src/non_maximum_suppression.cpp:66->../src/canny_top.cpp:32) [25]  (1.476 ns)

 <State 68>: 1.476ns
The critical path consists of the following:
	'srem' operation 32 bit ('result', ../src/non_maximum_suppression.cpp:13->../src/non_maximum_suppression.cpp:66->../src/canny_top.cpp:32) [25]  (1.476 ns)

 <State 69>: 1.476ns
The critical path consists of the following:
	'srem' operation 32 bit ('result', ../src/non_maximum_suppression.cpp:13->../src/non_maximum_suppression.cpp:66->../src/canny_top.cpp:32) [25]  (1.476 ns)

 <State 70>: 1.476ns
The critical path consists of the following:
	'srem' operation 32 bit ('result', ../src/non_maximum_suppression.cpp:13->../src/non_maximum_suppression.cpp:66->../src/canny_top.cpp:32) [25]  (1.476 ns)

 <State 71>: 1.476ns
The critical path consists of the following:
	'srem' operation 32 bit ('result', ../src/non_maximum_suppression.cpp:13->../src/non_maximum_suppression.cpp:66->../src/canny_top.cpp:32) [25]  (1.476 ns)

 <State 72>: 2.203ns
The critical path consists of the following:
	'srem' operation 32 bit ('result', ../src/non_maximum_suppression.cpp:13->../src/non_maximum_suppression.cpp:66->../src/canny_top.cpp:32) [25]  (1.476 ns)
	'add' operation 2 bit ('add_ln14', ../src/non_maximum_suppression.cpp:14->../src/non_maximum_suppression.cpp:66->../src/canny_top.cpp:32) [28]  (0.548 ns)
	'select' operation 2 bit ('select_ln14', ../src/non_maximum_suppression.cpp:14->../src/non_maximum_suppression.cpp:66->../src/canny_top.cpp:32) [34]  (0.179 ns)

 <State 73>: 2.035ns
The critical path consists of the following:
	'call' operation ('call_ln55', ../src/non_maximum_suppression.cpp:55->../src/canny_top.cpp:32) to 'non_maximum_suppression_Pipeline_VITIS_LOOP_74_2' [36]  (2.035 ns)

 <State 74>: 0.427ns
The critical path consists of the following:
	multiplexor before 'phi' operation 1 bit ('valid_out') [39]  (0.427 ns)
	'br' operation ('br_ln0') [37]  (0.427 ns)
	'phi' operation 1 bit ('valid_out') [39]  (0.000 ns)


============================================================
+ Verbose Summary: Binding
============================================================
N/A
* FSMD analyzer results:
  - Output states:
 - Input state : 
  - Chain level:
	State 1
	State 2
	State 3
	State 4
	State 5
	State 6
	State 7
	State 8
	State 9
	State 10
	State 11
	State 12
	State 13
	State 14
	State 15
	State 16
	State 17
	State 18
	State 19
	State 20
	State 21
	State 22
	State 23
	State 24
	State 25
	State 26
	State 27
	State 28
	State 29
	State 30
	State 31
	State 32
	State 33
	State 34
	State 35
	State 36
	State 37
	State 38
	State 39
	State 40
	State 41
	State 42
	State 43
	State 44
	State 45
	State 46
	State 47
	State 48
	State 49
	State 50
	State 51
	State 52
	State 53
	State 54
	State 55
	State 56
	State 57
	State 58
	State 59
	State 60
	State 61
	State 62
	State 63
	State 64
	State 65
	State 66
	State 67
	State 68
	State 69
	State 70
	State 71
	State 72
	State 73
	State 74


============================================================
+ Verbose Summary: Datapath Resource usage 
============================================================
N/A
