

================================================================
== Vitis HLS Report for 'non_maximum_suppression_Pipeline_VITIS_LOOP_50_2'
================================================================
* Date:           Sat Aug  1 15:48:52 2026

* Version:        2025.2 (Build 6295257 on Nov 14 2025)
* Project:        canny_top
* Solution:       hls (Vitis Kernel Flow Target)
* Product family: zynquplus
* Target device:  xck26-sfvc784-2LV-c


================================================================
== Performance Estimates
================================================================
+ Timing: 
    * Summary: 
    +--------+---------+----------+------------+
    |  Clock |  Target | Estimated| Uncertainty|
    +--------+---------+----------+------------+
    |ap_clk  |  5.00 ns|  2.987 ns|     1.35 ns|
    +--------+---------+----------+------------+

+ Latency: 
    * Summary: 
    +---------+---------+----------+----------+-----+-----+-------------------+
    |  Latency (cycles) |  Latency (absolute) |  Interval |      Pipeline     |
    |   min   |   max   |    min   |    max   | min | max |        Type       |
    +---------+---------+----------+----------+-----+-----+-------------------+
    |      514|      514|  2.570 us|  2.570 us|    0|    0|  loop pipeline stp|
    +---------+---------+----------+----------+-----+-----+-------------------+

    + Detail: 
        * Instance: 
        N/A

        * Loop: 
        +-------------------+---------+---------+----------+-----------+-----------+------+----------+
        |                   |  Latency (cycles) | Iteration|  Initiation Interval  | Trip |          |
        |     Loop Name     |   min   |   max   |  Latency |  achieved |   target  | Count| Pipelined|
        +-------------------+---------+---------+----------+-----------+-----------+------+----------+
        |- VITIS_LOOP_50_2  |      512|      512|         2|          1|          1|   512|       yes|
        +-------------------+---------+---------+----------+-----------+-----------+------+----------+



================================================================
== Utilization Estimates
================================================================
* Summary: 
+-----------------+---------+------+--------+--------+-----+
|       Name      | BRAM_18K|  DSP |   FF   |   LUT  | URAM|
+-----------------+---------+------+--------+--------+-----+
|DSP              |        -|     -|       -|       -|    -|
|Expression       |        -|     -|       0|      39|    -|
|FIFO             |        -|     -|       -|       -|    -|
|Instance         |        -|     -|       -|       -|    -|
|Memory           |        -|     -|       -|       -|    -|
|Multiplexer      |        -|     -|       0|      45|    -|
|Register         |        -|     -|      23|       -|    -|
+-----------------+---------+------+--------+--------+-----+
|Total            |        0|     0|      23|      84|    0|
+-----------------+---------+------+--------+--------+-----+
|Available        |      288|  1248|  234240|  117120|   64|
+-----------------+---------+------+--------+--------+-----+
|Utilization (%)  |        0|     0|      ~0|      ~0|    0|
+-----------------+---------+------+--------+--------+-----+

+ Detail: 
    * Instance: 
    N/A

    * DSP: 
    N/A

    * Memory: 
    N/A

    * FIFO: 
    N/A

    * Expression: 
    +---------------------------+----------+----+---+----+------------+------------+
    |       Variable Name       | Operation| DSP| FF| LUT| Bitwidth P0| Bitwidth P1|
    +---------------------------+----------+----+---+----+------------+------------+
    |add_ln50_fu_168_p2         |         +|   0|  0|  17|          10|           1|
    |ap_block_pp0_stage0_11001  |       and|   0|  0|   2|           1|           1|
    |icmp_ln50_fu_162_p2        |      icmp|   0|  0|  18|          10|          11|
    |ap_enable_pp0              |       xor|   0|  0|   2|           1|           2|
    +---------------------------+----------+----+---+----+------------+------------+
    |Total                      |          |   0|  0|  39|          22|          15|
    +---------------------------+----------+----+---+----+------------+------------+

    * Multiplexer: 
    +---------------------------+----+-----------+-----+-----------+
    |            Name           | LUT| Input Size| Bits| Total Bits|
    +---------------------------+----+-----------+-----+-----------+
    |ap_done_int                |   9|          2|    1|          2|
    |ap_enable_reg_pp0_iter1    |   9|          2|    1|          2|
    |ap_sig_allocacmp_column_3  |   9|          2|   10|         20|
    |column_fu_60               |   9|          2|   10|         20|
    |sobel_out_blk_n            |   9|          2|    1|          2|
    +---------------------------+----+-----------+-----+-----------+
    |Total                      |  45|         10|   23|         46|
    +---------------------------+----+-----------+-----+-----------+

    * Register: 
    +-------------------------+----+----+-----+-----------+
    |           Name          | FF | LUT| Bits| Const Bits|
    +-------------------------+----+----+-----+-----------+
    |ap_CS_fsm                |   1|   0|    1|          0|
    |ap_done_reg              |   1|   0|    1|          0|
    |ap_enable_reg_pp0_iter1  |   1|   0|    1|          0|
    |column_3_reg_227         |  10|   0|   10|          0|
    |column_fu_60             |  10|   0|   10|          0|
    +-------------------------+----+----+-----+-----------+
    |Total                    |  23|   0|   23|          0|
    +-------------------------+----+----+-----+-----------+



================================================================
== Interface
================================================================
* Summary: 
+---------------------------------+-----+-----+------------+--------------------------------------------------+--------------+
|            RTL Ports            | Dir | Bits|  Protocol  |                   Source Object                  |    C Type    |
+---------------------------------+-----+-----+------------+--------------------------------------------------+--------------+
|ap_clk                           |   in|    1|  ap_ctrl_hs|  non_maximum_suppression_Pipeline_VITIS_LOOP_50_2|  return value|
|ap_rst                           |   in|    1|  ap_ctrl_hs|  non_maximum_suppression_Pipeline_VITIS_LOOP_50_2|  return value|
|ap_start                         |   in|    1|  ap_ctrl_hs|  non_maximum_suppression_Pipeline_VITIS_LOOP_50_2|  return value|
|ap_done                          |  out|    1|  ap_ctrl_hs|  non_maximum_suppression_Pipeline_VITIS_LOOP_50_2|  return value|
|ap_idle                          |  out|    1|  ap_ctrl_hs|  non_maximum_suppression_Pipeline_VITIS_LOOP_50_2|  return value|
|ap_ready                         |  out|    1|  ap_ctrl_hs|  non_maximum_suppression_Pipeline_VITIS_LOOP_50_2|  return value|
|sobel_out_dout                   |   in|   24|     ap_fifo|                                         sobel_out|       pointer|
|sobel_out_empty_n                |   in|    1|     ap_fifo|                                         sobel_out|       pointer|
|sobel_out_read                   |  out|    1|     ap_fifo|                                         sobel_out|       pointer|
|sobel_out_num_data_valid         |   in|   11|     ap_fifo|                                         sobel_out|       pointer|
|sobel_out_fifo_cap               |   in|   11|     ap_fifo|                                         sobel_out|       pointer|
|lineBuffer_direction_2_address0  |  out|    9|   ap_memory|                            lineBuffer_direction_2|         array|
|lineBuffer_direction_2_ce0       |  out|    1|   ap_memory|                            lineBuffer_direction_2|         array|
|lineBuffer_direction_2_we0       |  out|    1|   ap_memory|                            lineBuffer_direction_2|         array|
|lineBuffer_direction_2_d0        |  out|    8|   ap_memory|                            lineBuffer_direction_2|         array|
|lineBuffer_direction_1_address0  |  out|    9|   ap_memory|                            lineBuffer_direction_1|         array|
|lineBuffer_direction_1_ce0       |  out|    1|   ap_memory|                            lineBuffer_direction_1|         array|
|lineBuffer_direction_1_we0       |  out|    1|   ap_memory|                            lineBuffer_direction_1|         array|
|lineBuffer_direction_1_d0        |  out|    8|   ap_memory|                            lineBuffer_direction_1|         array|
|lineBuffer_direction_address0    |  out|    9|   ap_memory|                              lineBuffer_direction|         array|
|lineBuffer_direction_ce0         |  out|    1|   ap_memory|                              lineBuffer_direction|         array|
|lineBuffer_direction_we0         |  out|    1|   ap_memory|                              lineBuffer_direction|         array|
|lineBuffer_direction_d0          |  out|    8|   ap_memory|                              lineBuffer_direction|         array|
|lineBuffer_magnitude_2_address0  |  out|    9|   ap_memory|                            lineBuffer_magnitude_2|         array|
|lineBuffer_magnitude_2_ce0       |  out|    1|   ap_memory|                            lineBuffer_magnitude_2|         array|
|lineBuffer_magnitude_2_we0       |  out|    1|   ap_memory|                            lineBuffer_magnitude_2|         array|
|lineBuffer_magnitude_2_d0        |  out|   16|   ap_memory|                            lineBuffer_magnitude_2|         array|
|lineBuffer_magnitude_1_address0  |  out|    9|   ap_memory|                            lineBuffer_magnitude_1|         array|
|lineBuffer_magnitude_1_ce0       |  out|    1|   ap_memory|                            lineBuffer_magnitude_1|         array|
|lineBuffer_magnitude_1_we0       |  out|    1|   ap_memory|                            lineBuffer_magnitude_1|         array|
|lineBuffer_magnitude_1_d0        |  out|   16|   ap_memory|                            lineBuffer_magnitude_1|         array|
|lineBuffer_magnitude_address0    |  out|    9|   ap_memory|                              lineBuffer_magnitude|         array|
|lineBuffer_magnitude_ce0         |  out|    1|   ap_memory|                              lineBuffer_magnitude|         array|
|lineBuffer_magnitude_we0         |  out|    1|   ap_memory|                              lineBuffer_magnitude|         array|
|lineBuffer_magnitude_d0          |  out|   16|   ap_memory|                              lineBuffer_magnitude|         array|
|empty                            |   in|    2|     ap_none|                                             empty|        scalar|
+---------------------------------+-----+-----+------------+--------------------------------------------------+--------------+

============================================================
+ Verbose Summary: Synthesis Manager
============================================================
InlineROM: 1
ExposeGlobal: 0
============================================================
+ Verbose Summary: CDFG Model
============================================================
IsTopModel: 0
ResetActiveHigh: 1
IsCombinational: 2
IsDatapathOnly: 2
HasWiredReturn: 1
HasMFsm: 2
HasVarLatency: 1
IsPipeline: 0
IsRtlPipelined: 0
IsInstanceOverlapped: 0
IsDontTouch: 0
HasImplIP: 0
IsGatedGlobalClock: 0

+ Individual pipeline summary: 
  * Pipeline-0: initiation interval (II) = 1, depth = 2


============================================================
+ Verbose Summary: Schedule
============================================================
* Number of FSM states : 2
* Pipeline : 1
  Pipeline-0 : II = 1, D = 2, States = { 1 2 }
* Dataflow Pipeline: 0

* FSM state transitions: 
1 --> 2 
2 --> 

* FSM state operations: 

State 1 <SV = 0> <Delay = 1.64>
ST_1 : Operation 5 [1/1] (0.00ns)   --->   "%column = alloca i32 1" [../src/non_maximum_suppression.cpp:50]   --->   Operation 5 'alloca' 'column' <Predicate = true> <Delay = 0.00>
ST_1 : Operation 6 [1/1] (0.00ns)   --->   "%specinterface_ln0 = specinterface void @_ssdm_op_SpecInterface, i24 %sobel_out, void @empty_10, i32 0, i32 0, void @empty_4, i32 0, i32 0, void @empty_4, void @empty_4, void @empty_4, i32 0, i32 0, i32 0, i32 0, void @empty_4, void @empty_4, i32 4294967295, i32 0, i32 0, i32 0"   --->   Operation 6 'specinterface' 'specinterface_ln0' <Predicate = true> <Delay = 0.00>
ST_1 : Operation 7 [1/1] (0.00ns)   --->   "%tmp = read i2 @_ssdm_op_Read.ap_auto.i2, i2 %empty"   --->   Operation 7 'read' 'tmp' <Predicate = true> <Delay = 0.00>
ST_1 : Operation 8 [1/1] (0.42ns)   --->   "%store_ln50 = store i10 0, i10 %column" [../src/non_maximum_suppression.cpp:50]   --->   Operation 8 'store' 'store_ln50' <Predicate = true> <Delay = 0.42>
ST_1 : Operation 9 [1/1] (0.00ns)   --->   "%br_ln50 = br void %for.inc" [../src/non_maximum_suppression.cpp:50]   --->   Operation 9 'br' 'br_ln50' <Predicate = true> <Delay = 0.00>
ST_1 : Operation 10 [1/1] (0.00ns)   --->   "%column_3 = load i10 %column" [../src/non_maximum_suppression.cpp:50]   --->   Operation 10 'load' 'column_3' <Predicate = true> <Delay = 0.00>
ST_1 : Operation 11 [1/1] (0.78ns)   --->   "%icmp_ln50 = icmp_eq  i10 %column_3, i10 512" [../src/non_maximum_suppression.cpp:50]   --->   Operation 11 'icmp' 'icmp_ln50' <Predicate = true> <Delay = 0.78> <CoreInst = "Cmp">   --->   Core 9 'Cmp' <Latency = 0> <II = 1> <Delay = 0.79> <FuncUnit> <Opcode : 'seteq' 'setne' 'setle' 'setge' 'setlt' 'setgt'> <InPorts = 2> <OutPorts = 1>
ST_1 : Operation 12 [1/1] (0.78ns)   --->   "%add_ln50 = add i10 %column_3, i10 1" [../src/non_maximum_suppression.cpp:50]   --->   Operation 12 'add' 'add_ln50' <Predicate = true> <Delay = 0.78> <CoreInst = "Adder">   --->   Core 1 'Adder' <Latency = 0> <II = 1> <Delay = 0.78> <FuncUnit> <Opcode : 'add' 'sub'> <InPorts = 2> <OutPorts = 1>
ST_1 : Operation 13 [1/1] (0.00ns)   --->   "%br_ln50 = br i1 %icmp_ln50, void %for.inc.split, void %if.end.loopexit.exitStub" [../src/non_maximum_suppression.cpp:50]   --->   Operation 13 'br' 'br_ln50' <Predicate = true> <Delay = 0.00>
ST_1 : Operation 14 [1/1] (0.54ns)   --->   "%switch_ln52 = switch i2 %tmp, void %arrayidx726.164.case.2, i2 0, void %arrayidx726.164.case.0, i2 1, void %arrayidx726.164.case.1" [../src/non_maximum_suppression.cpp:52]   --->   Operation 14 'switch' 'switch_ln52' <Predicate = (!icmp_ln50)> <Delay = 0.54>
ST_1 : Operation 15 [1/1] (0.42ns)   --->   "%store_ln50 = store i10 %add_ln50, i10 %column" [../src/non_maximum_suppression.cpp:50]   --->   Operation 15 'store' 'store_ln50' <Predicate = (!icmp_ln50)> <Delay = 0.42>
ST_1 : Operation 16 [1/1] (0.00ns)   --->   "%br_ln50 = br void %for.inc" [../src/non_maximum_suppression.cpp:50]   --->   Operation 16 'br' 'br_ln50' <Predicate = (!icmp_ln50)> <Delay = 0.00>
ST_1 : Operation 39 [1/1] (0.42ns)   --->   "%ret_ln0 = ret"   --->   Operation 39 'ret' 'ret_ln0' <Predicate = (icmp_ln50)> <Delay = 0.42>

State 2 <SV = 1> <Delay = 2.98>
ST_2 : Operation 17 [1/1] (0.00ns)   --->   "%zext_ln50 = zext i10 %column_3" [../src/non_maximum_suppression.cpp:50]   --->   Operation 17 'zext' 'zext_ln50' <Predicate = true> <Delay = 0.00>
ST_2 : Operation 18 [1/1] (0.00ns)   --->   "%specpipeline_ln51 = specpipeline void @_ssdm_op_SpecPipeline, i32 1, i32 0, i32 0, i32 0, i32 4294967295, void @empty_4" [../src/non_maximum_suppression.cpp:51]   --->   Operation 18 'specpipeline' 'specpipeline_ln51' <Predicate = true> <Delay = 0.00>
ST_2 : Operation 19 [1/1] (0.00ns)   --->   "%speclooptripcount_ln50 = speclooptripcount void @_ssdm_op_SpecLoopTripCount, i64 512, i64 512, i64 512" [../src/non_maximum_suppression.cpp:50]   --->   Operation 19 'speclooptripcount' 'speclooptripcount_ln50' <Predicate = true> <Delay = 0.00>
ST_2 : Operation 20 [1/1] (0.00ns)   --->   "%specloopname_ln50 = specloopname void @_ssdm_op_SpecLoopName, void @empty_1" [../src/non_maximum_suppression.cpp:50]   --->   Operation 20 'specloopname' 'specloopname_ln50' <Predicate = true> <Delay = 0.00>
ST_2 : Operation 21 [1/1] ( I:1.75ns O:1.75ns )   --->   "%sobel_out_read = read i24 @_ssdm_op_Read.ap_fifo.volatile.i24P0A, i24 %sobel_out" [../src/non_maximum_suppression.cpp:52]   --->   Operation 21 'read' 'sobel_out_read' <Predicate = true> <Delay = 1.75> <CoreInst = "FIFO">   --->   Core 77 'FIFO' <Latency = 0> <II = 1> <Delay = 1.75> <Storage> <Opcode : 'read' 'write' 'nbread' 'nbwrite'> <Ports = 0> <Width = 24> <Depth = 1024> <FIFO>
ST_2 : Operation 22 [1/1] (0.00ns)   --->   "%trunc_ln52 = trunc i24 %sobel_out_read" [../src/non_maximum_suppression.cpp:52]   --->   Operation 22 'trunc' 'trunc_ln52' <Predicate = true> <Delay = 0.00>
ST_2 : Operation 23 [1/1] (0.00ns)   --->   "%trunc_ln52_1 = partselect i8 @_ssdm_op_PartSelect.i8.i24.i32.i32, i24 %sobel_out_read, i32 16, i32 23" [../src/non_maximum_suppression.cpp:52]   --->   Operation 23 'partselect' 'trunc_ln52_1' <Predicate = true> <Delay = 0.00>
ST_2 : Operation 24 [1/1] (0.00ns)   --->   "%lineBuffer_magnitude_addr = getelementptr i16 %lineBuffer_magnitude, i64 0, i64 %zext_ln50" [../src/non_maximum_suppression.cpp:52]   --->   Operation 24 'getelementptr' 'lineBuffer_magnitude_addr' <Predicate = true> <Delay = 0.00>
ST_2 : Operation 25 [1/1] (0.00ns)   --->   "%lineBuffer_magnitude_1_addr = getelementptr i16 %lineBuffer_magnitude_1, i64 0, i64 %zext_ln50" [../src/non_maximum_suppression.cpp:52]   --->   Operation 25 'getelementptr' 'lineBuffer_magnitude_1_addr' <Predicate = true> <Delay = 0.00>
ST_2 : Operation 26 [1/1] (0.00ns)   --->   "%lineBuffer_magnitude_2_addr = getelementptr i16 %lineBuffer_magnitude_2, i64 0, i64 %zext_ln50" [../src/non_maximum_suppression.cpp:52]   --->   Operation 26 'getelementptr' 'lineBuffer_magnitude_2_addr' <Predicate = true> <Delay = 0.00>
ST_2 : Operation 27 [1/1] (0.00ns)   --->   "%lineBuffer_direction_addr = getelementptr i8 %lineBuffer_direction, i64 0, i64 %zext_ln50" [../src/non_maximum_suppression.cpp:52]   --->   Operation 27 'getelementptr' 'lineBuffer_direction_addr' <Predicate = true> <Delay = 0.00>
ST_2 : Operation 28 [1/1] (0.00ns)   --->   "%lineBuffer_direction_1_addr = getelementptr i8 %lineBuffer_direction_1, i64 0, i64 %zext_ln50" [../src/non_maximum_suppression.cpp:52]   --->   Operation 28 'getelementptr' 'lineBuffer_direction_1_addr' <Predicate = true> <Delay = 0.00>
ST_2 : Operation 29 [1/1] (0.00ns)   --->   "%lineBuffer_direction_2_addr = getelementptr i8 %lineBuffer_direction_2, i64 0, i64 %zext_ln50" [../src/non_maximum_suppression.cpp:52]   --->   Operation 29 'getelementptr' 'lineBuffer_direction_2_addr' <Predicate = true> <Delay = 0.00>
ST_2 : Operation 30 [1/1] ( I:1.23ns O:1.23ns )   --->   "%store_ln52 = store i16 %trunc_ln52, i9 %lineBuffer_magnitude_1_addr" [../src/non_maximum_suppression.cpp:52]   --->   Operation 30 'store' 'store_ln52' <Predicate = (tmp == 1)> <Delay = 1.23> <CoreInst = "RAM">   --->   Core 82 'RAM' <Latency = 1> <II = 1> <Delay = 1.23> <Storage> <Opcode : 'load' 'store'> <Ports = 2> <Width = 16> <Depth = 512> <RAM>
ST_2 : Operation 31 [1/1] ( I:1.23ns O:1.23ns )   --->   "%store_ln52 = store i8 %trunc_ln52_1, i9 %lineBuffer_direction_1_addr" [../src/non_maximum_suppression.cpp:52]   --->   Operation 31 'store' 'store_ln52' <Predicate = (tmp == 1)> <Delay = 1.23> <CoreInst = "RAM">   --->   Core 82 'RAM' <Latency = 1> <II = 1> <Delay = 1.23> <Storage> <Opcode : 'load' 'store'> <Ports = 2> <Width = 8> <Depth = 512> <RAM>
ST_2 : Operation 32 [1/1] (0.00ns)   --->   "%br_ln52 = br void %arrayidx726.164.exit" [../src/non_maximum_suppression.cpp:52]   --->   Operation 32 'br' 'br_ln52' <Predicate = (tmp == 1)> <Delay = 0.00>
ST_2 : Operation 33 [1/1] ( I:1.23ns O:1.23ns )   --->   "%store_ln52 = store i16 %trunc_ln52, i9 %lineBuffer_magnitude_addr" [../src/non_maximum_suppression.cpp:52]   --->   Operation 33 'store' 'store_ln52' <Predicate = (tmp == 0)> <Delay = 1.23> <CoreInst = "RAM">   --->   Core 82 'RAM' <Latency = 1> <II = 1> <Delay = 1.23> <Storage> <Opcode : 'load' 'store'> <Ports = 2> <Width = 16> <Depth = 512> <RAM>
ST_2 : Operation 34 [1/1] ( I:1.23ns O:1.23ns )   --->   "%store_ln52 = store i8 %trunc_ln52_1, i9 %lineBuffer_direction_addr" [../src/non_maximum_suppression.cpp:52]   --->   Operation 34 'store' 'store_ln52' <Predicate = (tmp == 0)> <Delay = 1.23> <CoreInst = "RAM">   --->   Core 82 'RAM' <Latency = 1> <II = 1> <Delay = 1.23> <Storage> <Opcode : 'load' 'store'> <Ports = 2> <Width = 8> <Depth = 512> <RAM>
ST_2 : Operation 35 [1/1] (0.00ns)   --->   "%br_ln52 = br void %arrayidx726.164.exit" [../src/non_maximum_suppression.cpp:52]   --->   Operation 35 'br' 'br_ln52' <Predicate = (tmp == 0)> <Delay = 0.00>
ST_2 : Operation 36 [1/1] ( I:1.23ns O:1.23ns )   --->   "%store_ln52 = store i16 %trunc_ln52, i9 %lineBuffer_magnitude_2_addr" [../src/non_maximum_suppression.cpp:52]   --->   Operation 36 'store' 'store_ln52' <Predicate = (tmp != 0 & tmp != 1)> <Delay = 1.23> <CoreInst = "RAM">   --->   Core 82 'RAM' <Latency = 1> <II = 1> <Delay = 1.23> <Storage> <Opcode : 'load' 'store'> <Ports = 2> <Width = 16> <Depth = 512> <RAM>
ST_2 : Operation 37 [1/1] ( I:1.23ns O:1.23ns )   --->   "%store_ln52 = store i8 %trunc_ln52_1, i9 %lineBuffer_direction_2_addr" [../src/non_maximum_suppression.cpp:52]   --->   Operation 37 'store' 'store_ln52' <Predicate = (tmp != 0 & tmp != 1)> <Delay = 1.23> <CoreInst = "RAM">   --->   Core 82 'RAM' <Latency = 1> <II = 1> <Delay = 1.23> <Storage> <Opcode : 'load' 'store'> <Ports = 2> <Width = 8> <Depth = 512> <RAM>
ST_2 : Operation 38 [1/1] (0.00ns)   --->   "%br_ln52 = br void %arrayidx726.164.exit" [../src/non_maximum_suppression.cpp:52]   --->   Operation 38 'br' 'br_ln52' <Predicate = (tmp != 0 & tmp != 1)> <Delay = 0.00>


============================================================
+ Verbose Summary: Binding
============================================================
STG Binding: 
---------------- STG Properties BEGIN ----------------
- Is combinational: 0
- Is one-state seq: 0
- Is datapath-only: 0
- Is pipelined: 0
- Is top level: 0
Port [ Return ] is wired: 1; IO mode=ap_ctrl_hs:ce=0
Port [ lineBuffer_direction_2]:  wired=1; compound=1; hidden=0; nouse=0; global=0; static=0; extern=0; dir=1; type=1; pingpong=0; private_global=0; MemPort=[03]; IO mode=ap_memory:ce=0
Port [ lineBuffer_direction_1]:  wired=1; compound=1; hidden=0; nouse=0; global=0; static=0; extern=0; dir=1; type=1; pingpong=0; private_global=0; MemPort=[03]; IO mode=ap_memory:ce=0
Port [ lineBuffer_direction]:  wired=1; compound=1; hidden=0; nouse=0; global=0; static=0; extern=0; dir=1; type=1; pingpong=0; private_global=0; MemPort=[03]; IO mode=ap_memory:ce=0
Port [ lineBuffer_magnitude_2]:  wired=1; compound=1; hidden=0; nouse=0; global=0; static=0; extern=0; dir=1; type=1; pingpong=0; private_global=0; MemPort=[03]; IO mode=ap_memory:ce=0
Port [ lineBuffer_magnitude_1]:  wired=1; compound=1; hidden=0; nouse=0; global=0; static=0; extern=0; dir=1; type=1; pingpong=0; private_global=0; MemPort=[03]; IO mode=ap_memory:ce=0
Port [ lineBuffer_magnitude]:  wired=1; compound=1; hidden=0; nouse=0; global=0; static=0; extern=0; dir=1; type=1; pingpong=0; private_global=0; MemPort=[03]; IO mode=ap_memory:ce=0
Port [ sobel_out]:  wired=1; compound=1; hidden=0; nouse=0; global=0; static=0; extern=0; dir=0; type=3; pingpong=0; private_global=0; IO mode=ap_fifo:ce=0
Port [ empty]:  wired=1; compound=0; hidden=0; nouse=0; global=0; static=0; extern=0; dir=0; type=0; pingpong=0; private_global=0; IO mode=ap_none:ce=0
---------------- STG Properties END ------------------

---------------- Datapath Model BEGIN ----------------

<LifeTime>
<method=bitvector/>
column                      (alloca           ) [ 010]
specinterface_ln0           (specinterface    ) [ 000]
tmp                         (read             ) [ 011]
store_ln50                  (store            ) [ 000]
br_ln50                     (br               ) [ 000]
column_3                    (load             ) [ 011]
icmp_ln50                   (icmp             ) [ 010]
add_ln50                    (add              ) [ 000]
br_ln50                     (br               ) [ 000]
switch_ln52                 (switch           ) [ 000]
store_ln50                  (store            ) [ 000]
br_ln50                     (br               ) [ 000]
zext_ln50                   (zext             ) [ 000]
specpipeline_ln51           (specpipeline     ) [ 000]
speclooptripcount_ln50      (speclooptripcount) [ 000]
specloopname_ln50           (specloopname     ) [ 000]
sobel_out_read              (read             ) [ 000]
trunc_ln52                  (trunc            ) [ 000]
trunc_ln52_1                (partselect       ) [ 000]
lineBuffer_magnitude_addr   (getelementptr    ) [ 000]
lineBuffer_magnitude_1_addr (getelementptr    ) [ 000]
lineBuffer_magnitude_2_addr (getelementptr    ) [ 000]
lineBuffer_direction_addr   (getelementptr    ) [ 000]
lineBuffer_direction_1_addr (getelementptr    ) [ 000]
lineBuffer_direction_2_addr (getelementptr    ) [ 000]
store_ln52                  (store            ) [ 000]
store_ln52                  (store            ) [ 000]
br_ln52                     (br               ) [ 000]
store_ln52                  (store            ) [ 000]
store_ln52                  (store            ) [ 000]
br_ln52                     (br               ) [ 000]
store_ln52                  (store            ) [ 000]
store_ln52                  (store            ) [ 000]
br_ln52                     (br               ) [ 000]
ret_ln0                     (ret              ) [ 000]
</LifeTime>

<model>

<comp_list>
<comp id="0" class="1000" name="lineBuffer_direction_2">
<pin_list>
<pin id="1" dir="1" index="0" bw="1" slack="0"/>
</pin_list>
<bind>
<StgValue><ssdm name="lineBuffer_direction_2"/><MemPortTyVec>0 3 </MemPortTyVec>
</StgValue>
</bind>
</comp>

<comp id="2" class="1000" name="lineBuffer_direction_1">
<pin_list>
<pin id="3" dir="1" index="0" bw="1" slack="0"/>
</pin_list>
<bind>
<StgValue><ssdm name="lineBuffer_direction_1"/><MemPortTyVec>0 3 </MemPortTyVec>
</StgValue>
</bind>
</comp>

<comp id="4" class="1000" name="lineBuffer_direction">
<pin_list>
<pin id="5" dir="1" index="0" bw="1" slack="0"/>
</pin_list>
<bind>
<StgValue><ssdm name="lineBuffer_direction"/><MemPortTyVec>0 3 </MemPortTyVec>
</StgValue>
</bind>
</comp>

<comp id="6" class="1000" name="lineBuffer_magnitude_2">
<pin_list>
<pin id="7" dir="1" index="0" bw="1" slack="0"/>
</pin_list>
<bind>
<StgValue><ssdm name="lineBuffer_magnitude_2"/><MemPortTyVec>0 3 </MemPortTyVec>
</StgValue>
</bind>
</comp>

<comp id="8" class="1000" name="lineBuffer_magnitude_1">
<pin_list>
<pin id="9" dir="1" index="0" bw="1" slack="0"/>
</pin_list>
<bind>
<StgValue><ssdm name="lineBuffer_magnitude_1"/><MemPortTyVec>0 3 </MemPortTyVec>
</StgValue>
</bind>
</comp>

<comp id="10" class="1000" name="lineBuffer_magnitude">
<pin_list>
<pin id="11" dir="1" index="0" bw="1" slack="0"/>
</pin_list>
<bind>
<StgValue><ssdm name="lineBuffer_magnitude"/><MemPortTyVec>0 3 </MemPortTyVec>
</StgValue>
</bind>
</comp>

<comp id="12" class="1000" name="sobel_out">
<pin_list>
<pin id="13" dir="1" index="0" bw="1" slack="0"/>
</pin_list>
<bind>
<StgValue><ssdm name="sobel_out"/></StgValue>
</bind>
</comp>

<comp id="14" class="1000" name="empty">
<pin_list>
<pin id="15" dir="1" index="0" bw="1" slack="0"/>
</pin_list>
<bind>
<StgValue><ssdm name="empty"/></StgValue>
</bind>
</comp>

<comp id="16" class="1001" name="const_16">
<pin_list>
<pin id="17" dir="1" index="0" bw="1" slack="0"/>
</pin_list>
<bind>
<StgValue><ssdm name=""/></StgValue>
</bind>
</comp>

<comp id="18" class="1001" name="const_18">
<pin_list>
<pin id="19" dir="1" index="0" bw="1" slack="2147483647"/>
</pin_list>
<bind>
<StgValue><ssdm name="_ssdm_op_SpecInterface"/></StgValue>
</bind>
</comp>

<comp id="20" class="1001" name="const_20">
<pin_list>
<pin id="21" dir="1" index="0" bw="1" slack="2147483647"/>
</pin_list>
<bind>
<StgValue><ssdm name="empty_10"/></StgValue>
</bind>
</comp>

<comp id="22" class="1001" name="const_22">
<pin_list>
<pin id="23" dir="1" index="0" bw="1" slack="2147483647"/>
</pin_list>
<bind>
<StgValue><ssdm name=""/></StgValue>
</bind>
</comp>

<comp id="24" class="1001" name="const_24">
<pin_list>
<pin id="25" dir="1" index="0" bw="1" slack="2147483647"/>
</pin_list>
<bind>
<StgValue><ssdm name="empty_4"/></StgValue>
</bind>
</comp>

<comp id="26" class="1001" name="const_26">
<pin_list>
<pin id="27" dir="1" index="0" bw="1" slack="2147483647"/>
</pin_list>
<bind>
<StgValue><ssdm name=""/></StgValue>
</bind>
</comp>

<comp id="28" class="1001" name="const_28">
<pin_list>
<pin id="29" dir="1" index="0" bw="1" slack="0"/>
</pin_list>
<bind>
<StgValue><ssdm name="_ssdm_op_Read.ap_auto.i2"/></StgValue>
</bind>
</comp>

<comp id="30" class="1001" name="const_30">
<pin_list>
<pin id="31" dir="1" index="0" bw="1" slack="0"/>
</pin_list>
<bind>
<StgValue><ssdm name=""/></StgValue>
</bind>
</comp>

<comp id="32" class="1001" name="const_32">
<pin_list>
<pin id="33" dir="1" index="0" bw="1" slack="0"/>
</pin_list>
<bind>
<StgValue><ssdm name=""/></StgValue>
</bind>
</comp>

<comp id="34" class="1001" name="const_34">
<pin_list>
<pin id="35" dir="1" index="0" bw="1" slack="0"/>
</pin_list>
<bind>
<StgValue><ssdm name=""/></StgValue>
</bind>
</comp>

<comp id="36" class="1001" name="const_36">
<pin_list>
<pin id="37" dir="1" index="0" bw="1" slack="0"/>
</pin_list>
<bind>
<StgValue><ssdm name=""/></StgValue>
</bind>
</comp>

<comp id="38" class="1001" name="const_38">
<pin_list>
<pin id="39" dir="1" index="0" bw="1" slack="0"/>
</pin_list>
<bind>
<StgValue><ssdm name=""/></StgValue>
</bind>
</comp>

<comp id="40" class="1001" name="const_40">
<pin_list>
<pin id="41" dir="1" index="0" bw="1" slack="2147483647"/>
</pin_list>
<bind>
<StgValue><ssdm name="_ssdm_op_SpecPipeline"/></StgValue>
</bind>
</comp>

<comp id="42" class="1001" name="const_42">
<pin_list>
<pin id="43" dir="1" index="0" bw="1" slack="2147483647"/>
</pin_list>
<bind>
<StgValue><ssdm name="_ssdm_op_SpecLoopTripCount"/></StgValue>
</bind>
</comp>

<comp id="44" class="1001" name="const_44">
<pin_list>
<pin id="45" dir="1" index="0" bw="1" slack="2147483647"/>
</pin_list>
<bind>
<StgValue><ssdm name=""/></StgValue>
</bind>
</comp>

<comp id="46" class="1001" name="const_46">
<pin_list>
<pin id="47" dir="1" index="0" bw="1" slack="2147483647"/>
</pin_list>
<bind>
<StgValue><ssdm name="_ssdm_op_SpecLoopName"/></StgValue>
</bind>
</comp>

<comp id="48" class="1001" name="const_48">
<pin_list>
<pin id="49" dir="1" index="0" bw="1" slack="2147483647"/>
</pin_list>
<bind>
<StgValue><ssdm name="empty_1"/></StgValue>
</bind>
</comp>

<comp id="50" class="1001" name="const_50">
<pin_list>
<pin id="51" dir="1" index="0" bw="1" slack="0"/>
</pin_list>
<bind>
<StgValue><ssdm name="_ssdm_op_Read.ap_fifo.volatile.i24P0A"/></StgValue>
</bind>
</comp>

<comp id="52" class="1001" name="const_52">
<pin_list>
<pin id="53" dir="1" index="0" bw="1" slack="0"/>
</pin_list>
<bind>
<StgValue><ssdm name="_ssdm_op_PartSelect.i8.i24.i32.i32"/></StgValue>
</bind>
</comp>

<comp id="54" class="1001" name="const_54">
<pin_list>
<pin id="55" dir="1" index="0" bw="1" slack="0"/>
</pin_list>
<bind>
<StgValue><ssdm name=""/></StgValue>
</bind>
</comp>

<comp id="56" class="1001" name="const_56">
<pin_list>
<pin id="57" dir="1" index="0" bw="1" slack="0"/>
</pin_list>
<bind>
<StgValue><ssdm name=""/></StgValue>
</bind>
</comp>

<comp id="58" class="1001" name="const_58">
<pin_list>
<pin id="59" dir="1" index="0" bw="1" slack="0"/>
</pin_list>
<bind>
<StgValue><ssdm name=""/></StgValue>
</bind>
</comp>

<comp id="60" class="1004" name="column_fu_60">
<pin_list>
<pin id="61" dir="0" index="0" bw="1" slack="0"/>
<pin id="62" dir="1" index="1" bw="10" slack="0"/>
</pin_list>
<bind>
<opcode="alloca(26) " fcode="alloca"/>
<opset="column/1 "/>
</bind>
</comp>

<comp id="64" class="1004" name="tmp_read_fu_64">
<pin_list>
<pin id="65" dir="0" index="0" bw="2" slack="0"/>
<pin id="66" dir="0" index="1" bw="2" slack="0"/>
<pin id="67" dir="1" index="2" bw="2" slack="0"/>
</pin_list>
<bind>
<opcode="read(1150) " fcode="read"/>
<opset="tmp/1 "/>
</bind>
</comp>

<comp id="70" class="1004" name="sobel_out_read_read_fu_70">
<pin_list>
<pin id="71" dir="0" index="0" bw="24" slack="0"/>
<pin id="72" dir="0" index="1" bw="24" slack="0"/>
<pin id="73" dir="1" index="2" bw="24" slack="0"/>
</pin_list>
<bind>
<opcode="read(1150) " fcode="read"/>
<opset="sobel_out_read/2 "/>
</bind>
</comp>

<comp id="76" class="1004" name="lineBuffer_magnitude_addr_gep_fu_76">
<pin_list>
<pin id="77" dir="0" index="0" bw="16" slack="0"/>
<pin id="78" dir="0" index="1" bw="1" slack="0"/>
<pin id="79" dir="0" index="2" bw="10" slack="0"/>
<pin id="80" dir="1" index="3" bw="9" slack="0"/>
</pin_list>
<bind>
<opcode="getelementptr(29) " fcode="getelementptr"/>
<opset="lineBuffer_magnitude_addr/2 "/>
</bind>
</comp>

<comp id="83" class="1004" name="lineBuffer_magnitude_1_addr_gep_fu_83">
<pin_list>
<pin id="84" dir="0" index="0" bw="16" slack="0"/>
<pin id="85" dir="0" index="1" bw="1" slack="0"/>
<pin id="86" dir="0" index="2" bw="10" slack="0"/>
<pin id="87" dir="1" index="3" bw="9" slack="0"/>
</pin_list>
<bind>
<opcode="getelementptr(29) " fcode="getelementptr"/>
<opset="lineBuffer_magnitude_1_addr/2 "/>
</bind>
</comp>

<comp id="90" class="1004" name="lineBuffer_magnitude_2_addr_gep_fu_90">
<pin_list>
<pin id="91" dir="0" index="0" bw="16" slack="0"/>
<pin id="92" dir="0" index="1" bw="1" slack="0"/>
<pin id="93" dir="0" index="2" bw="10" slack="0"/>
<pin id="94" dir="1" index="3" bw="9" slack="0"/>
</pin_list>
<bind>
<opcode="getelementptr(29) " fcode="getelementptr"/>
<opset="lineBuffer_magnitude_2_addr/2 "/>
</bind>
</comp>

<comp id="97" class="1004" name="lineBuffer_direction_addr_gep_fu_97">
<pin_list>
<pin id="98" dir="0" index="0" bw="8" slack="0"/>
<pin id="99" dir="0" index="1" bw="1" slack="0"/>
<pin id="100" dir="0" index="2" bw="10" slack="0"/>
<pin id="101" dir="1" index="3" bw="9" slack="0"/>
</pin_list>
<bind>
<opcode="getelementptr(29) " fcode="getelementptr"/>
<opset="lineBuffer_direction_addr/2 "/>
</bind>
</comp>

<comp id="104" class="1004" name="lineBuffer_direction_1_addr_gep_fu_104">
<pin_list>
<pin id="105" dir="0" index="0" bw="8" slack="0"/>
<pin id="106" dir="0" index="1" bw="1" slack="0"/>
<pin id="107" dir="0" index="2" bw="10" slack="0"/>
<pin id="108" dir="1" index="3" bw="9" slack="0"/>
</pin_list>
<bind>
<opcode="getelementptr(29) " fcode="getelementptr"/>
<opset="lineBuffer_direction_1_addr/2 "/>
</bind>
</comp>

<comp id="111" class="1004" name="lineBuffer_direction_2_addr_gep_fu_111">
<pin_list>
<pin id="112" dir="0" index="0" bw="8" slack="0"/>
<pin id="113" dir="0" index="1" bw="1" slack="0"/>
<pin id="114" dir="0" index="2" bw="10" slack="0"/>
<pin id="115" dir="1" index="3" bw="9" slack="0"/>
</pin_list>
<bind>
<opcode="getelementptr(29) " fcode="getelementptr"/>
<opset="lineBuffer_direction_2_addr/2 "/>
</bind>
</comp>

<comp id="118" class="1004" name="store_ln52_access_fu_118">
<pin_list>
<pin id="119" dir="0" index="0" bw="9" slack="0"/>
<pin id="120" dir="0" index="1" bw="16" slack="0"/>
<pin id="121" dir="0" index="2" bw="0" slack="2147483647"/>
<pin id="122" dir="1" index="3" bw="16" slack="2147483647"/>
</pin_list>
<bind>
<opcode="store(28) " fcode="store"/>
<opset="store_ln52/2 "/>
</bind>
</comp>

<comp id="124" class="1004" name="store_ln52_access_fu_124">
<pin_list>
<pin id="125" dir="0" index="0" bw="9" slack="0"/>
<pin id="126" dir="0" index="1" bw="8" slack="0"/>
<pin id="127" dir="0" index="2" bw="0" slack="2147483647"/>
<pin id="128" dir="1" index="3" bw="8" slack="2147483647"/>
</pin_list>
<bind>
<opcode="store(28) " fcode="store"/>
<opset="store_ln52/2 "/>
</bind>
</comp>

<comp id="130" class="1004" name="store_ln52_access_fu_130">
<pin_list>
<pin id="131" dir="0" index="0" bw="9" slack="0"/>
<pin id="132" dir="0" index="1" bw="16" slack="0"/>
<pin id="133" dir="0" index="2" bw="0" slack="2147483647"/>
<pin id="134" dir="1" index="3" bw="16" slack="2147483647"/>
</pin_list>
<bind>
<opcode="store(28) " fcode="store"/>
<opset="store_ln52/2 "/>
</bind>
</comp>

<comp id="136" class="1004" name="store_ln52_access_fu_136">
<pin_list>
<pin id="137" dir="0" index="0" bw="9" slack="0"/>
<pin id="138" dir="0" index="1" bw="8" slack="0"/>
<pin id="139" dir="0" index="2" bw="0" slack="2147483647"/>
<pin id="140" dir="1" index="3" bw="8" slack="2147483647"/>
</pin_list>
<bind>
<opcode="store(28) " fcode="store"/>
<opset="store_ln52/2 "/>
</bind>
</comp>

<comp id="142" class="1004" name="store_ln52_access_fu_142">
<pin_list>
<pin id="143" dir="0" index="0" bw="9" slack="0"/>
<pin id="144" dir="0" index="1" bw="16" slack="0"/>
<pin id="145" dir="0" index="2" bw="0" slack="2147483647"/>
<pin id="146" dir="1" index="3" bw="16" slack="2147483647"/>
</pin_list>
<bind>
<opcode="store(28) " fcode="store"/>
<opset="store_ln52/2 "/>
</bind>
</comp>

<comp id="148" class="1004" name="store_ln52_access_fu_148">
<pin_list>
<pin id="149" dir="0" index="0" bw="9" slack="0"/>
<pin id="150" dir="0" index="1" bw="8" slack="0"/>
<pin id="151" dir="0" index="2" bw="0" slack="2147483647"/>
<pin id="152" dir="1" index="3" bw="8" slack="2147483647"/>
</pin_list>
<bind>
<opcode="store(28) " fcode="store"/>
<opset="store_ln52/2 "/>
</bind>
</comp>

<comp id="154" class="1004" name="store_ln50_store_fu_154">
<pin_list>
<pin id="155" dir="0" index="0" bw="1" slack="0"/>
<pin id="156" dir="0" index="1" bw="10" slack="0"/>
<pin id="157" dir="1" index="2" bw="0" slack="2147483647"/>
</pin_list>
<bind>
<opcode="store(28) " fcode="store"/>
<opset="store_ln50/1 "/>
</bind>
</comp>

<comp id="159" class="1004" name="column_3_load_fu_159">
<pin_list>
<pin id="160" dir="0" index="0" bw="10" slack="0"/>
<pin id="161" dir="1" index="1" bw="10" slack="0"/>
</pin_list>
<bind>
<opcode="load(27) " fcode="load"/>
<opset="column_3/1 "/>
</bind>
</comp>

<comp id="162" class="1004" name="icmp_ln50_fu_162">
<pin_list>
<pin id="163" dir="0" index="0" bw="10" slack="0"/>
<pin id="164" dir="0" index="1" bw="10" slack="0"/>
<pin id="165" dir="1" index="2" bw="1" slack="2147483647"/>
</pin_list>
<bind>
<opcode="icmp(45) " fcode="icmp"/>
<opset="icmp_ln50/1 "/>
</bind>
</comp>

<comp id="168" class="1004" name="add_ln50_fu_168">
<pin_list>
<pin id="169" dir="0" index="0" bw="10" slack="0"/>
<pin id="170" dir="0" index="1" bw="1" slack="0"/>
<pin id="171" dir="1" index="2" bw="10" slack="0"/>
</pin_list>
<bind>
<opcode="add(8) " fcode="add"/>
<opset="add_ln50/1 "/>
</bind>
</comp>

<comp id="174" class="1004" name="switch_ln52_fu_174">
<pin_list>
<pin id="175" dir="0" index="0" bw="2" slack="0"/>
<pin id="176" dir="0" index="1" bw="1" slack="0"/>
<pin id="177" dir="0" index="2" bw="1" slack="0"/>
<pin id="178" dir="1" index="3" bw="0" slack="2147483647"/>
</pin_list>
<bind>
<opcode="switch(3) " fcode="switch"/>
<opset="switch_ln52/1 "/>
</bind>
</comp>

<comp id="182" class="1004" name="store_ln50_store_fu_182">
<pin_list>
<pin id="183" dir="0" index="0" bw="10" slack="0"/>
<pin id="184" dir="0" index="1" bw="10" slack="0"/>
<pin id="185" dir="1" index="2" bw="0" slack="2147483647"/>
</pin_list>
<bind>
<opcode="store(28) " fcode="store"/>
<opset="store_ln50/1 "/>
</bind>
</comp>

<comp id="187" class="1004" name="zext_ln50_fu_187">
<pin_list>
<pin id="188" dir="0" index="0" bw="10" slack="1"/>
<pin id="189" dir="1" index="1" bw="64" slack="0"/>
</pin_list>
<bind>
<opcode="zext(34) " fcode="zext"/>
<opset="zext_ln50/2 "/>
</bind>
</comp>

<comp id="196" class="1004" name="trunc_ln52_fu_196">
<pin_list>
<pin id="197" dir="0" index="0" bw="24" slack="0"/>
<pin id="198" dir="1" index="1" bw="16" slack="0"/>
</pin_list>
<bind>
<opcode="trunc(33) " fcode="trunc"/>
<opset="trunc_ln52/2 "/>
</bind>
</comp>

<comp id="203" class="1004" name="trunc_ln52_1_fu_203">
<pin_list>
<pin id="204" dir="0" index="0" bw="8" slack="0"/>
<pin id="205" dir="0" index="1" bw="24" slack="0"/>
<pin id="206" dir="0" index="2" bw="6" slack="0"/>
<pin id="207" dir="0" index="3" bw="6" slack="0"/>
<pin id="208" dir="1" index="4" bw="8" slack="0"/>
</pin_list>
<bind>
<opcode="partselect(1002) " fcode="partselect"/>
<opset="trunc_ln52_1/2 "/>
</bind>
</comp>

<comp id="216" class="1005" name="column_reg_216">
<pin_list>
<pin id="217" dir="0" index="0" bw="10" slack="0"/>
<pin id="218" dir="1" index="1" bw="10" slack="0"/>
</pin_list>
<bind>
<opset="column "/>
</bind>
</comp>

<comp id="223" class="1005" name="tmp_reg_223">
<pin_list>
<pin id="224" dir="0" index="0" bw="2" slack="1"/>
<pin id="225" dir="1" index="1" bw="2" slack="2147483647"/>
</pin_list>
<bind>
<opset="tmp "/>
</bind>
</comp>

<comp id="227" class="1005" name="column_3_reg_227">
<pin_list>
<pin id="228" dir="0" index="0" bw="10" slack="1"/>
<pin id="229" dir="1" index="1" bw="10" slack="1"/>
</pin_list>
<bind>
<opset="column_3 "/>
</bind>
</comp>

</comp_list>

<net_list>
<net id="63"><net_src comp="16" pin="0"/><net_sink comp="60" pin=0"/></net>

<net id="68"><net_src comp="28" pin="0"/><net_sink comp="64" pin=0"/></net>

<net id="69"><net_src comp="14" pin="0"/><net_sink comp="64" pin=1"/></net>

<net id="74"><net_src comp="50" pin="0"/><net_sink comp="70" pin=0"/></net>

<net id="75"><net_src comp="12" pin="0"/><net_sink comp="70" pin=1"/></net>

<net id="81"><net_src comp="10" pin="0"/><net_sink comp="76" pin=0"/></net>

<net id="82"><net_src comp="58" pin="0"/><net_sink comp="76" pin=1"/></net>

<net id="88"><net_src comp="8" pin="0"/><net_sink comp="83" pin=0"/></net>

<net id="89"><net_src comp="58" pin="0"/><net_sink comp="83" pin=1"/></net>

<net id="95"><net_src comp="6" pin="0"/><net_sink comp="90" pin=0"/></net>

<net id="96"><net_src comp="58" pin="0"/><net_sink comp="90" pin=1"/></net>

<net id="102"><net_src comp="4" pin="0"/><net_sink comp="97" pin=0"/></net>

<net id="103"><net_src comp="58" pin="0"/><net_sink comp="97" pin=1"/></net>

<net id="109"><net_src comp="2" pin="0"/><net_sink comp="104" pin=0"/></net>

<net id="110"><net_src comp="58" pin="0"/><net_sink comp="104" pin=1"/></net>

<net id="116"><net_src comp="0" pin="0"/><net_sink comp="111" pin=0"/></net>

<net id="117"><net_src comp="58" pin="0"/><net_sink comp="111" pin=1"/></net>

<net id="123"><net_src comp="83" pin="3"/><net_sink comp="118" pin=0"/></net>

<net id="129"><net_src comp="104" pin="3"/><net_sink comp="124" pin=0"/></net>

<net id="135"><net_src comp="76" pin="3"/><net_sink comp="130" pin=0"/></net>

<net id="141"><net_src comp="97" pin="3"/><net_sink comp="136" pin=0"/></net>

<net id="147"><net_src comp="90" pin="3"/><net_sink comp="142" pin=0"/></net>

<net id="153"><net_src comp="111" pin="3"/><net_sink comp="148" pin=0"/></net>

<net id="158"><net_src comp="30" pin="0"/><net_sink comp="154" pin=0"/></net>

<net id="166"><net_src comp="159" pin="1"/><net_sink comp="162" pin=0"/></net>

<net id="167"><net_src comp="32" pin="0"/><net_sink comp="162" pin=1"/></net>

<net id="172"><net_src comp="159" pin="1"/><net_sink comp="168" pin=0"/></net>

<net id="173"><net_src comp="34" pin="0"/><net_sink comp="168" pin=1"/></net>

<net id="179"><net_src comp="64" pin="2"/><net_sink comp="174" pin=0"/></net>

<net id="180"><net_src comp="36" pin="0"/><net_sink comp="174" pin=1"/></net>

<net id="181"><net_src comp="38" pin="0"/><net_sink comp="174" pin=2"/></net>

<net id="186"><net_src comp="168" pin="2"/><net_sink comp="182" pin=0"/></net>

<net id="190"><net_src comp="187" pin="1"/><net_sink comp="76" pin=2"/></net>

<net id="191"><net_src comp="187" pin="1"/><net_sink comp="83" pin=2"/></net>

<net id="192"><net_src comp="187" pin="1"/><net_sink comp="90" pin=2"/></net>

<net id="193"><net_src comp="187" pin="1"/><net_sink comp="97" pin=2"/></net>

<net id="194"><net_src comp="187" pin="1"/><net_sink comp="104" pin=2"/></net>

<net id="195"><net_src comp="187" pin="1"/><net_sink comp="111" pin=2"/></net>

<net id="199"><net_src comp="70" pin="2"/><net_sink comp="196" pin=0"/></net>

<net id="200"><net_src comp="196" pin="1"/><net_sink comp="118" pin=1"/></net>

<net id="201"><net_src comp="196" pin="1"/><net_sink comp="130" pin=1"/></net>

<net id="202"><net_src comp="196" pin="1"/><net_sink comp="142" pin=1"/></net>

<net id="209"><net_src comp="52" pin="0"/><net_sink comp="203" pin=0"/></net>

<net id="210"><net_src comp="70" pin="2"/><net_sink comp="203" pin=1"/></net>

<net id="211"><net_src comp="54" pin="0"/><net_sink comp="203" pin=2"/></net>

<net id="212"><net_src comp="56" pin="0"/><net_sink comp="203" pin=3"/></net>

<net id="213"><net_src comp="203" pin="4"/><net_sink comp="124" pin=1"/></net>

<net id="214"><net_src comp="203" pin="4"/><net_sink comp="136" pin=1"/></net>

<net id="215"><net_src comp="203" pin="4"/><net_sink comp="148" pin=1"/></net>

<net id="219"><net_src comp="60" pin="1"/><net_sink comp="216" pin=0"/></net>

<net id="220"><net_src comp="216" pin="1"/><net_sink comp="154" pin=1"/></net>

<net id="221"><net_src comp="216" pin="1"/><net_sink comp="159" pin=0"/></net>

<net id="222"><net_src comp="216" pin="1"/><net_sink comp="182" pin=1"/></net>

<net id="226"><net_src comp="64" pin="2"/><net_sink comp="223" pin=0"/></net>

<net id="230"><net_src comp="159" pin="1"/><net_sink comp="227" pin=0"/></net>

<net id="231"><net_src comp="227" pin="1"/><net_sink comp="187" pin=0"/></net>

</net_list>

</model> 
---------------- Datapath Model END ------------------

* FSMD analyzer results:
  - Output states:
	Port: lineBuffer_direction_2 | {2 }
	Port: lineBuffer_direction_1 | {2 }
	Port: lineBuffer_direction | {2 }
	Port: lineBuffer_magnitude_2 | {2 }
	Port: lineBuffer_magnitude_1 | {2 }
	Port: lineBuffer_magnitude | {2 }
	Port: sobel_out | {}
 - Input state : 
	Port: non_maximum_suppression_Pipeline_VITIS_LOOP_50_2 : sobel_out | {2 }
	Port: non_maximum_suppression_Pipeline_VITIS_LOOP_50_2 : empty | {1 }
  - Chain level:
	State 1
		store_ln50 : 1
		column_3 : 1
		icmp_ln50 : 2
		add_ln50 : 2
		br_ln50 : 3
		store_ln50 : 3
	State 2
		lineBuffer_magnitude_addr : 1
		lineBuffer_magnitude_1_addr : 1
		lineBuffer_magnitude_2_addr : 1
		lineBuffer_direction_addr : 1
		lineBuffer_direction_1_addr : 1
		lineBuffer_direction_2_addr : 1
		store_ln52 : 1
		store_ln52 : 1
		store_ln52 : 1
		store_ln52 : 1
		store_ln52 : 1
		store_ln52 : 1


============================================================
+ Verbose Summary: Datapath Resource usage 
============================================================

* Functional unit list:
|----------|---------------------------|---------|---------|
| Operation|      Functional Unit      |    FF   |   LUT   |
|----------|---------------------------|---------|---------|
|   icmp   |      icmp_ln50_fu_162     |    0    |    17   |
|----------|---------------------------|---------|---------|
|    add   |      add_ln50_fu_168      |    0    |    17   |
|----------|---------------------------|---------|---------|
|   read   |       tmp_read_fu_64      |    0    |    0    |
|          | sobel_out_read_read_fu_70 |    0    |    0    |
|----------|---------------------------|---------|---------|
|  switch  |     switch_ln52_fu_174    |    0    |    0    |
|----------|---------------------------|---------|---------|
|   zext   |      zext_ln50_fu_187     |    0    |    0    |
|----------|---------------------------|---------|---------|
|   trunc  |     trunc_ln52_fu_196     |    0    |    0    |
|----------|---------------------------|---------|---------|
|partselect|    trunc_ln52_1_fu_203    |    0    |    0    |
|----------|---------------------------|---------|---------|
|   Total  |                           |    0    |    34   |
|----------|---------------------------|---------|---------|

Memories:
N/A

* Register list:
+----------------+--------+
|                |   FF   |
+----------------+--------+
|column_3_reg_227|   10   |
| column_reg_216 |   10   |
|   tmp_reg_223  |    2   |
+----------------+--------+
|      Total     |   22   |
+----------------+--------+

* Multiplexer (MUX) list: 
|--------|------|------|------|--------|
|  Comp  |  Pin | Size |  BW  | S x BW |
|--------|------|------|------|--------|
|  Total |      |      |      |    0   |
|--------|------|------|------|--------|



* Summary:
+-----------+--------+--------+
|           |   FF   |   LUT  |
+-----------+--------+--------+
|  Function |    0   |   34   |
|   Memory  |    -   |    -   |
|Multiplexer|    -   |    -   |
|  Register |   22   |    -   |
+-----------+--------+--------+
|   Total   |   22   |   34   |
+-----------+--------+--------+
