

================================================================
== Vitis HLS Report for 'non_maximum_suppression_Pipeline_VITIS_LOOP_105_5'
================================================================
* Date:           Sat Aug  1 12:52:06 2026

* Version:        2025.2 (Build 6295257 on Nov 14 2025)
* Project:        canny_top
* Solution:       hls (Vitis Kernel Flow Target)
* Product family: zynquplus
* Target device:  xck26-sfvc784-2LV-c


================================================================
== Performance Estimates
================================================================
+ Timing: 
    * Summary: 
    +--------+---------+----------+------------+
    |  Clock |  Target | Estimated| Uncertainty|
    +--------+---------+----------+------------+
    |ap_clk  |  5.00 ns|  2.849 ns|     1.35 ns|
    +--------+---------+----------+------------+

+ Latency: 
    * Summary: 
    +---------+---------+----------+----------+-----+-----+-------------------+
    |  Latency (cycles) |  Latency (absolute) |  Interval |      Pipeline     |
    |   min   |   max   |    min   |    max   | min | max |        Type       |
    +---------+---------+----------+----------+-----+-----+-------------------+
    |      515|      515|  2.575 us|  2.575 us|    0|    0|  loop pipeline stp|
    +---------+---------+----------+----------+-----+-----+-------------------+

    + Detail: 
        * Instance: 
        N/A

        * Loop: 
        +--------------------+---------+---------+----------+-----------+-----------+------+----------+
        |                    |  Latency (cycles) | Iteration|  Initiation Interval  | Trip |          |
        |      Loop Name     |   min   |   max   |  Latency |  achieved |   target  | Count| Pipelined|
        +--------------------+---------+---------+----------+-----------+-----------+------+----------+
        |- VITIS_LOOP_105_5  |      513|      513|         3|          1|          1|   512|       yes|
        +--------------------+---------+---------+----------+-----------+-----------+------+----------+

============================================================
+ Verbose Summary: Synthesis Manager
============================================================
InlineROM: 1
ExposeGlobal: 0
============================================================
+ Verbose Summary: CDFG Model
============================================================
IsTopModel: 0
ResetActiveHigh: 1
IsCombinational: 0
IsDatapathOnly: 0
HasWiredReturn: 1
HasMFsm: 2
HasVarLatency: 1
IsPipeline: 0
IsRtlPipelined: 0
IsInstanceOverlapped: 0
IsDontTouch: 0
HasImplIP: 0
IsGatedGlobalClock: 0

+ Individual pipeline summary: 
  * Pipeline-0: initiation interval (II) = 1, depth = 3


============================================================
+ Verbose Summary: Schedule
============================================================
* Number of FSM states : 3
* Pipeline : 1
  Pipeline-0 : II = 1, D = 3, States = { 1 2 3 }
* Dataflow Pipeline: 0

* FSM state transitions: 
1 --> 2 
2 --> 3 
3 --> 

* FSM state operations: 

State 1 <SV = 0> <Delay = 2.84>
ST_1 : Operation 6 [1/1] (0.00ns)   --->   "%column_3 = alloca i32 1" [../src/non_maximum_suppression.cpp:105]   --->   Operation 6 'alloca' 'column_3' <Predicate = true> <Delay = 0.00>
ST_1 : Operation 7 [1/1] (0.00ns)   --->   "%centre_direction = alloca i32 1" [../src/non_maximum_suppression.cpp:108]   --->   Operation 7 'alloca' 'centre_direction' <Predicate = true> <Delay = 0.00>
ST_1 : Operation 8 [1/1] (0.00ns)   --->   "%p_037 = alloca i32 1"   --->   Operation 8 'alloca' 'p_037' <Predicate = true> <Delay = 0.00>
ST_1 : Operation 9 [1/1] (0.00ns)   --->   "%p_030_238 = alloca i32 1"   --->   Operation 9 'alloca' 'p_030_238' <Predicate = true> <Delay = 0.00>
ST_1 : Operation 10 [1/1] (0.00ns)   --->   "%p_0373941 = alloca i32 1"   --->   Operation 10 'alloca' 'p_0373941' <Predicate = true> <Delay = 0.00>
ST_1 : Operation 11 [1/1] (0.00ns)   --->   "%p_028_13443 = alloca i32 1"   --->   Operation 11 'alloca' 'p_028_13443' <Predicate = true> <Delay = 0.00>
ST_1 : Operation 12 [1/1] (0.00ns)   --->   "%centre_magnitude = alloca i32 1" [../src/non_maximum_suppression.cpp:108]   --->   Operation 12 'alloca' 'centre_magnitude' <Predicate = true> <Delay = 0.00>
ST_1 : Operation 13 [1/1] (0.00ns)   --->   "%p_03739 = alloca i32 1"   --->   Operation 13 'alloca' 'p_03739' <Predicate = true> <Delay = 0.00>
ST_1 : Operation 14 [1/1] (0.00ns)   --->   "%p_028_240 = alloca i32 1"   --->   Operation 14 'alloca' 'p_028_240' <Predicate = true> <Delay = 0.00>
ST_1 : Operation 15 [1/1] (0.00ns)   --->   "%p_0_242 = alloca i32 1"   --->   Operation 15 'alloca' 'p_0_242' <Predicate = true> <Delay = 0.00>
ST_1 : Operation 16 [1/1] (0.00ns)   --->   "%p_0_144 = alloca i32 1"   --->   Operation 16 'alloca' 'p_0_144' <Predicate = true> <Delay = 0.00>
ST_1 : Operation 17 [1/1] (0.00ns)   --->   "%p_1_147 = alloca i32 1"   --->   Operation 17 'alloca' 'p_1_147' <Predicate = true> <Delay = 0.00>
ST_1 : Operation 18 [1/1] (0.00ns)   --->   "%tmp = read i2 @_ssdm_op_Read.ap_auto.i2, i2 %empty"   --->   Operation 18 'read' 'tmp' <Predicate = true> <Delay = 0.00>
ST_1 : Operation 19 [1/1] (0.00ns)   --->   "%select_ln11_read = read i2 @_ssdm_op_Read.ap_auto.i2, i2 %select_ln11"   --->   Operation 19 'read' 'select_ln11_read' <Predicate = true> <Delay = 0.00>
ST_1 : Operation 20 [1/1] (0.00ns)   --->   "%outputRow_read = read i9 @_ssdm_op_Read.ap_auto.i9, i9 %outputRow"   --->   Operation 20 'read' 'outputRow_read' <Predicate = true> <Delay = 0.00>
ST_1 : Operation 21 [1/1] (0.00ns)   --->   "%tmp_9_read = read i8 @_ssdm_op_Read.ap_auto.i8, i8 %tmp_9"   --->   Operation 21 'read' 'tmp_9_read' <Predicate = true> <Delay = 0.00>
ST_1 : Operation 22 [1/1] (0.00ns)   --->   "%tmp_2_read = read i16 @_ssdm_op_Read.ap_auto.i16, i16 %tmp_2"   --->   Operation 22 'read' 'tmp_2_read' <Predicate = true> <Delay = 0.00>
ST_1 : Operation 23 [1/1] (0.00ns)   --->   "%tmp_1_read = read i16 @_ssdm_op_Read.ap_auto.i16, i16 %tmp_1"   --->   Operation 23 'read' 'tmp_1_read' <Predicate = true> <Delay = 0.00>
ST_1 : Operation 24 [1/1] (0.00ns)   --->   "%tmp_read = read i16 @_ssdm_op_Read.ap_auto.i16, i16 %tmp_s"   --->   Operation 24 'read' 'tmp_read' <Predicate = true> <Delay = 0.00>
ST_1 : Operation 25 [1/1] (0.00ns)   --->   "%tmp_5_read = read i16 @_ssdm_op_Read.ap_auto.i16, i16 %tmp_5"   --->   Operation 25 'read' 'tmp_5_read' <Predicate = true> <Delay = 0.00>
ST_1 : Operation 26 [1/1] (0.00ns)   --->   "%tmp_8_read = read i16 @_ssdm_op_Read.ap_auto.i16, i16 %tmp_8"   --->   Operation 26 'read' 'tmp_8_read' <Predicate = true> <Delay = 0.00>
ST_1 : Operation 27 [1/1] (0.00ns)   --->   "%tmp_3_read = read i16 @_ssdm_op_Read.ap_auto.i16, i16 %tmp_3"   --->   Operation 27 'read' 'tmp_3_read' <Predicate = true> <Delay = 0.00>
ST_1 : Operation 28 [1/1] (0.00ns)   --->   "%tmp_4_read = read i8 @_ssdm_op_Read.ap_auto.i8, i8 %tmp_4"   --->   Operation 28 'read' 'tmp_4_read' <Predicate = true> <Delay = 0.00>
ST_1 : Operation 29 [1/1] (0.00ns)   --->   "%specinterface_ln0 = specinterface void @_ssdm_op_SpecInterface, i16 %nms_out, void @empty_11, i32 0, i32 0, void @empty_5, i32 0, i32 0, void @empty_5, void @empty_5, void @empty_5, i32 0, i32 0, i32 0, i32 0, void @empty_5, void @empty_5, i32 4294967295, i32 0, i32 0, i32 0"   --->   Operation 29 'specinterface' 'specinterface_ln0' <Predicate = true> <Delay = 0.00>
ST_1 : Operation 30 [1/1] (0.77ns)   --->   "%hasBottom = icmp_ne  i9 %outputRow_read, i9 511" [../src/non_maximum_suppression.cpp:68]   --->   Operation 30 'icmp' 'hasBottom' <Predicate = true> <Delay = 0.77> <CoreInst = "Cmp">   --->   Core 9 'Cmp' <Latency = 0> <II = 1> <Delay = 0.77> <FuncUnit> <Opcode : 'seteq' 'setne' 'setle' 'setge' 'setlt' 'setgt'> <InPorts = 2> <OutPorts = 1>
ST_1 : Operation 31 [1/1] (0.77ns)   --->   "%hasTop = icmp_ne  i9 %outputRow_read, i9 0" [../src/non_maximum_suppression.cpp:67]   --->   Operation 31 'icmp' 'hasTop' <Predicate = true> <Delay = 0.77> <CoreInst = "Cmp">   --->   Core 9 'Cmp' <Latency = 0> <II = 1> <Delay = 0.77> <FuncUnit> <Opcode : 'seteq' 'setne' 'setle' 'setge' 'setlt' 'setgt'> <InPorts = 2> <OutPorts = 1>
ST_1 : Operation 32 [1/1] (0.42ns)   --->   "%store_ln0 = store i8 %tmp_4_read, i8 %p_1_147"   --->   Operation 32 'store' 'store_ln0' <Predicate = true> <Delay = 0.42>
ST_1 : Operation 33 [1/1] (0.42ns)   --->   "%store_ln0 = store i16 %tmp_3_read, i16 %p_0_144"   --->   Operation 33 'store' 'store_ln0' <Predicate = true> <Delay = 0.42>
ST_1 : Operation 34 [1/1] (0.42ns)   --->   "%store_ln0 = store i16 %tmp_5_read, i16 %p_0_242"   --->   Operation 34 'store' 'store_ln0' <Predicate = true> <Delay = 0.42>
ST_1 : Operation 35 [1/1] (0.42ns)   --->   "%store_ln0 = store i16 %tmp_1_read, i16 %p_028_240"   --->   Operation 35 'store' 'store_ln0' <Predicate = true> <Delay = 0.42>
ST_1 : Operation 36 [1/1] (0.42ns)   --->   "%store_ln0 = store i16 %tmp_read, i16 %p_03739"   --->   Operation 36 'store' 'store_ln0' <Predicate = true> <Delay = 0.42>
ST_1 : Operation 37 [1/1] (0.42ns)   --->   "%store_ln108 = store i16 %tmp_8_read, i16 %centre_magnitude" [../src/non_maximum_suppression.cpp:108]   --->   Operation 37 'store' 'store_ln108' <Predicate = true> <Delay = 0.42>
ST_1 : Operation 38 [1/1] (0.42ns)   --->   "%store_ln0 = store i16 %tmp_8_read, i16 %p_028_13443"   --->   Operation 38 'store' 'store_ln0' <Predicate = true> <Delay = 0.42>
ST_1 : Operation 39 [1/1] (0.42ns)   --->   "%store_ln0 = store i16 %tmp_read, i16 %p_0373941"   --->   Operation 39 'store' 'store_ln0' <Predicate = true> <Delay = 0.42>
ST_1 : Operation 40 [1/1] (0.42ns)   --->   "%store_ln0 = store i16 %tmp_1_read, i16 %p_030_238"   --->   Operation 40 'store' 'store_ln0' <Predicate = true> <Delay = 0.42>
ST_1 : Operation 41 [1/1] (0.42ns)   --->   "%store_ln0 = store i16 %tmp_2_read, i16 %p_037"   --->   Operation 41 'store' 'store_ln0' <Predicate = true> <Delay = 0.42>
ST_1 : Operation 42 [1/1] (0.42ns)   --->   "%store_ln108 = store i8 %tmp_9_read, i8 %centre_direction" [../src/non_maximum_suppression.cpp:108]   --->   Operation 42 'store' 'store_ln108' <Predicate = true> <Delay = 0.42>
ST_1 : Operation 43 [1/1] (0.42ns)   --->   "%store_ln105 = store i10 0, i10 %column_3" [../src/non_maximum_suppression.cpp:105]   --->   Operation 43 'store' 'store_ln105' <Predicate = true> <Delay = 0.42>
ST_1 : Operation 44 [1/1] (0.00ns)   --->   "%br_ln0 = br void %for.body52"   --->   Operation 44 'br' 'br_ln0' <Predicate = true> <Delay = 0.00>
ST_1 : Operation 45 [1/1] (0.00ns)   --->   "%column = load i10 %column_3" [../src/non_maximum_suppression.cpp:160]   --->   Operation 45 'load' 'column' <Predicate = true> <Delay = 0.00>
ST_1 : Operation 46 [1/1] (0.78ns)   --->   "%icmp_ln105 = icmp_eq  i10 %column, i10 512" [../src/non_maximum_suppression.cpp:105]   --->   Operation 46 'icmp' 'icmp_ln105' <Predicate = true> <Delay = 0.78> <CoreInst = "Cmp">   --->   Core 9 'Cmp' <Latency = 0> <II = 1> <Delay = 0.78> <FuncUnit> <Opcode : 'seteq' 'setne' 'setle' 'setge' 'setlt' 'setgt'> <InPorts = 2> <OutPorts = 1>
ST_1 : Operation 47 [1/1] (0.78ns)   --->   "%column_4 = add i10 %column, i10 1" [../src/non_maximum_suppression.cpp:105]   --->   Operation 47 'add' 'column_4' <Predicate = true> <Delay = 0.78> <CoreInst = "Adder">   --->   Core 1 'Adder' <Latency = 0> <II = 1> <Delay = 0.78> <FuncUnit> <Opcode : 'add' 'sub'> <InPorts = 2> <OutPorts = 1>
ST_1 : Operation 48 [1/1] (0.00ns)   --->   "%br_ln105 = br i1 %icmp_ln105, void %for.body52.split_ifconv, void %cleanup.loopexit.exitStub" [../src/non_maximum_suppression.cpp:105]   --->   Operation 48 'br' 'br_ln105' <Predicate = true> <Delay = 0.00>
ST_1 : Operation 49 [1/1] (0.78ns)   --->   "%hasLeft = icmp_ne  i10 %column, i10 0" [../src/non_maximum_suppression.cpp:110]   --->   Operation 49 'icmp' 'hasLeft' <Predicate = (!icmp_ln105)> <Delay = 0.78> <CoreInst = "Cmp">   --->   Core 9 'Cmp' <Latency = 0> <II = 1> <Delay = 0.78> <FuncUnit> <Opcode : 'seteq' 'setne' 'setle' 'setge' 'setlt' 'setgt'> <InPorts = 2> <OutPorts = 1>
ST_1 : Operation 50 [1/1] (0.78ns)   --->   "%hasRight = icmp_ult  i10 %column, i10 511" [../src/non_maximum_suppression.cpp:111]   --->   Operation 50 'icmp' 'hasRight' <Predicate = (!icmp_ln105)> <Delay = 0.78> <CoreInst = "Cmp">   --->   Core 9 'Cmp' <Latency = 0> <II = 1> <Delay = 0.78> <FuncUnit> <Opcode : 'seteq' 'setne' 'setle' 'setge' 'setlt' 'setgt'> <InPorts = 2> <OutPorts = 1>
ST_1 : Operation 51 [1/1] (0.78ns)   --->   "%add_ln160 = add i10 %column, i10 2" [../src/non_maximum_suppression.cpp:160]   --->   Operation 51 'add' 'add_ln160' <Predicate = (!icmp_ln105)> <Delay = 0.78> <CoreInst = "Adder">   --->   Core 1 'Adder' <Latency = 0> <II = 1> <Delay = 0.78> <FuncUnit> <Opcode : 'add' 'sub'> <InPorts = 2> <OutPorts = 1>
ST_1 : Operation 52 [1/1] (0.00ns)   --->   "%trunc_ln14 = trunc i10 %add_ln160" [../src/non_maximum_suppression.cpp:14->../src/non_maximum_suppression.cpp:160]   --->   Operation 52 'trunc' 'trunc_ln14' <Predicate = (!icmp_ln105)> <Delay = 0.00>
ST_1 : Operation 53 [1/1] (0.00ns)   --->   "%tmp_19 = bitselect i1 @_ssdm_op_BitSelect.i1.i10.i32, i10 %add_ln160, i32 9" [../src/non_maximum_suppression.cpp:17->../src/non_maximum_suppression.cpp:160]   --->   Operation 53 'bitselect' 'tmp_19' <Predicate = (!icmp_ln105)> <Delay = 0.00>
ST_1 : Operation 54 [1/1] (0.39ns)   --->   "%nextColumn = select i1 %tmp_19, i9 511, i9 %trunc_ln14" [../src/non_maximum_suppression.cpp:17->../src/non_maximum_suppression.cpp:160]   --->   Operation 54 'select' 'nextColumn' <Predicate = (!icmp_ln105)> <Delay = 0.39> <CoreInst = "Sel">   --->   Core 73 'Sel' <Latency = 0> <II = 1> <Delay = 0.39> <FuncUnit> <Opcode : 'select'> <InPorts = 3> <OutPorts = 1>
ST_1 : Operation 55 [1/1] (0.00ns)   --->   "%zext_ln167 = zext i9 %nextColumn" [../src/non_maximum_suppression.cpp:167]   --->   Operation 55 'zext' 'zext_ln167' <Predicate = (!icmp_ln105)> <Delay = 0.00>
ST_1 : Operation 56 [1/1] (0.00ns)   --->   "%lineBuffer_magnitude_addr = getelementptr i16 %lineBuffer_magnitude, i64 0, i64 %zext_ln167" [../src/non_maximum_suppression.cpp:167]   --->   Operation 56 'getelementptr' 'lineBuffer_magnitude_addr' <Predicate = (!icmp_ln105)> <Delay = 0.00>
ST_1 : Operation 57 [1/1] (0.00ns)   --->   "%lineBuffer_direction_addr = getelementptr i8 %lineBuffer_direction, i64 0, i64 %zext_ln167" [../src/non_maximum_suppression.cpp:167]   --->   Operation 57 'getelementptr' 'lineBuffer_direction_addr' <Predicate = (!icmp_ln105 & tmp == 1)> <Delay = 0.00>
ST_1 : Operation 58 [2/2] (1.23ns)   --->   "%banked_magnitude = load i9 %lineBuffer_magnitude_addr" [../src/non_maximum_suppression.cpp:167]   --->   Operation 58 'load' 'banked_magnitude' <Predicate = (!icmp_ln105)> <Delay = 1.23> <CoreInst = "RAM">   --->   Core 82 'RAM' <Latency = 1> <II = 1> <Delay = 1.23> <Storage> <Opcode : 'load' 'store'> <Ports = 2> <Width = 16> <Depth = 512> <RAM>
ST_1 : Operation 59 [2/2] (1.23ns)   --->   "%banked_direction = load i9 %lineBuffer_direction_addr" [../src/non_maximum_suppression.cpp:167]   --->   Operation 59 'load' 'banked_direction' <Predicate = (!icmp_ln105 & tmp == 1)> <Delay = 1.23> <CoreInst = "RAM">   --->   Core 82 'RAM' <Latency = 1> <II = 1> <Delay = 1.23> <Storage> <Opcode : 'load' 'store'> <Ports = 2> <Width = 8> <Depth = 512> <RAM>
ST_1 : Operation 60 [1/1] (0.00ns)   --->   "%lineBuffer_magnitude_1_addr = getelementptr i16 %lineBuffer_magnitude_1, i64 0, i64 %zext_ln167" [../src/non_maximum_suppression.cpp:167]   --->   Operation 60 'getelementptr' 'lineBuffer_magnitude_1_addr' <Predicate = (!icmp_ln105)> <Delay = 0.00>
ST_1 : Operation 61 [1/1] (0.00ns)   --->   "%lineBuffer_direction_1_addr = getelementptr i8 %lineBuffer_direction_1, i64 0, i64 %zext_ln167" [../src/non_maximum_suppression.cpp:167]   --->   Operation 61 'getelementptr' 'lineBuffer_direction_1_addr' <Predicate = (!icmp_ln105 & tmp == 2)> <Delay = 0.00>
ST_1 : Operation 62 [1/1] (0.00ns)   --->   "%lineBuffer_magnitude_2_addr = getelementptr i16 %lineBuffer_magnitude_2, i64 0, i64 %zext_ln167" [../src/non_maximum_suppression.cpp:167]   --->   Operation 62 'getelementptr' 'lineBuffer_magnitude_2_addr' <Predicate = (!icmp_ln105)> <Delay = 0.00>
ST_1 : Operation 63 [1/1] (0.00ns)   --->   "%lineBuffer_direction_2_addr = getelementptr i8 %lineBuffer_direction_2, i64 0, i64 %zext_ln167" [../src/non_maximum_suppression.cpp:167]   --->   Operation 63 'getelementptr' 'lineBuffer_direction_2_addr' <Predicate = (!icmp_ln105 & tmp == 0)> <Delay = 0.00>
ST_1 : Operation 64 [2/2] (1.23ns)   --->   "%banked_magnitude_1 = load i9 %lineBuffer_magnitude_1_addr" [../src/non_maximum_suppression.cpp:167]   --->   Operation 64 'load' 'banked_magnitude_1' <Predicate = (!icmp_ln105)> <Delay = 1.23> <CoreInst = "RAM">   --->   Core 82 'RAM' <Latency = 1> <II = 1> <Delay = 1.23> <Storage> <Opcode : 'load' 'store'> <Ports = 2> <Width = 16> <Depth = 512> <RAM>
ST_1 : Operation 65 [2/2] (1.23ns)   --->   "%banked_magnitude_2 = load i9 %lineBuffer_magnitude_2_addr" [../src/non_maximum_suppression.cpp:167]   --->   Operation 65 'load' 'banked_magnitude_2' <Predicate = (!icmp_ln105)> <Delay = 1.23> <CoreInst = "RAM">   --->   Core 82 'RAM' <Latency = 1> <II = 1> <Delay = 1.23> <Storage> <Opcode : 'load' 'store'> <Ports = 2> <Width = 16> <Depth = 512> <RAM>
ST_1 : Operation 66 [2/2] (1.23ns)   --->   "%banked_direction_1 = load i9 %lineBuffer_direction_1_addr" [../src/non_maximum_suppression.cpp:167]   --->   Operation 66 'load' 'banked_direction_1' <Predicate = (!icmp_ln105 & tmp == 2)> <Delay = 1.23> <CoreInst = "RAM">   --->   Core 82 'RAM' <Latency = 1> <II = 1> <Delay = 1.23> <Storage> <Opcode : 'load' 'store'> <Ports = 2> <Width = 8> <Depth = 512> <RAM>
ST_1 : Operation 67 [2/2] (1.23ns)   --->   "%banked_direction_2 = load i9 %lineBuffer_direction_2_addr" [../src/non_maximum_suppression.cpp:167]   --->   Operation 67 'load' 'banked_direction_2' <Predicate = (!icmp_ln105 & tmp == 0)> <Delay = 1.23> <CoreInst = "RAM">   --->   Core 82 'RAM' <Latency = 1> <II = 1> <Delay = 1.23> <Storage> <Opcode : 'load' 'store'> <Ports = 2> <Width = 8> <Depth = 512> <RAM>
ST_1 : Operation 68 [1/1] (0.42ns)   --->   "%store_ln105 = store i10 %column_4, i10 %column_3" [../src/non_maximum_suppression.cpp:105]   --->   Operation 68 'store' 'store_ln105' <Predicate = (!icmp_ln105)> <Delay = 0.42>

State 2 <SV = 1> <Delay = 2.43>
ST_2 : Operation 69 [1/1] (0.00ns)   --->   "%p_037_load = load i16 %p_037"   --->   Operation 69 'load' 'p_037_load' <Predicate = true> <Delay = 0.00>
ST_2 : Operation 70 [1/1] (0.00ns)   --->   "%centre_magnitude_1 = load i16 %centre_magnitude" [../src/non_maximum_suppression.cpp:152]   --->   Operation 70 'load' 'centre_magnitude_1' <Predicate = true> <Delay = 0.00>
ST_2 : Operation 71 [1/1] (0.00ns)   --->   "%p_03739_load = load i16 %p_03739" [../src/non_maximum_suppression.cpp:134]   --->   Operation 71 'load' 'p_03739_load' <Predicate = true> <Delay = 0.00>
ST_2 : Operation 72 [1/1] (0.00ns)   --->   "%p_028_240_load = load i16 %p_028_240" [../src/non_maximum_suppression.cpp:137]   --->   Operation 72 'load' 'p_028_240_load' <Predicate = true> <Delay = 0.00>
ST_2 : Operation 73 [1/1] (0.00ns)   --->   "%p_0_242_load = load i16 %p_0_242" [../src/non_maximum_suppression.cpp:129]   --->   Operation 73 'load' 'p_0_242_load' <Predicate = true> <Delay = 0.00>
ST_2 : Operation 74 [1/1] (0.00ns)   --->   "%p_0_144_load = load i16 %p_0_144" [../src/non_maximum_suppression.cpp:121]   --->   Operation 74 'load' 'p_0_144_load' <Predicate = true> <Delay = 0.00>
ST_2 : Operation 75 [1/1] (0.00ns)   --->   "%p_1_147_load = load i8 %p_1_147"   --->   Operation 75 'load' 'p_1_147_load' <Predicate = true> <Delay = 0.00>
ST_2 : Operation 76 [1/1] (0.00ns)   --->   "%centre_direction_load = load i8 %centre_direction" [../src/non_maximum_suppression.cpp:116]   --->   Operation 76 'load' 'centre_direction_load' <Predicate = (!icmp_ln105)> <Delay = 0.00>
ST_2 : Operation 77 [1/1] (0.00ns)   --->   "%p_030_238_load = load i16 %p_030_238" [../src/non_maximum_suppression.cpp:145]   --->   Operation 77 'load' 'p_030_238_load' <Predicate = (!icmp_ln105)> <Delay = 0.00>
ST_2 : Operation 78 [1/1] (0.00ns)   --->   "%p_0373941_load = load i16 %p_0373941" [../src/non_maximum_suppression.cpp:126]   --->   Operation 78 'load' 'p_0373941_load' <Predicate = (!icmp_ln105)> <Delay = 0.00>
ST_2 : Operation 79 [1/1] (0.00ns)   --->   "%p_028_13443_load = load i16 %p_028_13443" [../src/non_maximum_suppression.cpp:118]   --->   Operation 79 'load' 'p_028_13443_load' <Predicate = (!icmp_ln105 & hasLeft)> <Delay = 0.00>
ST_2 : Operation 80 [1/1] (0.00ns)   --->   "%specpipeline_ln106 = specpipeline void @_ssdm_op_SpecPipeline, i32 1, i32 0, i32 0, i32 0, i32 4294967295, void @empty_5" [../src/non_maximum_suppression.cpp:106]   --->   Operation 80 'specpipeline' 'specpipeline_ln106' <Predicate = (!icmp_ln105)> <Delay = 0.00>
ST_2 : Operation 81 [1/1] (0.00ns)   --->   "%speclooptripcount_ln105 = speclooptripcount void @_ssdm_op_SpecLoopTripCount, i64 512, i64 512, i64 512" [../src/non_maximum_suppression.cpp:105]   --->   Operation 81 'speclooptripcount' 'speclooptripcount_ln105' <Predicate = (!icmp_ln105)> <Delay = 0.00>
ST_2 : Operation 82 [1/1] (0.00ns)   --->   "%specloopname_ln105 = specloopname void @_ssdm_op_SpecLoopName, void @empty_20" [../src/non_maximum_suppression.cpp:105]   --->   Operation 82 'specloopname' 'specloopname_ln105' <Predicate = (!icmp_ln105)> <Delay = 0.00>
ST_2 : Operation 83 [1/1] (0.35ns)   --->   "%neighbourOne = select i1 %hasLeft, i16 %p_028_13443_load, i16 0" [../src/non_maximum_suppression.cpp:118]   --->   Operation 83 'select' 'neighbourOne' <Predicate = (!icmp_ln105)> <Delay = 0.35> <CoreInst = "Sel">   --->   Core 73 'Sel' <Latency = 0> <II = 1> <Delay = 0.35> <FuncUnit> <Opcode : 'select'> <InPorts = 3> <OutPorts = 1>
ST_2 : Operation 84 [1/1] (0.35ns)   --->   "%neighbourTwo = select i1 %hasRight, i16 %p_0_144_load, i16 0" [../src/non_maximum_suppression.cpp:121]   --->   Operation 84 'select' 'neighbourTwo' <Predicate = (!icmp_ln105)> <Delay = 0.35> <CoreInst = "Sel">   --->   Core 73 'Sel' <Latency = 0> <II = 1> <Delay = 0.35> <FuncUnit> <Opcode : 'select'> <InPorts = 3> <OutPorts = 1>
ST_2 : Operation 85 [1/1] (0.00ns) (grouped into LUT with out node neighbourOne_1)   --->   "%and_ln126 = and i1 %hasTop, i1 %hasLeft" [../src/non_maximum_suppression.cpp:126]   --->   Operation 85 'and' 'and_ln126' <Predicate = (!icmp_ln105)> <Delay = 0.00> <CoreInst = "LogicGate">   --->   Core 74 'LogicGate' <Latency = 0> <II = 1> <Delay = 0.28> <FuncUnit> <Opcode : 'and' 'or' 'xor'> <InPorts = 2> <OutPorts = 1>
ST_2 : Operation 86 [1/1] (0.35ns) (out node of the LUT)   --->   "%neighbourOne_1 = select i1 %and_ln126, i16 %p_0373941_load, i16 0" [../src/non_maximum_suppression.cpp:126]   --->   Operation 86 'select' 'neighbourOne_1' <Predicate = (!icmp_ln105)> <Delay = 0.35> <CoreInst = "Sel">   --->   Core 73 'Sel' <Latency = 0> <II = 1> <Delay = 0.35> <FuncUnit> <Opcode : 'select'> <InPorts = 3> <OutPorts = 1>
ST_2 : Operation 87 [1/1] (0.00ns) (grouped into LUT with out node neighbourTwo_1)   --->   "%and_ln129 = and i1 %hasBottom, i1 %hasRight" [../src/non_maximum_suppression.cpp:129]   --->   Operation 87 'and' 'and_ln129' <Predicate = (!icmp_ln105)> <Delay = 0.00> <CoreInst = "LogicGate">   --->   Core 74 'LogicGate' <Latency = 0> <II = 1> <Delay = 0.28> <FuncUnit> <Opcode : 'and' 'or' 'xor'> <InPorts = 2> <OutPorts = 1>
ST_2 : Operation 88 [1/1] (0.35ns) (out node of the LUT)   --->   "%neighbourTwo_1 = select i1 %and_ln129, i16 %p_0_242_load, i16 0" [../src/non_maximum_suppression.cpp:129]   --->   Operation 88 'select' 'neighbourTwo_1' <Predicate = (!icmp_ln105)> <Delay = 0.35> <CoreInst = "Sel">   --->   Core 73 'Sel' <Latency = 0> <II = 1> <Delay = 0.35> <FuncUnit> <Opcode : 'select'> <InPorts = 3> <OutPorts = 1>
ST_2 : Operation 89 [1/1] (0.35ns)   --->   "%neighbourOne_2 = select i1 %hasTop, i16 %p_03739_load, i16 0" [../src/non_maximum_suppression.cpp:134]   --->   Operation 89 'select' 'neighbourOne_2' <Predicate = (!icmp_ln105)> <Delay = 0.35> <CoreInst = "Sel">   --->   Core 73 'Sel' <Latency = 0> <II = 1> <Delay = 0.35> <FuncUnit> <Opcode : 'select'> <InPorts = 3> <OutPorts = 1>
ST_2 : Operation 90 [1/1] (0.35ns)   --->   "%neighbourTwo_2 = select i1 %hasBottom, i16 %p_028_240_load, i16 0" [../src/non_maximum_suppression.cpp:137]   --->   Operation 90 'select' 'neighbourTwo_2' <Predicate = (!icmp_ln105)> <Delay = 0.35> <CoreInst = "Sel">   --->   Core 73 'Sel' <Latency = 0> <II = 1> <Delay = 0.35> <FuncUnit> <Opcode : 'select'> <InPorts = 3> <OutPorts = 1>
ST_2 : Operation 91 [1/1] (0.00ns) (grouped into LUT with out node neighbourOne_3)   --->   "%and_ln142 = and i1 %hasTop, i1 %hasRight" [../src/non_maximum_suppression.cpp:142]   --->   Operation 91 'and' 'and_ln142' <Predicate = (!icmp_ln105)> <Delay = 0.00> <CoreInst = "LogicGate">   --->   Core 74 'LogicGate' <Latency = 0> <II = 1> <Delay = 0.28> <FuncUnit> <Opcode : 'and' 'or' 'xor'> <InPorts = 2> <OutPorts = 1>
ST_2 : Operation 92 [1/1] (0.35ns) (out node of the LUT)   --->   "%neighbourOne_3 = select i1 %and_ln142, i16 %p_037_load, i16 0" [../src/non_maximum_suppression.cpp:142]   --->   Operation 92 'select' 'neighbourOne_3' <Predicate = (!icmp_ln105)> <Delay = 0.35> <CoreInst = "Sel">   --->   Core 73 'Sel' <Latency = 0> <II = 1> <Delay = 0.35> <FuncUnit> <Opcode : 'select'> <InPorts = 3> <OutPorts = 1>
ST_2 : Operation 93 [1/1] (0.00ns) (grouped into LUT with out node neighbourTwo_3)   --->   "%and_ln145 = and i1 %hasBottom, i1 %hasLeft" [../src/non_maximum_suppression.cpp:145]   --->   Operation 93 'and' 'and_ln145' <Predicate = (!icmp_ln105)> <Delay = 0.00> <CoreInst = "LogicGate">   --->   Core 74 'LogicGate' <Latency = 0> <II = 1> <Delay = 0.28> <FuncUnit> <Opcode : 'and' 'or' 'xor'> <InPorts = 2> <OutPorts = 1>
ST_2 : Operation 94 [1/1] (0.35ns) (out node of the LUT)   --->   "%neighbourTwo_3 = select i1 %and_ln145, i16 %p_030_238_load, i16 0" [../src/non_maximum_suppression.cpp:145]   --->   Operation 94 'select' 'neighbourTwo_3' <Predicate = (!icmp_ln105)> <Delay = 0.35> <CoreInst = "Sel">   --->   Core 73 'Sel' <Latency = 0> <II = 1> <Delay = 0.35> <FuncUnit> <Opcode : 'select'> <InPorts = 3> <OutPorts = 1>
ST_2 : Operation 95 [1/1] (0.76ns)   --->   "%icmp_ln116 = icmp_eq  i8 %centre_direction_load, i8 3" [../src/non_maximum_suppression.cpp:116]   --->   Operation 95 'icmp' 'icmp_ln116' <Predicate = (!icmp_ln105)> <Delay = 0.76> <CoreInst = "Cmp">   --->   Core 9 'Cmp' <Latency = 0> <II = 1> <Delay = 0.76> <FuncUnit> <Opcode : 'seteq' 'setne' 'setle' 'setge' 'setlt' 'setgt'> <InPorts = 2> <OutPorts = 1>
ST_2 : Operation 96 [1/1] (0.76ns)   --->   "%icmp_ln116_1 = icmp_eq  i8 %centre_direction_load, i8 2" [../src/non_maximum_suppression.cpp:116]   --->   Operation 96 'icmp' 'icmp_ln116_1' <Predicate = (!icmp_ln105)> <Delay = 0.76> <CoreInst = "Cmp">   --->   Core 9 'Cmp' <Latency = 0> <II = 1> <Delay = 0.76> <FuncUnit> <Opcode : 'seteq' 'setne' 'setle' 'setge' 'setlt' 'setgt'> <InPorts = 2> <OutPorts = 1>
ST_2 : Operation 97 [1/1] (0.76ns)   --->   "%icmp_ln116_2 = icmp_eq  i8 %centre_direction_load, i8 1" [../src/non_maximum_suppression.cpp:116]   --->   Operation 97 'icmp' 'icmp_ln116_2' <Predicate = (!icmp_ln105)> <Delay = 0.76> <CoreInst = "Cmp">   --->   Core 9 'Cmp' <Latency = 0> <II = 1> <Delay = 0.76> <FuncUnit> <Opcode : 'seteq' 'setne' 'setle' 'setge' 'setlt' 'setgt'> <InPorts = 2> <OutPorts = 1>
ST_2 : Operation 98 [1/1] (0.76ns)   --->   "%icmp_ln116_3 = icmp_eq  i8 %centre_direction_load, i8 0" [../src/non_maximum_suppression.cpp:116]   --->   Operation 98 'icmp' 'icmp_ln116_3' <Predicate = (!icmp_ln105)> <Delay = 0.76> <CoreInst = "Cmp">   --->   Core 9 'Cmp' <Latency = 0> <II = 1> <Delay = 0.76> <FuncUnit> <Opcode : 'seteq' 'setne' 'setle' 'setge' 'setlt' 'setgt'> <InPorts = 2> <OutPorts = 1>
ST_2 : Operation 99 [1/1] (0.00ns)   --->   "%sel_tmp4 = bitconcatenate i4 @_ssdm_op_BitConcatenate.i4.i1.i1.i1.i1, i1 %icmp_ln116, i1 %icmp_ln116_1, i1 %icmp_ln116_2, i1 %icmp_ln116_3" [../src/non_maximum_suppression.cpp:116]   --->   Operation 99 'bitconcatenate' 'sel_tmp4' <Predicate = (!icmp_ln105)> <Delay = 0.00>
ST_2 : Operation 100 [1/1] (0.52ns)   --->   "%neighbourOne_4 = sparsemux i16 @_ssdm_op_SparseMux.ap_auto.5i16.i16.i4, i4 8, i16 %neighbourOne_3, i4 4, i16 %neighbourOne_2, i4 2, i16 %neighbourOne_1, i4 1, i16 %neighbourOne, i4 0, i16 0, i16 0, i4 %sel_tmp4" [../src/non_maximum_suppression.cpp:142]   --->   Operation 100 'sparsemux' 'neighbourOne_4' <Predicate = (!icmp_ln105)> <Delay = 0.52> <CoreInst = "OneHotSparseMux_HasDef">   --->   Core 152 'OneHotSparseMux_HasDef' <Latency = 0> <II = 1> <Delay = 0.52> <FuncUnit> <Opcode : 'sparsemux'> <InPorts = 2> <OutPorts = 1>
ST_2 : Operation 101 [1/1] (0.52ns)   --->   "%neighbourTwo_4 = sparsemux i16 @_ssdm_op_SparseMux.ap_auto.5i16.i16.i4, i4 8, i16 %neighbourTwo_3, i4 4, i16 %neighbourTwo_2, i4 2, i16 %neighbourTwo_1, i4 1, i16 %neighbourTwo, i4 0, i16 0, i16 0, i4 %sel_tmp4" [../src/non_maximum_suppression.cpp:145]   --->   Operation 101 'sparsemux' 'neighbourTwo_4' <Predicate = (!icmp_ln105)> <Delay = 0.52> <CoreInst = "OneHotSparseMux_HasDef">   --->   Core 152 'OneHotSparseMux_HasDef' <Latency = 0> <II = 1> <Delay = 0.52> <FuncUnit> <Opcode : 'sparsemux'> <InPorts = 2> <OutPorts = 1>
ST_2 : Operation 102 [1/1] (0.85ns)   --->   "%icmp_ln151 = icmp_ult  i16 %centre_magnitude_1, i16 %neighbourOne_4" [../src/non_maximum_suppression.cpp:151]   --->   Operation 102 'icmp' 'icmp_ln151' <Predicate = (!icmp_ln105)> <Delay = 0.85> <CoreInst = "Cmp">   --->   Core 9 'Cmp' <Latency = 0> <II = 1> <Delay = 0.85> <FuncUnit> <Opcode : 'seteq' 'setne' 'setle' 'setge' 'setlt' 'setgt'> <InPorts = 2> <OutPorts = 1>
ST_2 : Operation 103 [1/1] (0.00ns) (grouped into LUT with out node and_ln151)   --->   "%xor_ln151 = xor i1 %icmp_ln151, i1 1" [../src/non_maximum_suppression.cpp:151]   --->   Operation 103 'xor' 'xor_ln151' <Predicate = (!icmp_ln105)> <Delay = 0.00> <CoreInst = "LogicGate">   --->   Core 74 'LogicGate' <Latency = 0> <II = 1> <Delay = 0.28> <FuncUnit> <Opcode : 'and' 'or' 'xor'> <InPorts = 2> <OutPorts = 1>
ST_2 : Operation 104 [1/1] (0.85ns)   --->   "%icmp_ln152 = icmp_ult  i16 %centre_magnitude_1, i16 %neighbourTwo_4" [../src/non_maximum_suppression.cpp:152]   --->   Operation 104 'icmp' 'icmp_ln152' <Predicate = (!icmp_ln105)> <Delay = 0.85> <CoreInst = "Cmp">   --->   Core 9 'Cmp' <Latency = 0> <II = 1> <Delay = 0.85> <FuncUnit> <Opcode : 'seteq' 'setne' 'setle' 'setge' 'setlt' 'setgt'> <InPorts = 2> <OutPorts = 1>
ST_2 : Operation 105 [1/1] (0.00ns) (grouped into LUT with out node and_ln151)   --->   "%xor_ln152 = xor i1 %icmp_ln152, i1 1" [../src/non_maximum_suppression.cpp:152]   --->   Operation 105 'xor' 'xor_ln152' <Predicate = (!icmp_ln105)> <Delay = 0.00> <CoreInst = "LogicGate">   --->   Core 74 'LogicGate' <Latency = 0> <II = 1> <Delay = 0.28> <FuncUnit> <Opcode : 'and' 'or' 'xor'> <InPorts = 2> <OutPorts = 1>
ST_2 : Operation 106 [1/1] (0.28ns) (out node of the LUT)   --->   "%and_ln151 = and i1 %xor_ln151, i1 %xor_ln152" [../src/non_maximum_suppression.cpp:151]   --->   Operation 106 'and' 'and_ln151' <Predicate = (!icmp_ln105)> <Delay = 0.28> <CoreInst = "LogicGate">   --->   Core 74 'LogicGate' <Latency = 0> <II = 1> <Delay = 0.28> <FuncUnit> <Opcode : 'and' 'or' 'xor'> <InPorts = 2> <OutPorts = 1>
ST_2 : Operation 107 [1/1] (0.00ns)   --->   "%br_ln151 = br i1 %and_ln151, void %if.else, void %if.then138" [../src/non_maximum_suppression.cpp:151]   --->   Operation 107 'br' 'br_ln151' <Predicate = (!icmp_ln105)> <Delay = 0.00>
ST_2 : Operation 108 [1/2] ( I:1.23ns O:1.23ns )   --->   "%banked_magnitude = load i9 %lineBuffer_magnitude_addr" [../src/non_maximum_suppression.cpp:167]   --->   Operation 108 'load' 'banked_magnitude' <Predicate = (!icmp_ln105)> <Delay = 1.23> <CoreInst = "RAM">   --->   Core 82 'RAM' <Latency = 1> <II = 1> <Delay = 1.23> <Storage> <Opcode : 'load' 'store'> <Ports = 2> <Width = 16> <Depth = 512> <RAM>
ST_2 : Operation 109 [1/2] ( I:1.23ns O:1.23ns )   --->   "%banked_direction = load i9 %lineBuffer_direction_addr" [../src/non_maximum_suppression.cpp:167]   --->   Operation 109 'load' 'banked_direction' <Predicate = (!icmp_ln105 & tmp == 1)> <Delay = 1.23> <CoreInst = "RAM">   --->   Core 82 'RAM' <Latency = 1> <II = 1> <Delay = 1.23> <Storage> <Opcode : 'load' 'store'> <Ports = 2> <Width = 8> <Depth = 512> <RAM>
ST_2 : Operation 110 [1/2] ( I:1.23ns O:1.23ns )   --->   "%banked_magnitude_1 = load i9 %lineBuffer_magnitude_1_addr" [../src/non_maximum_suppression.cpp:167]   --->   Operation 110 'load' 'banked_magnitude_1' <Predicate = (!icmp_ln105)> <Delay = 1.23> <CoreInst = "RAM">   --->   Core 82 'RAM' <Latency = 1> <II = 1> <Delay = 1.23> <Storage> <Opcode : 'load' 'store'> <Ports = 2> <Width = 16> <Depth = 512> <RAM>
ST_2 : Operation 111 [1/2] ( I:1.23ns O:1.23ns )   --->   "%banked_magnitude_2 = load i9 %lineBuffer_magnitude_2_addr" [../src/non_maximum_suppression.cpp:167]   --->   Operation 111 'load' 'banked_magnitude_2' <Predicate = (!icmp_ln105)> <Delay = 1.23> <CoreInst = "RAM">   --->   Core 82 'RAM' <Latency = 1> <II = 1> <Delay = 1.23> <Storage> <Opcode : 'load' 'store'> <Ports = 2> <Width = 16> <Depth = 512> <RAM>
ST_2 : Operation 112 [1/2] ( I:1.23ns O:1.23ns )   --->   "%banked_direction_1 = load i9 %lineBuffer_direction_1_addr" [../src/non_maximum_suppression.cpp:167]   --->   Operation 112 'load' 'banked_direction_1' <Predicate = (!icmp_ln105 & tmp == 2)> <Delay = 1.23> <CoreInst = "RAM">   --->   Core 82 'RAM' <Latency = 1> <II = 1> <Delay = 1.23> <Storage> <Opcode : 'load' 'store'> <Ports = 2> <Width = 8> <Depth = 512> <RAM>
ST_2 : Operation 113 [1/2] ( I:1.23ns O:1.23ns )   --->   "%banked_direction_2 = load i9 %lineBuffer_direction_2_addr" [../src/non_maximum_suppression.cpp:167]   --->   Operation 113 'load' 'banked_direction_2' <Predicate = (!icmp_ln105 & tmp == 0)> <Delay = 1.23> <CoreInst = "RAM">   --->   Core 82 'RAM' <Latency = 1> <II = 1> <Delay = 1.23> <Storage> <Opcode : 'load' 'store'> <Ports = 2> <Width = 8> <Depth = 512> <RAM>
ST_2 : Operation 114 [1/1] (0.42ns)   --->   "%tmp_6 = sparsemux i16 @_ssdm_op_SparseMux.ap_auto.3i16.i16.i2, i2 0, i16 %banked_magnitude, i2 1, i16 %banked_magnitude_1, i2 2, i16 %banked_magnitude_2, i16 0, i2 %select_ln11_read" [../src/non_maximum_suppression.cpp:174]   --->   Operation 114 'sparsemux' 'tmp_6' <Predicate = (!icmp_ln105)> <Delay = 0.42> <CoreInst = "OneHotSparseMux_HasDef">   --->   Core 152 'OneHotSparseMux_HasDef' <Latency = 0> <II = 1> <Delay = 0.42> <FuncUnit> <Opcode : 'sparsemux'> <InPorts = 2> <OutPorts = 1>
ST_2 : Operation 115 [1/1] (0.42ns)   --->   "%tmp_7 = sparsemux i16 @_ssdm_op_SparseMux.ap_auto.3i16.i16.i2, i2 1, i16 %banked_magnitude, i2 2, i16 %banked_magnitude_1, i2 0, i16 %banked_magnitude_2, i16 0, i2 %tmp" [../src/non_maximum_suppression.cpp:174]   --->   Operation 115 'sparsemux' 'tmp_7' <Predicate = (!icmp_ln105)> <Delay = 0.42> <CoreInst = "OneHotSparseMux_HasDef">   --->   Core 152 'OneHotSparseMux_HasDef' <Latency = 0> <II = 1> <Delay = 0.42> <FuncUnit> <Opcode : 'sparsemux'> <InPorts = 2> <OutPorts = 1>
ST_2 : Operation 116 [1/1] (0.42ns)   --->   "%tmp_10 = sparsemux i16 @_ssdm_op_SparseMux.ap_auto.3i16.i16.i2, i2 0, i16 %banked_magnitude, i2 1, i16 %banked_magnitude_1, i2 2, i16 %banked_magnitude_2, i16 0, i2 %tmp" [../src/non_maximum_suppression.cpp:174]   --->   Operation 116 'sparsemux' 'tmp_10' <Predicate = (!icmp_ln105)> <Delay = 0.42> <CoreInst = "OneHotSparseMux_HasDef">   --->   Core 152 'OneHotSparseMux_HasDef' <Latency = 0> <II = 1> <Delay = 0.42> <FuncUnit> <Opcode : 'sparsemux'> <InPorts = 2> <OutPorts = 1>
ST_2 : Operation 117 [1/1] (0.42ns)   --->   "%tmp_11 = sparsemux i8 @_ssdm_op_SparseMux.ap_auto.3i8.i8.i2, i2 1, i8 %banked_direction, i2 2, i8 %banked_direction_1, i2 0, i8 %banked_direction_2, i8 0, i2 %tmp" [../src/non_maximum_suppression.cpp:174]   --->   Operation 117 'sparsemux' 'tmp_11' <Predicate = (!icmp_ln105)> <Delay = 0.42> <CoreInst = "OneHotSparseMux_HasDef">   --->   Core 152 'OneHotSparseMux_HasDef' <Latency = 0> <II = 1> <Delay = 0.42> <FuncUnit> <Opcode : 'sparsemux'> <InPorts = 2> <OutPorts = 1>
ST_2 : Operation 118 [1/1] (0.42ns)   --->   "%store_ln174 = store i8 %tmp_11, i8 %p_1_147" [../src/non_maximum_suppression.cpp:174]   --->   Operation 118 'store' 'store_ln174' <Predicate = (!icmp_ln105)> <Delay = 0.42>
ST_2 : Operation 119 [1/1] (0.42ns)   --->   "%store_ln174 = store i16 %tmp_7, i16 %p_0_144" [../src/non_maximum_suppression.cpp:174]   --->   Operation 119 'store' 'store_ln174' <Predicate = (!icmp_ln105)> <Delay = 0.42>
ST_2 : Operation 120 [1/1] (0.42ns)   --->   "%store_ln174 = store i16 %tmp_10, i16 %p_0_242" [../src/non_maximum_suppression.cpp:174]   --->   Operation 120 'store' 'store_ln174' <Predicate = (!icmp_ln105)> <Delay = 0.42>
ST_2 : Operation 121 [1/1] (0.42ns)   --->   "%store_ln129 = store i16 %p_0_242_load, i16 %p_028_240" [../src/non_maximum_suppression.cpp:129]   --->   Operation 121 'store' 'store_ln129' <Predicate = (!icmp_ln105)> <Delay = 0.42>
ST_2 : Operation 122 [1/1] (0.42ns)   --->   "%store_ln0 = store i16 %p_037_load, i16 %p_03739"   --->   Operation 122 'store' 'store_ln0' <Predicate = (!icmp_ln105)> <Delay = 0.42>
ST_2 : Operation 123 [1/1] (0.42ns)   --->   "%store_ln108 = store i16 %p_0_144_load, i16 %centre_magnitude" [../src/non_maximum_suppression.cpp:108]   --->   Operation 123 'store' 'store_ln108' <Predicate = (!icmp_ln105)> <Delay = 0.42>
ST_2 : Operation 124 [1/1] (0.42ns)   --->   "%store_ln152 = store i16 %centre_magnitude_1, i16 %p_028_13443" [../src/non_maximum_suppression.cpp:152]   --->   Operation 124 'store' 'store_ln152' <Predicate = (!icmp_ln105)> <Delay = 0.42>
ST_2 : Operation 125 [1/1] (0.42ns)   --->   "%store_ln134 = store i16 %p_03739_load, i16 %p_0373941" [../src/non_maximum_suppression.cpp:134]   --->   Operation 125 'store' 'store_ln134' <Predicate = (!icmp_ln105)> <Delay = 0.42>
ST_2 : Operation 126 [1/1] (0.42ns)   --->   "%store_ln137 = store i16 %p_028_240_load, i16 %p_030_238" [../src/non_maximum_suppression.cpp:137]   --->   Operation 126 'store' 'store_ln137' <Predicate = (!icmp_ln105)> <Delay = 0.42>
ST_2 : Operation 127 [1/1] (0.42ns)   --->   "%store_ln174 = store i16 %tmp_6, i16 %p_037" [../src/non_maximum_suppression.cpp:174]   --->   Operation 127 'store' 'store_ln174' <Predicate = (!icmp_ln105)> <Delay = 0.42>
ST_2 : Operation 128 [1/1] (0.42ns)   --->   "%store_ln108 = store i8 %p_1_147_load, i8 %centre_direction" [../src/non_maximum_suppression.cpp:108]   --->   Operation 128 'store' 'store_ln108' <Predicate = (!icmp_ln105)> <Delay = 0.42>
ST_2 : Operation 129 [1/1] (0.00ns)   --->   "%br_ln105 = br void %for.body52" [../src/non_maximum_suppression.cpp:105]   --->   Operation 129 'br' 'br_ln105' <Predicate = (!icmp_ln105)> <Delay = 0.00>
ST_2 : Operation 134 [1/1] (0.42ns)   --->   "%ret_ln0 = ret"   --->   Operation 134 'ret' 'ret_ln0' <Predicate = (icmp_ln105)> <Delay = 0.42>

State 3 <SV = 2> <Delay = 1.75>
ST_3 : Operation 130 [1/1] ( I:1.75ns O:1.75ns )   --->   "%write_ln157 = write void @_ssdm_op_Write.ap_fifo.volatile.i16P0A, i16 %nms_out, i16 0" [../src/non_maximum_suppression.cpp:157]   --->   Operation 130 'write' 'write_ln157' <Predicate = (!and_ln151)> <Delay = 1.75> <CoreInst = "FIFO">   --->   Core 77 'FIFO' <Latency = 0> <II = 1> <Delay = 1.75> <Storage> <Opcode : 'read' 'write' 'nbread' 'nbwrite'> <Ports = 0> <Width = 16> <Depth = 1024> <FIFO>
ST_3 : Operation 131 [1/1] (0.00ns)   --->   "%br_ln0 = br void %VITIS_LOOP_165_6"   --->   Operation 131 'br' 'br_ln0' <Predicate = (!and_ln151)> <Delay = 0.00>
ST_3 : Operation 132 [1/1] ( I:1.75ns O:1.75ns )   --->   "%write_ln154 = write void @_ssdm_op_Write.ap_fifo.volatile.i16P0A, i16 %nms_out, i16 %centre_magnitude_1" [../src/non_maximum_suppression.cpp:154]   --->   Operation 132 'write' 'write_ln154' <Predicate = (and_ln151)> <Delay = 1.75> <CoreInst = "FIFO">   --->   Core 77 'FIFO' <Latency = 0> <II = 1> <Delay = 1.75> <Storage> <Opcode : 'read' 'write' 'nbread' 'nbwrite'> <Ports = 0> <Width = 16> <Depth = 1024> <FIFO>
ST_3 : Operation 133 [1/1] (0.00ns)   --->   "%br_ln155 = br void %VITIS_LOOP_165_6" [../src/non_maximum_suppression.cpp:155]   --->   Operation 133 'br' 'br_ln155' <Predicate = (and_ln151)> <Delay = 0.00>


============================================================
+ Verbose Summary: Timing violations
============================================================
Target clock period: 5.000ns, clock uncertainty: 1.350ns.

 <State 1>: 2.849ns
The critical path consists of the following:
	'store' operation ('store_ln105', ../src/non_maximum_suppression.cpp:105) of constant 0 10 bit on local variable 'column', ../src/non_maximum_suppression.cpp:105 [56]  (0.427 ns)
	'load' operation 10 bit ('column', ../src/non_maximum_suppression.cpp:160) on local variable 'column', ../src/non_maximum_suppression.cpp:105 [59]  (0.000 ns)
	'add' operation 10 bit ('v', ../src/non_maximum_suppression.cpp:160) [112]  (0.787 ns)
	'select' operation 9 bit ('nextColumn', ../src/non_maximum_suppression.cpp:17->../src/non_maximum_suppression.cpp:160) [115]  (0.398 ns)
	'getelementptr' operation 9 bit ('lineBuffer_magnitude_addr', ../src/non_maximum_suppression.cpp:167) [117]  (0.000 ns)
	'load' operation 16 bit ('banked.magnitude', ../src/non_maximum_suppression.cpp:167) on array 'lineBuffer_magnitude' [119]  (1.237 ns)

 <State 2>: 2.430ns
The critical path consists of the following:
	'load' operation 8 bit ('centre_direction_load', ../src/non_maximum_suppression.cpp:116) on local variable 'centre.direction', ../src/non_maximum_suppression.cpp:108 [71]  (0.000 ns)
	'icmp' operation 1 bit ('icmp_ln116', ../src/non_maximum_suppression.cpp:116) [92]  (0.765 ns)
	'sparsemux' operation 16 bit ('neighbourOne', ../src/non_maximum_suppression.cpp:142) [97]  (0.525 ns)
	'icmp' operation 1 bit ('icmp_ln151', ../src/non_maximum_suppression.cpp:151) [99]  (0.853 ns)
	'xor' operation 1 bit ('xor_ln151', ../src/non_maximum_suppression.cpp:151) [100]  (0.000 ns)
	'and' operation 1 bit ('and_ln151', ../src/non_maximum_suppression.cpp:151) [103]  (0.287 ns)

 <State 3>: 1.750ns
The critical path consists of the following:
	fifo write operation ('write_ln157', ../src/non_maximum_suppression.cpp:157) on port 'nms_out' (../src/non_maximum_suppression.cpp:157) [106]  (1.750 ns)


============================================================
+ Verbose Summary: Binding
============================================================
N/A
* FSMD analyzer results:
  - Output states:
 - Input state : 
  - Chain level:
	State 1
	State 2
	State 3


============================================================
+ Verbose Summary: Datapath Resource usage 
============================================================
N/A
