

================================================================
== Vitis HLS Report for 'non_maximum_suppression_Pipeline_VITIS_LOOP_112_4'
================================================================
* Date:           Thu Jul 30 19:40:27 2026

* Version:        2025.2 (Build 6295257 on Nov 14 2025)
* Project:        canny_top
* Solution:       hls (Vitis Kernel Flow Target)
* Product family: zynquplus
* Target device:  xck26-sfvc784-2LV-c


================================================================
== Performance Estimates
================================================================
+ Timing: 
    * Summary: 
    +--------+---------+----------+------------+
    |  Clock |  Target | Estimated| Uncertainty|
    +--------+---------+----------+------------+
    |ap_clk  |  5.00 ns|  3.497 ns|     1.35 ns|
    +--------+---------+----------+------------+

+ Latency: 
    * Summary: 
    +---------+---------+----------+----------+-----+-----+-------------------+
    |  Latency (cycles) |  Latency (absolute) |  Interval |      Pipeline     |
    |   min   |   max   |    min   |    max   | min | max |        Type       |
    +---------+---------+----------+----------+-----+-----+-------------------+
    |      515|      515|  2.575 us|  2.575 us|    0|    0|  loop pipeline stp|
    +---------+---------+----------+----------+-----+-----+-------------------+

    + Detail: 
        * Instance: 
        N/A

        * Loop: 
        +--------------------+---------+---------+----------+-----------+-----------+------+----------+
        |                    |  Latency (cycles) | Iteration|  Initiation Interval  | Trip |          |
        |      Loop Name     |   min   |   max   |  Latency |  achieved |   target  | Count| Pipelined|
        +--------------------+---------+---------+----------+-----------+-----------+------+----------+
        |- VITIS_LOOP_112_4  |      513|      513|         2|          1|          1|   512|       yes|
        +--------------------+---------+---------+----------+-----------+-----------+------+----------+

============================================================
+ Verbose Summary: Synthesis Manager
============================================================
InlineROM: 1
ExposeGlobal: 0
============================================================
+ Verbose Summary: CDFG Model
============================================================
IsTopModel: 0
ResetActiveHigh: 1
IsCombinational: 0
IsDatapathOnly: 0
HasWiredReturn: 1
HasMFsm: 2
HasVarLatency: 1
IsPipeline: 0
IsRtlPipelined: 0
IsInstanceOverlapped: 0
IsDontTouch: 0
HasImplIP: 0
IsGatedGlobalClock: 0

+ Individual pipeline summary: 
  * Pipeline-0: initiation interval (II) = 1, depth = 2


============================================================
+ Verbose Summary: Schedule
============================================================
* Number of FSM states : 2
* Pipeline : 1
  Pipeline-0 : II = 1, D = 2, States = { 1 2 }
* Dataflow Pipeline: 0

* FSM state transitions: 
1 --> 2 
2 --> 

* FSM state operations: 

State 1 <SV = 0> <Delay = 2.83>
ST_1 : Operation 5 [1/1] (0.00ns)   --->   "%centre_direction = alloca i32 1" [../src/non_maximum_suppression.cpp:115->../src/canny_top.cpp:32]   --->   Operation 5 'alloca' 'centre_direction' <Predicate = true> <Delay = 0.00>
ST_1 : Operation 6 [1/1] (0.00ns)   --->   "%p_043_i = alloca i32 1"   --->   Operation 6 'alloca' 'p_043_i' <Predicate = true> <Delay = 0.00>
ST_1 : Operation 7 [1/1] (0.00ns)   --->   "%p_029_244_i = alloca i32 1"   --->   Operation 7 'alloca' 'p_029_244_i' <Predicate = true> <Delay = 0.00>
ST_1 : Operation 8 [1/1] (0.00ns)   --->   "%p_0434547_i = alloca i32 1"   --->   Operation 8 'alloca' 'p_0434547_i' <Predicate = true> <Delay = 0.00>
ST_1 : Operation 9 [1/1] (0.00ns)   --->   "%p_027_14149_i = alloca i32 1"   --->   Operation 9 'alloca' 'p_027_14149_i' <Predicate = true> <Delay = 0.00>
ST_1 : Operation 10 [1/1] (0.00ns)   --->   "%column_2 = alloca i32 1" [../src/non_maximum_suppression.cpp:112->../src/canny_top.cpp:32]   --->   Operation 10 'alloca' 'column_2' <Predicate = true> <Delay = 0.00>
ST_1 : Operation 11 [1/1] (0.00ns)   --->   "%centre_magnitude = alloca i32 1" [../src/non_maximum_suppression.cpp:115->../src/canny_top.cpp:32]   --->   Operation 11 'alloca' 'centre_magnitude' <Predicate = true> <Delay = 0.00>
ST_1 : Operation 12 [1/1] (0.00ns)   --->   "%p_04345_i = alloca i32 1"   --->   Operation 12 'alloca' 'p_04345_i' <Predicate = true> <Delay = 0.00>
ST_1 : Operation 13 [1/1] (0.00ns)   --->   "%p_027_246_i = alloca i32 1"   --->   Operation 13 'alloca' 'p_027_246_i' <Predicate = true> <Delay = 0.00>
ST_1 : Operation 14 [1/1] (0.00ns)   --->   "%p_0_248_i = alloca i32 1"   --->   Operation 14 'alloca' 'p_0_248_i' <Predicate = true> <Delay = 0.00>
ST_1 : Operation 15 [1/1] (0.00ns)   --->   "%p_0_150_i = alloca i32 1"   --->   Operation 15 'alloca' 'p_0_150_i' <Predicate = true> <Delay = 0.00>
ST_1 : Operation 16 [1/1] (0.00ns)   --->   "%p_1_153_i = alloca i32 1"   --->   Operation 16 'alloca' 'p_1_153_i' <Predicate = true> <Delay = 0.00>
ST_1 : Operation 17 [1/1] (0.00ns)   --->   "%select_ln14_1_read = read i2 @_ssdm_op_Read.ap_auto.i2, i2 %select_ln14_1" [../src/non_maximum_suppression.cpp:75->../src/canny_top.cpp:32]   --->   Operation 17 'read' 'select_ln14_1_read' <Predicate = true> <Delay = 0.00>
ST_1 : Operation 18 [1/1] (0.00ns)   --->   "%p_smodpost_read = read i2 @_ssdm_op_Read.ap_auto.i2, i2 %p_smodpost" [../src/non_maximum_suppression.cpp:75->../src/canny_top.cpp:32]   --->   Operation 18 'read' 'p_smodpost_read' <Predicate = true> <Delay = 0.00>
ST_1 : Operation 19 [1/1] (0.00ns)   --->   "%select_ln14_read = read i2 @_ssdm_op_Read.ap_auto.i2, i2 %select_ln14" [../src/non_maximum_suppression.cpp:75->../src/canny_top.cpp:32]   --->   Operation 19 'read' 'select_ln14_read' <Predicate = true> <Delay = 0.00>
ST_1 : Operation 20 [1/1] (0.00ns)   --->   "%outputRow_read = read i31 @_ssdm_op_Read.ap_auto.i31, i31 %outputRow" [../src/non_maximum_suppression.cpp:75->../src/canny_top.cpp:32]   --->   Operation 20 'read' 'outputRow_read' <Predicate = true> <Delay = 0.00>
ST_1 : Operation 21 [1/1] (0.00ns)   --->   "%tmp_1_read = read i2 @_ssdm_op_Read.ap_auto.i2, i2 %tmp_1" [../src/non_maximum_suppression.cpp:75->../src/canny_top.cpp:32]   --->   Operation 21 'read' 'tmp_1_read' <Predicate = true> <Delay = 0.00>
ST_1 : Operation 22 [1/1] (0.00ns)   --->   "%tmp_3_read = read i11 @_ssdm_op_Read.ap_auto.i11, i11 %tmp_3" [../src/non_maximum_suppression.cpp:75->../src/canny_top.cpp:32]   --->   Operation 22 'read' 'tmp_3_read' <Predicate = true> <Delay = 0.00>
ST_1 : Operation 23 [1/1] (0.00ns)   --->   "%tmp_2_read = read i11 @_ssdm_op_Read.ap_auto.i11, i11 %tmp_2" [../src/non_maximum_suppression.cpp:75->../src/canny_top.cpp:32]   --->   Operation 23 'read' 'tmp_2_read' <Predicate = true> <Delay = 0.00>
ST_1 : Operation 24 [1/1] (0.00ns)   --->   "%tmp_read = read i11 @_ssdm_op_Read.ap_auto.i11, i11 %tmp" [../src/non_maximum_suppression.cpp:75->../src/canny_top.cpp:32]   --->   Operation 24 'read' 'tmp_read' <Predicate = true> <Delay = 0.00>
ST_1 : Operation 25 [1/1] (0.00ns)   --->   "%tmp_6_read = read i11 @_ssdm_op_Read.ap_auto.i11, i11 %tmp_6" [../src/non_maximum_suppression.cpp:75->../src/canny_top.cpp:32]   --->   Operation 25 'read' 'tmp_6_read' <Predicate = true> <Delay = 0.00>
ST_1 : Operation 26 [1/1] (0.00ns)   --->   "%tmp_read_39 = read i11 @_ssdm_op_Read.ap_auto.i11, i11 %tmp_s" [../src/non_maximum_suppression.cpp:75->../src/canny_top.cpp:32]   --->   Operation 26 'read' 'tmp_read_39' <Predicate = true> <Delay = 0.00>
ST_1 : Operation 27 [1/1] (0.00ns)   --->   "%tmp_4_read = read i11 @_ssdm_op_Read.ap_auto.i11, i11 %tmp_4" [../src/non_maximum_suppression.cpp:75->../src/canny_top.cpp:32]   --->   Operation 27 'read' 'tmp_4_read' <Predicate = true> <Delay = 0.00>
ST_1 : Operation 28 [1/1] (0.00ns)   --->   "%tmp_5_read = read i2 @_ssdm_op_Read.ap_auto.i2, i2 %tmp_5" [../src/non_maximum_suppression.cpp:75->../src/canny_top.cpp:32]   --->   Operation 28 'read' 'tmp_5_read' <Predicate = true> <Delay = 0.00>
ST_1 : Operation 29 [1/1] (1.00ns)   --->   "%hasBottom = icmp_ult  i31 %outputRow_read, i31 511" [../src/non_maximum_suppression.cpp:75->../src/canny_top.cpp:32]   --->   Operation 29 'icmp' 'hasBottom' <Predicate = true> <Delay = 1.00> <CoreInst = "Cmp">   --->   Core 9 'Cmp' <Latency = 0> <II = 1> <Delay = 1.00> <FuncUnit> <Opcode : 'seteq' 'setne' 'setle' 'setge' 'setlt' 'setgt'> <InPorts = 2> <OutPorts = 1>
ST_1 : Operation 30 [1/1] (1.00ns)   --->   "%hasTop = icmp_ne  i31 %outputRow_read, i31 0" [../src/non_maximum_suppression.cpp:74->../src/canny_top.cpp:32]   --->   Operation 30 'icmp' 'hasTop' <Predicate = true> <Delay = 1.00> <CoreInst = "Cmp">   --->   Core 9 'Cmp' <Latency = 0> <II = 1> <Delay = 1.00> <FuncUnit> <Opcode : 'seteq' 'setne' 'setle' 'setge' 'setlt' 'setgt'> <InPorts = 2> <OutPorts = 1>
ST_1 : Operation 31 [1/1] (0.42ns)   --->   "%store_ln75 = store i2 %tmp_5_read, i2 %p_1_153_i" [../src/non_maximum_suppression.cpp:75->../src/canny_top.cpp:32]   --->   Operation 31 'store' 'store_ln75' <Predicate = true> <Delay = 0.42>
ST_1 : Operation 32 [1/1] (0.42ns)   --->   "%store_ln75 = store i11 %tmp_4_read, i11 %p_0_150_i" [../src/non_maximum_suppression.cpp:75->../src/canny_top.cpp:32]   --->   Operation 32 'store' 'store_ln75' <Predicate = true> <Delay = 0.42>
ST_1 : Operation 33 [1/1] (0.42ns)   --->   "%store_ln75 = store i11 %tmp_6_read, i11 %p_0_248_i" [../src/non_maximum_suppression.cpp:75->../src/canny_top.cpp:32]   --->   Operation 33 'store' 'store_ln75' <Predicate = true> <Delay = 0.42>
ST_1 : Operation 34 [1/1] (0.42ns)   --->   "%store_ln75 = store i11 %tmp_2_read, i11 %p_027_246_i" [../src/non_maximum_suppression.cpp:75->../src/canny_top.cpp:32]   --->   Operation 34 'store' 'store_ln75' <Predicate = true> <Delay = 0.42>
ST_1 : Operation 35 [1/1] (0.42ns)   --->   "%store_ln75 = store i11 %tmp_read, i11 %p_04345_i" [../src/non_maximum_suppression.cpp:75->../src/canny_top.cpp:32]   --->   Operation 35 'store' 'store_ln75' <Predicate = true> <Delay = 0.42>
ST_1 : Operation 36 [1/1] (0.42ns)   --->   "%store_ln115 = store i11 %tmp_read_39, i11 %centre_magnitude" [../src/non_maximum_suppression.cpp:115->../src/canny_top.cpp:32]   --->   Operation 36 'store' 'store_ln115' <Predicate = true> <Delay = 0.42>
ST_1 : Operation 37 [1/1] (0.42ns)   --->   "%store_ln112 = store i10 0, i10 %column_2" [../src/non_maximum_suppression.cpp:112->../src/canny_top.cpp:32]   --->   Operation 37 'store' 'store_ln112' <Predicate = true> <Delay = 0.42>
ST_1 : Operation 38 [1/1] (0.42ns)   --->   "%store_ln75 = store i11 %tmp_read_39, i11 %p_027_14149_i" [../src/non_maximum_suppression.cpp:75->../src/canny_top.cpp:32]   --->   Operation 38 'store' 'store_ln75' <Predicate = true> <Delay = 0.42>
ST_1 : Operation 39 [1/1] (0.42ns)   --->   "%store_ln75 = store i11 %tmp_read, i11 %p_0434547_i" [../src/non_maximum_suppression.cpp:75->../src/canny_top.cpp:32]   --->   Operation 39 'store' 'store_ln75' <Predicate = true> <Delay = 0.42>
ST_1 : Operation 40 [1/1] (0.42ns)   --->   "%store_ln75 = store i11 %tmp_2_read, i11 %p_029_244_i" [../src/non_maximum_suppression.cpp:75->../src/canny_top.cpp:32]   --->   Operation 40 'store' 'store_ln75' <Predicate = true> <Delay = 0.42>
ST_1 : Operation 41 [1/1] (0.42ns)   --->   "%store_ln75 = store i11 %tmp_3_read, i11 %p_043_i" [../src/non_maximum_suppression.cpp:75->../src/canny_top.cpp:32]   --->   Operation 41 'store' 'store_ln75' <Predicate = true> <Delay = 0.42>
ST_1 : Operation 42 [1/1] (0.42ns)   --->   "%store_ln115 = store i2 %tmp_1_read, i2 %centre_direction" [../src/non_maximum_suppression.cpp:115->../src/canny_top.cpp:32]   --->   Operation 42 'store' 'store_ln115' <Predicate = true> <Delay = 0.42>
ST_1 : Operation 43 [1/1] (0.00ns)   --->   "%br_ln0 = br void %for.body49.i"   --->   Operation 43 'br' 'br_ln0' <Predicate = true> <Delay = 0.00>
ST_1 : Operation 44 [1/1] (0.00ns)   --->   "%column = load i10 %column_2" [../src/non_maximum_suppression.cpp:112->../src/canny_top.cpp:32]   --->   Operation 44 'load' 'column' <Predicate = true> <Delay = 0.00>
ST_1 : Operation 45 [1/1] (0.78ns)   --->   "%icmp_ln112 = icmp_eq  i10 %column, i10 512" [../src/non_maximum_suppression.cpp:112->../src/canny_top.cpp:32]   --->   Operation 45 'icmp' 'icmp_ln112' <Predicate = true> <Delay = 0.78> <CoreInst = "Cmp">   --->   Core 9 'Cmp' <Latency = 0> <II = 1> <Delay = 0.78> <FuncUnit> <Opcode : 'seteq' 'setne' 'setle' 'setge' 'setlt' 'setgt'> <InPorts = 2> <OutPorts = 1>
ST_1 : Operation 46 [1/1] (0.78ns)   --->   "%add_ln112 = add i10 %column, i10 1" [../src/non_maximum_suppression.cpp:112->../src/canny_top.cpp:32]   --->   Operation 46 'add' 'add_ln112' <Predicate = true> <Delay = 0.78> <CoreInst = "Adder">   --->   Core 1 'Adder' <Latency = 0> <II = 1> <Delay = 0.78> <FuncUnit> <Opcode : 'add' 'sub'> <InPorts = 2> <OutPorts = 1>
ST_1 : Operation 47 [1/1] (0.00ns)   --->   "%br_ln112 = br i1 %icmp_ln112, void %for.body49.split.i, void %_Z23non_maximum_suppressionPK13GradientPixelPtbPb.3.exit.loopexit.exitStub" [../src/non_maximum_suppression.cpp:112->../src/canny_top.cpp:32]   --->   Operation 47 'br' 'br_ln112' <Predicate = true> <Delay = 0.00>
ST_1 : Operation 48 [1/1] (0.78ns)   --->   "%hasLeft = icmp_ne  i10 %column, i10 0" [../src/non_maximum_suppression.cpp:117->../src/canny_top.cpp:32]   --->   Operation 48 'icmp' 'hasLeft' <Predicate = (!icmp_ln112)> <Delay = 0.78> <CoreInst = "Cmp">   --->   Core 9 'Cmp' <Latency = 0> <II = 1> <Delay = 0.78> <FuncUnit> <Opcode : 'seteq' 'setne' 'setle' 'setge' 'setlt' 'setgt'> <InPorts = 2> <OutPorts = 1>
ST_1 : Operation 49 [1/1] (0.78ns)   --->   "%hasRight = icmp_ult  i10 %column, i10 511" [../src/non_maximum_suppression.cpp:118->../src/canny_top.cpp:32]   --->   Operation 49 'icmp' 'hasRight' <Predicate = (!icmp_ln112)> <Delay = 0.78> <CoreInst = "Cmp">   --->   Core 9 'Cmp' <Latency = 0> <II = 1> <Delay = 0.78> <FuncUnit> <Opcode : 'seteq' 'setne' 'setle' 'setge' 'setlt' 'setgt'> <InPorts = 2> <OutPorts = 1>
ST_1 : Operation 50 [1/1] (0.00ns)   --->   "%trunc_ln167 = trunc i10 %column" [../src/non_maximum_suppression.cpp:167->../src/canny_top.cpp:32]   --->   Operation 50 'trunc' 'trunc_ln167' <Predicate = (!icmp_ln112)> <Delay = 0.00>
ST_1 : Operation 51 [1/1] (0.00ns)   --->   "%zext_ln167 = zext i9 %trunc_ln167" [../src/non_maximum_suppression.cpp:167->../src/canny_top.cpp:32]   --->   Operation 51 'zext' 'zext_ln167' <Predicate = (!icmp_ln112)> <Delay = 0.00>
ST_1 : Operation 52 [1/1] (0.77ns)   --->   "%add_ln167 = add i10 %zext_ln167, i10 2" [../src/non_maximum_suppression.cpp:167->../src/canny_top.cpp:32]   --->   Operation 52 'add' 'add_ln167' <Predicate = (!icmp_ln112)> <Delay = 0.77> <CoreInst = "Adder">   --->   Core 1 'Adder' <Latency = 0> <II = 1> <Delay = 0.77> <FuncUnit> <Opcode : 'add' 'sub'> <InPorts = 2> <OutPorts = 1>
ST_1 : Operation 53 [1/1] (0.00ns)   --->   "%trunc_ln17 = trunc i10 %add_ln167" [../src/non_maximum_suppression.cpp:17->../src/non_maximum_suppression.cpp:167->../src/canny_top.cpp:32]   --->   Operation 53 'trunc' 'trunc_ln17' <Predicate = (!icmp_ln112)> <Delay = 0.00>
ST_1 : Operation 54 [1/1] (0.00ns)   --->   "%tmp_22 = bitselect i1 @_ssdm_op_BitSelect.i1.i10.i32, i10 %add_ln167, i32 9" [../src/non_maximum_suppression.cpp:20->../src/non_maximum_suppression.cpp:167->../src/canny_top.cpp:32]   --->   Operation 54 'bitselect' 'tmp_22' <Predicate = (!icmp_ln112)> <Delay = 0.00>
ST_1 : Operation 55 [1/1] (0.39ns)   --->   "%nextColumn = select i1 %tmp_22, i9 511, i9 %trunc_ln17" [../src/non_maximum_suppression.cpp:18->../src/non_maximum_suppression.cpp:167->../src/canny_top.cpp:32]   --->   Operation 55 'select' 'nextColumn' <Predicate = (!icmp_ln112)> <Delay = 0.39> <CoreInst = "Sel">   --->   Core 73 'Sel' <Latency = 0> <II = 1> <Delay = 0.39> <FuncUnit> <Opcode : 'select'> <InPorts = 3> <OutPorts = 1>
ST_1 : Operation 56 [1/1] (0.00ns)   --->   "%zext_ln174 = zext i9 %nextColumn" [../src/non_maximum_suppression.cpp:174->../src/canny_top.cpp:32]   --->   Operation 56 'zext' 'zext_ln174' <Predicate = (!icmp_ln112)> <Delay = 0.00>
ST_1 : Operation 57 [1/1] (0.00ns)   --->   "%p_anonymous_namespace_lineBuffer_magnitude_0_addr = getelementptr i11 %p_anonymous_namespace_lineBuffer_magnitude_0, i64 0, i64 %zext_ln174" [../src/non_maximum_suppression.cpp:174->../src/canny_top.cpp:32]   --->   Operation 57 'getelementptr' 'p_anonymous_namespace_lineBuffer_magnitude_0_addr' <Predicate = (!icmp_ln112)> <Delay = 0.00>
ST_1 : Operation 58 [1/1] (0.00ns)   --->   "%p_anonymous_namespace_lineBuffer_direction_0_addr = getelementptr i2 %p_anonymous_namespace_lineBuffer_direction_0, i64 0, i64 %zext_ln174" [../src/non_maximum_suppression.cpp:174->../src/canny_top.cpp:32]   --->   Operation 58 'getelementptr' 'p_anonymous_namespace_lineBuffer_direction_0_addr' <Predicate = (!icmp_ln112 & p_smodpost_read == 1)> <Delay = 0.00>
ST_1 : Operation 59 [2/2] (1.23ns)   --->   "%banked_magnitude = load i9 %p_anonymous_namespace_lineBuffer_magnitude_0_addr" [../src/non_maximum_suppression.cpp:174->../src/canny_top.cpp:32]   --->   Operation 59 'load' 'banked_magnitude' <Predicate = (!icmp_ln112)> <Delay = 1.23> <CoreInst = "RAM">   --->   Core 82 'RAM' <Latency = 1> <II = 1> <Delay = 1.23> <Storage> <Opcode : 'load' 'store'> <Ports = 2> <Width = 11> <Depth = 512> <RAM>
ST_1 : Operation 60 [2/2] (1.23ns)   --->   "%banked_direction = load i9 %p_anonymous_namespace_lineBuffer_direction_0_addr" [../src/non_maximum_suppression.cpp:174->../src/canny_top.cpp:32]   --->   Operation 60 'load' 'banked_direction' <Predicate = (!icmp_ln112 & p_smodpost_read == 1)> <Delay = 1.23> <CoreInst = "RAM">   --->   Core 82 'RAM' <Latency = 1> <II = 1> <Delay = 1.23> <Storage> <Opcode : 'load' 'store'> <Ports = 2> <Width = 2> <Depth = 512> <RAM>
ST_1 : Operation 61 [1/1] (0.00ns)   --->   "%p_anonymous_namespace_lineBuffer_magnitude_1_addr = getelementptr i11 %p_anonymous_namespace_lineBuffer_magnitude_1, i64 0, i64 %zext_ln174" [../src/non_maximum_suppression.cpp:174->../src/canny_top.cpp:32]   --->   Operation 61 'getelementptr' 'p_anonymous_namespace_lineBuffer_magnitude_1_addr' <Predicate = (!icmp_ln112)> <Delay = 0.00>
ST_1 : Operation 62 [1/1] (0.00ns)   --->   "%p_anonymous_namespace_lineBuffer_direction_1_addr = getelementptr i2 %p_anonymous_namespace_lineBuffer_direction_1, i64 0, i64 %zext_ln174" [../src/non_maximum_suppression.cpp:174->../src/canny_top.cpp:32]   --->   Operation 62 'getelementptr' 'p_anonymous_namespace_lineBuffer_direction_1_addr' <Predicate = (!icmp_ln112 & p_smodpost_read == 2)> <Delay = 0.00>
ST_1 : Operation 63 [1/1] (0.00ns)   --->   "%p_anonymous_namespace_lineBuffer_magnitude_2_addr = getelementptr i11 %p_anonymous_namespace_lineBuffer_magnitude_2, i64 0, i64 %zext_ln174" [../src/non_maximum_suppression.cpp:174->../src/canny_top.cpp:32]   --->   Operation 63 'getelementptr' 'p_anonymous_namespace_lineBuffer_magnitude_2_addr' <Predicate = (!icmp_ln112)> <Delay = 0.00>
ST_1 : Operation 64 [1/1] (0.00ns)   --->   "%p_anonymous_namespace_lineBuffer_direction_2_addr = getelementptr i2 %p_anonymous_namespace_lineBuffer_direction_2, i64 0, i64 %zext_ln174" [../src/non_maximum_suppression.cpp:174->../src/canny_top.cpp:32]   --->   Operation 64 'getelementptr' 'p_anonymous_namespace_lineBuffer_direction_2_addr' <Predicate = (!icmp_ln112 & p_smodpost_read == 0)> <Delay = 0.00>
ST_1 : Operation 65 [2/2] (1.23ns)   --->   "%banked_magnitude_1 = load i9 %p_anonymous_namespace_lineBuffer_magnitude_1_addr" [../src/non_maximum_suppression.cpp:174->../src/canny_top.cpp:32]   --->   Operation 65 'load' 'banked_magnitude_1' <Predicate = (!icmp_ln112)> <Delay = 1.23> <CoreInst = "RAM">   --->   Core 82 'RAM' <Latency = 1> <II = 1> <Delay = 1.23> <Storage> <Opcode : 'load' 'store'> <Ports = 2> <Width = 11> <Depth = 512> <RAM>
ST_1 : Operation 66 [2/2] (1.23ns)   --->   "%banked_magnitude_2 = load i9 %p_anonymous_namespace_lineBuffer_magnitude_2_addr" [../src/non_maximum_suppression.cpp:174->../src/canny_top.cpp:32]   --->   Operation 66 'load' 'banked_magnitude_2' <Predicate = (!icmp_ln112)> <Delay = 1.23> <CoreInst = "RAM">   --->   Core 82 'RAM' <Latency = 1> <II = 1> <Delay = 1.23> <Storage> <Opcode : 'load' 'store'> <Ports = 2> <Width = 11> <Depth = 512> <RAM>
ST_1 : Operation 67 [2/2] (1.23ns)   --->   "%banked_direction_1 = load i9 %p_anonymous_namespace_lineBuffer_direction_1_addr" [../src/non_maximum_suppression.cpp:174->../src/canny_top.cpp:32]   --->   Operation 67 'load' 'banked_direction_1' <Predicate = (!icmp_ln112 & p_smodpost_read == 2)> <Delay = 1.23> <CoreInst = "RAM">   --->   Core 82 'RAM' <Latency = 1> <II = 1> <Delay = 1.23> <Storage> <Opcode : 'load' 'store'> <Ports = 2> <Width = 2> <Depth = 512> <RAM>
ST_1 : Operation 68 [2/2] (1.23ns)   --->   "%banked_direction_2 = load i9 %p_anonymous_namespace_lineBuffer_direction_2_addr" [../src/non_maximum_suppression.cpp:174->../src/canny_top.cpp:32]   --->   Operation 68 'load' 'banked_direction_2' <Predicate = (!icmp_ln112 & p_smodpost_read == 0)> <Delay = 1.23> <CoreInst = "RAM">   --->   Core 82 'RAM' <Latency = 1> <II = 1> <Delay = 1.23> <Storage> <Opcode : 'load' 'store'> <Ports = 2> <Width = 2> <Depth = 512> <RAM>
ST_1 : Operation 69 [1/1] (0.42ns)   --->   "%store_ln112 = store i10 %add_ln112, i10 %column_2" [../src/non_maximum_suppression.cpp:112->../src/canny_top.cpp:32]   --->   Operation 69 'store' 'store_ln112' <Predicate = (!icmp_ln112)> <Delay = 0.42>

State 2 <SV = 1> <Delay = 3.49>
ST_2 : Operation 70 [1/1] (0.00ns)   --->   "%centre_magnitude_1 = load i11 %centre_magnitude" [../src/non_maximum_suppression.cpp:159->../src/canny_top.cpp:32]   --->   Operation 70 'load' 'centre_magnitude_1' <Predicate = true> <Delay = 0.00>
ST_2 : Operation 71 [1/1] (0.00ns)   --->   "%p_04345_i_load = load i11 %p_04345_i"   --->   Operation 71 'load' 'p_04345_i_load' <Predicate = true> <Delay = 0.00>
ST_2 : Operation 72 [1/1] (0.00ns)   --->   "%p_027_246_i_load = load i11 %p_027_246_i"   --->   Operation 72 'load' 'p_027_246_i_load' <Predicate = true> <Delay = 0.00>
ST_2 : Operation 73 [1/1] (0.00ns)   --->   "%p_0_248_i_load = load i11 %p_0_248_i"   --->   Operation 73 'load' 'p_0_248_i_load' <Predicate = true> <Delay = 0.00>
ST_2 : Operation 74 [1/1] (0.00ns)   --->   "%p_0_150_i_load = load i11 %p_0_150_i"   --->   Operation 74 'load' 'p_0_150_i_load' <Predicate = true> <Delay = 0.00>
ST_2 : Operation 75 [1/1] (0.00ns)   --->   "%p_1_153_i_load = load i2 %p_1_153_i"   --->   Operation 75 'load' 'p_1_153_i_load' <Predicate = true> <Delay = 0.00>
ST_2 : Operation 76 [1/1] (0.00ns)   --->   "%centre_direction_load = load i2 %centre_direction" [../src/non_maximum_suppression.cpp:123->../src/canny_top.cpp:32]   --->   Operation 76 'load' 'centre_direction_load' <Predicate = (!icmp_ln112)> <Delay = 0.00>
ST_2 : Operation 77 [1/1] (0.00ns)   --->   "%zext_ln112 = zext i10 %column" [../src/non_maximum_suppression.cpp:112->../src/canny_top.cpp:32]   --->   Operation 77 'zext' 'zext_ln112' <Predicate = (!icmp_ln112)> <Delay = 0.00>
ST_2 : Operation 78 [1/1] (0.00ns)   --->   "%specpipeline_ln113 = specpipeline void @_ssdm_op_SpecPipeline, i32 1, i32 0, i32 0, i32 0, i32 4294967295, void @empty_14" [../src/non_maximum_suppression.cpp:113->../src/canny_top.cpp:32]   --->   Operation 78 'specpipeline' 'specpipeline_ln113' <Predicate = (!icmp_ln112)> <Delay = 0.00>
ST_2 : Operation 79 [1/1] (0.00ns)   --->   "%speclooptripcount_ln112 = speclooptripcount void @_ssdm_op_SpecLoopTripCount, i64 512, i64 512, i64 512" [../src/non_maximum_suppression.cpp:112->../src/canny_top.cpp:32]   --->   Operation 79 'speclooptripcount' 'speclooptripcount_ln112' <Predicate = (!icmp_ln112)> <Delay = 0.00>
ST_2 : Operation 80 [1/1] (0.00ns)   --->   "%specloopname_ln112 = specloopname void @_ssdm_op_SpecLoopName, void @empty_2" [../src/non_maximum_suppression.cpp:112->../src/canny_top.cpp:32]   --->   Operation 80 'specloopname' 'specloopname_ln112' <Predicate = (!icmp_ln112)> <Delay = 0.00>
ST_2 : Operation 81 [1/1] (0.54ns)   --->   "%switch_ln123 = switch i2 %centre_direction_load, void %sw.bb.i, i2 3, void %sw.bb105.i, i2 1, void %sw.bb66.i, i2 2, void %sw.bb86.i" [../src/non_maximum_suppression.cpp:123->../src/canny_top.cpp:32]   --->   Operation 81 'switch' 'switch_ln123' <Predicate = (!icmp_ln112)> <Delay = 0.54>
ST_2 : Operation 82 [1/1] (0.38ns)   --->   "%neighbourOne_3 = select i1 %hasTop, i11 %p_04345_i_load, i11 0" [../src/non_maximum_suppression.cpp:141->../src/canny_top.cpp:32]   --->   Operation 82 'select' 'neighbourOne_3' <Predicate = (!icmp_ln112 & centre_direction_load == 2)> <Delay = 0.38> <CoreInst = "Sel">   --->   Core 73 'Sel' <Latency = 0> <II = 1> <Delay = 0.38> <FuncUnit> <Opcode : 'select'> <InPorts = 3> <OutPorts = 1>
ST_2 : Operation 83 [1/1] (0.38ns)   --->   "%neighbourTwo_3 = select i1 %hasBottom, i11 %p_027_246_i_load, i11 0" [../src/non_maximum_suppression.cpp:144->../src/canny_top.cpp:32]   --->   Operation 83 'select' 'neighbourTwo_3' <Predicate = (!icmp_ln112 & centre_direction_load == 2)> <Delay = 0.38> <CoreInst = "Sel">   --->   Core 73 'Sel' <Latency = 0> <II = 1> <Delay = 0.38> <FuncUnit> <Opcode : 'select'> <InPorts = 3> <OutPorts = 1>
ST_2 : Operation 84 [1/1] (0.52ns)   --->   "%br_ln146 = br void %sw.epilog.i" [../src/non_maximum_suppression.cpp:146->../src/canny_top.cpp:32]   --->   Operation 84 'br' 'br_ln146' <Predicate = (!icmp_ln112 & centre_direction_load == 2)> <Delay = 0.52>
ST_2 : Operation 85 [1/1] (0.00ns)   --->   "%p_0434547_i_load = load i11 %p_0434547_i" [../src/non_maximum_suppression.cpp:133->../src/canny_top.cpp:32]   --->   Operation 85 'load' 'p_0434547_i_load' <Predicate = (!icmp_ln112 & centre_direction_load == 1)> <Delay = 0.00>
ST_2 : Operation 86 [1/1] (0.00ns) (grouped into LUT with out node neighbourOne_2)   --->   "%and_ln133 = and i1 %hasTop, i1 %hasLeft" [../src/non_maximum_suppression.cpp:133->../src/canny_top.cpp:32]   --->   Operation 86 'and' 'and_ln133' <Predicate = (!icmp_ln112 & centre_direction_load == 1)> <Delay = 0.00> <CoreInst = "LogicGate">   --->   Core 74 'LogicGate' <Latency = 0> <II = 1> <Delay = 0.28> <FuncUnit> <Opcode : 'and' 'or' 'xor'> <InPorts = 2> <OutPorts = 1>
ST_2 : Operation 87 [1/1] (0.38ns) (out node of the LUT)   --->   "%neighbourOne_2 = select i1 %and_ln133, i11 %p_0434547_i_load, i11 0" [../src/non_maximum_suppression.cpp:133->../src/canny_top.cpp:32]   --->   Operation 87 'select' 'neighbourOne_2' <Predicate = (!icmp_ln112 & centre_direction_load == 1)> <Delay = 0.38> <CoreInst = "Sel">   --->   Core 73 'Sel' <Latency = 0> <II = 1> <Delay = 0.38> <FuncUnit> <Opcode : 'select'> <InPorts = 3> <OutPorts = 1>
ST_2 : Operation 88 [1/1] (0.00ns) (grouped into LUT with out node neighbourTwo_2)   --->   "%and_ln136 = and i1 %hasBottom, i1 %hasRight" [../src/non_maximum_suppression.cpp:136->../src/canny_top.cpp:32]   --->   Operation 88 'and' 'and_ln136' <Predicate = (!icmp_ln112 & centre_direction_load == 1)> <Delay = 0.00> <CoreInst = "LogicGate">   --->   Core 74 'LogicGate' <Latency = 0> <II = 1> <Delay = 0.28> <FuncUnit> <Opcode : 'and' 'or' 'xor'> <InPorts = 2> <OutPorts = 1>
ST_2 : Operation 89 [1/1] (0.38ns) (out node of the LUT)   --->   "%neighbourTwo_2 = select i1 %and_ln136, i11 %p_0_248_i_load, i11 0" [../src/non_maximum_suppression.cpp:136->../src/canny_top.cpp:32]   --->   Operation 89 'select' 'neighbourTwo_2' <Predicate = (!icmp_ln112 & centre_direction_load == 1)> <Delay = 0.38> <CoreInst = "Sel">   --->   Core 73 'Sel' <Latency = 0> <II = 1> <Delay = 0.38> <FuncUnit> <Opcode : 'select'> <InPorts = 3> <OutPorts = 1>
ST_2 : Operation 90 [1/1] (0.52ns)   --->   "%br_ln138 = br void %sw.epilog.i" [../src/non_maximum_suppression.cpp:138->../src/canny_top.cpp:32]   --->   Operation 90 'br' 'br_ln138' <Predicate = (!icmp_ln112 & centre_direction_load == 1)> <Delay = 0.52>
ST_2 : Operation 91 [1/1] (0.00ns)   --->   "%p_043_i_load_1 = load i11 %p_043_i" [../src/non_maximum_suppression.cpp:149->../src/canny_top.cpp:32]   --->   Operation 91 'load' 'p_043_i_load_1' <Predicate = (!icmp_ln112 & centre_direction_load == 3)> <Delay = 0.00>
ST_2 : Operation 92 [1/1] (0.00ns)   --->   "%p_029_244_i_load = load i11 %p_029_244_i" [../src/non_maximum_suppression.cpp:152->../src/canny_top.cpp:32]   --->   Operation 92 'load' 'p_029_244_i_load' <Predicate = (!icmp_ln112 & centre_direction_load == 3)> <Delay = 0.00>
ST_2 : Operation 93 [1/1] (0.00ns) (grouped into LUT with out node neighbourOne_1)   --->   "%and_ln149 = and i1 %hasTop, i1 %hasRight" [../src/non_maximum_suppression.cpp:149->../src/canny_top.cpp:32]   --->   Operation 93 'and' 'and_ln149' <Predicate = (!icmp_ln112 & centre_direction_load == 3)> <Delay = 0.00> <CoreInst = "LogicGate">   --->   Core 74 'LogicGate' <Latency = 0> <II = 1> <Delay = 0.28> <FuncUnit> <Opcode : 'and' 'or' 'xor'> <InPorts = 2> <OutPorts = 1>
ST_2 : Operation 94 [1/1] (0.38ns) (out node of the LUT)   --->   "%neighbourOne_1 = select i1 %and_ln149, i11 %p_043_i_load_1, i11 0" [../src/non_maximum_suppression.cpp:149->../src/canny_top.cpp:32]   --->   Operation 94 'select' 'neighbourOne_1' <Predicate = (!icmp_ln112 & centre_direction_load == 3)> <Delay = 0.38> <CoreInst = "Sel">   --->   Core 73 'Sel' <Latency = 0> <II = 1> <Delay = 0.38> <FuncUnit> <Opcode : 'select'> <InPorts = 3> <OutPorts = 1>
ST_2 : Operation 95 [1/1] (0.00ns) (grouped into LUT with out node neighbourTwo_1)   --->   "%and_ln152 = and i1 %hasBottom, i1 %hasLeft" [../src/non_maximum_suppression.cpp:152->../src/canny_top.cpp:32]   --->   Operation 95 'and' 'and_ln152' <Predicate = (!icmp_ln112 & centre_direction_load == 3)> <Delay = 0.00> <CoreInst = "LogicGate">   --->   Core 74 'LogicGate' <Latency = 0> <II = 1> <Delay = 0.28> <FuncUnit> <Opcode : 'and' 'or' 'xor'> <InPorts = 2> <OutPorts = 1>
ST_2 : Operation 96 [1/1] (0.38ns) (out node of the LUT)   --->   "%neighbourTwo_1 = select i1 %and_ln152, i11 %p_029_244_i_load, i11 0" [../src/non_maximum_suppression.cpp:152->../src/canny_top.cpp:32]   --->   Operation 96 'select' 'neighbourTwo_1' <Predicate = (!icmp_ln112 & centre_direction_load == 3)> <Delay = 0.38> <CoreInst = "Sel">   --->   Core 73 'Sel' <Latency = 0> <II = 1> <Delay = 0.38> <FuncUnit> <Opcode : 'select'> <InPorts = 3> <OutPorts = 1>
ST_2 : Operation 97 [1/1] (0.52ns)   --->   "%br_ln154 = br void %sw.epilog.i" [../src/non_maximum_suppression.cpp:154->../src/canny_top.cpp:32]   --->   Operation 97 'br' 'br_ln154' <Predicate = (!icmp_ln112 & centre_direction_load == 3)> <Delay = 0.52>
ST_2 : Operation 98 [1/1] (0.00ns)   --->   "%p_027_14149_i_load = load i11 %p_027_14149_i" [../src/non_maximum_suppression.cpp:125->../src/canny_top.cpp:32]   --->   Operation 98 'load' 'p_027_14149_i_load' <Predicate = (!icmp_ln112 & centre_direction_load == 0 & hasLeft)> <Delay = 0.00>
ST_2 : Operation 99 [1/1] (0.38ns)   --->   "%neighbourOne = select i1 %hasLeft, i11 %p_027_14149_i_load, i11 0" [../src/non_maximum_suppression.cpp:125->../src/canny_top.cpp:32]   --->   Operation 99 'select' 'neighbourOne' <Predicate = (!icmp_ln112 & centre_direction_load == 0)> <Delay = 0.38> <CoreInst = "Sel">   --->   Core 73 'Sel' <Latency = 0> <II = 1> <Delay = 0.38> <FuncUnit> <Opcode : 'select'> <InPorts = 3> <OutPorts = 1>
ST_2 : Operation 100 [1/1] (0.38ns)   --->   "%neighbourTwo = select i1 %hasRight, i11 %p_0_150_i_load, i11 0" [../src/non_maximum_suppression.cpp:128->../src/canny_top.cpp:32]   --->   Operation 100 'select' 'neighbourTwo' <Predicate = (!icmp_ln112 & centre_direction_load == 0)> <Delay = 0.38> <CoreInst = "Sel">   --->   Core 73 'Sel' <Latency = 0> <II = 1> <Delay = 0.38> <FuncUnit> <Opcode : 'select'> <InPorts = 3> <OutPorts = 1>
ST_2 : Operation 101 [1/1] (0.52ns)   --->   "%br_ln130 = br void %sw.epilog.i" [../src/non_maximum_suppression.cpp:130->../src/canny_top.cpp:32]   --->   Operation 101 'br' 'br_ln130' <Predicate = (!icmp_ln112 & centre_direction_load == 0)> <Delay = 0.52>
ST_2 : Operation 102 [1/1] (0.00ns)   --->   "%neighbourOne_4 = phi i11 %neighbourOne_1, void %sw.bb105.i, i11 %neighbourOne_3, void %sw.bb86.i, i11 %neighbourOne_2, void %sw.bb66.i, i11 %neighbourOne, void %sw.bb.i"   --->   Operation 102 'phi' 'neighbourOne_4' <Predicate = (!icmp_ln112)> <Delay = 0.00>
ST_2 : Operation 103 [1/1] (0.00ns)   --->   "%neighbourTwo_4 = phi i11 %neighbourTwo_1, void %sw.bb105.i, i11 %neighbourTwo_3, void %sw.bb86.i, i11 %neighbourTwo_2, void %sw.bb66.i, i11 %neighbourTwo, void %sw.bb.i"   --->   Operation 103 'phi' 'neighbourTwo_4' <Predicate = (!icmp_ln112)> <Delay = 0.00>
ST_2 : Operation 104 [1/1] (0.00ns)   --->   "%p_043_i_load = load i11 %p_043_i"   --->   Operation 104 'load' 'p_043_i_load' <Predicate = (!icmp_ln112)> <Delay = 0.00>
ST_2 : Operation 105 [1/1] (0.79ns)   --->   "%icmp_ln158 = icmp_ult  i11 %centre_magnitude_1, i11 %neighbourOne_4" [../src/non_maximum_suppression.cpp:158->../src/canny_top.cpp:32]   --->   Operation 105 'icmp' 'icmp_ln158' <Predicate = (!icmp_ln112)> <Delay = 0.79> <CoreInst = "Cmp">   --->   Core 9 'Cmp' <Latency = 0> <II = 1> <Delay = 0.79> <FuncUnit> <Opcode : 'seteq' 'setne' 'setle' 'setge' 'setlt' 'setgt'> <InPorts = 2> <OutPorts = 1>
ST_2 : Operation 106 [1/1] (0.00ns) (grouped into LUT with out node select_ln158)   --->   "%xor_ln158 = xor i1 %icmp_ln158, i1 1" [../src/non_maximum_suppression.cpp:158->../src/canny_top.cpp:32]   --->   Operation 106 'xor' 'xor_ln158' <Predicate = (!icmp_ln112)> <Delay = 0.00> <CoreInst = "LogicGate">   --->   Core 74 'LogicGate' <Latency = 0> <II = 1> <Delay = 0.28> <FuncUnit> <Opcode : 'and' 'or' 'xor'> <InPorts = 2> <OutPorts = 1>
ST_2 : Operation 107 [1/1] (0.79ns)   --->   "%icmp_ln159 = icmp_ult  i11 %centre_magnitude_1, i11 %neighbourTwo_4" [../src/non_maximum_suppression.cpp:159->../src/canny_top.cpp:32]   --->   Operation 107 'icmp' 'icmp_ln159' <Predicate = (!icmp_ln112)> <Delay = 0.79> <CoreInst = "Cmp">   --->   Core 9 'Cmp' <Latency = 0> <II = 1> <Delay = 0.79> <FuncUnit> <Opcode : 'seteq' 'setne' 'setle' 'setge' 'setlt' 'setgt'> <InPorts = 2> <OutPorts = 1>
ST_2 : Operation 108 [1/1] (0.00ns) (grouped into LUT with out node select_ln158)   --->   "%xor_ln159 = xor i1 %icmp_ln159, i1 1" [../src/non_maximum_suppression.cpp:159->../src/canny_top.cpp:32]   --->   Operation 108 'xor' 'xor_ln159' <Predicate = (!icmp_ln112)> <Delay = 0.00> <CoreInst = "LogicGate">   --->   Core 74 'LogicGate' <Latency = 0> <II = 1> <Delay = 0.28> <FuncUnit> <Opcode : 'and' 'or' 'xor'> <InPorts = 2> <OutPorts = 1>
ST_2 : Operation 109 [1/1] (0.00ns) (grouped into LUT with out node select_ln158)   --->   "%and_ln158 = and i1 %xor_ln158, i1 %xor_ln159" [../src/non_maximum_suppression.cpp:158->../src/canny_top.cpp:32]   --->   Operation 109 'and' 'and_ln158' <Predicate = (!icmp_ln112)> <Delay = 0.00> <CoreInst = "LogicGate">   --->   Core 74 'LogicGate' <Latency = 0> <II = 1> <Delay = 0.28> <FuncUnit> <Opcode : 'and' 'or' 'xor'> <InPorts = 2> <OutPorts = 1>
ST_2 : Operation 110 [1/1] (0.00ns)   --->   "%out_nonmax_addr = getelementptr i11 %out_nonmax, i64 0, i64 %zext_ln112" [../src/non_maximum_suppression.cpp:164->../src/canny_top.cpp:32]   --->   Operation 110 'getelementptr' 'out_nonmax_addr' <Predicate = (!icmp_ln112)> <Delay = 0.00>
ST_2 : Operation 111 [1/1] (0.38ns) (out node of the LUT)   --->   "%select_ln158 = select i1 %and_ln158, i11 %centre_magnitude_1, i11 0" [../src/non_maximum_suppression.cpp:158->../src/canny_top.cpp:32]   --->   Operation 111 'select' 'select_ln158' <Predicate = (!icmp_ln112)> <Delay = 0.38> <CoreInst = "Sel">   --->   Core 73 'Sel' <Latency = 0> <II = 1> <Delay = 0.38> <FuncUnit> <Opcode : 'select'> <InPorts = 3> <OutPorts = 1>
ST_2 : Operation 112 [1/1] ( I:1.23ns O:1.23ns )   --->   "%store_ln158 = store i11 %select_ln158, i9 %out_nonmax_addr" [../src/non_maximum_suppression.cpp:158->../src/canny_top.cpp:32]   --->   Operation 112 'store' 'store_ln158' <Predicate = (!icmp_ln112)> <Delay = 1.23> <CoreInst = "RAM">   --->   Core 82 'RAM' <Latency = 1> <II = 1> <Delay = 1.23> <Storage> <Opcode : 'load' 'store'> <Ports = 2> <Width = 11> <Depth = 512> <RAM>
ST_2 : Operation 113 [1/2] ( I:1.23ns O:1.23ns )   --->   "%banked_magnitude = load i9 %p_anonymous_namespace_lineBuffer_magnitude_0_addr" [../src/non_maximum_suppression.cpp:174->../src/canny_top.cpp:32]   --->   Operation 113 'load' 'banked_magnitude' <Predicate = (!icmp_ln112)> <Delay = 1.23> <CoreInst = "RAM">   --->   Core 82 'RAM' <Latency = 1> <II = 1> <Delay = 1.23> <Storage> <Opcode : 'load' 'store'> <Ports = 2> <Width = 11> <Depth = 512> <RAM>
ST_2 : Operation 114 [1/2] ( I:1.23ns O:1.23ns )   --->   "%banked_direction = load i9 %p_anonymous_namespace_lineBuffer_direction_0_addr" [../src/non_maximum_suppression.cpp:174->../src/canny_top.cpp:32]   --->   Operation 114 'load' 'banked_direction' <Predicate = (!icmp_ln112 & p_smodpost_read == 1)> <Delay = 1.23> <CoreInst = "RAM">   --->   Core 82 'RAM' <Latency = 1> <II = 1> <Delay = 1.23> <Storage> <Opcode : 'load' 'store'> <Ports = 2> <Width = 2> <Depth = 512> <RAM>
ST_2 : Operation 115 [1/2] ( I:1.23ns O:1.23ns )   --->   "%banked_magnitude_1 = load i9 %p_anonymous_namespace_lineBuffer_magnitude_1_addr" [../src/non_maximum_suppression.cpp:174->../src/canny_top.cpp:32]   --->   Operation 115 'load' 'banked_magnitude_1' <Predicate = (!icmp_ln112)> <Delay = 1.23> <CoreInst = "RAM">   --->   Core 82 'RAM' <Latency = 1> <II = 1> <Delay = 1.23> <Storage> <Opcode : 'load' 'store'> <Ports = 2> <Width = 11> <Depth = 512> <RAM>
ST_2 : Operation 116 [1/2] ( I:1.23ns O:1.23ns )   --->   "%banked_magnitude_2 = load i9 %p_anonymous_namespace_lineBuffer_magnitude_2_addr" [../src/non_maximum_suppression.cpp:174->../src/canny_top.cpp:32]   --->   Operation 116 'load' 'banked_magnitude_2' <Predicate = (!icmp_ln112)> <Delay = 1.23> <CoreInst = "RAM">   --->   Core 82 'RAM' <Latency = 1> <II = 1> <Delay = 1.23> <Storage> <Opcode : 'load' 'store'> <Ports = 2> <Width = 11> <Depth = 512> <RAM>
ST_2 : Operation 117 [1/2] ( I:1.23ns O:1.23ns )   --->   "%banked_direction_1 = load i9 %p_anonymous_namespace_lineBuffer_direction_1_addr" [../src/non_maximum_suppression.cpp:174->../src/canny_top.cpp:32]   --->   Operation 117 'load' 'banked_direction_1' <Predicate = (!icmp_ln112 & p_smodpost_read == 2)> <Delay = 1.23> <CoreInst = "RAM">   --->   Core 82 'RAM' <Latency = 1> <II = 1> <Delay = 1.23> <Storage> <Opcode : 'load' 'store'> <Ports = 2> <Width = 2> <Depth = 512> <RAM>
ST_2 : Operation 118 [1/2] ( I:1.23ns O:1.23ns )   --->   "%banked_direction_2 = load i9 %p_anonymous_namespace_lineBuffer_direction_2_addr" [../src/non_maximum_suppression.cpp:174->../src/canny_top.cpp:32]   --->   Operation 118 'load' 'banked_direction_2' <Predicate = (!icmp_ln112 & p_smodpost_read == 0)> <Delay = 1.23> <CoreInst = "RAM">   --->   Core 82 'RAM' <Latency = 1> <II = 1> <Delay = 1.23> <Storage> <Opcode : 'load' 'store'> <Ports = 2> <Width = 2> <Depth = 512> <RAM>
ST_2 : Operation 119 [1/1] (0.42ns)   --->   "%tmp_7 = sparsemux i11 @_ssdm_op_SparseMux.ap_auto.3i11.i11.i2, i2 0, i11 %banked_magnitude, i2 1, i11 %banked_magnitude_1, i2 2, i11 %banked_magnitude_2, i11 0, i2 %select_ln14_read" [../src/non_maximum_suppression.cpp:181->../src/canny_top.cpp:32]   --->   Operation 119 'sparsemux' 'tmp_7' <Predicate = (!icmp_ln112)> <Delay = 0.42> <CoreInst = "OneHotSparseMux_HasDef">   --->   Core 152 'OneHotSparseMux_HasDef' <Latency = 0> <II = 1> <Delay = 0.42> <FuncUnit> <Opcode : 'sparsemux'> <InPorts = 2> <OutPorts = 1>
ST_2 : Operation 120 [1/1] (0.42ns)   --->   "%tmp_8 = sparsemux i11 @_ssdm_op_SparseMux.ap_auto.3i11.i11.i2, i2 1, i11 %banked_magnitude, i2 2, i11 %banked_magnitude_1, i2 0, i11 %banked_magnitude_2, i11 0, i2 %p_smodpost_read" [../src/non_maximum_suppression.cpp:181->../src/canny_top.cpp:32]   --->   Operation 120 'sparsemux' 'tmp_8' <Predicate = (!icmp_ln112)> <Delay = 0.42> <CoreInst = "OneHotSparseMux_HasDef">   --->   Core 152 'OneHotSparseMux_HasDef' <Latency = 0> <II = 1> <Delay = 0.42> <FuncUnit> <Opcode : 'sparsemux'> <InPorts = 2> <OutPorts = 1>
ST_2 : Operation 121 [1/1] (0.42ns)   --->   "%tmp_9 = sparsemux i11 @_ssdm_op_SparseMux.ap_auto.3i11.i11.i2, i2 0, i11 %banked_magnitude, i2 1, i11 %banked_magnitude_1, i2 2, i11 %banked_magnitude_2, i11 0, i2 %select_ln14_1_read" [../src/non_maximum_suppression.cpp:181->../src/canny_top.cpp:32]   --->   Operation 121 'sparsemux' 'tmp_9' <Predicate = (!icmp_ln112)> <Delay = 0.42> <CoreInst = "OneHotSparseMux_HasDef">   --->   Core 152 'OneHotSparseMux_HasDef' <Latency = 0> <II = 1> <Delay = 0.42> <FuncUnit> <Opcode : 'sparsemux'> <InPorts = 2> <OutPorts = 1>
ST_2 : Operation 122 [1/1] (0.42ns)   --->   "%tmp_10 = sparsemux i2 @_ssdm_op_SparseMux.ap_auto.3i2.i2.i2, i2 1, i2 %banked_direction, i2 2, i2 %banked_direction_1, i2 0, i2 %banked_direction_2, i2 0, i2 %p_smodpost_read" [../src/non_maximum_suppression.cpp:181->../src/canny_top.cpp:32]   --->   Operation 122 'sparsemux' 'tmp_10' <Predicate = (!icmp_ln112)> <Delay = 0.42> <CoreInst = "OneHotSparseMux_HasDef">   --->   Core 152 'OneHotSparseMux_HasDef' <Latency = 0> <II = 1> <Delay = 0.42> <FuncUnit> <Opcode : 'sparsemux'> <InPorts = 2> <OutPorts = 1>
ST_2 : Operation 123 [1/1] (0.42ns)   --->   "%store_ln181 = store i2 %tmp_10, i2 %p_1_153_i" [../src/non_maximum_suppression.cpp:181->../src/canny_top.cpp:32]   --->   Operation 123 'store' 'store_ln181' <Predicate = (!icmp_ln112)> <Delay = 0.42>
ST_2 : Operation 124 [1/1] (0.42ns)   --->   "%store_ln181 = store i11 %tmp_8, i11 %p_0_150_i" [../src/non_maximum_suppression.cpp:181->../src/canny_top.cpp:32]   --->   Operation 124 'store' 'store_ln181' <Predicate = (!icmp_ln112)> <Delay = 0.42>
ST_2 : Operation 125 [1/1] (0.42ns)   --->   "%store_ln181 = store i11 %tmp_9, i11 %p_0_248_i" [../src/non_maximum_suppression.cpp:181->../src/canny_top.cpp:32]   --->   Operation 125 'store' 'store_ln181' <Predicate = (!icmp_ln112)> <Delay = 0.42>
ST_2 : Operation 126 [1/1] (0.42ns)   --->   "%store_ln0 = store i11 %p_0_248_i_load, i11 %p_027_246_i"   --->   Operation 126 'store' 'store_ln0' <Predicate = (!icmp_ln112)> <Delay = 0.42>
ST_2 : Operation 127 [1/1] (0.42ns)   --->   "%store_ln0 = store i11 %p_043_i_load, i11 %p_04345_i"   --->   Operation 127 'store' 'store_ln0' <Predicate = (!icmp_ln112)> <Delay = 0.42>
ST_2 : Operation 128 [1/1] (0.42ns)   --->   "%store_ln115 = store i11 %p_0_150_i_load, i11 %centre_magnitude" [../src/non_maximum_suppression.cpp:115->../src/canny_top.cpp:32]   --->   Operation 128 'store' 'store_ln115' <Predicate = (!icmp_ln112)> <Delay = 0.42>
ST_2 : Operation 129 [1/1] (0.42ns)   --->   "%store_ln159 = store i11 %centre_magnitude_1, i11 %p_027_14149_i" [../src/non_maximum_suppression.cpp:159->../src/canny_top.cpp:32]   --->   Operation 129 'store' 'store_ln159' <Predicate = (!icmp_ln112)> <Delay = 0.42>
ST_2 : Operation 130 [1/1] (0.42ns)   --->   "%store_ln0 = store i11 %p_04345_i_load, i11 %p_0434547_i"   --->   Operation 130 'store' 'store_ln0' <Predicate = (!icmp_ln112)> <Delay = 0.42>
ST_2 : Operation 131 [1/1] (0.42ns)   --->   "%store_ln0 = store i11 %p_027_246_i_load, i11 %p_029_244_i"   --->   Operation 131 'store' 'store_ln0' <Predicate = (!icmp_ln112)> <Delay = 0.42>
ST_2 : Operation 132 [1/1] (0.42ns)   --->   "%store_ln181 = store i11 %tmp_7, i11 %p_043_i" [../src/non_maximum_suppression.cpp:181->../src/canny_top.cpp:32]   --->   Operation 132 'store' 'store_ln181' <Predicate = (!icmp_ln112)> <Delay = 0.42>
ST_2 : Operation 133 [1/1] (0.42ns)   --->   "%store_ln115 = store i2 %p_1_153_i_load, i2 %centre_direction" [../src/non_maximum_suppression.cpp:115->../src/canny_top.cpp:32]   --->   Operation 133 'store' 'store_ln115' <Predicate = (!icmp_ln112)> <Delay = 0.42>
ST_2 : Operation 134 [1/1] (0.00ns)   --->   "%br_ln112 = br void %for.body49.i" [../src/non_maximum_suppression.cpp:112->../src/canny_top.cpp:32]   --->   Operation 134 'br' 'br_ln112' <Predicate = (!icmp_ln112)> <Delay = 0.00>
ST_2 : Operation 135 [1/1] (0.42ns)   --->   "%ret_ln0 = ret"   --->   Operation 135 'ret' 'ret_ln0' <Predicate = (icmp_ln112)> <Delay = 0.42>


============================================================
+ Verbose Summary: Timing violations
============================================================
Target clock period: 5.000ns, clock uncertainty: 1.350ns.

 <State 1>: 2.838ns
The critical path consists of the following:
	'store' operation ('store_ln112', ../src/non_maximum_suppression.cpp:112->../src/canny_top.cpp:32) of constant 0 10 bit on local variable 'column', ../src/non_maximum_suppression.cpp:112->../src/canny_top.cpp:32 [52]  (0.427 ns)
	'load' operation 10 bit ('column', ../src/non_maximum_suppression.cpp:112->../src/canny_top.cpp:32) on local variable 'column', ../src/non_maximum_suppression.cpp:112->../src/canny_top.cpp:32 [60]  (0.000 ns)
	'add' operation 10 bit ('v', ../src/non_maximum_suppression.cpp:167->../src/canny_top.cpp:32) [117]  (0.776 ns)
	'select' operation 9 bit ('nextColumn', ../src/non_maximum_suppression.cpp:18->../src/non_maximum_suppression.cpp:167->../src/canny_top.cpp:32) [120]  (0.398 ns)
	'getelementptr' operation 9 bit ('p_anonymous_namespace_lineBuffer_magnitude_0_addr', ../src/non_maximum_suppression.cpp:174->../src/canny_top.cpp:32) [122]  (0.000 ns)
	'load' operation 11 bit ('banked.magnitude', ../src/non_maximum_suppression.cpp:174->../src/canny_top.cpp:32) on array 'p_anonymous_namespace_lineBuffer_magnitude_0' [124]  (1.237 ns)

 <State 2>: 3.497ns
The critical path consists of the following:
	'load' operation 2 bit ('centre_direction_load', ../src/non_maximum_suppression.cpp:123->../src/canny_top.cpp:32) on local variable 'centre.direction', ../src/non_maximum_suppression.cpp:115->../src/canny_top.cpp:32 [71]  (0.000 ns)
	multiplexor before 'phi' operation 11 bit ('neighbourTwo') with incoming values : ('neighbourTwo', ../src/non_maximum_suppression.cpp:144->../src/canny_top.cpp:32) ('neighbourTwo', ../src/non_maximum_suppression.cpp:136->../src/canny_top.cpp:32) ('neighbourTwo', ../src/non_maximum_suppression.cpp:152->../src/canny_top.cpp:32) ('neighbourTwo', ../src/non_maximum_suppression.cpp:128->../src/canny_top.cpp:32) [105]  (0.525 ns)
	'br' operation ('br_ln130', ../src/non_maximum_suppression.cpp:130->../src/canny_top.cpp:32) [102]  (0.525 ns)
	'phi' operation 11 bit ('neighbourTwo') with incoming values : ('neighbourTwo', ../src/non_maximum_suppression.cpp:144->../src/canny_top.cpp:32) ('neighbourTwo', ../src/non_maximum_suppression.cpp:136->../src/canny_top.cpp:32) ('neighbourTwo', ../src/non_maximum_suppression.cpp:152->../src/canny_top.cpp:32) ('neighbourTwo', ../src/non_maximum_suppression.cpp:128->../src/canny_top.cpp:32) [105]  (0.000 ns)
	'icmp' operation 1 bit ('icmp_ln159', ../src/non_maximum_suppression.cpp:159->../src/canny_top.cpp:32) [109]  (0.798 ns)
	'xor' operation 1 bit ('xor_ln159', ../src/non_maximum_suppression.cpp:159->../src/canny_top.cpp:32) [110]  (0.000 ns)
	'and' operation 1 bit ('and_ln158', ../src/non_maximum_suppression.cpp:158->../src/canny_top.cpp:32) [111]  (0.000 ns)
	'select' operation 11 bit ('select_ln158', ../src/non_maximum_suppression.cpp:158->../src/canny_top.cpp:32) [113]  (0.389 ns)
	'store' operation ('store_ln158', ../src/non_maximum_suppression.cpp:158->../src/canny_top.cpp:32) of variable 'select_ln158', ../src/non_maximum_suppression.cpp:158->../src/canny_top.cpp:32 11 bit on array 'out_nonmax' [114]  (1.237 ns)
	blocking operation 0.548 ns on control path)


============================================================
+ Verbose Summary: Binding
============================================================
N/A
* FSMD analyzer results:
  - Output states:
 - Input state : 
  - Chain level:
	State 1
	State 2


============================================================
+ Verbose Summary: Datapath Resource usage 
============================================================
N/A
