

================================================================
== Vitis HLS Report for 'output_row_Pipeline_VITIS_LOOP_20_1'
================================================================
* Date:           Fri Jul 24 16:27:49 2026

* Version:        2025.2 (Build 6295257 on Nov 14 2025)
* Project:        canny_top
* Solution:       hls (Vitis Kernel Flow Target)
* Product family: zynquplus
* Target device:  xck26-sfvc784-2LV-c


================================================================
== Performance Estimates
================================================================
+ Timing: 
    * Summary: 
    +--------+---------+----------+------------+
    |  Clock |  Target | Estimated| Uncertainty|
    +--------+---------+----------+------------+
    |ap_clk  |  5.00 ns|  3.650 ns|     1.35 ns|
    +--------+---------+----------+------------+

+ Latency: 
    * Summary: 
    +---------+---------+----------+----------+-----+-----+-------------------+
    |  Latency (cycles) |  Latency (absolute) |  Interval |      Pipeline     |
    |   min   |   max   |    min   |    max   | min | max |        Type       |
    +---------+---------+----------+----------+-----+-----+-------------------+
    |      515|      515|  2.575 us|  2.575 us|    0|    0|  loop pipeline stp|
    +---------+---------+----------+----------+-----+-----+-------------------+

    + Detail: 
        * Instance: 
        N/A

        * Loop: 
        +-------------------+---------+---------+----------+-----------+-----------+------+----------+
        |                   |  Latency (cycles) | Iteration|  Initiation Interval  | Trip |          |
        |     Loop Name     |   min   |   max   |  Latency |  achieved |   target  | Count| Pipelined|
        +-------------------+---------+---------+----------+-----------+-----------+------+----------+
        |- VITIS_LOOP_20_1  |      513|      513|         3|          1|          1|   512|       yes|
        +-------------------+---------+---------+----------+-----------+-----------+------+----------+

============================================================
+ Verbose Summary: Synthesis Manager
============================================================
InlineROM: 1
ExposeGlobal: 0
============================================================
+ Verbose Summary: CDFG Model
============================================================
IsTopModel: 0
ResetActiveHigh: 1
IsCombinational: 0
IsDatapathOnly: 0
HasWiredReturn: 1
HasMFsm: 2
HasVarLatency: 1
IsPipeline: 0
IsRtlPipelined: 0
IsInstanceOverlapped: 0
IsDontTouch: 0
HasImplIP: 0
IsGatedGlobalClock: 0

+ Individual pipeline summary: 
  * Pipeline-0: initiation interval (II) = 1, depth = 3


============================================================
+ Verbose Summary: Schedule
============================================================
* Number of FSM states : 3
* Pipeline : 1
  Pipeline-0 : II = 1, D = 3, States = { 1 2 3 }
* Dataflow Pipeline: 0

* FSM state transitions: 
1 --> 2 
2 --> 3 
3 --> 

* FSM state operations: 

State 1 <SV = 0> <Delay = 1.66>
ST_1 : Operation 6 [1/1] (0.00ns)   --->   "%phi_ln21 = alloca i32 1"   --->   Operation 6 'alloca' 'phi_ln21' <Predicate = true> <Delay = 0.00>
ST_1 : Operation 7 [1/1] (0.00ns)   --->   "%i = alloca i32 1" [../src/output_row.cpp:20->../src/canny_top.cpp:37]   --->   Operation 7 'alloca' 'i' <Predicate = true> <Delay = 0.00>
ST_1 : Operation 8 [1/1] (0.00ns)   --->   "%sext_ln20_1_read = read i58 @_ssdm_op_Read.ap_auto.i58, i58 %sext_ln20_1"   --->   Operation 8 'read' 'sext_ln20_1_read' <Predicate = true> <Delay = 0.00>
ST_1 : Operation 9 [1/1] (0.00ns)   --->   "%sext_ln20_1_cast = sext i58 %sext_ln20_1_read"   --->   Operation 9 'sext' 'sext_ln20_1_cast' <Predicate = true> <Delay = 0.00>
ST_1 : Operation 10 [1/1] (0.00ns)   --->   "%specinterface_ln0 = specinterface void @_ssdm_op_SpecInterface, i512 %gmem, void @empty_0, i32 0, i32 0, void @empty_10, i32 64, i32 0, void @empty_9, void @empty_8, void @empty_10, i32 16, i32 16, i32 16, i32 16, void @empty_10, void @empty_10, i32 4294967295, i32 0, i32 0, i32 64"   --->   Operation 10 'specinterface' 'specinterface_ln0' <Predicate = true> <Delay = 0.00>
ST_1 : Operation 11 [1/1] (0.42ns)   --->   "%store_ln20 = store i10 0, i10 %i" [../src/output_row.cpp:20->../src/canny_top.cpp:37]   --->   Operation 11 'store' 'store_ln20' <Predicate = true> <Delay = 0.42>
ST_1 : Operation 12 [1/1] (0.42ns)   --->   "%store_ln0 = store i498 0, i498 %phi_ln21"   --->   Operation 12 'store' 'store_ln0' <Predicate = true> <Delay = 0.42>
ST_1 : Operation 13 [1/1] (0.00ns)   --->   "%br_ln0 = br void %for.inc.i"   --->   Operation 13 'br' 'br_ln0' <Predicate = true> <Delay = 0.00>
ST_1 : Operation 14 [1/1] (0.00ns)   --->   "%i_1 = load i10 %i" [../src/output_row.cpp:20->../src/canny_top.cpp:37]   --->   Operation 14 'load' 'i_1' <Predicate = true> <Delay = 0.00>
ST_1 : Operation 15 [1/1] (0.78ns)   --->   "%icmp_ln20 = icmp_eq  i10 %i_1, i10 512" [../src/output_row.cpp:20->../src/canny_top.cpp:37]   --->   Operation 15 'icmp' 'icmp_ln20' <Predicate = true> <Delay = 0.78> <CoreInst = "Cmp">   --->   Core 9 'Cmp' <Latency = 0> <II = 1> <Delay = 0.78> <FuncUnit> <Opcode : 'seteq' 'setne' 'setle' 'setge' 'setlt' 'setgt'> <InPorts = 2> <OutPorts = 1>
ST_1 : Operation 16 [1/1] (0.78ns)   --->   "%add_ln20 = add i10 %i_1, i10 1" [../src/output_row.cpp:20->../src/canny_top.cpp:37]   --->   Operation 16 'add' 'add_ln20' <Predicate = true> <Delay = 0.78> <CoreInst = "Adder">   --->   Core 1 'Adder' <Latency = 0> <II = 1> <Delay = 0.78> <FuncUnit> <Opcode : 'add' 'sub'> <InPorts = 2> <OutPorts = 1>
ST_1 : Operation 17 [1/1] (0.00ns)   --->   "%br_ln20 = br i1 %icmp_ln20, void %for.inc.split.i, void %for.end.loopexit.i.exitStub" [../src/output_row.cpp:20->../src/canny_top.cpp:37]   --->   Operation 17 'br' 'br_ln20' <Predicate = true> <Delay = 0.00>
ST_1 : Operation 18 [1/1] (0.00ns)   --->   "%zext_ln20 = zext i10 %i_1" [../src/output_row.cpp:20->../src/canny_top.cpp:37]   --->   Operation 18 'zext' 'zext_ln20' <Predicate = (!icmp_ln20)> <Delay = 0.00>
ST_1 : Operation 19 [1/1] (0.00ns)   --->   "%trunc_ln20 = trunc i10 %i_1" [../src/output_row.cpp:20->../src/canny_top.cpp:37]   --->   Operation 19 'trunc' 'trunc_ln20' <Predicate = (!icmp_ln20)> <Delay = 0.00>
ST_1 : Operation 20 [1/1] (0.00ns)   --->   "%out_hysteresis4_addr = getelementptr i2 %out_hysteresis4, i64 0, i64 %zext_ln20" [../src/output_row.cpp:21->../src/canny_top.cpp:37]   --->   Operation 20 'getelementptr' 'out_hysteresis4_addr' <Predicate = (!icmp_ln20)> <Delay = 0.00>
ST_1 : Operation 21 [2/2] (1.23ns)   --->   "%out_hysteresis4_load = load i9 %out_hysteresis4_addr" [../src/output_row.cpp:21->../src/canny_top.cpp:37]   --->   Operation 21 'load' 'out_hysteresis4_load' <Predicate = (!icmp_ln20)> <Delay = 1.23> <CoreInst = "RAM">   --->   Core 82 'RAM' <Latency = 1> <II = 1> <Delay = 1.23> <Storage> <Opcode : 'load' 'store'> <Ports = 2> <Width = 2> <Depth = 512> <RAM>
ST_1 : Operation 22 [1/1] (0.78ns)   --->   "%icmp_ln21 = icmp_eq  i6 %trunc_ln20, i6 63" [../src/output_row.cpp:21->../src/canny_top.cpp:37]   --->   Operation 22 'icmp' 'icmp_ln21' <Predicate = (!icmp_ln20)> <Delay = 0.78> <CoreInst = "Cmp">   --->   Core 9 'Cmp' <Latency = 0> <II = 1> <Delay = 0.78> <FuncUnit> <Opcode : 'seteq' 'setne' 'setle' 'setge' 'setlt' 'setgt'> <InPorts = 2> <OutPorts = 1>
ST_1 : Operation 23 [1/1] (0.00ns)   --->   "%br_ln21 = br i1 %icmp_ln21, void %for.inc.split.i._crit_edge, void" [../src/output_row.cpp:21->../src/canny_top.cpp:37]   --->   Operation 23 'br' 'br_ln21' <Predicate = (!icmp_ln20)> <Delay = 0.00>
ST_1 : Operation 24 [1/1] (0.42ns)   --->   "%store_ln20 = store i10 %add_ln20, i10 %i" [../src/output_row.cpp:20->../src/canny_top.cpp:37]   --->   Operation 24 'store' 'store_ln20' <Predicate = (!icmp_ln20)> <Delay = 0.42>

State 2 <SV = 1> <Delay = 2.26>
ST_2 : Operation 25 [1/1] (0.00ns)   --->   "%phi_ln21_load = load i498 %phi_ln21" [../src/output_row.cpp:20->../src/canny_top.cpp:37]   --->   Operation 25 'load' 'phi_ln21_load' <Predicate = true> <Delay = 0.00>
ST_2 : Operation 26 [1/1] (0.00ns)   --->   "%sext_ln20 = sext i498 %phi_ln21_load" [../src/output_row.cpp:20->../src/canny_top.cpp:37]   --->   Operation 26 'sext' 'sext_ln20' <Predicate = true> <Delay = 0.00>
ST_2 : Operation 27 [1/2] ( I:1.23ns O:1.23ns )   --->   "%out_hysteresis4_load = load i9 %out_hysteresis4_addr" [../src/output_row.cpp:21->../src/canny_top.cpp:37]   --->   Operation 27 'load' 'out_hysteresis4_load' <Predicate = (!icmp_ln20)> <Delay = 1.23> <CoreInst = "RAM">   --->   Core 82 'RAM' <Latency = 1> <II = 1> <Delay = 1.23> <Storage> <Opcode : 'load' 'store'> <Ports = 2> <Width = 2> <Depth = 512> <RAM>
ST_2 : Operation 28 [1/1] (0.00ns)   --->   "%tmp_18 = partselect i490 @_ssdm_op_PartSelect.i490.i498.i32.i32, i498 %phi_ln21_load, i32 8, i32 497" [../src/output_row.cpp:20->../src/canny_top.cpp:37]   --->   Operation 28 'partselect' 'tmp_18' <Predicate = (!icmp_ln20 & !icmp_ln21)> <Delay = 0.00>
ST_2 : Operation 29 [1/1] (0.00ns)   --->   "%sext_ln20_2 = sext i490 %tmp_18" [../src/output_row.cpp:20->../src/canny_top.cpp:37]   --->   Operation 29 'sext' 'sext_ln20_2' <Predicate = (!icmp_ln20 & !icmp_ln21)> <Delay = 0.00>
ST_2 : Operation 30 [1/1] (0.00ns)   --->   "%tmp_s = bitconcatenate i498 @_ssdm_op_BitConcatenate.i498.i2.i496, i2 %out_hysteresis4_load, i496 %sext_ln20_2" [../src/output_row.cpp:20->../src/canny_top.cpp:37]   --->   Operation 30 'bitconcatenate' 'tmp_s' <Predicate = (!icmp_ln20 & !icmp_ln21)> <Delay = 0.00>
ST_2 : Operation 31 [1/1] (0.59ns)   --->   "%select_ln21 = select i1 %icmp_ln21, i498 0, i498 %tmp_s" [../src/output_row.cpp:21->../src/canny_top.cpp:37]   --->   Operation 31 'select' 'select_ln21' <Predicate = (!icmp_ln20)> <Delay = 0.59> <CoreInst = "Sel">   --->   Core 73 'Sel' <Latency = 0> <II = 1> <Delay = 0.59> <FuncUnit> <Opcode : 'select'> <InPorts = 3> <OutPorts = 1>
ST_2 : Operation 32 [1/1] (0.42ns)   --->   "%store_ln21 = store i498 %select_ln21, i498 %phi_ln21" [../src/output_row.cpp:21->../src/canny_top.cpp:37]   --->   Operation 32 'store' 'store_ln21' <Predicate = (!icmp_ln20)> <Delay = 0.42>
ST_2 : Operation 33 [1/1] (0.00ns)   --->   "%br_ln20 = br void %for.inc.i" [../src/output_row.cpp:20->../src/canny_top.cpp:37]   --->   Operation 33 'br' 'br_ln20' <Predicate = (!icmp_ln20)> <Delay = 0.00>
ST_2 : Operation 42 [1/1] (0.42ns)   --->   "%ret_ln0 = ret"   --->   Operation 42 'ret' 'ret_ln0' <Predicate = (icmp_ln20)> <Delay = 0.42>

State 3 <SV = 2> <Delay = 3.65>
ST_3 : Operation 34 [1/1] (0.00ns)   --->   "%gmem_addr = getelementptr i512 %gmem, i64 %sext_ln20_1_cast" [../src/output_row.cpp:20->../src/canny_top.cpp:37]   --->   Operation 34 'getelementptr' 'gmem_addr' <Predicate = true> <Delay = 0.00>
ST_3 : Operation 35 [1/1] (0.00ns)   --->   "%specpipeline_ln20 = specpipeline void @_ssdm_op_SpecPipeline, i32 4294967295, i32 0, i32 0, i32 0, i32 4294967295, void @empty_10" [../src/output_row.cpp:20->../src/canny_top.cpp:37]   --->   Operation 35 'specpipeline' 'specpipeline_ln20' <Predicate = true> <Delay = 0.00>
ST_3 : Operation 36 [1/1] (0.00ns)   --->   "%speclooptripcount_ln20 = speclooptripcount void @_ssdm_op_SpecLoopTripCount, i64 512, i64 512, i64 512" [../src/output_row.cpp:20->../src/canny_top.cpp:37]   --->   Operation 36 'speclooptripcount' 'speclooptripcount_ln20' <Predicate = true> <Delay = 0.00>
ST_3 : Operation 37 [1/1] (0.00ns)   --->   "%specloopname_ln20 = specloopname void @_ssdm_op_SpecLoopName, void @empty" [../src/output_row.cpp:20->../src/canny_top.cpp:37]   --->   Operation 37 'specloopname' 'specloopname_ln20' <Predicate = true> <Delay = 0.00>
ST_3 : Operation 38 [1/1] (0.00ns)   --->   "%tmp = bitconcatenate i506 @_ssdm_op_BitConcatenate.i506.i2.i504, i2 %out_hysteresis4_load, i504 %sext_ln20" [../src/output_row.cpp:21->../src/canny_top.cpp:37]   --->   Operation 38 'bitconcatenate' 'tmp' <Predicate = true> <Delay = 0.00>
ST_3 : Operation 39 [1/1] (0.00ns)   --->   "%sext_ln21 = sext i506 %tmp" [../src/output_row.cpp:21->../src/canny_top.cpp:37]   --->   Operation 39 'sext' 'sext_ln21' <Predicate = true> <Delay = 0.00>
ST_3 : Operation 40 [1/1] ( I:3.65ns O:3.65ns )   --->   "%write_ln21 = write void @_ssdm_op_Write.m_axi.p1i512.i512, i512 %gmem_addr, i512 %sext_ln21, i64 18446744073709551615" [../src/output_row.cpp:21->../src/canny_top.cpp:37]   --->   Operation 40 'write' 'write_ln21' <Predicate = (icmp_ln21)> <Delay = 3.65> <CoreInst = "m_axi">   --->   Core 119 'm_axi' <Latency = 5> <II = 1> <Delay = 1.00> <Adapter> <Opcode : 'readrequnaligned' 'writerequnaligned' 'read' 'write' 'readreq' 'writereq' 'writeresp'>
ST_3 : Operation 41 [1/1] (0.00ns)   --->   "%br_ln21 = br void %for.inc.split.i._crit_edge" [../src/output_row.cpp:21->../src/canny_top.cpp:37]   --->   Operation 41 'br' 'br_ln21' <Predicate = (icmp_ln21)> <Delay = 0.00>


============================================================
+ Verbose Summary: Timing violations
============================================================
Target clock period: 5.000ns, clock uncertainty: 1.350ns.

 <State 1>: 1.664ns
The critical path consists of the following:
	'store' operation ('store_ln20', ../src/output_row.cpp:20->../src/canny_top.cpp:37) of constant 0 10 bit on local variable 'i', ../src/output_row.cpp:20->../src/canny_top.cpp:37 [9]  (0.427 ns)
	'load' operation 10 bit ('i', ../src/output_row.cpp:20->../src/canny_top.cpp:37) on local variable 'i', ../src/output_row.cpp:20->../src/canny_top.cpp:37 [14]  (0.000 ns)
	'getelementptr' operation 9 bit ('out_hysteresis4_addr', ../src/output_row.cpp:21->../src/canny_top.cpp:37) [26]  (0.000 ns)
	'load' operation 2 bit ('out_hysteresis4_load', ../src/output_row.cpp:21->../src/canny_top.cpp:37) on array 'out_hysteresis4' [27]  (1.237 ns)

 <State 2>: 2.263ns
The critical path consists of the following:
	'load' operation 2 bit ('out_hysteresis4_load', ../src/output_row.cpp:21->../src/canny_top.cpp:37) on array 'out_hysteresis4' [27]  (1.237 ns)
	'select' operation 498 bit ('select_ln21', ../src/output_row.cpp:21->../src/canny_top.cpp:37) [39]  (0.599 ns)
	'store' operation ('store_ln21', ../src/output_row.cpp:21->../src/canny_top.cpp:37) of variable 'select_ln21', ../src/output_row.cpp:21->../src/canny_top.cpp:37 498 bit on local variable 'phi_ln21' [41]  (0.427 ns)

 <State 3>: 3.650ns
The critical path consists of the following:
	'getelementptr' operation 512 bit ('gmem_addr', ../src/output_row.cpp:20->../src/canny_top.cpp:37) [20]  (0.000 ns)
	bus write operation ('write_ln21', ../src/output_row.cpp:21->../src/canny_top.cpp:37) on port 'gmem' (../src/output_row.cpp:21->../src/canny_top.cpp:37) [33]  (3.650 ns)


============================================================
+ Verbose Summary: Binding
============================================================
N/A
* FSMD analyzer results:
  - Output states:
 - Input state : 
  - Chain level:
	State 1
	State 2
	State 3


============================================================
+ Verbose Summary: Datapath Resource usage 
============================================================
N/A
