

================================================================
== Vitis HLS Report for 'output_row'
================================================================
* Date:           Thu Jul 23 23:06:36 2026

* Version:        2025.2 (Build 6295257 on Nov 14 2025)
* Project:        canny_top
* Solution:       hls (Vitis Kernel Flow Target)
* Product family: zynquplus
* Target device:  xck26-sfvc784-2LV-c


================================================================
== Performance Estimates
================================================================
+ Timing: 
    * Summary: 
    +--------+---------+----------+------------+
    |  Clock |  Target | Estimated| Uncertainty|
    +--------+---------+----------+------------+
    |ap_clk  |  5.00 ns|  3.650 ns|     1.35 ns|
    +--------+---------+----------+------------+

+ Latency: 
    * Summary: 
    +---------+---------+----------+----------+-----+-----+---------+
    |  Latency (cycles) |  Latency (absolute) |  Interval | Pipeline|
    |   min   |   max   |    min   |    max   | min | max |   Type  |
    +---------+---------+----------+----------+-----+-----+---------+
    |        1|      586|  5.000 ns|  2.930 us|    1|  586|       no|
    +---------+---------+----------+----------+-----+-----+---------+

    + Detail: 
        * Instance: 
        +-----------------------------------------------+-------------------------------------+---------+---------+----------+----------+-----+-----+-------------------+
        |                                               |                                     |  Latency (cycles) |  Latency (absolute) |  Interval |      Pipeline     |
        |                    Instance                   |                Module               |   min   |   max   |    min   |    max   | min | max |        Type       |
        +-----------------------------------------------+-------------------------------------+---------+---------+----------+----------+-----+-----+-------------------+
        |grp_output_row_Pipeline_VITIS_LOOP_20_1_fu_84  |output_row_Pipeline_VITIS_LOOP_20_1  |      515|      515|  2.575 us|  2.575 us|    0|    0|  loop pipeline stp|
        +-----------------------------------------------+-------------------------------------+---------+---------+----------+----------+-----+-----+-------------------+

        * Loop: 
        N/A



================================================================
== Utilization Estimates
================================================================
* Summary: 
+-----------------+---------+------+--------+--------+-----+
|       Name      | BRAM_18K|  DSP |   FF   |   LUT  | URAM|
+-----------------+---------+------+--------+--------+-----+
|DSP              |        -|     -|       -|       -|    -|
|Expression       |        -|     -|       0|     153|    -|
|FIFO             |        -|     -|       -|       -|    -|
|Instance         |        -|     -|    1022|     599|    -|
|Memory           |        -|     -|       -|       -|    -|
|Multiplexer      |        -|     -|       0|     559|    -|
|Register         |        -|     -|     165|       -|    -|
+-----------------+---------+------+--------+--------+-----+
|Total            |        0|     0|    1187|    1311|    0|
+-----------------+---------+------+--------+--------+-----+
|Available        |      288|  1248|  234240|  117120|   64|
+-----------------+---------+------+--------+--------+-----+
|Utilization (%)  |        0|     0|      ~0|       1|    0|
+-----------------+---------+------+--------+--------+-----+

+ Detail: 
    * Instance: 
    +-----------------------------------------------+-------------------------------------+---------+----+------+-----+-----+
    |                    Instance                   |                Module               | BRAM_18K| DSP|  FF  | LUT | URAM|
    +-----------------------------------------------+-------------------------------------+---------+----+------+-----+-----+
    |grp_output_row_Pipeline_VITIS_LOOP_20_1_fu_84  |output_row_Pipeline_VITIS_LOOP_20_1  |        0|   0|  1022|  599|    0|
    +-----------------------------------------------+-------------------------------------+---------+----+------+-----+-----+
    |Total                                          |                                     |        0|   0|  1022|  599|    0|
    +-----------------------------------------------+-------------------------------------+---------+----+------+-----+-----+

    * DSP: 
    N/A

    * Memory: 
    N/A

    * FIFO: 
    N/A

    * Expression: 
    +--------------------+----------+----+---+----+------------+------------+
    |    Variable Name   | Operation| DSP| FF| LUT| Bitwidth P0| Bitwidth P1|
    +--------------------+----------+----+---+----+------------+------------+
    |add_ln18_fu_97_p2   |         +|   0|  0|  39|          32|           1|
    |add_ln20_fu_125_p2  |         +|   0|  0|  71|          64|          64|
    |add_ln21_fu_115_p2  |         +|   0|  0|  39|          32|          11|
    |ap_block_state72    |       and|   0|  0|   2|           1|           1|
    |ap_block_state1     |        or|   0|  0|   2|           1|           1|
    +--------------------+----------+----+---+----+------------+------------+
    |Total               |          |   0|  0| 153|         130|          78|
    +--------------------+----------+----+---+----+------------+------------+

    * Multiplexer: 
    +---------------------------+-----+-----------+-----+-----------+
    |            Name           | LUT | Input Size| Bits| Total Bits|
    +---------------------------+-----+-----------+-----+-----------+
    |ap_NS_fsm                  |  377|         73|    1|         73|
    |ap_done                    |    9|          2|    1|          2|
    |gmem_out_blk_n_AW          |    9|          2|    1|          2|
    |gmem_out_blk_n_B           |    9|          2|    1|          2|
    |m_axi_gmem_out_0_AWADDR    |   14|          3|   64|        192|
    |m_axi_gmem_out_0_AWBURST   |    9|          2|    2|          4|
    |m_axi_gmem_out_0_AWCACHE   |    9|          2|    4|          8|
    |m_axi_gmem_out_0_AWID      |    9|          2|    1|          2|
    |m_axi_gmem_out_0_AWLEN     |   14|          3|   32|         96|
    |m_axi_gmem_out_0_AWLOCK    |    9|          2|    2|          4|
    |m_axi_gmem_out_0_AWPROT    |    9|          2|    3|          6|
    |m_axi_gmem_out_0_AWQOS     |    9|          2|    4|          8|
    |m_axi_gmem_out_0_AWREGION  |    9|          2|    4|          8|
    |m_axi_gmem_out_0_AWSIZE    |    9|          2|    3|          6|
    |m_axi_gmem_out_0_AWUSER    |    9|          2|    1|          2|
    |m_axi_gmem_out_0_AWVALID   |   14|          3|    1|          3|
    |m_axi_gmem_out_0_BREADY    |   14|          3|    1|          3|
    |m_axi_gmem_out_0_WVALID    |    9|          2|    1|          2|
    |out_r_blk_n                |    9|          2|    1|          2|
    +---------------------------+-----+-----------+-----+-----------+
    |Total                      |  559|        113|  128|        425|
    +---------------------------+-----+-----------+-----+-----------+

    * Register: 
    +------------------------------------------------------------+----+----+-----+-----------+
    |                            Name                            | FF | LUT| Bits| Const Bits|
    +------------------------------------------------------------+----+----+-----+-----------+
    |ap_CS_fsm                                                   |  72|   0|   72|          0|
    |ap_done_reg                                                 |   1|   0|    1|          0|
    |grp_output_row_Pipeline_VITIS_LOOP_20_1_fu_84_ap_start_reg  |   1|   0|    1|          0|
    |p_read_2_reg_151                                            |   1|   0|    1|          0|
    |rowsReceived                                                |  32|   0|   32|          0|
    |trunc_ln_reg_155                                            |  58|   0|   58|          0|
    +------------------------------------------------------------+----+----+-----+-----------+
    |Total                                                       | 165|   0|  165|          0|
    +------------------------------------------------------------+----+----+-----+-----------+



================================================================
== Interface
================================================================
* Summary: 
+---------------------------+-----+-----+------------+----------------+--------------+
|         RTL Ports         | Dir | Bits|  Protocol  |  Source Object |    C Type    |
+---------------------------+-----+-----+------------+----------------+--------------+
|ap_clk                     |   in|    1|  ap_ctrl_hs|      output_row|  return value|
|ap_rst                     |   in|    1|  ap_ctrl_hs|      output_row|  return value|
|ap_start                   |   in|    1|  ap_ctrl_hs|      output_row|  return value|
|ap_done                    |  out|    1|  ap_ctrl_hs|      output_row|  return value|
|ap_continue                |   in|    1|  ap_ctrl_hs|      output_row|  return value|
|ap_idle                    |  out|    1|  ap_ctrl_hs|      output_row|  return value|
|ap_ready                   |  out|    1|  ap_ctrl_hs|      output_row|  return value|
|p_read                     |   in|    1|     ap_none|          p_read|        scalar|
|out_hysteresis_address0    |  out|    9|   ap_memory|  out_hysteresis|         array|
|out_hysteresis_ce0         |  out|    1|   ap_memory|  out_hysteresis|         array|
|out_hysteresis_q0          |   in|    2|   ap_memory|  out_hysteresis|         array|
|m_axi_gmem_out_0_AWVALID   |  out|    1|       m_axi|        gmem_out|       pointer|
|m_axi_gmem_out_0_AWREADY   |   in|    1|       m_axi|        gmem_out|       pointer|
|m_axi_gmem_out_0_AWADDR    |  out|   64|       m_axi|        gmem_out|       pointer|
|m_axi_gmem_out_0_AWID      |  out|    1|       m_axi|        gmem_out|       pointer|
|m_axi_gmem_out_0_AWLEN     |  out|   32|       m_axi|        gmem_out|       pointer|
|m_axi_gmem_out_0_AWSIZE    |  out|    3|       m_axi|        gmem_out|       pointer|
|m_axi_gmem_out_0_AWBURST   |  out|    2|       m_axi|        gmem_out|       pointer|
|m_axi_gmem_out_0_AWLOCK    |  out|    2|       m_axi|        gmem_out|       pointer|
|m_axi_gmem_out_0_AWCACHE   |  out|    4|       m_axi|        gmem_out|       pointer|
|m_axi_gmem_out_0_AWPROT    |  out|    3|       m_axi|        gmem_out|       pointer|
|m_axi_gmem_out_0_AWQOS     |  out|    4|       m_axi|        gmem_out|       pointer|
|m_axi_gmem_out_0_AWREGION  |  out|    4|       m_axi|        gmem_out|       pointer|
|m_axi_gmem_out_0_AWUSER    |  out|    1|       m_axi|        gmem_out|       pointer|
|m_axi_gmem_out_0_WVALID    |  out|    1|       m_axi|        gmem_out|       pointer|
|m_axi_gmem_out_0_WREADY    |   in|    1|       m_axi|        gmem_out|       pointer|
|m_axi_gmem_out_0_WDATA     |  out|  512|       m_axi|        gmem_out|       pointer|
|m_axi_gmem_out_0_WSTRB     |  out|   64|       m_axi|        gmem_out|       pointer|
|m_axi_gmem_out_0_WLAST     |  out|    1|       m_axi|        gmem_out|       pointer|
|m_axi_gmem_out_0_WID       |  out|    1|       m_axi|        gmem_out|       pointer|
|m_axi_gmem_out_0_WUSER     |  out|    1|       m_axi|        gmem_out|       pointer|
|m_axi_gmem_out_0_ARVALID   |  out|    1|       m_axi|        gmem_out|       pointer|
|m_axi_gmem_out_0_ARREADY   |   in|    1|       m_axi|        gmem_out|       pointer|
|m_axi_gmem_out_0_ARADDR    |  out|   64|       m_axi|        gmem_out|       pointer|
|m_axi_gmem_out_0_ARID      |  out|    1|       m_axi|        gmem_out|       pointer|
|m_axi_gmem_out_0_ARLEN     |  out|   32|       m_axi|        gmem_out|       pointer|
|m_axi_gmem_out_0_ARSIZE    |  out|    3|       m_axi|        gmem_out|       pointer|
|m_axi_gmem_out_0_ARBURST   |  out|    2|       m_axi|        gmem_out|       pointer|
|m_axi_gmem_out_0_ARLOCK    |  out|    2|       m_axi|        gmem_out|       pointer|
|m_axi_gmem_out_0_ARCACHE   |  out|    4|       m_axi|        gmem_out|       pointer|
|m_axi_gmem_out_0_ARPROT    |  out|    3|       m_axi|        gmem_out|       pointer|
|m_axi_gmem_out_0_ARQOS     |  out|    4|       m_axi|        gmem_out|       pointer|
|m_axi_gmem_out_0_ARREGION  |  out|    4|       m_axi|        gmem_out|       pointer|
|m_axi_gmem_out_0_ARUSER    |  out|    1|       m_axi|        gmem_out|       pointer|
|m_axi_gmem_out_0_RVALID    |   in|    1|       m_axi|        gmem_out|       pointer|
|m_axi_gmem_out_0_RREADY    |  out|    1|       m_axi|        gmem_out|       pointer|
|m_axi_gmem_out_0_RDATA     |   in|  512|       m_axi|        gmem_out|       pointer|
|m_axi_gmem_out_0_RLAST     |   in|    1|       m_axi|        gmem_out|       pointer|
|m_axi_gmem_out_0_RID       |   in|    1|       m_axi|        gmem_out|       pointer|
|m_axi_gmem_out_0_RFIFONUM  |   in|    9|       m_axi|        gmem_out|       pointer|
|m_axi_gmem_out_0_RUSER     |   in|    1|       m_axi|        gmem_out|       pointer|
|m_axi_gmem_out_0_RRESP     |   in|    2|       m_axi|        gmem_out|       pointer|
|m_axi_gmem_out_0_BVALID    |   in|    1|       m_axi|        gmem_out|       pointer|
|m_axi_gmem_out_0_BREADY    |  out|    1|       m_axi|        gmem_out|       pointer|
|m_axi_gmem_out_0_BRESP     |   in|    2|       m_axi|        gmem_out|       pointer|
|m_axi_gmem_out_0_BID       |   in|    1|       m_axi|        gmem_out|       pointer|
|m_axi_gmem_out_0_BUSER     |   in|    1|       m_axi|        gmem_out|       pointer|
|out_r_dout                 |   in|   64|     ap_fifo|           out_r|       pointer|
|out_r_empty_n              |   in|    1|     ap_fifo|           out_r|       pointer|
|out_r_read                 |  out|    1|     ap_fifo|           out_r|       pointer|
|out_r_num_data_valid       |   in|    5|     ap_fifo|           out_r|       pointer|
|out_r_fifo_cap             |   in|    5|     ap_fifo|           out_r|       pointer|
+---------------------------+-----+-----+------------+----------------+--------------+

============================================================
+ Verbose Summary: Synthesis Manager
============================================================
InlineROM: 1
ExposeGlobal: 0
============================================================
+ Verbose Summary: CDFG Model
============================================================
IsTopModel: 0
ResetActiveHigh: 1
IsCombinational: 2
IsDatapathOnly: 0
HasWiredReturn: 1
HasMFsm: 0
HasVarLatency: 1
IsPipeline: 0
IsRtlPipelined: 0
IsInstanceOverlapped: 0
IsDontTouch: 0
HasImplIP: 0
IsGatedGlobalClock: 0


============================================================
+ Verbose Summary: Schedule
============================================================
* Number of FSM states : 72
* Pipeline : 0
* Dataflow Pipeline: 0

* FSM state transitions: 
1 --> 2 72 
2 --> 3 
3 --> 4 
4 --> 5 
5 --> 6 
6 --> 7 
7 --> 8 
8 --> 9 
9 --> 10 
10 --> 11 
11 --> 12 
12 --> 13 
13 --> 14 
14 --> 15 
15 --> 16 
16 --> 17 
17 --> 18 
18 --> 19 
19 --> 20 
20 --> 21 
21 --> 22 
22 --> 23 
23 --> 24 
24 --> 25 
25 --> 26 
26 --> 27 
27 --> 28 
28 --> 29 
29 --> 30 
30 --> 31 
31 --> 32 
32 --> 33 
33 --> 34 
34 --> 35 
35 --> 36 
36 --> 37 
37 --> 38 
38 --> 39 
39 --> 40 
40 --> 41 
41 --> 42 
42 --> 43 
43 --> 44 
44 --> 45 
45 --> 46 
46 --> 47 
47 --> 48 
48 --> 49 
49 --> 50 
50 --> 51 
51 --> 52 
52 --> 53 
53 --> 54 
54 --> 55 
55 --> 56 
56 --> 57 
57 --> 58 
58 --> 59 
59 --> 60 
60 --> 61 
61 --> 62 
62 --> 63 
63 --> 64 
64 --> 65 
65 --> 66 
66 --> 67 
67 --> 68 
68 --> 69 
69 --> 70 
70 --> 71 
71 --> 72 
72 --> 

* FSM state operations: 

State 1 <SV = 0> <Delay = 3.11>
ST_1 : Operation 73 [1/1] (0.00ns)   --->   "%specinterface_ln0 = specinterface void @_ssdm_op_SpecInterface, i64 %out_r, void @ap_fifo_str, i32 0, i32 0, void @p_str, i32 0, i32 0, void @p_str, void @p_str, void @p_str, i32 2, i32 2, i32 16, i32 16, void @p_str, void @ScalarProp_str, i32 4294967295, i32 0, i32 0, i32 0"   --->   Operation 73 'specinterface' 'specinterface_ln0' <Predicate = true> <Delay = 0.00>
ST_1 : Operation 74 [1/1] (1.82ns)   --->   "%p_read_2 = read i1 @_ssdm_op_Read.ap_auto.i1, i1 %p_read"   --->   Operation 74 'read' 'p_read_2' <Predicate = true> <Delay = 1.82> <CoreInst = "FIFO_SRL">   --->   Core 80 'FIFO_SRL' <Latency = 0> <II = 1> <Delay = 1.83> <Storage> <Opcode : 'read' 'write' 'nbread' 'nbwrite'> <Ports = 0> <Width = 1> <Depth = 2> <FIFO>
ST_1 : Operation 75 [1/1] ( I:1.82ns O:1.82ns )   --->   "%output = read i64 @_ssdm_op_Read.ap_fifo.i64P0A, i64 %out_r"   --->   Operation 75 'read' 'output' <Predicate = true> <Delay = 1.82> <CoreInst = "FIFO_SRL">   --->   Core 80 'FIFO_SRL' <Latency = 0> <II = 1> <Delay = 1.94> <Storage> <Opcode : 'read' 'write' 'nbread' 'nbwrite'> <Ports = 0> <Width = 64> <Depth = 9> <FIFO>
ST_1 : Operation 76 [1/1] (0.00ns)   --->   "%specinterface_ln0 = specinterface void @_ssdm_op_SpecInterface, i512 %gmem_out, void @empty, i32 0, i32 0, void @empty_0, i32 64, i32 0, void @empty_8, void @empty_14, void @empty_0, i32 16, i32 16, i32 16, i32 16, void @empty_0, void @empty_0, i32 4294967295, i32 0, i32 0, i32 64"   --->   Operation 76 'specinterface' 'specinterface_ln0' <Predicate = true> <Delay = 0.00>
ST_1 : Operation 77 [1/1] (0.00ns)   --->   "%br_ln14 = br i1 %p_read_2, void %newFuncRoot.aft.aft.aft.aft.aft.aft.aft.aft.aft.aft.aft.aft.exitStub, void %if.end.i" [../src/output_row.cpp:14->../src/canny_top.cpp:29]   --->   Operation 77 'br' 'br_ln14' <Predicate = true> <Delay = 0.00>
ST_1 : Operation 78 [1/1] (0.00ns)   --->   "%rowsReceived_load = load i32 %rowsReceived" [../src/output_row.cpp:18->../src/canny_top.cpp:29]   --->   Operation 78 'load' 'rowsReceived_load' <Predicate = (p_read_2)> <Delay = 0.00>
ST_1 : Operation 79 [1/1] (1.01ns)   --->   "%add_ln18 = add i32 %rowsReceived_load, i32 1" [../src/output_row.cpp:18->../src/canny_top.cpp:29]   --->   Operation 79 'add' 'add_ln18' <Predicate = (p_read_2)> <Delay = 1.01> <CoreInst = "Adder">   --->   Core 1 'Adder' <Latency = 0> <II = 1> <Delay = 1.01> <FuncUnit> <Opcode : 'add' 'sub'> <InPorts = 2> <OutPorts = 1>
ST_1 : Operation 80 [1/1] (0.00ns)   --->   "%store_ln18 = store i32 %add_ln18, i32 %rowsReceived" [../src/output_row.cpp:18->../src/canny_top.cpp:29]   --->   Operation 80 'store' 'store_ln18' <Predicate = (p_read_2)> <Delay = 0.00>
ST_1 : Operation 81 [1/1] (0.00ns) (grouped into LUT with out node add_ln21)   --->   "%shl_ln21 = shl i32 %add_ln18, i32 9" [../src/output_row.cpp:21->../src/canny_top.cpp:29]   --->   Operation 81 'shl' 'shl_ln21' <Predicate = (p_read_2)> <Delay = 0.00>
ST_1 : Operation 82 [1/1] (1.01ns) (out node of the LUT)   --->   "%add_ln21 = add i32 %shl_ln21, i32 4294966784" [../src/output_row.cpp:21->../src/canny_top.cpp:29]   --->   Operation 82 'add' 'add_ln21' <Predicate = (p_read_2)> <Delay = 1.01> <CoreInst = "Adder">   --->   Core 1 'Adder' <Latency = 0> <II = 1> <Delay = 1.01> <FuncUnit> <Opcode : 'add' 'sub'> <InPorts = 2> <OutPorts = 1>
ST_1 : Operation 83 [1/1] (0.00ns)   --->   "%sext_ln20 = sext i32 %add_ln21" [../src/output_row.cpp:20->../src/canny_top.cpp:29]   --->   Operation 83 'sext' 'sext_ln20' <Predicate = (p_read_2)> <Delay = 0.00>
ST_1 : Operation 84 [1/1] (1.08ns)   --->   "%add_ln20 = add i64 %output, i64 %sext_ln20" [../src/output_row.cpp:20->../src/canny_top.cpp:29]   --->   Operation 84 'add' 'add_ln20' <Predicate = (p_read_2)> <Delay = 1.08> <CoreInst = "Adder">   --->   Core 1 'Adder' <Latency = 0> <II = 1> <Delay = 1.08> <FuncUnit> <Opcode : 'add' 'sub'> <InPorts = 2> <OutPorts = 1>
ST_1 : Operation 85 [1/1] (0.00ns)   --->   "%trunc_ln = partselect i58 @_ssdm_op_PartSelect.i58.i64.i32.i32, i64 %add_ln20, i32 6, i32 63" [../src/output_row.cpp:20->../src/canny_top.cpp:29]   --->   Operation 85 'partselect' 'trunc_ln' <Predicate = (p_read_2)> <Delay = 0.00>

State 2 <SV = 1> <Delay = 3.65>
ST_2 : Operation 86 [1/1] (0.00ns)   --->   "%sext_ln20_1 = sext i58 %trunc_ln" [../src/output_row.cpp:20->../src/canny_top.cpp:29]   --->   Operation 86 'sext' 'sext_ln20_1' <Predicate = true> <Delay = 0.00>
ST_2 : Operation 87 [1/1] (0.00ns)   --->   "%gmem_out_addr = getelementptr i512 %gmem_out, i64 %sext_ln20_1" [../src/output_row.cpp:20->../src/canny_top.cpp:29]   --->   Operation 87 'getelementptr' 'gmem_out_addr' <Predicate = true> <Delay = 0.00>
ST_2 : Operation 88 [1/1] ( I:3.65ns O:3.65ns )   --->   "%empty = writereq i1 @_ssdm_op_WriteReq.m_axi.p1i512, i64 %gmem_out_addr, i64 8" [../src/output_row.cpp:20->../src/canny_top.cpp:29]   --->   Operation 88 'writereq' 'empty' <Predicate = true> <Delay = 3.65> <CoreInst = "m_axi">   --->   Core 119 'm_axi' <Latency = 9> <II = 1> <Delay = 1.00> <Adapter> <Opcode : 'readrequnaligned' 'writerequnaligned' 'read' 'write' 'readreq' 'writereq' 'writeresp'>

State 3 <SV = 2> <Delay = 0.00>
ST_3 : Operation 89 [2/2] (0.00ns)   --->   "%call_ln20 = call void @output_row_Pipeline_VITIS_LOOP_20_1, i512 %gmem_out, i58 %trunc_ln, i2 %out_hysteresis" [../src/output_row.cpp:20->../src/canny_top.cpp:29]   --->   Operation 89 'call' 'call_ln20' <Predicate = true> <Delay = 0.00> <CoreType = "Generic">   --->   Generic Core

State 4 <SV = 3> <Delay = 0.00>
ST_4 : Operation 90 [1/2] (0.00ns)   --->   "%call_ln20 = call void @output_row_Pipeline_VITIS_LOOP_20_1, i512 %gmem_out, i58 %trunc_ln, i2 %out_hysteresis" [../src/output_row.cpp:20->../src/canny_top.cpp:29]   --->   Operation 90 'call' 'call_ln20' <Predicate = true> <Delay = 0.00> <CoreType = "Generic">   --->   Generic Core

State 5 <SV = 4> <Delay = 0.00>
ST_5 : Operation 91 [68/68] (3.65ns)   --->   "%empty_41 = writeresp i1 @_ssdm_op_WriteResp.m_axi.p1i512, i64 %gmem_out_addr" [../src/output_row.cpp:23->../src/canny_top.cpp:29]   --->   Operation 91 'writeresp' 'empty_41' <Predicate = true> <Delay = 3.65> <CoreInst = "m_axi">   --->   Core 119 'm_axi' <Latency = 3> <II = 1> <Delay = 1.00> <Adapter> <Opcode : 'readrequnaligned' 'writerequnaligned' 'read' 'write' 'readreq' 'writereq' 'writeresp'>

State 6 <SV = 5> <Delay = 0.00>
ST_6 : Operation 92 [67/68] (3.65ns)   --->   "%empty_41 = writeresp i1 @_ssdm_op_WriteResp.m_axi.p1i512, i64 %gmem_out_addr" [../src/output_row.cpp:23->../src/canny_top.cpp:29]   --->   Operation 92 'writeresp' 'empty_41' <Predicate = true> <Delay = 3.65> <CoreInst = "m_axi">   --->   Core 119 'm_axi' <Latency = 3> <II = 1> <Delay = 1.00> <Adapter> <Opcode : 'readrequnaligned' 'writerequnaligned' 'read' 'write' 'readreq' 'writereq' 'writeresp'>

State 7 <SV = 6> <Delay = 0.00>
ST_7 : Operation 93 [66/68] (3.65ns)   --->   "%empty_41 = writeresp i1 @_ssdm_op_WriteResp.m_axi.p1i512, i64 %gmem_out_addr" [../src/output_row.cpp:23->../src/canny_top.cpp:29]   --->   Operation 93 'writeresp' 'empty_41' <Predicate = true> <Delay = 3.65> <CoreInst = "m_axi">   --->   Core 119 'm_axi' <Latency = 3> <II = 1> <Delay = 1.00> <Adapter> <Opcode : 'readrequnaligned' 'writerequnaligned' 'read' 'write' 'readreq' 'writereq' 'writeresp'>

State 8 <SV = 7> <Delay = 0.00>
ST_8 : Operation 94 [65/68] (3.65ns)   --->   "%empty_41 = writeresp i1 @_ssdm_op_WriteResp.m_axi.p1i512, i64 %gmem_out_addr" [../src/output_row.cpp:23->../src/canny_top.cpp:29]   --->   Operation 94 'writeresp' 'empty_41' <Predicate = true> <Delay = 3.65> <CoreInst = "m_axi">   --->   Core 119 'm_axi' <Latency = 3> <II = 1> <Delay = 1.00> <Adapter> <Opcode : 'readrequnaligned' 'writerequnaligned' 'read' 'write' 'readreq' 'writereq' 'writeresp'>

State 9 <SV = 8> <Delay = 0.00>
ST_9 : Operation 95 [64/68] (3.65ns)   --->   "%empty_41 = writeresp i1 @_ssdm_op_WriteResp.m_axi.p1i512, i64 %gmem_out_addr" [../src/output_row.cpp:23->../src/canny_top.cpp:29]   --->   Operation 95 'writeresp' 'empty_41' <Predicate = true> <Delay = 3.65> <CoreInst = "m_axi">   --->   Core 119 'm_axi' <Latency = 3> <II = 1> <Delay = 1.00> <Adapter> <Opcode : 'readrequnaligned' 'writerequnaligned' 'read' 'write' 'readreq' 'writereq' 'writeresp'>

State 10 <SV = 9> <Delay = 0.00>
ST_10 : Operation 96 [63/68] (3.65ns)   --->   "%empty_41 = writeresp i1 @_ssdm_op_WriteResp.m_axi.p1i512, i64 %gmem_out_addr" [../src/output_row.cpp:23->../src/canny_top.cpp:29]   --->   Operation 96 'writeresp' 'empty_41' <Predicate = true> <Delay = 3.65> <CoreInst = "m_axi">   --->   Core 119 'm_axi' <Latency = 3> <II = 1> <Delay = 1.00> <Adapter> <Opcode : 'readrequnaligned' 'writerequnaligned' 'read' 'write' 'readreq' 'writereq' 'writeresp'>

State 11 <SV = 10> <Delay = 0.00>
ST_11 : Operation 97 [62/68] (3.65ns)   --->   "%empty_41 = writeresp i1 @_ssdm_op_WriteResp.m_axi.p1i512, i64 %gmem_out_addr" [../src/output_row.cpp:23->../src/canny_top.cpp:29]   --->   Operation 97 'writeresp' 'empty_41' <Predicate = true> <Delay = 3.65> <CoreInst = "m_axi">   --->   Core 119 'm_axi' <Latency = 3> <II = 1> <Delay = 1.00> <Adapter> <Opcode : 'readrequnaligned' 'writerequnaligned' 'read' 'write' 'readreq' 'writereq' 'writeresp'>

State 12 <SV = 11> <Delay = 0.00>
ST_12 : Operation 98 [61/68] (3.65ns)   --->   "%empty_41 = writeresp i1 @_ssdm_op_WriteResp.m_axi.p1i512, i64 %gmem_out_addr" [../src/output_row.cpp:23->../src/canny_top.cpp:29]   --->   Operation 98 'writeresp' 'empty_41' <Predicate = true> <Delay = 3.65> <CoreInst = "m_axi">   --->   Core 119 'm_axi' <Latency = 3> <II = 1> <Delay = 1.00> <Adapter> <Opcode : 'readrequnaligned' 'writerequnaligned' 'read' 'write' 'readreq' 'writereq' 'writeresp'>

State 13 <SV = 12> <Delay = 0.00>
ST_13 : Operation 99 [60/68] (3.65ns)   --->   "%empty_41 = writeresp i1 @_ssdm_op_WriteResp.m_axi.p1i512, i64 %gmem_out_addr" [../src/output_row.cpp:23->../src/canny_top.cpp:29]   --->   Operation 99 'writeresp' 'empty_41' <Predicate = true> <Delay = 3.65> <CoreInst = "m_axi">   --->   Core 119 'm_axi' <Latency = 3> <II = 1> <Delay = 1.00> <Adapter> <Opcode : 'readrequnaligned' 'writerequnaligned' 'read' 'write' 'readreq' 'writereq' 'writeresp'>

State 14 <SV = 13> <Delay = 0.00>
ST_14 : Operation 100 [59/68] (3.65ns)   --->   "%empty_41 = writeresp i1 @_ssdm_op_WriteResp.m_axi.p1i512, i64 %gmem_out_addr" [../src/output_row.cpp:23->../src/canny_top.cpp:29]   --->   Operation 100 'writeresp' 'empty_41' <Predicate = true> <Delay = 3.65> <CoreInst = "m_axi">   --->   Core 119 'm_axi' <Latency = 3> <II = 1> <Delay = 1.00> <Adapter> <Opcode : 'readrequnaligned' 'writerequnaligned' 'read' 'write' 'readreq' 'writereq' 'writeresp'>

State 15 <SV = 14> <Delay = 0.00>
ST_15 : Operation 101 [58/68] (3.65ns)   --->   "%empty_41 = writeresp i1 @_ssdm_op_WriteResp.m_axi.p1i512, i64 %gmem_out_addr" [../src/output_row.cpp:23->../src/canny_top.cpp:29]   --->   Operation 101 'writeresp' 'empty_41' <Predicate = true> <Delay = 3.65> <CoreInst = "m_axi">   --->   Core 119 'm_axi' <Latency = 3> <II = 1> <Delay = 1.00> <Adapter> <Opcode : 'readrequnaligned' 'writerequnaligned' 'read' 'write' 'readreq' 'writereq' 'writeresp'>

State 16 <SV = 15> <Delay = 0.00>
ST_16 : Operation 102 [57/68] (3.65ns)   --->   "%empty_41 = writeresp i1 @_ssdm_op_WriteResp.m_axi.p1i512, i64 %gmem_out_addr" [../src/output_row.cpp:23->../src/canny_top.cpp:29]   --->   Operation 102 'writeresp' 'empty_41' <Predicate = true> <Delay = 3.65> <CoreInst = "m_axi">   --->   Core 119 'm_axi' <Latency = 3> <II = 1> <Delay = 1.00> <Adapter> <Opcode : 'readrequnaligned' 'writerequnaligned' 'read' 'write' 'readreq' 'writereq' 'writeresp'>

State 17 <SV = 16> <Delay = 0.00>
ST_17 : Operation 103 [56/68] (3.65ns)   --->   "%empty_41 = writeresp i1 @_ssdm_op_WriteResp.m_axi.p1i512, i64 %gmem_out_addr" [../src/output_row.cpp:23->../src/canny_top.cpp:29]   --->   Operation 103 'writeresp' 'empty_41' <Predicate = true> <Delay = 3.65> <CoreInst = "m_axi">   --->   Core 119 'm_axi' <Latency = 3> <II = 1> <Delay = 1.00> <Adapter> <Opcode : 'readrequnaligned' 'writerequnaligned' 'read' 'write' 'readreq' 'writereq' 'writeresp'>

State 18 <SV = 17> <Delay = 0.00>
ST_18 : Operation 104 [55/68] (3.65ns)   --->   "%empty_41 = writeresp i1 @_ssdm_op_WriteResp.m_axi.p1i512, i64 %gmem_out_addr" [../src/output_row.cpp:23->../src/canny_top.cpp:29]   --->   Operation 104 'writeresp' 'empty_41' <Predicate = true> <Delay = 3.65> <CoreInst = "m_axi">   --->   Core 119 'm_axi' <Latency = 3> <II = 1> <Delay = 1.00> <Adapter> <Opcode : 'readrequnaligned' 'writerequnaligned' 'read' 'write' 'readreq' 'writereq' 'writeresp'>

State 19 <SV = 18> <Delay = 0.00>
ST_19 : Operation 105 [54/68] (3.65ns)   --->   "%empty_41 = writeresp i1 @_ssdm_op_WriteResp.m_axi.p1i512, i64 %gmem_out_addr" [../src/output_row.cpp:23->../src/canny_top.cpp:29]   --->   Operation 105 'writeresp' 'empty_41' <Predicate = true> <Delay = 3.65> <CoreInst = "m_axi">   --->   Core 119 'm_axi' <Latency = 3> <II = 1> <Delay = 1.00> <Adapter> <Opcode : 'readrequnaligned' 'writerequnaligned' 'read' 'write' 'readreq' 'writereq' 'writeresp'>

State 20 <SV = 19> <Delay = 0.00>
ST_20 : Operation 106 [53/68] (3.65ns)   --->   "%empty_41 = writeresp i1 @_ssdm_op_WriteResp.m_axi.p1i512, i64 %gmem_out_addr" [../src/output_row.cpp:23->../src/canny_top.cpp:29]   --->   Operation 106 'writeresp' 'empty_41' <Predicate = true> <Delay = 3.65> <CoreInst = "m_axi">   --->   Core 119 'm_axi' <Latency = 3> <II = 1> <Delay = 1.00> <Adapter> <Opcode : 'readrequnaligned' 'writerequnaligned' 'read' 'write' 'readreq' 'writereq' 'writeresp'>

State 21 <SV = 20> <Delay = 0.00>
ST_21 : Operation 107 [52/68] (3.65ns)   --->   "%empty_41 = writeresp i1 @_ssdm_op_WriteResp.m_axi.p1i512, i64 %gmem_out_addr" [../src/output_row.cpp:23->../src/canny_top.cpp:29]   --->   Operation 107 'writeresp' 'empty_41' <Predicate = true> <Delay = 3.65> <CoreInst = "m_axi">   --->   Core 119 'm_axi' <Latency = 3> <II = 1> <Delay = 1.00> <Adapter> <Opcode : 'readrequnaligned' 'writerequnaligned' 'read' 'write' 'readreq' 'writereq' 'writeresp'>

State 22 <SV = 21> <Delay = 0.00>
ST_22 : Operation 108 [51/68] (3.65ns)   --->   "%empty_41 = writeresp i1 @_ssdm_op_WriteResp.m_axi.p1i512, i64 %gmem_out_addr" [../src/output_row.cpp:23->../src/canny_top.cpp:29]   --->   Operation 108 'writeresp' 'empty_41' <Predicate = true> <Delay = 3.65> <CoreInst = "m_axi">   --->   Core 119 'm_axi' <Latency = 3> <II = 1> <Delay = 1.00> <Adapter> <Opcode : 'readrequnaligned' 'writerequnaligned' 'read' 'write' 'readreq' 'writereq' 'writeresp'>

State 23 <SV = 22> <Delay = 0.00>
ST_23 : Operation 109 [50/68] (3.65ns)   --->   "%empty_41 = writeresp i1 @_ssdm_op_WriteResp.m_axi.p1i512, i64 %gmem_out_addr" [../src/output_row.cpp:23->../src/canny_top.cpp:29]   --->   Operation 109 'writeresp' 'empty_41' <Predicate = true> <Delay = 3.65> <CoreInst = "m_axi">   --->   Core 119 'm_axi' <Latency = 3> <II = 1> <Delay = 1.00> <Adapter> <Opcode : 'readrequnaligned' 'writerequnaligned' 'read' 'write' 'readreq' 'writereq' 'writeresp'>

State 24 <SV = 23> <Delay = 0.00>
ST_24 : Operation 110 [49/68] (3.65ns)   --->   "%empty_41 = writeresp i1 @_ssdm_op_WriteResp.m_axi.p1i512, i64 %gmem_out_addr" [../src/output_row.cpp:23->../src/canny_top.cpp:29]   --->   Operation 110 'writeresp' 'empty_41' <Predicate = true> <Delay = 3.65> <CoreInst = "m_axi">   --->   Core 119 'm_axi' <Latency = 3> <II = 1> <Delay = 1.00> <Adapter> <Opcode : 'readrequnaligned' 'writerequnaligned' 'read' 'write' 'readreq' 'writereq' 'writeresp'>

State 25 <SV = 24> <Delay = 0.00>
ST_25 : Operation 111 [48/68] (3.65ns)   --->   "%empty_41 = writeresp i1 @_ssdm_op_WriteResp.m_axi.p1i512, i64 %gmem_out_addr" [../src/output_row.cpp:23->../src/canny_top.cpp:29]   --->   Operation 111 'writeresp' 'empty_41' <Predicate = true> <Delay = 3.65> <CoreInst = "m_axi">   --->   Core 119 'm_axi' <Latency = 3> <II = 1> <Delay = 1.00> <Adapter> <Opcode : 'readrequnaligned' 'writerequnaligned' 'read' 'write' 'readreq' 'writereq' 'writeresp'>

State 26 <SV = 25> <Delay = 0.00>
ST_26 : Operation 112 [47/68] (3.65ns)   --->   "%empty_41 = writeresp i1 @_ssdm_op_WriteResp.m_axi.p1i512, i64 %gmem_out_addr" [../src/output_row.cpp:23->../src/canny_top.cpp:29]   --->   Operation 112 'writeresp' 'empty_41' <Predicate = true> <Delay = 3.65> <CoreInst = "m_axi">   --->   Core 119 'm_axi' <Latency = 3> <II = 1> <Delay = 1.00> <Adapter> <Opcode : 'readrequnaligned' 'writerequnaligned' 'read' 'write' 'readreq' 'writereq' 'writeresp'>

State 27 <SV = 26> <Delay = 0.00>
ST_27 : Operation 113 [46/68] (3.65ns)   --->   "%empty_41 = writeresp i1 @_ssdm_op_WriteResp.m_axi.p1i512, i64 %gmem_out_addr" [../src/output_row.cpp:23->../src/canny_top.cpp:29]   --->   Operation 113 'writeresp' 'empty_41' <Predicate = true> <Delay = 3.65> <CoreInst = "m_axi">   --->   Core 119 'm_axi' <Latency = 3> <II = 1> <Delay = 1.00> <Adapter> <Opcode : 'readrequnaligned' 'writerequnaligned' 'read' 'write' 'readreq' 'writereq' 'writeresp'>

State 28 <SV = 27> <Delay = 0.00>
ST_28 : Operation 114 [45/68] (3.65ns)   --->   "%empty_41 = writeresp i1 @_ssdm_op_WriteResp.m_axi.p1i512, i64 %gmem_out_addr" [../src/output_row.cpp:23->../src/canny_top.cpp:29]   --->   Operation 114 'writeresp' 'empty_41' <Predicate = true> <Delay = 3.65> <CoreInst = "m_axi">   --->   Core 119 'm_axi' <Latency = 3> <II = 1> <Delay = 1.00> <Adapter> <Opcode : 'readrequnaligned' 'writerequnaligned' 'read' 'write' 'readreq' 'writereq' 'writeresp'>

State 29 <SV = 28> <Delay = 0.00>
ST_29 : Operation 115 [44/68] (3.65ns)   --->   "%empty_41 = writeresp i1 @_ssdm_op_WriteResp.m_axi.p1i512, i64 %gmem_out_addr" [../src/output_row.cpp:23->../src/canny_top.cpp:29]   --->   Operation 115 'writeresp' 'empty_41' <Predicate = true> <Delay = 3.65> <CoreInst = "m_axi">   --->   Core 119 'm_axi' <Latency = 3> <II = 1> <Delay = 1.00> <Adapter> <Opcode : 'readrequnaligned' 'writerequnaligned' 'read' 'write' 'readreq' 'writereq' 'writeresp'>

State 30 <SV = 29> <Delay = 0.00>
ST_30 : Operation 116 [43/68] (3.65ns)   --->   "%empty_41 = writeresp i1 @_ssdm_op_WriteResp.m_axi.p1i512, i64 %gmem_out_addr" [../src/output_row.cpp:23->../src/canny_top.cpp:29]   --->   Operation 116 'writeresp' 'empty_41' <Predicate = true> <Delay = 3.65> <CoreInst = "m_axi">   --->   Core 119 'm_axi' <Latency = 3> <II = 1> <Delay = 1.00> <Adapter> <Opcode : 'readrequnaligned' 'writerequnaligned' 'read' 'write' 'readreq' 'writereq' 'writeresp'>

State 31 <SV = 30> <Delay = 0.00>
ST_31 : Operation 117 [42/68] (3.65ns)   --->   "%empty_41 = writeresp i1 @_ssdm_op_WriteResp.m_axi.p1i512, i64 %gmem_out_addr" [../src/output_row.cpp:23->../src/canny_top.cpp:29]   --->   Operation 117 'writeresp' 'empty_41' <Predicate = true> <Delay = 3.65> <CoreInst = "m_axi">   --->   Core 119 'm_axi' <Latency = 3> <II = 1> <Delay = 1.00> <Adapter> <Opcode : 'readrequnaligned' 'writerequnaligned' 'read' 'write' 'readreq' 'writereq' 'writeresp'>

State 32 <SV = 31> <Delay = 0.00>
ST_32 : Operation 118 [41/68] (3.65ns)   --->   "%empty_41 = writeresp i1 @_ssdm_op_WriteResp.m_axi.p1i512, i64 %gmem_out_addr" [../src/output_row.cpp:23->../src/canny_top.cpp:29]   --->   Operation 118 'writeresp' 'empty_41' <Predicate = true> <Delay = 3.65> <CoreInst = "m_axi">   --->   Core 119 'm_axi' <Latency = 3> <II = 1> <Delay = 1.00> <Adapter> <Opcode : 'readrequnaligned' 'writerequnaligned' 'read' 'write' 'readreq' 'writereq' 'writeresp'>

State 33 <SV = 32> <Delay = 0.00>
ST_33 : Operation 119 [40/68] (3.65ns)   --->   "%empty_41 = writeresp i1 @_ssdm_op_WriteResp.m_axi.p1i512, i64 %gmem_out_addr" [../src/output_row.cpp:23->../src/canny_top.cpp:29]   --->   Operation 119 'writeresp' 'empty_41' <Predicate = true> <Delay = 3.65> <CoreInst = "m_axi">   --->   Core 119 'm_axi' <Latency = 3> <II = 1> <Delay = 1.00> <Adapter> <Opcode : 'readrequnaligned' 'writerequnaligned' 'read' 'write' 'readreq' 'writereq' 'writeresp'>

State 34 <SV = 33> <Delay = 0.00>
ST_34 : Operation 120 [39/68] (3.65ns)   --->   "%empty_41 = writeresp i1 @_ssdm_op_WriteResp.m_axi.p1i512, i64 %gmem_out_addr" [../src/output_row.cpp:23->../src/canny_top.cpp:29]   --->   Operation 120 'writeresp' 'empty_41' <Predicate = true> <Delay = 3.65> <CoreInst = "m_axi">   --->   Core 119 'm_axi' <Latency = 3> <II = 1> <Delay = 1.00> <Adapter> <Opcode : 'readrequnaligned' 'writerequnaligned' 'read' 'write' 'readreq' 'writereq' 'writeresp'>

State 35 <SV = 34> <Delay = 0.00>
ST_35 : Operation 121 [38/68] (3.65ns)   --->   "%empty_41 = writeresp i1 @_ssdm_op_WriteResp.m_axi.p1i512, i64 %gmem_out_addr" [../src/output_row.cpp:23->../src/canny_top.cpp:29]   --->   Operation 121 'writeresp' 'empty_41' <Predicate = true> <Delay = 3.65> <CoreInst = "m_axi">   --->   Core 119 'm_axi' <Latency = 3> <II = 1> <Delay = 1.00> <Adapter> <Opcode : 'readrequnaligned' 'writerequnaligned' 'read' 'write' 'readreq' 'writereq' 'writeresp'>

State 36 <SV = 35> <Delay = 0.00>
ST_36 : Operation 122 [37/68] (3.65ns)   --->   "%empty_41 = writeresp i1 @_ssdm_op_WriteResp.m_axi.p1i512, i64 %gmem_out_addr" [../src/output_row.cpp:23->../src/canny_top.cpp:29]   --->   Operation 122 'writeresp' 'empty_41' <Predicate = true> <Delay = 3.65> <CoreInst = "m_axi">   --->   Core 119 'm_axi' <Latency = 3> <II = 1> <Delay = 1.00> <Adapter> <Opcode : 'readrequnaligned' 'writerequnaligned' 'read' 'write' 'readreq' 'writereq' 'writeresp'>

State 37 <SV = 36> <Delay = 0.00>
ST_37 : Operation 123 [36/68] (3.65ns)   --->   "%empty_41 = writeresp i1 @_ssdm_op_WriteResp.m_axi.p1i512, i64 %gmem_out_addr" [../src/output_row.cpp:23->../src/canny_top.cpp:29]   --->   Operation 123 'writeresp' 'empty_41' <Predicate = true> <Delay = 3.65> <CoreInst = "m_axi">   --->   Core 119 'm_axi' <Latency = 3> <II = 1> <Delay = 1.00> <Adapter> <Opcode : 'readrequnaligned' 'writerequnaligned' 'read' 'write' 'readreq' 'writereq' 'writeresp'>

State 38 <SV = 37> <Delay = 0.00>
ST_38 : Operation 124 [35/68] (3.65ns)   --->   "%empty_41 = writeresp i1 @_ssdm_op_WriteResp.m_axi.p1i512, i64 %gmem_out_addr" [../src/output_row.cpp:23->../src/canny_top.cpp:29]   --->   Operation 124 'writeresp' 'empty_41' <Predicate = true> <Delay = 3.65> <CoreInst = "m_axi">   --->   Core 119 'm_axi' <Latency = 3> <II = 1> <Delay = 1.00> <Adapter> <Opcode : 'readrequnaligned' 'writerequnaligned' 'read' 'write' 'readreq' 'writereq' 'writeresp'>

State 39 <SV = 38> <Delay = 0.00>
ST_39 : Operation 125 [34/68] (3.65ns)   --->   "%empty_41 = writeresp i1 @_ssdm_op_WriteResp.m_axi.p1i512, i64 %gmem_out_addr" [../src/output_row.cpp:23->../src/canny_top.cpp:29]   --->   Operation 125 'writeresp' 'empty_41' <Predicate = true> <Delay = 3.65> <CoreInst = "m_axi">   --->   Core 119 'm_axi' <Latency = 3> <II = 1> <Delay = 1.00> <Adapter> <Opcode : 'readrequnaligned' 'writerequnaligned' 'read' 'write' 'readreq' 'writereq' 'writeresp'>

State 40 <SV = 39> <Delay = 0.00>
ST_40 : Operation 126 [33/68] (3.65ns)   --->   "%empty_41 = writeresp i1 @_ssdm_op_WriteResp.m_axi.p1i512, i64 %gmem_out_addr" [../src/output_row.cpp:23->../src/canny_top.cpp:29]   --->   Operation 126 'writeresp' 'empty_41' <Predicate = true> <Delay = 3.65> <CoreInst = "m_axi">   --->   Core 119 'm_axi' <Latency = 3> <II = 1> <Delay = 1.00> <Adapter> <Opcode : 'readrequnaligned' 'writerequnaligned' 'read' 'write' 'readreq' 'writereq' 'writeresp'>

State 41 <SV = 40> <Delay = 0.00>
ST_41 : Operation 127 [32/68] (3.65ns)   --->   "%empty_41 = writeresp i1 @_ssdm_op_WriteResp.m_axi.p1i512, i64 %gmem_out_addr" [../src/output_row.cpp:23->../src/canny_top.cpp:29]   --->   Operation 127 'writeresp' 'empty_41' <Predicate = true> <Delay = 3.65> <CoreInst = "m_axi">   --->   Core 119 'm_axi' <Latency = 3> <II = 1> <Delay = 1.00> <Adapter> <Opcode : 'readrequnaligned' 'writerequnaligned' 'read' 'write' 'readreq' 'writereq' 'writeresp'>

State 42 <SV = 41> <Delay = 0.00>
ST_42 : Operation 128 [31/68] (3.65ns)   --->   "%empty_41 = writeresp i1 @_ssdm_op_WriteResp.m_axi.p1i512, i64 %gmem_out_addr" [../src/output_row.cpp:23->../src/canny_top.cpp:29]   --->   Operation 128 'writeresp' 'empty_41' <Predicate = true> <Delay = 3.65> <CoreInst = "m_axi">   --->   Core 119 'm_axi' <Latency = 3> <II = 1> <Delay = 1.00> <Adapter> <Opcode : 'readrequnaligned' 'writerequnaligned' 'read' 'write' 'readreq' 'writereq' 'writeresp'>

State 43 <SV = 42> <Delay = 0.00>
ST_43 : Operation 129 [30/68] (3.65ns)   --->   "%empty_41 = writeresp i1 @_ssdm_op_WriteResp.m_axi.p1i512, i64 %gmem_out_addr" [../src/output_row.cpp:23->../src/canny_top.cpp:29]   --->   Operation 129 'writeresp' 'empty_41' <Predicate = true> <Delay = 3.65> <CoreInst = "m_axi">   --->   Core 119 'm_axi' <Latency = 3> <II = 1> <Delay = 1.00> <Adapter> <Opcode : 'readrequnaligned' 'writerequnaligned' 'read' 'write' 'readreq' 'writereq' 'writeresp'>

State 44 <SV = 43> <Delay = 0.00>
ST_44 : Operation 130 [29/68] (3.65ns)   --->   "%empty_41 = writeresp i1 @_ssdm_op_WriteResp.m_axi.p1i512, i64 %gmem_out_addr" [../src/output_row.cpp:23->../src/canny_top.cpp:29]   --->   Operation 130 'writeresp' 'empty_41' <Predicate = true> <Delay = 3.65> <CoreInst = "m_axi">   --->   Core 119 'm_axi' <Latency = 3> <II = 1> <Delay = 1.00> <Adapter> <Opcode : 'readrequnaligned' 'writerequnaligned' 'read' 'write' 'readreq' 'writereq' 'writeresp'>

State 45 <SV = 44> <Delay = 0.00>
ST_45 : Operation 131 [28/68] (3.65ns)   --->   "%empty_41 = writeresp i1 @_ssdm_op_WriteResp.m_axi.p1i512, i64 %gmem_out_addr" [../src/output_row.cpp:23->../src/canny_top.cpp:29]   --->   Operation 131 'writeresp' 'empty_41' <Predicate = true> <Delay = 3.65> <CoreInst = "m_axi">   --->   Core 119 'm_axi' <Latency = 3> <II = 1> <Delay = 1.00> <Adapter> <Opcode : 'readrequnaligned' 'writerequnaligned' 'read' 'write' 'readreq' 'writereq' 'writeresp'>

State 46 <SV = 45> <Delay = 0.00>
ST_46 : Operation 132 [27/68] (3.65ns)   --->   "%empty_41 = writeresp i1 @_ssdm_op_WriteResp.m_axi.p1i512, i64 %gmem_out_addr" [../src/output_row.cpp:23->../src/canny_top.cpp:29]   --->   Operation 132 'writeresp' 'empty_41' <Predicate = true> <Delay = 3.65> <CoreInst = "m_axi">   --->   Core 119 'm_axi' <Latency = 3> <II = 1> <Delay = 1.00> <Adapter> <Opcode : 'readrequnaligned' 'writerequnaligned' 'read' 'write' 'readreq' 'writereq' 'writeresp'>

State 47 <SV = 46> <Delay = 0.00>
ST_47 : Operation 133 [26/68] (3.65ns)   --->   "%empty_41 = writeresp i1 @_ssdm_op_WriteResp.m_axi.p1i512, i64 %gmem_out_addr" [../src/output_row.cpp:23->../src/canny_top.cpp:29]   --->   Operation 133 'writeresp' 'empty_41' <Predicate = true> <Delay = 3.65> <CoreInst = "m_axi">   --->   Core 119 'm_axi' <Latency = 3> <II = 1> <Delay = 1.00> <Adapter> <Opcode : 'readrequnaligned' 'writerequnaligned' 'read' 'write' 'readreq' 'writereq' 'writeresp'>

State 48 <SV = 47> <Delay = 0.00>
ST_48 : Operation 134 [25/68] (3.65ns)   --->   "%empty_41 = writeresp i1 @_ssdm_op_WriteResp.m_axi.p1i512, i64 %gmem_out_addr" [../src/output_row.cpp:23->../src/canny_top.cpp:29]   --->   Operation 134 'writeresp' 'empty_41' <Predicate = true> <Delay = 3.65> <CoreInst = "m_axi">   --->   Core 119 'm_axi' <Latency = 3> <II = 1> <Delay = 1.00> <Adapter> <Opcode : 'readrequnaligned' 'writerequnaligned' 'read' 'write' 'readreq' 'writereq' 'writeresp'>

State 49 <SV = 48> <Delay = 0.00>
ST_49 : Operation 135 [24/68] (3.65ns)   --->   "%empty_41 = writeresp i1 @_ssdm_op_WriteResp.m_axi.p1i512, i64 %gmem_out_addr" [../src/output_row.cpp:23->../src/canny_top.cpp:29]   --->   Operation 135 'writeresp' 'empty_41' <Predicate = true> <Delay = 3.65> <CoreInst = "m_axi">   --->   Core 119 'm_axi' <Latency = 3> <II = 1> <Delay = 1.00> <Adapter> <Opcode : 'readrequnaligned' 'writerequnaligned' 'read' 'write' 'readreq' 'writereq' 'writeresp'>

State 50 <SV = 49> <Delay = 0.00>
ST_50 : Operation 136 [23/68] (3.65ns)   --->   "%empty_41 = writeresp i1 @_ssdm_op_WriteResp.m_axi.p1i512, i64 %gmem_out_addr" [../src/output_row.cpp:23->../src/canny_top.cpp:29]   --->   Operation 136 'writeresp' 'empty_41' <Predicate = true> <Delay = 3.65> <CoreInst = "m_axi">   --->   Core 119 'm_axi' <Latency = 3> <II = 1> <Delay = 1.00> <Adapter> <Opcode : 'readrequnaligned' 'writerequnaligned' 'read' 'write' 'readreq' 'writereq' 'writeresp'>

State 51 <SV = 50> <Delay = 0.00>
ST_51 : Operation 137 [22/68] (3.65ns)   --->   "%empty_41 = writeresp i1 @_ssdm_op_WriteResp.m_axi.p1i512, i64 %gmem_out_addr" [../src/output_row.cpp:23->../src/canny_top.cpp:29]   --->   Operation 137 'writeresp' 'empty_41' <Predicate = true> <Delay = 3.65> <CoreInst = "m_axi">   --->   Core 119 'm_axi' <Latency = 3> <II = 1> <Delay = 1.00> <Adapter> <Opcode : 'readrequnaligned' 'writerequnaligned' 'read' 'write' 'readreq' 'writereq' 'writeresp'>

State 52 <SV = 51> <Delay = 0.00>
ST_52 : Operation 138 [21/68] (3.65ns)   --->   "%empty_41 = writeresp i1 @_ssdm_op_WriteResp.m_axi.p1i512, i64 %gmem_out_addr" [../src/output_row.cpp:23->../src/canny_top.cpp:29]   --->   Operation 138 'writeresp' 'empty_41' <Predicate = true> <Delay = 3.65> <CoreInst = "m_axi">   --->   Core 119 'm_axi' <Latency = 3> <II = 1> <Delay = 1.00> <Adapter> <Opcode : 'readrequnaligned' 'writerequnaligned' 'read' 'write' 'readreq' 'writereq' 'writeresp'>

State 53 <SV = 52> <Delay = 0.00>
ST_53 : Operation 139 [20/68] (3.65ns)   --->   "%empty_41 = writeresp i1 @_ssdm_op_WriteResp.m_axi.p1i512, i64 %gmem_out_addr" [../src/output_row.cpp:23->../src/canny_top.cpp:29]   --->   Operation 139 'writeresp' 'empty_41' <Predicate = true> <Delay = 3.65> <CoreInst = "m_axi">   --->   Core 119 'm_axi' <Latency = 3> <II = 1> <Delay = 1.00> <Adapter> <Opcode : 'readrequnaligned' 'writerequnaligned' 'read' 'write' 'readreq' 'writereq' 'writeresp'>

State 54 <SV = 53> <Delay = 0.00>
ST_54 : Operation 140 [19/68] (3.65ns)   --->   "%empty_41 = writeresp i1 @_ssdm_op_WriteResp.m_axi.p1i512, i64 %gmem_out_addr" [../src/output_row.cpp:23->../src/canny_top.cpp:29]   --->   Operation 140 'writeresp' 'empty_41' <Predicate = true> <Delay = 3.65> <CoreInst = "m_axi">   --->   Core 119 'm_axi' <Latency = 3> <II = 1> <Delay = 1.00> <Adapter> <Opcode : 'readrequnaligned' 'writerequnaligned' 'read' 'write' 'readreq' 'writereq' 'writeresp'>

State 55 <SV = 54> <Delay = 0.00>
ST_55 : Operation 141 [18/68] (3.65ns)   --->   "%empty_41 = writeresp i1 @_ssdm_op_WriteResp.m_axi.p1i512, i64 %gmem_out_addr" [../src/output_row.cpp:23->../src/canny_top.cpp:29]   --->   Operation 141 'writeresp' 'empty_41' <Predicate = true> <Delay = 3.65> <CoreInst = "m_axi">   --->   Core 119 'm_axi' <Latency = 3> <II = 1> <Delay = 1.00> <Adapter> <Opcode : 'readrequnaligned' 'writerequnaligned' 'read' 'write' 'readreq' 'writereq' 'writeresp'>

State 56 <SV = 55> <Delay = 0.00>
ST_56 : Operation 142 [17/68] (3.65ns)   --->   "%empty_41 = writeresp i1 @_ssdm_op_WriteResp.m_axi.p1i512, i64 %gmem_out_addr" [../src/output_row.cpp:23->../src/canny_top.cpp:29]   --->   Operation 142 'writeresp' 'empty_41' <Predicate = true> <Delay = 3.65> <CoreInst = "m_axi">   --->   Core 119 'm_axi' <Latency = 3> <II = 1> <Delay = 1.00> <Adapter> <Opcode : 'readrequnaligned' 'writerequnaligned' 'read' 'write' 'readreq' 'writereq' 'writeresp'>

State 57 <SV = 56> <Delay = 0.00>
ST_57 : Operation 143 [16/68] (3.65ns)   --->   "%empty_41 = writeresp i1 @_ssdm_op_WriteResp.m_axi.p1i512, i64 %gmem_out_addr" [../src/output_row.cpp:23->../src/canny_top.cpp:29]   --->   Operation 143 'writeresp' 'empty_41' <Predicate = true> <Delay = 3.65> <CoreInst = "m_axi">   --->   Core 119 'm_axi' <Latency = 3> <II = 1> <Delay = 1.00> <Adapter> <Opcode : 'readrequnaligned' 'writerequnaligned' 'read' 'write' 'readreq' 'writereq' 'writeresp'>

State 58 <SV = 57> <Delay = 0.00>
ST_58 : Operation 144 [15/68] (3.65ns)   --->   "%empty_41 = writeresp i1 @_ssdm_op_WriteResp.m_axi.p1i512, i64 %gmem_out_addr" [../src/output_row.cpp:23->../src/canny_top.cpp:29]   --->   Operation 144 'writeresp' 'empty_41' <Predicate = true> <Delay = 3.65> <CoreInst = "m_axi">   --->   Core 119 'm_axi' <Latency = 3> <II = 1> <Delay = 1.00> <Adapter> <Opcode : 'readrequnaligned' 'writerequnaligned' 'read' 'write' 'readreq' 'writereq' 'writeresp'>

State 59 <SV = 58> <Delay = 0.00>
ST_59 : Operation 145 [14/68] (3.65ns)   --->   "%empty_41 = writeresp i1 @_ssdm_op_WriteResp.m_axi.p1i512, i64 %gmem_out_addr" [../src/output_row.cpp:23->../src/canny_top.cpp:29]   --->   Operation 145 'writeresp' 'empty_41' <Predicate = true> <Delay = 3.65> <CoreInst = "m_axi">   --->   Core 119 'm_axi' <Latency = 3> <II = 1> <Delay = 1.00> <Adapter> <Opcode : 'readrequnaligned' 'writerequnaligned' 'read' 'write' 'readreq' 'writereq' 'writeresp'>

State 60 <SV = 59> <Delay = 0.00>
ST_60 : Operation 146 [13/68] (3.65ns)   --->   "%empty_41 = writeresp i1 @_ssdm_op_WriteResp.m_axi.p1i512, i64 %gmem_out_addr" [../src/output_row.cpp:23->../src/canny_top.cpp:29]   --->   Operation 146 'writeresp' 'empty_41' <Predicate = true> <Delay = 3.65> <CoreInst = "m_axi">   --->   Core 119 'm_axi' <Latency = 3> <II = 1> <Delay = 1.00> <Adapter> <Opcode : 'readrequnaligned' 'writerequnaligned' 'read' 'write' 'readreq' 'writereq' 'writeresp'>

State 61 <SV = 60> <Delay = 0.00>
ST_61 : Operation 147 [12/68] (3.65ns)   --->   "%empty_41 = writeresp i1 @_ssdm_op_WriteResp.m_axi.p1i512, i64 %gmem_out_addr" [../src/output_row.cpp:23->../src/canny_top.cpp:29]   --->   Operation 147 'writeresp' 'empty_41' <Predicate = true> <Delay = 3.65> <CoreInst = "m_axi">   --->   Core 119 'm_axi' <Latency = 3> <II = 1> <Delay = 1.00> <Adapter> <Opcode : 'readrequnaligned' 'writerequnaligned' 'read' 'write' 'readreq' 'writereq' 'writeresp'>

State 62 <SV = 61> <Delay = 0.00>
ST_62 : Operation 148 [11/68] (3.65ns)   --->   "%empty_41 = writeresp i1 @_ssdm_op_WriteResp.m_axi.p1i512, i64 %gmem_out_addr" [../src/output_row.cpp:23->../src/canny_top.cpp:29]   --->   Operation 148 'writeresp' 'empty_41' <Predicate = true> <Delay = 3.65> <CoreInst = "m_axi">   --->   Core 119 'm_axi' <Latency = 3> <II = 1> <Delay = 1.00> <Adapter> <Opcode : 'readrequnaligned' 'writerequnaligned' 'read' 'write' 'readreq' 'writereq' 'writeresp'>

State 63 <SV = 62> <Delay = 0.00>
ST_63 : Operation 149 [10/68] (3.65ns)   --->   "%empty_41 = writeresp i1 @_ssdm_op_WriteResp.m_axi.p1i512, i64 %gmem_out_addr" [../src/output_row.cpp:23->../src/canny_top.cpp:29]   --->   Operation 149 'writeresp' 'empty_41' <Predicate = true> <Delay = 3.65> <CoreInst = "m_axi">   --->   Core 119 'm_axi' <Latency = 3> <II = 1> <Delay = 1.00> <Adapter> <Opcode : 'readrequnaligned' 'writerequnaligned' 'read' 'write' 'readreq' 'writereq' 'writeresp'>

State 64 <SV = 63> <Delay = 0.00>
ST_64 : Operation 150 [9/68] (3.65ns)   --->   "%empty_41 = writeresp i1 @_ssdm_op_WriteResp.m_axi.p1i512, i64 %gmem_out_addr" [../src/output_row.cpp:23->../src/canny_top.cpp:29]   --->   Operation 150 'writeresp' 'empty_41' <Predicate = true> <Delay = 3.65> <CoreInst = "m_axi">   --->   Core 119 'm_axi' <Latency = 3> <II = 1> <Delay = 1.00> <Adapter> <Opcode : 'readrequnaligned' 'writerequnaligned' 'read' 'write' 'readreq' 'writereq' 'writeresp'>

State 65 <SV = 64> <Delay = 0.00>
ST_65 : Operation 151 [8/68] (3.65ns)   --->   "%empty_41 = writeresp i1 @_ssdm_op_WriteResp.m_axi.p1i512, i64 %gmem_out_addr" [../src/output_row.cpp:23->../src/canny_top.cpp:29]   --->   Operation 151 'writeresp' 'empty_41' <Predicate = true> <Delay = 3.65> <CoreInst = "m_axi">   --->   Core 119 'm_axi' <Latency = 3> <II = 1> <Delay = 1.00> <Adapter> <Opcode : 'readrequnaligned' 'writerequnaligned' 'read' 'write' 'readreq' 'writereq' 'writeresp'>

State 66 <SV = 65> <Delay = 0.00>
ST_66 : Operation 152 [7/68] (3.65ns)   --->   "%empty_41 = writeresp i1 @_ssdm_op_WriteResp.m_axi.p1i512, i64 %gmem_out_addr" [../src/output_row.cpp:23->../src/canny_top.cpp:29]   --->   Operation 152 'writeresp' 'empty_41' <Predicate = true> <Delay = 3.65> <CoreInst = "m_axi">   --->   Core 119 'm_axi' <Latency = 3> <II = 1> <Delay = 1.00> <Adapter> <Opcode : 'readrequnaligned' 'writerequnaligned' 'read' 'write' 'readreq' 'writereq' 'writeresp'>

State 67 <SV = 66> <Delay = 0.00>
ST_67 : Operation 153 [6/68] (3.65ns)   --->   "%empty_41 = writeresp i1 @_ssdm_op_WriteResp.m_axi.p1i512, i64 %gmem_out_addr" [../src/output_row.cpp:23->../src/canny_top.cpp:29]   --->   Operation 153 'writeresp' 'empty_41' <Predicate = true> <Delay = 3.65> <CoreInst = "m_axi">   --->   Core 119 'm_axi' <Latency = 3> <II = 1> <Delay = 1.00> <Adapter> <Opcode : 'readrequnaligned' 'writerequnaligned' 'read' 'write' 'readreq' 'writereq' 'writeresp'>

State 68 <SV = 67> <Delay = 0.00>
ST_68 : Operation 154 [5/68] (3.65ns)   --->   "%empty_41 = writeresp i1 @_ssdm_op_WriteResp.m_axi.p1i512, i64 %gmem_out_addr" [../src/output_row.cpp:23->../src/canny_top.cpp:29]   --->   Operation 154 'writeresp' 'empty_41' <Predicate = true> <Delay = 3.65> <CoreInst = "m_axi">   --->   Core 119 'm_axi' <Latency = 3> <II = 1> <Delay = 1.00> <Adapter> <Opcode : 'readrequnaligned' 'writerequnaligned' 'read' 'write' 'readreq' 'writereq' 'writeresp'>

State 69 <SV = 68> <Delay = 0.00>
ST_69 : Operation 155 [4/68] (3.65ns)   --->   "%empty_41 = writeresp i1 @_ssdm_op_WriteResp.m_axi.p1i512, i64 %gmem_out_addr" [../src/output_row.cpp:23->../src/canny_top.cpp:29]   --->   Operation 155 'writeresp' 'empty_41' <Predicate = true> <Delay = 3.65> <CoreInst = "m_axi">   --->   Core 119 'm_axi' <Latency = 3> <II = 1> <Delay = 1.00> <Adapter> <Opcode : 'readrequnaligned' 'writerequnaligned' 'read' 'write' 'readreq' 'writereq' 'writeresp'>

State 70 <SV = 69> <Delay = 0.00>
ST_70 : Operation 156 [3/68] (3.65ns)   --->   "%empty_41 = writeresp i1 @_ssdm_op_WriteResp.m_axi.p1i512, i64 %gmem_out_addr" [../src/output_row.cpp:23->../src/canny_top.cpp:29]   --->   Operation 156 'writeresp' 'empty_41' <Predicate = true> <Delay = 3.65> <CoreInst = "m_axi">   --->   Core 119 'm_axi' <Latency = 3> <II = 1> <Delay = 1.00> <Adapter> <Opcode : 'readrequnaligned' 'writerequnaligned' 'read' 'write' 'readreq' 'writereq' 'writeresp'>

State 71 <SV = 70> <Delay = 0.00>
ST_71 : Operation 157 [2/68] (3.65ns)   --->   "%empty_41 = writeresp i1 @_ssdm_op_WriteResp.m_axi.p1i512, i64 %gmem_out_addr" [../src/output_row.cpp:23->../src/canny_top.cpp:29]   --->   Operation 157 'writeresp' 'empty_41' <Predicate = true> <Delay = 3.65> <CoreInst = "m_axi">   --->   Core 119 'm_axi' <Latency = 3> <II = 1> <Delay = 1.00> <Adapter> <Opcode : 'readrequnaligned' 'writerequnaligned' 'read' 'write' 'readreq' 'writereq' 'writeresp'>

State 72 <SV = 71> <Delay = 3.65>
ST_72 : Operation 158 [1/68] ( I:3.65ns O:3.65ns )   --->   "%empty_41 = writeresp i1 @_ssdm_op_WriteResp.m_axi.p1i512, i64 %gmem_out_addr" [../src/output_row.cpp:23->../src/canny_top.cpp:29]   --->   Operation 158 'writeresp' 'empty_41' <Predicate = (p_read_2)> <Delay = 3.65> <CoreInst = "m_axi">   --->   Core 119 'm_axi' <Latency = 3> <II = 1> <Delay = 1.00> <Adapter> <Opcode : 'readrequnaligned' 'writerequnaligned' 'read' 'write' 'readreq' 'writereq' 'writeresp'>
ST_72 : Operation 159 [1/1] (0.00ns)   --->   "%br_ln23 = br void %newFuncRoot.aft.aft.aft.aft.aft.aft.aft.aft.aft.aft.aft.aft.exitStub" [../src/output_row.cpp:23->../src/canny_top.cpp:29]   --->   Operation 159 'br' 'br_ln23' <Predicate = (p_read_2)> <Delay = 0.00>
ST_72 : Operation 160 [1/1] (0.00ns)   --->   "%ret_ln0 = ret"   --->   Operation 160 'ret' 'ret_ln0' <Predicate = true> <Delay = 0.00>


============================================================
+ Verbose Summary: Binding
============================================================
STG Binding: 
---------------- STG Properties BEGIN ----------------
- Is combinational: 0
- Is one-state seq: 0
- Is datapath-only: 0
- Is pipelined: 0
- Is top level: 0
Port [ Return ] is wired: 1; IO mode=ap_ctrl_hs:ce=0
Port [ p_read]:  wired=1; compound=0; hidden=0; nouse=0; global=0; static=0; extern=0; dir=0; type=0; pingpong=0; private_global=0; IO mode=ap_none:ce=0
Port [ out_hysteresis]:  wired=1; compound=1; hidden=0; nouse=0; global=0; static=0; extern=0; dir=0; type=1; pingpong=1; private_global=0; MemPort=[13]; IO mode=ap_memory:ce=0
Port [ gmem_out]:  wired=1; compound=1; hidden=0; nouse=0; global=0; static=0; extern=0; dir=1; type=4; pingpong=0; private_global=0; IO mode=m_axi:ce=0
Port [ out_r]:  wired=1; compound=1; hidden=0; nouse=0; global=0; static=0; extern=0; dir=0; type=3; pingpong=0; private_global=0; IO mode=ap_fifo:ce=0
Port [ rowsReceived]:  wired=0; compound=0; hidden=1; nouse=0; global=1; static=1; extern=0; dir=2; type=0; pingpong=0; private_global=1; IO mode=ap_ovld:ce=0
---------------- STG Properties END ------------------

---------------- Datapath Model BEGIN ----------------

<LifeTime>
<method=bitvector/>
specinterface_ln0 (specinterface) [ 0000000000000000000000000000000000000000000000000000000000000000000000000]
p_read_2          (read         ) [ 0111111111111111111111111111111111111111111111111111111111111111111111111]
output            (read         ) [ 0000000000000000000000000000000000000000000000000000000000000000000000000]
specinterface_ln0 (specinterface) [ 0000000000000000000000000000000000000000000000000000000000000000000000000]
br_ln14           (br           ) [ 0000000000000000000000000000000000000000000000000000000000000000000000000]
rowsReceived_load (load         ) [ 0000000000000000000000000000000000000000000000000000000000000000000000000]
add_ln18          (add          ) [ 0000000000000000000000000000000000000000000000000000000000000000000000000]
store_ln18        (store        ) [ 0000000000000000000000000000000000000000000000000000000000000000000000000]
shl_ln21          (shl          ) [ 0000000000000000000000000000000000000000000000000000000000000000000000000]
add_ln21          (add          ) [ 0000000000000000000000000000000000000000000000000000000000000000000000000]
sext_ln20         (sext         ) [ 0000000000000000000000000000000000000000000000000000000000000000000000000]
add_ln20          (add          ) [ 0000000000000000000000000000000000000000000000000000000000000000000000000]
trunc_ln          (partselect   ) [ 0011100000000000000000000000000000000000000000000000000000000000000000000]
sext_ln20_1       (sext         ) [ 0000000000000000000000000000000000000000000000000000000000000000000000000]
gmem_out_addr     (getelementptr) [ 0001111111111111111111111111111111111111111111111111111111111111111111111]
empty             (writereq     ) [ 0000000000000000000000000000000000000000000000000000000000000000000000000]
call_ln20         (call         ) [ 0000000000000000000000000000000000000000000000000000000000000000000000000]
empty_41          (writeresp    ) [ 0000000000000000000000000000000000000000000000000000000000000000000000000]
br_ln23           (br           ) [ 0000000000000000000000000000000000000000000000000000000000000000000000000]
ret_ln0           (ret          ) [ 0000000000000000000000000000000000000000000000000000000000000000000000000]
</LifeTime>

<model>

<comp_list>
<comp id="0" class="1000" name="p_read">
<pin_list>
<pin id="1" dir="1" index="0" bw="1" slack="0"/>
</pin_list>
<bind>
<StgValue><ssdm name="p_read"/></StgValue>
</bind>
</comp>

<comp id="2" class="1000" name="out_hysteresis">
<pin_list>
<pin id="3" dir="1" index="0" bw="1" slack="0"/>
</pin_list>
<bind>
<StgValue><ssdm name="out_hysteresis"/><MemPortTyVec>1 3 </MemPortTyVec>
</StgValue>
</bind>
</comp>

<comp id="4" class="1000" name="gmem_out">
<pin_list>
<pin id="5" dir="1" index="0" bw="1" slack="0"/>
</pin_list>
<bind>
<StgValue><ssdm name="gmem_out"/><MemPortTyVec>1 </MemPortTyVec>
</StgValue>
</bind>
</comp>

<comp id="6" class="1000" name="out_r">
<pin_list>
<pin id="7" dir="1" index="0" bw="1" slack="0"/>
</pin_list>
<bind>
<StgValue><ssdm name="out_r"/></StgValue>
</bind>
</comp>

<comp id="8" class="1000" name="rowsReceived">
<pin_list>
<pin id="9" dir="1" index="0" bw="1" slack="0"/>
</pin_list>
<bind>
<StgValue><ssdm name="rowsReceived"/></StgValue>
</bind>
</comp>

<comp id="10" class="1001" name="const_10">
<pin_list>
<pin id="11" dir="1" index="0" bw="1" slack="2147483647"/>
</pin_list>
<bind>
<StgValue><ssdm name="_ssdm_op_SpecInterface"/></StgValue>
</bind>
</comp>

<comp id="12" class="1001" name="const_12">
<pin_list>
<pin id="13" dir="1" index="0" bw="1" slack="2147483647"/>
</pin_list>
<bind>
<StgValue><ssdm name="ap_fifo_str"/></StgValue>
</bind>
</comp>

<comp id="14" class="1001" name="const_14">
<pin_list>
<pin id="15" dir="1" index="0" bw="1" slack="2147483647"/>
</pin_list>
<bind>
<StgValue><ssdm name=""/></StgValue>
</bind>
</comp>

<comp id="16" class="1001" name="const_16">
<pin_list>
<pin id="17" dir="1" index="0" bw="1" slack="2147483647"/>
</pin_list>
<bind>
<StgValue><ssdm name="p_str"/></StgValue>
</bind>
</comp>

<comp id="18" class="1001" name="const_18">
<pin_list>
<pin id="19" dir="1" index="0" bw="1" slack="2147483647"/>
</pin_list>
<bind>
<StgValue><ssdm name=""/></StgValue>
</bind>
</comp>

<comp id="20" class="1001" name="const_20">
<pin_list>
<pin id="21" dir="1" index="0" bw="1" slack="2147483647"/>
</pin_list>
<bind>
<StgValue><ssdm name=""/></StgValue>
</bind>
</comp>

<comp id="22" class="1001" name="const_22">
<pin_list>
<pin id="23" dir="1" index="0" bw="1" slack="2147483647"/>
</pin_list>
<bind>
<StgValue><ssdm name="ScalarProp_str"/></StgValue>
</bind>
</comp>

<comp id="24" class="1001" name="const_24">
<pin_list>
<pin id="25" dir="1" index="0" bw="1" slack="2147483647"/>
</pin_list>
<bind>
<StgValue><ssdm name=""/></StgValue>
</bind>
</comp>

<comp id="26" class="1001" name="const_26">
<pin_list>
<pin id="27" dir="1" index="0" bw="1" slack="0"/>
</pin_list>
<bind>
<StgValue><ssdm name="_ssdm_op_Read.ap_auto.i1"/></StgValue>
</bind>
</comp>

<comp id="28" class="1001" name="const_28">
<pin_list>
<pin id="29" dir="1" index="0" bw="1" slack="0"/>
</pin_list>
<bind>
<StgValue><ssdm name="_ssdm_op_Read.ap_fifo.i64P0A"/></StgValue>
</bind>
</comp>

<comp id="30" class="1001" name="const_30">
<pin_list>
<pin id="31" dir="1" index="0" bw="1" slack="2147483647"/>
</pin_list>
<bind>
<StgValue><ssdm name="empty"/></StgValue>
</bind>
</comp>

<comp id="32" class="1001" name="const_32">
<pin_list>
<pin id="33" dir="1" index="0" bw="1" slack="2147483647"/>
</pin_list>
<bind>
<StgValue><ssdm name="empty_0"/></StgValue>
</bind>
</comp>

<comp id="34" class="1001" name="const_34">
<pin_list>
<pin id="35" dir="1" index="0" bw="1" slack="2147483647"/>
</pin_list>
<bind>
<StgValue><ssdm name=""/></StgValue>
</bind>
</comp>

<comp id="36" class="1001" name="const_36">
<pin_list>
<pin id="37" dir="1" index="0" bw="1" slack="2147483647"/>
</pin_list>
<bind>
<StgValue><ssdm name="empty_8"/></StgValue>
</bind>
</comp>

<comp id="38" class="1001" name="const_38">
<pin_list>
<pin id="39" dir="1" index="0" bw="1" slack="2147483647"/>
</pin_list>
<bind>
<StgValue><ssdm name="empty_14"/></StgValue>
</bind>
</comp>

<comp id="40" class="1001" name="const_40">
<pin_list>
<pin id="41" dir="1" index="0" bw="1" slack="0"/>
</pin_list>
<bind>
<StgValue><ssdm name=""/></StgValue>
</bind>
</comp>

<comp id="42" class="1001" name="const_42">
<pin_list>
<pin id="43" dir="1" index="0" bw="1" slack="0"/>
</pin_list>
<bind>
<StgValue><ssdm name=""/></StgValue>
</bind>
</comp>

<comp id="44" class="1001" name="const_44">
<pin_list>
<pin id="45" dir="1" index="0" bw="1" slack="0"/>
</pin_list>
<bind>
<StgValue><ssdm name=""/></StgValue>
</bind>
</comp>

<comp id="46" class="1001" name="const_46">
<pin_list>
<pin id="47" dir="1" index="0" bw="1" slack="0"/>
</pin_list>
<bind>
<StgValue><ssdm name="_ssdm_op_PartSelect.i58.i64.i32.i32"/></StgValue>
</bind>
</comp>

<comp id="48" class="1001" name="const_48">
<pin_list>
<pin id="49" dir="1" index="0" bw="1" slack="0"/>
</pin_list>
<bind>
<StgValue><ssdm name=""/></StgValue>
</bind>
</comp>

<comp id="50" class="1001" name="const_50">
<pin_list>
<pin id="51" dir="1" index="0" bw="1" slack="0"/>
</pin_list>
<bind>
<StgValue><ssdm name=""/></StgValue>
</bind>
</comp>

<comp id="52" class="1001" name="const_52">
<pin_list>
<pin id="53" dir="1" index="0" bw="1" slack="0"/>
</pin_list>
<bind>
<StgValue><ssdm name="_ssdm_op_WriteReq.m_axi.p1i512"/></StgValue>
</bind>
</comp>

<comp id="54" class="1001" name="const_54">
<pin_list>
<pin id="55" dir="1" index="0" bw="1" slack="0"/>
</pin_list>
<bind>
<StgValue><ssdm name=""/></StgValue>
</bind>
</comp>

<comp id="56" class="1001" name="const_56">
<pin_list>
<pin id="57" dir="1" index="0" bw="1" slack="0"/>
</pin_list>
<bind>
<StgValue><ssdm name="output_row_Pipeline_VITIS_LOOP_20_1"/></StgValue>
</bind>
</comp>

<comp id="58" class="1001" name="const_58">
<pin_list>
<pin id="59" dir="1" index="0" bw="1" slack="0"/>
</pin_list>
<bind>
<StgValue><ssdm name="_ssdm_op_WriteResp.m_axi.p1i512"/></StgValue>
</bind>
</comp>

<comp id="60" class="1004" name="p_read_2_read_fu_60">
<pin_list>
<pin id="61" dir="0" index="0" bw="1" slack="0"/>
<pin id="62" dir="0" index="1" bw="1" slack="0"/>
<pin id="63" dir="1" index="2" bw="1" slack="71"/>
</pin_list>
<bind>
<opcode="read(1150) " fcode="read"/>
<opset="p_read_2/1 "/>
</bind>
</comp>

<comp id="66" class="1004" name="output_read_fu_66">
<pin_list>
<pin id="67" dir="0" index="0" bw="64" slack="0"/>
<pin id="68" dir="0" index="1" bw="64" slack="0"/>
<pin id="69" dir="1" index="2" bw="64" slack="0"/>
</pin_list>
<bind>
<opcode="read(1150) " fcode="read"/>
<opset="output/1 "/>
</bind>
</comp>

<comp id="72" class="1004" name="empty_writereq_fu_72">
<pin_list>
<pin id="73" dir="0" index="0" bw="1" slack="0"/>
<pin id="74" dir="0" index="1" bw="512" slack="0"/>
<pin id="75" dir="0" index="2" bw="5" slack="0"/>
<pin id="76" dir="1" index="3" bw="1" slack="2147483647"/>
</pin_list>
<bind>
<opcode="writereq(1155) " fcode="writereq"/>
<opset="empty/2 "/>
</bind>
</comp>

<comp id="79" class="1004" name="grp_writeresp_fu_79">
<pin_list>
<pin id="80" dir="0" index="0" bw="1" slack="0"/>
<pin id="81" dir="0" index="1" bw="512" slack="3"/>
<pin id="82" dir="1" index="2" bw="1" slack="2147483647"/>
</pin_list>
<bind>
<opcode="writeresp(1158) " fcode="writeresp"/>
<opset="empty_41/5 "/>
</bind>
</comp>

<comp id="84" class="1004" name="grp_output_row_Pipeline_VITIS_LOOP_20_1_fu_84">
<pin_list>
<pin id="85" dir="0" index="0" bw="0" slack="0"/>
<pin id="86" dir="0" index="1" bw="512" slack="0"/>
<pin id="87" dir="0" index="2" bw="58" slack="2"/>
<pin id="88" dir="0" index="3" bw="2" slack="0"/>
<pin id="89" dir="1" index="4" bw="0" slack="2147483647"/>
</pin_list>
<bind>
<opcode="call(48) " fcode="call"/>
<opset="call_ln20/3 "/>
</bind>
</comp>

<comp id="93" class="1004" name="rowsReceived_load_load_fu_93">
<pin_list>
<pin id="94" dir="0" index="0" bw="32" slack="0"/>
<pin id="95" dir="1" index="1" bw="32" slack="0"/>
</pin_list>
<bind>
<opcode="load(27) " fcode="load"/>
<opset="rowsReceived_load/1 "/>
</bind>
</comp>

<comp id="97" class="1004" name="add_ln18_fu_97">
<pin_list>
<pin id="98" dir="0" index="0" bw="32" slack="0"/>
<pin id="99" dir="0" index="1" bw="1" slack="0"/>
<pin id="100" dir="1" index="2" bw="32" slack="0"/>
</pin_list>
<bind>
<opcode="add(8) " fcode="add"/>
<opset="add_ln18/1 "/>
</bind>
</comp>

<comp id="103" class="1004" name="store_ln18_store_fu_103">
<pin_list>
<pin id="104" dir="0" index="0" bw="32" slack="0"/>
<pin id="105" dir="0" index="1" bw="32" slack="0"/>
<pin id="106" dir="1" index="2" bw="0" slack="2147483647"/>
</pin_list>
<bind>
<opcode="store(28) " fcode="store"/>
<opset="store_ln18/1 "/>
</bind>
</comp>

<comp id="109" class="1004" name="shl_ln21_fu_109">
<pin_list>
<pin id="110" dir="0" index="0" bw="32" slack="0"/>
<pin id="111" dir="0" index="1" bw="5" slack="0"/>
<pin id="112" dir="1" index="2" bw="32" slack="0"/>
</pin_list>
<bind>
<opcode="shl(20) " fcode="shl"/>
<opset="shl_ln21/1 "/>
</bind>
</comp>

<comp id="115" class="1004" name="add_ln21_fu_115">
<pin_list>
<pin id="116" dir="0" index="0" bw="32" slack="0"/>
<pin id="117" dir="0" index="1" bw="10" slack="0"/>
<pin id="118" dir="1" index="2" bw="32" slack="0"/>
</pin_list>
<bind>
<opcode="add(8) " fcode="add"/>
<opset="add_ln21/1 "/>
</bind>
</comp>

<comp id="121" class="1004" name="sext_ln20_fu_121">
<pin_list>
<pin id="122" dir="0" index="0" bw="32" slack="0"/>
<pin id="123" dir="1" index="1" bw="64" slack="0"/>
</pin_list>
<bind>
<opcode="sext(35) " fcode="sext"/>
<opset="sext_ln20/1 "/>
</bind>
</comp>

<comp id="125" class="1004" name="add_ln20_fu_125">
<pin_list>
<pin id="126" dir="0" index="0" bw="64" slack="0"/>
<pin id="127" dir="0" index="1" bw="32" slack="0"/>
<pin id="128" dir="1" index="2" bw="64" slack="0"/>
</pin_list>
<bind>
<opcode="add(8) " fcode="add"/>
<opset="add_ln20/1 "/>
</bind>
</comp>

<comp id="131" class="1004" name="trunc_ln_fu_131">
<pin_list>
<pin id="132" dir="0" index="0" bw="58" slack="0"/>
<pin id="133" dir="0" index="1" bw="64" slack="0"/>
<pin id="134" dir="0" index="2" bw="4" slack="0"/>
<pin id="135" dir="0" index="3" bw="7" slack="0"/>
<pin id="136" dir="1" index="4" bw="58" slack="1"/>
</pin_list>
<bind>
<opcode="partselect(1002) " fcode="partselect"/>
<opset="trunc_ln/1 "/>
</bind>
</comp>

<comp id="141" class="1004" name="sext_ln20_1_fu_141">
<pin_list>
<pin id="142" dir="0" index="0" bw="58" slack="1"/>
<pin id="143" dir="1" index="1" bw="64" slack="0"/>
</pin_list>
<bind>
<opcode="sext(35) " fcode="sext"/>
<opset="sext_ln20_1/2 "/>
</bind>
</comp>

<comp id="144" class="1004" name="gmem_out_addr_fu_144">
<pin_list>
<pin id="145" dir="0" index="0" bw="64" slack="0"/>
<pin id="146" dir="0" index="1" bw="64" slack="0"/>
<pin id="147" dir="1" index="2" bw="64" slack="0"/>
</pin_list>
<bind>
<opcode="getelementptr(29) " fcode="getelementptr"/>
<opset="gmem_out_addr/2 "/>
</bind>
</comp>

<comp id="151" class="1005" name="p_read_2_reg_151">
<pin_list>
<pin id="152" dir="0" index="0" bw="1" slack="71"/>
<pin id="153" dir="1" index="1" bw="1" slack="2147483647"/>
</pin_list>
<bind>
<opset="p_read_2 "/>
</bind>
</comp>

<comp id="155" class="1005" name="trunc_ln_reg_155">
<pin_list>
<pin id="156" dir="0" index="0" bw="58" slack="1"/>
<pin id="157" dir="1" index="1" bw="58" slack="1"/>
</pin_list>
<bind>
<opset="trunc_ln "/>
</bind>
</comp>

<comp id="161" class="1005" name="gmem_out_addr_reg_161">
<pin_list>
<pin id="162" dir="0" index="0" bw="512" slack="3"/>
<pin id="163" dir="1" index="1" bw="512" slack="3"/>
</pin_list>
<bind>
<opset="gmem_out_addr "/>
</bind>
</comp>

</comp_list>

<net_list>
<net id="64"><net_src comp="26" pin="0"/><net_sink comp="60" pin=0"/></net>

<net id="65"><net_src comp="0" pin="0"/><net_sink comp="60" pin=1"/></net>

<net id="70"><net_src comp="28" pin="0"/><net_sink comp="66" pin=0"/></net>

<net id="71"><net_src comp="6" pin="0"/><net_sink comp="66" pin=1"/></net>

<net id="77"><net_src comp="52" pin="0"/><net_sink comp="72" pin=0"/></net>

<net id="78"><net_src comp="54" pin="0"/><net_sink comp="72" pin=2"/></net>

<net id="83"><net_src comp="58" pin="0"/><net_sink comp="79" pin=0"/></net>

<net id="90"><net_src comp="56" pin="0"/><net_sink comp="84" pin=0"/></net>

<net id="91"><net_src comp="4" pin="0"/><net_sink comp="84" pin=1"/></net>

<net id="92"><net_src comp="2" pin="0"/><net_sink comp="84" pin=3"/></net>

<net id="96"><net_src comp="8" pin="0"/><net_sink comp="93" pin=0"/></net>

<net id="101"><net_src comp="93" pin="1"/><net_sink comp="97" pin=0"/></net>

<net id="102"><net_src comp="40" pin="0"/><net_sink comp="97" pin=1"/></net>

<net id="107"><net_src comp="97" pin="2"/><net_sink comp="103" pin=0"/></net>

<net id="108"><net_src comp="8" pin="0"/><net_sink comp="103" pin=1"/></net>

<net id="113"><net_src comp="97" pin="2"/><net_sink comp="109" pin=0"/></net>

<net id="114"><net_src comp="42" pin="0"/><net_sink comp="109" pin=1"/></net>

<net id="119"><net_src comp="109" pin="2"/><net_sink comp="115" pin=0"/></net>

<net id="120"><net_src comp="44" pin="0"/><net_sink comp="115" pin=1"/></net>

<net id="124"><net_src comp="115" pin="2"/><net_sink comp="121" pin=0"/></net>

<net id="129"><net_src comp="66" pin="2"/><net_sink comp="125" pin=0"/></net>

<net id="130"><net_src comp="121" pin="1"/><net_sink comp="125" pin=1"/></net>

<net id="137"><net_src comp="46" pin="0"/><net_sink comp="131" pin=0"/></net>

<net id="138"><net_src comp="125" pin="2"/><net_sink comp="131" pin=1"/></net>

<net id="139"><net_src comp="48" pin="0"/><net_sink comp="131" pin=2"/></net>

<net id="140"><net_src comp="50" pin="0"/><net_sink comp="131" pin=3"/></net>

<net id="148"><net_src comp="4" pin="0"/><net_sink comp="144" pin=0"/></net>

<net id="149"><net_src comp="141" pin="1"/><net_sink comp="144" pin=1"/></net>

<net id="150"><net_src comp="144" pin="2"/><net_sink comp="72" pin=1"/></net>

<net id="154"><net_src comp="60" pin="2"/><net_sink comp="151" pin=0"/></net>

<net id="158"><net_src comp="131" pin="4"/><net_sink comp="155" pin=0"/></net>

<net id="159"><net_src comp="155" pin="1"/><net_sink comp="141" pin=0"/></net>

<net id="160"><net_src comp="155" pin="1"/><net_sink comp="84" pin=2"/></net>

<net id="164"><net_src comp="144" pin="2"/><net_sink comp="161" pin=0"/></net>

<net id="165"><net_src comp="161" pin="1"/><net_sink comp="79" pin=1"/></net>

</net_list>

</model> 
---------------- Datapath Model END ------------------

* FSMD analyzer results:
  - Output states:
	Port: gmem_out | {2 3 4 5 6 7 8 9 10 11 12 13 14 15 16 17 18 19 20 21 22 23 24 25 26 27 28 29 30 31 32 33 34 35 36 37 38 39 40 41 42 43 44 45 46 47 48 49 50 51 52 53 54 55 56 57 58 59 60 61 62 63 64 65 66 67 68 69 70 71 72 }
	Port: rowsReceived | {1 }
 - Input state : 
	Port: output_row : p_read | {1 }
	Port: output_row : out_hysteresis | {3 4 }
	Port: output_row : gmem_out | {}
	Port: output_row : out_r | {1 }
	Port: output_row : rowsReceived | {1 }
  - Chain level:
	State 1
		add_ln18 : 1
		store_ln18 : 2
		shl_ln21 : 2
		add_ln21 : 2
		sext_ln20 : 3
		add_ln20 : 4
		trunc_ln : 5
	State 2
		gmem_out_addr : 1
		empty : 2
	State 3
	State 4
	State 5
	State 6
	State 7
	State 8
	State 9
	State 10
	State 11
	State 12
	State 13
	State 14
	State 15
	State 16
	State 17
	State 18
	State 19
	State 20
	State 21
	State 22
	State 23
	State 24
	State 25
	State 26
	State 27
	State 28
	State 29
	State 30
	State 31
	State 32
	State 33
	State 34
	State 35
	State 36
	State 37
	State 38
	State 39
	State 40
	State 41
	State 42
	State 43
	State 44
	State 45
	State 46
	State 47
	State 48
	State 49
	State 50
	State 51
	State 52
	State 53
	State 54
	State 55
	State 56
	State 57
	State 58
	State 59
	State 60
	State 61
	State 62
	State 63
	State 64
	State 65
	State 66
	State 67
	State 68
	State 69
	State 70
	State 71
	State 72


============================================================
+ Verbose Summary: Datapath Resource usage 
============================================================

* Functional unit list:
|----------|-----------------------------------------------|---------|---------|---------|
| Operation|                Functional Unit                |  Delay  |    FF   |   LUT   |
|----------|-----------------------------------------------|---------|---------|---------|
|   call   | grp_output_row_Pipeline_VITIS_LOOP_20_1_fu_84 |  0.427  |   1089  |   547   |
|----------|-----------------------------------------------|---------|---------|---------|
|          |                 add_ln18_fu_97                |    0    |    0    |    39   |
|    add   |                add_ln21_fu_115                |    0    |    0    |    39   |
|          |                add_ln20_fu_125                |    0    |    0    |    71   |
|----------|-----------------------------------------------|---------|---------|---------|
|   read   |              p_read_2_read_fu_60              |    0    |    0    |    0    |
|          |               output_read_fu_66               |    0    |    0    |    0    |
|----------|-----------------------------------------------|---------|---------|---------|
| writereq |              empty_writereq_fu_72             |    0    |    0    |    0    |
|----------|-----------------------------------------------|---------|---------|---------|
| writeresp|              grp_writeresp_fu_79              |    0    |    0    |    0    |
|----------|-----------------------------------------------|---------|---------|---------|
|    shl   |                shl_ln21_fu_109                |    0    |    0    |    0    |
|----------|-----------------------------------------------|---------|---------|---------|
|   sext   |                sext_ln20_fu_121               |    0    |    0    |    0    |
|          |               sext_ln20_1_fu_141              |    0    |    0    |    0    |
|----------|-----------------------------------------------|---------|---------|---------|
|partselect|                trunc_ln_fu_131                |    0    |    0    |    0    |
|----------|-----------------------------------------------|---------|---------|---------|
|   Total  |                                               |  0.427  |   1089  |   696   |
|----------|-----------------------------------------------|---------|---------|---------|

Memories:
N/A

* Register list:
+---------------------+--------+
|                     |   FF   |
+---------------------+--------+
|gmem_out_addr_reg_161|   512  |
|   p_read_2_reg_151  |    1   |
|   trunc_ln_reg_155  |   58   |
+---------------------+--------+
|        Total        |   571  |
+---------------------+--------+

* Multiplexer (MUX) list: 
|--------|------|------|------|--------|
|  Comp  |  Pin | Size |  BW  | S x BW |
|--------|------|------|------|--------|
|  Total |      |      |      |    0   |
|--------|------|------|------|--------|



* Summary:
+-----------+--------+--------+--------+
|           |  Delay |   FF   |   LUT  |
+-----------+--------+--------+--------+
|  Function |    0   |  1089  |   696  |
|   Memory  |    -   |    -   |    -   |
|Multiplexer|    -   |    -   |    -   |
|  Register |    -   |   571  |    -   |
+-----------+--------+--------+--------+
|   Total   |    0   |  1660  |   696  |
+-----------+--------+--------+--------+
