

================================================================
== Vitis HLS Report for 'sobel'
================================================================
* Date:           Thu Jul 30 19:40:27 2026

* Version:        2025.2 (Build 6295257 on Nov 14 2025)
* Project:        canny_top
* Solution:       hls (Vitis Kernel Flow Target)
* Product family: zynquplus
* Target device:  xck26-sfvc784-2LV-c


================================================================
== Performance Estimates
================================================================
+ Timing: 
    * Summary: 
    +--------+---------+----------+------------+
    |  Clock |  Target | Estimated| Uncertainty|
    +--------+---------+----------+------------+
    |ap_clk  |  5.00 ns|  3.645 ns|     1.35 ns|
    +--------+---------+----------+------------+

+ Latency: 
    * Summary: 
    +---------+---------+----------+----------+-----+------+---------+
    |  Latency (cycles) |  Latency (absolute) |  Interval  | Pipeline|
    |   min   |   max   |    min   |    max   | min |  max |   Type  |
    +---------+---------+----------+----------+-----+------+---------+
    |        1|     1102|  5.000 ns|  5.510 us|    1|  1102|       no|
    +---------+---------+----------+----------+-----+------+---------+

    + Detail: 
        * Instance: 
        N/A

        * Loop: 
        N/A

============================================================
+ Verbose Summary: Synthesis Manager
============================================================
InlineROM: 1
ExposeGlobal: 0
============================================================
+ Verbose Summary: CDFG Model
============================================================
IsTopModel: 0
ResetActiveHigh: 1
IsCombinational: 2
IsDatapathOnly: 0
HasWiredReturn: 1
HasMFsm: 0
HasVarLatency: 1
IsPipeline: 0
IsRtlPipelined: 0
IsInstanceOverlapped: 0
IsDontTouch: 0
HasImplIP: 0
IsGatedGlobalClock: 0


============================================================
+ Verbose Summary: Schedule
============================================================
* Number of FSM states : 73
* Pipeline : 0
* Dataflow Pipeline: 0

* FSM state transitions: 
1 --> 2 73 
2 --> 3 
3 --> 4 
4 --> 5 
5 --> 6 
6 --> 7 
7 --> 8 
8 --> 9 
9 --> 10 
10 --> 11 
11 --> 12 
12 --> 13 
13 --> 14 
14 --> 15 
15 --> 16 
16 --> 17 
17 --> 18 
18 --> 19 
19 --> 20 
20 --> 21 
21 --> 22 
22 --> 23 
23 --> 24 
24 --> 25 
25 --> 26 
26 --> 27 
27 --> 28 
28 --> 29 
29 --> 30 
30 --> 31 
31 --> 32 
32 --> 33 
33 --> 34 
34 --> 35 
35 --> 36 
36 --> 37 
37 --> 38 73 
38 --> 39 
39 --> 40 
40 --> 41 
41 --> 42 
42 --> 43 
43 --> 44 
44 --> 45 
45 --> 46 
46 --> 47 
47 --> 48 
48 --> 49 
49 --> 50 
50 --> 51 
51 --> 52 
52 --> 53 
53 --> 54 
54 --> 55 
55 --> 56 
56 --> 57 
57 --> 58 
58 --> 59 
59 --> 60 
60 --> 61 
61 --> 62 
62 --> 63 
63 --> 64 
64 --> 65 
65 --> 66 
66 --> 67 
67 --> 68 
68 --> 69 
69 --> 70 
70 --> 71 
71 --> 72 
72 --> 73 
73 --> 

* FSM state operations: 

State 1 <SV = 0> <Delay = 2.25>
ST_1 : Operation 74 [1/1] (1.82ns)   --->   "%p_read_1 = read i1 @_ssdm_op_Read.ap_auto.i1, i1 %p_read" [../src/sobel.cpp:87->../src/canny_top.cpp:31]   --->   Operation 74 'read' 'p_read_1' <Predicate = true> <Delay = 1.82> <CoreInst = "FIFO_SRL">   --->   Core 80 'FIFO_SRL' <Latency = 0> <II = 1> <Delay = 1.83> <Storage> <Opcode : 'read' 'write' 'nbread' 'nbwrite'> <Ports = 0> <Width = 1> <Depth = 2> <FIFO>
ST_1 : Operation 75 [1/1] (0.42ns)   --->   "%br_ln92 = br i1 %p_read_1, void %_Z5sobelPKhP13GradientPixelbPb.2.exit, void %if.end.i" [../src/sobel.cpp:92->../src/canny_top.cpp:31]   --->   Operation 75 'br' 'br_ln92' <Predicate = true> <Delay = 0.42>
ST_1 : Operation 76 [1/1] (0.00ns)   --->   "%p_anonymous_namespace_rowsReceived_2_load = load i32 %p_anonymous_namespace_rowsReceived_2" [../src/sobel.cpp:100->../src/canny_top.cpp:31]   --->   Operation 76 'load' 'p_anonymous_namespace_rowsReceived_2_load' <Predicate = (p_read_1)> <Delay = 0.00>
ST_1 : Operation 77 [36/36] (1.47ns)   --->   "%writeSlot = srem i32 %p_anonymous_namespace_rowsReceived_2_load, i32 3" [../src/sobel.cpp:100->../src/canny_top.cpp:31]   --->   Operation 77 'srem' 'writeSlot' <Predicate = (p_read_1)> <Delay = 1.47> <CoreInst = "DivnS_SEQ">   --->   Core 7 'DivnS_SEQ' <Latency = 35> <II = 3> <Delay = 1.47> <FuncUnit> <Opcode : 'udiv' 'sdiv' 'urem' 'srem'> <InPorts = 2> <OutPorts = 1>
ST_1 : Operation 78 [1/1] (1.01ns)   --->   "%add_ln106 = add i32 %p_anonymous_namespace_rowsReceived_2_load, i32 1" [../src/sobel.cpp:106->../src/canny_top.cpp:31]   --->   Operation 78 'add' 'add_ln106' <Predicate = (p_read_1)> <Delay = 1.01> <CoreInst = "Adder">   --->   Core 1 'Adder' <Latency = 0> <II = 1> <Delay = 1.01> <FuncUnit> <Opcode : 'add' 'sub'> <InPorts = 2> <OutPorts = 1>
ST_1 : Operation 79 [1/1] (0.00ns)   --->   "%store_ln106 = store i32 %add_ln106, i32 %p_anonymous_namespace_rowsReceived_2" [../src/sobel.cpp:106->../src/canny_top.cpp:31]   --->   Operation 79 'store' 'store_ln106' <Predicate = (p_read_1)> <Delay = 0.00>

State 2 <SV = 1> <Delay = 1.47>
ST_2 : Operation 80 [35/36] (1.47ns)   --->   "%writeSlot = srem i32 %p_anonymous_namespace_rowsReceived_2_load, i32 3" [../src/sobel.cpp:100->../src/canny_top.cpp:31]   --->   Operation 80 'srem' 'writeSlot' <Predicate = true> <Delay = 1.47> <CoreInst = "DivnS_SEQ">   --->   Core 7 'DivnS_SEQ' <Latency = 35> <II = 3> <Delay = 1.47> <FuncUnit> <Opcode : 'udiv' 'sdiv' 'urem' 'srem'> <InPorts = 2> <OutPorts = 1>

State 3 <SV = 2> <Delay = 1.47>
ST_3 : Operation 81 [34/36] (1.47ns)   --->   "%writeSlot = srem i32 %p_anonymous_namespace_rowsReceived_2_load, i32 3" [../src/sobel.cpp:100->../src/canny_top.cpp:31]   --->   Operation 81 'srem' 'writeSlot' <Predicate = true> <Delay = 1.47> <CoreInst = "DivnS_SEQ">   --->   Core 7 'DivnS_SEQ' <Latency = 35> <II = 3> <Delay = 1.47> <FuncUnit> <Opcode : 'udiv' 'sdiv' 'urem' 'srem'> <InPorts = 2> <OutPorts = 1>

State 4 <SV = 3> <Delay = 1.47>
ST_4 : Operation 82 [33/36] (1.47ns)   --->   "%writeSlot = srem i32 %p_anonymous_namespace_rowsReceived_2_load, i32 3" [../src/sobel.cpp:100->../src/canny_top.cpp:31]   --->   Operation 82 'srem' 'writeSlot' <Predicate = true> <Delay = 1.47> <CoreInst = "DivnS_SEQ">   --->   Core 7 'DivnS_SEQ' <Latency = 35> <II = 3> <Delay = 1.47> <FuncUnit> <Opcode : 'udiv' 'sdiv' 'urem' 'srem'> <InPorts = 2> <OutPorts = 1>

State 5 <SV = 4> <Delay = 1.47>
ST_5 : Operation 83 [32/36] (1.47ns)   --->   "%writeSlot = srem i32 %p_anonymous_namespace_rowsReceived_2_load, i32 3" [../src/sobel.cpp:100->../src/canny_top.cpp:31]   --->   Operation 83 'srem' 'writeSlot' <Predicate = true> <Delay = 1.47> <CoreInst = "DivnS_SEQ">   --->   Core 7 'DivnS_SEQ' <Latency = 35> <II = 3> <Delay = 1.47> <FuncUnit> <Opcode : 'udiv' 'sdiv' 'urem' 'srem'> <InPorts = 2> <OutPorts = 1>

State 6 <SV = 5> <Delay = 1.47>
ST_6 : Operation 84 [31/36] (1.47ns)   --->   "%writeSlot = srem i32 %p_anonymous_namespace_rowsReceived_2_load, i32 3" [../src/sobel.cpp:100->../src/canny_top.cpp:31]   --->   Operation 84 'srem' 'writeSlot' <Predicate = true> <Delay = 1.47> <CoreInst = "DivnS_SEQ">   --->   Core 7 'DivnS_SEQ' <Latency = 35> <II = 3> <Delay = 1.47> <FuncUnit> <Opcode : 'udiv' 'sdiv' 'urem' 'srem'> <InPorts = 2> <OutPorts = 1>

State 7 <SV = 6> <Delay = 1.47>
ST_7 : Operation 85 [30/36] (1.47ns)   --->   "%writeSlot = srem i32 %p_anonymous_namespace_rowsReceived_2_load, i32 3" [../src/sobel.cpp:100->../src/canny_top.cpp:31]   --->   Operation 85 'srem' 'writeSlot' <Predicate = true> <Delay = 1.47> <CoreInst = "DivnS_SEQ">   --->   Core 7 'DivnS_SEQ' <Latency = 35> <II = 3> <Delay = 1.47> <FuncUnit> <Opcode : 'udiv' 'sdiv' 'urem' 'srem'> <InPorts = 2> <OutPorts = 1>

State 8 <SV = 7> <Delay = 1.47>
ST_8 : Operation 86 [29/36] (1.47ns)   --->   "%writeSlot = srem i32 %p_anonymous_namespace_rowsReceived_2_load, i32 3" [../src/sobel.cpp:100->../src/canny_top.cpp:31]   --->   Operation 86 'srem' 'writeSlot' <Predicate = true> <Delay = 1.47> <CoreInst = "DivnS_SEQ">   --->   Core 7 'DivnS_SEQ' <Latency = 35> <II = 3> <Delay = 1.47> <FuncUnit> <Opcode : 'udiv' 'sdiv' 'urem' 'srem'> <InPorts = 2> <OutPorts = 1>

State 9 <SV = 8> <Delay = 1.47>
ST_9 : Operation 87 [28/36] (1.47ns)   --->   "%writeSlot = srem i32 %p_anonymous_namespace_rowsReceived_2_load, i32 3" [../src/sobel.cpp:100->../src/canny_top.cpp:31]   --->   Operation 87 'srem' 'writeSlot' <Predicate = true> <Delay = 1.47> <CoreInst = "DivnS_SEQ">   --->   Core 7 'DivnS_SEQ' <Latency = 35> <II = 3> <Delay = 1.47> <FuncUnit> <Opcode : 'udiv' 'sdiv' 'urem' 'srem'> <InPorts = 2> <OutPorts = 1>

State 10 <SV = 9> <Delay = 1.47>
ST_10 : Operation 88 [27/36] (1.47ns)   --->   "%writeSlot = srem i32 %p_anonymous_namespace_rowsReceived_2_load, i32 3" [../src/sobel.cpp:100->../src/canny_top.cpp:31]   --->   Operation 88 'srem' 'writeSlot' <Predicate = true> <Delay = 1.47> <CoreInst = "DivnS_SEQ">   --->   Core 7 'DivnS_SEQ' <Latency = 35> <II = 3> <Delay = 1.47> <FuncUnit> <Opcode : 'udiv' 'sdiv' 'urem' 'srem'> <InPorts = 2> <OutPorts = 1>

State 11 <SV = 10> <Delay = 1.47>
ST_11 : Operation 89 [26/36] (1.47ns)   --->   "%writeSlot = srem i32 %p_anonymous_namespace_rowsReceived_2_load, i32 3" [../src/sobel.cpp:100->../src/canny_top.cpp:31]   --->   Operation 89 'srem' 'writeSlot' <Predicate = true> <Delay = 1.47> <CoreInst = "DivnS_SEQ">   --->   Core 7 'DivnS_SEQ' <Latency = 35> <II = 3> <Delay = 1.47> <FuncUnit> <Opcode : 'udiv' 'sdiv' 'urem' 'srem'> <InPorts = 2> <OutPorts = 1>

State 12 <SV = 11> <Delay = 1.47>
ST_12 : Operation 90 [25/36] (1.47ns)   --->   "%writeSlot = srem i32 %p_anonymous_namespace_rowsReceived_2_load, i32 3" [../src/sobel.cpp:100->../src/canny_top.cpp:31]   --->   Operation 90 'srem' 'writeSlot' <Predicate = true> <Delay = 1.47> <CoreInst = "DivnS_SEQ">   --->   Core 7 'DivnS_SEQ' <Latency = 35> <II = 3> <Delay = 1.47> <FuncUnit> <Opcode : 'udiv' 'sdiv' 'urem' 'srem'> <InPorts = 2> <OutPorts = 1>

State 13 <SV = 12> <Delay = 1.47>
ST_13 : Operation 91 [24/36] (1.47ns)   --->   "%writeSlot = srem i32 %p_anonymous_namespace_rowsReceived_2_load, i32 3" [../src/sobel.cpp:100->../src/canny_top.cpp:31]   --->   Operation 91 'srem' 'writeSlot' <Predicate = true> <Delay = 1.47> <CoreInst = "DivnS_SEQ">   --->   Core 7 'DivnS_SEQ' <Latency = 35> <II = 3> <Delay = 1.47> <FuncUnit> <Opcode : 'udiv' 'sdiv' 'urem' 'srem'> <InPorts = 2> <OutPorts = 1>

State 14 <SV = 13> <Delay = 1.47>
ST_14 : Operation 92 [23/36] (1.47ns)   --->   "%writeSlot = srem i32 %p_anonymous_namespace_rowsReceived_2_load, i32 3" [../src/sobel.cpp:100->../src/canny_top.cpp:31]   --->   Operation 92 'srem' 'writeSlot' <Predicate = true> <Delay = 1.47> <CoreInst = "DivnS_SEQ">   --->   Core 7 'DivnS_SEQ' <Latency = 35> <II = 3> <Delay = 1.47> <FuncUnit> <Opcode : 'udiv' 'sdiv' 'urem' 'srem'> <InPorts = 2> <OutPorts = 1>

State 15 <SV = 14> <Delay = 1.47>
ST_15 : Operation 93 [22/36] (1.47ns)   --->   "%writeSlot = srem i32 %p_anonymous_namespace_rowsReceived_2_load, i32 3" [../src/sobel.cpp:100->../src/canny_top.cpp:31]   --->   Operation 93 'srem' 'writeSlot' <Predicate = true> <Delay = 1.47> <CoreInst = "DivnS_SEQ">   --->   Core 7 'DivnS_SEQ' <Latency = 35> <II = 3> <Delay = 1.47> <FuncUnit> <Opcode : 'udiv' 'sdiv' 'urem' 'srem'> <InPorts = 2> <OutPorts = 1>

State 16 <SV = 15> <Delay = 1.47>
ST_16 : Operation 94 [21/36] (1.47ns)   --->   "%writeSlot = srem i32 %p_anonymous_namespace_rowsReceived_2_load, i32 3" [../src/sobel.cpp:100->../src/canny_top.cpp:31]   --->   Operation 94 'srem' 'writeSlot' <Predicate = true> <Delay = 1.47> <CoreInst = "DivnS_SEQ">   --->   Core 7 'DivnS_SEQ' <Latency = 35> <II = 3> <Delay = 1.47> <FuncUnit> <Opcode : 'udiv' 'sdiv' 'urem' 'srem'> <InPorts = 2> <OutPorts = 1>

State 17 <SV = 16> <Delay = 1.47>
ST_17 : Operation 95 [20/36] (1.47ns)   --->   "%writeSlot = srem i32 %p_anonymous_namespace_rowsReceived_2_load, i32 3" [../src/sobel.cpp:100->../src/canny_top.cpp:31]   --->   Operation 95 'srem' 'writeSlot' <Predicate = true> <Delay = 1.47> <CoreInst = "DivnS_SEQ">   --->   Core 7 'DivnS_SEQ' <Latency = 35> <II = 3> <Delay = 1.47> <FuncUnit> <Opcode : 'udiv' 'sdiv' 'urem' 'srem'> <InPorts = 2> <OutPorts = 1>

State 18 <SV = 17> <Delay = 1.47>
ST_18 : Operation 96 [19/36] (1.47ns)   --->   "%writeSlot = srem i32 %p_anonymous_namespace_rowsReceived_2_load, i32 3" [../src/sobel.cpp:100->../src/canny_top.cpp:31]   --->   Operation 96 'srem' 'writeSlot' <Predicate = true> <Delay = 1.47> <CoreInst = "DivnS_SEQ">   --->   Core 7 'DivnS_SEQ' <Latency = 35> <II = 3> <Delay = 1.47> <FuncUnit> <Opcode : 'udiv' 'sdiv' 'urem' 'srem'> <InPorts = 2> <OutPorts = 1>

State 19 <SV = 18> <Delay = 1.47>
ST_19 : Operation 97 [18/36] (1.47ns)   --->   "%writeSlot = srem i32 %p_anonymous_namespace_rowsReceived_2_load, i32 3" [../src/sobel.cpp:100->../src/canny_top.cpp:31]   --->   Operation 97 'srem' 'writeSlot' <Predicate = true> <Delay = 1.47> <CoreInst = "DivnS_SEQ">   --->   Core 7 'DivnS_SEQ' <Latency = 35> <II = 3> <Delay = 1.47> <FuncUnit> <Opcode : 'udiv' 'sdiv' 'urem' 'srem'> <InPorts = 2> <OutPorts = 1>

State 20 <SV = 19> <Delay = 1.47>
ST_20 : Operation 98 [17/36] (1.47ns)   --->   "%writeSlot = srem i32 %p_anonymous_namespace_rowsReceived_2_load, i32 3" [../src/sobel.cpp:100->../src/canny_top.cpp:31]   --->   Operation 98 'srem' 'writeSlot' <Predicate = true> <Delay = 1.47> <CoreInst = "DivnS_SEQ">   --->   Core 7 'DivnS_SEQ' <Latency = 35> <II = 3> <Delay = 1.47> <FuncUnit> <Opcode : 'udiv' 'sdiv' 'urem' 'srem'> <InPorts = 2> <OutPorts = 1>

State 21 <SV = 20> <Delay = 1.47>
ST_21 : Operation 99 [16/36] (1.47ns)   --->   "%writeSlot = srem i32 %p_anonymous_namespace_rowsReceived_2_load, i32 3" [../src/sobel.cpp:100->../src/canny_top.cpp:31]   --->   Operation 99 'srem' 'writeSlot' <Predicate = true> <Delay = 1.47> <CoreInst = "DivnS_SEQ">   --->   Core 7 'DivnS_SEQ' <Latency = 35> <II = 3> <Delay = 1.47> <FuncUnit> <Opcode : 'udiv' 'sdiv' 'urem' 'srem'> <InPorts = 2> <OutPorts = 1>

State 22 <SV = 21> <Delay = 1.47>
ST_22 : Operation 100 [15/36] (1.47ns)   --->   "%writeSlot = srem i32 %p_anonymous_namespace_rowsReceived_2_load, i32 3" [../src/sobel.cpp:100->../src/canny_top.cpp:31]   --->   Operation 100 'srem' 'writeSlot' <Predicate = true> <Delay = 1.47> <CoreInst = "DivnS_SEQ">   --->   Core 7 'DivnS_SEQ' <Latency = 35> <II = 3> <Delay = 1.47> <FuncUnit> <Opcode : 'udiv' 'sdiv' 'urem' 'srem'> <InPorts = 2> <OutPorts = 1>

State 23 <SV = 22> <Delay = 1.47>
ST_23 : Operation 101 [14/36] (1.47ns)   --->   "%writeSlot = srem i32 %p_anonymous_namespace_rowsReceived_2_load, i32 3" [../src/sobel.cpp:100->../src/canny_top.cpp:31]   --->   Operation 101 'srem' 'writeSlot' <Predicate = true> <Delay = 1.47> <CoreInst = "DivnS_SEQ">   --->   Core 7 'DivnS_SEQ' <Latency = 35> <II = 3> <Delay = 1.47> <FuncUnit> <Opcode : 'udiv' 'sdiv' 'urem' 'srem'> <InPorts = 2> <OutPorts = 1>

State 24 <SV = 23> <Delay = 1.47>
ST_24 : Operation 102 [13/36] (1.47ns)   --->   "%writeSlot = srem i32 %p_anonymous_namespace_rowsReceived_2_load, i32 3" [../src/sobel.cpp:100->../src/canny_top.cpp:31]   --->   Operation 102 'srem' 'writeSlot' <Predicate = true> <Delay = 1.47> <CoreInst = "DivnS_SEQ">   --->   Core 7 'DivnS_SEQ' <Latency = 35> <II = 3> <Delay = 1.47> <FuncUnit> <Opcode : 'udiv' 'sdiv' 'urem' 'srem'> <InPorts = 2> <OutPorts = 1>

State 25 <SV = 24> <Delay = 1.47>
ST_25 : Operation 103 [12/36] (1.47ns)   --->   "%writeSlot = srem i32 %p_anonymous_namespace_rowsReceived_2_load, i32 3" [../src/sobel.cpp:100->../src/canny_top.cpp:31]   --->   Operation 103 'srem' 'writeSlot' <Predicate = true> <Delay = 1.47> <CoreInst = "DivnS_SEQ">   --->   Core 7 'DivnS_SEQ' <Latency = 35> <II = 3> <Delay = 1.47> <FuncUnit> <Opcode : 'udiv' 'sdiv' 'urem' 'srem'> <InPorts = 2> <OutPorts = 1>

State 26 <SV = 25> <Delay = 1.47>
ST_26 : Operation 104 [11/36] (1.47ns)   --->   "%writeSlot = srem i32 %p_anonymous_namespace_rowsReceived_2_load, i32 3" [../src/sobel.cpp:100->../src/canny_top.cpp:31]   --->   Operation 104 'srem' 'writeSlot' <Predicate = true> <Delay = 1.47> <CoreInst = "DivnS_SEQ">   --->   Core 7 'DivnS_SEQ' <Latency = 35> <II = 3> <Delay = 1.47> <FuncUnit> <Opcode : 'udiv' 'sdiv' 'urem' 'srem'> <InPorts = 2> <OutPorts = 1>

State 27 <SV = 26> <Delay = 1.47>
ST_27 : Operation 105 [10/36] (1.47ns)   --->   "%writeSlot = srem i32 %p_anonymous_namespace_rowsReceived_2_load, i32 3" [../src/sobel.cpp:100->../src/canny_top.cpp:31]   --->   Operation 105 'srem' 'writeSlot' <Predicate = true> <Delay = 1.47> <CoreInst = "DivnS_SEQ">   --->   Core 7 'DivnS_SEQ' <Latency = 35> <II = 3> <Delay = 1.47> <FuncUnit> <Opcode : 'udiv' 'sdiv' 'urem' 'srem'> <InPorts = 2> <OutPorts = 1>

State 28 <SV = 27> <Delay = 1.47>
ST_28 : Operation 106 [9/36] (1.47ns)   --->   "%writeSlot = srem i32 %p_anonymous_namespace_rowsReceived_2_load, i32 3" [../src/sobel.cpp:100->../src/canny_top.cpp:31]   --->   Operation 106 'srem' 'writeSlot' <Predicate = true> <Delay = 1.47> <CoreInst = "DivnS_SEQ">   --->   Core 7 'DivnS_SEQ' <Latency = 35> <II = 3> <Delay = 1.47> <FuncUnit> <Opcode : 'udiv' 'sdiv' 'urem' 'srem'> <InPorts = 2> <OutPorts = 1>

State 29 <SV = 28> <Delay = 1.47>
ST_29 : Operation 107 [8/36] (1.47ns)   --->   "%writeSlot = srem i32 %p_anonymous_namespace_rowsReceived_2_load, i32 3" [../src/sobel.cpp:100->../src/canny_top.cpp:31]   --->   Operation 107 'srem' 'writeSlot' <Predicate = true> <Delay = 1.47> <CoreInst = "DivnS_SEQ">   --->   Core 7 'DivnS_SEQ' <Latency = 35> <II = 3> <Delay = 1.47> <FuncUnit> <Opcode : 'udiv' 'sdiv' 'urem' 'srem'> <InPorts = 2> <OutPorts = 1>

State 30 <SV = 29> <Delay = 1.47>
ST_30 : Operation 108 [7/36] (1.47ns)   --->   "%writeSlot = srem i32 %p_anonymous_namespace_rowsReceived_2_load, i32 3" [../src/sobel.cpp:100->../src/canny_top.cpp:31]   --->   Operation 108 'srem' 'writeSlot' <Predicate = true> <Delay = 1.47> <CoreInst = "DivnS_SEQ">   --->   Core 7 'DivnS_SEQ' <Latency = 35> <II = 3> <Delay = 1.47> <FuncUnit> <Opcode : 'udiv' 'sdiv' 'urem' 'srem'> <InPorts = 2> <OutPorts = 1>

State 31 <SV = 30> <Delay = 1.47>
ST_31 : Operation 109 [6/36] (1.47ns)   --->   "%writeSlot = srem i32 %p_anonymous_namespace_rowsReceived_2_load, i32 3" [../src/sobel.cpp:100->../src/canny_top.cpp:31]   --->   Operation 109 'srem' 'writeSlot' <Predicate = true> <Delay = 1.47> <CoreInst = "DivnS_SEQ">   --->   Core 7 'DivnS_SEQ' <Latency = 35> <II = 3> <Delay = 1.47> <FuncUnit> <Opcode : 'udiv' 'sdiv' 'urem' 'srem'> <InPorts = 2> <OutPorts = 1>

State 32 <SV = 31> <Delay = 1.47>
ST_32 : Operation 110 [5/36] (1.47ns)   --->   "%writeSlot = srem i32 %p_anonymous_namespace_rowsReceived_2_load, i32 3" [../src/sobel.cpp:100->../src/canny_top.cpp:31]   --->   Operation 110 'srem' 'writeSlot' <Predicate = true> <Delay = 1.47> <CoreInst = "DivnS_SEQ">   --->   Core 7 'DivnS_SEQ' <Latency = 35> <II = 3> <Delay = 1.47> <FuncUnit> <Opcode : 'udiv' 'sdiv' 'urem' 'srem'> <InPorts = 2> <OutPorts = 1>

State 33 <SV = 32> <Delay = 1.47>
ST_33 : Operation 111 [4/36] (1.47ns)   --->   "%writeSlot = srem i32 %p_anonymous_namespace_rowsReceived_2_load, i32 3" [../src/sobel.cpp:100->../src/canny_top.cpp:31]   --->   Operation 111 'srem' 'writeSlot' <Predicate = true> <Delay = 1.47> <CoreInst = "DivnS_SEQ">   --->   Core 7 'DivnS_SEQ' <Latency = 35> <II = 3> <Delay = 1.47> <FuncUnit> <Opcode : 'udiv' 'sdiv' 'urem' 'srem'> <InPorts = 2> <OutPorts = 1>

State 34 <SV = 33> <Delay = 1.47>
ST_34 : Operation 112 [3/36] (1.47ns)   --->   "%writeSlot = srem i32 %p_anonymous_namespace_rowsReceived_2_load, i32 3" [../src/sobel.cpp:100->../src/canny_top.cpp:31]   --->   Operation 112 'srem' 'writeSlot' <Predicate = true> <Delay = 1.47> <CoreInst = "DivnS_SEQ">   --->   Core 7 'DivnS_SEQ' <Latency = 35> <II = 3> <Delay = 1.47> <FuncUnit> <Opcode : 'udiv' 'sdiv' 'urem' 'srem'> <InPorts = 2> <OutPorts = 1>

State 35 <SV = 34> <Delay = 1.47>
ST_35 : Operation 113 [2/36] (1.47ns)   --->   "%writeSlot = srem i32 %p_anonymous_namespace_rowsReceived_2_load, i32 3" [../src/sobel.cpp:100->../src/canny_top.cpp:31]   --->   Operation 113 'srem' 'writeSlot' <Predicate = true> <Delay = 1.47> <CoreInst = "DivnS_SEQ">   --->   Core 7 'DivnS_SEQ' <Latency = 35> <II = 3> <Delay = 1.47> <FuncUnit> <Opcode : 'udiv' 'sdiv' 'urem' 'srem'> <InPorts = 2> <OutPorts = 1>

State 36 <SV = 35> <Delay = 2.14>
ST_36 : Operation 114 [1/36] (1.47ns)   --->   "%writeSlot = srem i32 %p_anonymous_namespace_rowsReceived_2_load, i32 3" [../src/sobel.cpp:100->../src/canny_top.cpp:31]   --->   Operation 114 'srem' 'writeSlot' <Predicate = true> <Delay = 1.47> <CoreInst = "DivnS_SEQ">   --->   Core 7 'DivnS_SEQ' <Latency = 35> <II = 3> <Delay = 1.47> <FuncUnit> <Opcode : 'udiv' 'sdiv' 'urem' 'srem'> <InPorts = 2> <OutPorts = 1>
ST_36 : Operation 115 [1/1] (0.00ns)   --->   "%trunc_ln99 = trunc i3 %writeSlot" [../src/sobel.cpp:99->../src/canny_top.cpp:31]   --->   Operation 115 'trunc' 'trunc_ln99' <Predicate = true> <Delay = 0.00>
ST_36 : Operation 116 [1/1] (0.00ns)   --->   "%trunc_ln99_1 = trunc i3 %writeSlot" [../src/sobel.cpp:99->../src/canny_top.cpp:31]   --->   Operation 116 'trunc' 'trunc_ln99_1' <Predicate = true> <Delay = 0.00>
ST_36 : Operation 117 [2/2] (0.67ns)   --->   "%call_ln99 = call void @sobel_Pipeline_VITIS_LOOP_102_1, i8 %out_gaussian, i3 %trunc_ln99_1, i8 %p_anonymous_namespace_lineBuffer_32_0, i8 %p_anonymous_namespace_lineBuffer_32_1, i8 %p_anonymous_namespace_lineBuffer_32_2" [../src/sobel.cpp:99->../src/canny_top.cpp:31]   --->   Operation 117 'call' 'call_ln99' <Predicate = true> <Delay = 0.67> <CoreType = "Generic">   --->   Generic Core

State 37 <SV = 36> <Delay = 2.49>
ST_37 : Operation 118 [1/2] (1.64ns)   --->   "%call_ln99 = call void @sobel_Pipeline_VITIS_LOOP_102_1, i8 %out_gaussian, i3 %trunc_ln99_1, i8 %p_anonymous_namespace_lineBuffer_32_0, i8 %p_anonymous_namespace_lineBuffer_32_1, i8 %p_anonymous_namespace_lineBuffer_32_2" [../src/sobel.cpp:99->../src/canny_top.cpp:31]   --->   Operation 118 'call' 'call_ln99' <Predicate = true> <Delay = 1.64> <CoreType = "Generic">   --->   Generic Core
ST_37 : Operation 119 [1/1] (1.01ns)   --->   "%outputRow = add i32 %p_anonymous_namespace_rowsReceived_2_load, i32 4294967295" [../src/sobel.cpp:108->../src/canny_top.cpp:31]   --->   Operation 119 'add' 'outputRow' <Predicate = true> <Delay = 1.01> <CoreInst = "Adder">   --->   Core 1 'Adder' <Latency = 0> <II = 1> <Delay = 1.01> <FuncUnit> <Opcode : 'add' 'sub'> <InPorts = 2> <OutPorts = 1>
ST_37 : Operation 120 [1/1] (0.00ns)   --->   "%tmp = bitselect i1 @_ssdm_op_BitSelect.i1.i32.i32, i32 %outputRow, i32 31" [../src/sobel.cpp:110->../src/canny_top.cpp:31]   --->   Operation 120 'bitselect' 'tmp' <Predicate = true> <Delay = 0.00>
ST_37 : Operation 121 [1/1] (0.42ns)   --->   "%br_ln110 = br i1 %tmp, void %if.end8.i, void %_Z5sobelPKhP13GradientPixelbPb.2.exit" [../src/sobel.cpp:110->../src/canny_top.cpp:31]   --->   Operation 121 'br' 'br_ln110' <Predicate = true> <Delay = 0.42>
ST_37 : Operation 122 [1/1] (1.01ns)   --->   "%add_ln126 = add i32 %p_anonymous_namespace_rowsReceived_2_load, i32 4294967294" [../src/sobel.cpp:126->../src/canny_top.cpp:31]   --->   Operation 122 'add' 'add_ln126' <Predicate = (!tmp)> <Delay = 1.01> <CoreInst = "Adder">   --->   Core 1 'Adder' <Latency = 0> <II = 1> <Delay = 1.01> <FuncUnit> <Opcode : 'add' 'sub'> <InPorts = 2> <OutPorts = 1>
ST_37 : Operation 123 [1/1] (0.00ns)   --->   "%tmp_16 = bitselect i1 @_ssdm_op_BitSelect.i1.i32.i32, i32 %add_ln126, i32 31" [../src/sobel.cpp:65->../src/sobel.cpp:126->../src/canny_top.cpp:31]   --->   Operation 123 'bitselect' 'tmp_16' <Predicate = (!tmp)> <Delay = 0.00>
ST_37 : Operation 124 [1/1] (0.00ns)   --->   "%tmp_17 = partselect i23 @_ssdm_op_PartSelect.i23.i32.i32.i32, i32 %add_ln126, i32 9, i32 31" [../src/sobel.cpp:67->../src/sobel.cpp:126->../src/canny_top.cpp:31]   --->   Operation 124 'partselect' 'tmp_17' <Predicate = (!tmp)> <Delay = 0.00>
ST_37 : Operation 125 [1/1] (0.92ns)   --->   "%icmp_ln67 = icmp_sgt  i23 %tmp_17, i23 0" [../src/sobel.cpp:67->../src/sobel.cpp:126->../src/canny_top.cpp:31]   --->   Operation 125 'icmp' 'icmp_ln67' <Predicate = (!tmp)> <Delay = 0.92> <CoreInst = "Cmp">   --->   Core 9 'Cmp' <Latency = 0> <II = 1> <Delay = 0.92> <FuncUnit> <Opcode : 'seteq' 'setne' 'setle' 'setge' 'setlt' 'setgt'> <InPorts = 2> <OutPorts = 1>
ST_37 : Operation 126 [36/36] (1.47ns)   --->   "%srem_ln27 = srem i32 %add_ln126, i32 3" [../src/sobel.cpp:27->../src/sobel.cpp:125->../src/canny_top.cpp:31]   --->   Operation 126 'srem' 'srem_ln27' <Predicate = (!tmp)> <Delay = 1.47> <CoreInst = "DivnS_SEQ">   --->   Core 7 'DivnS_SEQ' <Latency = 35> <II = 2> <Delay = 1.47> <FuncUnit> <Opcode : 'udiv' 'sdiv' 'urem' 'srem'> <InPorts = 2> <OutPorts = 1>
ST_37 : Operation 127 [1/1] (0.00ns)   --->   "%tmp_18 = partselect i23 @_ssdm_op_PartSelect.i23.i32.i32.i32, i32 %outputRow, i32 9, i32 31" [../src/sobel.cpp:67->../src/sobel.cpp:126->../src/canny_top.cpp:31]   --->   Operation 127 'partselect' 'tmp_18' <Predicate = (!tmp)> <Delay = 0.00>
ST_37 : Operation 128 [1/1] (0.92ns)   --->   "%icmp_ln67_1 = icmp_sgt  i23 %tmp_18, i23 0" [../src/sobel.cpp:67->../src/sobel.cpp:126->../src/canny_top.cpp:31]   --->   Operation 128 'icmp' 'icmp_ln67_1' <Predicate = (!tmp)> <Delay = 0.92> <CoreInst = "Cmp">   --->   Core 9 'Cmp' <Latency = 0> <II = 1> <Delay = 0.92> <FuncUnit> <Opcode : 'seteq' 'setne' 'setle' 'setge' 'setlt' 'setgt'> <InPorts = 2> <OutPorts = 1>
ST_37 : Operation 129 [36/36] (1.47ns)   --->   "%urem_ln27 = urem i32 %outputRow, i32 3" [../src/sobel.cpp:27->../src/sobel.cpp:125->../src/canny_top.cpp:31]   --->   Operation 129 'urem' 'urem_ln27' <Predicate = (!tmp)> <Delay = 1.47> <CoreInst = "DivnS_SEQ">   --->   Core 7 'DivnS_SEQ' <Latency = 35> <II = 2> <Delay = 1.47> <FuncUnit> <Opcode : 'udiv' 'sdiv' 'urem' 'srem'> <InPorts = 2> <OutPorts = 1>
ST_37 : Operation 130 [1/1] (0.00ns)   --->   "%tmp_19 = bitselect i1 @_ssdm_op_BitSelect.i1.i32.i32, i32 %p_anonymous_namespace_rowsReceived_2_load, i32 31" [../src/sobel.cpp:65->../src/sobel.cpp:126->../src/canny_top.cpp:31]   --->   Operation 130 'bitselect' 'tmp_19' <Predicate = (!tmp)> <Delay = 0.00>
ST_37 : Operation 131 [1/1] (0.00ns)   --->   "%tmp_20 = partselect i23 @_ssdm_op_PartSelect.i23.i32.i32.i32, i32 %p_anonymous_namespace_rowsReceived_2_load, i32 9, i32 31" [../src/sobel.cpp:67->../src/sobel.cpp:126->../src/canny_top.cpp:31]   --->   Operation 131 'partselect' 'tmp_20' <Predicate = (!tmp)> <Delay = 0.00>
ST_37 : Operation 132 [1/1] (0.92ns)   --->   "%icmp_ln67_2 = icmp_sgt  i23 %tmp_20, i23 0" [../src/sobel.cpp:67->../src/sobel.cpp:126->../src/canny_top.cpp:31]   --->   Operation 132 'icmp' 'icmp_ln67_2' <Predicate = (!tmp)> <Delay = 0.92> <CoreInst = "Cmp">   --->   Core 9 'Cmp' <Latency = 0> <II = 1> <Delay = 0.92> <FuncUnit> <Opcode : 'seteq' 'setne' 'setle' 'setge' 'setlt' 'setgt'> <InPorts = 2> <OutPorts = 1>
ST_37 : Operation 133 [1/1] (0.00ns) (grouped into LUT with out node result_2)   --->   "%xor_ln27_1 = xor i1 %tmp_19, i1 1" [../src/sobel.cpp:27->../src/sobel.cpp:125->../src/canny_top.cpp:31]   --->   Operation 133 'xor' 'xor_ln27_1' <Predicate = (!tmp)> <Delay = 0.00> <CoreInst = "LogicGate">   --->   Core 74 'LogicGate' <Latency = 0> <II = 1> <Delay = 0.28> <FuncUnit> <Opcode : 'and' 'or' 'xor'> <InPorts = 2> <OutPorts = 1>
ST_37 : Operation 134 [1/1] (0.00ns) (grouped into LUT with out node result_2)   --->   "%zext_ln27_1 = zext i1 %xor_ln27_1" [../src/sobel.cpp:27->../src/sobel.cpp:125->../src/canny_top.cpp:31]   --->   Operation 134 'zext' 'zext_ln27_1' <Predicate = (!tmp)> <Delay = 0.00>
ST_37 : Operation 135 [1/1] (0.00ns) (grouped into LUT with out node result_2)   --->   "%or_ln27_1 = or i1 %tmp_19, i1 %icmp_ln67_2" [../src/sobel.cpp:27->../src/sobel.cpp:125->../src/canny_top.cpp:31]   --->   Operation 135 'or' 'or_ln27_1' <Predicate = (!tmp)> <Delay = 0.00> <CoreInst = "LogicGate">   --->   Core 74 'LogicGate' <Latency = 0> <II = 1> <Delay = 0.28> <FuncUnit> <Opcode : 'and' 'or' 'xor'> <InPorts = 2> <OutPorts = 1>
ST_37 : Operation 136 [1/1] (0.28ns) (out node of the LUT)   --->   "%result_2 = select i1 %or_ln27_1, i2 %zext_ln27_1, i2 %trunc_ln99" [../src/sobel.cpp:27->../src/sobel.cpp:125->../src/canny_top.cpp:31]   --->   Operation 136 'select' 'result_2' <Predicate = (!tmp)> <Delay = 0.28> <CoreInst = "Sel">   --->   Core 73 'Sel' <Latency = 0> <II = 1> <Delay = 0.17> <FuncUnit> <Opcode : 'select'> <InPorts = 3> <OutPorts = 1>

State 38 <SV = 37> <Delay = 1.47>
ST_38 : Operation 137 [35/36] (1.47ns)   --->   "%srem_ln27 = srem i32 %add_ln126, i32 3" [../src/sobel.cpp:27->../src/sobel.cpp:125->../src/canny_top.cpp:31]   --->   Operation 137 'srem' 'srem_ln27' <Predicate = true> <Delay = 1.47> <CoreInst = "DivnS_SEQ">   --->   Core 7 'DivnS_SEQ' <Latency = 35> <II = 2> <Delay = 1.47> <FuncUnit> <Opcode : 'udiv' 'sdiv' 'urem' 'srem'> <InPorts = 2> <OutPorts = 1>
ST_38 : Operation 138 [35/36] (1.47ns)   --->   "%urem_ln27 = urem i32 %outputRow, i32 3" [../src/sobel.cpp:27->../src/sobel.cpp:125->../src/canny_top.cpp:31]   --->   Operation 138 'urem' 'urem_ln27' <Predicate = true> <Delay = 1.47> <CoreInst = "DivnS_SEQ">   --->   Core 7 'DivnS_SEQ' <Latency = 35> <II = 2> <Delay = 1.47> <FuncUnit> <Opcode : 'udiv' 'sdiv' 'urem' 'srem'> <InPorts = 2> <OutPorts = 1>

State 39 <SV = 38> <Delay = 1.47>
ST_39 : Operation 139 [34/36] (1.47ns)   --->   "%srem_ln27 = srem i32 %add_ln126, i32 3" [../src/sobel.cpp:27->../src/sobel.cpp:125->../src/canny_top.cpp:31]   --->   Operation 139 'srem' 'srem_ln27' <Predicate = true> <Delay = 1.47> <CoreInst = "DivnS_SEQ">   --->   Core 7 'DivnS_SEQ' <Latency = 35> <II = 2> <Delay = 1.47> <FuncUnit> <Opcode : 'udiv' 'sdiv' 'urem' 'srem'> <InPorts = 2> <OutPorts = 1>
ST_39 : Operation 140 [34/36] (1.47ns)   --->   "%urem_ln27 = urem i32 %outputRow, i32 3" [../src/sobel.cpp:27->../src/sobel.cpp:125->../src/canny_top.cpp:31]   --->   Operation 140 'urem' 'urem_ln27' <Predicate = true> <Delay = 1.47> <CoreInst = "DivnS_SEQ">   --->   Core 7 'DivnS_SEQ' <Latency = 35> <II = 2> <Delay = 1.47> <FuncUnit> <Opcode : 'udiv' 'sdiv' 'urem' 'srem'> <InPorts = 2> <OutPorts = 1>

State 40 <SV = 39> <Delay = 1.47>
ST_40 : Operation 141 [33/36] (1.47ns)   --->   "%srem_ln27 = srem i32 %add_ln126, i32 3" [../src/sobel.cpp:27->../src/sobel.cpp:125->../src/canny_top.cpp:31]   --->   Operation 141 'srem' 'srem_ln27' <Predicate = true> <Delay = 1.47> <CoreInst = "DivnS_SEQ">   --->   Core 7 'DivnS_SEQ' <Latency = 35> <II = 2> <Delay = 1.47> <FuncUnit> <Opcode : 'udiv' 'sdiv' 'urem' 'srem'> <InPorts = 2> <OutPorts = 1>
ST_40 : Operation 142 [33/36] (1.47ns)   --->   "%urem_ln27 = urem i32 %outputRow, i32 3" [../src/sobel.cpp:27->../src/sobel.cpp:125->../src/canny_top.cpp:31]   --->   Operation 142 'urem' 'urem_ln27' <Predicate = true> <Delay = 1.47> <CoreInst = "DivnS_SEQ">   --->   Core 7 'DivnS_SEQ' <Latency = 35> <II = 2> <Delay = 1.47> <FuncUnit> <Opcode : 'udiv' 'sdiv' 'urem' 'srem'> <InPorts = 2> <OutPorts = 1>

State 41 <SV = 40> <Delay = 1.47>
ST_41 : Operation 143 [32/36] (1.47ns)   --->   "%srem_ln27 = srem i32 %add_ln126, i32 3" [../src/sobel.cpp:27->../src/sobel.cpp:125->../src/canny_top.cpp:31]   --->   Operation 143 'srem' 'srem_ln27' <Predicate = true> <Delay = 1.47> <CoreInst = "DivnS_SEQ">   --->   Core 7 'DivnS_SEQ' <Latency = 35> <II = 2> <Delay = 1.47> <FuncUnit> <Opcode : 'udiv' 'sdiv' 'urem' 'srem'> <InPorts = 2> <OutPorts = 1>
ST_41 : Operation 144 [32/36] (1.47ns)   --->   "%urem_ln27 = urem i32 %outputRow, i32 3" [../src/sobel.cpp:27->../src/sobel.cpp:125->../src/canny_top.cpp:31]   --->   Operation 144 'urem' 'urem_ln27' <Predicate = true> <Delay = 1.47> <CoreInst = "DivnS_SEQ">   --->   Core 7 'DivnS_SEQ' <Latency = 35> <II = 2> <Delay = 1.47> <FuncUnit> <Opcode : 'udiv' 'sdiv' 'urem' 'srem'> <InPorts = 2> <OutPorts = 1>

State 42 <SV = 41> <Delay = 1.47>
ST_42 : Operation 145 [31/36] (1.47ns)   --->   "%srem_ln27 = srem i32 %add_ln126, i32 3" [../src/sobel.cpp:27->../src/sobel.cpp:125->../src/canny_top.cpp:31]   --->   Operation 145 'srem' 'srem_ln27' <Predicate = true> <Delay = 1.47> <CoreInst = "DivnS_SEQ">   --->   Core 7 'DivnS_SEQ' <Latency = 35> <II = 2> <Delay = 1.47> <FuncUnit> <Opcode : 'udiv' 'sdiv' 'urem' 'srem'> <InPorts = 2> <OutPorts = 1>
ST_42 : Operation 146 [31/36] (1.47ns)   --->   "%urem_ln27 = urem i32 %outputRow, i32 3" [../src/sobel.cpp:27->../src/sobel.cpp:125->../src/canny_top.cpp:31]   --->   Operation 146 'urem' 'urem_ln27' <Predicate = true> <Delay = 1.47> <CoreInst = "DivnS_SEQ">   --->   Core 7 'DivnS_SEQ' <Latency = 35> <II = 2> <Delay = 1.47> <FuncUnit> <Opcode : 'udiv' 'sdiv' 'urem' 'srem'> <InPorts = 2> <OutPorts = 1>

State 43 <SV = 42> <Delay = 1.47>
ST_43 : Operation 147 [30/36] (1.47ns)   --->   "%srem_ln27 = srem i32 %add_ln126, i32 3" [../src/sobel.cpp:27->../src/sobel.cpp:125->../src/canny_top.cpp:31]   --->   Operation 147 'srem' 'srem_ln27' <Predicate = true> <Delay = 1.47> <CoreInst = "DivnS_SEQ">   --->   Core 7 'DivnS_SEQ' <Latency = 35> <II = 2> <Delay = 1.47> <FuncUnit> <Opcode : 'udiv' 'sdiv' 'urem' 'srem'> <InPorts = 2> <OutPorts = 1>
ST_43 : Operation 148 [30/36] (1.47ns)   --->   "%urem_ln27 = urem i32 %outputRow, i32 3" [../src/sobel.cpp:27->../src/sobel.cpp:125->../src/canny_top.cpp:31]   --->   Operation 148 'urem' 'urem_ln27' <Predicate = true> <Delay = 1.47> <CoreInst = "DivnS_SEQ">   --->   Core 7 'DivnS_SEQ' <Latency = 35> <II = 2> <Delay = 1.47> <FuncUnit> <Opcode : 'udiv' 'sdiv' 'urem' 'srem'> <InPorts = 2> <OutPorts = 1>

State 44 <SV = 43> <Delay = 1.47>
ST_44 : Operation 149 [29/36] (1.47ns)   --->   "%srem_ln27 = srem i32 %add_ln126, i32 3" [../src/sobel.cpp:27->../src/sobel.cpp:125->../src/canny_top.cpp:31]   --->   Operation 149 'srem' 'srem_ln27' <Predicate = true> <Delay = 1.47> <CoreInst = "DivnS_SEQ">   --->   Core 7 'DivnS_SEQ' <Latency = 35> <II = 2> <Delay = 1.47> <FuncUnit> <Opcode : 'udiv' 'sdiv' 'urem' 'srem'> <InPorts = 2> <OutPorts = 1>
ST_44 : Operation 150 [29/36] (1.47ns)   --->   "%urem_ln27 = urem i32 %outputRow, i32 3" [../src/sobel.cpp:27->../src/sobel.cpp:125->../src/canny_top.cpp:31]   --->   Operation 150 'urem' 'urem_ln27' <Predicate = true> <Delay = 1.47> <CoreInst = "DivnS_SEQ">   --->   Core 7 'DivnS_SEQ' <Latency = 35> <II = 2> <Delay = 1.47> <FuncUnit> <Opcode : 'udiv' 'sdiv' 'urem' 'srem'> <InPorts = 2> <OutPorts = 1>

State 45 <SV = 44> <Delay = 1.47>
ST_45 : Operation 151 [28/36] (1.47ns)   --->   "%srem_ln27 = srem i32 %add_ln126, i32 3" [../src/sobel.cpp:27->../src/sobel.cpp:125->../src/canny_top.cpp:31]   --->   Operation 151 'srem' 'srem_ln27' <Predicate = true> <Delay = 1.47> <CoreInst = "DivnS_SEQ">   --->   Core 7 'DivnS_SEQ' <Latency = 35> <II = 2> <Delay = 1.47> <FuncUnit> <Opcode : 'udiv' 'sdiv' 'urem' 'srem'> <InPorts = 2> <OutPorts = 1>
ST_45 : Operation 152 [28/36] (1.47ns)   --->   "%urem_ln27 = urem i32 %outputRow, i32 3" [../src/sobel.cpp:27->../src/sobel.cpp:125->../src/canny_top.cpp:31]   --->   Operation 152 'urem' 'urem_ln27' <Predicate = true> <Delay = 1.47> <CoreInst = "DivnS_SEQ">   --->   Core 7 'DivnS_SEQ' <Latency = 35> <II = 2> <Delay = 1.47> <FuncUnit> <Opcode : 'udiv' 'sdiv' 'urem' 'srem'> <InPorts = 2> <OutPorts = 1>

State 46 <SV = 45> <Delay = 1.47>
ST_46 : Operation 153 [27/36] (1.47ns)   --->   "%srem_ln27 = srem i32 %add_ln126, i32 3" [../src/sobel.cpp:27->../src/sobel.cpp:125->../src/canny_top.cpp:31]   --->   Operation 153 'srem' 'srem_ln27' <Predicate = true> <Delay = 1.47> <CoreInst = "DivnS_SEQ">   --->   Core 7 'DivnS_SEQ' <Latency = 35> <II = 2> <Delay = 1.47> <FuncUnit> <Opcode : 'udiv' 'sdiv' 'urem' 'srem'> <InPorts = 2> <OutPorts = 1>
ST_46 : Operation 154 [27/36] (1.47ns)   --->   "%urem_ln27 = urem i32 %outputRow, i32 3" [../src/sobel.cpp:27->../src/sobel.cpp:125->../src/canny_top.cpp:31]   --->   Operation 154 'urem' 'urem_ln27' <Predicate = true> <Delay = 1.47> <CoreInst = "DivnS_SEQ">   --->   Core 7 'DivnS_SEQ' <Latency = 35> <II = 2> <Delay = 1.47> <FuncUnit> <Opcode : 'udiv' 'sdiv' 'urem' 'srem'> <InPorts = 2> <OutPorts = 1>

State 47 <SV = 46> <Delay = 1.47>
ST_47 : Operation 155 [26/36] (1.47ns)   --->   "%srem_ln27 = srem i32 %add_ln126, i32 3" [../src/sobel.cpp:27->../src/sobel.cpp:125->../src/canny_top.cpp:31]   --->   Operation 155 'srem' 'srem_ln27' <Predicate = true> <Delay = 1.47> <CoreInst = "DivnS_SEQ">   --->   Core 7 'DivnS_SEQ' <Latency = 35> <II = 2> <Delay = 1.47> <FuncUnit> <Opcode : 'udiv' 'sdiv' 'urem' 'srem'> <InPorts = 2> <OutPorts = 1>
ST_47 : Operation 156 [26/36] (1.47ns)   --->   "%urem_ln27 = urem i32 %outputRow, i32 3" [../src/sobel.cpp:27->../src/sobel.cpp:125->../src/canny_top.cpp:31]   --->   Operation 156 'urem' 'urem_ln27' <Predicate = true> <Delay = 1.47> <CoreInst = "DivnS_SEQ">   --->   Core 7 'DivnS_SEQ' <Latency = 35> <II = 2> <Delay = 1.47> <FuncUnit> <Opcode : 'udiv' 'sdiv' 'urem' 'srem'> <InPorts = 2> <OutPorts = 1>

State 48 <SV = 47> <Delay = 1.47>
ST_48 : Operation 157 [25/36] (1.47ns)   --->   "%srem_ln27 = srem i32 %add_ln126, i32 3" [../src/sobel.cpp:27->../src/sobel.cpp:125->../src/canny_top.cpp:31]   --->   Operation 157 'srem' 'srem_ln27' <Predicate = true> <Delay = 1.47> <CoreInst = "DivnS_SEQ">   --->   Core 7 'DivnS_SEQ' <Latency = 35> <II = 2> <Delay = 1.47> <FuncUnit> <Opcode : 'udiv' 'sdiv' 'urem' 'srem'> <InPorts = 2> <OutPorts = 1>
ST_48 : Operation 158 [25/36] (1.47ns)   --->   "%urem_ln27 = urem i32 %outputRow, i32 3" [../src/sobel.cpp:27->../src/sobel.cpp:125->../src/canny_top.cpp:31]   --->   Operation 158 'urem' 'urem_ln27' <Predicate = true> <Delay = 1.47> <CoreInst = "DivnS_SEQ">   --->   Core 7 'DivnS_SEQ' <Latency = 35> <II = 2> <Delay = 1.47> <FuncUnit> <Opcode : 'udiv' 'sdiv' 'urem' 'srem'> <InPorts = 2> <OutPorts = 1>

State 49 <SV = 48> <Delay = 1.47>
ST_49 : Operation 159 [24/36] (1.47ns)   --->   "%srem_ln27 = srem i32 %add_ln126, i32 3" [../src/sobel.cpp:27->../src/sobel.cpp:125->../src/canny_top.cpp:31]   --->   Operation 159 'srem' 'srem_ln27' <Predicate = true> <Delay = 1.47> <CoreInst = "DivnS_SEQ">   --->   Core 7 'DivnS_SEQ' <Latency = 35> <II = 2> <Delay = 1.47> <FuncUnit> <Opcode : 'udiv' 'sdiv' 'urem' 'srem'> <InPorts = 2> <OutPorts = 1>
ST_49 : Operation 160 [24/36] (1.47ns)   --->   "%urem_ln27 = urem i32 %outputRow, i32 3" [../src/sobel.cpp:27->../src/sobel.cpp:125->../src/canny_top.cpp:31]   --->   Operation 160 'urem' 'urem_ln27' <Predicate = true> <Delay = 1.47> <CoreInst = "DivnS_SEQ">   --->   Core 7 'DivnS_SEQ' <Latency = 35> <II = 2> <Delay = 1.47> <FuncUnit> <Opcode : 'udiv' 'sdiv' 'urem' 'srem'> <InPorts = 2> <OutPorts = 1>

State 50 <SV = 49> <Delay = 1.47>
ST_50 : Operation 161 [23/36] (1.47ns)   --->   "%srem_ln27 = srem i32 %add_ln126, i32 3" [../src/sobel.cpp:27->../src/sobel.cpp:125->../src/canny_top.cpp:31]   --->   Operation 161 'srem' 'srem_ln27' <Predicate = true> <Delay = 1.47> <CoreInst = "DivnS_SEQ">   --->   Core 7 'DivnS_SEQ' <Latency = 35> <II = 2> <Delay = 1.47> <FuncUnit> <Opcode : 'udiv' 'sdiv' 'urem' 'srem'> <InPorts = 2> <OutPorts = 1>
ST_50 : Operation 162 [23/36] (1.47ns)   --->   "%urem_ln27 = urem i32 %outputRow, i32 3" [../src/sobel.cpp:27->../src/sobel.cpp:125->../src/canny_top.cpp:31]   --->   Operation 162 'urem' 'urem_ln27' <Predicate = true> <Delay = 1.47> <CoreInst = "DivnS_SEQ">   --->   Core 7 'DivnS_SEQ' <Latency = 35> <II = 2> <Delay = 1.47> <FuncUnit> <Opcode : 'udiv' 'sdiv' 'urem' 'srem'> <InPorts = 2> <OutPorts = 1>

State 51 <SV = 50> <Delay = 1.47>
ST_51 : Operation 163 [22/36] (1.47ns)   --->   "%srem_ln27 = srem i32 %add_ln126, i32 3" [../src/sobel.cpp:27->../src/sobel.cpp:125->../src/canny_top.cpp:31]   --->   Operation 163 'srem' 'srem_ln27' <Predicate = true> <Delay = 1.47> <CoreInst = "DivnS_SEQ">   --->   Core 7 'DivnS_SEQ' <Latency = 35> <II = 2> <Delay = 1.47> <FuncUnit> <Opcode : 'udiv' 'sdiv' 'urem' 'srem'> <InPorts = 2> <OutPorts = 1>
ST_51 : Operation 164 [22/36] (1.47ns)   --->   "%urem_ln27 = urem i32 %outputRow, i32 3" [../src/sobel.cpp:27->../src/sobel.cpp:125->../src/canny_top.cpp:31]   --->   Operation 164 'urem' 'urem_ln27' <Predicate = true> <Delay = 1.47> <CoreInst = "DivnS_SEQ">   --->   Core 7 'DivnS_SEQ' <Latency = 35> <II = 2> <Delay = 1.47> <FuncUnit> <Opcode : 'udiv' 'sdiv' 'urem' 'srem'> <InPorts = 2> <OutPorts = 1>

State 52 <SV = 51> <Delay = 1.47>
ST_52 : Operation 165 [21/36] (1.47ns)   --->   "%srem_ln27 = srem i32 %add_ln126, i32 3" [../src/sobel.cpp:27->../src/sobel.cpp:125->../src/canny_top.cpp:31]   --->   Operation 165 'srem' 'srem_ln27' <Predicate = true> <Delay = 1.47> <CoreInst = "DivnS_SEQ">   --->   Core 7 'DivnS_SEQ' <Latency = 35> <II = 2> <Delay = 1.47> <FuncUnit> <Opcode : 'udiv' 'sdiv' 'urem' 'srem'> <InPorts = 2> <OutPorts = 1>
ST_52 : Operation 166 [21/36] (1.47ns)   --->   "%urem_ln27 = urem i32 %outputRow, i32 3" [../src/sobel.cpp:27->../src/sobel.cpp:125->../src/canny_top.cpp:31]   --->   Operation 166 'urem' 'urem_ln27' <Predicate = true> <Delay = 1.47> <CoreInst = "DivnS_SEQ">   --->   Core 7 'DivnS_SEQ' <Latency = 35> <II = 2> <Delay = 1.47> <FuncUnit> <Opcode : 'udiv' 'sdiv' 'urem' 'srem'> <InPorts = 2> <OutPorts = 1>

State 53 <SV = 52> <Delay = 1.47>
ST_53 : Operation 167 [20/36] (1.47ns)   --->   "%srem_ln27 = srem i32 %add_ln126, i32 3" [../src/sobel.cpp:27->../src/sobel.cpp:125->../src/canny_top.cpp:31]   --->   Operation 167 'srem' 'srem_ln27' <Predicate = true> <Delay = 1.47> <CoreInst = "DivnS_SEQ">   --->   Core 7 'DivnS_SEQ' <Latency = 35> <II = 2> <Delay = 1.47> <FuncUnit> <Opcode : 'udiv' 'sdiv' 'urem' 'srem'> <InPorts = 2> <OutPorts = 1>
ST_53 : Operation 168 [20/36] (1.47ns)   --->   "%urem_ln27 = urem i32 %outputRow, i32 3" [../src/sobel.cpp:27->../src/sobel.cpp:125->../src/canny_top.cpp:31]   --->   Operation 168 'urem' 'urem_ln27' <Predicate = true> <Delay = 1.47> <CoreInst = "DivnS_SEQ">   --->   Core 7 'DivnS_SEQ' <Latency = 35> <II = 2> <Delay = 1.47> <FuncUnit> <Opcode : 'udiv' 'sdiv' 'urem' 'srem'> <InPorts = 2> <OutPorts = 1>

State 54 <SV = 53> <Delay = 1.47>
ST_54 : Operation 169 [19/36] (1.47ns)   --->   "%srem_ln27 = srem i32 %add_ln126, i32 3" [../src/sobel.cpp:27->../src/sobel.cpp:125->../src/canny_top.cpp:31]   --->   Operation 169 'srem' 'srem_ln27' <Predicate = true> <Delay = 1.47> <CoreInst = "DivnS_SEQ">   --->   Core 7 'DivnS_SEQ' <Latency = 35> <II = 2> <Delay = 1.47> <FuncUnit> <Opcode : 'udiv' 'sdiv' 'urem' 'srem'> <InPorts = 2> <OutPorts = 1>
ST_54 : Operation 170 [19/36] (1.47ns)   --->   "%urem_ln27 = urem i32 %outputRow, i32 3" [../src/sobel.cpp:27->../src/sobel.cpp:125->../src/canny_top.cpp:31]   --->   Operation 170 'urem' 'urem_ln27' <Predicate = true> <Delay = 1.47> <CoreInst = "DivnS_SEQ">   --->   Core 7 'DivnS_SEQ' <Latency = 35> <II = 2> <Delay = 1.47> <FuncUnit> <Opcode : 'udiv' 'sdiv' 'urem' 'srem'> <InPorts = 2> <OutPorts = 1>

State 55 <SV = 54> <Delay = 1.47>
ST_55 : Operation 171 [18/36] (1.47ns)   --->   "%srem_ln27 = srem i32 %add_ln126, i32 3" [../src/sobel.cpp:27->../src/sobel.cpp:125->../src/canny_top.cpp:31]   --->   Operation 171 'srem' 'srem_ln27' <Predicate = true> <Delay = 1.47> <CoreInst = "DivnS_SEQ">   --->   Core 7 'DivnS_SEQ' <Latency = 35> <II = 2> <Delay = 1.47> <FuncUnit> <Opcode : 'udiv' 'sdiv' 'urem' 'srem'> <InPorts = 2> <OutPorts = 1>
ST_55 : Operation 172 [18/36] (1.47ns)   --->   "%urem_ln27 = urem i32 %outputRow, i32 3" [../src/sobel.cpp:27->../src/sobel.cpp:125->../src/canny_top.cpp:31]   --->   Operation 172 'urem' 'urem_ln27' <Predicate = true> <Delay = 1.47> <CoreInst = "DivnS_SEQ">   --->   Core 7 'DivnS_SEQ' <Latency = 35> <II = 2> <Delay = 1.47> <FuncUnit> <Opcode : 'udiv' 'sdiv' 'urem' 'srem'> <InPorts = 2> <OutPorts = 1>

State 56 <SV = 55> <Delay = 1.47>
ST_56 : Operation 173 [17/36] (1.47ns)   --->   "%srem_ln27 = srem i32 %add_ln126, i32 3" [../src/sobel.cpp:27->../src/sobel.cpp:125->../src/canny_top.cpp:31]   --->   Operation 173 'srem' 'srem_ln27' <Predicate = true> <Delay = 1.47> <CoreInst = "DivnS_SEQ">   --->   Core 7 'DivnS_SEQ' <Latency = 35> <II = 2> <Delay = 1.47> <FuncUnit> <Opcode : 'udiv' 'sdiv' 'urem' 'srem'> <InPorts = 2> <OutPorts = 1>
ST_56 : Operation 174 [17/36] (1.47ns)   --->   "%urem_ln27 = urem i32 %outputRow, i32 3" [../src/sobel.cpp:27->../src/sobel.cpp:125->../src/canny_top.cpp:31]   --->   Operation 174 'urem' 'urem_ln27' <Predicate = true> <Delay = 1.47> <CoreInst = "DivnS_SEQ">   --->   Core 7 'DivnS_SEQ' <Latency = 35> <II = 2> <Delay = 1.47> <FuncUnit> <Opcode : 'udiv' 'sdiv' 'urem' 'srem'> <InPorts = 2> <OutPorts = 1>

State 57 <SV = 56> <Delay = 1.47>
ST_57 : Operation 175 [16/36] (1.47ns)   --->   "%srem_ln27 = srem i32 %add_ln126, i32 3" [../src/sobel.cpp:27->../src/sobel.cpp:125->../src/canny_top.cpp:31]   --->   Operation 175 'srem' 'srem_ln27' <Predicate = true> <Delay = 1.47> <CoreInst = "DivnS_SEQ">   --->   Core 7 'DivnS_SEQ' <Latency = 35> <II = 2> <Delay = 1.47> <FuncUnit> <Opcode : 'udiv' 'sdiv' 'urem' 'srem'> <InPorts = 2> <OutPorts = 1>
ST_57 : Operation 176 [16/36] (1.47ns)   --->   "%urem_ln27 = urem i32 %outputRow, i32 3" [../src/sobel.cpp:27->../src/sobel.cpp:125->../src/canny_top.cpp:31]   --->   Operation 176 'urem' 'urem_ln27' <Predicate = true> <Delay = 1.47> <CoreInst = "DivnS_SEQ">   --->   Core 7 'DivnS_SEQ' <Latency = 35> <II = 2> <Delay = 1.47> <FuncUnit> <Opcode : 'udiv' 'sdiv' 'urem' 'srem'> <InPorts = 2> <OutPorts = 1>

State 58 <SV = 57> <Delay = 1.47>
ST_58 : Operation 177 [15/36] (1.47ns)   --->   "%srem_ln27 = srem i32 %add_ln126, i32 3" [../src/sobel.cpp:27->../src/sobel.cpp:125->../src/canny_top.cpp:31]   --->   Operation 177 'srem' 'srem_ln27' <Predicate = true> <Delay = 1.47> <CoreInst = "DivnS_SEQ">   --->   Core 7 'DivnS_SEQ' <Latency = 35> <II = 2> <Delay = 1.47> <FuncUnit> <Opcode : 'udiv' 'sdiv' 'urem' 'srem'> <InPorts = 2> <OutPorts = 1>
ST_58 : Operation 178 [15/36] (1.47ns)   --->   "%urem_ln27 = urem i32 %outputRow, i32 3" [../src/sobel.cpp:27->../src/sobel.cpp:125->../src/canny_top.cpp:31]   --->   Operation 178 'urem' 'urem_ln27' <Predicate = true> <Delay = 1.47> <CoreInst = "DivnS_SEQ">   --->   Core 7 'DivnS_SEQ' <Latency = 35> <II = 2> <Delay = 1.47> <FuncUnit> <Opcode : 'udiv' 'sdiv' 'urem' 'srem'> <InPorts = 2> <OutPorts = 1>

State 59 <SV = 58> <Delay = 1.47>
ST_59 : Operation 179 [14/36] (1.47ns)   --->   "%srem_ln27 = srem i32 %add_ln126, i32 3" [../src/sobel.cpp:27->../src/sobel.cpp:125->../src/canny_top.cpp:31]   --->   Operation 179 'srem' 'srem_ln27' <Predicate = true> <Delay = 1.47> <CoreInst = "DivnS_SEQ">   --->   Core 7 'DivnS_SEQ' <Latency = 35> <II = 2> <Delay = 1.47> <FuncUnit> <Opcode : 'udiv' 'sdiv' 'urem' 'srem'> <InPorts = 2> <OutPorts = 1>
ST_59 : Operation 180 [14/36] (1.47ns)   --->   "%urem_ln27 = urem i32 %outputRow, i32 3" [../src/sobel.cpp:27->../src/sobel.cpp:125->../src/canny_top.cpp:31]   --->   Operation 180 'urem' 'urem_ln27' <Predicate = true> <Delay = 1.47> <CoreInst = "DivnS_SEQ">   --->   Core 7 'DivnS_SEQ' <Latency = 35> <II = 2> <Delay = 1.47> <FuncUnit> <Opcode : 'udiv' 'sdiv' 'urem' 'srem'> <InPorts = 2> <OutPorts = 1>

State 60 <SV = 59> <Delay = 1.47>
ST_60 : Operation 181 [13/36] (1.47ns)   --->   "%srem_ln27 = srem i32 %add_ln126, i32 3" [../src/sobel.cpp:27->../src/sobel.cpp:125->../src/canny_top.cpp:31]   --->   Operation 181 'srem' 'srem_ln27' <Predicate = true> <Delay = 1.47> <CoreInst = "DivnS_SEQ">   --->   Core 7 'DivnS_SEQ' <Latency = 35> <II = 2> <Delay = 1.47> <FuncUnit> <Opcode : 'udiv' 'sdiv' 'urem' 'srem'> <InPorts = 2> <OutPorts = 1>
ST_60 : Operation 182 [13/36] (1.47ns)   --->   "%urem_ln27 = urem i32 %outputRow, i32 3" [../src/sobel.cpp:27->../src/sobel.cpp:125->../src/canny_top.cpp:31]   --->   Operation 182 'urem' 'urem_ln27' <Predicate = true> <Delay = 1.47> <CoreInst = "DivnS_SEQ">   --->   Core 7 'DivnS_SEQ' <Latency = 35> <II = 2> <Delay = 1.47> <FuncUnit> <Opcode : 'udiv' 'sdiv' 'urem' 'srem'> <InPorts = 2> <OutPorts = 1>

State 61 <SV = 60> <Delay = 1.47>
ST_61 : Operation 183 [12/36] (1.47ns)   --->   "%srem_ln27 = srem i32 %add_ln126, i32 3" [../src/sobel.cpp:27->../src/sobel.cpp:125->../src/canny_top.cpp:31]   --->   Operation 183 'srem' 'srem_ln27' <Predicate = true> <Delay = 1.47> <CoreInst = "DivnS_SEQ">   --->   Core 7 'DivnS_SEQ' <Latency = 35> <II = 2> <Delay = 1.47> <FuncUnit> <Opcode : 'udiv' 'sdiv' 'urem' 'srem'> <InPorts = 2> <OutPorts = 1>
ST_61 : Operation 184 [12/36] (1.47ns)   --->   "%urem_ln27 = urem i32 %outputRow, i32 3" [../src/sobel.cpp:27->../src/sobel.cpp:125->../src/canny_top.cpp:31]   --->   Operation 184 'urem' 'urem_ln27' <Predicate = true> <Delay = 1.47> <CoreInst = "DivnS_SEQ">   --->   Core 7 'DivnS_SEQ' <Latency = 35> <II = 2> <Delay = 1.47> <FuncUnit> <Opcode : 'udiv' 'sdiv' 'urem' 'srem'> <InPorts = 2> <OutPorts = 1>

State 62 <SV = 61> <Delay = 1.47>
ST_62 : Operation 185 [11/36] (1.47ns)   --->   "%srem_ln27 = srem i32 %add_ln126, i32 3" [../src/sobel.cpp:27->../src/sobel.cpp:125->../src/canny_top.cpp:31]   --->   Operation 185 'srem' 'srem_ln27' <Predicate = true> <Delay = 1.47> <CoreInst = "DivnS_SEQ">   --->   Core 7 'DivnS_SEQ' <Latency = 35> <II = 2> <Delay = 1.47> <FuncUnit> <Opcode : 'udiv' 'sdiv' 'urem' 'srem'> <InPorts = 2> <OutPorts = 1>
ST_62 : Operation 186 [11/36] (1.47ns)   --->   "%urem_ln27 = urem i32 %outputRow, i32 3" [../src/sobel.cpp:27->../src/sobel.cpp:125->../src/canny_top.cpp:31]   --->   Operation 186 'urem' 'urem_ln27' <Predicate = true> <Delay = 1.47> <CoreInst = "DivnS_SEQ">   --->   Core 7 'DivnS_SEQ' <Latency = 35> <II = 2> <Delay = 1.47> <FuncUnit> <Opcode : 'udiv' 'sdiv' 'urem' 'srem'> <InPorts = 2> <OutPorts = 1>

State 63 <SV = 62> <Delay = 1.47>
ST_63 : Operation 187 [10/36] (1.47ns)   --->   "%srem_ln27 = srem i32 %add_ln126, i32 3" [../src/sobel.cpp:27->../src/sobel.cpp:125->../src/canny_top.cpp:31]   --->   Operation 187 'srem' 'srem_ln27' <Predicate = true> <Delay = 1.47> <CoreInst = "DivnS_SEQ">   --->   Core 7 'DivnS_SEQ' <Latency = 35> <II = 2> <Delay = 1.47> <FuncUnit> <Opcode : 'udiv' 'sdiv' 'urem' 'srem'> <InPorts = 2> <OutPorts = 1>
ST_63 : Operation 188 [10/36] (1.47ns)   --->   "%urem_ln27 = urem i32 %outputRow, i32 3" [../src/sobel.cpp:27->../src/sobel.cpp:125->../src/canny_top.cpp:31]   --->   Operation 188 'urem' 'urem_ln27' <Predicate = true> <Delay = 1.47> <CoreInst = "DivnS_SEQ">   --->   Core 7 'DivnS_SEQ' <Latency = 35> <II = 2> <Delay = 1.47> <FuncUnit> <Opcode : 'udiv' 'sdiv' 'urem' 'srem'> <InPorts = 2> <OutPorts = 1>

State 64 <SV = 63> <Delay = 1.47>
ST_64 : Operation 189 [9/36] (1.47ns)   --->   "%srem_ln27 = srem i32 %add_ln126, i32 3" [../src/sobel.cpp:27->../src/sobel.cpp:125->../src/canny_top.cpp:31]   --->   Operation 189 'srem' 'srem_ln27' <Predicate = true> <Delay = 1.47> <CoreInst = "DivnS_SEQ">   --->   Core 7 'DivnS_SEQ' <Latency = 35> <II = 2> <Delay = 1.47> <FuncUnit> <Opcode : 'udiv' 'sdiv' 'urem' 'srem'> <InPorts = 2> <OutPorts = 1>
ST_64 : Operation 190 [9/36] (1.47ns)   --->   "%urem_ln27 = urem i32 %outputRow, i32 3" [../src/sobel.cpp:27->../src/sobel.cpp:125->../src/canny_top.cpp:31]   --->   Operation 190 'urem' 'urem_ln27' <Predicate = true> <Delay = 1.47> <CoreInst = "DivnS_SEQ">   --->   Core 7 'DivnS_SEQ' <Latency = 35> <II = 2> <Delay = 1.47> <FuncUnit> <Opcode : 'udiv' 'sdiv' 'urem' 'srem'> <InPorts = 2> <OutPorts = 1>

State 65 <SV = 64> <Delay = 1.47>
ST_65 : Operation 191 [8/36] (1.47ns)   --->   "%srem_ln27 = srem i32 %add_ln126, i32 3" [../src/sobel.cpp:27->../src/sobel.cpp:125->../src/canny_top.cpp:31]   --->   Operation 191 'srem' 'srem_ln27' <Predicate = true> <Delay = 1.47> <CoreInst = "DivnS_SEQ">   --->   Core 7 'DivnS_SEQ' <Latency = 35> <II = 2> <Delay = 1.47> <FuncUnit> <Opcode : 'udiv' 'sdiv' 'urem' 'srem'> <InPorts = 2> <OutPorts = 1>
ST_65 : Operation 192 [8/36] (1.47ns)   --->   "%urem_ln27 = urem i32 %outputRow, i32 3" [../src/sobel.cpp:27->../src/sobel.cpp:125->../src/canny_top.cpp:31]   --->   Operation 192 'urem' 'urem_ln27' <Predicate = true> <Delay = 1.47> <CoreInst = "DivnS_SEQ">   --->   Core 7 'DivnS_SEQ' <Latency = 35> <II = 2> <Delay = 1.47> <FuncUnit> <Opcode : 'udiv' 'sdiv' 'urem' 'srem'> <InPorts = 2> <OutPorts = 1>

State 66 <SV = 65> <Delay = 1.47>
ST_66 : Operation 193 [7/36] (1.47ns)   --->   "%srem_ln27 = srem i32 %add_ln126, i32 3" [../src/sobel.cpp:27->../src/sobel.cpp:125->../src/canny_top.cpp:31]   --->   Operation 193 'srem' 'srem_ln27' <Predicate = true> <Delay = 1.47> <CoreInst = "DivnS_SEQ">   --->   Core 7 'DivnS_SEQ' <Latency = 35> <II = 2> <Delay = 1.47> <FuncUnit> <Opcode : 'udiv' 'sdiv' 'urem' 'srem'> <InPorts = 2> <OutPorts = 1>
ST_66 : Operation 194 [7/36] (1.47ns)   --->   "%urem_ln27 = urem i32 %outputRow, i32 3" [../src/sobel.cpp:27->../src/sobel.cpp:125->../src/canny_top.cpp:31]   --->   Operation 194 'urem' 'urem_ln27' <Predicate = true> <Delay = 1.47> <CoreInst = "DivnS_SEQ">   --->   Core 7 'DivnS_SEQ' <Latency = 35> <II = 2> <Delay = 1.47> <FuncUnit> <Opcode : 'udiv' 'sdiv' 'urem' 'srem'> <InPorts = 2> <OutPorts = 1>

State 67 <SV = 66> <Delay = 1.47>
ST_67 : Operation 195 [6/36] (1.47ns)   --->   "%srem_ln27 = srem i32 %add_ln126, i32 3" [../src/sobel.cpp:27->../src/sobel.cpp:125->../src/canny_top.cpp:31]   --->   Operation 195 'srem' 'srem_ln27' <Predicate = true> <Delay = 1.47> <CoreInst = "DivnS_SEQ">   --->   Core 7 'DivnS_SEQ' <Latency = 35> <II = 2> <Delay = 1.47> <FuncUnit> <Opcode : 'udiv' 'sdiv' 'urem' 'srem'> <InPorts = 2> <OutPorts = 1>
ST_67 : Operation 196 [6/36] (1.47ns)   --->   "%urem_ln27 = urem i32 %outputRow, i32 3" [../src/sobel.cpp:27->../src/sobel.cpp:125->../src/canny_top.cpp:31]   --->   Operation 196 'urem' 'urem_ln27' <Predicate = true> <Delay = 1.47> <CoreInst = "DivnS_SEQ">   --->   Core 7 'DivnS_SEQ' <Latency = 35> <II = 2> <Delay = 1.47> <FuncUnit> <Opcode : 'udiv' 'sdiv' 'urem' 'srem'> <InPorts = 2> <OutPorts = 1>

State 68 <SV = 67> <Delay = 1.47>
ST_68 : Operation 197 [5/36] (1.47ns)   --->   "%srem_ln27 = srem i32 %add_ln126, i32 3" [../src/sobel.cpp:27->../src/sobel.cpp:125->../src/canny_top.cpp:31]   --->   Operation 197 'srem' 'srem_ln27' <Predicate = true> <Delay = 1.47> <CoreInst = "DivnS_SEQ">   --->   Core 7 'DivnS_SEQ' <Latency = 35> <II = 2> <Delay = 1.47> <FuncUnit> <Opcode : 'udiv' 'sdiv' 'urem' 'srem'> <InPorts = 2> <OutPorts = 1>
ST_68 : Operation 198 [5/36] (1.47ns)   --->   "%urem_ln27 = urem i32 %outputRow, i32 3" [../src/sobel.cpp:27->../src/sobel.cpp:125->../src/canny_top.cpp:31]   --->   Operation 198 'urem' 'urem_ln27' <Predicate = true> <Delay = 1.47> <CoreInst = "DivnS_SEQ">   --->   Core 7 'DivnS_SEQ' <Latency = 35> <II = 2> <Delay = 1.47> <FuncUnit> <Opcode : 'udiv' 'sdiv' 'urem' 'srem'> <InPorts = 2> <OutPorts = 1>

State 69 <SV = 68> <Delay = 1.47>
ST_69 : Operation 199 [4/36] (1.47ns)   --->   "%srem_ln27 = srem i32 %add_ln126, i32 3" [../src/sobel.cpp:27->../src/sobel.cpp:125->../src/canny_top.cpp:31]   --->   Operation 199 'srem' 'srem_ln27' <Predicate = true> <Delay = 1.47> <CoreInst = "DivnS_SEQ">   --->   Core 7 'DivnS_SEQ' <Latency = 35> <II = 2> <Delay = 1.47> <FuncUnit> <Opcode : 'udiv' 'sdiv' 'urem' 'srem'> <InPorts = 2> <OutPorts = 1>
ST_69 : Operation 200 [4/36] (1.47ns)   --->   "%urem_ln27 = urem i32 %outputRow, i32 3" [../src/sobel.cpp:27->../src/sobel.cpp:125->../src/canny_top.cpp:31]   --->   Operation 200 'urem' 'urem_ln27' <Predicate = true> <Delay = 1.47> <CoreInst = "DivnS_SEQ">   --->   Core 7 'DivnS_SEQ' <Latency = 35> <II = 2> <Delay = 1.47> <FuncUnit> <Opcode : 'udiv' 'sdiv' 'urem' 'srem'> <InPorts = 2> <OutPorts = 1>

State 70 <SV = 69> <Delay = 1.47>
ST_70 : Operation 201 [3/36] (1.47ns)   --->   "%srem_ln27 = srem i32 %add_ln126, i32 3" [../src/sobel.cpp:27->../src/sobel.cpp:125->../src/canny_top.cpp:31]   --->   Operation 201 'srem' 'srem_ln27' <Predicate = true> <Delay = 1.47> <CoreInst = "DivnS_SEQ">   --->   Core 7 'DivnS_SEQ' <Latency = 35> <II = 2> <Delay = 1.47> <FuncUnit> <Opcode : 'udiv' 'sdiv' 'urem' 'srem'> <InPorts = 2> <OutPorts = 1>
ST_70 : Operation 202 [3/36] (1.47ns)   --->   "%urem_ln27 = urem i32 %outputRow, i32 3" [../src/sobel.cpp:27->../src/sobel.cpp:125->../src/canny_top.cpp:31]   --->   Operation 202 'urem' 'urem_ln27' <Predicate = true> <Delay = 1.47> <CoreInst = "DivnS_SEQ">   --->   Core 7 'DivnS_SEQ' <Latency = 35> <II = 2> <Delay = 1.47> <FuncUnit> <Opcode : 'udiv' 'sdiv' 'urem' 'srem'> <InPorts = 2> <OutPorts = 1>
ST_70 : Operation 203 [2/2] (1.23ns)   --->   "%p_anonymous_namespace_lineBuffer_32_0_load = load i8 0" [../src/sobel.cpp:151->../src/canny_top.cpp:31]   --->   Operation 203 'load' 'p_anonymous_namespace_lineBuffer_32_0_load' <Predicate = true> <Delay = 1.23> <CoreInst = "RAM">   --->   Core 82 'RAM' <Latency = 1> <II = 1> <Delay = 1.23> <Storage> <Opcode : 'load' 'store'> <Ports = 2> <Width = 8> <Depth = 512> <RAM>
ST_70 : Operation 204 [2/2] (1.23ns)   --->   "%p_anonymous_namespace_lineBuffer_32_1_load = load i8 0" [../src/sobel.cpp:151->../src/canny_top.cpp:31]   --->   Operation 204 'load' 'p_anonymous_namespace_lineBuffer_32_1_load' <Predicate = true> <Delay = 1.23> <CoreInst = "RAM">   --->   Core 82 'RAM' <Latency = 1> <II = 1> <Delay = 1.23> <Storage> <Opcode : 'load' 'store'> <Ports = 2> <Width = 8> <Depth = 512> <RAM>
ST_70 : Operation 205 [2/2] (1.23ns)   --->   "%p_anonymous_namespace_lineBuffer_32_2_load = load i8 0" [../src/sobel.cpp:151->../src/canny_top.cpp:31]   --->   Operation 205 'load' 'p_anonymous_namespace_lineBuffer_32_2_load' <Predicate = true> <Delay = 1.23> <CoreInst = "RAM">   --->   Core 82 'RAM' <Latency = 1> <II = 1> <Delay = 1.23> <Storage> <Opcode : 'load' 'store'> <Ports = 2> <Width = 8> <Depth = 512> <RAM>
ST_70 : Operation 206 [2/2] (1.23ns)   --->   "%p_anonymous_namespace_lineBuffer_32_0_load_1 = load i8 1" [../src/sobel.cpp:151->../src/canny_top.cpp:31]   --->   Operation 206 'load' 'p_anonymous_namespace_lineBuffer_32_0_load_1' <Predicate = true> <Delay = 1.23> <CoreInst = "RAM">   --->   Core 82 'RAM' <Latency = 1> <II = 1> <Delay = 1.23> <Storage> <Opcode : 'load' 'store'> <Ports = 2> <Width = 8> <Depth = 512> <RAM>
ST_70 : Operation 207 [2/2] (1.23ns)   --->   "%p_anonymous_namespace_lineBuffer_32_1_load_1 = load i8 1" [../src/sobel.cpp:151->../src/canny_top.cpp:31]   --->   Operation 207 'load' 'p_anonymous_namespace_lineBuffer_32_1_load_1' <Predicate = true> <Delay = 1.23> <CoreInst = "RAM">   --->   Core 82 'RAM' <Latency = 1> <II = 1> <Delay = 1.23> <Storage> <Opcode : 'load' 'store'> <Ports = 2> <Width = 8> <Depth = 512> <RAM>
ST_70 : Operation 208 [2/2] (1.23ns)   --->   "%p_anonymous_namespace_lineBuffer_32_2_load_1 = load i8 1" [../src/sobel.cpp:151->../src/canny_top.cpp:31]   --->   Operation 208 'load' 'p_anonymous_namespace_lineBuffer_32_2_load_1' <Predicate = true> <Delay = 1.23> <CoreInst = "RAM">   --->   Core 82 'RAM' <Latency = 1> <II = 1> <Delay = 1.23> <Storage> <Opcode : 'load' 'store'> <Ports = 2> <Width = 8> <Depth = 512> <RAM>

State 71 <SV = 70> <Delay = 1.47>
ST_71 : Operation 209 [2/36] (1.47ns)   --->   "%srem_ln27 = srem i32 %add_ln126, i32 3" [../src/sobel.cpp:27->../src/sobel.cpp:125->../src/canny_top.cpp:31]   --->   Operation 209 'srem' 'srem_ln27' <Predicate = true> <Delay = 1.47> <CoreInst = "DivnS_SEQ">   --->   Core 7 'DivnS_SEQ' <Latency = 35> <II = 2> <Delay = 1.47> <FuncUnit> <Opcode : 'udiv' 'sdiv' 'urem' 'srem'> <InPorts = 2> <OutPorts = 1>
ST_71 : Operation 210 [2/36] (1.47ns)   --->   "%urem_ln27 = urem i32 %outputRow, i32 3" [../src/sobel.cpp:27->../src/sobel.cpp:125->../src/canny_top.cpp:31]   --->   Operation 210 'urem' 'urem_ln27' <Predicate = true> <Delay = 1.47> <CoreInst = "DivnS_SEQ">   --->   Core 7 'DivnS_SEQ' <Latency = 35> <II = 2> <Delay = 1.47> <FuncUnit> <Opcode : 'udiv' 'sdiv' 'urem' 'srem'> <InPorts = 2> <OutPorts = 1>
ST_71 : Operation 211 [1/2] ( I:1.23ns O:1.23ns )   --->   "%p_anonymous_namespace_lineBuffer_32_0_load = load i8 0" [../src/sobel.cpp:151->../src/canny_top.cpp:31]   --->   Operation 211 'load' 'p_anonymous_namespace_lineBuffer_32_0_load' <Predicate = true> <Delay = 1.23> <CoreInst = "RAM">   --->   Core 82 'RAM' <Latency = 1> <II = 1> <Delay = 1.23> <Storage> <Opcode : 'load' 'store'> <Ports = 2> <Width = 8> <Depth = 512> <RAM>
ST_71 : Operation 212 [1/2] ( I:1.23ns O:1.23ns )   --->   "%p_anonymous_namespace_lineBuffer_32_1_load = load i8 0" [../src/sobel.cpp:151->../src/canny_top.cpp:31]   --->   Operation 212 'load' 'p_anonymous_namespace_lineBuffer_32_1_load' <Predicate = true> <Delay = 1.23> <CoreInst = "RAM">   --->   Core 82 'RAM' <Latency = 1> <II = 1> <Delay = 1.23> <Storage> <Opcode : 'load' 'store'> <Ports = 2> <Width = 8> <Depth = 512> <RAM>
ST_71 : Operation 213 [1/2] ( I:1.23ns O:1.23ns )   --->   "%p_anonymous_namespace_lineBuffer_32_2_load = load i8 0" [../src/sobel.cpp:151->../src/canny_top.cpp:31]   --->   Operation 213 'load' 'p_anonymous_namespace_lineBuffer_32_2_load' <Predicate = true> <Delay = 1.23> <CoreInst = "RAM">   --->   Core 82 'RAM' <Latency = 1> <II = 1> <Delay = 1.23> <Storage> <Opcode : 'load' 'store'> <Ports = 2> <Width = 8> <Depth = 512> <RAM>
ST_71 : Operation 214 [1/2] ( I:1.23ns O:1.23ns )   --->   "%p_anonymous_namespace_lineBuffer_32_0_load_1 = load i8 1" [../src/sobel.cpp:151->../src/canny_top.cpp:31]   --->   Operation 214 'load' 'p_anonymous_namespace_lineBuffer_32_0_load_1' <Predicate = true> <Delay = 1.23> <CoreInst = "RAM">   --->   Core 82 'RAM' <Latency = 1> <II = 1> <Delay = 1.23> <Storage> <Opcode : 'load' 'store'> <Ports = 2> <Width = 8> <Depth = 512> <RAM>
ST_71 : Operation 215 [1/2] ( I:1.23ns O:1.23ns )   --->   "%p_anonymous_namespace_lineBuffer_32_1_load_1 = load i8 1" [../src/sobel.cpp:151->../src/canny_top.cpp:31]   --->   Operation 215 'load' 'p_anonymous_namespace_lineBuffer_32_1_load_1' <Predicate = true> <Delay = 1.23> <CoreInst = "RAM">   --->   Core 82 'RAM' <Latency = 1> <II = 1> <Delay = 1.23> <Storage> <Opcode : 'load' 'store'> <Ports = 2> <Width = 8> <Depth = 512> <RAM>
ST_71 : Operation 216 [1/2] ( I:1.23ns O:1.23ns )   --->   "%p_anonymous_namespace_lineBuffer_32_2_load_1 = load i8 1" [../src/sobel.cpp:151->../src/canny_top.cpp:31]   --->   Operation 216 'load' 'p_anonymous_namespace_lineBuffer_32_2_load_1' <Predicate = true> <Delay = 1.23> <CoreInst = "RAM">   --->   Core 82 'RAM' <Latency = 1> <II = 1> <Delay = 1.23> <Storage> <Opcode : 'load' 'store'> <Ports = 2> <Width = 8> <Depth = 512> <RAM>

State 72 <SV = 71> <Delay = 2.61>
ST_72 : Operation 217 [1/36] (1.47ns)   --->   "%srem_ln27 = srem i32 %add_ln126, i32 3" [../src/sobel.cpp:27->../src/sobel.cpp:125->../src/canny_top.cpp:31]   --->   Operation 217 'srem' 'srem_ln27' <Predicate = true> <Delay = 1.47> <CoreInst = "DivnS_SEQ">   --->   Core 7 'DivnS_SEQ' <Latency = 35> <II = 2> <Delay = 1.47> <FuncUnit> <Opcode : 'udiv' 'sdiv' 'urem' 'srem'> <InPorts = 2> <OutPorts = 1>
ST_72 : Operation 218 [1/1] (0.00ns) (grouped into LUT with out node result)   --->   "%trunc_ln27 = trunc i2 %srem_ln27" [../src/sobel.cpp:27->../src/sobel.cpp:125->../src/canny_top.cpp:31]   --->   Operation 218 'trunc' 'trunc_ln27' <Predicate = true> <Delay = 0.00>
ST_72 : Operation 219 [1/1] (0.00ns) (grouped into LUT with out node result)   --->   "%xor_ln27 = xor i1 %tmp_16, i1 1" [../src/sobel.cpp:27->../src/sobel.cpp:125->../src/canny_top.cpp:31]   --->   Operation 219 'xor' 'xor_ln27' <Predicate = true> <Delay = 0.00> <CoreInst = "LogicGate">   --->   Core 74 'LogicGate' <Latency = 0> <II = 1> <Delay = 0.28> <FuncUnit> <Opcode : 'and' 'or' 'xor'> <InPorts = 2> <OutPorts = 1>
ST_72 : Operation 220 [1/1] (0.00ns) (grouped into LUT with out node result)   --->   "%zext_ln27 = zext i1 %xor_ln27" [../src/sobel.cpp:27->../src/sobel.cpp:125->../src/canny_top.cpp:31]   --->   Operation 220 'zext' 'zext_ln27' <Predicate = true> <Delay = 0.00>
ST_72 : Operation 221 [1/1] (0.00ns) (grouped into LUT with out node result)   --->   "%or_ln27 = or i1 %tmp_16, i1 %icmp_ln67" [../src/sobel.cpp:27->../src/sobel.cpp:125->../src/canny_top.cpp:31]   --->   Operation 221 'or' 'or_ln27' <Predicate = true> <Delay = 0.00> <CoreInst = "LogicGate">   --->   Core 74 'LogicGate' <Latency = 0> <II = 1> <Delay = 0.28> <FuncUnit> <Opcode : 'and' 'or' 'xor'> <InPorts = 2> <OutPorts = 1>
ST_72 : Operation 222 [1/1] (0.28ns) (out node of the LUT)   --->   "%result = select i1 %or_ln27, i2 %zext_ln27, i2 %trunc_ln27" [../src/sobel.cpp:27->../src/sobel.cpp:125->../src/canny_top.cpp:31]   --->   Operation 222 'select' 'result' <Predicate = true> <Delay = 0.28> <CoreInst = "Sel">   --->   Core 73 'Sel' <Latency = 0> <II = 1> <Delay = 0.17> <FuncUnit> <Opcode : 'select'> <InPorts = 3> <OutPorts = 1>
ST_72 : Operation 223 [1/36] (1.47ns)   --->   "%urem_ln27 = urem i32 %outputRow, i32 3" [../src/sobel.cpp:27->../src/sobel.cpp:125->../src/canny_top.cpp:31]   --->   Operation 223 'urem' 'urem_ln27' <Predicate = true> <Delay = 1.47> <CoreInst = "DivnS_SEQ">   --->   Core 7 'DivnS_SEQ' <Latency = 35> <II = 2> <Delay = 1.47> <FuncUnit> <Opcode : 'udiv' 'sdiv' 'urem' 'srem'> <InPorts = 2> <OutPorts = 1>
ST_72 : Operation 224 [1/1] (0.00ns)   --->   "%trunc_ln27_1 = trunc i2 %urem_ln27" [../src/sobel.cpp:27->../src/sobel.cpp:125->../src/canny_top.cpp:31]   --->   Operation 224 'trunc' 'trunc_ln27_1' <Predicate = (!icmp_ln67_1)> <Delay = 0.00>
ST_72 : Operation 225 [1/1] (0.17ns)   --->   "%result_1 = select i1 %icmp_ln67_1, i2 1, i2 %trunc_ln27_1" [../src/sobel.cpp:27->../src/sobel.cpp:125->../src/canny_top.cpp:31]   --->   Operation 225 'select' 'result_1' <Predicate = true> <Delay = 0.17> <CoreInst = "Sel">   --->   Core 73 'Sel' <Latency = 0> <II = 1> <Delay = 0.17> <FuncUnit> <Opcode : 'select'> <InPorts = 3> <OutPorts = 1>
ST_72 : Operation 226 [1/1] (0.42ns)   --->   "%tmp_1 = sparsemux i8 @_ssdm_op_SparseMux.ap_auto.3i8.i8.i2, i2 0, i8 %p_anonymous_namespace_lineBuffer_32_0_load, i2 1, i8 %p_anonymous_namespace_lineBuffer_32_1_load, i2 2, i8 %p_anonymous_namespace_lineBuffer_32_2_load, i8 0, i2 %result" [../src/sobel.cpp:151->../src/canny_top.cpp:31]   --->   Operation 226 'sparsemux' 'tmp_1' <Predicate = true> <Delay = 0.42> <CoreInst = "OneHotSparseMux_HasDef">   --->   Core 152 'OneHotSparseMux_HasDef' <Latency = 0> <II = 1> <Delay = 0.42> <FuncUnit> <Opcode : 'sparsemux'> <InPorts = 2> <OutPorts = 1>
ST_72 : Operation 227 [1/1] (0.42ns)   --->   "%tmp_2 = sparsemux i8 @_ssdm_op_SparseMux.ap_auto.3i8.i8.i2, i2 0, i8 %p_anonymous_namespace_lineBuffer_32_0_load, i2 1, i8 %p_anonymous_namespace_lineBuffer_32_1_load, i2 2, i8 %p_anonymous_namespace_lineBuffer_32_2_load, i8 0, i2 %result_1" [../src/sobel.cpp:151->../src/canny_top.cpp:31]   --->   Operation 227 'sparsemux' 'tmp_2' <Predicate = true> <Delay = 0.42> <CoreInst = "OneHotSparseMux_HasDef">   --->   Core 152 'OneHotSparseMux_HasDef' <Latency = 0> <II = 1> <Delay = 0.42> <FuncUnit> <Opcode : 'sparsemux'> <InPorts = 2> <OutPorts = 1>
ST_72 : Operation 228 [1/1] (0.42ns)   --->   "%tmp_3 = sparsemux i8 @_ssdm_op_SparseMux.ap_auto.3i8.i8.i2, i2 0, i8 %p_anonymous_namespace_lineBuffer_32_0_load, i2 1, i8 %p_anonymous_namespace_lineBuffer_32_1_load, i2 2, i8 %p_anonymous_namespace_lineBuffer_32_2_load, i8 0, i2 %result_2" [../src/sobel.cpp:151->../src/canny_top.cpp:31]   --->   Operation 228 'sparsemux' 'tmp_3' <Predicate = true> <Delay = 0.42> <CoreInst = "OneHotSparseMux_HasDef">   --->   Core 152 'OneHotSparseMux_HasDef' <Latency = 0> <II = 1> <Delay = 0.42> <FuncUnit> <Opcode : 'sparsemux'> <InPorts = 2> <OutPorts = 1>
ST_72 : Operation 229 [1/1] (0.42ns)   --->   "%tmp_4 = sparsemux i8 @_ssdm_op_SparseMux.ap_auto.3i8.i8.i2, i2 0, i8 %p_anonymous_namespace_lineBuffer_32_0_load_1, i2 1, i8 %p_anonymous_namespace_lineBuffer_32_1_load_1, i2 2, i8 %p_anonymous_namespace_lineBuffer_32_2_load_1, i8 0, i2 %result" [../src/sobel.cpp:151->../src/canny_top.cpp:31]   --->   Operation 229 'sparsemux' 'tmp_4' <Predicate = true> <Delay = 0.42> <CoreInst = "OneHotSparseMux_HasDef">   --->   Core 152 'OneHotSparseMux_HasDef' <Latency = 0> <II = 1> <Delay = 0.42> <FuncUnit> <Opcode : 'sparsemux'> <InPorts = 2> <OutPorts = 1>
ST_72 : Operation 230 [1/1] (0.42ns)   --->   "%tmp_5 = sparsemux i8 @_ssdm_op_SparseMux.ap_auto.3i8.i8.i2, i2 0, i8 %p_anonymous_namespace_lineBuffer_32_0_load_1, i2 1, i8 %p_anonymous_namespace_lineBuffer_32_1_load_1, i2 2, i8 %p_anonymous_namespace_lineBuffer_32_2_load_1, i8 0, i2 %result_1" [../src/sobel.cpp:151->../src/canny_top.cpp:31]   --->   Operation 230 'sparsemux' 'tmp_5' <Predicate = true> <Delay = 0.42> <CoreInst = "OneHotSparseMux_HasDef">   --->   Core 152 'OneHotSparseMux_HasDef' <Latency = 0> <II = 1> <Delay = 0.42> <FuncUnit> <Opcode : 'sparsemux'> <InPorts = 2> <OutPorts = 1>
ST_72 : Operation 231 [1/1] (0.42ns)   --->   "%tmp_6 = sparsemux i8 @_ssdm_op_SparseMux.ap_auto.3i8.i8.i2, i2 0, i8 %p_anonymous_namespace_lineBuffer_32_0_load_1, i2 1, i8 %p_anonymous_namespace_lineBuffer_32_1_load_1, i2 2, i8 %p_anonymous_namespace_lineBuffer_32_2_load_1, i8 0, i2 %result_2" [../src/sobel.cpp:151->../src/canny_top.cpp:31]   --->   Operation 231 'sparsemux' 'tmp_6' <Predicate = true> <Delay = 0.42> <CoreInst = "OneHotSparseMux_HasDef">   --->   Core 152 'OneHotSparseMux_HasDef' <Latency = 0> <II = 1> <Delay = 0.42> <FuncUnit> <Opcode : 'sparsemux'> <InPorts = 2> <OutPorts = 1>
ST_72 : Operation 232 [2/2] (0.42ns)   --->   "%call_ln151 = call void @sobel_Pipeline_VITIS_LOOP_155_5, i8 %tmp_2, i8 %tmp_6, i8 %tmp_3, i8 %tmp_5, i8 %tmp_4, i8 %tmp_1, i11 %out_sobel_magnitude, i2 %out_sobel_direction, i2 %result, i2 %result_1, i2 %result_2, i8 %p_anonymous_namespace_lineBuffer_32_0, i8 %p_anonymous_namespace_lineBuffer_32_1, i8 %p_anonymous_namespace_lineBuffer_32_2" [../src/sobel.cpp:151->../src/canny_top.cpp:31]   --->   Operation 232 'call' 'call_ln151' <Predicate = true> <Delay = 0.42> <CoreType = "Generic">   --->   Generic Core

State 73 <SV = 72> <Delay = 0.42>
ST_73 : Operation 233 [1/2] (0.00ns)   --->   "%call_ln151 = call void @sobel_Pipeline_VITIS_LOOP_155_5, i8 %tmp_2, i8 %tmp_6, i8 %tmp_3, i8 %tmp_5, i8 %tmp_4, i8 %tmp_1, i11 %out_sobel_magnitude, i2 %out_sobel_direction, i2 %result, i2 %result_1, i2 %result_2, i8 %p_anonymous_namespace_lineBuffer_32_0, i8 %p_anonymous_namespace_lineBuffer_32_1, i8 %p_anonymous_namespace_lineBuffer_32_2" [../src/sobel.cpp:151->../src/canny_top.cpp:31]   --->   Operation 233 'call' 'call_ln151' <Predicate = (p_read_1 & !tmp)> <Delay = 0.00> <CoreType = "Generic">   --->   Generic Core
ST_73 : Operation 234 [1/1] (0.42ns)   --->   "%br_ln0 = br void %_Z5sobelPKhP13GradientPixelbPb.2.exit"   --->   Operation 234 'br' 'br_ln0' <Predicate = (p_read_1 & !tmp)> <Delay = 0.42>
ST_73 : Operation 235 [1/1] (0.00ns)   --->   "%valid_out_write_assign = phi i1 0, void %newFuncRoot, i1 0, void %if.end.i, i1 1, void %if.end8.i"   --->   Operation 235 'phi' 'valid_out_write_assign' <Predicate = true> <Delay = 0.00>
ST_73 : Operation 236 [1/1] (0.00ns)   --->   "%ret_ln0 = ret i1 %valid_out_write_assign"   --->   Operation 236 'ret' 'ret_ln0' <Predicate = true> <Delay = 0.00>


============================================================
+ Verbose Summary: Timing violations
============================================================
Target clock period: 5.000ns, clock uncertainty: 1.350ns.

 <State 1>: 2.252ns
The critical path consists of the following:
	wire read operation ('p_read_1', ../src/sobel.cpp:87->../src/canny_top.cpp:31) on port 'p_read' (../src/sobel.cpp:87->../src/canny_top.cpp:31) [9]  (1.825 ns)
	multiplexor before 'phi' operation 1 bit ('valid_out') [60]  (0.427 ns)
	'br' operation ('br_ln92', ../src/sobel.cpp:92->../src/canny_top.cpp:31) [10]  (0.427 ns)

 <State 2>: 1.476ns
The critical path consists of the following:
	'srem' operation 3 bit ('writeSlot', ../src/sobel.cpp:100->../src/canny_top.cpp:31) [13]  (1.476 ns)

 <State 3>: 1.476ns
The critical path consists of the following:
	'srem' operation 3 bit ('writeSlot', ../src/sobel.cpp:100->../src/canny_top.cpp:31) [13]  (1.476 ns)

 <State 4>: 1.476ns
The critical path consists of the following:
	'srem' operation 3 bit ('writeSlot', ../src/sobel.cpp:100->../src/canny_top.cpp:31) [13]  (1.476 ns)

 <State 5>: 1.476ns
The critical path consists of the following:
	'srem' operation 3 bit ('writeSlot', ../src/sobel.cpp:100->../src/canny_top.cpp:31) [13]  (1.476 ns)

 <State 6>: 1.476ns
The critical path consists of the following:
	'srem' operation 3 bit ('writeSlot', ../src/sobel.cpp:100->../src/canny_top.cpp:31) [13]  (1.476 ns)

 <State 7>: 1.476ns
The critical path consists of the following:
	'srem' operation 3 bit ('writeSlot', ../src/sobel.cpp:100->../src/canny_top.cpp:31) [13]  (1.476 ns)

 <State 8>: 1.476ns
The critical path consists of the following:
	'srem' operation 3 bit ('writeSlot', ../src/sobel.cpp:100->../src/canny_top.cpp:31) [13]  (1.476 ns)

 <State 9>: 1.476ns
The critical path consists of the following:
	'srem' operation 3 bit ('writeSlot', ../src/sobel.cpp:100->../src/canny_top.cpp:31) [13]  (1.476 ns)

 <State 10>: 1.476ns
The critical path consists of the following:
	'srem' operation 3 bit ('writeSlot', ../src/sobel.cpp:100->../src/canny_top.cpp:31) [13]  (1.476 ns)

 <State 11>: 1.476ns
The critical path consists of the following:
	'srem' operation 3 bit ('writeSlot', ../src/sobel.cpp:100->../src/canny_top.cpp:31) [13]  (1.476 ns)

 <State 12>: 1.476ns
The critical path consists of the following:
	'srem' operation 3 bit ('writeSlot', ../src/sobel.cpp:100->../src/canny_top.cpp:31) [13]  (1.476 ns)

 <State 13>: 1.476ns
The critical path consists of the following:
	'srem' operation 3 bit ('writeSlot', ../src/sobel.cpp:100->../src/canny_top.cpp:31) [13]  (1.476 ns)

 <State 14>: 1.476ns
The critical path consists of the following:
	'srem' operation 3 bit ('writeSlot', ../src/sobel.cpp:100->../src/canny_top.cpp:31) [13]  (1.476 ns)

 <State 15>: 1.476ns
The critical path consists of the following:
	'srem' operation 3 bit ('writeSlot', ../src/sobel.cpp:100->../src/canny_top.cpp:31) [13]  (1.476 ns)

 <State 16>: 1.476ns
The critical path consists of the following:
	'srem' operation 3 bit ('writeSlot', ../src/sobel.cpp:100->../src/canny_top.cpp:31) [13]  (1.476 ns)

 <State 17>: 1.476ns
The critical path consists of the following:
	'srem' operation 3 bit ('writeSlot', ../src/sobel.cpp:100->../src/canny_top.cpp:31) [13]  (1.476 ns)

 <State 18>: 1.476ns
The critical path consists of the following:
	'srem' operation 3 bit ('writeSlot', ../src/sobel.cpp:100->../src/canny_top.cpp:31) [13]  (1.476 ns)

 <State 19>: 1.476ns
The critical path consists of the following:
	'srem' operation 3 bit ('writeSlot', ../src/sobel.cpp:100->../src/canny_top.cpp:31) [13]  (1.476 ns)

 <State 20>: 1.476ns
The critical path consists of the following:
	'srem' operation 3 bit ('writeSlot', ../src/sobel.cpp:100->../src/canny_top.cpp:31) [13]  (1.476 ns)

 <State 21>: 1.476ns
The critical path consists of the following:
	'srem' operation 3 bit ('writeSlot', ../src/sobel.cpp:100->../src/canny_top.cpp:31) [13]  (1.476 ns)

 <State 22>: 1.476ns
The critical path consists of the following:
	'srem' operation 3 bit ('writeSlot', ../src/sobel.cpp:100->../src/canny_top.cpp:31) [13]  (1.476 ns)

 <State 23>: 1.476ns
The critical path consists of the following:
	'srem' operation 3 bit ('writeSlot', ../src/sobel.cpp:100->../src/canny_top.cpp:31) [13]  (1.476 ns)

 <State 24>: 1.476ns
The critical path consists of the following:
	'srem' operation 3 bit ('writeSlot', ../src/sobel.cpp:100->../src/canny_top.cpp:31) [13]  (1.476 ns)

 <State 25>: 1.476ns
The critical path consists of the following:
	'srem' operation 3 bit ('writeSlot', ../src/sobel.cpp:100->../src/canny_top.cpp:31) [13]  (1.476 ns)

 <State 26>: 1.476ns
The critical path consists of the following:
	'srem' operation 3 bit ('writeSlot', ../src/sobel.cpp:100->../src/canny_top.cpp:31) [13]  (1.476 ns)

 <State 27>: 1.476ns
The critical path consists of the following:
	'srem' operation 3 bit ('writeSlot', ../src/sobel.cpp:100->../src/canny_top.cpp:31) [13]  (1.476 ns)

 <State 28>: 1.476ns
The critical path consists of the following:
	'srem' operation 3 bit ('writeSlot', ../src/sobel.cpp:100->../src/canny_top.cpp:31) [13]  (1.476 ns)

 <State 29>: 1.476ns
The critical path consists of the following:
	'srem' operation 3 bit ('writeSlot', ../src/sobel.cpp:100->../src/canny_top.cpp:31) [13]  (1.476 ns)

 <State 30>: 1.476ns
The critical path consists of the following:
	'srem' operation 3 bit ('writeSlot', ../src/sobel.cpp:100->../src/canny_top.cpp:31) [13]  (1.476 ns)

 <State 31>: 1.476ns
The critical path consists of the following:
	'srem' operation 3 bit ('writeSlot', ../src/sobel.cpp:100->../src/canny_top.cpp:31) [13]  (1.476 ns)

 <State 32>: 1.476ns
The critical path consists of the following:
	'srem' operation 3 bit ('writeSlot', ../src/sobel.cpp:100->../src/canny_top.cpp:31) [13]  (1.476 ns)

 <State 33>: 1.476ns
The critical path consists of the following:
	'srem' operation 3 bit ('writeSlot', ../src/sobel.cpp:100->../src/canny_top.cpp:31) [13]  (1.476 ns)

 <State 34>: 1.476ns
The critical path consists of the following:
	'srem' operation 3 bit ('writeSlot', ../src/sobel.cpp:100->../src/canny_top.cpp:31) [13]  (1.476 ns)

 <State 35>: 1.476ns
The critical path consists of the following:
	'srem' operation 3 bit ('writeSlot', ../src/sobel.cpp:100->../src/canny_top.cpp:31) [13]  (1.476 ns)

 <State 36>: 2.149ns
The critical path consists of the following:
	'srem' operation 3 bit ('writeSlot', ../src/sobel.cpp:100->../src/canny_top.cpp:31) [13]  (1.476 ns)
	'call' operation ('call_ln99', ../src/sobel.cpp:99->../src/canny_top.cpp:31) to 'sobel_Pipeline_VITIS_LOOP_102_1' [16]  (0.673 ns)

 <State 37>: 2.492ns
The critical path consists of the following:
	'add' operation 32 bit ('v', ../src/sobel.cpp:126->../src/canny_top.cpp:31) [23]  (1.016 ns)
	'srem' operation 2 bit ('srem_ln27', ../src/sobel.cpp:27->../src/sobel.cpp:125->../src/canny_top.cpp:31) [27]  (1.476 ns)

 <State 38>: 1.476ns
The critical path consists of the following:
	'srem' operation 2 bit ('srem_ln27', ../src/sobel.cpp:27->../src/sobel.cpp:125->../src/canny_top.cpp:31) [27]  (1.476 ns)

 <State 39>: 1.476ns
The critical path consists of the following:
	'srem' operation 2 bit ('srem_ln27', ../src/sobel.cpp:27->../src/sobel.cpp:125->../src/canny_top.cpp:31) [27]  (1.476 ns)

 <State 40>: 1.476ns
The critical path consists of the following:
	'srem' operation 2 bit ('srem_ln27', ../src/sobel.cpp:27->../src/sobel.cpp:125->../src/canny_top.cpp:31) [27]  (1.476 ns)

 <State 41>: 1.476ns
The critical path consists of the following:
	'srem' operation 2 bit ('srem_ln27', ../src/sobel.cpp:27->../src/sobel.cpp:125->../src/canny_top.cpp:31) [27]  (1.476 ns)

 <State 42>: 1.476ns
The critical path consists of the following:
	'srem' operation 2 bit ('srem_ln27', ../src/sobel.cpp:27->../src/sobel.cpp:125->../src/canny_top.cpp:31) [27]  (1.476 ns)

 <State 43>: 1.476ns
The critical path consists of the following:
	'srem' operation 2 bit ('srem_ln27', ../src/sobel.cpp:27->../src/sobel.cpp:125->../src/canny_top.cpp:31) [27]  (1.476 ns)

 <State 44>: 1.476ns
The critical path consists of the following:
	'srem' operation 2 bit ('srem_ln27', ../src/sobel.cpp:27->../src/sobel.cpp:125->../src/canny_top.cpp:31) [27]  (1.476 ns)

 <State 45>: 1.476ns
The critical path consists of the following:
	'srem' operation 2 bit ('srem_ln27', ../src/sobel.cpp:27->../src/sobel.cpp:125->../src/canny_top.cpp:31) [27]  (1.476 ns)

 <State 46>: 1.476ns
The critical path consists of the following:
	'srem' operation 2 bit ('srem_ln27', ../src/sobel.cpp:27->../src/sobel.cpp:125->../src/canny_top.cpp:31) [27]  (1.476 ns)

 <State 47>: 1.476ns
The critical path consists of the following:
	'srem' operation 2 bit ('srem_ln27', ../src/sobel.cpp:27->../src/sobel.cpp:125->../src/canny_top.cpp:31) [27]  (1.476 ns)

 <State 48>: 1.476ns
The critical path consists of the following:
	'srem' operation 2 bit ('srem_ln27', ../src/sobel.cpp:27->../src/sobel.cpp:125->../src/canny_top.cpp:31) [27]  (1.476 ns)

 <State 49>: 1.476ns
The critical path consists of the following:
	'srem' operation 2 bit ('srem_ln27', ../src/sobel.cpp:27->../src/sobel.cpp:125->../src/canny_top.cpp:31) [27]  (1.476 ns)

 <State 50>: 1.476ns
The critical path consists of the following:
	'srem' operation 2 bit ('srem_ln27', ../src/sobel.cpp:27->../src/sobel.cpp:125->../src/canny_top.cpp:31) [27]  (1.476 ns)

 <State 51>: 1.476ns
The critical path consists of the following:
	'srem' operation 2 bit ('srem_ln27', ../src/sobel.cpp:27->../src/sobel.cpp:125->../src/canny_top.cpp:31) [27]  (1.476 ns)

 <State 52>: 1.476ns
The critical path consists of the following:
	'srem' operation 2 bit ('srem_ln27', ../src/sobel.cpp:27->../src/sobel.cpp:125->../src/canny_top.cpp:31) [27]  (1.476 ns)

 <State 53>: 1.476ns
The critical path consists of the following:
	'srem' operation 2 bit ('srem_ln27', ../src/sobel.cpp:27->../src/sobel.cpp:125->../src/canny_top.cpp:31) [27]  (1.476 ns)

 <State 54>: 1.476ns
The critical path consists of the following:
	'srem' operation 2 bit ('srem_ln27', ../src/sobel.cpp:27->../src/sobel.cpp:125->../src/canny_top.cpp:31) [27]  (1.476 ns)

 <State 55>: 1.476ns
The critical path consists of the following:
	'srem' operation 2 bit ('srem_ln27', ../src/sobel.cpp:27->../src/sobel.cpp:125->../src/canny_top.cpp:31) [27]  (1.476 ns)

 <State 56>: 1.476ns
The critical path consists of the following:
	'srem' operation 2 bit ('srem_ln27', ../src/sobel.cpp:27->../src/sobel.cpp:125->../src/canny_top.cpp:31) [27]  (1.476 ns)

 <State 57>: 1.476ns
The critical path consists of the following:
	'srem' operation 2 bit ('srem_ln27', ../src/sobel.cpp:27->../src/sobel.cpp:125->../src/canny_top.cpp:31) [27]  (1.476 ns)

 <State 58>: 1.476ns
The critical path consists of the following:
	'srem' operation 2 bit ('srem_ln27', ../src/sobel.cpp:27->../src/sobel.cpp:125->../src/canny_top.cpp:31) [27]  (1.476 ns)

 <State 59>: 1.476ns
The critical path consists of the following:
	'srem' operation 2 bit ('srem_ln27', ../src/sobel.cpp:27->../src/sobel.cpp:125->../src/canny_top.cpp:31) [27]  (1.476 ns)

 <State 60>: 1.476ns
The critical path consists of the following:
	'srem' operation 2 bit ('srem_ln27', ../src/sobel.cpp:27->../src/sobel.cpp:125->../src/canny_top.cpp:31) [27]  (1.476 ns)

 <State 61>: 1.476ns
The critical path consists of the following:
	'srem' operation 2 bit ('srem_ln27', ../src/sobel.cpp:27->../src/sobel.cpp:125->../src/canny_top.cpp:31) [27]  (1.476 ns)

 <State 62>: 1.476ns
The critical path consists of the following:
	'srem' operation 2 bit ('srem_ln27', ../src/sobel.cpp:27->../src/sobel.cpp:125->../src/canny_top.cpp:31) [27]  (1.476 ns)

 <State 63>: 1.476ns
The critical path consists of the following:
	'srem' operation 2 bit ('srem_ln27', ../src/sobel.cpp:27->../src/sobel.cpp:125->../src/canny_top.cpp:31) [27]  (1.476 ns)

 <State 64>: 1.476ns
The critical path consists of the following:
	'srem' operation 2 bit ('srem_ln27', ../src/sobel.cpp:27->../src/sobel.cpp:125->../src/canny_top.cpp:31) [27]  (1.476 ns)

 <State 65>: 1.476ns
The critical path consists of the following:
	'srem' operation 2 bit ('srem_ln27', ../src/sobel.cpp:27->../src/sobel.cpp:125->../src/canny_top.cpp:31) [27]  (1.476 ns)

 <State 66>: 1.476ns
The critical path consists of the following:
	'srem' operation 2 bit ('srem_ln27', ../src/sobel.cpp:27->../src/sobel.cpp:125->../src/canny_top.cpp:31) [27]  (1.476 ns)

 <State 67>: 1.476ns
The critical path consists of the following:
	'srem' operation 2 bit ('srem_ln27', ../src/sobel.cpp:27->../src/sobel.cpp:125->../src/canny_top.cpp:31) [27]  (1.476 ns)

 <State 68>: 1.476ns
The critical path consists of the following:
	'srem' operation 2 bit ('srem_ln27', ../src/sobel.cpp:27->../src/sobel.cpp:125->../src/canny_top.cpp:31) [27]  (1.476 ns)

 <State 69>: 1.476ns
The critical path consists of the following:
	'srem' operation 2 bit ('srem_ln27', ../src/sobel.cpp:27->../src/sobel.cpp:125->../src/canny_top.cpp:31) [27]  (1.476 ns)

 <State 70>: 1.476ns
The critical path consists of the following:
	'srem' operation 2 bit ('srem_ln27', ../src/sobel.cpp:27->../src/sobel.cpp:125->../src/canny_top.cpp:31) [27]  (1.476 ns)

 <State 71>: 1.476ns
The critical path consists of the following:
	'srem' operation 2 bit ('srem_ln27', ../src/sobel.cpp:27->../src/sobel.cpp:125->../src/canny_top.cpp:31) [27]  (1.476 ns)

 <State 72>: 2.617ns
The critical path consists of the following:
	'srem' operation 2 bit ('srem_ln27', ../src/sobel.cpp:27->../src/sobel.cpp:125->../src/canny_top.cpp:31) [27]  (1.476 ns)
	'select' operation 2 bit ('result', ../src/sobel.cpp:27->../src/sobel.cpp:125->../src/canny_top.cpp:31) [32]  (0.287 ns)
	'sparsemux' operation 8 bit ('tmp_4', ../src/sobel.cpp:151->../src/canny_top.cpp:31) [54]  (0.427 ns)
	'call' operation ('call_ln151', ../src/sobel.cpp:151->../src/canny_top.cpp:31) to 'sobel_Pipeline_VITIS_LOOP_155_5' [57]  (0.427 ns)

 <State 73>: 0.427ns
The critical path consists of the following:
	multiplexor before 'phi' operation 1 bit ('valid_out') [60]  (0.427 ns)
	'br' operation ('br_ln0') [58]  (0.427 ns)
	'phi' operation 1 bit ('valid_out') [60]  (0.000 ns)


============================================================
+ Verbose Summary: Binding
============================================================
N/A
* FSMD analyzer results:
  - Output states:
 - Input state : 
  - Chain level:
	State 1
	State 2
	State 3
	State 4
	State 5
	State 6
	State 7
	State 8
	State 9
	State 10
	State 11
	State 12
	State 13
	State 14
	State 15
	State 16
	State 17
	State 18
	State 19
	State 20
	State 21
	State 22
	State 23
	State 24
	State 25
	State 26
	State 27
	State 28
	State 29
	State 30
	State 31
	State 32
	State 33
	State 34
	State 35
	State 36
	State 37
	State 38
	State 39
	State 40
	State 41
	State 42
	State 43
	State 44
	State 45
	State 46
	State 47
	State 48
	State 49
	State 50
	State 51
	State 52
	State 53
	State 54
	State 55
	State 56
	State 57
	State 58
	State 59
	State 60
	State 61
	State 62
	State 63
	State 64
	State 65
	State 66
	State 67
	State 68
	State 69
	State 70
	State 71
	State 72
	State 73


============================================================
+ Verbose Summary: Datapath Resource usage 
============================================================
N/A
