

================================================================
== Vitis HLS Report for 'sobel_Pipeline_VITIS_LOOP_118_2'
================================================================
* Date:           Fri Jul 24 22:33:45 2026

* Version:        2025.2 (Build 6295257 on Nov 14 2025)
* Project:        canny_top
* Solution:       hls (Vitis Kernel Flow Target)
* Product family: zynquplus
* Target device:  xck26-sfvc784-2LV-c


================================================================
== Performance Estimates
================================================================
+ Timing: 
    * Summary: 
    +--------+---------+----------+------------+
    |  Clock |  Target | Estimated| Uncertainty|
    +--------+---------+----------+------------+
    |ap_clk  |  5.00 ns|  3.626 ns|     1.35 ns|
    +--------+---------+----------+------------+

+ Latency: 
    * Summary: 
    +---------+---------+----------+----------+-----+-----+-------------------+
    |  Latency (cycles) |  Latency (absolute) |  Interval |      Pipeline     |
    |   min   |   max   |    min   |    max   | min | max |        Type       |
    +---------+---------+----------+----------+-----+-----+-------------------+
    |     1537|     1537|  7.685 us|  7.685 us|    0|    0|  loop pipeline stp|
    +---------+---------+----------+----------+-----+-----+-------------------+

    + Detail: 
        * Instance: 
        N/A

        * Loop: 
        +--------------------+---------+---------+----------+-----------+-----------+------+----------+
        |                    |  Latency (cycles) | Iteration|  Initiation Interval  | Trip |          |
        |      Loop Name     |   min   |   max   |  Latency |  achieved |   target  | Count| Pipelined|
        +--------------------+---------+---------+----------+-----------+-----------+------+----------+
        |- VITIS_LOOP_118_2  |     1535|     1535|         9|          3|          1|   510|       yes|
        +--------------------+---------+---------+----------+-----------+-----------+------+----------+

============================================================
+ Verbose Summary: Synthesis Manager
============================================================
InlineROM: 1
ExposeGlobal: 0
============================================================
+ Verbose Summary: CDFG Model
============================================================
IsTopModel: 0
ResetActiveHigh: 1
IsCombinational: 0
IsDatapathOnly: 0
HasWiredReturn: 1
HasMFsm: 2
HasVarLatency: 1
IsPipeline: 0
IsRtlPipelined: 0
IsInstanceOverlapped: 0
IsDontTouch: 0
HasImplIP: 0
IsGatedGlobalClock: 0

+ Individual pipeline summary: 
  * Pipeline-0: initiation interval (II) = 3, depth = 9


============================================================
+ Verbose Summary: Schedule
============================================================
* Number of FSM states : 9
* Pipeline : 1
  Pipeline-0 : II = 3, D = 9, States = { 1 2 3 4 5 6 7 8 9 }
* Dataflow Pipeline: 0

* FSM state transitions: 
1 --> 2 
2 --> 3 
3 --> 4 
4 --> 5 
5 --> 6 
6 --> 7 
7 --> 8 
8 --> 9 
9 --> 

* FSM state operations: 

State 1 <SV = 0> <Delay = 1.20>
ST_1 : Operation 12 [1/1] (0.00ns)   --->   "%column_1 = alloca i32 1" [../src/sobel.cpp:118->../src/canny_top.cpp:31]   --->   Operation 12 'alloca' 'column_1' <Predicate = true> <Delay = 0.00>
ST_1 : Operation 13 [1/1] (0.00ns)   --->   "%result_1_read = read i2 @_ssdm_op_Read.ap_auto.i2, i2 %result_1"   --->   Operation 13 'read' 'result_1_read' <Predicate = true> <Delay = 0.00>
ST_1 : Operation 14 [1/1] (0.00ns)   --->   "%writeSlot_read = read i2 @_ssdm_op_Read.ap_auto.i2, i2 %writeSlot"   --->   Operation 14 'read' 'writeSlot_read' <Predicate = true> <Delay = 0.00>
ST_1 : Operation 15 [1/1] (0.00ns)   --->   "%result_read = read i2 @_ssdm_op_Read.ap_auto.i2, i2 %result"   --->   Operation 15 'read' 'result_read' <Predicate = true> <Delay = 0.00>
ST_1 : Operation 16 [1/1] (0.42ns)   --->   "%store_ln118 = store i9 1, i9 %column_1" [../src/sobel.cpp:118->../src/canny_top.cpp:31]   --->   Operation 16 'store' 'store_ln118' <Predicate = true> <Delay = 0.42>
ST_1 : Operation 17 [1/1] (0.00ns)   --->   "%br_ln0 = br void %VITIS_LOOP_122_3.i"   --->   Operation 17 'br' 'br_ln0' <Predicate = true> <Delay = 0.00>
ST_1 : Operation 18 [1/1] (0.00ns)   --->   "%column = load i9 %column_1" [../src/sobel.cpp:140->../src/canny_top.cpp:31]   --->   Operation 18 'load' 'column' <Predicate = true> <Delay = 0.00>
ST_1 : Operation 19 [1/1] (0.77ns)   --->   "%icmp_ln118 = icmp_eq  i9 %column, i9 511" [../src/sobel.cpp:118->../src/canny_top.cpp:31]   --->   Operation 19 'icmp' 'icmp_ln118' <Predicate = true> <Delay = 0.77> <CoreInst = "Cmp">   --->   Core 9 'Cmp' <Latency = 0> <II = 1> <Delay = 0.77> <FuncUnit> <Opcode : 'seteq' 'setne' 'setle' 'setge' 'setlt' 'setgt'> <InPorts = 2> <OutPorts = 1>
ST_1 : Operation 20 [1/1] (0.00ns)   --->   "%br_ln118 = br i1 %icmp_ln118, void %VITIS_LOOP_122_3.split.i_ifconv, void %cleanup70.i.loopexit.exitStub" [../src/sobel.cpp:118->../src/canny_top.cpp:31]   --->   Operation 20 'br' 'br_ln118' <Predicate = true> <Delay = 0.00>
ST_1 : Operation 21 [1/1] (0.00ns)   --->   "%trunc_ln118 = trunc i9 %column" [../src/sobel.cpp:118->../src/canny_top.cpp:31]   --->   Operation 21 'trunc' 'trunc_ln118' <Predicate = (!icmp_ln118)> <Delay = 0.00>

State 2 <SV = 1> <Delay = 2.01>
ST_2 : Operation 22 [1/1] (0.00ns)   --->   "%lshr_ln1 = partselect i8 @_ssdm_op_PartSelect.i8.i9.i32.i32, i9 %column, i32 1, i32 8" [../src/sobel.cpp:118->../src/canny_top.cpp:31]   --->   Operation 22 'partselect' 'lshr_ln1' <Predicate = (!icmp_ln118)> <Delay = 0.00>
ST_2 : Operation 23 [1/1] (0.00ns)   --->   "%tmp_5 = bitconcatenate i10 @_ssdm_op_BitConcatenate.i10.i2.i8, i2 %result_read, i8 %lshr_ln1" [../src/sobel.cpp:143->../src/canny_top.cpp:31]   --->   Operation 23 'bitconcatenate' 'tmp_5' <Predicate = (!icmp_ln118)> <Delay = 0.00>
ST_2 : Operation 24 [1/1] (0.00ns)   --->   "%zext_ln143 = zext i10 %tmp_5" [../src/sobel.cpp:143->../src/canny_top.cpp:31]   --->   Operation 24 'zext' 'zext_ln143' <Predicate = (!icmp_ln118)> <Delay = 0.00>
ST_2 : Operation 25 [1/1] (0.00ns)   --->   "%p_anonymous_namespace_lineBuffer_32_0_addr = getelementptr i8 %p_anonymous_namespace_lineBuffer_32_0, i64 0, i64 %zext_ln143" [../src/sobel.cpp:143->../src/canny_top.cpp:31]   --->   Operation 25 'getelementptr' 'p_anonymous_namespace_lineBuffer_32_0_addr' <Predicate = (!icmp_ln118 & !trunc_ln118)> <Delay = 0.00>
ST_2 : Operation 26 [1/1] (0.00ns)   --->   "%tmp_7 = bitconcatenate i10 @_ssdm_op_BitConcatenate.i10.i2.i8, i2 %writeSlot_read, i8 %lshr_ln1" [../src/sobel.cpp:143->../src/canny_top.cpp:31]   --->   Operation 26 'bitconcatenate' 'tmp_7' <Predicate = (!icmp_ln118)> <Delay = 0.00>
ST_2 : Operation 27 [1/1] (0.00ns)   --->   "%zext_ln143_1 = zext i10 %tmp_7" [../src/sobel.cpp:143->../src/canny_top.cpp:31]   --->   Operation 27 'zext' 'zext_ln143_1' <Predicate = (!icmp_ln118)> <Delay = 0.00>
ST_2 : Operation 28 [1/1] (0.00ns)   --->   "%p_anonymous_namespace_lineBuffer_32_0_addr_2 = getelementptr i8 %p_anonymous_namespace_lineBuffer_32_0, i64 0, i64 %zext_ln143_1" [../src/sobel.cpp:143->../src/canny_top.cpp:31]   --->   Operation 28 'getelementptr' 'p_anonymous_namespace_lineBuffer_32_0_addr_2' <Predicate = (!icmp_ln118 & !trunc_ln118)> <Delay = 0.00>
ST_2 : Operation 29 [1/1] (0.00ns)   --->   "%p_anonymous_namespace_lineBuffer_32_1_addr = getelementptr i8 %p_anonymous_namespace_lineBuffer_32_1, i64 0, i64 %zext_ln143" [../src/sobel.cpp:143->../src/canny_top.cpp:31]   --->   Operation 29 'getelementptr' 'p_anonymous_namespace_lineBuffer_32_1_addr' <Predicate = (!icmp_ln118 & trunc_ln118)> <Delay = 0.00>
ST_2 : Operation 30 [1/1] (0.00ns)   --->   "%p_anonymous_namespace_lineBuffer_32_1_addr_2 = getelementptr i8 %p_anonymous_namespace_lineBuffer_32_1, i64 0, i64 %zext_ln143_1" [../src/sobel.cpp:143->../src/canny_top.cpp:31]   --->   Operation 30 'getelementptr' 'p_anonymous_namespace_lineBuffer_32_1_addr_2' <Predicate = (!icmp_ln118 & trunc_ln118)> <Delay = 0.00>
ST_2 : Operation 31 [1/1] (0.77ns)   --->   "%add_ln140 = add i9 %column, i9 511" [../src/sobel.cpp:140->../src/canny_top.cpp:31]   --->   Operation 31 'add' 'add_ln140' <Predicate = (!icmp_ln118)> <Delay = 0.77> <CoreInst = "Adder">   --->   Core 1 'Adder' <Latency = 0> <II = 1> <Delay = 0.77> <FuncUnit> <Opcode : 'add' 'sub'> <InPorts = 2> <OutPorts = 1>
ST_2 : Operation 32 [1/1] (0.00ns)   --->   "%lshr_ln2 = partselect i8 @_ssdm_op_PartSelect.i8.i9.i32.i32, i9 %add_ln140, i32 1, i32 8" [../src/sobel.cpp:143->../src/canny_top.cpp:31]   --->   Operation 32 'partselect' 'lshr_ln2' <Predicate = (!icmp_ln118)> <Delay = 0.00>
ST_2 : Operation 33 [1/1] (0.00ns)   --->   "%tmp_9 = bitconcatenate i10 @_ssdm_op_BitConcatenate.i10.i2.i8, i2 %result_read, i8 %lshr_ln2" [../src/sobel.cpp:143->../src/canny_top.cpp:31]   --->   Operation 33 'bitconcatenate' 'tmp_9' <Predicate = (!icmp_ln118)> <Delay = 0.00>
ST_2 : Operation 34 [1/1] (0.00ns)   --->   "%zext_ln143_2 = zext i10 %tmp_9" [../src/sobel.cpp:143->../src/canny_top.cpp:31]   --->   Operation 34 'zext' 'zext_ln143_2' <Predicate = (!icmp_ln118)> <Delay = 0.00>
ST_2 : Operation 35 [1/1] (0.00ns)   --->   "%p_anonymous_namespace_lineBuffer_32_0_addr_1 = getelementptr i8 %p_anonymous_namespace_lineBuffer_32_0, i64 0, i64 %zext_ln143_2" [../src/sobel.cpp:143->../src/canny_top.cpp:31]   --->   Operation 35 'getelementptr' 'p_anonymous_namespace_lineBuffer_32_0_addr_1' <Predicate = (!icmp_ln118 & trunc_ln118)> <Delay = 0.00>
ST_2 : Operation 36 [1/1] (0.00ns)   --->   "%p_anonymous_namespace_lineBuffer_32_1_addr_1 = getelementptr i8 %p_anonymous_namespace_lineBuffer_32_1, i64 0, i64 %zext_ln143_2" [../src/sobel.cpp:143->../src/canny_top.cpp:31]   --->   Operation 36 'getelementptr' 'p_anonymous_namespace_lineBuffer_32_1_addr_1' <Predicate = (!icmp_ln118 & !trunc_ln118)> <Delay = 0.00>
ST_2 : Operation 37 [2/2] (1.23ns)   --->   "%p_anonymous_namespace_lineBuffer_32_0_load = load i10 %p_anonymous_namespace_lineBuffer_32_0_addr_1" [../src/sobel.cpp:143->../src/canny_top.cpp:31]   --->   Operation 37 'load' 'p_anonymous_namespace_lineBuffer_32_0_load' <Predicate = (!icmp_ln118 & trunc_ln118)> <Delay = 1.23> <CoreInst = "RAM">   --->   Core 82 'RAM' <Latency = 1> <II = 1> <Delay = 1.23> <Storage> <Opcode : 'load' 'store'> <Ports = 2> <Width = 8> <Depth = 768> <RAM>
ST_2 : Operation 38 [2/2] (1.23ns)   --->   "%p_anonymous_namespace_lineBuffer_32_1_load = load i10 %p_anonymous_namespace_lineBuffer_32_1_addr_1" [../src/sobel.cpp:143->../src/canny_top.cpp:31]   --->   Operation 38 'load' 'p_anonymous_namespace_lineBuffer_32_1_load' <Predicate = (!icmp_ln118 & !trunc_ln118)> <Delay = 1.23> <CoreInst = "RAM">   --->   Core 82 'RAM' <Latency = 1> <II = 1> <Delay = 1.23> <Storage> <Opcode : 'load' 'store'> <Ports = 2> <Width = 8> <Depth = 768> <RAM>
ST_2 : Operation 39 [2/2] (1.23ns)   --->   "%p_anonymous_namespace_lineBuffer_32_0_load_1 = load i10 %p_anonymous_namespace_lineBuffer_32_0_addr" [../src/sobel.cpp:143->../src/canny_top.cpp:31]   --->   Operation 39 'load' 'p_anonymous_namespace_lineBuffer_32_0_load_1' <Predicate = (!icmp_ln118 & !trunc_ln118)> <Delay = 1.23> <CoreInst = "RAM">   --->   Core 82 'RAM' <Latency = 1> <II = 1> <Delay = 1.23> <Storage> <Opcode : 'load' 'store'> <Ports = 2> <Width = 8> <Depth = 768> <RAM>
ST_2 : Operation 40 [2/2] (1.23ns)   --->   "%p_anonymous_namespace_lineBuffer_32_1_load_1 = load i10 %p_anonymous_namespace_lineBuffer_32_1_addr" [../src/sobel.cpp:143->../src/canny_top.cpp:31]   --->   Operation 40 'load' 'p_anonymous_namespace_lineBuffer_32_1_load_1' <Predicate = (!icmp_ln118 & trunc_ln118)> <Delay = 1.23> <CoreInst = "RAM">   --->   Core 82 'RAM' <Latency = 1> <II = 1> <Delay = 1.23> <Storage> <Opcode : 'load' 'store'> <Ports = 2> <Width = 8> <Depth = 768> <RAM>
ST_2 : Operation 41 [1/1] (0.77ns)   --->   "%add_ln140_1 = add i9 %column, i9 1" [../src/sobel.cpp:140->../src/canny_top.cpp:31]   --->   Operation 41 'add' 'add_ln140_1' <Predicate = (!icmp_ln118)> <Delay = 0.77> <CoreInst = "Adder">   --->   Core 1 'Adder' <Latency = 0> <II = 1> <Delay = 0.77> <FuncUnit> <Opcode : 'add' 'sub'> <InPorts = 2> <OutPorts = 1>
ST_2 : Operation 42 [1/1] (0.00ns)   --->   "%lshr_ln143_1 = partselect i8 @_ssdm_op_PartSelect.i8.i9.i32.i32, i9 %add_ln140_1, i32 1, i32 8" [../src/sobel.cpp:143->../src/canny_top.cpp:31]   --->   Operation 42 'partselect' 'lshr_ln143_1' <Predicate = (!icmp_ln118)> <Delay = 0.00>
ST_2 : Operation 43 [1/1] (0.00ns)   --->   "%tmp_2 = bitconcatenate i10 @_ssdm_op_BitConcatenate.i10.i2.i8, i2 %result_read, i8 %lshr_ln143_1" [../src/sobel.cpp:143->../src/canny_top.cpp:31]   --->   Operation 43 'bitconcatenate' 'tmp_2' <Predicate = (!icmp_ln118)> <Delay = 0.00>
ST_2 : Operation 44 [1/1] (0.00ns)   --->   "%zext_ln143_6 = zext i10 %tmp_2" [../src/sobel.cpp:143->../src/canny_top.cpp:31]   --->   Operation 44 'zext' 'zext_ln143_6' <Predicate = (!icmp_ln118)> <Delay = 0.00>
ST_2 : Operation 45 [1/1] (0.00ns)   --->   "%p_anonymous_namespace_lineBuffer_32_0_addr_3 = getelementptr i8 %p_anonymous_namespace_lineBuffer_32_0, i64 0, i64 %zext_ln143_6" [../src/sobel.cpp:143->../src/canny_top.cpp:31]   --->   Operation 45 'getelementptr' 'p_anonymous_namespace_lineBuffer_32_0_addr_3' <Predicate = (!icmp_ln118 & trunc_ln118)> <Delay = 0.00>
ST_2 : Operation 46 [1/1] (0.00ns)   --->   "%p_anonymous_namespace_lineBuffer_32_1_addr_3 = getelementptr i8 %p_anonymous_namespace_lineBuffer_32_1, i64 0, i64 %zext_ln143_6" [../src/sobel.cpp:143->../src/canny_top.cpp:31]   --->   Operation 46 'getelementptr' 'p_anonymous_namespace_lineBuffer_32_1_addr_3' <Predicate = (!icmp_ln118 & !trunc_ln118)> <Delay = 0.00>
ST_2 : Operation 47 [2/2] (1.23ns)   --->   "%p_anonymous_namespace_lineBuffer_32_0_load_2 = load i10 %p_anonymous_namespace_lineBuffer_32_0_addr_3" [../src/sobel.cpp:143->../src/canny_top.cpp:31]   --->   Operation 47 'load' 'p_anonymous_namespace_lineBuffer_32_0_load_2' <Predicate = (!icmp_ln118 & trunc_ln118)> <Delay = 1.23> <CoreInst = "RAM">   --->   Core 82 'RAM' <Latency = 1> <II = 1> <Delay = 1.23> <Storage> <Opcode : 'load' 'store'> <Ports = 2> <Width = 8> <Depth = 768> <RAM>
ST_2 : Operation 48 [2/2] (1.23ns)   --->   "%p_anonymous_namespace_lineBuffer_32_1_load_2 = load i10 %p_anonymous_namespace_lineBuffer_32_1_addr_3" [../src/sobel.cpp:143->../src/canny_top.cpp:31]   --->   Operation 48 'load' 'p_anonymous_namespace_lineBuffer_32_1_load_2' <Predicate = (!icmp_ln118 & !trunc_ln118)> <Delay = 1.23> <CoreInst = "RAM">   --->   Core 82 'RAM' <Latency = 1> <II = 1> <Delay = 1.23> <Storage> <Opcode : 'load' 'store'> <Ports = 2> <Width = 8> <Depth = 768> <RAM>
ST_2 : Operation 49 [2/2] (1.23ns)   --->   "%p_anonymous_namespace_lineBuffer_32_0_load_6 = load i10 %p_anonymous_namespace_lineBuffer_32_0_addr_2" [../src/sobel.cpp:143->../src/canny_top.cpp:31]   --->   Operation 49 'load' 'p_anonymous_namespace_lineBuffer_32_0_load_6' <Predicate = (!icmp_ln118 & !trunc_ln118)> <Delay = 1.23> <CoreInst = "RAM">   --->   Core 82 'RAM' <Latency = 1> <II = 1> <Delay = 1.23> <Storage> <Opcode : 'load' 'store'> <Ports = 2> <Width = 8> <Depth = 768> <RAM>
ST_2 : Operation 50 [2/2] (1.23ns)   --->   "%p_anonymous_namespace_lineBuffer_32_1_load_6 = load i10 %p_anonymous_namespace_lineBuffer_32_1_addr_2" [../src/sobel.cpp:143->../src/canny_top.cpp:31]   --->   Operation 50 'load' 'p_anonymous_namespace_lineBuffer_32_1_load_6' <Predicate = (!icmp_ln118 & trunc_ln118)> <Delay = 1.23> <CoreInst = "RAM">   --->   Core 82 'RAM' <Latency = 1> <II = 1> <Delay = 1.23> <Storage> <Opcode : 'load' 'store'> <Ports = 2> <Width = 8> <Depth = 768> <RAM>
ST_2 : Operation 51 [1/1] (0.42ns)   --->   "%store_ln118 = store i9 %add_ln140_1, i9 %column_1" [../src/sobel.cpp:118->../src/canny_top.cpp:31]   --->   Operation 51 'store' 'store_ln118' <Predicate = (!icmp_ln118)> <Delay = 0.42>

State 3 <SV = 2> <Delay = 2.39>
ST_3 : Operation 52 [1/1] (0.00ns)   --->   "%tmp_s = bitconcatenate i10 @_ssdm_op_BitConcatenate.i10.i2.i8, i2 %result_1_read, i8 %lshr_ln2" [../src/sobel.cpp:143->../src/canny_top.cpp:31]   --->   Operation 52 'bitconcatenate' 'tmp_s' <Predicate = (!icmp_ln118)> <Delay = 0.00>
ST_3 : Operation 53 [1/1] (0.00ns)   --->   "%zext_ln143_3 = zext i10 %tmp_s" [../src/sobel.cpp:143->../src/canny_top.cpp:31]   --->   Operation 53 'zext' 'zext_ln143_3' <Predicate = (!icmp_ln118)> <Delay = 0.00>
ST_3 : Operation 54 [1/1] (0.00ns)   --->   "%p_anonymous_namespace_lineBuffer_32_0_addr_4 = getelementptr i8 %p_anonymous_namespace_lineBuffer_32_0, i64 0, i64 %zext_ln143_3" [../src/sobel.cpp:143->../src/canny_top.cpp:31]   --->   Operation 54 'getelementptr' 'p_anonymous_namespace_lineBuffer_32_0_addr_4' <Predicate = (!icmp_ln118 & trunc_ln118)> <Delay = 0.00>
ST_3 : Operation 55 [1/1] (0.00ns)   --->   "%p_anonymous_namespace_lineBuffer_32_1_addr_4 = getelementptr i8 %p_anonymous_namespace_lineBuffer_32_1, i64 0, i64 %zext_ln143_3" [../src/sobel.cpp:143->../src/canny_top.cpp:31]   --->   Operation 55 'getelementptr' 'p_anonymous_namespace_lineBuffer_32_1_addr_4' <Predicate = (!icmp_ln118 & !trunc_ln118)> <Delay = 0.00>
ST_3 : Operation 56 [1/2] ( I:1.23ns O:1.23ns )   --->   "%p_anonymous_namespace_lineBuffer_32_0_load = load i10 %p_anonymous_namespace_lineBuffer_32_0_addr_1" [../src/sobel.cpp:143->../src/canny_top.cpp:31]   --->   Operation 56 'load' 'p_anonymous_namespace_lineBuffer_32_0_load' <Predicate = (!icmp_ln118 & trunc_ln118)> <Delay = 1.23> <CoreInst = "RAM">   --->   Core 82 'RAM' <Latency = 1> <II = 1> <Delay = 1.23> <Storage> <Opcode : 'load' 'store'> <Ports = 2> <Width = 8> <Depth = 768> <RAM>
ST_3 : Operation 57 [1/2] ( I:1.23ns O:1.23ns )   --->   "%p_anonymous_namespace_lineBuffer_32_1_load = load i10 %p_anonymous_namespace_lineBuffer_32_1_addr_1" [../src/sobel.cpp:143->../src/canny_top.cpp:31]   --->   Operation 57 'load' 'p_anonymous_namespace_lineBuffer_32_1_load' <Predicate = (!icmp_ln118 & !trunc_ln118)> <Delay = 1.23> <CoreInst = "RAM">   --->   Core 82 'RAM' <Latency = 1> <II = 1> <Delay = 1.23> <Storage> <Opcode : 'load' 'store'> <Ports = 2> <Width = 8> <Depth = 768> <RAM>
ST_3 : Operation 58 [1/1] (0.39ns)   --->   "%pixel = select i1 %trunc_ln118, i8 %p_anonymous_namespace_lineBuffer_32_0_load, i8 %p_anonymous_namespace_lineBuffer_32_1_load" [../src/sobel.cpp:143->../src/canny_top.cpp:31]   --->   Operation 58 'select' 'pixel' <Predicate = (!icmp_ln118)> <Delay = 0.39> <CoreInst = "Sel">   --->   Core 73 'Sel' <Latency = 0> <II = 1> <Delay = 0.39> <FuncUnit> <Opcode : 'select'> <InPorts = 3> <OutPorts = 1>
ST_3 : Operation 59 [1/2] ( I:1.23ns O:1.23ns )   --->   "%p_anonymous_namespace_lineBuffer_32_0_load_1 = load i10 %p_anonymous_namespace_lineBuffer_32_0_addr" [../src/sobel.cpp:143->../src/canny_top.cpp:31]   --->   Operation 59 'load' 'p_anonymous_namespace_lineBuffer_32_0_load_1' <Predicate = (!icmp_ln118 & !trunc_ln118)> <Delay = 1.23> <CoreInst = "RAM">   --->   Core 82 'RAM' <Latency = 1> <II = 1> <Delay = 1.23> <Storage> <Opcode : 'load' 'store'> <Ports = 2> <Width = 8> <Depth = 768> <RAM>
ST_3 : Operation 60 [1/2] ( I:1.23ns O:1.23ns )   --->   "%p_anonymous_namespace_lineBuffer_32_1_load_1 = load i10 %p_anonymous_namespace_lineBuffer_32_1_addr" [../src/sobel.cpp:143->../src/canny_top.cpp:31]   --->   Operation 60 'load' 'p_anonymous_namespace_lineBuffer_32_1_load_1' <Predicate = (!icmp_ln118 & trunc_ln118)> <Delay = 1.23> <CoreInst = "RAM">   --->   Core 82 'RAM' <Latency = 1> <II = 1> <Delay = 1.23> <Storage> <Opcode : 'load' 'store'> <Ports = 2> <Width = 8> <Depth = 768> <RAM>
ST_3 : Operation 61 [1/1] (0.39ns)   --->   "%select_ln143 = select i1 %trunc_ln118, i8 %p_anonymous_namespace_lineBuffer_32_1_load_1, i8 %p_anonymous_namespace_lineBuffer_32_0_load_1" [../src/sobel.cpp:143->../src/canny_top.cpp:31]   --->   Operation 61 'select' 'select_ln143' <Predicate = (!icmp_ln118)> <Delay = 0.39> <CoreInst = "Sel">   --->   Core 73 'Sel' <Latency = 0> <II = 1> <Delay = 0.39> <FuncUnit> <Opcode : 'select'> <InPorts = 3> <OutPorts = 1>
ST_3 : Operation 62 [1/1] (0.00ns)   --->   "%zext_ln140 = zext i8 %select_ln143" [../src/sobel.cpp:140->../src/canny_top.cpp:31]   --->   Operation 62 'zext' 'zext_ln140' <Predicate = (!icmp_ln118)> <Delay = 0.00>
ST_3 : Operation 63 [1/1] (0.00ns)   --->   "%tmp_3 = bitconcatenate i10 @_ssdm_op_BitConcatenate.i10.i2.i8, i2 %result_1_read, i8 %lshr_ln143_1" [../src/sobel.cpp:143->../src/canny_top.cpp:31]   --->   Operation 63 'bitconcatenate' 'tmp_3' <Predicate = (!icmp_ln118)> <Delay = 0.00>
ST_3 : Operation 64 [1/1] (0.00ns)   --->   "%zext_ln143_7 = zext i10 %tmp_3" [../src/sobel.cpp:143->../src/canny_top.cpp:31]   --->   Operation 64 'zext' 'zext_ln143_7' <Predicate = (!icmp_ln118)> <Delay = 0.00>
ST_3 : Operation 65 [1/1] (0.00ns)   --->   "%p_anonymous_namespace_lineBuffer_32_0_addr_5 = getelementptr i8 %p_anonymous_namespace_lineBuffer_32_0, i64 0, i64 %zext_ln143_7" [../src/sobel.cpp:143->../src/canny_top.cpp:31]   --->   Operation 65 'getelementptr' 'p_anonymous_namespace_lineBuffer_32_0_addr_5' <Predicate = (!icmp_ln118 & trunc_ln118)> <Delay = 0.00>
ST_3 : Operation 66 [1/1] (0.00ns)   --->   "%p_anonymous_namespace_lineBuffer_32_1_addr_5 = getelementptr i8 %p_anonymous_namespace_lineBuffer_32_1, i64 0, i64 %zext_ln143_7" [../src/sobel.cpp:143->../src/canny_top.cpp:31]   --->   Operation 66 'getelementptr' 'p_anonymous_namespace_lineBuffer_32_1_addr_5' <Predicate = (!icmp_ln118 & !trunc_ln118)> <Delay = 0.00>
ST_3 : Operation 67 [1/2] ( I:1.23ns O:1.23ns )   --->   "%p_anonymous_namespace_lineBuffer_32_0_load_2 = load i10 %p_anonymous_namespace_lineBuffer_32_0_addr_3" [../src/sobel.cpp:143->../src/canny_top.cpp:31]   --->   Operation 67 'load' 'p_anonymous_namespace_lineBuffer_32_0_load_2' <Predicate = (!icmp_ln118 & trunc_ln118)> <Delay = 1.23> <CoreInst = "RAM">   --->   Core 82 'RAM' <Latency = 1> <II = 1> <Delay = 1.23> <Storage> <Opcode : 'load' 'store'> <Ports = 2> <Width = 8> <Depth = 768> <RAM>
ST_3 : Operation 68 [1/2] ( I:1.23ns O:1.23ns )   --->   "%p_anonymous_namespace_lineBuffer_32_1_load_2 = load i10 %p_anonymous_namespace_lineBuffer_32_1_addr_3" [../src/sobel.cpp:143->../src/canny_top.cpp:31]   --->   Operation 68 'load' 'p_anonymous_namespace_lineBuffer_32_1_load_2' <Predicate = (!icmp_ln118 & !trunc_ln118)> <Delay = 1.23> <CoreInst = "RAM">   --->   Core 82 'RAM' <Latency = 1> <II = 1> <Delay = 1.23> <Storage> <Opcode : 'load' 'store'> <Ports = 2> <Width = 8> <Depth = 768> <RAM>
ST_3 : Operation 69 [1/1] (0.39ns)   --->   "%pixel_1 = select i1 %trunc_ln118, i8 %p_anonymous_namespace_lineBuffer_32_0_load_2, i8 %p_anonymous_namespace_lineBuffer_32_1_load_2" [../src/sobel.cpp:143->../src/canny_top.cpp:31]   --->   Operation 69 'select' 'pixel_1' <Predicate = (!icmp_ln118)> <Delay = 0.39> <CoreInst = "Sel">   --->   Core 73 'Sel' <Latency = 0> <II = 1> <Delay = 0.39> <FuncUnit> <Opcode : 'select'> <InPorts = 3> <OutPorts = 1>
ST_3 : Operation 70 [2/2] (1.23ns)   --->   "%p_anonymous_namespace_lineBuffer_32_0_load_3 = load i10 %p_anonymous_namespace_lineBuffer_32_0_addr_4" [../src/sobel.cpp:143->../src/canny_top.cpp:31]   --->   Operation 70 'load' 'p_anonymous_namespace_lineBuffer_32_0_load_3' <Predicate = (!icmp_ln118 & trunc_ln118)> <Delay = 1.23> <CoreInst = "RAM">   --->   Core 82 'RAM' <Latency = 1> <II = 1> <Delay = 1.23> <Storage> <Opcode : 'load' 'store'> <Ports = 2> <Width = 8> <Depth = 768> <RAM>
ST_3 : Operation 71 [2/2] (1.23ns)   --->   "%p_anonymous_namespace_lineBuffer_32_1_load_3 = load i10 %p_anonymous_namespace_lineBuffer_32_1_addr_4" [../src/sobel.cpp:143->../src/canny_top.cpp:31]   --->   Operation 71 'load' 'p_anonymous_namespace_lineBuffer_32_1_load_3' <Predicate = (!icmp_ln118 & !trunc_ln118)> <Delay = 1.23> <CoreInst = "RAM">   --->   Core 82 'RAM' <Latency = 1> <II = 1> <Delay = 1.23> <Storage> <Opcode : 'load' 'store'> <Ports = 2> <Width = 8> <Depth = 768> <RAM>
ST_3 : Operation 72 [2/2] (1.23ns)   --->   "%p_anonymous_namespace_lineBuffer_32_0_load_4 = load i10 %p_anonymous_namespace_lineBuffer_32_0_addr_5" [../src/sobel.cpp:143->../src/canny_top.cpp:31]   --->   Operation 72 'load' 'p_anonymous_namespace_lineBuffer_32_0_load_4' <Predicate = (!icmp_ln118 & trunc_ln118)> <Delay = 1.23> <CoreInst = "RAM">   --->   Core 82 'RAM' <Latency = 1> <II = 1> <Delay = 1.23> <Storage> <Opcode : 'load' 'store'> <Ports = 2> <Width = 8> <Depth = 768> <RAM>
ST_3 : Operation 73 [2/2] (1.23ns)   --->   "%p_anonymous_namespace_lineBuffer_32_1_load_4 = load i10 %p_anonymous_namespace_lineBuffer_32_1_addr_5" [../src/sobel.cpp:143->../src/canny_top.cpp:31]   --->   Operation 73 'load' 'p_anonymous_namespace_lineBuffer_32_1_load_4' <Predicate = (!icmp_ln118 & !trunc_ln118)> <Delay = 1.23> <CoreInst = "RAM">   --->   Core 82 'RAM' <Latency = 1> <II = 1> <Delay = 1.23> <Storage> <Opcode : 'load' 'store'> <Ports = 2> <Width = 8> <Depth = 768> <RAM>
ST_3 : Operation 74 [1/2] ( I:1.23ns O:1.23ns )   --->   "%p_anonymous_namespace_lineBuffer_32_0_load_6 = load i10 %p_anonymous_namespace_lineBuffer_32_0_addr_2" [../src/sobel.cpp:143->../src/canny_top.cpp:31]   --->   Operation 74 'load' 'p_anonymous_namespace_lineBuffer_32_0_load_6' <Predicate = (!icmp_ln118 & !trunc_ln118)> <Delay = 1.23> <CoreInst = "RAM">   --->   Core 82 'RAM' <Latency = 1> <II = 1> <Delay = 1.23> <Storage> <Opcode : 'load' 'store'> <Ports = 2> <Width = 8> <Depth = 768> <RAM>
ST_3 : Operation 75 [1/2] ( I:1.23ns O:1.23ns )   --->   "%p_anonymous_namespace_lineBuffer_32_1_load_6 = load i10 %p_anonymous_namespace_lineBuffer_32_1_addr_2" [../src/sobel.cpp:143->../src/canny_top.cpp:31]   --->   Operation 75 'load' 'p_anonymous_namespace_lineBuffer_32_1_load_6' <Predicate = (!icmp_ln118 & trunc_ln118)> <Delay = 1.23> <CoreInst = "RAM">   --->   Core 82 'RAM' <Latency = 1> <II = 1> <Delay = 1.23> <Storage> <Opcode : 'load' 'store'> <Ports = 2> <Width = 8> <Depth = 768> <RAM>
ST_3 : Operation 76 [1/1] (0.39ns)   --->   "%select_ln143_5 = select i1 %trunc_ln118, i8 %p_anonymous_namespace_lineBuffer_32_1_load_6, i8 %p_anonymous_namespace_lineBuffer_32_0_load_6" [../src/sobel.cpp:143->../src/canny_top.cpp:31]   --->   Operation 76 'select' 'select_ln143_5' <Predicate = (!icmp_ln118)> <Delay = 0.39> <CoreInst = "Sel">   --->   Core 73 'Sel' <Latency = 0> <II = 1> <Delay = 0.39> <FuncUnit> <Opcode : 'select'> <InPorts = 3> <OutPorts = 1>
ST_3 : Operation 77 [1/1] (0.00ns)   --->   "%select_ln143_6_cast = zext i8 %select_ln143_5" [../src/sobel.cpp:143->../src/canny_top.cpp:31]   --->   Operation 77 'zext' 'select_ln143_6_cast' <Predicate = (!icmp_ln118)> <Delay = 0.00>
ST_3 : Operation 78 [1/1] (0.76ns)   --->   "%tmp3 = sub i9 %select_ln143_6_cast, i9 %zext_ln140" [../src/sobel.cpp:143->../src/canny_top.cpp:31]   --->   Operation 78 'sub' 'tmp3' <Predicate = (!icmp_ln118)> <Delay = 0.76> <CoreInst = "Adder">   --->   Core 1 'Adder' <Latency = 0> <II = 1> <Delay = 0.76> <FuncUnit> <Opcode : 'add' 'sub'> <InPorts = 2> <OutPorts = 1>

State 4 <SV = 3> <Delay = 3.18>
ST_4 : Operation 79 [1/1] (0.00ns)   --->   "%tmp_1 = bitconcatenate i10 @_ssdm_op_BitConcatenate.i10.i2.i8, i2 %writeSlot_read, i8 %lshr_ln2" [../src/sobel.cpp:143->../src/canny_top.cpp:31]   --->   Operation 79 'bitconcatenate' 'tmp_1' <Predicate = true> <Delay = 0.00>
ST_4 : Operation 80 [1/1] (0.00ns)   --->   "%zext_ln143_5 = zext i10 %tmp_1" [../src/sobel.cpp:143->../src/canny_top.cpp:31]   --->   Operation 80 'zext' 'zext_ln143_5' <Predicate = true> <Delay = 0.00>
ST_4 : Operation 81 [1/1] (0.00ns)   --->   "%p_anonymous_namespace_lineBuffer_32_0_addr_6 = getelementptr i8 %p_anonymous_namespace_lineBuffer_32_0, i64 0, i64 %zext_ln143_5" [../src/sobel.cpp:143->../src/canny_top.cpp:31]   --->   Operation 81 'getelementptr' 'p_anonymous_namespace_lineBuffer_32_0_addr_6' <Predicate = (trunc_ln118)> <Delay = 0.00>
ST_4 : Operation 82 [1/1] (0.00ns)   --->   "%p_anonymous_namespace_lineBuffer_32_1_addr_6 = getelementptr i8 %p_anonymous_namespace_lineBuffer_32_1, i64 0, i64 %zext_ln143_5" [../src/sobel.cpp:143->../src/canny_top.cpp:31]   --->   Operation 82 'getelementptr' 'p_anonymous_namespace_lineBuffer_32_1_addr_6' <Predicate = (!trunc_ln118)> <Delay = 0.00>
ST_4 : Operation 83 [1/1] (0.00ns)   --->   "%zext_ln142 = zext i8 %pixel" [../src/sobel.cpp:142->../src/canny_top.cpp:31]   --->   Operation 83 'zext' 'zext_ln142' <Predicate = true> <Delay = 0.00>
ST_4 : Operation 84 [1/1] (0.00ns)   --->   "%tmp_4 = bitconcatenate i10 @_ssdm_op_BitConcatenate.i10.i2.i8, i2 %writeSlot_read, i8 %lshr_ln143_1" [../src/sobel.cpp:143->../src/canny_top.cpp:31]   --->   Operation 84 'bitconcatenate' 'tmp_4' <Predicate = true> <Delay = 0.00>
ST_4 : Operation 85 [1/1] (0.00ns)   --->   "%zext_ln143_8 = zext i10 %tmp_4" [../src/sobel.cpp:143->../src/canny_top.cpp:31]   --->   Operation 85 'zext' 'zext_ln143_8' <Predicate = true> <Delay = 0.00>
ST_4 : Operation 86 [1/1] (0.00ns)   --->   "%p_anonymous_namespace_lineBuffer_32_0_addr_7 = getelementptr i8 %p_anonymous_namespace_lineBuffer_32_0, i64 0, i64 %zext_ln143_8" [../src/sobel.cpp:143->../src/canny_top.cpp:31]   --->   Operation 86 'getelementptr' 'p_anonymous_namespace_lineBuffer_32_0_addr_7' <Predicate = (trunc_ln118)> <Delay = 0.00>
ST_4 : Operation 87 [1/1] (0.00ns)   --->   "%p_anonymous_namespace_lineBuffer_32_1_addr_7 = getelementptr i8 %p_anonymous_namespace_lineBuffer_32_1, i64 0, i64 %zext_ln143_8" [../src/sobel.cpp:143->../src/canny_top.cpp:31]   --->   Operation 87 'getelementptr' 'p_anonymous_namespace_lineBuffer_32_1_addr_7' <Predicate = (!trunc_ln118)> <Delay = 0.00>
ST_4 : Operation 88 [1/1] (0.00ns)   --->   "%zext_ln142_1 = zext i8 %pixel_1" [../src/sobel.cpp:142->../src/canny_top.cpp:31]   --->   Operation 88 'zext' 'zext_ln142_1' <Predicate = true> <Delay = 0.00>
ST_4 : Operation 89 [1/2] ( I:1.23ns O:1.23ns )   --->   "%p_anonymous_namespace_lineBuffer_32_0_load_3 = load i10 %p_anonymous_namespace_lineBuffer_32_0_addr_4" [../src/sobel.cpp:143->../src/canny_top.cpp:31]   --->   Operation 89 'load' 'p_anonymous_namespace_lineBuffer_32_0_load_3' <Predicate = (trunc_ln118)> <Delay = 1.23> <CoreInst = "RAM">   --->   Core 82 'RAM' <Latency = 1> <II = 1> <Delay = 1.23> <Storage> <Opcode : 'load' 'store'> <Ports = 2> <Width = 8> <Depth = 768> <RAM>
ST_4 : Operation 90 [1/2] ( I:1.23ns O:1.23ns )   --->   "%p_anonymous_namespace_lineBuffer_32_1_load_3 = load i10 %p_anonymous_namespace_lineBuffer_32_1_addr_4" [../src/sobel.cpp:143->../src/canny_top.cpp:31]   --->   Operation 90 'load' 'p_anonymous_namespace_lineBuffer_32_1_load_3' <Predicate = (!trunc_ln118)> <Delay = 1.23> <CoreInst = "RAM">   --->   Core 82 'RAM' <Latency = 1> <II = 1> <Delay = 1.23> <Storage> <Opcode : 'load' 'store'> <Ports = 2> <Width = 8> <Depth = 768> <RAM>
ST_4 : Operation 91 [1/1] (0.39ns)   --->   "%select_ln143_2 = select i1 %trunc_ln118, i8 %p_anonymous_namespace_lineBuffer_32_0_load_3, i8 %p_anonymous_namespace_lineBuffer_32_1_load_3" [../src/sobel.cpp:143->../src/canny_top.cpp:31]   --->   Operation 91 'select' 'select_ln143_2' <Predicate = true> <Delay = 0.39> <CoreInst = "Sel">   --->   Core 73 'Sel' <Latency = 0> <II = 1> <Delay = 0.39> <FuncUnit> <Opcode : 'select'> <InPorts = 3> <OutPorts = 1>
ST_4 : Operation 92 [1/1] (0.00ns)   --->   "%zext_ln143_4 = zext i8 %select_ln143_2" [../src/sobel.cpp:143->../src/canny_top.cpp:31]   --->   Operation 92 'zext' 'zext_ln143_4' <Predicate = true> <Delay = 0.00>
ST_4 : Operation 93 [1/2] ( I:1.23ns O:1.23ns )   --->   "%p_anonymous_namespace_lineBuffer_32_0_load_4 = load i10 %p_anonymous_namespace_lineBuffer_32_0_addr_5" [../src/sobel.cpp:143->../src/canny_top.cpp:31]   --->   Operation 93 'load' 'p_anonymous_namespace_lineBuffer_32_0_load_4' <Predicate = (trunc_ln118)> <Delay = 1.23> <CoreInst = "RAM">   --->   Core 82 'RAM' <Latency = 1> <II = 1> <Delay = 1.23> <Storage> <Opcode : 'load' 'store'> <Ports = 2> <Width = 8> <Depth = 768> <RAM>
ST_4 : Operation 94 [1/2] ( I:1.23ns O:1.23ns )   --->   "%p_anonymous_namespace_lineBuffer_32_1_load_4 = load i10 %p_anonymous_namespace_lineBuffer_32_1_addr_5" [../src/sobel.cpp:143->../src/canny_top.cpp:31]   --->   Operation 94 'load' 'p_anonymous_namespace_lineBuffer_32_1_load_4' <Predicate = (!trunc_ln118)> <Delay = 1.23> <CoreInst = "RAM">   --->   Core 82 'RAM' <Latency = 1> <II = 1> <Delay = 1.23> <Storage> <Opcode : 'load' 'store'> <Ports = 2> <Width = 8> <Depth = 768> <RAM>
ST_4 : Operation 95 [1/1] (0.39ns)   --->   "%select_ln143_3 = select i1 %trunc_ln118, i8 %p_anonymous_namespace_lineBuffer_32_0_load_4, i8 %p_anonymous_namespace_lineBuffer_32_1_load_4" [../src/sobel.cpp:143->../src/canny_top.cpp:31]   --->   Operation 95 'select' 'select_ln143_3' <Predicate = true> <Delay = 0.39> <CoreInst = "Sel">   --->   Core 73 'Sel' <Latency = 0> <II = 1> <Delay = 0.39> <FuncUnit> <Opcode : 'select'> <InPorts = 3> <OutPorts = 1>
ST_4 : Operation 96 [1/1] (0.00ns)   --->   "%zext_ln25 = zext i8 %select_ln143_3" [../src/sobel.cpp:25->../src/sobel.cpp:130->../src/canny_top.cpp:31]   --->   Operation 96 'zext' 'zext_ln25' <Predicate = true> <Delay = 0.00>
ST_4 : Operation 97 [2/2] (1.23ns)   --->   "%p_anonymous_namespace_lineBuffer_32_0_load_5 = load i10 %p_anonymous_namespace_lineBuffer_32_0_addr_6" [../src/sobel.cpp:143->../src/canny_top.cpp:31]   --->   Operation 97 'load' 'p_anonymous_namespace_lineBuffer_32_0_load_5' <Predicate = (trunc_ln118)> <Delay = 1.23> <CoreInst = "RAM">   --->   Core 82 'RAM' <Latency = 1> <II = 1> <Delay = 1.23> <Storage> <Opcode : 'load' 'store'> <Ports = 2> <Width = 8> <Depth = 768> <RAM>
ST_4 : Operation 98 [2/2] (1.23ns)   --->   "%p_anonymous_namespace_lineBuffer_32_1_load_5 = load i10 %p_anonymous_namespace_lineBuffer_32_1_addr_6" [../src/sobel.cpp:143->../src/canny_top.cpp:31]   --->   Operation 98 'load' 'p_anonymous_namespace_lineBuffer_32_1_load_5' <Predicate = (!trunc_ln118)> <Delay = 1.23> <CoreInst = "RAM">   --->   Core 82 'RAM' <Latency = 1> <II = 1> <Delay = 1.23> <Storage> <Opcode : 'load' 'store'> <Ports = 2> <Width = 8> <Depth = 768> <RAM>
ST_4 : Operation 99 [1/1] (0.76ns)   --->   "%sub_ln145 = sub i9 %zext_ln142_1, i9 %zext_ln142" [../src/sobel.cpp:145->../src/canny_top.cpp:31]   --->   Operation 99 'sub' 'sub_ln145' <Predicate = true> <Delay = 0.76> <CoreInst = "Adder">   --->   Core 1 'Adder' <Latency = 0> <II = 1> <Delay = 0.76> <FuncUnit> <Opcode : 'add' 'sub'> <InPorts = 2> <OutPorts = 1>
ST_4 : Operation 100 [1/1] (0.00ns)   --->   "%sub_ln145_cast1 = sext i9 %sub_ln145" [../src/sobel.cpp:145->../src/canny_top.cpp:31]   --->   Operation 100 'sext' 'sub_ln145_cast1' <Predicate = true> <Delay = 0.00>
ST_4 : Operation 101 [1/1] (0.76ns)   --->   "%tmp = sub i9 %zext_ln25, i9 %zext_ln143_4" [../src/sobel.cpp:25->../src/sobel.cpp:130->../src/canny_top.cpp:31]   --->   Operation 101 'sub' 'tmp' <Predicate = true> <Delay = 0.76> <CoreInst = "Adder">   --->   Core 1 'Adder' <Latency = 0> <II = 1> <Delay = 0.76> <FuncUnit> <Opcode : 'add' 'sub'> <InPorts = 2> <OutPorts = 1>
ST_4 : Operation 102 [1/1] (0.00ns)   --->   "%tmp_6 = bitconcatenate i10 @_ssdm_op_BitConcatenate.i10.i9.i1, i9 %tmp, i1 0" [../src/sobel.cpp:25->../src/sobel.cpp:130->../src/canny_top.cpp:31]   --->   Operation 102 'bitconcatenate' 'tmp_6' <Predicate = true> <Delay = 0.00>
ST_4 : Operation 103 [1/1] (0.00ns)   --->   "%sext_ln119 = sext i10 %tmp_6" [../src/sobel.cpp:119->../src/canny_top.cpp:31]   --->   Operation 103 'sext' 'sext_ln119' <Predicate = true> <Delay = 0.00>
ST_4 : Operation 104 [1/1] (0.76ns)   --->   "%add_ln149 = add i9 %zext_ln142_1, i9 %zext_ln142" [../src/sobel.cpp:149->../src/canny_top.cpp:31]   --->   Operation 104 'add' 'add_ln149' <Predicate = true> <Delay = 0.76> <CoreInst = "Adder">   --->   Core 1 'Adder' <Latency = 0> <II = 1> <Delay = 0.76> <FuncUnit> <Opcode : 'add' 'sub'> <InPorts = 2> <OutPorts = 1>
ST_4 : Operation 105 [2/2] (1.23ns)   --->   "%p_anonymous_namespace_lineBuffer_32_0_load_7 = load i10 %p_anonymous_namespace_lineBuffer_32_0_addr_7" [../src/sobel.cpp:143->../src/canny_top.cpp:31]   --->   Operation 105 'load' 'p_anonymous_namespace_lineBuffer_32_0_load_7' <Predicate = (trunc_ln118)> <Delay = 1.23> <CoreInst = "RAM">   --->   Core 82 'RAM' <Latency = 1> <II = 1> <Delay = 1.23> <Storage> <Opcode : 'load' 'store'> <Ports = 2> <Width = 8> <Depth = 768> <RAM>
ST_4 : Operation 106 [2/2] (1.23ns)   --->   "%p_anonymous_namespace_lineBuffer_32_1_load_7 = load i10 %p_anonymous_namespace_lineBuffer_32_1_addr_7" [../src/sobel.cpp:143->../src/canny_top.cpp:31]   --->   Operation 106 'load' 'p_anonymous_namespace_lineBuffer_32_1_load_7' <Predicate = (!trunc_ln118)> <Delay = 1.23> <CoreInst = "RAM">   --->   Core 82 'RAM' <Latency = 1> <II = 1> <Delay = 1.23> <Storage> <Opcode : 'load' 'store'> <Ports = 2> <Width = 8> <Depth = 768> <RAM>
ST_4 : Operation 107 [1/1] (0.78ns)   --->   "%add_ln145 = add i11 %sext_ln119, i11 %sub_ln145_cast1" [../src/sobel.cpp:145->../src/canny_top.cpp:31]   --->   Operation 107 'add' 'add_ln145' <Predicate = true> <Delay = 0.78> <CoreInst = "Adder">   --->   Core 1 'Adder' <Latency = 0> <II = 1> <Delay = 0.78> <FuncUnit> <Opcode : 'add' 'sub'> <InPorts = 2> <OutPorts = 1>

State 5 <SV = 4> <Delay = 3.37>
ST_5 : Operation 108 [1/2] ( I:1.23ns O:1.23ns )   --->   "%p_anonymous_namespace_lineBuffer_32_0_load_5 = load i10 %p_anonymous_namespace_lineBuffer_32_0_addr_6" [../src/sobel.cpp:143->../src/canny_top.cpp:31]   --->   Operation 108 'load' 'p_anonymous_namespace_lineBuffer_32_0_load_5' <Predicate = (trunc_ln118)> <Delay = 1.23> <CoreInst = "RAM">   --->   Core 82 'RAM' <Latency = 1> <II = 1> <Delay = 1.23> <Storage> <Opcode : 'load' 'store'> <Ports = 2> <Width = 8> <Depth = 768> <RAM>
ST_5 : Operation 109 [1/2] ( I:1.23ns O:1.23ns )   --->   "%p_anonymous_namespace_lineBuffer_32_1_load_5 = load i10 %p_anonymous_namespace_lineBuffer_32_1_addr_6" [../src/sobel.cpp:143->../src/canny_top.cpp:31]   --->   Operation 109 'load' 'p_anonymous_namespace_lineBuffer_32_1_load_5' <Predicate = (!trunc_ln118)> <Delay = 1.23> <CoreInst = "RAM">   --->   Core 82 'RAM' <Latency = 1> <II = 1> <Delay = 1.23> <Storage> <Opcode : 'load' 'store'> <Ports = 2> <Width = 8> <Depth = 768> <RAM>
ST_5 : Operation 110 [1/1] (0.39ns)   --->   "%pixel_2 = select i1 %trunc_ln118, i8 %p_anonymous_namespace_lineBuffer_32_0_load_5, i8 %p_anonymous_namespace_lineBuffer_32_1_load_5" [../src/sobel.cpp:143->../src/canny_top.cpp:31]   --->   Operation 110 'select' 'pixel_2' <Predicate = true> <Delay = 0.39> <CoreInst = "Sel">   --->   Core 73 'Sel' <Latency = 0> <II = 1> <Delay = 0.39> <FuncUnit> <Opcode : 'select'> <InPorts = 3> <OutPorts = 1>
ST_5 : Operation 111 [1/1] (0.00ns)   --->   "%zext_ln142_4 = zext i8 %pixel_2" [../src/sobel.cpp:142->../src/canny_top.cpp:31]   --->   Operation 111 'zext' 'zext_ln142_4' <Predicate = true> <Delay = 0.00>
ST_5 : Operation 112 [1/1] (0.00ns)   --->   "%zext_ln142_2 = zext i8 %pixel_2" [../src/sobel.cpp:142->../src/canny_top.cpp:31]   --->   Operation 112 'zext' 'zext_ln142_2' <Predicate = true> <Delay = 0.00>
ST_5 : Operation 113 [1/1] (0.00ns)   --->   "%tmp_8 = bitconcatenate i10 @_ssdm_op_BitConcatenate.i10.i9.i1, i9 %tmp3, i1 0" [../src/sobel.cpp:143->../src/canny_top.cpp:31]   --->   Operation 113 'bitconcatenate' 'tmp_8' <Predicate = true> <Delay = 0.00>
ST_5 : Operation 114 [1/1] (0.00ns)   --->   "%sext_ln149 = sext i10 %tmp_8" [../src/sobel.cpp:149->../src/canny_top.cpp:31]   --->   Operation 114 'sext' 'sext_ln149' <Predicate = true> <Delay = 0.00>
ST_5 : Operation 115 [1/1] (0.00ns)   --->   "%zext_ln149 = zext i9 %add_ln149" [../src/sobel.cpp:149->../src/canny_top.cpp:31]   --->   Operation 115 'zext' 'zext_ln149' <Predicate = true> <Delay = 0.00>
ST_5 : Operation 116 [1/1] (0.00ns) (grouped into TernaryAdder)   --->   "%sub_ln149 = sub i10 %zext_ln142_2, i10 %zext_ln149" [../src/sobel.cpp:149->../src/canny_top.cpp:31]   --->   Operation 116 'sub' 'sub_ln149' <Predicate = true> <Delay = 0.00> <CoreInst = "TAddSub">   --->   Core 10 'TAddSub' <Latency = 0> <II = 1> <Delay = 0.48> <IPBlock> <Opcode : 'add' 'sub'> <InPorts = 3> <OutPorts = 1> <Sync> <CReg>
ST_5 : Operation 117 [1/2] ( I:1.23ns O:1.23ns )   --->   "%p_anonymous_namespace_lineBuffer_32_0_load_7 = load i10 %p_anonymous_namespace_lineBuffer_32_0_addr_7" [../src/sobel.cpp:143->../src/canny_top.cpp:31]   --->   Operation 117 'load' 'p_anonymous_namespace_lineBuffer_32_0_load_7' <Predicate = (trunc_ln118)> <Delay = 1.23> <CoreInst = "RAM">   --->   Core 82 'RAM' <Latency = 1> <II = 1> <Delay = 1.23> <Storage> <Opcode : 'load' 'store'> <Ports = 2> <Width = 8> <Depth = 768> <RAM>
ST_5 : Operation 118 [1/2] ( I:1.23ns O:1.23ns )   --->   "%p_anonymous_namespace_lineBuffer_32_1_load_7 = load i10 %p_anonymous_namespace_lineBuffer_32_1_addr_7" [../src/sobel.cpp:143->../src/canny_top.cpp:31]   --->   Operation 118 'load' 'p_anonymous_namespace_lineBuffer_32_1_load_7' <Predicate = (!trunc_ln118)> <Delay = 1.23> <CoreInst = "RAM">   --->   Core 82 'RAM' <Latency = 1> <II = 1> <Delay = 1.23> <Storage> <Opcode : 'load' 'store'> <Ports = 2> <Width = 8> <Depth = 768> <RAM>
ST_5 : Operation 119 [1/1] (0.39ns)   --->   "%pixel_3 = select i1 %trunc_ln118, i8 %p_anonymous_namespace_lineBuffer_32_0_load_7, i8 %p_anonymous_namespace_lineBuffer_32_1_load_7" [../src/sobel.cpp:143->../src/canny_top.cpp:31]   --->   Operation 119 'select' 'pixel_3' <Predicate = true> <Delay = 0.39> <CoreInst = "Sel">   --->   Core 73 'Sel' <Latency = 0> <II = 1> <Delay = 0.39> <FuncUnit> <Opcode : 'select'> <InPorts = 3> <OutPorts = 1>
ST_5 : Operation 120 [1/1] (0.00ns)   --->   "%zext_ln142_5 = zext i8 %pixel_3" [../src/sobel.cpp:142->../src/canny_top.cpp:31]   --->   Operation 120 'zext' 'zext_ln142_5' <Predicate = true> <Delay = 0.00>
ST_5 : Operation 121 [1/1] (0.00ns)   --->   "%zext_ln142_3 = zext i8 %pixel_3" [../src/sobel.cpp:142->../src/canny_top.cpp:31]   --->   Operation 121 'zext' 'zext_ln142_3' <Predicate = true> <Delay = 0.00>
ST_5 : Operation 122 [1/1] (0.00ns) (grouped into TernaryAdder)   --->   "%gradientX_2 = sub i11 %add_ln145, i11 %zext_ln142_4" [../src/sobel.cpp:145->../src/canny_top.cpp:31]   --->   Operation 122 'sub' 'gradientX_2' <Predicate = true> <Delay = 0.00> <CoreInst = "TAddSub">   --->   Core 10 'TAddSub' <Latency = 0> <II = 1> <Delay = 0.48> <IPBlock> <Opcode : 'add' 'sub'> <InPorts = 3> <OutPorts = 1> <Sync> <CReg>
ST_5 : Operation 123 [1/1] (0.91ns) (root node of TernaryAdder)   --->   "%gradientX = add i11 %gradientX_2, i11 %zext_ln142_5" [../src/sobel.cpp:145->../src/canny_top.cpp:31]   --->   Operation 123 'add' 'gradientX' <Predicate = true> <Delay = 0.91> <CoreInst = "TAddSub">   --->   Core 10 'TAddSub' <Latency = 0> <II = 1> <Delay = 0.48> <IPBlock> <Opcode : 'add' 'sub'> <InPorts = 3> <OutPorts = 1> <Sync> <CReg>
ST_5 : Operation 124 [1/1] (0.00ns)   --->   "%trunc_ln149 = trunc i11 %gradientX" [../src/sobel.cpp:149->../src/canny_top.cpp:31]   --->   Operation 124 'trunc' 'trunc_ln149' <Predicate = true> <Delay = 0.00>
ST_5 : Operation 125 [1/1] (0.96ns) (root node of TernaryAdder)   --->   "%add_ln149_1 = add i10 %sub_ln149, i10 %zext_ln142_3" [../src/sobel.cpp:149->../src/canny_top.cpp:31]   --->   Operation 125 'add' 'add_ln149_1' <Predicate = true> <Delay = 0.96> <CoreInst = "TAddSub">   --->   Core 10 'TAddSub' <Latency = 0> <II = 1> <Delay = 0.48> <IPBlock> <Opcode : 'add' 'sub'> <InPorts = 3> <OutPorts = 1> <Sync> <CReg>
ST_5 : Operation 126 [1/1] (0.00ns)   --->   "%sext_ln149_2 = sext i10 %add_ln149_1" [../src/sobel.cpp:149->../src/canny_top.cpp:31]   --->   Operation 126 'sext' 'sext_ln149_2' <Predicate = true> <Delay = 0.00>
ST_5 : Operation 127 [1/1] (0.78ns)   --->   "%add_ln149_2 = add i10 %add_ln149_1, i10 %tmp_8" [../src/sobel.cpp:149->../src/canny_top.cpp:31]   --->   Operation 127 'add' 'add_ln149_2' <Predicate = true> <Delay = 0.78> <CoreInst = "Adder">   --->   Core 1 'Adder' <Latency = 0> <II = 1> <Delay = 0.78> <FuncUnit> <Opcode : 'add' 'sub'> <InPorts = 2> <OutPorts = 1>
ST_5 : Operation 128 [1/1] (0.78ns)   --->   "%gradientY = add i11 %sext_ln149_2, i11 %sext_ln149" [../src/sobel.cpp:149->../src/canny_top.cpp:31]   --->   Operation 128 'add' 'gradientY' <Predicate = true> <Delay = 0.78> <CoreInst = "Adder">   --->   Core 1 'Adder' <Latency = 0> <II = 1> <Delay = 0.78> <FuncUnit> <Opcode : 'add' 'sub'> <InPorts = 2> <OutPorts = 1>

State 6 <SV = 5> <Delay = 3.33>
ST_6 : Operation 129 [1/1] (0.00ns)   --->   "%zext_ln118 = zext i9 %column" [../src/sobel.cpp:118->../src/canny_top.cpp:31]   --->   Operation 129 'zext' 'zext_ln118' <Predicate = true> <Delay = 0.00>
ST_6 : Operation 130 [1/1] (0.00ns)   --->   "%sext_ln149_1 = sext i11 %gradientX" [../src/sobel.cpp:149->../src/canny_top.cpp:31]   --->   Operation 130 'sext' 'sext_ln149_1' <Predicate = true> <Delay = 0.00>
ST_6 : Operation 131 [1/1] (0.00ns)   --->   "%sext_ln120 = sext i11 %gradientY" [../src/sobel.cpp:120->../src/canny_top.cpp:31]   --->   Operation 131 'sext' 'sext_ln120' <Predicate = true> <Delay = 0.00>
ST_6 : Operation 132 [1/1] (0.00ns)   --->   "%tmp_10 = bitselect i1 @_ssdm_op_BitSelect.i1.i32.i32, i32 %sext_ln149_1, i32 31" [../src/sobel.cpp:31->../src/sobel.cpp:156->../src/canny_top.cpp:31]   --->   Operation 132 'bitselect' 'tmp_10' <Predicate = true> <Delay = 0.00>
ST_6 : Operation 133 [1/1] (0.78ns)   --->   "%sub_ln31 = sub i10 0, i10 %trunc_ln149" [../src/sobel.cpp:31->../src/sobel.cpp:156->../src/canny_top.cpp:31]   --->   Operation 133 'sub' 'sub_ln31' <Predicate = true> <Delay = 0.78> <CoreInst = "Adder">   --->   Core 1 'Adder' <Latency = 0> <II = 1> <Delay = 0.78> <FuncUnit> <Opcode : 'add' 'sub'> <InPorts = 2> <OutPorts = 1>
ST_6 : Operation 134 [1/1] (0.40ns)   --->   "%absoluteX = select i1 %tmp_10, i10 %sub_ln31, i10 %trunc_ln149" [../src/sobel.cpp:31->../src/sobel.cpp:156->../src/canny_top.cpp:31]   --->   Operation 134 'select' 'absoluteX' <Predicate = true> <Delay = 0.40> <CoreInst = "Sel">   --->   Core 73 'Sel' <Latency = 0> <II = 1> <Delay = 0.40> <FuncUnit> <Opcode : 'select'> <InPorts = 3> <OutPorts = 1>
ST_6 : Operation 135 [1/1] (0.00ns)   --->   "%tmp_11 = bitselect i1 @_ssdm_op_BitSelect.i1.i32.i32, i32 %sext_ln120, i32 31" [../src/sobel.cpp:31->../src/sobel.cpp:156->../src/canny_top.cpp:31]   --->   Operation 135 'bitselect' 'tmp_11' <Predicate = true> <Delay = 0.00>
ST_6 : Operation 136 [1/1] (0.78ns)   --->   "%sub_ln31_1 = sub i10 0, i10 %add_ln149_2" [../src/sobel.cpp:31->../src/sobel.cpp:156->../src/canny_top.cpp:31]   --->   Operation 136 'sub' 'sub_ln31_1' <Predicate = true> <Delay = 0.78> <CoreInst = "Adder">   --->   Core 1 'Adder' <Latency = 0> <II = 1> <Delay = 0.78> <FuncUnit> <Opcode : 'add' 'sub'> <InPorts = 2> <OutPorts = 1>
ST_6 : Operation 137 [1/1] (0.40ns)   --->   "%absoluteY = select i1 %tmp_11, i10 %sub_ln31_1, i10 %add_ln149_2" [../src/sobel.cpp:31->../src/sobel.cpp:156->../src/canny_top.cpp:31]   --->   Operation 137 'select' 'absoluteY' <Predicate = true> <Delay = 0.40> <CoreInst = "Sel">   --->   Core 73 'Sel' <Latency = 0> <II = 1> <Delay = 0.40> <FuncUnit> <Opcode : 'select'> <InPorts = 3> <OutPorts = 1>
ST_6 : Operation 138 [1/1] (0.00ns)   --->   "%zext_ln156 = zext i10 %absoluteY" [../src/sobel.cpp:156->../src/canny_top.cpp:31]   --->   Operation 138 'zext' 'zext_ln156' <Predicate = true> <Delay = 0.00>
ST_6 : Operation 139 [1/1] (0.00ns)   --->   "%zext_ln156_1 = zext i10 %absoluteY" [../src/sobel.cpp:156->../src/canny_top.cpp:31]   --->   Operation 139 'zext' 'zext_ln156_1' <Predicate = true> <Delay = 0.00>
ST_6 : Operation 140 [1/1] (0.00ns)   --->   "%zext_ln156_2 = zext i10 %absoluteX" [../src/sobel.cpp:156->../src/canny_top.cpp:31]   --->   Operation 140 'zext' 'zext_ln156_2' <Predicate = true> <Delay = 0.00>
ST_6 : Operation 141 [1/1] (0.78ns)   --->   "%add_ln156 = add i11 %zext_ln156_2, i11 %zext_ln156_1" [../src/sobel.cpp:156->../src/canny_top.cpp:31]   --->   Operation 141 'add' 'add_ln156' <Predicate = true> <Delay = 0.78> <CoreInst = "Adder">   --->   Core 1 'Adder' <Latency = 0> <II = 1> <Delay = 0.78> <FuncUnit> <Opcode : 'add' 'sub'> <InPorts = 2> <OutPorts = 1>
ST_6 : Operation 142 [1/1] (0.00ns)   --->   "%out_sobel_magnitude_addr = getelementptr i11 %out_sobel_magnitude, i64 0, i64 %zext_ln118" [../src/sobel.cpp:156->../src/canny_top.cpp:31]   --->   Operation 142 'getelementptr' 'out_sobel_magnitude_addr' <Predicate = true> <Delay = 0.00>
ST_6 : Operation 143 [1/1] ( I:1.23ns O:1.23ns )   --->   "%store_ln156 = store i11 %add_ln156, i9 %out_sobel_magnitude_addr" [../src/sobel.cpp:156->../src/canny_top.cpp:31]   --->   Operation 143 'store' 'store_ln156' <Predicate = true> <Delay = 1.23> <CoreInst = "RAM">   --->   Core 82 'RAM' <Latency = 1> <II = 1> <Delay = 1.23> <Storage> <Opcode : 'load' 'store'> <Ports = 2> <Width = 11> <Depth = 512> <RAM>
ST_6 : Operation 144 [1/1] (0.00ns) (grouped into LUT with out node icmp_ln41)   --->   "%or_ln41 = or i10 %absoluteX, i10 %absoluteY" [../src/sobel.cpp:41->../src/sobel.cpp:159->../src/canny_top.cpp:31]   --->   Operation 144 'or' 'or_ln41' <Predicate = true> <Delay = 0.00> <CoreInst = "LogicGate">   --->   Core 74 'LogicGate' <Latency = 0> <II = 1> <Delay = 0.35> <FuncUnit> <Opcode : 'and' 'or' 'xor'> <InPorts = 2> <OutPorts = 1>
ST_6 : Operation 145 [1/1] (0.78ns) (out node of the LUT)   --->   "%icmp_ln41 = icmp_eq  i10 %or_ln41, i10 0" [../src/sobel.cpp:41->../src/sobel.cpp:159->../src/canny_top.cpp:31]   --->   Operation 145 'icmp' 'icmp_ln41' <Predicate = true> <Delay = 0.78> <CoreInst = "Cmp">   --->   Core 9 'Cmp' <Latency = 0> <II = 1> <Delay = 0.78> <FuncUnit> <Opcode : 'seteq' 'setne' 'setle' 'setge' 'setlt' 'setgt'> <InPorts = 2> <OutPorts = 1>
ST_6 : Operation 146 [1/1] (2.14ns)   --->   "%mul_ln45 = mul i20 %zext_ln156, i20 1000" [../src/sobel.cpp:45->../src/sobel.cpp:159->../src/canny_top.cpp:31]   --->   Operation 146 'mul' 'mul_ln45' <Predicate = true> <Delay = 2.14> <CoreInst = "Multiplier">   --->   Core 3 'Multiplier' <Latency = 0> <II = 1> <Delay = 2.14> <FuncUnit> <Opcode : 'mul'> <InPorts = 2> <OutPorts = 1>
ST_6 : Operation 181 [1/1] (0.42ns)   --->   "%ret_ln0 = ret"   --->   Operation 181 'ret' 'ret_ln0' <Predicate = (icmp_ln118)> <Delay = 0.42>

State 7 <SV = 6> <Delay = 3.00>
ST_7 : Operation 147 [1/1] (0.00ns)   --->   "%zext_ln31_1 = zext i10 %absoluteX" [../src/sobel.cpp:31->../src/sobel.cpp:156->../src/canny_top.cpp:31]   --->   Operation 147 'zext' 'zext_ln31_1' <Predicate = true> <Delay = 0.00>
ST_7 : Operation 148 [1/1] (0.00ns)   --->   "%zext_ln45_1 = zext i20 %mul_ln45" [../src/sobel.cpp:45->../src/sobel.cpp:159->../src/canny_top.cpp:31]   --->   Operation 148 'zext' 'zext_ln45_1' <Predicate = true> <Delay = 0.00>
ST_7 : Operation 149 [1/1] (2.11ns)   --->   "%mul_ln45_1 = mul i19 %zext_ln31_1, i19 414" [../src/sobel.cpp:45->../src/sobel.cpp:159->../src/canny_top.cpp:31]   --->   Operation 149 'mul' 'mul_ln45_1' <Predicate = true> <Delay = 2.11> <CoreInst = "Multiplier">   --->   Core 3 'Multiplier' <Latency = 0> <II = 1> <Delay = 2.11> <FuncUnit> <Opcode : 'mul'> <InPorts = 2> <OutPorts = 1>
ST_7 : Operation 150 [1/1] (0.00ns)   --->   "%zext_ln45_2 = zext i19 %mul_ln45_1" [../src/sobel.cpp:45->../src/sobel.cpp:159->../src/canny_top.cpp:31]   --->   Operation 150 'zext' 'zext_ln45_2' <Predicate = true> <Delay = 0.00>
ST_7 : Operation 151 [1/1] (0.89ns)   --->   "%icmp_ln45 = icmp_ugt  i21 %zext_ln45_1, i21 %zext_ln45_2" [../src/sobel.cpp:45->../src/sobel.cpp:159->../src/canny_top.cpp:31]   --->   Operation 151 'icmp' 'icmp_ln45' <Predicate = true> <Delay = 0.89> <CoreInst = "Cmp">   --->   Core 9 'Cmp' <Latency = 0> <II = 1> <Delay = 0.89> <FuncUnit> <Opcode : 'seteq' 'setne' 'setle' 'setge' 'setlt' 'setgt'> <InPorts = 2> <OutPorts = 1>

State 8 <SV = 7> <Delay = 3.62>
ST_8 : Operation 152 [1/1] (0.00ns)   --->   "%zext_ln31 = zext i10 %absoluteX" [../src/sobel.cpp:31->../src/sobel.cpp:156->../src/canny_top.cpp:31]   --->   Operation 152 'zext' 'zext_ln31' <Predicate = true> <Delay = 0.00>
ST_8 : Operation 153 [1/1] (0.00ns)   --->   "%zext_ln45 = zext i20 %mul_ln45" [../src/sobel.cpp:45->../src/sobel.cpp:159->../src/canny_top.cpp:31]   --->   Operation 153 'zext' 'zext_ln45' <Predicate = true> <Delay = 0.00>
ST_8 : Operation 154 [1/1] (2.23ns)   --->   "%mul_ln49 = mul i22 %zext_ln31, i22 2414" [../src/sobel.cpp:49->../src/sobel.cpp:159->../src/canny_top.cpp:31]   --->   Operation 154 'mul' 'mul_ln49' <Predicate = true> <Delay = 2.23> <CoreInst = "Multiplier">   --->   Core 3 'Multiplier' <Latency = 0> <II = 1> <Delay = 2.23> <FuncUnit> <Opcode : 'mul'> <InPorts = 2> <OutPorts = 1>
ST_8 : Operation 155 [1/1] (0.00ns)   --->   "%zext_ln49 = zext i22 %mul_ln49" [../src/sobel.cpp:49->../src/sobel.cpp:159->../src/canny_top.cpp:31]   --->   Operation 155 'zext' 'zext_ln49' <Predicate = true> <Delay = 0.00>
ST_8 : Operation 156 [1/1] (0.91ns)   --->   "%icmp_ln49 = icmp_ult  i23 %zext_ln45, i23 %zext_ln49" [../src/sobel.cpp:49->../src/sobel.cpp:159->../src/canny_top.cpp:31]   --->   Operation 156 'icmp' 'icmp_ln49' <Predicate = true> <Delay = 0.91> <CoreInst = "Cmp">   --->   Core 9 'Cmp' <Latency = 0> <II = 1> <Delay = 0.91> <FuncUnit> <Opcode : 'seteq' 'setne' 'setle' 'setge' 'setlt' 'setgt'> <InPorts = 2> <OutPorts = 1>
ST_8 : Operation 157 [1/1] (0.00ns) (grouped into LUT with out node retval_0_i_i)   --->   "%or_ln54 = or i11 %gradientX, i11 %gradientY" [../src/sobel.cpp:54->../src/sobel.cpp:159->../src/canny_top.cpp:31]   --->   Operation 157 'or' 'or_ln54' <Predicate = true> <Delay = 0.00> <CoreInst = "LogicGate">   --->   Core 74 'LogicGate' <Latency = 0> <II = 1> <Delay = 0.33> <FuncUnit> <Opcode : 'and' 'or' 'xor'> <InPorts = 2> <OutPorts = 1>
ST_8 : Operation 158 [1/1] (0.00ns) (grouped into LUT with out node retval_0_i_i)   --->   "%sext_ln55 = sext i11 %or_ln54" [../src/sobel.cpp:55->../src/sobel.cpp:159->../src/canny_top.cpp:31]   --->   Operation 158 'sext' 'sext_ln55' <Predicate = true> <Delay = 0.00>
ST_8 : Operation 159 [1/1] (0.00ns) (grouped into LUT with out node retval_0_i_i)   --->   "%and_ln55 = and i11 %gradientY, i11 %gradientX" [../src/sobel.cpp:55->../src/sobel.cpp:159->../src/canny_top.cpp:31]   --->   Operation 159 'and' 'and_ln55' <Predicate = true> <Delay = 0.00> <CoreInst = "LogicGate">   --->   Core 74 'LogicGate' <Latency = 0> <II = 1> <Delay = 0.33> <FuncUnit> <Opcode : 'and' 'or' 'xor'> <InPorts = 2> <OutPorts = 1>
ST_8 : Operation 160 [1/1] (0.00ns) (grouped into LUT with out node retval_0_i_i)   --->   "%sext_ln45 = sext i11 %and_ln55" [../src/sobel.cpp:45->../src/sobel.cpp:159->../src/canny_top.cpp:31]   --->   Operation 160 'sext' 'sext_ln45' <Predicate = true> <Delay = 0.00>
ST_8 : Operation 161 [1/1] (0.00ns) (grouped into LUT with out node retval_0_i_i)   --->   "%xor_ln45 = xor i1 %icmp_ln45, i1 1" [../src/sobel.cpp:45->../src/sobel.cpp:159->../src/canny_top.cpp:31]   --->   Operation 161 'xor' 'xor_ln45' <Predicate = true> <Delay = 0.00> <CoreInst = "LogicGate">   --->   Core 74 'LogicGate' <Latency = 0> <II = 1> <Delay = 0.28> <FuncUnit> <Opcode : 'and' 'or' 'xor'> <InPorts = 2> <OutPorts = 1>
ST_8 : Operation 162 [1/1] (0.00ns) (grouped into LUT with out node retval_0_i_i)   --->   "%or_ln45 = or i1 %icmp_ln41, i1 %xor_ln45" [../src/sobel.cpp:45->../src/sobel.cpp:159->../src/canny_top.cpp:31]   --->   Operation 162 'or' 'or_ln45' <Predicate = true> <Delay = 0.00> <CoreInst = "LogicGate">   --->   Core 74 'LogicGate' <Latency = 0> <II = 1> <Delay = 0.28> <FuncUnit> <Opcode : 'and' 'or' 'xor'> <InPorts = 2> <OutPorts = 1>
ST_8 : Operation 163 [1/1] (0.00ns) (grouped into LUT with out node and_ln45)   --->   "%xor_ln41 = xor i1 %icmp_ln41, i1 1" [../src/sobel.cpp:41->../src/sobel.cpp:159->../src/canny_top.cpp:31]   --->   Operation 163 'xor' 'xor_ln41' <Predicate = true> <Delay = 0.00> <CoreInst = "LogicGate">   --->   Core 74 'LogicGate' <Latency = 0> <II = 1> <Delay = 0.28> <FuncUnit> <Opcode : 'and' 'or' 'xor'> <InPorts = 2> <OutPorts = 1>
ST_8 : Operation 164 [1/1] (0.28ns) (out node of the LUT)   --->   "%and_ln45 = and i1 %icmp_ln45, i1 %xor_ln41" [../src/sobel.cpp:45->../src/sobel.cpp:159->../src/canny_top.cpp:31]   --->   Operation 164 'and' 'and_ln45' <Predicate = true> <Delay = 0.28> <CoreInst = "LogicGate">   --->   Core 74 'LogicGate' <Latency = 0> <II = 1> <Delay = 0.28> <FuncUnit> <Opcode : 'and' 'or' 'xor'> <InPorts = 2> <OutPorts = 1>
ST_8 : Operation 165 [1/1] (0.00ns) (grouped into LUT with out node retval_0_i_i)   --->   "%xor_ln49 = xor i1 %icmp_ln49, i1 1" [../src/sobel.cpp:49->../src/sobel.cpp:159->../src/canny_top.cpp:31]   --->   Operation 165 'xor' 'xor_ln49' <Predicate = true> <Delay = 0.00> <CoreInst = "LogicGate">   --->   Core 74 'LogicGate' <Latency = 0> <II = 1> <Delay = 0.28> <FuncUnit> <Opcode : 'and' 'or' 'xor'> <InPorts = 2> <OutPorts = 1>
ST_8 : Operation 166 [1/1] (0.00ns) (grouped into LUT with out node retval_0_i_i)   --->   "%and_ln49 = and i1 %and_ln45, i1 %xor_ln49" [../src/sobel.cpp:49->../src/sobel.cpp:159->../src/canny_top.cpp:31]   --->   Operation 166 'and' 'and_ln49' <Predicate = true> <Delay = 0.00> <CoreInst = "LogicGate">   --->   Core 74 'LogicGate' <Latency = 0> <II = 1> <Delay = 0.28> <FuncUnit> <Opcode : 'and' 'or' 'xor'> <InPorts = 2> <OutPorts = 1>
ST_8 : Operation 167 [1/1] (0.00ns) (grouped into LUT with out node retval_0_i_i)   --->   "%tmp_12 = bitselect i1 @_ssdm_op_BitSelect.i1.i32.i32, i32 %sext_ln55, i32 31" [../src/sobel.cpp:54->../src/sobel.cpp:159->../src/canny_top.cpp:31]   --->   Operation 167 'bitselect' 'tmp_12' <Predicate = true> <Delay = 0.00>
ST_8 : Operation 168 [1/1] (0.00ns) (grouped into LUT with out node retval_0_i_i)   --->   "%tmp_13 = bitselect i1 @_ssdm_op_BitSelect.i1.i32.i32, i32 %sext_ln45, i32 31" [../src/sobel.cpp:55->../src/sobel.cpp:159->../src/canny_top.cpp:31]   --->   Operation 168 'bitselect' 'tmp_13' <Predicate = true> <Delay = 0.00>
ST_8 : Operation 169 [1/1] (0.00ns) (grouped into LUT with out node retval_0_i_i)   --->   "%xor_ln55 = xor i1 %tmp_13, i1 1" [../src/sobel.cpp:55->../src/sobel.cpp:159->../src/canny_top.cpp:31]   --->   Operation 169 'xor' 'xor_ln55' <Predicate = true> <Delay = 0.00> <CoreInst = "LogicGate">   --->   Core 74 'LogicGate' <Latency = 0> <II = 1> <Delay = 0.28> <FuncUnit> <Opcode : 'and' 'or' 'xor'> <InPorts = 2> <OutPorts = 1>
ST_8 : Operation 170 [1/1] (0.00ns) (grouped into LUT with out node retval_0_i_i)   --->   "%and_ln55_1 = and i1 %and_ln45, i1 %icmp_ln49" [../src/sobel.cpp:55->../src/sobel.cpp:159->../src/canny_top.cpp:31]   --->   Operation 170 'and' 'and_ln55_1' <Predicate = true> <Delay = 0.00> <CoreInst = "LogicGate">   --->   Core 74 'LogicGate' <Latency = 0> <II = 1> <Delay = 0.28> <FuncUnit> <Opcode : 'and' 'or' 'xor'> <InPorts = 2> <OutPorts = 1>
ST_8 : Operation 171 [1/1] (0.00ns) (grouped into LUT with out node retval_0_i_i)   --->   "%and_ln55_2 = and i1 %tmp_12, i1 %xor_ln55" [../src/sobel.cpp:55->../src/sobel.cpp:159->../src/canny_top.cpp:31]   --->   Operation 171 'and' 'and_ln55_2' <Predicate = true> <Delay = 0.00> <CoreInst = "LogicGate">   --->   Core 74 'LogicGate' <Latency = 0> <II = 1> <Delay = 0.28> <FuncUnit> <Opcode : 'and' 'or' 'xor'> <InPorts = 2> <OutPorts = 1>
ST_8 : Operation 172 [1/1] (0.00ns) (grouped into LUT with out node retval_0_i_i)   --->   "%and_ln55_3 = and i1 %and_ln55_2, i1 %and_ln55_1" [../src/sobel.cpp:55->../src/sobel.cpp:159->../src/canny_top.cpp:31]   --->   Operation 172 'and' 'and_ln55_3' <Predicate = true> <Delay = 0.00> <CoreInst = "LogicGate">   --->   Core 74 'LogicGate' <Latency = 0> <II = 1> <Delay = 0.28> <FuncUnit> <Opcode : 'and' 'or' 'xor'> <InPorts = 2> <OutPorts = 1>
ST_8 : Operation 173 [1/1] (0.00ns) (grouped into LUT with out node retval_0_i_i)   --->   "%sel_tmp = bitconcatenate i3 @_ssdm_op_BitConcatenate.i3.i1.i1.i1, i1 %or_ln45, i1 %and_ln49, i1 %and_ln55_3" [../src/sobel.cpp:45->../src/sobel.cpp:159->../src/canny_top.cpp:31]   --->   Operation 173 'bitconcatenate' 'sel_tmp' <Predicate = true> <Delay = 0.00>
ST_8 : Operation 174 [1/1] (0.47ns) (out node of the LUT)   --->   "%retval_0_i_i = sparsemux i2 @_ssdm_op_SparseMux.ap_auto.4i2.i2.i3, i3 4, i2 0, i3 2, i2 2, i3 1, i2 3, i3 0, i2 1, i2 0, i3 %sel_tmp" [../src/sobel.cpp:45->../src/sobel.cpp:159->../src/canny_top.cpp:31]   --->   Operation 174 'sparsemux' 'retval_0_i_i' <Predicate = true> <Delay = 0.47> <CoreInst = "OneHotSparseMux_HasDef">   --->   Core 152 'OneHotSparseMux_HasDef' <Latency = 0> <II = 1> <Delay = 0.47> <FuncUnit> <Opcode : 'sparsemux'> <InPorts = 2> <OutPorts = 1>

State 9 <SV = 8> <Delay = 1.23>
ST_9 : Operation 175 [1/1] (0.00ns)   --->   "%specpipeline_ln118 = specpipeline void @_ssdm_op_SpecPipeline, i32 4294967295, i32 0, i32 0, i32 0, i32 4294967295, void @empty_22" [../src/sobel.cpp:118->../src/canny_top.cpp:31]   --->   Operation 175 'specpipeline' 'specpipeline_ln118' <Predicate = true> <Delay = 0.00>
ST_9 : Operation 176 [1/1] (0.00ns)   --->   "%speclooptripcount_ln118 = speclooptripcount void @_ssdm_op_SpecLoopTripCount, i64 510, i64 510, i64 510" [../src/sobel.cpp:118->../src/canny_top.cpp:31]   --->   Operation 176 'speclooptripcount' 'speclooptripcount_ln118' <Predicate = true> <Delay = 0.00>
ST_9 : Operation 177 [1/1] (0.00ns)   --->   "%specloopname_ln118 = specloopname void @_ssdm_op_SpecLoopName, void @empty_19" [../src/sobel.cpp:118->../src/canny_top.cpp:31]   --->   Operation 177 'specloopname' 'specloopname_ln118' <Predicate = true> <Delay = 0.00>
ST_9 : Operation 178 [1/1] (0.00ns)   --->   "%out_sobel_direction_addr = getelementptr i2 %out_sobel_direction, i64 0, i64 %zext_ln118" [../src/sobel.cpp:158->../src/canny_top.cpp:31]   --->   Operation 178 'getelementptr' 'out_sobel_direction_addr' <Predicate = true> <Delay = 0.00>
ST_9 : Operation 179 [1/1] ( I:1.23ns O:1.23ns )   --->   "%store_ln158 = store i2 %retval_0_i_i, i9 %out_sobel_direction_addr" [../src/sobel.cpp:158->../src/canny_top.cpp:31]   --->   Operation 179 'store' 'store_ln158' <Predicate = true> <Delay = 1.23> <CoreInst = "RAM">   --->   Core 82 'RAM' <Latency = 1> <II = 1> <Delay = 1.23> <Storage> <Opcode : 'load' 'store'> <Ports = 2> <Width = 2> <Depth = 512> <RAM>
ST_9 : Operation 180 [1/1] (0.00ns)   --->   "%br_ln118 = br void %VITIS_LOOP_122_3.i" [../src/sobel.cpp:118->../src/canny_top.cpp:31]   --->   Operation 180 'br' 'br_ln118' <Predicate = true> <Delay = 0.00>


============================================================
+ Verbose Summary: Timing violations
============================================================
Target clock period: 5.000ns, clock uncertainty: 1.350ns.

 <State 1>: 1.203ns
The critical path consists of the following:
	'store' operation ('store_ln118', ../src/sobel.cpp:118->../src/canny_top.cpp:31) of constant 1 9 bit on local variable 'column', ../src/sobel.cpp:118->../src/canny_top.cpp:31 [12]  (0.427 ns)
	'load' operation 9 bit ('column', ../src/sobel.cpp:140->../src/canny_top.cpp:31) on local variable 'column', ../src/sobel.cpp:118->../src/canny_top.cpp:31 [15]  (0.000 ns)
	'icmp' operation 1 bit ('icmp_ln118', ../src/sobel.cpp:118->../src/canny_top.cpp:31) [16]  (0.776 ns)

 <State 2>: 2.013ns
The critical path consists of the following:
	'add' operation 9 bit ('add_ln140', ../src/sobel.cpp:140->../src/canny_top.cpp:31) [33]  (0.776 ns)
	'getelementptr' operation 10 bit ('p_anonymous_namespace_lineBuffer_32_0_addr_1', ../src/sobel.cpp:143->../src/canny_top.cpp:31) [37]  (0.000 ns)
	'load' operation 8 bit ('p_anonymous_namespace_lineBuffer_32_0_load', ../src/sobel.cpp:143->../src/canny_top.cpp:31) on array 'p_anonymous_namespace_lineBuffer_32_0' [47]  (1.237 ns)

 <State 3>: 2.395ns
The critical path consists of the following:
	'load' operation 8 bit ('p_anonymous_namespace_lineBuffer_32_0_load_1', ../src/sobel.cpp:143->../src/canny_top.cpp:31) on array 'p_anonymous_namespace_lineBuffer_32_0' [51]  (1.237 ns)
	'select' operation 8 bit ('select_ln143', ../src/sobel.cpp:143->../src/canny_top.cpp:31) [53]  (0.393 ns)
	'sub' operation 9 bit ('tmp3', ../src/sobel.cpp:143->../src/canny_top.cpp:31) [95]  (0.765 ns)

 <State 4>: 3.182ns
The critical path consists of the following:
	'load' operation 8 bit ('p_anonymous_namespace_lineBuffer_32_0_load_3', ../src/sobel.cpp:143->../src/canny_top.cpp:31) on array 'p_anonymous_namespace_lineBuffer_32_0' [73]  (1.237 ns)
	'select' operation 8 bit ('select_ln143_2', ../src/sobel.cpp:143->../src/canny_top.cpp:31) [75]  (0.393 ns)
	'sub' operation 9 bit ('tmp', ../src/sobel.cpp:25->../src/sobel.cpp:130->../src/canny_top.cpp:31) [88]  (0.765 ns)
	'add' operation 11 bit ('add_ln145', ../src/sobel.cpp:145->../src/canny_top.cpp:31) [106]  (0.787 ns)

 <State 5>: 3.377ns
The critical path consists of the following:
	'load' operation 8 bit ('p_anonymous_namespace_lineBuffer_32_0_load_5', ../src/sobel.cpp:143->../src/canny_top.cpp:31) on array 'p_anonymous_namespace_lineBuffer_32_0' [81]  (1.237 ns)
	'select' operation 8 bit ('pixel', ../src/sobel.cpp:143->../src/canny_top.cpp:31) [83]  (0.393 ns)
	'sub' operation 10 bit ('sub_ln149', ../src/sobel.cpp:149->../src/canny_top.cpp:31) [100]  (0.000 ns)
	'add' operation 10 bit ('add_ln149_1', ../src/sobel.cpp:149->../src/canny_top.cpp:31) [111]  (0.960 ns)
	'add' operation 10 bit ('add_ln149_2', ../src/sobel.cpp:149->../src/canny_top.cpp:31) [113]  (0.787 ns)

 <State 6>: 3.330ns
The critical path consists of the following:
	'sub' operation 10 bit ('sub_ln31_1', ../src/sobel.cpp:31->../src/sobel.cpp:156->../src/canny_top.cpp:31) [122]  (0.787 ns)
	'select' operation 10 bit ('absoluteY', ../src/sobel.cpp:31->../src/sobel.cpp:156->../src/canny_top.cpp:31) [123]  (0.403 ns)
	'mul' operation 20 bit ('mul_ln45', ../src/sobel.cpp:45->../src/sobel.cpp:159->../src/canny_top.cpp:31) [132]  (2.140 ns)

 <State 7>: 3.004ns
The critical path consists of the following:
	'mul' operation 19 bit ('mul_ln45_1', ../src/sobel.cpp:45->../src/sobel.cpp:159->../src/canny_top.cpp:31) [135]  (2.110 ns)
	'icmp' operation 1 bit ('icmp_ln45', ../src/sobel.cpp:45->../src/sobel.cpp:159->../src/canny_top.cpp:31) [137]  (0.894 ns)

 <State 8>: 3.626ns
The critical path consists of the following:
	'mul' operation 22 bit ('mul_ln49', ../src/sobel.cpp:49->../src/sobel.cpp:159->../src/canny_top.cpp:31) [138]  (2.236 ns)
	'icmp' operation 1 bit ('icmp_ln49', ../src/sobel.cpp:49->../src/sobel.cpp:159->../src/canny_top.cpp:31) [140]  (0.914 ns)
	'xor' operation 1 bit ('xor_ln49', ../src/sobel.cpp:49->../src/sobel.cpp:159->../src/canny_top.cpp:31) [149]  (0.000 ns)
	'and' operation 1 bit ('and_ln49', ../src/sobel.cpp:49->../src/sobel.cpp:159->../src/canny_top.cpp:31) [150]  (0.000 ns)
	'sparsemux' operation 2 bit ('retval_0_i_i', ../src/sobel.cpp:45->../src/sobel.cpp:159->../src/canny_top.cpp:31) [158]  (0.476 ns)

 <State 9>: 1.237ns
The critical path consists of the following:
	'getelementptr' operation 9 bit ('out_sobel_direction_addr', ../src/sobel.cpp:158->../src/canny_top.cpp:31) [159]  (0.000 ns)
	'store' operation ('store_ln158', ../src/sobel.cpp:158->../src/canny_top.cpp:31) of variable 'retval_0_i_i', ../src/sobel.cpp:45->../src/sobel.cpp:159->../src/canny_top.cpp:31 2 bit on array 'out_sobel_direction' [160]  (1.237 ns)


============================================================
+ Verbose Summary: Binding
============================================================
N/A
* FSMD analyzer results:
  - Output states:
 - Input state : 
  - Chain level:
	State 1
	State 2
	State 3
	State 4
	State 5
	State 6
	State 7
	State 8
	State 9


============================================================
+ Verbose Summary: Datapath Resource usage 
============================================================
N/A
