

================================================================
== Vitis HLS Report for 'sobel_Pipeline_VITIS_LOOP_116_2'
================================================================
* Date:           Sat Jul 25 12:05:02 2026

* Version:        2025.2 (Build 6295257 on Nov 14 2025)
* Project:        canny_top
* Solution:       hls (Vitis Kernel Flow Target)
* Product family: zynquplus
* Target device:  xck26-sfvc784-2LV-c


================================================================
== Performance Estimates
================================================================
+ Timing: 
    * Summary: 
    +--------+---------+----------+------------+
    |  Clock |  Target | Estimated| Uncertainty|
    +--------+---------+----------+------------+
    |ap_clk  |  5.00 ns|  3.626 ns|     1.35 ns|
    +--------+---------+----------+------------+

+ Latency: 
    * Summary: 
    +---------+---------+-----------+-----------+-----+-----+-------------------+
    |  Latency (cycles) |   Latency (absolute)  |  Interval |      Pipeline     |
    |   min   |   max   |    min    |    max    | min | max |        Type       |
    +---------+---------+-----------+-----------+-----+-----+-------------------+
    |     2054|     2054|  10.270 us|  10.270 us|    0|    0|  loop pipeline stp|
    +---------+---------+-----------+-----------+-----+-----+-------------------+

    + Detail: 
        * Instance: 
        N/A

        * Loop: 
        +--------------------+---------+---------+----------+-----------+-----------+------+----------+
        |                    |  Latency (cycles) | Iteration|  Initiation Interval  | Trip |          |
        |      Loop Name     |   min   |   max   |  Latency |  achieved |   target  | Count| Pipelined|
        +--------------------+---------+---------+----------+-----------+-----------+------+----------+
        |- VITIS_LOOP_116_2  |     2052|     2052|         9|          4|          1|   512|       yes|
        +--------------------+---------+---------+----------+-----------+-----------+------+----------+

============================================================
+ Verbose Summary: Synthesis Manager
============================================================
InlineROM: 1
ExposeGlobal: 0
============================================================
+ Verbose Summary: CDFG Model
============================================================
IsTopModel: 0
ResetActiveHigh: 1
IsCombinational: 0
IsDatapathOnly: 0
HasWiredReturn: 1
HasMFsm: 2
HasVarLatency: 1
IsPipeline: 0
IsRtlPipelined: 0
IsInstanceOverlapped: 0
IsDontTouch: 0
HasImplIP: 0
IsGatedGlobalClock: 0

+ Individual pipeline summary: 
  * Pipeline-0: initiation interval (II) = 4, depth = 9


============================================================
+ Verbose Summary: Schedule
============================================================
* Number of FSM states : 9
* Pipeline : 1
  Pipeline-0 : II = 4, D = 9, States = { 1 2 3 4 5 6 7 8 9 }
* Dataflow Pipeline: 0

* FSM state transitions: 
1 --> 2 
2 --> 3 
3 --> 4 
4 --> 5 
5 --> 6 
6 --> 7 
7 --> 8 
8 --> 9 
9 --> 

* FSM state operations: 

State 1 <SV = 0> <Delay = 2.83>
ST_1 : Operation 12 [1/1] (0.00ns)   --->   "%column = alloca i32 1" [../src/sobel.cpp:116->../src/canny_top.cpp:31]   --->   Operation 12 'alloca' 'column' <Predicate = true> <Delay = 0.00>
ST_1 : Operation 13 [1/1] (0.00ns)   --->   "%select_ln27_2_read = read i2 @_ssdm_op_Read.ap_auto.i2, i2 %select_ln27_2"   --->   Operation 13 'read' 'select_ln27_2_read' <Predicate = true> <Delay = 0.00>
ST_1 : Operation 14 [1/1] (0.00ns)   --->   "%select_ln27_1_read = read i2 @_ssdm_op_Read.ap_auto.i2, i2 %select_ln27_1"   --->   Operation 14 'read' 'select_ln27_1_read' <Predicate = true> <Delay = 0.00>
ST_1 : Operation 15 [1/1] (0.00ns)   --->   "%select_ln27_read = read i2 @_ssdm_op_Read.ap_auto.i2, i2 %select_ln27"   --->   Operation 15 'read' 'select_ln27_read' <Predicate = true> <Delay = 0.00>
ST_1 : Operation 16 [1/1] (0.42ns)   --->   "%store_ln116 = store i10 0, i10 %column" [../src/sobel.cpp:116->../src/canny_top.cpp:31]   --->   Operation 16 'store' 'store_ln116' <Predicate = true> <Delay = 0.42>
ST_1 : Operation 17 [1/1] (0.00ns)   --->   "%br_ln0 = br void %VITIS_LOOP_120_3.i"   --->   Operation 17 'br' 'br_ln0' <Predicate = true> <Delay = 0.00>
ST_1 : Operation 18 [1/1] (0.00ns)   --->   "%column_1 = load i10 %column" [../src/sobel.cpp:116->../src/canny_top.cpp:31]   --->   Operation 18 'load' 'column_1' <Predicate = true> <Delay = 0.00>
ST_1 : Operation 19 [1/1] (0.78ns)   --->   "%icmp_ln116 = icmp_eq  i10 %column_1, i10 512" [../src/sobel.cpp:116->../src/canny_top.cpp:31]   --->   Operation 19 'icmp' 'icmp_ln116' <Predicate = true> <Delay = 0.78> <CoreInst = "Cmp">   --->   Core 9 'Cmp' <Latency = 0> <II = 1> <Delay = 0.78> <FuncUnit> <Opcode : 'seteq' 'setne' 'setle' 'setge' 'setlt' 'setgt'> <InPorts = 2> <OutPorts = 1>
ST_1 : Operation 20 [1/1] (0.78ns)   --->   "%add_ln116 = add i10 %column_1, i10 1" [../src/sobel.cpp:116->../src/canny_top.cpp:31]   --->   Operation 20 'add' 'add_ln116' <Predicate = true> <Delay = 0.78> <CoreInst = "Adder">   --->   Core 1 'Adder' <Latency = 0> <II = 1> <Delay = 0.78> <FuncUnit> <Opcode : 'add' 'sub'> <InPorts = 2> <OutPorts = 1>
ST_1 : Operation 21 [1/1] (0.00ns)   --->   "%br_ln116 = br i1 %icmp_ln116, void %VITIS_LOOP_120_3.split.i_ifconv, void %_Z5sobelPKhP13GradientPixelbPb.2.exit.loopexit.exitStub" [../src/sobel.cpp:116->../src/canny_top.cpp:31]   --->   Operation 21 'br' 'br_ln116' <Predicate = true> <Delay = 0.00>
ST_1 : Operation 22 [1/1] (0.00ns)   --->   "%sourceColumn_1 = trunc i10 %column_1" [../src/sobel.cpp:138->../src/canny_top.cpp:31]   --->   Operation 22 'trunc' 'sourceColumn_1' <Predicate = (!icmp_ln116)> <Delay = 0.00>
ST_1 : Operation 23 [1/1] (0.00ns)   --->   "%zext_ln138 = zext i9 %sourceColumn_1" [../src/sobel.cpp:138->../src/canny_top.cpp:31]   --->   Operation 23 'zext' 'zext_ln138' <Predicate = (!icmp_ln116)> <Delay = 0.00>
ST_1 : Operation 24 [1/1] (0.77ns)   --->   "%add_ln138 = add i10 %zext_ln138, i10 1023" [../src/sobel.cpp:138->../src/canny_top.cpp:31]   --->   Operation 24 'add' 'add_ln138' <Predicate = (!icmp_ln116)> <Delay = 0.77> <CoreInst = "Adder">   --->   Core 1 'Adder' <Latency = 0> <II = 1> <Delay = 0.77> <FuncUnit> <Opcode : 'add' 'sub'> <InPorts = 2> <OutPorts = 1>
ST_1 : Operation 25 [1/1] (0.00ns)   --->   "%trunc_ln64 = trunc i10 %add_ln138" [../src/sobel.cpp:64->../src/sobel.cpp:138->../src/canny_top.cpp:31]   --->   Operation 25 'trunc' 'trunc_ln64' <Predicate = (!icmp_ln116)> <Delay = 0.00>
ST_1 : Operation 26 [1/1] (0.00ns)   --->   "%tmp_1 = bitselect i1 @_ssdm_op_BitSelect.i1.i10.i32, i10 %add_ln138, i32 9" [../src/sobel.cpp:65->../src/sobel.cpp:138->../src/canny_top.cpp:31]   --->   Operation 26 'bitselect' 'tmp_1' <Predicate = (!icmp_ln116)> <Delay = 0.00>
ST_1 : Operation 27 [1/1] (0.39ns)   --->   "%sourceColumn = select i1 %tmp_1, i9 0, i9 %trunc_ln64" [../src/sobel.cpp:65->../src/sobel.cpp:138->../src/canny_top.cpp:31]   --->   Operation 27 'select' 'sourceColumn' <Predicate = (!icmp_ln116)> <Delay = 0.39> <CoreInst = "Sel">   --->   Core 73 'Sel' <Latency = 0> <II = 1> <Delay = 0.39> <FuncUnit> <Opcode : 'select'> <InPorts = 3> <OutPorts = 1>
ST_1 : Operation 28 [1/1] (0.00ns)   --->   "%tmp_6 = bitconcatenate i11 @_ssdm_op_BitConcatenate.i11.i2.i9, i2 %select_ln27_read, i9 %sourceColumn" [../src/sobel.cpp:141->../src/canny_top.cpp:31]   --->   Operation 28 'bitconcatenate' 'tmp_6' <Predicate = (!icmp_ln116)> <Delay = 0.00>
ST_1 : Operation 29 [1/1] (0.00ns)   --->   "%zext_ln141 = zext i11 %tmp_6" [../src/sobel.cpp:141->../src/canny_top.cpp:31]   --->   Operation 29 'zext' 'zext_ln141' <Predicate = (!icmp_ln116)> <Delay = 0.00>
ST_1 : Operation 30 [1/1] (0.00ns)   --->   "%lineBuffer_addr = getelementptr i8 %lineBuffer, i64 0, i64 %zext_ln141" [../src/sobel.cpp:141->../src/canny_top.cpp:31]   --->   Operation 30 'getelementptr' 'lineBuffer_addr' <Predicate = (!icmp_ln116)> <Delay = 0.00>
ST_1 : Operation 31 [2/2] (1.23ns)   --->   "%pixel = load i11 %lineBuffer_addr" [../src/sobel.cpp:141->../src/canny_top.cpp:31]   --->   Operation 31 'load' 'pixel' <Predicate = (!icmp_ln116)> <Delay = 1.23> <CoreInst = "RAM">   --->   Core 82 'RAM' <Latency = 1> <II = 1> <Delay = 1.23> <Storage> <Opcode : 'load' 'store'> <Ports = 2> <Width = 8> <Depth = 1536> <RAM>
ST_1 : Operation 32 [1/1] (0.77ns)   --->   "%add_ln138_1 = add i10 %zext_ln138, i10 1" [../src/sobel.cpp:138->../src/canny_top.cpp:31]   --->   Operation 32 'add' 'add_ln138_1' <Predicate = (!icmp_ln116)> <Delay = 0.77> <CoreInst = "Adder">   --->   Core 1 'Adder' <Latency = 0> <II = 1> <Delay = 0.77> <FuncUnit> <Opcode : 'add' 'sub'> <InPorts = 2> <OutPorts = 1>
ST_1 : Operation 33 [1/1] (0.00ns)   --->   "%trunc_ln64_1 = trunc i10 %add_ln138_1" [../src/sobel.cpp:64->../src/sobel.cpp:138->../src/canny_top.cpp:31]   --->   Operation 33 'trunc' 'trunc_ln64_1' <Predicate = (!icmp_ln116)> <Delay = 0.00>
ST_1 : Operation 34 [1/1] (0.00ns)   --->   "%tmp_2 = bitselect i1 @_ssdm_op_BitSelect.i1.i10.i32, i10 %add_ln138_1, i32 9" [../src/sobel.cpp:67->../src/sobel.cpp:138->../src/canny_top.cpp:31]   --->   Operation 34 'bitselect' 'tmp_2' <Predicate = (!icmp_ln116)> <Delay = 0.00>
ST_1 : Operation 35 [1/1] (0.39ns)   --->   "%sourceColumn_2 = select i1 %tmp_2, i9 511, i9 %trunc_ln64_1" [../src/sobel.cpp:65->../src/sobel.cpp:138->../src/canny_top.cpp:31]   --->   Operation 35 'select' 'sourceColumn_2' <Predicate = (!icmp_ln116)> <Delay = 0.39> <CoreInst = "Sel">   --->   Core 73 'Sel' <Latency = 0> <II = 1> <Delay = 0.39> <FuncUnit> <Opcode : 'select'> <InPorts = 3> <OutPorts = 1>
ST_1 : Operation 36 [1/1] (0.00ns)   --->   "%tmp_3 = bitconcatenate i11 @_ssdm_op_BitConcatenate.i11.i2.i9, i2 %select_ln27_read, i9 %sourceColumn_2" [../src/sobel.cpp:141->../src/canny_top.cpp:31]   --->   Operation 36 'bitconcatenate' 'tmp_3' <Predicate = (!icmp_ln116)> <Delay = 0.00>
ST_1 : Operation 37 [1/1] (0.00ns)   --->   "%zext_ln141_5 = zext i11 %tmp_3" [../src/sobel.cpp:141->../src/canny_top.cpp:31]   --->   Operation 37 'zext' 'zext_ln141_5' <Predicate = (!icmp_ln116)> <Delay = 0.00>
ST_1 : Operation 38 [1/1] (0.00ns)   --->   "%lineBuffer_addr_5 = getelementptr i8 %lineBuffer, i64 0, i64 %zext_ln141_5" [../src/sobel.cpp:141->../src/canny_top.cpp:31]   --->   Operation 38 'getelementptr' 'lineBuffer_addr_5' <Predicate = (!icmp_ln116)> <Delay = 0.00>
ST_1 : Operation 39 [2/2] (1.23ns)   --->   "%pixel_1 = load i11 %lineBuffer_addr_5" [../src/sobel.cpp:141->../src/canny_top.cpp:31]   --->   Operation 39 'load' 'pixel_1' <Predicate = (!icmp_ln116)> <Delay = 1.23> <CoreInst = "RAM">   --->   Core 82 'RAM' <Latency = 1> <II = 1> <Delay = 1.23> <Storage> <Opcode : 'load' 'store'> <Ports = 2> <Width = 8> <Depth = 1536> <RAM>
ST_1 : Operation 40 [1/1] (0.42ns)   --->   "%store_ln116 = store i10 %add_ln116, i10 %column" [../src/sobel.cpp:116->../src/canny_top.cpp:31]   --->   Operation 40 'store' 'store_ln116' <Predicate = (!icmp_ln116)> <Delay = 0.42>

State 2 <SV = 1> <Delay = 1.23>
ST_2 : Operation 41 [1/1] (0.00ns)   --->   "%tmp_7 = bitconcatenate i11 @_ssdm_op_BitConcatenate.i11.i2.i9, i2 %select_ln27_1_read, i9 %sourceColumn" [../src/sobel.cpp:141->../src/canny_top.cpp:31]   --->   Operation 41 'bitconcatenate' 'tmp_7' <Predicate = (!icmp_ln116)> <Delay = 0.00>
ST_2 : Operation 42 [1/1] (0.00ns)   --->   "%zext_ln141_1 = zext i11 %tmp_7" [../src/sobel.cpp:141->../src/canny_top.cpp:31]   --->   Operation 42 'zext' 'zext_ln141_1' <Predicate = (!icmp_ln116)> <Delay = 0.00>
ST_2 : Operation 43 [1/1] (0.00ns)   --->   "%lineBuffer_addr_1 = getelementptr i8 %lineBuffer, i64 0, i64 %zext_ln141_1" [../src/sobel.cpp:141->../src/canny_top.cpp:31]   --->   Operation 43 'getelementptr' 'lineBuffer_addr_1' <Predicate = (!icmp_ln116)> <Delay = 0.00>
ST_2 : Operation 44 [1/2] ( I:1.23ns O:1.23ns )   --->   "%pixel = load i11 %lineBuffer_addr" [../src/sobel.cpp:141->../src/canny_top.cpp:31]   --->   Operation 44 'load' 'pixel' <Predicate = (!icmp_ln116)> <Delay = 1.23> <CoreInst = "RAM">   --->   Core 82 'RAM' <Latency = 1> <II = 1> <Delay = 1.23> <Storage> <Opcode : 'load' 'store'> <Ports = 2> <Width = 8> <Depth = 1536> <RAM>
ST_2 : Operation 45 [1/1] (0.00ns)   --->   "%tmp_9 = bitconcatenate i11 @_ssdm_op_BitConcatenate.i11.i2.i9, i2 %select_ln27_read, i9 %sourceColumn_1" [../src/sobel.cpp:141->../src/canny_top.cpp:31]   --->   Operation 45 'bitconcatenate' 'tmp_9' <Predicate = (!icmp_ln116)> <Delay = 0.00>
ST_2 : Operation 46 [1/1] (0.00ns)   --->   "%zext_ln141_3 = zext i11 %tmp_9" [../src/sobel.cpp:141->../src/canny_top.cpp:31]   --->   Operation 46 'zext' 'zext_ln141_3' <Predicate = (!icmp_ln116)> <Delay = 0.00>
ST_2 : Operation 47 [1/1] (0.00ns)   --->   "%lineBuffer_addr_3 = getelementptr i8 %lineBuffer, i64 0, i64 %zext_ln141_3" [../src/sobel.cpp:141->../src/canny_top.cpp:31]   --->   Operation 47 'getelementptr' 'lineBuffer_addr_3' <Predicate = (!icmp_ln116)> <Delay = 0.00>
ST_2 : Operation 48 [2/2] (1.23ns)   --->   "%lineBuffer_load = load i11 %lineBuffer_addr_3" [../src/sobel.cpp:141->../src/canny_top.cpp:31]   --->   Operation 48 'load' 'lineBuffer_load' <Predicate = (!icmp_ln116)> <Delay = 1.23> <CoreInst = "RAM">   --->   Core 82 'RAM' <Latency = 1> <II = 1> <Delay = 1.23> <Storage> <Opcode : 'load' 'store'> <Ports = 2> <Width = 8> <Depth = 1536> <RAM>
ST_2 : Operation 49 [1/2] ( I:1.23ns O:1.23ns )   --->   "%pixel_1 = load i11 %lineBuffer_addr_5" [../src/sobel.cpp:141->../src/canny_top.cpp:31]   --->   Operation 49 'load' 'pixel_1' <Predicate = (!icmp_ln116)> <Delay = 1.23> <CoreInst = "RAM">   --->   Core 82 'RAM' <Latency = 1> <II = 1> <Delay = 1.23> <Storage> <Opcode : 'load' 'store'> <Ports = 2> <Width = 8> <Depth = 1536> <RAM>
ST_2 : Operation 50 [2/2] (1.23ns)   --->   "%lineBuffer_load_2 = load i11 %lineBuffer_addr_1" [../src/sobel.cpp:141->../src/canny_top.cpp:31]   --->   Operation 50 'load' 'lineBuffer_load_2' <Predicate = (!icmp_ln116)> <Delay = 1.23> <CoreInst = "RAM">   --->   Core 82 'RAM' <Latency = 1> <II = 1> <Delay = 1.23> <Storage> <Opcode : 'load' 'store'> <Ports = 2> <Width = 8> <Depth = 1536> <RAM>

State 3 <SV = 2> <Delay = 1.23>
ST_3 : Operation 51 [1/1] (0.00ns)   --->   "%tmp_8 = bitconcatenate i11 @_ssdm_op_BitConcatenate.i11.i2.i9, i2 %select_ln27_2_read, i9 %sourceColumn" [../src/sobel.cpp:141->../src/canny_top.cpp:31]   --->   Operation 51 'bitconcatenate' 'tmp_8' <Predicate = (!icmp_ln116)> <Delay = 0.00>
ST_3 : Operation 52 [1/1] (0.00ns)   --->   "%zext_ln141_2 = zext i11 %tmp_8" [../src/sobel.cpp:141->../src/canny_top.cpp:31]   --->   Operation 52 'zext' 'zext_ln141_2' <Predicate = (!icmp_ln116)> <Delay = 0.00>
ST_3 : Operation 53 [1/1] (0.00ns)   --->   "%lineBuffer_addr_2 = getelementptr i8 %lineBuffer, i64 0, i64 %zext_ln141_2" [../src/sobel.cpp:141->../src/canny_top.cpp:31]   --->   Operation 53 'getelementptr' 'lineBuffer_addr_2' <Predicate = (!icmp_ln116)> <Delay = 0.00>
ST_3 : Operation 54 [1/2] ( I:1.23ns O:1.23ns )   --->   "%lineBuffer_load = load i11 %lineBuffer_addr_3" [../src/sobel.cpp:141->../src/canny_top.cpp:31]   --->   Operation 54 'load' 'lineBuffer_load' <Predicate = (!icmp_ln116)> <Delay = 1.23> <CoreInst = "RAM">   --->   Core 82 'RAM' <Latency = 1> <II = 1> <Delay = 1.23> <Storage> <Opcode : 'load' 'store'> <Ports = 2> <Width = 8> <Depth = 1536> <RAM>
ST_3 : Operation 55 [1/1] (0.00ns)   --->   "%tmp_4 = bitconcatenate i11 @_ssdm_op_BitConcatenate.i11.i2.i9, i2 %select_ln27_1_read, i9 %sourceColumn_2" [../src/sobel.cpp:141->../src/canny_top.cpp:31]   --->   Operation 55 'bitconcatenate' 'tmp_4' <Predicate = (!icmp_ln116)> <Delay = 0.00>
ST_3 : Operation 56 [1/1] (0.00ns)   --->   "%zext_ln141_7 = zext i11 %tmp_4" [../src/sobel.cpp:141->../src/canny_top.cpp:31]   --->   Operation 56 'zext' 'zext_ln141_7' <Predicate = (!icmp_ln116)> <Delay = 0.00>
ST_3 : Operation 57 [1/1] (0.00ns)   --->   "%lineBuffer_addr_6 = getelementptr i8 %lineBuffer, i64 0, i64 %zext_ln141_7" [../src/sobel.cpp:141->../src/canny_top.cpp:31]   --->   Operation 57 'getelementptr' 'lineBuffer_addr_6' <Predicate = (!icmp_ln116)> <Delay = 0.00>
ST_3 : Operation 58 [1/2] ( I:1.23ns O:1.23ns )   --->   "%lineBuffer_load_2 = load i11 %lineBuffer_addr_1" [../src/sobel.cpp:141->../src/canny_top.cpp:31]   --->   Operation 58 'load' 'lineBuffer_load_2' <Predicate = (!icmp_ln116)> <Delay = 1.23> <CoreInst = "RAM">   --->   Core 82 'RAM' <Latency = 1> <II = 1> <Delay = 1.23> <Storage> <Opcode : 'load' 'store'> <Ports = 2> <Width = 8> <Depth = 1536> <RAM>
ST_3 : Operation 59 [2/2] (1.23ns)   --->   "%lineBuffer_load_3 = load i11 %lineBuffer_addr_6" [../src/sobel.cpp:141->../src/canny_top.cpp:31]   --->   Operation 59 'load' 'lineBuffer_load_3' <Predicate = (!icmp_ln116)> <Delay = 1.23> <CoreInst = "RAM">   --->   Core 82 'RAM' <Latency = 1> <II = 1> <Delay = 1.23> <Storage> <Opcode : 'load' 'store'> <Ports = 2> <Width = 8> <Depth = 1536> <RAM>
ST_3 : Operation 60 [2/2] (1.23ns)   --->   "%pixel_2 = load i11 %lineBuffer_addr_2" [../src/sobel.cpp:141->../src/canny_top.cpp:31]   --->   Operation 60 'load' 'pixel_2' <Predicate = (!icmp_ln116)> <Delay = 1.23> <CoreInst = "RAM">   --->   Core 82 'RAM' <Latency = 1> <II = 1> <Delay = 1.23> <Storage> <Opcode : 'load' 'store'> <Ports = 2> <Width = 8> <Depth = 1536> <RAM>

State 4 <SV = 3> <Delay = 2.00>
ST_4 : Operation 61 [1/1] (0.00ns)   --->   "%tmp_s = bitconcatenate i11 @_ssdm_op_BitConcatenate.i11.i2.i9, i2 %select_ln27_2_read, i9 %sourceColumn_1" [../src/sobel.cpp:141->../src/canny_top.cpp:31]   --->   Operation 61 'bitconcatenate' 'tmp_s' <Predicate = (!icmp_ln116)> <Delay = 0.00>
ST_4 : Operation 62 [1/1] (0.00ns)   --->   "%zext_ln141_4 = zext i11 %tmp_s" [../src/sobel.cpp:141->../src/canny_top.cpp:31]   --->   Operation 62 'zext' 'zext_ln141_4' <Predicate = (!icmp_ln116)> <Delay = 0.00>
ST_4 : Operation 63 [1/1] (0.00ns)   --->   "%lineBuffer_addr_4 = getelementptr i8 %lineBuffer, i64 0, i64 %zext_ln141_4" [../src/sobel.cpp:141->../src/canny_top.cpp:31]   --->   Operation 63 'getelementptr' 'lineBuffer_addr_4' <Predicate = (!icmp_ln116)> <Delay = 0.00>
ST_4 : Operation 64 [1/1] (0.00ns)   --->   "%tmp_5 = bitconcatenate i11 @_ssdm_op_BitConcatenate.i11.i2.i9, i2 %select_ln27_2_read, i9 %sourceColumn_2" [../src/sobel.cpp:141->../src/canny_top.cpp:31]   --->   Operation 64 'bitconcatenate' 'tmp_5' <Predicate = (!icmp_ln116)> <Delay = 0.00>
ST_4 : Operation 65 [1/1] (0.00ns)   --->   "%zext_ln141_8 = zext i11 %tmp_5" [../src/sobel.cpp:141->../src/canny_top.cpp:31]   --->   Operation 65 'zext' 'zext_ln141_8' <Predicate = (!icmp_ln116)> <Delay = 0.00>
ST_4 : Operation 66 [1/1] (0.00ns)   --->   "%lineBuffer_addr_7 = getelementptr i8 %lineBuffer, i64 0, i64 %zext_ln141_8" [../src/sobel.cpp:141->../src/canny_top.cpp:31]   --->   Operation 66 'getelementptr' 'lineBuffer_addr_7' <Predicate = (!icmp_ln116)> <Delay = 0.00>
ST_4 : Operation 67 [1/1] (0.00ns)   --->   "%zext_ln141_6 = zext i8 %lineBuffer_load_2" [../src/sobel.cpp:141->../src/canny_top.cpp:31]   --->   Operation 67 'zext' 'zext_ln141_6' <Predicate = (!icmp_ln116)> <Delay = 0.00>
ST_4 : Operation 68 [1/2] ( I:1.23ns O:1.23ns )   --->   "%lineBuffer_load_3 = load i11 %lineBuffer_addr_6" [../src/sobel.cpp:141->../src/canny_top.cpp:31]   --->   Operation 68 'load' 'lineBuffer_load_3' <Predicate = (!icmp_ln116)> <Delay = 1.23> <CoreInst = "RAM">   --->   Core 82 'RAM' <Latency = 1> <II = 1> <Delay = 1.23> <Storage> <Opcode : 'load' 'store'> <Ports = 2> <Width = 8> <Depth = 1536> <RAM>
ST_4 : Operation 69 [1/1] (0.00ns)   --->   "%zext_ln64 = zext i8 %lineBuffer_load_3" [../src/sobel.cpp:64->../src/sobel.cpp:125->../src/canny_top.cpp:31]   --->   Operation 69 'zext' 'zext_ln64' <Predicate = (!icmp_ln116)> <Delay = 0.00>
ST_4 : Operation 70 [1/2] ( I:1.23ns O:1.23ns )   --->   "%pixel_2 = load i11 %lineBuffer_addr_2" [../src/sobel.cpp:141->../src/canny_top.cpp:31]   --->   Operation 70 'load' 'pixel_2' <Predicate = (!icmp_ln116)> <Delay = 1.23> <CoreInst = "RAM">   --->   Core 82 'RAM' <Latency = 1> <II = 1> <Delay = 1.23> <Storage> <Opcode : 'load' 'store'> <Ports = 2> <Width = 8> <Depth = 1536> <RAM>
ST_4 : Operation 71 [1/1] (0.76ns)   --->   "%tmp = sub i9 %zext_ln64, i9 %zext_ln141_6" [../src/sobel.cpp:64->../src/sobel.cpp:125->../src/canny_top.cpp:31]   --->   Operation 71 'sub' 'tmp' <Predicate = (!icmp_ln116)> <Delay = 0.76> <CoreInst = "Adder">   --->   Core 1 'Adder' <Latency = 0> <II = 1> <Delay = 0.76> <FuncUnit> <Opcode : 'add' 'sub'> <InPorts = 2> <OutPorts = 1>
ST_4 : Operation 72 [2/2] (1.23ns)   --->   "%lineBuffer_load_5 = load i11 %lineBuffer_addr_4" [../src/sobel.cpp:141->../src/canny_top.cpp:31]   --->   Operation 72 'load' 'lineBuffer_load_5' <Predicate = (!icmp_ln116)> <Delay = 1.23> <CoreInst = "RAM">   --->   Core 82 'RAM' <Latency = 1> <II = 1> <Delay = 1.23> <Storage> <Opcode : 'load' 'store'> <Ports = 2> <Width = 8> <Depth = 1536> <RAM>
ST_4 : Operation 73 [2/2] (1.23ns)   --->   "%pixel_3 = load i11 %lineBuffer_addr_7" [../src/sobel.cpp:141->../src/canny_top.cpp:31]   --->   Operation 73 'load' 'pixel_3' <Predicate = (!icmp_ln116)> <Delay = 1.23> <CoreInst = "RAM">   --->   Core 82 'RAM' <Latency = 1> <II = 1> <Delay = 1.23> <Storage> <Opcode : 'load' 'store'> <Ports = 2> <Width = 8> <Depth = 1536> <RAM>

State 5 <SV = 4> <Delay = 2.98>
ST_5 : Operation 74 [1/1] (0.00ns)   --->   "%zext_ln140 = zext i8 %pixel" [../src/sobel.cpp:140->../src/canny_top.cpp:31]   --->   Operation 74 'zext' 'zext_ln140' <Predicate = true> <Delay = 0.00>
ST_5 : Operation 75 [1/1] (0.00ns)   --->   "%zext_ln138_1 = zext i8 %lineBuffer_load" [../src/sobel.cpp:138->../src/canny_top.cpp:31]   --->   Operation 75 'zext' 'zext_ln138_1' <Predicate = true> <Delay = 0.00>
ST_5 : Operation 76 [1/1] (0.00ns)   --->   "%zext_ln140_1 = zext i8 %pixel_1" [../src/sobel.cpp:140->../src/canny_top.cpp:31]   --->   Operation 76 'zext' 'zext_ln140_1' <Predicate = true> <Delay = 0.00>
ST_5 : Operation 77 [1/1] (0.00ns)   --->   "%zext_ln140_2 = zext i8 %pixel_2" [../src/sobel.cpp:140->../src/canny_top.cpp:31]   --->   Operation 77 'zext' 'zext_ln140_2' <Predicate = true> <Delay = 0.00>
ST_5 : Operation 78 [1/1] (0.76ns)   --->   "%sub_ln143 = sub i9 %zext_ln140_1, i9 %zext_ln140" [../src/sobel.cpp:143->../src/canny_top.cpp:31]   --->   Operation 78 'sub' 'sub_ln143' <Predicate = true> <Delay = 0.76> <CoreInst = "Adder">   --->   Core 1 'Adder' <Latency = 0> <II = 1> <Delay = 0.76> <FuncUnit> <Opcode : 'add' 'sub'> <InPorts = 2> <OutPorts = 1>
ST_5 : Operation 79 [1/1] (0.00ns)   --->   "%sub_ln143_cast = sext i9 %sub_ln143" [../src/sobel.cpp:143->../src/canny_top.cpp:31]   --->   Operation 79 'sext' 'sub_ln143_cast' <Predicate = true> <Delay = 0.00>
ST_5 : Operation 80 [1/1] (0.00ns)   --->   "%tmp_10 = bitconcatenate i10 @_ssdm_op_BitConcatenate.i10.i9.i1, i9 %tmp, i1 0" [../src/sobel.cpp:64->../src/sobel.cpp:125->../src/canny_top.cpp:31]   --->   Operation 80 'bitconcatenate' 'tmp_10' <Predicate = true> <Delay = 0.00>
ST_5 : Operation 81 [1/1] (0.00ns)   --->   "%sext_ln143 = sext i10 %tmp_10" [../src/sobel.cpp:143->../src/canny_top.cpp:31]   --->   Operation 81 'sext' 'sext_ln143' <Predicate = true> <Delay = 0.00>
ST_5 : Operation 82 [1/1] (0.00ns) (grouped into TernaryAdder)   --->   "%sub_ln143_1 = sub i10 %sub_ln143_cast, i10 %zext_ln140_2" [../src/sobel.cpp:143->../src/canny_top.cpp:31]   --->   Operation 82 'sub' 'sub_ln143_1' <Predicate = true> <Delay = 0.00> <CoreInst = "TAddSub">   --->   Core 10 'TAddSub' <Latency = 0> <II = 1> <Delay = 0.48> <IPBlock> <Opcode : 'add' 'sub'> <InPorts = 3> <OutPorts = 1> <Sync> <CReg>
ST_5 : Operation 83 [1/2] ( I:1.23ns O:1.23ns )   --->   "%lineBuffer_load_5 = load i11 %lineBuffer_addr_4" [../src/sobel.cpp:141->../src/canny_top.cpp:31]   --->   Operation 83 'load' 'lineBuffer_load_5' <Predicate = true> <Delay = 1.23> <CoreInst = "RAM">   --->   Core 82 'RAM' <Latency = 1> <II = 1> <Delay = 1.23> <Storage> <Opcode : 'load' 'store'> <Ports = 2> <Width = 8> <Depth = 1536> <RAM>
ST_5 : Operation 84 [1/1] (0.00ns)   --->   "%p_anonymous_namespace_lineBuffer_1_load_6_cast = zext i8 %lineBuffer_load_5" [../src/sobel.cpp:141->../src/canny_top.cpp:31]   --->   Operation 84 'zext' 'p_anonymous_namespace_lineBuffer_1_load_6_cast' <Predicate = true> <Delay = 0.00>
ST_5 : Operation 85 [1/1] (0.76ns)   --->   "%tmp3 = sub i9 %p_anonymous_namespace_lineBuffer_1_load_6_cast, i9 %zext_ln138_1" [../src/sobel.cpp:141->../src/canny_top.cpp:31]   --->   Operation 85 'sub' 'tmp3' <Predicate = true> <Delay = 0.76> <CoreInst = "Adder">   --->   Core 1 'Adder' <Latency = 0> <II = 1> <Delay = 0.76> <FuncUnit> <Opcode : 'add' 'sub'> <InPorts = 2> <OutPorts = 1>
ST_5 : Operation 86 [1/1] (0.00ns)   --->   "%tmp_11 = bitconcatenate i10 @_ssdm_op_BitConcatenate.i10.i9.i1, i9 %tmp3, i1 0" [../src/sobel.cpp:141->../src/canny_top.cpp:31]   --->   Operation 86 'bitconcatenate' 'tmp_11' <Predicate = true> <Delay = 0.00>
ST_5 : Operation 87 [1/1] (0.00ns)   --->   "%sext_ln147 = sext i10 %tmp_11" [../src/sobel.cpp:147->../src/canny_top.cpp:31]   --->   Operation 87 'sext' 'sext_ln147' <Predicate = true> <Delay = 0.00>
ST_5 : Operation 88 [1/1] (0.76ns)   --->   "%add_ln147 = add i9 %zext_ln140_1, i9 %zext_ln140" [../src/sobel.cpp:147->../src/canny_top.cpp:31]   --->   Operation 88 'add' 'add_ln147' <Predicate = true> <Delay = 0.76> <CoreInst = "Adder">   --->   Core 1 'Adder' <Latency = 0> <II = 1> <Delay = 0.76> <FuncUnit> <Opcode : 'add' 'sub'> <InPorts = 2> <OutPorts = 1>
ST_5 : Operation 89 [1/1] (0.00ns)   --->   "%zext_ln147 = zext i9 %add_ln147" [../src/sobel.cpp:147->../src/canny_top.cpp:31]   --->   Operation 89 'zext' 'zext_ln147' <Predicate = true> <Delay = 0.00>
ST_5 : Operation 90 [1/1] (0.00ns) (grouped into TernaryAdder)   --->   "%sub_ln147 = sub i10 %zext_ln140_2, i10 %zext_ln147" [../src/sobel.cpp:147->../src/canny_top.cpp:31]   --->   Operation 90 'sub' 'sub_ln147' <Predicate = true> <Delay = 0.00> <CoreInst = "TAddSub">   --->   Core 10 'TAddSub' <Latency = 0> <II = 1> <Delay = 0.48> <IPBlock> <Opcode : 'add' 'sub'> <InPorts = 3> <OutPorts = 1> <Sync> <CReg>
ST_5 : Operation 91 [1/2] ( I:1.23ns O:1.23ns )   --->   "%pixel_3 = load i11 %lineBuffer_addr_7" [../src/sobel.cpp:141->../src/canny_top.cpp:31]   --->   Operation 91 'load' 'pixel_3' <Predicate = true> <Delay = 1.23> <CoreInst = "RAM">   --->   Core 82 'RAM' <Latency = 1> <II = 1> <Delay = 1.23> <Storage> <Opcode : 'load' 'store'> <Ports = 2> <Width = 8> <Depth = 1536> <RAM>
ST_5 : Operation 92 [1/1] (0.00ns)   --->   "%zext_ln140_3 = zext i8 %pixel_3" [../src/sobel.cpp:140->../src/canny_top.cpp:31]   --->   Operation 92 'zext' 'zext_ln140_3' <Predicate = true> <Delay = 0.00>
ST_5 : Operation 93 [1/1] (0.96ns) (root node of TernaryAdder)   --->   "%add_ln143 = add i10 %sub_ln143_1, i10 %zext_ln140_3" [../src/sobel.cpp:143->../src/canny_top.cpp:31]   --->   Operation 93 'add' 'add_ln143' <Predicate = true> <Delay = 0.96> <CoreInst = "TAddSub">   --->   Core 10 'TAddSub' <Latency = 0> <II = 1> <Delay = 0.48> <IPBlock> <Opcode : 'add' 'sub'> <InPorts = 3> <OutPorts = 1> <Sync> <CReg>
ST_5 : Operation 94 [1/1] (0.00ns)   --->   "%sext_ln143_1 = sext i10 %add_ln143" [../src/sobel.cpp:143->../src/canny_top.cpp:31]   --->   Operation 94 'sext' 'sext_ln143_1' <Predicate = true> <Delay = 0.00>
ST_5 : Operation 95 [1/1] (0.78ns)   --->   "%add_ln143_1 = add i10 %add_ln143, i10 %tmp_10" [../src/sobel.cpp:143->../src/canny_top.cpp:31]   --->   Operation 95 'add' 'add_ln143_1' <Predicate = true> <Delay = 0.78> <CoreInst = "Adder">   --->   Core 1 'Adder' <Latency = 0> <II = 1> <Delay = 0.78> <FuncUnit> <Opcode : 'add' 'sub'> <InPorts = 2> <OutPorts = 1>
ST_5 : Operation 96 [1/1] (0.78ns)   --->   "%gradientX = add i11 %sext_ln143_1, i11 %sext_ln143" [../src/sobel.cpp:143->../src/canny_top.cpp:31]   --->   Operation 96 'add' 'gradientX' <Predicate = true> <Delay = 0.78> <CoreInst = "Adder">   --->   Core 1 'Adder' <Latency = 0> <II = 1> <Delay = 0.78> <FuncUnit> <Opcode : 'add' 'sub'> <InPorts = 2> <OutPorts = 1>
ST_5 : Operation 97 [1/1] (0.96ns) (root node of TernaryAdder)   --->   "%gradientY_2 = add i10 %sub_ln147, i10 %zext_ln140_3" [../src/sobel.cpp:147->../src/canny_top.cpp:31]   --->   Operation 97 'add' 'gradientY_2' <Predicate = true> <Delay = 0.96> <CoreInst = "TAddSub">   --->   Core 10 'TAddSub' <Latency = 0> <II = 1> <Delay = 0.48> <IPBlock> <Opcode : 'add' 'sub'> <InPorts = 3> <OutPorts = 1> <Sync> <CReg>
ST_5 : Operation 98 [1/1] (0.00ns)   --->   "%sext_ln147_2 = sext i10 %gradientY_2" [../src/sobel.cpp:147->../src/canny_top.cpp:31]   --->   Operation 98 'sext' 'sext_ln147_2' <Predicate = true> <Delay = 0.00>
ST_5 : Operation 99 [1/1] (0.78ns)   --->   "%add_ln147_2 = add i10 %tmp_11, i10 %gradientY_2" [../src/sobel.cpp:147->../src/canny_top.cpp:31]   --->   Operation 99 'add' 'add_ln147_2' <Predicate = true> <Delay = 0.78> <CoreInst = "Adder">   --->   Core 1 'Adder' <Latency = 0> <II = 1> <Delay = 0.78> <FuncUnit> <Opcode : 'add' 'sub'> <InPorts = 2> <OutPorts = 1>
ST_5 : Operation 100 [1/1] (0.78ns)   --->   "%gradientY = add i11 %sext_ln147, i11 %sext_ln147_2" [../src/sobel.cpp:147->../src/canny_top.cpp:31]   --->   Operation 100 'add' 'gradientY' <Predicate = true> <Delay = 0.78> <CoreInst = "Adder">   --->   Core 1 'Adder' <Latency = 0> <II = 1> <Delay = 0.78> <FuncUnit> <Opcode : 'add' 'sub'> <InPorts = 2> <OutPorts = 1>
ST_5 : Operation 153 [1/1] (0.42ns)   --->   "%ret_ln0 = ret"   --->   Operation 153 'ret' 'ret_ln0' <Predicate = (icmp_ln116)> <Delay = 0.42>

State 6 <SV = 5> <Delay = 3.33>
ST_6 : Operation 101 [1/1] (0.00ns)   --->   "%zext_ln116 = zext i10 %column_1" [../src/sobel.cpp:116->../src/canny_top.cpp:31]   --->   Operation 101 'zext' 'zext_ln116' <Predicate = true> <Delay = 0.00>
ST_6 : Operation 102 [1/1] (0.00ns)   --->   "%sext_ln147_1 = sext i11 %gradientX" [../src/sobel.cpp:147->../src/canny_top.cpp:31]   --->   Operation 102 'sext' 'sext_ln147_1' <Predicate = true> <Delay = 0.00>
ST_6 : Operation 103 [1/1] (0.00ns)   --->   "%sext_ln118 = sext i11 %gradientY" [../src/sobel.cpp:118->../src/canny_top.cpp:31]   --->   Operation 103 'sext' 'sext_ln118' <Predicate = true> <Delay = 0.00>
ST_6 : Operation 104 [1/1] (0.00ns)   --->   "%tmp_12 = bitselect i1 @_ssdm_op_BitSelect.i1.i32.i32, i32 %sext_ln147_1, i32 31" [../src/sobel.cpp:32->../src/sobel.cpp:154->../src/canny_top.cpp:31]   --->   Operation 104 'bitselect' 'tmp_12' <Predicate = true> <Delay = 0.00>
ST_6 : Operation 105 [1/1] (0.78ns)   --->   "%sub_ln32 = sub i10 0, i10 %add_ln143_1" [../src/sobel.cpp:32->../src/sobel.cpp:154->../src/canny_top.cpp:31]   --->   Operation 105 'sub' 'sub_ln32' <Predicate = true> <Delay = 0.78> <CoreInst = "Adder">   --->   Core 1 'Adder' <Latency = 0> <II = 1> <Delay = 0.78> <FuncUnit> <Opcode : 'add' 'sub'> <InPorts = 2> <OutPorts = 1>
ST_6 : Operation 106 [1/1] (0.40ns)   --->   "%absoluteX = select i1 %tmp_12, i10 %sub_ln32, i10 %add_ln143_1" [../src/sobel.cpp:32->../src/sobel.cpp:154->../src/canny_top.cpp:31]   --->   Operation 106 'select' 'absoluteX' <Predicate = true> <Delay = 0.40> <CoreInst = "Sel">   --->   Core 73 'Sel' <Latency = 0> <II = 1> <Delay = 0.40> <FuncUnit> <Opcode : 'select'> <InPorts = 3> <OutPorts = 1>
ST_6 : Operation 107 [1/1] (0.00ns)   --->   "%tmp_13 = bitselect i1 @_ssdm_op_BitSelect.i1.i32.i32, i32 %sext_ln118, i32 31" [../src/sobel.cpp:32->../src/sobel.cpp:154->../src/canny_top.cpp:31]   --->   Operation 107 'bitselect' 'tmp_13' <Predicate = true> <Delay = 0.00>
ST_6 : Operation 108 [1/1] (0.78ns)   --->   "%sub_ln32_1 = sub i10 0, i10 %add_ln147_2" [../src/sobel.cpp:32->../src/sobel.cpp:154->../src/canny_top.cpp:31]   --->   Operation 108 'sub' 'sub_ln32_1' <Predicate = true> <Delay = 0.78> <CoreInst = "Adder">   --->   Core 1 'Adder' <Latency = 0> <II = 1> <Delay = 0.78> <FuncUnit> <Opcode : 'add' 'sub'> <InPorts = 2> <OutPorts = 1>
ST_6 : Operation 109 [1/1] (0.40ns)   --->   "%absoluteY = select i1 %tmp_13, i10 %sub_ln32_1, i10 %add_ln147_2" [../src/sobel.cpp:32->../src/sobel.cpp:154->../src/canny_top.cpp:31]   --->   Operation 109 'select' 'absoluteY' <Predicate = true> <Delay = 0.40> <CoreInst = "Sel">   --->   Core 73 'Sel' <Latency = 0> <II = 1> <Delay = 0.40> <FuncUnit> <Opcode : 'select'> <InPorts = 3> <OutPorts = 1>
ST_6 : Operation 110 [1/1] (0.00ns)   --->   "%zext_ln154 = zext i10 %absoluteY" [../src/sobel.cpp:154->../src/canny_top.cpp:31]   --->   Operation 110 'zext' 'zext_ln154' <Predicate = true> <Delay = 0.00>
ST_6 : Operation 111 [1/1] (0.00ns)   --->   "%zext_ln154_1 = zext i10 %absoluteX" [../src/sobel.cpp:154->../src/canny_top.cpp:31]   --->   Operation 111 'zext' 'zext_ln154_1' <Predicate = true> <Delay = 0.00>
ST_6 : Operation 112 [1/1] (0.00ns)   --->   "%zext_ln154_2 = zext i10 %absoluteY" [../src/sobel.cpp:154->../src/canny_top.cpp:31]   --->   Operation 112 'zext' 'zext_ln154_2' <Predicate = true> <Delay = 0.00>
ST_6 : Operation 113 [1/1] (0.78ns)   --->   "%add_ln154 = add i11 %zext_ln154_2, i11 %zext_ln154_1" [../src/sobel.cpp:154->../src/canny_top.cpp:31]   --->   Operation 113 'add' 'add_ln154' <Predicate = true> <Delay = 0.78> <CoreInst = "Adder">   --->   Core 1 'Adder' <Latency = 0> <II = 1> <Delay = 0.78> <FuncUnit> <Opcode : 'add' 'sub'> <InPorts = 2> <OutPorts = 1>
ST_6 : Operation 114 [1/1] (0.00ns)   --->   "%out_sobel_magnitude_addr = getelementptr i11 %out_sobel_magnitude, i64 0, i64 %zext_ln116" [../src/sobel.cpp:154->../src/canny_top.cpp:31]   --->   Operation 114 'getelementptr' 'out_sobel_magnitude_addr' <Predicate = true> <Delay = 0.00>
ST_6 : Operation 115 [1/1] ( I:1.23ns O:1.23ns )   --->   "%store_ln154 = store i11 %add_ln154, i9 %out_sobel_magnitude_addr" [../src/sobel.cpp:154->../src/canny_top.cpp:31]   --->   Operation 115 'store' 'store_ln154' <Predicate = true> <Delay = 1.23> <CoreInst = "RAM">   --->   Core 82 'RAM' <Latency = 1> <II = 1> <Delay = 1.23> <Storage> <Opcode : 'load' 'store'> <Ports = 2> <Width = 11> <Depth = 512> <RAM>
ST_6 : Operation 116 [1/1] (0.00ns) (grouped into LUT with out node icmp_ln42)   --->   "%or_ln42 = or i10 %absoluteY, i10 %absoluteX" [../src/sobel.cpp:42->../src/sobel.cpp:157->../src/canny_top.cpp:31]   --->   Operation 116 'or' 'or_ln42' <Predicate = true> <Delay = 0.00> <CoreInst = "LogicGate">   --->   Core 74 'LogicGate' <Latency = 0> <II = 1> <Delay = 0.35> <FuncUnit> <Opcode : 'and' 'or' 'xor'> <InPorts = 2> <OutPorts = 1>
ST_6 : Operation 117 [1/1] (0.78ns) (out node of the LUT)   --->   "%icmp_ln42 = icmp_eq  i10 %or_ln42, i10 0" [../src/sobel.cpp:42->../src/sobel.cpp:157->../src/canny_top.cpp:31]   --->   Operation 117 'icmp' 'icmp_ln42' <Predicate = true> <Delay = 0.78> <CoreInst = "Cmp">   --->   Core 9 'Cmp' <Latency = 0> <II = 1> <Delay = 0.78> <FuncUnit> <Opcode : 'seteq' 'setne' 'setle' 'setge' 'setlt' 'setgt'> <InPorts = 2> <OutPorts = 1>
ST_6 : Operation 118 [1/1] (2.14ns)   --->   "%mul_ln46 = mul i20 %zext_ln154, i20 1000" [../src/sobel.cpp:46->../src/sobel.cpp:157->../src/canny_top.cpp:31]   --->   Operation 118 'mul' 'mul_ln46' <Predicate = true> <Delay = 2.14> <CoreInst = "Multiplier">   --->   Core 3 'Multiplier' <Latency = 0> <II = 1> <Delay = 2.14> <FuncUnit> <Opcode : 'mul'> <InPorts = 2> <OutPorts = 1>

State 7 <SV = 6> <Delay = 3.00>
ST_7 : Operation 119 [1/1] (0.00ns)   --->   "%zext_ln32_1 = zext i10 %absoluteX" [../src/sobel.cpp:32->../src/sobel.cpp:154->../src/canny_top.cpp:31]   --->   Operation 119 'zext' 'zext_ln32_1' <Predicate = true> <Delay = 0.00>
ST_7 : Operation 120 [1/1] (0.00ns)   --->   "%zext_ln46_1 = zext i20 %mul_ln46" [../src/sobel.cpp:46->../src/sobel.cpp:157->../src/canny_top.cpp:31]   --->   Operation 120 'zext' 'zext_ln46_1' <Predicate = true> <Delay = 0.00>
ST_7 : Operation 121 [1/1] (2.11ns)   --->   "%mul_ln46_1 = mul i19 %zext_ln32_1, i19 414" [../src/sobel.cpp:46->../src/sobel.cpp:157->../src/canny_top.cpp:31]   --->   Operation 121 'mul' 'mul_ln46_1' <Predicate = true> <Delay = 2.11> <CoreInst = "Multiplier">   --->   Core 3 'Multiplier' <Latency = 0> <II = 1> <Delay = 2.11> <FuncUnit> <Opcode : 'mul'> <InPorts = 2> <OutPorts = 1>
ST_7 : Operation 122 [1/1] (0.00ns)   --->   "%zext_ln46_2 = zext i19 %mul_ln46_1" [../src/sobel.cpp:46->../src/sobel.cpp:157->../src/canny_top.cpp:31]   --->   Operation 122 'zext' 'zext_ln46_2' <Predicate = true> <Delay = 0.00>
ST_7 : Operation 123 [1/1] (0.89ns)   --->   "%icmp_ln46 = icmp_ugt  i21 %zext_ln46_1, i21 %zext_ln46_2" [../src/sobel.cpp:46->../src/sobel.cpp:157->../src/canny_top.cpp:31]   --->   Operation 123 'icmp' 'icmp_ln46' <Predicate = true> <Delay = 0.89> <CoreInst = "Cmp">   --->   Core 9 'Cmp' <Latency = 0> <II = 1> <Delay = 0.89> <FuncUnit> <Opcode : 'seteq' 'setne' 'setle' 'setge' 'setlt' 'setgt'> <InPorts = 2> <OutPorts = 1>

State 8 <SV = 7> <Delay = 3.62>
ST_8 : Operation 124 [1/1] (0.00ns)   --->   "%zext_ln32 = zext i10 %absoluteX" [../src/sobel.cpp:32->../src/sobel.cpp:154->../src/canny_top.cpp:31]   --->   Operation 124 'zext' 'zext_ln32' <Predicate = true> <Delay = 0.00>
ST_8 : Operation 125 [1/1] (0.00ns)   --->   "%zext_ln46 = zext i20 %mul_ln46" [../src/sobel.cpp:46->../src/sobel.cpp:157->../src/canny_top.cpp:31]   --->   Operation 125 'zext' 'zext_ln46' <Predicate = true> <Delay = 0.00>
ST_8 : Operation 126 [1/1] (2.23ns)   --->   "%mul_ln50 = mul i22 %zext_ln32, i22 2414" [../src/sobel.cpp:50->../src/sobel.cpp:157->../src/canny_top.cpp:31]   --->   Operation 126 'mul' 'mul_ln50' <Predicate = true> <Delay = 2.23> <CoreInst = "Multiplier">   --->   Core 3 'Multiplier' <Latency = 0> <II = 1> <Delay = 2.23> <FuncUnit> <Opcode : 'mul'> <InPorts = 2> <OutPorts = 1>
ST_8 : Operation 127 [1/1] (0.00ns)   --->   "%zext_ln50 = zext i22 %mul_ln50" [../src/sobel.cpp:50->../src/sobel.cpp:157->../src/canny_top.cpp:31]   --->   Operation 127 'zext' 'zext_ln50' <Predicate = true> <Delay = 0.00>
ST_8 : Operation 128 [1/1] (0.91ns)   --->   "%icmp_ln50 = icmp_ult  i23 %zext_ln46, i23 %zext_ln50" [../src/sobel.cpp:50->../src/sobel.cpp:157->../src/canny_top.cpp:31]   --->   Operation 128 'icmp' 'icmp_ln50' <Predicate = true> <Delay = 0.91> <CoreInst = "Cmp">   --->   Core 9 'Cmp' <Latency = 0> <II = 1> <Delay = 0.91> <FuncUnit> <Opcode : 'seteq' 'setne' 'setle' 'setge' 'setlt' 'setgt'> <InPorts = 2> <OutPorts = 1>
ST_8 : Operation 129 [1/1] (0.00ns) (grouped into LUT with out node retval_0_i31_i)   --->   "%or_ln55 = or i11 %gradientY, i11 %gradientX" [../src/sobel.cpp:55->../src/sobel.cpp:157->../src/canny_top.cpp:31]   --->   Operation 129 'or' 'or_ln55' <Predicate = true> <Delay = 0.00> <CoreInst = "LogicGate">   --->   Core 74 'LogicGate' <Latency = 0> <II = 1> <Delay = 0.33> <FuncUnit> <Opcode : 'and' 'or' 'xor'> <InPorts = 2> <OutPorts = 1>
ST_8 : Operation 130 [1/1] (0.00ns) (grouped into LUT with out node retval_0_i31_i)   --->   "%sext_ln56 = sext i11 %or_ln55" [../src/sobel.cpp:56->../src/sobel.cpp:157->../src/canny_top.cpp:31]   --->   Operation 130 'sext' 'sext_ln56' <Predicate = true> <Delay = 0.00>
ST_8 : Operation 131 [1/1] (0.00ns) (grouped into LUT with out node retval_0_i31_i)   --->   "%and_ln56 = and i11 %gradientX, i11 %gradientY" [../src/sobel.cpp:56->../src/sobel.cpp:157->../src/canny_top.cpp:31]   --->   Operation 131 'and' 'and_ln56' <Predicate = true> <Delay = 0.00> <CoreInst = "LogicGate">   --->   Core 74 'LogicGate' <Latency = 0> <II = 1> <Delay = 0.33> <FuncUnit> <Opcode : 'and' 'or' 'xor'> <InPorts = 2> <OutPorts = 1>
ST_8 : Operation 132 [1/1] (0.00ns) (grouped into LUT with out node retval_0_i31_i)   --->   "%sext_ln46 = sext i11 %and_ln56" [../src/sobel.cpp:46->../src/sobel.cpp:157->../src/canny_top.cpp:31]   --->   Operation 132 'sext' 'sext_ln46' <Predicate = true> <Delay = 0.00>
ST_8 : Operation 133 [1/1] (0.00ns) (grouped into LUT with out node retval_0_i31_i)   --->   "%xor_ln46 = xor i1 %icmp_ln46, i1 1" [../src/sobel.cpp:46->../src/sobel.cpp:157->../src/canny_top.cpp:31]   --->   Operation 133 'xor' 'xor_ln46' <Predicate = true> <Delay = 0.00> <CoreInst = "LogicGate">   --->   Core 74 'LogicGate' <Latency = 0> <II = 1> <Delay = 0.28> <FuncUnit> <Opcode : 'and' 'or' 'xor'> <InPorts = 2> <OutPorts = 1>
ST_8 : Operation 134 [1/1] (0.00ns) (grouped into LUT with out node retval_0_i31_i)   --->   "%or_ln46 = or i1 %icmp_ln42, i1 %xor_ln46" [../src/sobel.cpp:46->../src/sobel.cpp:157->../src/canny_top.cpp:31]   --->   Operation 134 'or' 'or_ln46' <Predicate = true> <Delay = 0.00> <CoreInst = "LogicGate">   --->   Core 74 'LogicGate' <Latency = 0> <II = 1> <Delay = 0.28> <FuncUnit> <Opcode : 'and' 'or' 'xor'> <InPorts = 2> <OutPorts = 1>
ST_8 : Operation 135 [1/1] (0.00ns) (grouped into LUT with out node and_ln46)   --->   "%xor_ln42 = xor i1 %icmp_ln42, i1 1" [../src/sobel.cpp:42->../src/sobel.cpp:157->../src/canny_top.cpp:31]   --->   Operation 135 'xor' 'xor_ln42' <Predicate = true> <Delay = 0.00> <CoreInst = "LogicGate">   --->   Core 74 'LogicGate' <Latency = 0> <II = 1> <Delay = 0.28> <FuncUnit> <Opcode : 'and' 'or' 'xor'> <InPorts = 2> <OutPorts = 1>
ST_8 : Operation 136 [1/1] (0.28ns) (out node of the LUT)   --->   "%and_ln46 = and i1 %icmp_ln46, i1 %xor_ln42" [../src/sobel.cpp:46->../src/sobel.cpp:157->../src/canny_top.cpp:31]   --->   Operation 136 'and' 'and_ln46' <Predicate = true> <Delay = 0.28> <CoreInst = "LogicGate">   --->   Core 74 'LogicGate' <Latency = 0> <II = 1> <Delay = 0.28> <FuncUnit> <Opcode : 'and' 'or' 'xor'> <InPorts = 2> <OutPorts = 1>
ST_8 : Operation 137 [1/1] (0.00ns) (grouped into LUT with out node retval_0_i31_i)   --->   "%xor_ln50 = xor i1 %icmp_ln50, i1 1" [../src/sobel.cpp:50->../src/sobel.cpp:157->../src/canny_top.cpp:31]   --->   Operation 137 'xor' 'xor_ln50' <Predicate = true> <Delay = 0.00> <CoreInst = "LogicGate">   --->   Core 74 'LogicGate' <Latency = 0> <II = 1> <Delay = 0.28> <FuncUnit> <Opcode : 'and' 'or' 'xor'> <InPorts = 2> <OutPorts = 1>
ST_8 : Operation 138 [1/1] (0.00ns) (grouped into LUT with out node retval_0_i31_i)   --->   "%and_ln50 = and i1 %and_ln46, i1 %xor_ln50" [../src/sobel.cpp:50->../src/sobel.cpp:157->../src/canny_top.cpp:31]   --->   Operation 138 'and' 'and_ln50' <Predicate = true> <Delay = 0.00> <CoreInst = "LogicGate">   --->   Core 74 'LogicGate' <Latency = 0> <II = 1> <Delay = 0.28> <FuncUnit> <Opcode : 'and' 'or' 'xor'> <InPorts = 2> <OutPorts = 1>
ST_8 : Operation 139 [1/1] (0.00ns) (grouped into LUT with out node retval_0_i31_i)   --->   "%tmp_14 = bitselect i1 @_ssdm_op_BitSelect.i1.i32.i32, i32 %sext_ln56, i32 31" [../src/sobel.cpp:55->../src/sobel.cpp:157->../src/canny_top.cpp:31]   --->   Operation 139 'bitselect' 'tmp_14' <Predicate = true> <Delay = 0.00>
ST_8 : Operation 140 [1/1] (0.00ns) (grouped into LUT with out node retval_0_i31_i)   --->   "%tmp_15 = bitselect i1 @_ssdm_op_BitSelect.i1.i32.i32, i32 %sext_ln46, i32 31" [../src/sobel.cpp:56->../src/sobel.cpp:157->../src/canny_top.cpp:31]   --->   Operation 140 'bitselect' 'tmp_15' <Predicate = true> <Delay = 0.00>
ST_8 : Operation 141 [1/1] (0.00ns) (grouped into LUT with out node retval_0_i31_i)   --->   "%xor_ln56 = xor i1 %tmp_15, i1 1" [../src/sobel.cpp:56->../src/sobel.cpp:157->../src/canny_top.cpp:31]   --->   Operation 141 'xor' 'xor_ln56' <Predicate = true> <Delay = 0.00> <CoreInst = "LogicGate">   --->   Core 74 'LogicGate' <Latency = 0> <II = 1> <Delay = 0.28> <FuncUnit> <Opcode : 'and' 'or' 'xor'> <InPorts = 2> <OutPorts = 1>
ST_8 : Operation 142 [1/1] (0.00ns) (grouped into LUT with out node retval_0_i31_i)   --->   "%and_ln56_1 = and i1 %and_ln46, i1 %icmp_ln50" [../src/sobel.cpp:56->../src/sobel.cpp:157->../src/canny_top.cpp:31]   --->   Operation 142 'and' 'and_ln56_1' <Predicate = true> <Delay = 0.00> <CoreInst = "LogicGate">   --->   Core 74 'LogicGate' <Latency = 0> <II = 1> <Delay = 0.28> <FuncUnit> <Opcode : 'and' 'or' 'xor'> <InPorts = 2> <OutPorts = 1>
ST_8 : Operation 143 [1/1] (0.00ns) (grouped into LUT with out node retval_0_i31_i)   --->   "%and_ln56_2 = and i1 %tmp_14, i1 %xor_ln56" [../src/sobel.cpp:56->../src/sobel.cpp:157->../src/canny_top.cpp:31]   --->   Operation 143 'and' 'and_ln56_2' <Predicate = true> <Delay = 0.00> <CoreInst = "LogicGate">   --->   Core 74 'LogicGate' <Latency = 0> <II = 1> <Delay = 0.28> <FuncUnit> <Opcode : 'and' 'or' 'xor'> <InPorts = 2> <OutPorts = 1>
ST_8 : Operation 144 [1/1] (0.00ns) (grouped into LUT with out node retval_0_i31_i)   --->   "%and_ln56_3 = and i1 %and_ln56_2, i1 %and_ln56_1" [../src/sobel.cpp:56->../src/sobel.cpp:157->../src/canny_top.cpp:31]   --->   Operation 144 'and' 'and_ln56_3' <Predicate = true> <Delay = 0.00> <CoreInst = "LogicGate">   --->   Core 74 'LogicGate' <Latency = 0> <II = 1> <Delay = 0.28> <FuncUnit> <Opcode : 'and' 'or' 'xor'> <InPorts = 2> <OutPorts = 1>
ST_8 : Operation 145 [1/1] (0.00ns) (grouped into LUT with out node retval_0_i31_i)   --->   "%sel_tmp = bitconcatenate i3 @_ssdm_op_BitConcatenate.i3.i1.i1.i1, i1 %or_ln46, i1 %and_ln50, i1 %and_ln56_3" [../src/sobel.cpp:46->../src/sobel.cpp:157->../src/canny_top.cpp:31]   --->   Operation 145 'bitconcatenate' 'sel_tmp' <Predicate = true> <Delay = 0.00>
ST_8 : Operation 146 [1/1] (0.47ns) (out node of the LUT)   --->   "%retval_0_i31_i = sparsemux i2 @_ssdm_op_SparseMux.ap_auto.4i2.i2.i3, i3 4, i2 0, i3 2, i2 2, i3 1, i2 3, i3 0, i2 1, i2 0, i3 %sel_tmp" [../src/sobel.cpp:46->../src/sobel.cpp:157->../src/canny_top.cpp:31]   --->   Operation 146 'sparsemux' 'retval_0_i31_i' <Predicate = true> <Delay = 0.47> <CoreInst = "OneHotSparseMux_HasDef">   --->   Core 152 'OneHotSparseMux_HasDef' <Latency = 0> <II = 1> <Delay = 0.47> <FuncUnit> <Opcode : 'sparsemux'> <InPorts = 2> <OutPorts = 1>

State 9 <SV = 8> <Delay = 1.23>
ST_9 : Operation 147 [1/1] (0.00ns)   --->   "%specpipeline_ln116 = specpipeline void @_ssdm_op_SpecPipeline, i32 4294967295, i32 0, i32 0, i32 0, i32 4294967295, void @empty" [../src/sobel.cpp:116->../src/canny_top.cpp:31]   --->   Operation 147 'specpipeline' 'specpipeline_ln116' <Predicate = true> <Delay = 0.00>
ST_9 : Operation 148 [1/1] (0.00ns)   --->   "%speclooptripcount_ln116 = speclooptripcount void @_ssdm_op_SpecLoopTripCount, i64 512, i64 512, i64 512" [../src/sobel.cpp:116->../src/canny_top.cpp:31]   --->   Operation 148 'speclooptripcount' 'speclooptripcount_ln116' <Predicate = true> <Delay = 0.00>
ST_9 : Operation 149 [1/1] (0.00ns)   --->   "%specloopname_ln116 = specloopname void @_ssdm_op_SpecLoopName, void @empty_22" [../src/sobel.cpp:116->../src/canny_top.cpp:31]   --->   Operation 149 'specloopname' 'specloopname_ln116' <Predicate = true> <Delay = 0.00>
ST_9 : Operation 150 [1/1] (0.00ns)   --->   "%out_sobel_direction_addr = getelementptr i2 %out_sobel_direction, i64 0, i64 %zext_ln116" [../src/sobel.cpp:156->../src/canny_top.cpp:31]   --->   Operation 150 'getelementptr' 'out_sobel_direction_addr' <Predicate = true> <Delay = 0.00>
ST_9 : Operation 151 [1/1] ( I:1.23ns O:1.23ns )   --->   "%store_ln156 = store i2 %retval_0_i31_i, i9 %out_sobel_direction_addr" [../src/sobel.cpp:156->../src/canny_top.cpp:31]   --->   Operation 151 'store' 'store_ln156' <Predicate = true> <Delay = 1.23> <CoreInst = "RAM">   --->   Core 82 'RAM' <Latency = 1> <II = 1> <Delay = 1.23> <Storage> <Opcode : 'load' 'store'> <Ports = 2> <Width = 2> <Depth = 512> <RAM>
ST_9 : Operation 152 [1/1] (0.00ns)   --->   "%br_ln116 = br void %VITIS_LOOP_120_3.i" [../src/sobel.cpp:116->../src/canny_top.cpp:31]   --->   Operation 152 'br' 'br_ln116' <Predicate = true> <Delay = 0.00>


============================================================
+ Verbose Summary: Timing violations
============================================================
Target clock period: 5.000ns, clock uncertainty: 1.350ns.

 <State 1>: 2.838ns
The critical path consists of the following:
	'store' operation ('store_ln116', ../src/sobel.cpp:116->../src/canny_top.cpp:31) of constant 0 10 bit on local variable 'column', ../src/sobel.cpp:116->../src/canny_top.cpp:31 [11]  (0.427 ns)
	'load' operation 10 bit ('column', ../src/sobel.cpp:116->../src/canny_top.cpp:31) on local variable 'column', ../src/sobel.cpp:116->../src/canny_top.cpp:31 [14]  (0.000 ns)
	'add' operation 10 bit ('v', ../src/sobel.cpp:138->../src/canny_top.cpp:31) [25]  (0.776 ns)
	'select' operation 9 bit ('sourceColumn', ../src/sobel.cpp:65->../src/sobel.cpp:138->../src/canny_top.cpp:31) [28]  (0.398 ns)
	'getelementptr' operation 11 bit ('lineBuffer_addr', ../src/sobel.cpp:141->../src/canny_top.cpp:31) [31]  (0.000 ns)
	'load' operation 8 bit ('pixel', ../src/sobel.cpp:141->../src/canny_top.cpp:31) on array 'lineBuffer' [38]  (1.237 ns)

 <State 2>: 1.237ns
The critical path consists of the following:
	'load' operation 8 bit ('pixel', ../src/sobel.cpp:141->../src/canny_top.cpp:31) on array 'lineBuffer' [38]  (1.237 ns)

 <State 3>: 1.237ns
The critical path consists of the following:
	'load' operation 8 bit ('lineBuffer_load', ../src/sobel.cpp:141->../src/canny_top.cpp:31) on array 'lineBuffer' [46]  (1.237 ns)

 <State 4>: 2.002ns
The critical path consists of the following:
	'load' operation 8 bit ('lineBuffer_load_3', ../src/sobel.cpp:141->../src/canny_top.cpp:31) on array 'lineBuffer' [65]  (1.237 ns)
	'sub' operation 9 bit ('tmp', ../src/sobel.cpp:64->../src/sobel.cpp:125->../src/canny_top.cpp:31) [71]  (0.765 ns)

 <State 5>: 2.984ns
The critical path consists of the following:
	'load' operation 8 bit ('pixel', ../src/sobel.cpp:141->../src/canny_top.cpp:31) on array 'lineBuffer' [83]  (1.237 ns)
	'add' operation 10 bit ('add_ln143', ../src/sobel.cpp:143->../src/canny_top.cpp:31) [85]  (0.960 ns)
	'add' operation 10 bit ('add_ln143_1', ../src/sobel.cpp:143->../src/canny_top.cpp:31) [87]  (0.787 ns)

 <State 6>: 3.330ns
The critical path consists of the following:
	'sub' operation 10 bit ('sub_ln32_1', ../src/sobel.cpp:32->../src/sobel.cpp:154->../src/canny_top.cpp:31) [101]  (0.787 ns)
	'select' operation 10 bit ('absoluteY', ../src/sobel.cpp:32->../src/sobel.cpp:154->../src/canny_top.cpp:31) [102]  (0.403 ns)
	'mul' operation 20 bit ('mul_ln46', ../src/sobel.cpp:46->../src/sobel.cpp:157->../src/canny_top.cpp:31) [111]  (2.140 ns)

 <State 7>: 3.004ns
The critical path consists of the following:
	'mul' operation 19 bit ('mul_ln46_1', ../src/sobel.cpp:46->../src/sobel.cpp:157->../src/canny_top.cpp:31) [114]  (2.110 ns)
	'icmp' operation 1 bit ('icmp_ln46', ../src/sobel.cpp:46->../src/sobel.cpp:157->../src/canny_top.cpp:31) [116]  (0.894 ns)

 <State 8>: 3.626ns
The critical path consists of the following:
	'mul' operation 22 bit ('mul_ln50', ../src/sobel.cpp:50->../src/sobel.cpp:157->../src/canny_top.cpp:31) [117]  (2.236 ns)
	'icmp' operation 1 bit ('icmp_ln50', ../src/sobel.cpp:50->../src/sobel.cpp:157->../src/canny_top.cpp:31) [119]  (0.914 ns)
	'xor' operation 1 bit ('xor_ln50', ../src/sobel.cpp:50->../src/sobel.cpp:157->../src/canny_top.cpp:31) [128]  (0.000 ns)
	'and' operation 1 bit ('and_ln50', ../src/sobel.cpp:50->../src/sobel.cpp:157->../src/canny_top.cpp:31) [129]  (0.000 ns)
	'sparsemux' operation 2 bit ('retval_0_i31_i', ../src/sobel.cpp:46->../src/sobel.cpp:157->../src/canny_top.cpp:31) [137]  (0.476 ns)

 <State 9>: 1.237ns
The critical path consists of the following:
	'getelementptr' operation 9 bit ('out_sobel_direction_addr', ../src/sobel.cpp:156->../src/canny_top.cpp:31) [138]  (0.000 ns)
	'store' operation ('store_ln156', ../src/sobel.cpp:156->../src/canny_top.cpp:31) of variable 'retval_0_i31_i', ../src/sobel.cpp:46->../src/sobel.cpp:157->../src/canny_top.cpp:31 2 bit on array 'out_sobel_direction' [139]  (1.237 ns)


============================================================
+ Verbose Summary: Binding
============================================================
N/A
* FSMD analyzer results:
  - Output states:
 - Input state : 
  - Chain level:
	State 1
	State 2
	State 3
	State 4
	State 5
	State 6
	State 7
	State 8
	State 9


============================================================
+ Verbose Summary: Datapath Resource usage 
============================================================
N/A
