

================================================================
== Vitis HLS Report for 'sobel_Pipeline_VITIS_LOOP_155_5'
================================================================
* Date:           Wed Jul 29 23:33:08 2026

* Version:        2025.2 (Build 6295257 on Nov 14 2025)
* Project:        canny_top
* Solution:       hls (Vitis Kernel Flow Target)
* Product family: zynquplus
* Target device:  xck26-sfvc784-2LV-c


================================================================
== Performance Estimates
================================================================
+ Timing: 
    * Summary: 
    +--------+---------+----------+------------+
    |  Clock |  Target | Estimated| Uncertainty|
    +--------+---------+----------+------------+
    |ap_clk  |  5.00 ns|  3.645 ns|     1.35 ns|
    +--------+---------+----------+------------+

+ Latency: 
    * Summary: 
    +---------+---------+----------+----------+-----+-----+-------------------+
    |  Latency (cycles) |  Latency (absolute) |  Interval |      Pipeline     |
    |   min   |   max   |    min   |    max   | min | max |        Type       |
    +---------+---------+----------+----------+-----+-----+-------------------+
    |      516|      516|  2.580 us|  2.580 us|    0|    0|  loop pipeline stp|
    +---------+---------+----------+----------+-----+-----+-------------------+

    + Detail: 
        * Instance: 
        N/A

        * Loop: 
        +--------------------+---------+---------+----------+-----------+-----------+------+----------+
        |                    |  Latency (cycles) | Iteration|  Initiation Interval  | Trip |          |
        |      Loop Name     |   min   |   max   |  Latency |  achieved |   target  | Count| Pipelined|
        +--------------------+---------+---------+----------+-----------+-----------+------+----------+
        |- VITIS_LOOP_155_5  |      514|      514|         4|          1|          1|   512|       yes|
        +--------------------+---------+---------+----------+-----------+-----------+------+----------+

============================================================
+ Verbose Summary: Synthesis Manager
============================================================
InlineROM: 1
ExposeGlobal: 0
============================================================
+ Verbose Summary: CDFG Model
============================================================
IsTopModel: 0
ResetActiveHigh: 1
IsCombinational: 0
IsDatapathOnly: 0
HasWiredReturn: 1
HasMFsm: 2
HasVarLatency: 1
IsPipeline: 0
IsRtlPipelined: 0
IsInstanceOverlapped: 0
IsDontTouch: 0
HasImplIP: 0
IsGatedGlobalClock: 0

+ Individual pipeline summary: 
  * Pipeline-0: initiation interval (II) = 1, depth = 4


============================================================
+ Verbose Summary: Schedule
============================================================
* Number of FSM states : 4
* Pipeline : 1
  Pipeline-0 : II = 1, D = 4, States = { 1 2 3 4 }
* Dataflow Pipeline: 0

* FSM state transitions: 
1 --> 2 
2 --> 3 
3 --> 4 
4 --> 

* FSM state operations: 

State 1 <SV = 0> <Delay = 2.83>
ST_1 : Operation 7 [1/1] (0.00ns)   --->   "%pixel = alloca i32 1" [../src/sobel.cpp:171->../src/canny_top.cpp:31]   --->   Operation 7 'alloca' 'pixel' <Predicate = true> <Delay = 0.00>
ST_1 : Operation 8 [1/1] (0.00ns)   --->   "%empty = alloca i32 1"   --->   Operation 8 'alloca' 'empty' <Predicate = true> <Delay = 0.00>
ST_1 : Operation 9 [1/1] (0.00ns)   --->   "%empty_34 = alloca i32 1"   --->   Operation 9 'alloca' 'empty_34' <Predicate = true> <Delay = 0.00>
ST_1 : Operation 10 [1/1] (0.00ns)   --->   "%pixel_2 = alloca i32 1" [../src/sobel.cpp:171->../src/canny_top.cpp:31]   --->   Operation 10 'alloca' 'pixel_2' <Predicate = true> <Delay = 0.00>
ST_1 : Operation 11 [1/1] (0.00ns)   --->   "%column = alloca i32 1" [../src/sobel.cpp:155->../src/canny_top.cpp:31]   --->   Operation 11 'alloca' 'column' <Predicate = true> <Delay = 0.00>
ST_1 : Operation 12 [1/1] (0.00ns)   --->   "%empty_35 = alloca i32 1"   --->   Operation 12 'alloca' 'empty_35' <Predicate = true> <Delay = 0.00>
ST_1 : Operation 13 [1/1] (0.00ns)   --->   "%pixel_1 = alloca i32 1" [../src/sobel.cpp:171->../src/canny_top.cpp:31]   --->   Operation 13 'alloca' 'pixel_1' <Predicate = true> <Delay = 0.00>
ST_1 : Operation 14 [1/1] (0.00ns)   --->   "%empty_36 = alloca i32 1"   --->   Operation 14 'alloca' 'empty_36' <Predicate = true> <Delay = 0.00>
ST_1 : Operation 15 [1/1] (0.00ns)   --->   "%pixel_3 = alloca i32 1" [../src/sobel.cpp:171->../src/canny_top.cpp:31]   --->   Operation 15 'alloca' 'pixel_3' <Predicate = true> <Delay = 0.00>
ST_1 : Operation 16 [1/1] (0.00ns)   --->   "%empty_37 = alloca i32 1"   --->   Operation 16 'alloca' 'empty_37' <Predicate = true> <Delay = 0.00>
ST_1 : Operation 17 [1/1] (0.00ns)   --->   "%result_2_read = read i2 @_ssdm_op_Read.ap_auto.i2, i2 %result_2"   --->   Operation 17 'read' 'result_2_read' <Predicate = true> <Delay = 0.00>
ST_1 : Operation 18 [1/1] (0.00ns)   --->   "%result_1_read = read i2 @_ssdm_op_Read.ap_auto.i2, i2 %result_1"   --->   Operation 18 'read' 'result_1_read' <Predicate = true> <Delay = 0.00>
ST_1 : Operation 19 [1/1] (0.00ns)   --->   "%result_read = read i2 @_ssdm_op_Read.ap_auto.i2, i2 %result"   --->   Operation 19 'read' 'result_read' <Predicate = true> <Delay = 0.00>
ST_1 : Operation 20 [1/1] (0.00ns)   --->   "%tmp_1_read = read i8 @_ssdm_op_Read.ap_auto.i8, i8 %tmp_1"   --->   Operation 20 'read' 'tmp_1_read' <Predicate = true> <Delay = 0.00>
ST_1 : Operation 21 [1/1] (0.00ns)   --->   "%tmp_4_read = read i8 @_ssdm_op_Read.ap_auto.i8, i8 %tmp_4"   --->   Operation 21 'read' 'tmp_4_read' <Predicate = true> <Delay = 0.00>
ST_1 : Operation 22 [1/1] (0.00ns)   --->   "%tmp_5_read = read i8 @_ssdm_op_Read.ap_auto.i8, i8 %tmp_5"   --->   Operation 22 'read' 'tmp_5_read' <Predicate = true> <Delay = 0.00>
ST_1 : Operation 23 [1/1] (0.00ns)   --->   "%tmp_3_read = read i8 @_ssdm_op_Read.ap_auto.i8, i8 %tmp_3"   --->   Operation 23 'read' 'tmp_3_read' <Predicate = true> <Delay = 0.00>
ST_1 : Operation 24 [1/1] (0.00ns)   --->   "%tmp_6_read = read i8 @_ssdm_op_Read.ap_auto.i8, i8 %tmp_6"   --->   Operation 24 'read' 'tmp_6_read' <Predicate = true> <Delay = 0.00>
ST_1 : Operation 25 [1/1] (0.00ns)   --->   "%tmp_2_read = read i8 @_ssdm_op_Read.ap_auto.i8, i8 %tmp_2"   --->   Operation 25 'read' 'tmp_2_read' <Predicate = true> <Delay = 0.00>
ST_1 : Operation 26 [1/1] (0.42ns)   --->   "%store_ln0 = store i8 %tmp_2_read, i8 %empty_37"   --->   Operation 26 'store' 'store_ln0' <Predicate = true> <Delay = 0.42>
ST_1 : Operation 27 [1/1] (0.42ns)   --->   "%store_ln171 = store i8 %tmp_6_read, i8 %pixel_3" [../src/sobel.cpp:171->../src/canny_top.cpp:31]   --->   Operation 27 'store' 'store_ln171' <Predicate = true> <Delay = 0.42>
ST_1 : Operation 28 [1/1] (0.42ns)   --->   "%store_ln0 = store i8 %tmp_3_read, i8 %empty_36"   --->   Operation 28 'store' 'store_ln0' <Predicate = true> <Delay = 0.42>
ST_1 : Operation 29 [1/1] (0.42ns)   --->   "%store_ln171 = store i8 %tmp_4_read, i8 %pixel_1" [../src/sobel.cpp:171->../src/canny_top.cpp:31]   --->   Operation 29 'store' 'store_ln171' <Predicate = true> <Delay = 0.42>
ST_1 : Operation 30 [1/1] (0.42ns)   --->   "%store_ln0 = store i8 %tmp_1_read, i8 %empty_35"   --->   Operation 30 'store' 'store_ln0' <Predicate = true> <Delay = 0.42>
ST_1 : Operation 31 [1/1] (0.42ns)   --->   "%store_ln155 = store i10 0, i10 %column" [../src/sobel.cpp:155->../src/canny_top.cpp:31]   --->   Operation 31 'store' 'store_ln155' <Predicate = true> <Delay = 0.42>
ST_1 : Operation 32 [1/1] (0.42ns)   --->   "%store_ln171 = store i8 %tmp_3_read, i8 %pixel_2" [../src/sobel.cpp:171->../src/canny_top.cpp:31]   --->   Operation 32 'store' 'store_ln171' <Predicate = true> <Delay = 0.42>
ST_1 : Operation 33 [1/1] (0.42ns)   --->   "%store_ln0 = store i8 %tmp_5_read, i8 %empty_34"   --->   Operation 33 'store' 'store_ln0' <Predicate = true> <Delay = 0.42>
ST_1 : Operation 34 [1/1] (0.42ns)   --->   "%store_ln0 = store i8 %tmp_2_read, i8 %empty"   --->   Operation 34 'store' 'store_ln0' <Predicate = true> <Delay = 0.42>
ST_1 : Operation 35 [1/1] (0.42ns)   --->   "%store_ln171 = store i8 %tmp_1_read, i8 %pixel" [../src/sobel.cpp:171->../src/canny_top.cpp:31]   --->   Operation 35 'store' 'store_ln171' <Predicate = true> <Delay = 0.42>
ST_1 : Operation 36 [1/1] (0.00ns)   --->   "%br_ln0 = br void %VITIS_LOOP_161_6.i"   --->   Operation 36 'br' 'br_ln0' <Predicate = true> <Delay = 0.00>
ST_1 : Operation 37 [1/1] (0.00ns)   --->   "%column_1 = load i10 %column" [../src/sobel.cpp:155->../src/canny_top.cpp:31]   --->   Operation 37 'load' 'column_1' <Predicate = true> <Delay = 0.00>
ST_1 : Operation 38 [1/1] (0.78ns)   --->   "%icmp_ln155 = icmp_eq  i10 %column_1, i10 512" [../src/sobel.cpp:155->../src/canny_top.cpp:31]   --->   Operation 38 'icmp' 'icmp_ln155' <Predicate = true> <Delay = 0.78> <CoreInst = "Cmp">   --->   Core 9 'Cmp' <Latency = 0> <II = 1> <Delay = 0.78> <FuncUnit> <Opcode : 'seteq' 'setne' 'setle' 'setge' 'setlt' 'setgt'> <InPorts = 2> <OutPorts = 1>
ST_1 : Operation 39 [1/1] (0.78ns)   --->   "%add_ln155 = add i10 %column_1, i10 1" [../src/sobel.cpp:155->../src/canny_top.cpp:31]   --->   Operation 39 'add' 'add_ln155' <Predicate = true> <Delay = 0.78> <CoreInst = "Adder">   --->   Core 1 'Adder' <Latency = 0> <II = 1> <Delay = 0.78> <FuncUnit> <Opcode : 'add' 'sub'> <InPorts = 2> <OutPorts = 1>
ST_1 : Operation 40 [1/1] (0.00ns)   --->   "%br_ln155 = br i1 %icmp_ln155, void %VITIS_LOOP_161_6.split.i_ifconv, void %_Z5sobelPKhP13GradientPixelbPb.2.exit.loopexit.exitStub" [../src/sobel.cpp:155->../src/canny_top.cpp:31]   --->   Operation 40 'br' 'br_ln155' <Predicate = true> <Delay = 0.00>
ST_1 : Operation 41 [1/1] (0.00ns)   --->   "%trunc_ln194 = trunc i10 %column_1" [../src/sobel.cpp:194->../src/canny_top.cpp:31]   --->   Operation 41 'trunc' 'trunc_ln194' <Predicate = (!icmp_ln155)> <Delay = 0.00>
ST_1 : Operation 42 [1/1] (0.00ns)   --->   "%zext_ln194 = zext i9 %trunc_ln194" [../src/sobel.cpp:194->../src/canny_top.cpp:31]   --->   Operation 42 'zext' 'zext_ln194' <Predicate = (!icmp_ln155)> <Delay = 0.00>
ST_1 : Operation 43 [1/1] (0.77ns)   --->   "%add_ln194 = add i10 %zext_ln194, i10 2" [../src/sobel.cpp:194->../src/canny_top.cpp:31]   --->   Operation 43 'add' 'add_ln194' <Predicate = (!icmp_ln155)> <Delay = 0.77> <CoreInst = "Adder">   --->   Core 1 'Adder' <Latency = 0> <II = 1> <Delay = 0.77> <FuncUnit> <Opcode : 'add' 'sub'> <InPorts = 2> <OutPorts = 1>
ST_1 : Operation 44 [1/1] (0.00ns)   --->   "%trunc_ln64 = trunc i10 %add_ln194" [../src/sobel.cpp:64->../src/sobel.cpp:194->../src/canny_top.cpp:31]   --->   Operation 44 'trunc' 'trunc_ln64' <Predicate = (!icmp_ln155)> <Delay = 0.00>
ST_1 : Operation 45 [1/1] (0.00ns)   --->   "%tmp_15 = bitselect i1 @_ssdm_op_BitSelect.i1.i10.i32, i10 %add_ln194, i32 9" [../src/sobel.cpp:67->../src/sobel.cpp:194->../src/canny_top.cpp:31]   --->   Operation 45 'bitselect' 'tmp_15' <Predicate = (!icmp_ln155)> <Delay = 0.00>
ST_1 : Operation 46 [1/1] (0.39ns)   --->   "%nextColumn = select i1 %tmp_15, i9 511, i9 %trunc_ln64" [../src/sobel.cpp:65->../src/sobel.cpp:194->../src/canny_top.cpp:31]   --->   Operation 46 'select' 'nextColumn' <Predicate = (!icmp_ln155)> <Delay = 0.39> <CoreInst = "Sel">   --->   Core 73 'Sel' <Latency = 0> <II = 1> <Delay = 0.39> <FuncUnit> <Opcode : 'select'> <InPorts = 3> <OutPorts = 1>
ST_1 : Operation 47 [1/1] (0.00ns)   --->   "%zext_ln201 = zext i9 %nextColumn" [../src/sobel.cpp:201->../src/canny_top.cpp:31]   --->   Operation 47 'zext' 'zext_ln201' <Predicate = (!icmp_ln155)> <Delay = 0.00>
ST_1 : Operation 48 [1/1] (0.00ns)   --->   "%p_anonymous_namespace_lineBuffer_32_0_addr = getelementptr i8 %p_anonymous_namespace_lineBuffer_32_0, i64 0, i64 %zext_ln201" [../src/sobel.cpp:201->../src/canny_top.cpp:31]   --->   Operation 48 'getelementptr' 'p_anonymous_namespace_lineBuffer_32_0_addr' <Predicate = (!icmp_ln155)> <Delay = 0.00>
ST_1 : Operation 49 [2/2] (1.23ns)   --->   "%banked = load i9 %p_anonymous_namespace_lineBuffer_32_0_addr" [../src/sobel.cpp:201->../src/canny_top.cpp:31]   --->   Operation 49 'load' 'banked' <Predicate = (!icmp_ln155)> <Delay = 1.23> <CoreInst = "RAM">   --->   Core 82 'RAM' <Latency = 1> <II = 1> <Delay = 1.23> <Storage> <Opcode : 'load' 'store'> <Ports = 2> <Width = 8> <Depth = 512> <RAM>
ST_1 : Operation 50 [1/1] (0.00ns)   --->   "%p_anonymous_namespace_lineBuffer_32_1_addr = getelementptr i8 %p_anonymous_namespace_lineBuffer_32_1, i64 0, i64 %zext_ln201" [../src/sobel.cpp:201->../src/canny_top.cpp:31]   --->   Operation 50 'getelementptr' 'p_anonymous_namespace_lineBuffer_32_1_addr' <Predicate = (!icmp_ln155)> <Delay = 0.00>
ST_1 : Operation 51 [1/1] (0.00ns)   --->   "%p_anonymous_namespace_lineBuffer_32_2_addr = getelementptr i8 %p_anonymous_namespace_lineBuffer_32_2, i64 0, i64 %zext_ln201" [../src/sobel.cpp:201->../src/canny_top.cpp:31]   --->   Operation 51 'getelementptr' 'p_anonymous_namespace_lineBuffer_32_2_addr' <Predicate = (!icmp_ln155)> <Delay = 0.00>
ST_1 : Operation 52 [2/2] (1.23ns)   --->   "%banked_1 = load i9 %p_anonymous_namespace_lineBuffer_32_1_addr" [../src/sobel.cpp:201->../src/canny_top.cpp:31]   --->   Operation 52 'load' 'banked_1' <Predicate = (!icmp_ln155)> <Delay = 1.23> <CoreInst = "RAM">   --->   Core 82 'RAM' <Latency = 1> <II = 1> <Delay = 1.23> <Storage> <Opcode : 'load' 'store'> <Ports = 2> <Width = 8> <Depth = 512> <RAM>
ST_1 : Operation 53 [2/2] (1.23ns)   --->   "%banked_2 = load i9 %p_anonymous_namespace_lineBuffer_32_2_addr" [../src/sobel.cpp:201->../src/canny_top.cpp:31]   --->   Operation 53 'load' 'banked_2' <Predicate = (!icmp_ln155)> <Delay = 1.23> <CoreInst = "RAM">   --->   Core 82 'RAM' <Latency = 1> <II = 1> <Delay = 1.23> <Storage> <Opcode : 'load' 'store'> <Ports = 2> <Width = 8> <Depth = 512> <RAM>
ST_1 : Operation 54 [1/1] (0.42ns)   --->   "%store_ln155 = store i10 %add_ln155, i10 %column" [../src/sobel.cpp:155->../src/canny_top.cpp:31]   --->   Operation 54 'store' 'store_ln155' <Predicate = (!icmp_ln155)> <Delay = 0.42>

State 2 <SV = 1> <Delay = 3.64>
ST_2 : Operation 55 [1/1] (0.00ns)   --->   "%p_load43 = load i8 %empty_35" [../src/sobel.cpp:172->../src/canny_top.cpp:31]   --->   Operation 55 'load' 'p_load43' <Predicate = true> <Delay = 0.00>
ST_2 : Operation 56 [1/1] (0.00ns)   --->   "%pixel_4 = load i8 %pixel_1" [../src/sobel.cpp:171->../src/canny_top.cpp:31]   --->   Operation 56 'load' 'pixel_4' <Predicate = true> <Delay = 0.00>
ST_2 : Operation 57 [1/1] (0.00ns)   --->   "%p_load42 = load i8 %empty_36"   --->   Operation 57 'load' 'p_load42' <Predicate = true> <Delay = 0.00>
ST_2 : Operation 58 [1/1] (0.00ns)   --->   "%pixel_5 = load i8 %pixel_3" [../src/sobel.cpp:171->../src/canny_top.cpp:31]   --->   Operation 58 'load' 'pixel_5' <Predicate = true> <Delay = 0.00>
ST_2 : Operation 59 [1/1] (0.00ns)   --->   "%p_load = load i8 %empty_37"   --->   Operation 59 'load' 'p_load' <Predicate = true> <Delay = 0.00>
ST_2 : Operation 60 [1/1] (0.00ns)   --->   "%pixel_load = load i8 %pixel" [../src/sobel.cpp:171->../src/canny_top.cpp:31]   --->   Operation 60 'load' 'pixel_load' <Predicate = (!icmp_ln155)> <Delay = 0.00>
ST_2 : Operation 61 [1/1] (0.00ns)   --->   "%p_load45 = load i8 %empty"   --->   Operation 61 'load' 'p_load45' <Predicate = (!icmp_ln155)> <Delay = 0.00>
ST_2 : Operation 62 [1/1] (0.00ns)   --->   "%p_load44 = load i8 %empty_34"   --->   Operation 62 'load' 'p_load44' <Predicate = (!icmp_ln155)> <Delay = 0.00>
ST_2 : Operation 63 [1/1] (0.00ns)   --->   "%pixel_2_load = load i8 %pixel_2" [../src/sobel.cpp:171->../src/canny_top.cpp:31]   --->   Operation 63 'load' 'pixel_2_load' <Predicate = (!icmp_ln155)> <Delay = 0.00>
ST_2 : Operation 64 [1/1] (0.00ns)   --->   "%zext_ln171_4 = zext i8 %pixel_load" [../src/sobel.cpp:171->../src/canny_top.cpp:31]   --->   Operation 64 'zext' 'zext_ln171_4' <Predicate = (!icmp_ln155)> <Delay = 0.00>
ST_2 : Operation 65 [1/1] (0.00ns)   --->   "%zext_ln171 = zext i8 %pixel_load" [../src/sobel.cpp:171->../src/canny_top.cpp:31]   --->   Operation 65 'zext' 'zext_ln171' <Predicate = (!icmp_ln155)> <Delay = 0.00>
ST_2 : Operation 66 [1/1] (0.00ns)   --->   "%zext_ln172 = zext i8 %p_load43" [../src/sobel.cpp:172->../src/canny_top.cpp:31]   --->   Operation 66 'zext' 'zext_ln172' <Predicate = (!icmp_ln155)> <Delay = 0.00>
ST_2 : Operation 67 [1/1] (0.00ns)   --->   "%zext_ln171_1 = zext i8 %pixel_4" [../src/sobel.cpp:171->../src/canny_top.cpp:31]   --->   Operation 67 'zext' 'zext_ln171_1' <Predicate = (!icmp_ln155)> <Delay = 0.00>
ST_2 : Operation 68 [1/1] (0.00ns)   --->   "%p_cast2 = zext i8 %p_load45"   --->   Operation 68 'zext' 'p_cast2' <Predicate = (!icmp_ln155)> <Delay = 0.00>
ST_2 : Operation 69 [1/1] (0.00ns)   --->   "%zext_ln172_1 = zext i8 %p_load44" [../src/sobel.cpp:172->../src/canny_top.cpp:31]   --->   Operation 69 'zext' 'zext_ln172_1' <Predicate = (!icmp_ln155)> <Delay = 0.00>
ST_2 : Operation 70 [1/1] (0.00ns)   --->   "%zext_ln171_2 = zext i8 %pixel_2_load" [../src/sobel.cpp:171->../src/canny_top.cpp:31]   --->   Operation 70 'zext' 'zext_ln171_2' <Predicate = (!icmp_ln155)> <Delay = 0.00>
ST_2 : Operation 71 [1/1] (0.76ns)   --->   "%tmp = sub i9 %zext_ln172_1, i9 %p_cast2" [../src/sobel.cpp:172->../src/canny_top.cpp:31]   --->   Operation 71 'sub' 'tmp' <Predicate = (!icmp_ln155)> <Delay = 0.76> <CoreInst = "Adder">   --->   Core 1 'Adder' <Latency = 0> <II = 1> <Delay = 0.76> <FuncUnit> <Opcode : 'add' 'sub'> <InPorts = 2> <OutPorts = 1>
ST_2 : Operation 72 [1/1] (0.00ns)   --->   "%tmp_s = bitconcatenate i10 @_ssdm_op_BitConcatenate.i10.i9.i1, i9 %tmp, i1 0" [../src/sobel.cpp:172->../src/canny_top.cpp:31]   --->   Operation 72 'bitconcatenate' 'tmp_s' <Predicate = (!icmp_ln155)> <Delay = 0.00>
ST_2 : Operation 73 [1/1] (0.00ns)   --->   "%sext_ln158 = sext i10 %tmp_s" [../src/sobel.cpp:158->../src/canny_top.cpp:31]   --->   Operation 73 'sext' 'sext_ln158' <Predicate = (!icmp_ln155)> <Delay = 0.00>
ST_2 : Operation 74 [1/1] (0.00ns)   --->   "%p_cast3 = zext i8 %p_load42"   --->   Operation 74 'zext' 'p_cast3' <Predicate = (!icmp_ln155)> <Delay = 0.00>
ST_2 : Operation 75 [1/1] (0.76ns)   --->   "%tmp3 = sub i9 %p_cast3, i9 %zext_ln172" [../src/sobel.cpp:172->../src/canny_top.cpp:31]   --->   Operation 75 'sub' 'tmp3' <Predicate = (!icmp_ln155)> <Delay = 0.76> <CoreInst = "Adder">   --->   Core 1 'Adder' <Latency = 0> <II = 1> <Delay = 0.76> <FuncUnit> <Opcode : 'add' 'sub'> <InPorts = 2> <OutPorts = 1>
ST_2 : Operation 76 [1/1] (0.00ns)   --->   "%tmp_10 = bitconcatenate i10 @_ssdm_op_BitConcatenate.i10.i9.i1, i9 %tmp3, i1 0" [../src/sobel.cpp:172->../src/canny_top.cpp:31]   --->   Operation 76 'bitconcatenate' 'tmp_10' <Predicate = (!icmp_ln155)> <Delay = 0.00>
ST_2 : Operation 77 [1/1] (0.00ns)   --->   "%sext_ln159 = sext i10 %tmp_10" [../src/sobel.cpp:159->../src/canny_top.cpp:31]   --->   Operation 77 'sext' 'sext_ln159' <Predicate = (!icmp_ln155)> <Delay = 0.00>
ST_2 : Operation 78 [1/1] (0.00ns)   --->   "%zext_ln171_3 = zext i8 %pixel_5" [../src/sobel.cpp:171->../src/canny_top.cpp:31]   --->   Operation 78 'zext' 'zext_ln171_3' <Predicate = (!icmp_ln155)> <Delay = 0.00>
ST_2 : Operation 79 [1/1] (0.76ns)   --->   "%sub_ln174 = sub i9 %zext_ln171_3, i9 %zext_ln171_2" [../src/sobel.cpp:174->../src/canny_top.cpp:31]   --->   Operation 79 'sub' 'sub_ln174' <Predicate = (!icmp_ln155)> <Delay = 0.76> <CoreInst = "Adder">   --->   Core 1 'Adder' <Latency = 0> <II = 1> <Delay = 0.76> <FuncUnit> <Opcode : 'add' 'sub'> <InPorts = 2> <OutPorts = 1>
ST_2 : Operation 80 [1/1] (0.00ns)   --->   "%sext_ln174 = sext i9 %sub_ln174" [../src/sobel.cpp:174->../src/canny_top.cpp:31]   --->   Operation 80 'sext' 'sext_ln174' <Predicate = (!icmp_ln155)> <Delay = 0.00>
ST_2 : Operation 81 [1/1] (0.77ns)   --->   "%add_ln174 = add i10 %sext_ln174, i10 %zext_ln171_1" [../src/sobel.cpp:174->../src/canny_top.cpp:31]   --->   Operation 81 'add' 'add_ln174' <Predicate = (!icmp_ln155)> <Delay = 0.77> <CoreInst = "Adder">   --->   Core 1 'Adder' <Latency = 0> <II = 1> <Delay = 0.77> <FuncUnit> <Opcode : 'add' 'sub'> <InPorts = 2> <OutPorts = 1>
ST_2 : Operation 82 [1/1] (0.00ns)   --->   "%sext_ln174_1 = sext i10 %add_ln174" [../src/sobel.cpp:174->../src/canny_top.cpp:31]   --->   Operation 82 'sext' 'sext_ln174_1' <Predicate = (!icmp_ln155)> <Delay = 0.00>
ST_2 : Operation 83 [1/1] (0.00ns) (grouped into TernaryAdder)   --->   "%gradientX_2 = add i11 %sext_ln158, i11 %sext_ln174_1" [../src/sobel.cpp:174->../src/canny_top.cpp:31]   --->   Operation 83 'add' 'gradientX_2' <Predicate = (!icmp_ln155)> <Delay = 0.00> <CoreInst = "TAddSub">   --->   Core 10 'TAddSub' <Latency = 0> <II = 1> <Delay = 0.48> <IPBlock> <Opcode : 'add' 'sub'> <InPorts = 3> <OutPorts = 1> <Sync> <CReg>
ST_2 : Operation 84 [1/1] (0.91ns) (root node of TernaryAdder)   --->   "%gradientX = sub i11 %gradientX_2, i11 %zext_ln171_4" [../src/sobel.cpp:174->../src/canny_top.cpp:31]   --->   Operation 84 'sub' 'gradientX' <Predicate = (!icmp_ln155)> <Delay = 0.91> <CoreInst = "TAddSub">   --->   Core 10 'TAddSub' <Latency = 0> <II = 1> <Delay = 0.48> <IPBlock> <Opcode : 'add' 'sub'> <InPorts = 3> <OutPorts = 1> <Sync> <CReg>
ST_2 : Operation 85 [1/1] (0.00ns)   --->   "%sext_ln178 = sext i11 %gradientX" [../src/sobel.cpp:178->../src/canny_top.cpp:31]   --->   Operation 85 'sext' 'sext_ln178' <Predicate = (!icmp_ln155)> <Delay = 0.00>
ST_2 : Operation 86 [1/1] (0.00ns)   --->   "%trunc_ln178 = trunc i11 %gradientX" [../src/sobel.cpp:178->../src/canny_top.cpp:31]   --->   Operation 86 'trunc' 'trunc_ln178' <Predicate = (!icmp_ln155)> <Delay = 0.00>
ST_2 : Operation 87 [1/1] (0.76ns)   --->   "%add_ln178 = add i9 %zext_ln171_2, i9 %zext_ln171_3" [../src/sobel.cpp:178->../src/canny_top.cpp:31]   --->   Operation 87 'add' 'add_ln178' <Predicate = (!icmp_ln155)> <Delay = 0.76> <CoreInst = "Adder">   --->   Core 1 'Adder' <Latency = 0> <II = 1> <Delay = 0.76> <FuncUnit> <Opcode : 'add' 'sub'> <InPorts = 2> <OutPorts = 1>
ST_2 : Operation 88 [1/1] (0.00ns)   --->   "%zext_ln178 = zext i9 %add_ln178" [../src/sobel.cpp:178->../src/canny_top.cpp:31]   --->   Operation 88 'zext' 'zext_ln178' <Predicate = (!icmp_ln155)> <Delay = 0.00>
ST_2 : Operation 89 [1/1] (0.00ns) (grouped into TernaryAdder)   --->   "%sub_ln178 = sub i10 %zext_ln178, i10 %zext_ln171_1" [../src/sobel.cpp:178->../src/canny_top.cpp:31]   --->   Operation 89 'sub' 'sub_ln178' <Predicate = (!icmp_ln155)> <Delay = 0.00> <CoreInst = "TAddSub">   --->   Core 10 'TAddSub' <Latency = 0> <II = 1> <Delay = 0.48> <IPBlock> <Opcode : 'add' 'sub'> <InPorts = 3> <OutPorts = 1> <Sync> <CReg>
ST_2 : Operation 90 [1/1] (0.96ns) (root node of TernaryAdder)   --->   "%gradientY_2 = sub i10 %sub_ln178, i10 %zext_ln171" [../src/sobel.cpp:178->../src/canny_top.cpp:31]   --->   Operation 90 'sub' 'gradientY_2' <Predicate = (!icmp_ln155)> <Delay = 0.96> <CoreInst = "TAddSub">   --->   Core 10 'TAddSub' <Latency = 0> <II = 1> <Delay = 0.48> <IPBlock> <Opcode : 'add' 'sub'> <InPorts = 3> <OutPorts = 1> <Sync> <CReg>
ST_2 : Operation 91 [1/1] (0.00ns)   --->   "%sext_ln178_1 = sext i10 %gradientY_2" [../src/sobel.cpp:178->../src/canny_top.cpp:31]   --->   Operation 91 'sext' 'sext_ln178_1' <Predicate = (!icmp_ln155)> <Delay = 0.00>
ST_2 : Operation 92 [1/1] (0.78ns)   --->   "%add_ln178_1 = add i10 %tmp_10, i10 %gradientY_2" [../src/sobel.cpp:178->../src/canny_top.cpp:31]   --->   Operation 92 'add' 'add_ln178_1' <Predicate = (!icmp_ln155)> <Delay = 0.78> <CoreInst = "Adder">   --->   Core 1 'Adder' <Latency = 0> <II = 1> <Delay = 0.78> <FuncUnit> <Opcode : 'add' 'sub'> <InPorts = 2> <OutPorts = 1>
ST_2 : Operation 93 [1/1] (0.78ns)   --->   "%gradientY = add i11 %sext_ln159, i11 %sext_ln178_1" [../src/sobel.cpp:178->../src/canny_top.cpp:31]   --->   Operation 93 'add' 'gradientY' <Predicate = (!icmp_ln155)> <Delay = 0.78> <CoreInst = "Adder">   --->   Core 1 'Adder' <Latency = 0> <II = 1> <Delay = 0.78> <FuncUnit> <Opcode : 'add' 'sub'> <InPorts = 2> <OutPorts = 1>
ST_2 : Operation 94 [1/1] (0.00ns)   --->   "%tmp_11 = bitselect i1 @_ssdm_op_BitSelect.i1.i32.i32, i32 %sext_ln178, i32 31" [../src/sobel.cpp:32->../src/sobel.cpp:185->../src/canny_top.cpp:31]   --->   Operation 94 'bitselect' 'tmp_11' <Predicate = (!icmp_ln155)> <Delay = 0.00>
ST_2 : Operation 95 [1/1] (0.78ns)   --->   "%sub_ln32 = sub i10 0, i10 %trunc_ln178" [../src/sobel.cpp:32->../src/sobel.cpp:185->../src/canny_top.cpp:31]   --->   Operation 95 'sub' 'sub_ln32' <Predicate = (!icmp_ln155)> <Delay = 0.78> <CoreInst = "Adder">   --->   Core 1 'Adder' <Latency = 0> <II = 1> <Delay = 0.78> <FuncUnit> <Opcode : 'add' 'sub'> <InPorts = 2> <OutPorts = 1>
ST_2 : Operation 96 [1/1] (0.40ns)   --->   "%absoluteX = select i1 %tmp_11, i10 %sub_ln32, i10 %trunc_ln178" [../src/sobel.cpp:32->../src/sobel.cpp:185->../src/canny_top.cpp:31]   --->   Operation 96 'select' 'absoluteX' <Predicate = (!icmp_ln155)> <Delay = 0.40> <CoreInst = "Sel">   --->   Core 73 'Sel' <Latency = 0> <II = 1> <Delay = 0.40> <FuncUnit> <Opcode : 'select'> <InPorts = 3> <OutPorts = 1>
ST_2 : Operation 97 [1/1] (0.78ns)   --->   "%sub_ln32_1 = sub i10 0, i10 %add_ln178_1" [../src/sobel.cpp:32->../src/sobel.cpp:185->../src/canny_top.cpp:31]   --->   Operation 97 'sub' 'sub_ln32_1' <Predicate = (!icmp_ln155)> <Delay = 0.78> <CoreInst = "Adder">   --->   Core 1 'Adder' <Latency = 0> <II = 1> <Delay = 0.78> <FuncUnit> <Opcode : 'add' 'sub'> <InPorts = 2> <OutPorts = 1>
ST_2 : Operation 98 [1/2] ( I:1.23ns O:1.23ns )   --->   "%banked = load i9 %p_anonymous_namespace_lineBuffer_32_0_addr" [../src/sobel.cpp:201->../src/canny_top.cpp:31]   --->   Operation 98 'load' 'banked' <Predicate = (!icmp_ln155)> <Delay = 1.23> <CoreInst = "RAM">   --->   Core 82 'RAM' <Latency = 1> <II = 1> <Delay = 1.23> <Storage> <Opcode : 'load' 'store'> <Ports = 2> <Width = 8> <Depth = 512> <RAM>
ST_2 : Operation 99 [1/2] ( I:1.23ns O:1.23ns )   --->   "%banked_1 = load i9 %p_anonymous_namespace_lineBuffer_32_1_addr" [../src/sobel.cpp:201->../src/canny_top.cpp:31]   --->   Operation 99 'load' 'banked_1' <Predicate = (!icmp_ln155)> <Delay = 1.23> <CoreInst = "RAM">   --->   Core 82 'RAM' <Latency = 1> <II = 1> <Delay = 1.23> <Storage> <Opcode : 'load' 'store'> <Ports = 2> <Width = 8> <Depth = 512> <RAM>
ST_2 : Operation 100 [1/2] ( I:1.23ns O:1.23ns )   --->   "%banked_2 = load i9 %p_anonymous_namespace_lineBuffer_32_2_addr" [../src/sobel.cpp:201->../src/canny_top.cpp:31]   --->   Operation 100 'load' 'banked_2' <Predicate = (!icmp_ln155)> <Delay = 1.23> <CoreInst = "RAM">   --->   Core 82 'RAM' <Latency = 1> <II = 1> <Delay = 1.23> <Storage> <Opcode : 'load' 'store'> <Ports = 2> <Width = 8> <Depth = 512> <RAM>
ST_2 : Operation 101 [1/1] (0.42ns)   --->   "%tmp_7 = sparsemux i8 @_ssdm_op_SparseMux.ap_auto.3i8.i8.i2, i2 0, i8 %banked, i2 1, i8 %banked_1, i2 2, i8 %banked_2, i8 0, i2 %result_read" [../src/sobel.cpp:208->../src/canny_top.cpp:31]   --->   Operation 101 'sparsemux' 'tmp_7' <Predicate = (!icmp_ln155)> <Delay = 0.42> <CoreInst = "OneHotSparseMux_HasDef">   --->   Core 152 'OneHotSparseMux_HasDef' <Latency = 0> <II = 1> <Delay = 0.42> <FuncUnit> <Opcode : 'sparsemux'> <InPorts = 2> <OutPorts = 1>
ST_2 : Operation 102 [1/1] (0.42ns)   --->   "%tmp_8 = sparsemux i8 @_ssdm_op_SparseMux.ap_auto.3i8.i8.i2, i2 0, i8 %banked, i2 1, i8 %banked_1, i2 2, i8 %banked_2, i8 0, i2 %result_1_read" [../src/sobel.cpp:208->../src/canny_top.cpp:31]   --->   Operation 102 'sparsemux' 'tmp_8' <Predicate = (!icmp_ln155)> <Delay = 0.42> <CoreInst = "OneHotSparseMux_HasDef">   --->   Core 152 'OneHotSparseMux_HasDef' <Latency = 0> <II = 1> <Delay = 0.42> <FuncUnit> <Opcode : 'sparsemux'> <InPorts = 2> <OutPorts = 1>
ST_2 : Operation 103 [1/1] (0.42ns)   --->   "%tmp_9 = sparsemux i8 @_ssdm_op_SparseMux.ap_auto.3i8.i8.i2, i2 0, i8 %banked, i2 1, i8 %banked_1, i2 2, i8 %banked_2, i8 0, i2 %result_2_read" [../src/sobel.cpp:208->../src/canny_top.cpp:31]   --->   Operation 103 'sparsemux' 'tmp_9' <Predicate = (!icmp_ln155)> <Delay = 0.42> <CoreInst = "OneHotSparseMux_HasDef">   --->   Core 152 'OneHotSparseMux_HasDef' <Latency = 0> <II = 1> <Delay = 0.42> <FuncUnit> <Opcode : 'sparsemux'> <InPorts = 2> <OutPorts = 1>
ST_2 : Operation 104 [1/1] (0.42ns)   --->   "%store_ln0 = store i8 %p_load44, i8 %empty_37"   --->   Operation 104 'store' 'store_ln0' <Predicate = (!icmp_ln155)> <Delay = 0.42>
ST_2 : Operation 105 [1/1] (0.42ns)   --->   "%store_ln171 = store i8 %tmp_9, i8 %pixel_3" [../src/sobel.cpp:171->../src/canny_top.cpp:31]   --->   Operation 105 'store' 'store_ln171' <Predicate = (!icmp_ln155)> <Delay = 0.42>
ST_2 : Operation 106 [1/1] (0.42ns)   --->   "%store_ln171 = store i8 %pixel_5, i8 %empty_36" [../src/sobel.cpp:171->../src/canny_top.cpp:31]   --->   Operation 106 'store' 'store_ln171' <Predicate = (!icmp_ln155)> <Delay = 0.42>
ST_2 : Operation 107 [1/1] (0.42ns)   --->   "%store_ln171 = store i8 %tmp_7, i8 %pixel_1" [../src/sobel.cpp:171->../src/canny_top.cpp:31]   --->   Operation 107 'store' 'store_ln171' <Predicate = (!icmp_ln155)> <Delay = 0.42>
ST_2 : Operation 108 [1/1] (0.42ns)   --->   "%store_ln171 = store i8 %pixel_4, i8 %empty_35" [../src/sobel.cpp:171->../src/canny_top.cpp:31]   --->   Operation 108 'store' 'store_ln171' <Predicate = (!icmp_ln155)> <Delay = 0.42>
ST_2 : Operation 109 [1/1] (0.42ns)   --->   "%store_ln171 = store i8 %p_load42, i8 %pixel_2" [../src/sobel.cpp:171->../src/canny_top.cpp:31]   --->   Operation 109 'store' 'store_ln171' <Predicate = (!icmp_ln155)> <Delay = 0.42>
ST_2 : Operation 110 [1/1] (0.42ns)   --->   "%store_ln208 = store i8 %tmp_8, i8 %empty_34" [../src/sobel.cpp:208->../src/canny_top.cpp:31]   --->   Operation 110 'store' 'store_ln208' <Predicate = (!icmp_ln155)> <Delay = 0.42>
ST_2 : Operation 111 [1/1] (0.42ns)   --->   "%store_ln0 = store i8 %p_load, i8 %empty"   --->   Operation 111 'store' 'store_ln0' <Predicate = (!icmp_ln155)> <Delay = 0.42>
ST_2 : Operation 112 [1/1] (0.42ns)   --->   "%store_ln171 = store i8 %p_load43, i8 %pixel" [../src/sobel.cpp:171->../src/canny_top.cpp:31]   --->   Operation 112 'store' 'store_ln171' <Predicate = (!icmp_ln155)> <Delay = 0.42>

State 3 <SV = 2> <Delay = 3.45>
ST_3 : Operation 113 [1/1] (0.00ns)   --->   "%zext_ln155 = zext i10 %column_1" [../src/sobel.cpp:155->../src/canny_top.cpp:31]   --->   Operation 113 'zext' 'zext_ln155' <Predicate = true> <Delay = 0.00>
ST_3 : Operation 114 [1/1] (0.00ns)   --->   "%sext_ln159_1 = sext i11 %gradientY" [../src/sobel.cpp:159->../src/canny_top.cpp:31]   --->   Operation 114 'sext' 'sext_ln159_1' <Predicate = true> <Delay = 0.00>
ST_3 : Operation 115 [1/1] (0.00ns)   --->   "%zext_ln31 = zext i10 %absoluteX" [../src/sobel.cpp:31->../src/sobel.cpp:185->../src/canny_top.cpp:31]   --->   Operation 115 'zext' 'zext_ln31' <Predicate = true> <Delay = 0.00>
ST_3 : Operation 116 [1/1] (0.00ns)   --->   "%zext_ln31_1 = zext i10 %absoluteX" [../src/sobel.cpp:31->../src/sobel.cpp:185->../src/canny_top.cpp:31]   --->   Operation 116 'zext' 'zext_ln31_1' <Predicate = true> <Delay = 0.00>
ST_3 : Operation 117 [1/1] (0.00ns)   --->   "%tmp_12 = bitselect i1 @_ssdm_op_BitSelect.i1.i32.i32, i32 %sext_ln159_1, i32 31" [../src/sobel.cpp:32->../src/sobel.cpp:185->../src/canny_top.cpp:31]   --->   Operation 117 'bitselect' 'tmp_12' <Predicate = true> <Delay = 0.00>
ST_3 : Operation 118 [1/1] (0.40ns)   --->   "%absoluteY = select i1 %tmp_12, i10 %sub_ln32_1, i10 %add_ln178_1" [../src/sobel.cpp:32->../src/sobel.cpp:185->../src/canny_top.cpp:31]   --->   Operation 118 'select' 'absoluteY' <Predicate = true> <Delay = 0.40> <CoreInst = "Sel">   --->   Core 73 'Sel' <Latency = 0> <II = 1> <Delay = 0.40> <FuncUnit> <Opcode : 'select'> <InPorts = 3> <OutPorts = 1>
ST_3 : Operation 119 [1/1] (0.00ns)   --->   "%zext_ln185 = zext i10 %absoluteY" [../src/sobel.cpp:185->../src/canny_top.cpp:31]   --->   Operation 119 'zext' 'zext_ln185' <Predicate = true> <Delay = 0.00>
ST_3 : Operation 120 [1/1] (0.00ns)   --->   "%zext_ln185_1 = zext i10 %absoluteX" [../src/sobel.cpp:185->../src/canny_top.cpp:31]   --->   Operation 120 'zext' 'zext_ln185_1' <Predicate = true> <Delay = 0.00>
ST_3 : Operation 121 [1/1] (0.00ns)   --->   "%zext_ln185_2 = zext i10 %absoluteY" [../src/sobel.cpp:185->../src/canny_top.cpp:31]   --->   Operation 121 'zext' 'zext_ln185_2' <Predicate = true> <Delay = 0.00>
ST_3 : Operation 122 [1/1] (0.78ns)   --->   "%add_ln185 = add i11 %zext_ln185_2, i11 %zext_ln185_1" [../src/sobel.cpp:185->../src/canny_top.cpp:31]   --->   Operation 122 'add' 'add_ln185' <Predicate = true> <Delay = 0.78> <CoreInst = "Adder">   --->   Core 1 'Adder' <Latency = 0> <II = 1> <Delay = 0.78> <FuncUnit> <Opcode : 'add' 'sub'> <InPorts = 2> <OutPorts = 1>
ST_3 : Operation 123 [1/1] (0.00ns)   --->   "%out_sobel_magnitude_addr = getelementptr i11 %out_sobel_magnitude, i64 0, i64 %zext_ln155" [../src/sobel.cpp:185->../src/canny_top.cpp:31]   --->   Operation 123 'getelementptr' 'out_sobel_magnitude_addr' <Predicate = true> <Delay = 0.00>
ST_3 : Operation 124 [1/1] ( I:1.23ns O:1.23ns )   --->   "%store_ln185 = store i11 %add_ln185, i9 %out_sobel_magnitude_addr" [../src/sobel.cpp:185->../src/canny_top.cpp:31]   --->   Operation 124 'store' 'store_ln185' <Predicate = true> <Delay = 1.23> <CoreInst = "RAM">   --->   Core 82 'RAM' <Latency = 1> <II = 1> <Delay = 1.23> <Storage> <Opcode : 'load' 'store'> <Ports = 2> <Width = 11> <Depth = 512> <RAM>
ST_3 : Operation 125 [1/1] (0.00ns) (grouped into LUT with out node icmp_ln42)   --->   "%or_ln42 = or i10 %absoluteY, i10 %absoluteX" [../src/sobel.cpp:42->../src/sobel.cpp:188->../src/canny_top.cpp:31]   --->   Operation 125 'or' 'or_ln42' <Predicate = true> <Delay = 0.00> <CoreInst = "LogicGate">   --->   Core 74 'LogicGate' <Latency = 0> <II = 1> <Delay = 0.35> <FuncUnit> <Opcode : 'and' 'or' 'xor'> <InPorts = 2> <OutPorts = 1>
ST_3 : Operation 126 [1/1] (0.78ns) (out node of the LUT)   --->   "%icmp_ln42 = icmp_eq  i10 %or_ln42, i10 0" [../src/sobel.cpp:42->../src/sobel.cpp:188->../src/canny_top.cpp:31]   --->   Operation 126 'icmp' 'icmp_ln42' <Predicate = true> <Delay = 0.78> <CoreInst = "Cmp">   --->   Core 9 'Cmp' <Latency = 0> <II = 1> <Delay = 0.78> <FuncUnit> <Opcode : 'seteq' 'setne' 'setle' 'setge' 'setlt' 'setgt'> <InPorts = 2> <OutPorts = 1>
ST_3 : Operation 127 [1/1] (2.14ns)   --->   "%mul_ln46 = mul i20 %zext_ln185, i20 1000" [../src/sobel.cpp:46->../src/sobel.cpp:188->../src/canny_top.cpp:31]   --->   Operation 127 'mul' 'mul_ln46' <Predicate = true> <Delay = 2.14> <CoreInst = "Multiplier">   --->   Core 3 'Multiplier' <Latency = 0> <II = 1> <Delay = 2.14> <FuncUnit> <Opcode : 'mul'> <InPorts = 2> <OutPorts = 1>
ST_3 : Operation 128 [1/1] (0.00ns)   --->   "%zext_ln46 = zext i20 %mul_ln46" [../src/sobel.cpp:46->../src/sobel.cpp:188->../src/canny_top.cpp:31]   --->   Operation 128 'zext' 'zext_ln46' <Predicate = true> <Delay = 0.00>
ST_3 : Operation 129 [1/1] (0.00ns)   --->   "%zext_ln46_1 = zext i20 %mul_ln46" [../src/sobel.cpp:46->../src/sobel.cpp:188->../src/canny_top.cpp:31]   --->   Operation 129 'zext' 'zext_ln46_1' <Predicate = true> <Delay = 0.00>
ST_3 : Operation 130 [1/1] (2.11ns)   --->   "%mul_ln46_1 = mul i19 %zext_ln31_1, i19 414" [../src/sobel.cpp:46->../src/sobel.cpp:188->../src/canny_top.cpp:31]   --->   Operation 130 'mul' 'mul_ln46_1' <Predicate = true> <Delay = 2.11> <CoreInst = "Multiplier">   --->   Core 3 'Multiplier' <Latency = 0> <II = 1> <Delay = 2.11> <FuncUnit> <Opcode : 'mul'> <InPorts = 2> <OutPorts = 1>
ST_3 : Operation 131 [1/1] (0.00ns)   --->   "%zext_ln46_2 = zext i19 %mul_ln46_1" [../src/sobel.cpp:46->../src/sobel.cpp:188->../src/canny_top.cpp:31]   --->   Operation 131 'zext' 'zext_ln46_2' <Predicate = true> <Delay = 0.00>
ST_3 : Operation 132 [1/1] (0.89ns)   --->   "%icmp_ln46 = icmp_ugt  i21 %zext_ln46_1, i21 %zext_ln46_2" [../src/sobel.cpp:46->../src/sobel.cpp:188->../src/canny_top.cpp:31]   --->   Operation 132 'icmp' 'icmp_ln46' <Predicate = true> <Delay = 0.89> <CoreInst = "Cmp">   --->   Core 9 'Cmp' <Latency = 0> <II = 1> <Delay = 0.89> <FuncUnit> <Opcode : 'seteq' 'setne' 'setle' 'setge' 'setlt' 'setgt'> <InPorts = 2> <OutPorts = 1>
ST_3 : Operation 133 [1/1] (2.23ns)   --->   "%mul_ln50 = mul i22 %zext_ln31, i22 2414" [../src/sobel.cpp:50->../src/sobel.cpp:188->../src/canny_top.cpp:31]   --->   Operation 133 'mul' 'mul_ln50' <Predicate = true> <Delay = 2.23> <CoreInst = "Multiplier">   --->   Core 3 'Multiplier' <Latency = 0> <II = 1> <Delay = 2.23> <FuncUnit> <Opcode : 'mul'> <InPorts = 2> <OutPorts = 1>
ST_3 : Operation 134 [1/1] (0.00ns)   --->   "%zext_ln50 = zext i22 %mul_ln50" [../src/sobel.cpp:50->../src/sobel.cpp:188->../src/canny_top.cpp:31]   --->   Operation 134 'zext' 'zext_ln50' <Predicate = true> <Delay = 0.00>
ST_3 : Operation 135 [1/1] (0.91ns)   --->   "%icmp_ln50 = icmp_ult  i23 %zext_ln46, i23 %zext_ln50" [../src/sobel.cpp:50->../src/sobel.cpp:188->../src/canny_top.cpp:31]   --->   Operation 135 'icmp' 'icmp_ln50' <Predicate = true> <Delay = 0.91> <CoreInst = "Cmp">   --->   Core 9 'Cmp' <Latency = 0> <II = 1> <Delay = 0.91> <FuncUnit> <Opcode : 'seteq' 'setne' 'setle' 'setge' 'setlt' 'setgt'> <InPorts = 2> <OutPorts = 1>
ST_3 : Operation 160 [1/1] (0.42ns)   --->   "%ret_ln0 = ret"   --->   Operation 160 'ret' 'ret_ln0' <Predicate = (icmp_ln155)> <Delay = 0.42>

State 4 <SV = 3> <Delay = 2.00>
ST_4 : Operation 136 [1/1] (0.00ns)   --->   "%specpipeline_ln156 = specpipeline void @_ssdm_op_SpecPipeline, i32 1, i32 0, i32 0, i32 0, i32 4294967295, void @empty_14" [../src/sobel.cpp:156->../src/canny_top.cpp:31]   --->   Operation 136 'specpipeline' 'specpipeline_ln156' <Predicate = true> <Delay = 0.00>
ST_4 : Operation 137 [1/1] (0.00ns)   --->   "%speclooptripcount_ln155 = speclooptripcount void @_ssdm_op_SpecLoopTripCount, i64 512, i64 512, i64 512" [../src/sobel.cpp:155->../src/canny_top.cpp:31]   --->   Operation 137 'speclooptripcount' 'speclooptripcount_ln155' <Predicate = true> <Delay = 0.00>
ST_4 : Operation 138 [1/1] (0.00ns)   --->   "%specloopname_ln155 = specloopname void @_ssdm_op_SpecLoopName, void @empty_0" [../src/sobel.cpp:155->../src/canny_top.cpp:31]   --->   Operation 138 'specloopname' 'specloopname_ln155' <Predicate = true> <Delay = 0.00>
ST_4 : Operation 139 [1/1] (0.00ns) (grouped into LUT with out node retval_0_i69_i)   --->   "%or_ln55 = or i11 %gradientY, i11 %gradientX" [../src/sobel.cpp:55->../src/sobel.cpp:188->../src/canny_top.cpp:31]   --->   Operation 139 'or' 'or_ln55' <Predicate = true> <Delay = 0.00> <CoreInst = "LogicGate">   --->   Core 74 'LogicGate' <Latency = 0> <II = 1> <Delay = 0.33> <FuncUnit> <Opcode : 'and' 'or' 'xor'> <InPorts = 2> <OutPorts = 1>
ST_4 : Operation 140 [1/1] (0.00ns) (grouped into LUT with out node retval_0_i69_i)   --->   "%sext_ln56 = sext i11 %or_ln55" [../src/sobel.cpp:56->../src/sobel.cpp:188->../src/canny_top.cpp:31]   --->   Operation 140 'sext' 'sext_ln56' <Predicate = true> <Delay = 0.00>
ST_4 : Operation 141 [1/1] (0.00ns) (grouped into LUT with out node retval_0_i69_i)   --->   "%and_ln56 = and i11 %gradientX, i11 %gradientY" [../src/sobel.cpp:56->../src/sobel.cpp:188->../src/canny_top.cpp:31]   --->   Operation 141 'and' 'and_ln56' <Predicate = true> <Delay = 0.00> <CoreInst = "LogicGate">   --->   Core 74 'LogicGate' <Latency = 0> <II = 1> <Delay = 0.33> <FuncUnit> <Opcode : 'and' 'or' 'xor'> <InPorts = 2> <OutPorts = 1>
ST_4 : Operation 142 [1/1] (0.00ns) (grouped into LUT with out node retval_0_i69_i)   --->   "%sext_ln46 = sext i11 %and_ln56" [../src/sobel.cpp:46->../src/sobel.cpp:188->../src/canny_top.cpp:31]   --->   Operation 142 'sext' 'sext_ln46' <Predicate = true> <Delay = 0.00>
ST_4 : Operation 143 [1/1] (0.00ns) (grouped into LUT with out node retval_0_i69_i)   --->   "%xor_ln46 = xor i1 %icmp_ln46, i1 1" [../src/sobel.cpp:46->../src/sobel.cpp:188->../src/canny_top.cpp:31]   --->   Operation 143 'xor' 'xor_ln46' <Predicate = true> <Delay = 0.00> <CoreInst = "LogicGate">   --->   Core 74 'LogicGate' <Latency = 0> <II = 1> <Delay = 0.28> <FuncUnit> <Opcode : 'and' 'or' 'xor'> <InPorts = 2> <OutPorts = 1>
ST_4 : Operation 144 [1/1] (0.00ns) (grouped into LUT with out node retval_0_i69_i)   --->   "%or_ln46 = or i1 %icmp_ln42, i1 %xor_ln46" [../src/sobel.cpp:46->../src/sobel.cpp:188->../src/canny_top.cpp:31]   --->   Operation 144 'or' 'or_ln46' <Predicate = true> <Delay = 0.00> <CoreInst = "LogicGate">   --->   Core 74 'LogicGate' <Latency = 0> <II = 1> <Delay = 0.28> <FuncUnit> <Opcode : 'and' 'or' 'xor'> <InPorts = 2> <OutPorts = 1>
ST_4 : Operation 145 [1/1] (0.00ns) (grouped into LUT with out node and_ln46)   --->   "%xor_ln42 = xor i1 %icmp_ln42, i1 1" [../src/sobel.cpp:42->../src/sobel.cpp:188->../src/canny_top.cpp:31]   --->   Operation 145 'xor' 'xor_ln42' <Predicate = true> <Delay = 0.00> <CoreInst = "LogicGate">   --->   Core 74 'LogicGate' <Latency = 0> <II = 1> <Delay = 0.28> <FuncUnit> <Opcode : 'and' 'or' 'xor'> <InPorts = 2> <OutPorts = 1>
ST_4 : Operation 146 [1/1] (0.28ns) (out node of the LUT)   --->   "%and_ln46 = and i1 %icmp_ln46, i1 %xor_ln42" [../src/sobel.cpp:46->../src/sobel.cpp:188->../src/canny_top.cpp:31]   --->   Operation 146 'and' 'and_ln46' <Predicate = true> <Delay = 0.28> <CoreInst = "LogicGate">   --->   Core 74 'LogicGate' <Latency = 0> <II = 1> <Delay = 0.28> <FuncUnit> <Opcode : 'and' 'or' 'xor'> <InPorts = 2> <OutPorts = 1>
ST_4 : Operation 147 [1/1] (0.00ns) (grouped into LUT with out node retval_0_i69_i)   --->   "%xor_ln50 = xor i1 %icmp_ln50, i1 1" [../src/sobel.cpp:50->../src/sobel.cpp:188->../src/canny_top.cpp:31]   --->   Operation 147 'xor' 'xor_ln50' <Predicate = true> <Delay = 0.00> <CoreInst = "LogicGate">   --->   Core 74 'LogicGate' <Latency = 0> <II = 1> <Delay = 0.28> <FuncUnit> <Opcode : 'and' 'or' 'xor'> <InPorts = 2> <OutPorts = 1>
ST_4 : Operation 148 [1/1] (0.00ns) (grouped into LUT with out node retval_0_i69_i)   --->   "%and_ln50 = and i1 %and_ln46, i1 %xor_ln50" [../src/sobel.cpp:50->../src/sobel.cpp:188->../src/canny_top.cpp:31]   --->   Operation 148 'and' 'and_ln50' <Predicate = true> <Delay = 0.00> <CoreInst = "LogicGate">   --->   Core 74 'LogicGate' <Latency = 0> <II = 1> <Delay = 0.28> <FuncUnit> <Opcode : 'and' 'or' 'xor'> <InPorts = 2> <OutPorts = 1>
ST_4 : Operation 149 [1/1] (0.00ns) (grouped into LUT with out node retval_0_i69_i)   --->   "%tmp_13 = bitselect i1 @_ssdm_op_BitSelect.i1.i32.i32, i32 %sext_ln56, i32 31" [../src/sobel.cpp:55->../src/sobel.cpp:188->../src/canny_top.cpp:31]   --->   Operation 149 'bitselect' 'tmp_13' <Predicate = true> <Delay = 0.00>
ST_4 : Operation 150 [1/1] (0.00ns) (grouped into LUT with out node retval_0_i69_i)   --->   "%tmp_14 = bitselect i1 @_ssdm_op_BitSelect.i1.i32.i32, i32 %sext_ln46, i32 31" [../src/sobel.cpp:56->../src/sobel.cpp:188->../src/canny_top.cpp:31]   --->   Operation 150 'bitselect' 'tmp_14' <Predicate = true> <Delay = 0.00>
ST_4 : Operation 151 [1/1] (0.00ns) (grouped into LUT with out node retval_0_i69_i)   --->   "%xor_ln56 = xor i1 %tmp_14, i1 1" [../src/sobel.cpp:56->../src/sobel.cpp:188->../src/canny_top.cpp:31]   --->   Operation 151 'xor' 'xor_ln56' <Predicate = true> <Delay = 0.00> <CoreInst = "LogicGate">   --->   Core 74 'LogicGate' <Latency = 0> <II = 1> <Delay = 0.28> <FuncUnit> <Opcode : 'and' 'or' 'xor'> <InPorts = 2> <OutPorts = 1>
ST_4 : Operation 152 [1/1] (0.00ns) (grouped into LUT with out node retval_0_i69_i)   --->   "%and_ln56_1 = and i1 %and_ln46, i1 %icmp_ln50" [../src/sobel.cpp:56->../src/sobel.cpp:188->../src/canny_top.cpp:31]   --->   Operation 152 'and' 'and_ln56_1' <Predicate = true> <Delay = 0.00> <CoreInst = "LogicGate">   --->   Core 74 'LogicGate' <Latency = 0> <II = 1> <Delay = 0.28> <FuncUnit> <Opcode : 'and' 'or' 'xor'> <InPorts = 2> <OutPorts = 1>
ST_4 : Operation 153 [1/1] (0.00ns) (grouped into LUT with out node retval_0_i69_i)   --->   "%and_ln56_2 = and i1 %tmp_13, i1 %xor_ln56" [../src/sobel.cpp:56->../src/sobel.cpp:188->../src/canny_top.cpp:31]   --->   Operation 153 'and' 'and_ln56_2' <Predicate = true> <Delay = 0.00> <CoreInst = "LogicGate">   --->   Core 74 'LogicGate' <Latency = 0> <II = 1> <Delay = 0.28> <FuncUnit> <Opcode : 'and' 'or' 'xor'> <InPorts = 2> <OutPorts = 1>
ST_4 : Operation 154 [1/1] (0.00ns) (grouped into LUT with out node retval_0_i69_i)   --->   "%and_ln56_3 = and i1 %and_ln56_2, i1 %and_ln56_1" [../src/sobel.cpp:56->../src/sobel.cpp:188->../src/canny_top.cpp:31]   --->   Operation 154 'and' 'and_ln56_3' <Predicate = true> <Delay = 0.00> <CoreInst = "LogicGate">   --->   Core 74 'LogicGate' <Latency = 0> <II = 1> <Delay = 0.28> <FuncUnit> <Opcode : 'and' 'or' 'xor'> <InPorts = 2> <OutPorts = 1>
ST_4 : Operation 155 [1/1] (0.00ns) (grouped into LUT with out node retval_0_i69_i)   --->   "%sel_tmp = bitconcatenate i3 @_ssdm_op_BitConcatenate.i3.i1.i1.i1, i1 %or_ln46, i1 %and_ln50, i1 %and_ln56_3" [../src/sobel.cpp:46->../src/sobel.cpp:188->../src/canny_top.cpp:31]   --->   Operation 155 'bitconcatenate' 'sel_tmp' <Predicate = true> <Delay = 0.00>
ST_4 : Operation 156 [1/1] (0.47ns) (out node of the LUT)   --->   "%retval_0_i69_i = sparsemux i2 @_ssdm_op_SparseMux.ap_auto.4i2.i2.i3, i3 4, i2 0, i3 2, i2 2, i3 1, i2 3, i3 0, i2 1, i2 0, i3 %sel_tmp" [../src/sobel.cpp:46->../src/sobel.cpp:188->../src/canny_top.cpp:31]   --->   Operation 156 'sparsemux' 'retval_0_i69_i' <Predicate = true> <Delay = 0.47> <CoreInst = "OneHotSparseMux_HasDef">   --->   Core 152 'OneHotSparseMux_HasDef' <Latency = 0> <II = 1> <Delay = 0.47> <FuncUnit> <Opcode : 'sparsemux'> <InPorts = 2> <OutPorts = 1>
ST_4 : Operation 157 [1/1] (0.00ns)   --->   "%out_sobel_direction_addr = getelementptr i2 %out_sobel_direction, i64 0, i64 %zext_ln155" [../src/sobel.cpp:187->../src/canny_top.cpp:31]   --->   Operation 157 'getelementptr' 'out_sobel_direction_addr' <Predicate = true> <Delay = 0.00>
ST_4 : Operation 158 [1/1] ( I:1.23ns O:1.23ns )   --->   "%store_ln187 = store i2 %retval_0_i69_i, i9 %out_sobel_direction_addr" [../src/sobel.cpp:187->../src/canny_top.cpp:31]   --->   Operation 158 'store' 'store_ln187' <Predicate = true> <Delay = 1.23> <CoreInst = "RAM">   --->   Core 82 'RAM' <Latency = 1> <II = 1> <Delay = 1.23> <Storage> <Opcode : 'load' 'store'> <Ports = 2> <Width = 2> <Depth = 512> <RAM>
ST_4 : Operation 159 [1/1] (0.00ns)   --->   "%br_ln155 = br void %VITIS_LOOP_161_6.i" [../src/sobel.cpp:155->../src/canny_top.cpp:31]   --->   Operation 159 'br' 'br_ln155' <Predicate = true> <Delay = 0.00>


============================================================
+ Verbose Summary: Timing violations
============================================================
Target clock period: 5.000ns, clock uncertainty: 1.350ns.

 <State 1>: 2.838ns
The critical path consists of the following:
	'store' operation ('store_ln155', ../src/sobel.cpp:155->../src/canny_top.cpp:31) of constant 0 10 bit on local variable 'column', ../src/sobel.cpp:155->../src/canny_top.cpp:31 [39]  (0.427 ns)
	'load' operation 10 bit ('column', ../src/sobel.cpp:155->../src/canny_top.cpp:31) on local variable 'column', ../src/sobel.cpp:155->../src/canny_top.cpp:31 [46]  (0.000 ns)
	'add' operation 10 bit ('v', ../src/sobel.cpp:194->../src/canny_top.cpp:31) [142]  (0.776 ns)
	'select' operation 9 bit ('nextColumn', ../src/sobel.cpp:65->../src/sobel.cpp:194->../src/canny_top.cpp:31) [145]  (0.398 ns)
	'getelementptr' operation 9 bit ('p_anonymous_namespace_lineBuffer_32_0_addr', ../src/sobel.cpp:201->../src/canny_top.cpp:31) [147]  (0.000 ns)
	'load' operation 8 bit ('banked', ../src/sobel.cpp:201->../src/canny_top.cpp:31) on array 'p_anonymous_namespace_lineBuffer_32_0' [148]  (1.237 ns)

 <State 2>: 3.645ns
The critical path consists of the following:
	'load' operation 8 bit ('pixel', ../src/sobel.cpp:171->../src/canny_top.cpp:31) on local variable 'pixel', ../src/sobel.cpp:171->../src/canny_top.cpp:31 [50]  (0.000 ns)
	'sub' operation 9 bit ('sub_ln174', ../src/sobel.cpp:174->../src/canny_top.cpp:31) [79]  (0.765 ns)
	'add' operation 10 bit ('add_ln174', ../src/sobel.cpp:174->../src/canny_top.cpp:31) [81]  (0.776 ns)
	'add' operation 11 bit ('gradientX_2', ../src/sobel.cpp:174->../src/canny_top.cpp:31) [83]  (0.000 ns)
	'sub' operation 11 bit ('gradientX', ../src/sobel.cpp:174->../src/canny_top.cpp:31) [84]  (0.914 ns)
	'sub' operation 10 bit ('sub_ln32', ../src/sobel.cpp:32->../src/sobel.cpp:185->../src/canny_top.cpp:31) [96]  (0.787 ns)
	'select' operation 10 bit ('absoluteX', ../src/sobel.cpp:32->../src/sobel.cpp:185->../src/canny_top.cpp:31) [97]  (0.403 ns)

 <State 3>: 3.457ns
The critical path consists of the following:
	'select' operation 10 bit ('absoluteY', ../src/sobel.cpp:32->../src/sobel.cpp:185->../src/canny_top.cpp:31) [102]  (0.403 ns)
	'mul' operation 20 bit ('mul_ln46', ../src/sobel.cpp:46->../src/sobel.cpp:188->../src/canny_top.cpp:31) [111]  (2.140 ns)
	'icmp' operation 1 bit ('icmp_ln50', ../src/sobel.cpp:50->../src/sobel.cpp:188->../src/canny_top.cpp:31) [119]  (0.914 ns)

 <State 4>: 2.000ns
The critical path consists of the following:
	'xor' operation 1 bit ('xor_ln42', ../src/sobel.cpp:42->../src/sobel.cpp:188->../src/canny_top.cpp:31) [126]  (0.000 ns)
	'and' operation 1 bit ('and_ln46', ../src/sobel.cpp:46->../src/sobel.cpp:188->../src/canny_top.cpp:31) [127]  (0.287 ns)
	'and' operation 1 bit ('and_ln50', ../src/sobel.cpp:50->../src/sobel.cpp:188->../src/canny_top.cpp:31) [129]  (0.000 ns)
	'sparsemux' operation 2 bit ('retval_0_i69_i', ../src/sobel.cpp:46->../src/sobel.cpp:188->../src/canny_top.cpp:31) [137]  (0.476 ns)
	'store' operation ('store_ln187', ../src/sobel.cpp:187->../src/canny_top.cpp:31) of variable 'retval_0_i69_i', ../src/sobel.cpp:46->../src/sobel.cpp:188->../src/canny_top.cpp:31 2 bit on array 'out_sobel_direction' [139]  (1.237 ns)


============================================================
+ Verbose Summary: Binding
============================================================
N/A
* FSMD analyzer results:
  - Output states:
 - Input state : 
  - Chain level:
	State 1
	State 2
	State 3
	State 4


============================================================
+ Verbose Summary: Datapath Resource usage 
============================================================
N/A
