

================================================================
== Vitis HLS Report for 'sobel_Pipeline_VITIS_LOOP_89_1'
================================================================
* Date:           Fri Jul 24 16:27:48 2026

* Version:        2025.2 (Build 6295257 on Nov 14 2025)
* Project:        canny_top
* Solution:       hls (Vitis Kernel Flow Target)
* Product family: zynquplus
* Target device:  xck26-sfvc784-2LV-c


================================================================
== Performance Estimates
================================================================
+ Timing: 
    * Summary: 
    +--------+---------+----------+------------+
    |  Clock |  Target | Estimated| Uncertainty|
    +--------+---------+----------+------------+
    |ap_clk  |  5.00 ns|  2.474 ns|     1.35 ns|
    +--------+---------+----------+------------+

+ Latency: 
    * Summary: 
    +---------+---------+----------+----------+-----+-----+-------------------+
    |  Latency (cycles) |  Latency (absolute) |  Interval |      Pipeline     |
    |   min   |   max   |    min   |    max   | min | max |        Type       |
    +---------+---------+----------+----------+-----+-----+-------------------+
    |      514|      514|  2.570 us|  2.570 us|    0|    0|  loop pipeline stp|
    +---------+---------+----------+----------+-----+-----+-------------------+

    + Detail: 
        * Instance: 
        N/A

        * Loop: 
        +-------------------+---------+---------+----------+-----------+-----------+------+----------+
        |                   |  Latency (cycles) | Iteration|  Initiation Interval  | Trip |          |
        |     Loop Name     |   min   |   max   |  Latency |  achieved |   target  | Count| Pipelined|
        +-------------------+---------+---------+----------+-----------+-----------+------+----------+
        |- VITIS_LOOP_89_1  |      512|      512|         2|          1|          1|   512|       yes|
        +-------------------+---------+---------+----------+-----------+-----------+------+----------+

============================================================
+ Verbose Summary: Synthesis Manager
============================================================
InlineROM: 1
ExposeGlobal: 0
============================================================
+ Verbose Summary: CDFG Model
============================================================
IsTopModel: 0
ResetActiveHigh: 1
IsCombinational: 0
IsDatapathOnly: 0
HasWiredReturn: 1
HasMFsm: 2
HasVarLatency: 1
IsPipeline: 0
IsRtlPipelined: 0
IsInstanceOverlapped: 0
IsDontTouch: 0
HasImplIP: 0
IsGatedGlobalClock: 0

+ Individual pipeline summary: 
  * Pipeline-0: initiation interval (II) = 1, depth = 2


============================================================
+ Verbose Summary: Schedule
============================================================
* Number of FSM states : 2
* Pipeline : 1
  Pipeline-0 : II = 1, D = 2, States = { 1 2 }
* Dataflow Pipeline: 0

* FSM state transitions: 
1 --> 2 
2 --> 

* FSM state operations: 

State 1 <SV = 0> <Delay = 2.45>
ST_1 : Operation 5 [1/1] (0.00ns)   --->   "%column = alloca i32 1" [../src/sobel.cpp:89->../src/canny_top.cpp:30]   --->   Operation 5 'alloca' 'column' <Predicate = true> <Delay = 0.00>
ST_1 : Operation 6 [1/1] (0.00ns)   --->   "%writeSlot_read = read i2 @_ssdm_op_Read.ap_auto.i2, i2 %writeSlot"   --->   Operation 6 'read' 'writeSlot_read' <Predicate = true> <Delay = 0.00>
ST_1 : Operation 7 [1/1] (0.42ns)   --->   "%store_ln89 = store i10 0, i10 %column" [../src/sobel.cpp:89->../src/canny_top.cpp:30]   --->   Operation 7 'store' 'store_ln89' <Predicate = true> <Delay = 0.42>
ST_1 : Operation 8 [1/1] (0.00ns)   --->   "%br_ln0 = br void %for.inc.i"   --->   Operation 8 'br' 'br_ln0' <Predicate = true> <Delay = 0.00>
ST_1 : Operation 9 [1/1] (0.00ns)   --->   "%column_1 = load i10 %column" [../src/sobel.cpp:89->../src/canny_top.cpp:30]   --->   Operation 9 'load' 'column_1' <Predicate = true> <Delay = 0.00>
ST_1 : Operation 10 [1/1] (0.78ns)   --->   "%icmp_ln89 = icmp_eq  i10 %column_1, i10 512" [../src/sobel.cpp:89->../src/canny_top.cpp:30]   --->   Operation 10 'icmp' 'icmp_ln89' <Predicate = true> <Delay = 0.78> <CoreInst = "Cmp">   --->   Core 9 'Cmp' <Latency = 0> <II = 1> <Delay = 0.78> <FuncUnit> <Opcode : 'seteq' 'setne' 'setle' 'setge' 'setlt' 'setgt'> <InPorts = 2> <OutPorts = 1>
ST_1 : Operation 11 [1/1] (0.78ns)   --->   "%add_ln89 = add i10 %column_1, i10 1" [../src/sobel.cpp:89->../src/canny_top.cpp:30]   --->   Operation 11 'add' 'add_ln89' <Predicate = true> <Delay = 0.78> <CoreInst = "Adder">   --->   Core 1 'Adder' <Latency = 0> <II = 1> <Delay = 0.78> <FuncUnit> <Opcode : 'add' 'sub'> <InPorts = 2> <OutPorts = 1>
ST_1 : Operation 12 [1/1] (0.00ns)   --->   "%br_ln89 = br i1 %icmp_ln89, void %for.inc.split.i, void %for.end.i.exitStub" [../src/sobel.cpp:89->../src/canny_top.cpp:30]   --->   Operation 12 'br' 'br_ln89' <Predicate = true> <Delay = 0.00>
ST_1 : Operation 13 [1/1] (0.00ns)   --->   "%zext_ln89 = zext i10 %column_1" [../src/sobel.cpp:89->../src/canny_top.cpp:30]   --->   Operation 13 'zext' 'zext_ln89' <Predicate = (!icmp_ln89)> <Delay = 0.00>
ST_1 : Operation 14 [1/1] (0.00ns)   --->   "%trunc_ln89 = trunc i10 %column_1" [../src/sobel.cpp:89->../src/canny_top.cpp:30]   --->   Operation 14 'trunc' 'trunc_ln89' <Predicate = (!icmp_ln89)> <Delay = 0.00>
ST_1 : Operation 15 [1/1] (0.00ns)   --->   "%lshr_ln = partselect i8 @_ssdm_op_PartSelect.i8.i10.i32.i32, i10 %column_1, i32 1, i32 8" [../src/sobel.cpp:89->../src/canny_top.cpp:30]   --->   Operation 15 'partselect' 'lshr_ln' <Predicate = (!icmp_ln89)> <Delay = 0.00>
ST_1 : Operation 16 [1/1] (0.00ns)   --->   "%out_gaussian_addr = getelementptr i8 %out_gaussian, i64 0, i64 %zext_ln89" [../src/sobel.cpp:90->../src/canny_top.cpp:30]   --->   Operation 16 'getelementptr' 'out_gaussian_addr' <Predicate = (!icmp_ln89)> <Delay = 0.00>
ST_1 : Operation 17 [2/2] (1.23ns)   --->   "%out_gaussian_load = load i9 %out_gaussian_addr" [../src/sobel.cpp:90->../src/canny_top.cpp:30]   --->   Operation 17 'load' 'out_gaussian_load' <Predicate = (!icmp_ln89)> <Delay = 1.23> <CoreInst = "RAM">   --->   Core 82 'RAM' <Latency = 1> <II = 1> <Delay = 1.23> <Storage> <Opcode : 'load' 'store'> <Ports = 2> <Width = 8> <Depth = 512> <RAM>
ST_1 : Operation 18 [1/1] (0.00ns)   --->   "%br_ln90 = br i1 %trunc_ln89, void %arrayidx46.case.0.i, void %arrayidx46.case.1.i" [../src/sobel.cpp:90->../src/canny_top.cpp:30]   --->   Operation 18 'br' 'br_ln90' <Predicate = (!icmp_ln89)> <Delay = 0.00>
ST_1 : Operation 19 [1/1] (0.00ns)   --->   "%out_sobel_magnitude_addr = getelementptr i8 %out_sobel_magnitude, i64 0, i64 %zext_ln89" [../src/sobel.cpp:92->../src/canny_top.cpp:30]   --->   Operation 19 'getelementptr' 'out_sobel_magnitude_addr' <Predicate = (!icmp_ln89)> <Delay = 0.00>
ST_1 : Operation 20 [1/1] ( I:1.23ns O:1.23ns )   --->   "%store_ln92 = store i8 0, i9 %out_sobel_magnitude_addr" [../src/sobel.cpp:92->../src/canny_top.cpp:30]   --->   Operation 20 'store' 'store_ln92' <Predicate = (!icmp_ln89)> <Delay = 1.23> <CoreInst = "RAM">   --->   Core 82 'RAM' <Latency = 1> <II = 1> <Delay = 1.23> <Storage> <Opcode : 'load' 'store'> <Ports = 2> <Width = 8> <Depth = 512> <RAM>
ST_1 : Operation 21 [1/1] (0.00ns)   --->   "%out_sobel_direction_addr = getelementptr i2 %out_sobel_direction, i64 0, i64 %zext_ln89" [../src/sobel.cpp:93->../src/canny_top.cpp:30]   --->   Operation 21 'getelementptr' 'out_sobel_direction_addr' <Predicate = (!icmp_ln89)> <Delay = 0.00>
ST_1 : Operation 22 [1/1] ( I:1.23ns O:1.23ns )   --->   "%store_ln93 = store i2 0, i9 %out_sobel_direction_addr" [../src/sobel.cpp:93->../src/canny_top.cpp:30]   --->   Operation 22 'store' 'store_ln93' <Predicate = (!icmp_ln89)> <Delay = 1.23> <CoreInst = "RAM">   --->   Core 82 'RAM' <Latency = 1> <II = 1> <Delay = 1.23> <Storage> <Opcode : 'load' 'store'> <Ports = 2> <Width = 2> <Depth = 512> <RAM>
ST_1 : Operation 23 [1/1] (0.42ns)   --->   "%store_ln89 = store i10 %add_ln89, i10 %column" [../src/sobel.cpp:89->../src/canny_top.cpp:30]   --->   Operation 23 'store' 'store_ln89' <Predicate = (!icmp_ln89)> <Delay = 0.42>
ST_1 : Operation 24 [1/1] (0.00ns)   --->   "%br_ln89 = br void %for.inc.i" [../src/sobel.cpp:89->../src/canny_top.cpp:30]   --->   Operation 24 'br' 'br_ln89' <Predicate = (!icmp_ln89)> <Delay = 0.00>
ST_1 : Operation 37 [1/1] (0.42ns)   --->   "%ret_ln0 = ret"   --->   Operation 37 'ret' 'ret_ln0' <Predicate = (icmp_ln89)> <Delay = 0.42>

State 2 <SV = 1> <Delay = 2.47>
ST_2 : Operation 25 [1/1] (0.00ns)   --->   "%specpipeline_ln89 = specpipeline void @_ssdm_op_SpecPipeline, i32 4294967295, i32 0, i32 0, i32 0, i32 4294967295, void @empty_10" [../src/sobel.cpp:89->../src/canny_top.cpp:30]   --->   Operation 25 'specpipeline' 'specpipeline_ln89' <Predicate = true> <Delay = 0.00>
ST_2 : Operation 26 [1/1] (0.00ns)   --->   "%speclooptripcount_ln89 = speclooptripcount void @_ssdm_op_SpecLoopTripCount, i64 512, i64 512, i64 512" [../src/sobel.cpp:89->../src/canny_top.cpp:30]   --->   Operation 26 'speclooptripcount' 'speclooptripcount_ln89' <Predicate = true> <Delay = 0.00>
ST_2 : Operation 27 [1/1] (0.00ns)   --->   "%specloopname_ln89 = specloopname void @_ssdm_op_SpecLoopName, void @empty_20" [../src/sobel.cpp:89->../src/canny_top.cpp:30]   --->   Operation 27 'specloopname' 'specloopname_ln89' <Predicate = true> <Delay = 0.00>
ST_2 : Operation 28 [1/1] (0.00ns)   --->   "%tmp_3 = bitconcatenate i10 @_ssdm_op_BitConcatenate.i10.i2.i8, i2 %writeSlot_read, i8 %lshr_ln" [../src/sobel.cpp:90->../src/canny_top.cpp:30]   --->   Operation 28 'bitconcatenate' 'tmp_3' <Predicate = true> <Delay = 0.00>
ST_2 : Operation 29 [1/1] (0.00ns)   --->   "%zext_ln90 = zext i10 %tmp_3" [../src/sobel.cpp:90->../src/canny_top.cpp:30]   --->   Operation 29 'zext' 'zext_ln90' <Predicate = true> <Delay = 0.00>
ST_2 : Operation 30 [1/1] (0.00ns)   --->   "%p_anonymous_namespace_lineBuffer_32_0_addr = getelementptr i8 %p_anonymous_namespace_lineBuffer_32_0, i64 0, i64 %zext_ln90" [../src/sobel.cpp:90->../src/canny_top.cpp:30]   --->   Operation 30 'getelementptr' 'p_anonymous_namespace_lineBuffer_32_0_addr' <Predicate = true> <Delay = 0.00>
ST_2 : Operation 31 [1/1] (0.00ns)   --->   "%p_anonymous_namespace_lineBuffer_32_1_addr = getelementptr i8 %p_anonymous_namespace_lineBuffer_32_1, i64 0, i64 %zext_ln90" [../src/sobel.cpp:90->../src/canny_top.cpp:30]   --->   Operation 31 'getelementptr' 'p_anonymous_namespace_lineBuffer_32_1_addr' <Predicate = true> <Delay = 0.00>
ST_2 : Operation 32 [1/2] ( I:1.23ns O:1.23ns )   --->   "%out_gaussian_load = load i9 %out_gaussian_addr" [../src/sobel.cpp:90->../src/canny_top.cpp:30]   --->   Operation 32 'load' 'out_gaussian_load' <Predicate = true> <Delay = 1.23> <CoreInst = "RAM">   --->   Core 82 'RAM' <Latency = 1> <II = 1> <Delay = 1.23> <Storage> <Opcode : 'load' 'store'> <Ports = 2> <Width = 8> <Depth = 512> <RAM>
ST_2 : Operation 33 [1/1] ( I:1.23ns O:1.23ns )   --->   "%store_ln90 = store i8 %out_gaussian_load, i10 %p_anonymous_namespace_lineBuffer_32_0_addr" [../src/sobel.cpp:90->../src/canny_top.cpp:30]   --->   Operation 33 'store' 'store_ln90' <Predicate = (!trunc_ln89)> <Delay = 1.23> <CoreInst = "RAM">   --->   Core 82 'RAM' <Latency = 1> <II = 1> <Delay = 1.23> <Storage> <Opcode : 'load' 'store'> <Ports = 2> <Width = 8> <Depth = 768> <RAM>
ST_2 : Operation 34 [1/1] (0.00ns)   --->   "%br_ln90 = br void %arrayidx46.exit.i" [../src/sobel.cpp:90->../src/canny_top.cpp:30]   --->   Operation 34 'br' 'br_ln90' <Predicate = (!trunc_ln89)> <Delay = 0.00>
ST_2 : Operation 35 [1/1] ( I:1.23ns O:1.23ns )   --->   "%store_ln90 = store i8 %out_gaussian_load, i10 %p_anonymous_namespace_lineBuffer_32_1_addr" [../src/sobel.cpp:90->../src/canny_top.cpp:30]   --->   Operation 35 'store' 'store_ln90' <Predicate = (trunc_ln89)> <Delay = 1.23> <CoreInst = "RAM">   --->   Core 82 'RAM' <Latency = 1> <II = 1> <Delay = 1.23> <Storage> <Opcode : 'load' 'store'> <Ports = 2> <Width = 8> <Depth = 768> <RAM>
ST_2 : Operation 36 [1/1] (0.00ns)   --->   "%br_ln90 = br void %arrayidx46.exit.i" [../src/sobel.cpp:90->../src/canny_top.cpp:30]   --->   Operation 36 'br' 'br_ln90' <Predicate = (trunc_ln89)> <Delay = 0.00>


============================================================
+ Verbose Summary: Timing violations
============================================================
Target clock period: 5.000ns, clock uncertainty: 1.350ns.

 <State 1>: 2.451ns
The critical path consists of the following:
	'store' operation ('store_ln89', ../src/sobel.cpp:89->../src/canny_top.cpp:30) of constant 0 10 bit on local variable 'column', ../src/sobel.cpp:89->../src/canny_top.cpp:30 [9]  (0.427 ns)
	'load' operation 10 bit ('column', ../src/sobel.cpp:89->../src/canny_top.cpp:30) on local variable 'column', ../src/sobel.cpp:89->../src/canny_top.cpp:30 [12]  (0.000 ns)
	'icmp' operation 1 bit ('icmp_ln89', ../src/sobel.cpp:89->../src/canny_top.cpp:30) [13]  (0.787 ns)
	'store' operation ('store_ln92', ../src/sobel.cpp:92->../src/canny_top.cpp:30) of constant 0 8 bit on array 'out_sobel_magnitude' [38]  (1.237 ns)

 <State 2>: 2.474ns
The critical path consists of the following:
	'load' operation 8 bit ('out_gaussian_load', ../src/sobel.cpp:90->../src/canny_top.cpp:30) on array 'out_gaussian' [28]  (1.237 ns)
	'store' operation ('store_ln90', ../src/sobel.cpp:90->../src/canny_top.cpp:30) of variable 'out_gaussian_load', ../src/sobel.cpp:90->../src/canny_top.cpp:30 8 bit on array 'p_anonymous_namespace_lineBuffer_32_0' [31]  (1.237 ns)


============================================================
+ Verbose Summary: Binding
============================================================
N/A
* FSMD analyzer results:
  - Output states:
 - Input state : 
  - Chain level:
	State 1
	State 2


============================================================
+ Verbose Summary: Datapath Resource usage 
============================================================
N/A
