

================================================================
== Vitis HLS Report for 'write_frame'
================================================================
* Date:           Sat Aug  1 17:30:25 2026

* Version:        2025.2 (Build 6295257 on Nov 14 2025)
* Project:        canny_top
* Solution:       hls (Vitis Kernel Flow Target)
* Product family: zynquplus
* Target device:  xck26-sfvc784-2LV-c


================================================================
== Performance Estimates
================================================================
+ Timing: 
    * Summary: 
    +--------+---------+----------+------------+
    |  Clock |  Target | Estimated| Uncertainty|
    +--------+---------+----------+------------+
    |ap_clk  |  5.00 ns|  3.650 ns|     1.35 ns|
    +--------+---------+----------+------------+

+ Latency: 
    * Summary: 
    +---------+---------+----------+----------+--------+--------+------------------------------------------------+
    |  Latency (cycles) |  Latency (absolute) |     Interval    |                    Pipeline                    |
    |   min   |   max   |    min   |    max   |   min  |   max  |                      Type                      |
    +---------+---------+----------+----------+--------+--------+------------------------------------------------+
    |   307272|   307272|  1.536 ms|  1.536 ms|  307201|  307201|  loop auto-rewind stp (delay=1 clock cycles(s))|
    +---------+---------+----------+----------+--------+--------+------------------------------------------------+

    + Detail: 
        * Instance: 
        N/A

        * Loop: 
        +---------------------------------+---------+---------+----------+-----------+-----------+--------+----------+
        |                                 |  Latency (cycles) | Iteration|  Initiation Interval  |  Trip  |          |
        |            Loop Name            |   min   |   max   |  Latency |  achieved |   target  |  Count | Pipelined|
        +---------------------------------+---------+---------+----------+-----------+-----------+--------+----------+
        |- VITIS_LOOP_7_1_VITIS_LOOP_8_2  |   307270|   307270|        72|          1|          1|  307200|       yes|
        +---------------------------------+---------+---------+----------+-----------+-----------+--------+----------+

============================================================
+ Verbose Summary: Synthesis Manager
============================================================
InlineROM: 1
ExposeGlobal: 0
============================================================
+ Verbose Summary: CDFG Model
============================================================
IsTopModel: 0
ResetActiveHigh: 1
IsCombinational: 2
IsDatapathOnly: 0
HasWiredReturn: 1
HasMFsm: 2
HasVarLatency: 1
IsPipeline: 0
IsRtlPipelined: 0
IsInstanceOverlapped: 0
IsDontTouch: 0
HasImplIP: 0
IsGatedGlobalClock: 0

+ Individual pipeline summary: 
  * Pipeline-0: initiation interval (II) = 1, depth = 72


============================================================
+ Verbose Summary: Schedule
============================================================
* Number of FSM states : 72
* Pipeline : 1
  Pipeline-0 : II = 1, D = 72, States = { 1 2 3 4 5 6 7 8 9 10 11 12 13 14 15 16 17 18 19 20 21 22 23 24 25 26 27 28 29 30 31 32 33 34 35 36 37 38 39 40 41 42 43 44 45 46 47 48 49 50 51 52 53 54 55 56 57 58 59 60 61 62 63 64 65 66 67 68 69 70 71 72 }
* Dataflow Pipeline: 0

* FSM state transitions: 
1 --> 2 
2 --> 3 
3 --> 4 
4 --> 5 
5 --> 6 
6 --> 7 
7 --> 8 
8 --> 9 
9 --> 10 
10 --> 11 
11 --> 12 
12 --> 13 
13 --> 14 
14 --> 15 
15 --> 16 
16 --> 17 
17 --> 18 
18 --> 19 
19 --> 20 
20 --> 21 
21 --> 22 
22 --> 23 
23 --> 24 
24 --> 25 
25 --> 26 
26 --> 27 
27 --> 28 
28 --> 29 
29 --> 30 
30 --> 31 
31 --> 32 
32 --> 33 
33 --> 34 
34 --> 35 
35 --> 36 
36 --> 37 
37 --> 38 
38 --> 39 
39 --> 40 
40 --> 41 
41 --> 42 
42 --> 43 
43 --> 44 
44 --> 45 
45 --> 46 
46 --> 47 
47 --> 48 
48 --> 49 
49 --> 50 
50 --> 51 
51 --> 52 
52 --> 53 
53 --> 54 
54 --> 55 
55 --> 56 
56 --> 57 
57 --> 58 
58 --> 59 
59 --> 60 
60 --> 61 
61 --> 62 
62 --> 63 
63 --> 64 
64 --> 65 
65 --> 66 
66 --> 67 
67 --> 68 
68 --> 69 
69 --> 70 
70 --> 71 
71 --> 72 
72 --> 

* FSM state operations: 

State 1 <SV = 0> <Delay = 1.73>
ST_1 : Operation 75 [1/1] (0.00ns)   --->   "%indvar_flatten2 = alloca i32 1"   --->   Operation 75 'alloca' 'indvar_flatten2' <Predicate = true> <Delay = 0.00>
ST_1 : Operation 76 [1/1] (0.00ns)   --->   "%col = alloca i32 1" [../src/write_frame.cpp:8]   --->   Operation 76 'alloca' 'col' <Predicate = true> <Delay = 0.00>
ST_1 : Operation 77 [1/1] (0.00ns)   --->   "%phi_ln104 = alloca i32 1"   --->   Operation 77 'alloca' 'phi_ln104' <Predicate = true> <Delay = 0.00>
ST_1 : Operation 78 [1/1] (0.00ns)   --->   "%sext_ln76 = alloca i32 1"   --->   Operation 78 'alloca' 'sext_ln76' <Predicate = true> <Delay = 0.00>
ST_1 : Operation 79 [1/1] (0.00ns)   --->   "%specinterface_ln0 = specinterface void @_ssdm_op_SpecInterface, i64 %out_r, void @ap_fifo_str, i32 0, i32 0, void @p_str, i32 0, i32 0, void @p_str, void @p_str, void @p_str, i32 2, i32 2, i32 16, i32 16, void @p_str, void @ScalarProp_str, i32 4294967295, i32 0, i32 0, i32 0"   --->   Operation 79 'specinterface' 'specinterface_ln0' <Predicate = true> <Delay = 0.00>
ST_1 : Operation 80 [1/1] (0.00ns)   --->   "%specinterface_ln0 = specinterface void @_ssdm_op_SpecInterface, i8 %hyst4_out, void @empty_10, i32 0, i32 0, void @empty_4, i32 0, i32 0, void @empty_4, void @empty_4, void @empty_4, i32 0, i32 0, i32 0, i32 0, void @empty_4, void @empty_4, i32 4294967295, i32 0, i32 0, i32 0"   --->   Operation 80 'specinterface' 'specinterface_ln0' <Predicate = true> <Delay = 0.00>
ST_1 : Operation 81 [1/1] (0.00ns)   --->   "%specinterface_ln0 = specinterface void @_ssdm_op_SpecInterface, i512 %gmem, void @empty_0, i32 0, i32 0, void @empty_4, i32 64, i32 0, void @empty_6, void @empty_11, void @empty_4, i32 16, i32 4, i32 16, i32 8, void @empty_4, void @empty_4, i32 4294967295, i32 0, i32 0, i32 64"   --->   Operation 81 'specinterface' 'specinterface_ln0' <Predicate = true> <Delay = 0.00>
ST_1 : Operation 82 [1/1] (0.42ns)   --->   "%store_ln0 = store i504 0, i504 %phi_ln104"   --->   Operation 82 'store' 'store_ln0' <Predicate = true> <Delay = 0.42>
ST_1 : Operation 83 [1/1] (0.42ns)   --->   "%store_ln8 = store i10 0, i10 %col" [../src/write_frame.cpp:8]   --->   Operation 83 'store' 'store_ln8' <Predicate = true> <Delay = 0.42>
ST_1 : Operation 84 [1/1] (0.42ns)   --->   "%store_ln0 = store i19 0, i19 %indvar_flatten2"   --->   Operation 84 'store' 'store_ln0' <Predicate = true> <Delay = 0.42>
ST_1 : Operation 85 [1/1] (0.42ns)   --->   "%br_ln0 = br void %new.header"   --->   Operation 85 'br' 'br_ln0' <Predicate = true> <Delay = 0.42>
ST_1 : Operation 86 [1/1] (0.00ns)   --->   "%first_iter_0 = phi i1 1, void %entry, i1 0, void %new.latch.for.inc.split._crit_edge"   --->   Operation 86 'phi' 'first_iter_0' <Predicate = true> <Delay = 0.00>
ST_1 : Operation 87 [1/1] (0.00ns)   --->   "%icmp_ln85 = phi i1 0, void %entry, i1 %icmp_ln8, void %new.latch.for.inc.split._crit_edge" [../src/write_frame.cpp:8]   --->   Operation 87 'phi' 'icmp_ln85' <Predicate = true> <Delay = 0.00>
ST_1 : Operation 88 [1/1] (0.00ns)   --->   "%br_ln0 = br i1 %first_iter_0, void %for.inc5, void %for.first.iter.for.inc5"   --->   Operation 88 'br' 'br_ln0' <Predicate = true> <Delay = 0.00>
ST_1 : Operation 89 [1/1] (0.00ns)   --->   "%indvar_flatten2_load = load i19 %indvar_flatten2" [../src/write_frame.cpp:7]   --->   Operation 89 'load' 'indvar_flatten2_load' <Predicate = true> <Delay = 0.00>
ST_1 : Operation 90 [1/1] (0.88ns)   --->   "%add_ln7 = add i19 %indvar_flatten2_load, i19 1" [../src/write_frame.cpp:7]   --->   Operation 90 'add' 'add_ln7' <Predicate = true> <Delay = 0.88> <CoreInst = "Adder">   --->   Core 1 'Adder' <Latency = 0> <II = 1> <Delay = 0.88> <FuncUnit> <Opcode : 'add' 'sub'> <InPorts = 2> <OutPorts = 1>
ST_1 : Operation 91 [1/1] (0.00ns)   --->   "%indvar_flatten2_load_1 = load i19 %indvar_flatten2" [../src/write_frame.cpp:7]   --->   Operation 91 'load' 'indvar_flatten2_load_1' <Predicate = true> <Delay = 0.00>
ST_1 : Operation 92 [1/1] (0.88ns)   --->   "%icmp_ln7 = icmp_eq  i19 %indvar_flatten2_load_1, i19 307199" [../src/write_frame.cpp:7]   --->   Operation 92 'icmp' 'icmp_ln7' <Predicate = true> <Delay = 0.88> <CoreInst = "Cmp">   --->   Core 9 'Cmp' <Latency = 0> <II = 1> <Delay = 0.88> <FuncUnit> <Opcode : 'seteq' 'setne' 'setle' 'setge' 'setlt' 'setgt'> <InPorts = 2> <OutPorts = 1>
ST_1 : Operation 93 [1/1] (0.00ns)   --->   "%br_ln7 = br i1 %icmp_ln7, void %new.latch.for.inc.split._crit_edge, void %last.iter.for.inc.split._crit_edge" [../src/write_frame.cpp:7]   --->   Operation 93 'br' 'br_ln7' <Predicate = true> <Delay = 0.00>
ST_1 : Operation 94 [1/1] (0.42ns)   --->   "%store_ln7 = store i19 %add_ln7, i19 %indvar_flatten2" [../src/write_frame.cpp:7]   --->   Operation 94 'store' 'store_ln7' <Predicate = true> <Delay = 0.42>
ST_1 : Operation 95 [1/1] (0.00ns)   --->   "%br_ln7 = br i1 %icmp_ln7, void %new.header, void %for.end7" [../src/write_frame.cpp:7]   --->   Operation 95 'br' 'br_ln7' <Predicate = true> <Delay = 0.00>

State 2 <SV = 1> <Delay = 1.82>
ST_2 : Operation 96 [1/1] ( I:1.82ns O:1.82ns )   --->   "%out_1 = read i64 @_ssdm_op_Read.ap_fifo.i64P0A, i64 %out_r"   --->   Operation 96 'read' 'out_1' <Predicate = (first_iter_0)> <Delay = 1.82> <CoreInst = "FIFO_SRL">   --->   Core 80 'FIFO_SRL' <Latency = 0> <II = 1> <Delay = 1.97> <Storage> <Opcode : 'read' 'write' 'nbread' 'nbwrite'> <Ports = 0> <Width = 64> <Depth = 11> <FIFO>
ST_2 : Operation 97 [1/1] (0.00ns)   --->   "%trunc_ln7 = partselect i58 @_ssdm_op_PartSelect.i58.i64.i32.i32, i64 %out_1, i32 6, i32 63" [../src/write_frame.cpp:7]   --->   Operation 97 'partselect' 'trunc_ln7' <Predicate = (first_iter_0)> <Delay = 0.00>

State 3 <SV = 2> <Delay = 3.65>
ST_3 : Operation 98 [1/1] (0.00ns)   --->   "%sext_ln7 = sext i58 %trunc_ln7" [../src/write_frame.cpp:7]   --->   Operation 98 'sext' 'sext_ln7' <Predicate = (first_iter_0)> <Delay = 0.00>
ST_3 : Operation 99 [1/1] (0.00ns)   --->   "%gmem_addr = getelementptr i512 %gmem, i64 %sext_ln7" [../src/write_frame.cpp:7]   --->   Operation 99 'getelementptr' 'gmem_addr' <Predicate = (first_iter_0)> <Delay = 0.00>
ST_3 : Operation 100 [1/1] ( I:3.65ns O:3.65ns )   --->   "%empty = writereq i1 @_ssdm_op_WriteReq.m_axi.p1i512, i512 %gmem_addr, i64 4800" [../src/write_frame.cpp:7]   --->   Operation 100 'writereq' 'empty' <Predicate = (first_iter_0)> <Delay = 3.65> <CoreInst = "m_axi">   --->   Core 119 'm_axi' <Latency = 9> <II = 1> <Delay = 1.00> <Adapter> <Opcode : 'readrequnaligned' 'writerequnaligned' 'read' 'write' 'readreq' 'writereq' 'writeresp'>
ST_3 : Operation 101 [1/1] (0.00ns)   --->   "%store_ln7 = store i64 %sext_ln7, i64 %sext_ln76" [../src/write_frame.cpp:7]   --->   Operation 101 'store' 'store_ln7' <Predicate = (first_iter_0)> <Delay = 0.00>
ST_3 : Operation 102 [1/1] (0.00ns)   --->   "%br_ln0 = br void %for.inc5"   --->   Operation 102 'br' 'br_ln0' <Predicate = (first_iter_0)> <Delay = 0.00>
ST_3 : Operation 103 [1/1] (0.00ns)   --->   "%col_load = load i10 %col" [../src/write_frame.cpp:7]   --->   Operation 103 'load' 'col_load' <Predicate = true> <Delay = 0.00>
ST_3 : Operation 104 [1/1] (0.00ns)   --->   "%phi_ln104_load = load i504 %phi_ln104" [../src/write_frame.cpp:7]   --->   Operation 104 'load' 'phi_ln104_load' <Predicate = true> <Delay = 0.00>
ST_3 : Operation 105 [1/1] (0.00ns)   --->   "%specloopname_ln0 = specloopname void @_ssdm_op_SpecLoopName, void @VITIS_LOOP_7_1_VITIS_LOOP_8_2_str"   --->   Operation 105 'specloopname' 'specloopname_ln0' <Predicate = true> <Delay = 0.00>
ST_3 : Operation 106 [1/1] (0.00ns)   --->   "%speclooptripcount_ln0 = speclooptripcount void @_ssdm_op_SpecLoopTripCount, i64 307200, i64 307200, i64 307200"   --->   Operation 106 'speclooptripcount' 'speclooptripcount_ln0' <Predicate = true> <Delay = 0.00>
ST_3 : Operation 107 [1/1] (0.40ns)   --->   "%select_ln7 = select i1 %icmp_ln85, i10 0, i10 %col_load" [../src/write_frame.cpp:7]   --->   Operation 107 'select' 'select_ln7' <Predicate = true> <Delay = 0.40> <CoreInst = "Sel">   --->   Core 73 'Sel' <Latency = 0> <II = 1> <Delay = 0.40> <FuncUnit> <Opcode : 'select'> <InPorts = 3> <OutPorts = 1>
ST_3 : Operation 108 [1/1] (0.60ns)   --->   "%select_ln7_1 = select i1 %icmp_ln85, i504 0, i504 %phi_ln104_load" [../src/write_frame.cpp:7]   --->   Operation 108 'select' 'select_ln7_1' <Predicate = true> <Delay = 0.60> <CoreInst = "Sel">   --->   Core 73 'Sel' <Latency = 0> <II = 1> <Delay = 0.60> <FuncUnit> <Opcode : 'select'> <InPorts = 3> <OutPorts = 1>
ST_3 : Operation 109 [1/1] (0.00ns)   --->   "%trunc_ln8 = trunc i10 %select_ln7" [../src/write_frame.cpp:8]   --->   Operation 109 'trunc' 'trunc_ln8' <Predicate = true> <Delay = 0.00>
ST_3 : Operation 110 [1/1] (0.00ns)   --->   "%specpipeline_ln9 = specpipeline void @_ssdm_op_SpecPipeline, i32 1, i32 0, i32 0, i32 0, i32 4294967295, void @empty_4" [../src/write_frame.cpp:9]   --->   Operation 110 'specpipeline' 'specpipeline_ln9' <Predicate = true> <Delay = 0.00>
ST_3 : Operation 111 [1/1] ( I:1.75ns O:1.75ns )   --->   "%hyst4_out_read = read i8 @_ssdm_op_Read.ap_fifo.volatile.i8P0A, i8 %hyst4_out" [../src/write_frame.cpp:10]   --->   Operation 111 'read' 'hyst4_out_read' <Predicate = true> <Delay = 1.75> <CoreInst = "FIFO">   --->   Core 77 'FIFO' <Latency = 0> <II = 1> <Delay = 1.75> <Storage> <Opcode : 'read' 'write' 'nbread' 'nbwrite'> <Ports = 0> <Width = 8> <Depth = 1280> <FIFO>
ST_3 : Operation 112 [1/1] (0.78ns)   --->   "%icmp_ln10 = icmp_eq  i6 %trunc_ln8, i6 63" [../src/write_frame.cpp:10]   --->   Operation 112 'icmp' 'icmp_ln10' <Predicate = true> <Delay = 0.78> <CoreInst = "Cmp">   --->   Core 9 'Cmp' <Latency = 0> <II = 1> <Delay = 0.78> <FuncUnit> <Opcode : 'seteq' 'setne' 'setle' 'setge' 'setlt' 'setgt'> <InPorts = 2> <OutPorts = 1>
ST_3 : Operation 113 [1/1] (0.00ns)   --->   "%or_ln = bitconcatenate i512 @_ssdm_op_BitConcatenate.i512.i8.i504, i8 %hyst4_out_read, i504 %select_ln7_1" [../src/write_frame.cpp:10]   --->   Operation 113 'bitconcatenate' 'or_ln' <Predicate = true> <Delay = 0.00>
ST_3 : Operation 114 [1/1] (0.00ns)   --->   "%br_ln10 = br i1 %icmp_ln10, void %for.inc.split._crit_edge, void" [../src/write_frame.cpp:10]   --->   Operation 114 'br' 'br_ln10' <Predicate = true> <Delay = 0.00>
ST_3 : Operation 115 [1/1] (0.78ns)   --->   "%col_2 = add i10 %select_ln7, i10 1" [../src/write_frame.cpp:8]   --->   Operation 115 'add' 'col_2' <Predicate = true> <Delay = 0.78> <CoreInst = "Adder">   --->   Core 1 'Adder' <Latency = 0> <II = 1> <Delay = 0.78> <FuncUnit> <Opcode : 'add' 'sub'> <InPorts = 2> <OutPorts = 1>
ST_3 : Operation 116 [1/1] (0.00ns)   --->   "%tmp = partselect i496 @_ssdm_op_PartSelect.i496.i504.i32.i32, i504 %select_ln7_1, i32 8, i32 503" [../src/write_frame.cpp:8]   --->   Operation 116 'partselect' 'tmp' <Predicate = true> <Delay = 0.00>
ST_3 : Operation 117 [1/1] (0.00ns)   --->   "%tmp_1 = bitconcatenate i504 @_ssdm_op_BitConcatenate.i504.i8.i496, i8 %hyst4_out_read, i496 %tmp" [../src/write_frame.cpp:8]   --->   Operation 117 'bitconcatenate' 'tmp_1' <Predicate = true> <Delay = 0.00>
ST_3 : Operation 118 [1/1] (0.60ns)   --->   "%select_ln10 = select i1 %icmp_ln10, i504 0, i504 %tmp_1" [../src/write_frame.cpp:10]   --->   Operation 118 'select' 'select_ln10' <Predicate = true> <Delay = 0.60> <CoreInst = "Sel">   --->   Core 73 'Sel' <Latency = 0> <II = 1> <Delay = 0.60> <FuncUnit> <Opcode : 'select'> <InPorts = 3> <OutPorts = 1>
ST_3 : Operation 119 [1/1] (0.78ns)   --->   "%icmp_ln8 = icmp_eq  i10 %col_2, i10 640" [../src/write_frame.cpp:8]   --->   Operation 119 'icmp' 'icmp_ln8' <Predicate = true> <Delay = 0.78> <CoreInst = "Cmp">   --->   Core 9 'Cmp' <Latency = 0> <II = 1> <Delay = 0.78> <FuncUnit> <Opcode : 'seteq' 'setne' 'setle' 'setge' 'setlt' 'setgt'> <InPorts = 2> <OutPorts = 1>
ST_3 : Operation 120 [1/1] (0.42ns)   --->   "%store_ln10 = store i504 %select_ln10, i504 %phi_ln104" [../src/write_frame.cpp:10]   --->   Operation 120 'store' 'store_ln10' <Predicate = true> <Delay = 0.42>
ST_3 : Operation 121 [1/1] (0.42ns)   --->   "%store_ln8 = store i10 %col_2, i10 %col" [../src/write_frame.cpp:8]   --->   Operation 121 'store' 'store_ln8' <Predicate = true> <Delay = 0.42>

State 4 <SV = 3> <Delay = 3.65>
ST_4 : Operation 122 [1/1] (0.00ns)   --->   "%sext_ln76_load_1 = load i64 %sext_ln76" [../src/write_frame.cpp:7]   --->   Operation 122 'load' 'sext_ln76_load_1' <Predicate = (icmp_ln10)> <Delay = 0.00>
ST_4 : Operation 123 [1/1] (0.00ns)   --->   "%gmem_addr_1 = getelementptr i512 %gmem, i64 %sext_ln76_load_1" [../src/write_frame.cpp:7]   --->   Operation 123 'getelementptr' 'gmem_addr_1' <Predicate = (icmp_ln10)> <Delay = 0.00>
ST_4 : Operation 124 [1/1] ( I:3.65ns O:3.65ns )   --->   "%write_ln10 = write void @_ssdm_op_Write.m_axi.p1i512.i512, i512 %gmem_addr_1, i512 %or_ln, i64 18446744073709551615" [../src/write_frame.cpp:10]   --->   Operation 124 'write' 'write_ln10' <Predicate = (icmp_ln10)> <Delay = 3.65> <CoreInst = "m_axi">   --->   Core 119 'm_axi' <Latency = 5> <II = 1> <Delay = 1.00> <Adapter> <Opcode : 'readrequnaligned' 'writerequnaligned' 'read' 'write' 'readreq' 'writereq' 'writeresp'>
ST_4 : Operation 125 [1/1] (0.00ns)   --->   "%br_ln10 = br void %for.inc.split._crit_edge" [../src/write_frame.cpp:10]   --->   Operation 125 'br' 'br_ln10' <Predicate = (icmp_ln10)> <Delay = 0.00>
ST_4 : Operation 126 [1/1] (0.00ns)   --->   "%sext_ln76_load = load i64 %sext_ln76" [../src/write_frame.cpp:7]   --->   Operation 126 'load' 'sext_ln76_load' <Predicate = (icmp_ln7)> <Delay = 0.00>

State 5 <SV = 4> <Delay = 3.65>
ST_5 : Operation 127 [1/1] (0.00ns)   --->   "%gmem_addr_2 = getelementptr i512 %gmem, i64 %sext_ln76_load" [../src/write_frame.cpp:7]   --->   Operation 127 'getelementptr' 'gmem_addr_2' <Predicate = (icmp_ln7)> <Delay = 0.00>
ST_5 : Operation 128 [68/68] (3.65ns)   --->   "%empty_51 = writeresp i1 @_ssdm_op_WriteResp.m_axi.p1i512, i512 %gmem_addr_2" [../src/write_frame.cpp:13]   --->   Operation 128 'writeresp' 'empty_51' <Predicate = (icmp_ln7)> <Delay = 3.65> <CoreInst = "m_axi">   --->   Core 119 'm_axi' <Latency = 3> <II = 1> <Delay = 1.00> <Adapter> <Opcode : 'readrequnaligned' 'writerequnaligned' 'read' 'write' 'readreq' 'writereq' 'writeresp'>

State 6 <SV = 5> <Delay = 0.00>
ST_6 : Operation 129 [67/68] (3.65ns)   --->   "%empty_51 = writeresp i1 @_ssdm_op_WriteResp.m_axi.p1i512, i512 %gmem_addr_2" [../src/write_frame.cpp:13]   --->   Operation 129 'writeresp' 'empty_51' <Predicate = (icmp_ln7)> <Delay = 3.65> <CoreInst = "m_axi">   --->   Core 119 'm_axi' <Latency = 3> <II = 1> <Delay = 1.00> <Adapter> <Opcode : 'readrequnaligned' 'writerequnaligned' 'read' 'write' 'readreq' 'writereq' 'writeresp'>

State 7 <SV = 6> <Delay = 0.00>
ST_7 : Operation 130 [66/68] (3.65ns)   --->   "%empty_51 = writeresp i1 @_ssdm_op_WriteResp.m_axi.p1i512, i512 %gmem_addr_2" [../src/write_frame.cpp:13]   --->   Operation 130 'writeresp' 'empty_51' <Predicate = (icmp_ln7)> <Delay = 3.65> <CoreInst = "m_axi">   --->   Core 119 'm_axi' <Latency = 3> <II = 1> <Delay = 1.00> <Adapter> <Opcode : 'readrequnaligned' 'writerequnaligned' 'read' 'write' 'readreq' 'writereq' 'writeresp'>

State 8 <SV = 7> <Delay = 0.00>
ST_8 : Operation 131 [65/68] (3.65ns)   --->   "%empty_51 = writeresp i1 @_ssdm_op_WriteResp.m_axi.p1i512, i512 %gmem_addr_2" [../src/write_frame.cpp:13]   --->   Operation 131 'writeresp' 'empty_51' <Predicate = (icmp_ln7)> <Delay = 3.65> <CoreInst = "m_axi">   --->   Core 119 'm_axi' <Latency = 3> <II = 1> <Delay = 1.00> <Adapter> <Opcode : 'readrequnaligned' 'writerequnaligned' 'read' 'write' 'readreq' 'writereq' 'writeresp'>

State 9 <SV = 8> <Delay = 0.00>
ST_9 : Operation 132 [64/68] (3.65ns)   --->   "%empty_51 = writeresp i1 @_ssdm_op_WriteResp.m_axi.p1i512, i512 %gmem_addr_2" [../src/write_frame.cpp:13]   --->   Operation 132 'writeresp' 'empty_51' <Predicate = (icmp_ln7)> <Delay = 3.65> <CoreInst = "m_axi">   --->   Core 119 'm_axi' <Latency = 3> <II = 1> <Delay = 1.00> <Adapter> <Opcode : 'readrequnaligned' 'writerequnaligned' 'read' 'write' 'readreq' 'writereq' 'writeresp'>

State 10 <SV = 9> <Delay = 0.00>
ST_10 : Operation 133 [63/68] (3.65ns)   --->   "%empty_51 = writeresp i1 @_ssdm_op_WriteResp.m_axi.p1i512, i512 %gmem_addr_2" [../src/write_frame.cpp:13]   --->   Operation 133 'writeresp' 'empty_51' <Predicate = (icmp_ln7)> <Delay = 3.65> <CoreInst = "m_axi">   --->   Core 119 'm_axi' <Latency = 3> <II = 1> <Delay = 1.00> <Adapter> <Opcode : 'readrequnaligned' 'writerequnaligned' 'read' 'write' 'readreq' 'writereq' 'writeresp'>

State 11 <SV = 10> <Delay = 0.00>
ST_11 : Operation 134 [62/68] (3.65ns)   --->   "%empty_51 = writeresp i1 @_ssdm_op_WriteResp.m_axi.p1i512, i512 %gmem_addr_2" [../src/write_frame.cpp:13]   --->   Operation 134 'writeresp' 'empty_51' <Predicate = (icmp_ln7)> <Delay = 3.65> <CoreInst = "m_axi">   --->   Core 119 'm_axi' <Latency = 3> <II = 1> <Delay = 1.00> <Adapter> <Opcode : 'readrequnaligned' 'writerequnaligned' 'read' 'write' 'readreq' 'writereq' 'writeresp'>

State 12 <SV = 11> <Delay = 0.00>
ST_12 : Operation 135 [61/68] (3.65ns)   --->   "%empty_51 = writeresp i1 @_ssdm_op_WriteResp.m_axi.p1i512, i512 %gmem_addr_2" [../src/write_frame.cpp:13]   --->   Operation 135 'writeresp' 'empty_51' <Predicate = (icmp_ln7)> <Delay = 3.65> <CoreInst = "m_axi">   --->   Core 119 'm_axi' <Latency = 3> <II = 1> <Delay = 1.00> <Adapter> <Opcode : 'readrequnaligned' 'writerequnaligned' 'read' 'write' 'readreq' 'writereq' 'writeresp'>

State 13 <SV = 12> <Delay = 0.00>
ST_13 : Operation 136 [60/68] (3.65ns)   --->   "%empty_51 = writeresp i1 @_ssdm_op_WriteResp.m_axi.p1i512, i512 %gmem_addr_2" [../src/write_frame.cpp:13]   --->   Operation 136 'writeresp' 'empty_51' <Predicate = (icmp_ln7)> <Delay = 3.65> <CoreInst = "m_axi">   --->   Core 119 'm_axi' <Latency = 3> <II = 1> <Delay = 1.00> <Adapter> <Opcode : 'readrequnaligned' 'writerequnaligned' 'read' 'write' 'readreq' 'writereq' 'writeresp'>

State 14 <SV = 13> <Delay = 0.00>
ST_14 : Operation 137 [59/68] (3.65ns)   --->   "%empty_51 = writeresp i1 @_ssdm_op_WriteResp.m_axi.p1i512, i512 %gmem_addr_2" [../src/write_frame.cpp:13]   --->   Operation 137 'writeresp' 'empty_51' <Predicate = (icmp_ln7)> <Delay = 3.65> <CoreInst = "m_axi">   --->   Core 119 'm_axi' <Latency = 3> <II = 1> <Delay = 1.00> <Adapter> <Opcode : 'readrequnaligned' 'writerequnaligned' 'read' 'write' 'readreq' 'writereq' 'writeresp'>

State 15 <SV = 14> <Delay = 0.00>
ST_15 : Operation 138 [58/68] (3.65ns)   --->   "%empty_51 = writeresp i1 @_ssdm_op_WriteResp.m_axi.p1i512, i512 %gmem_addr_2" [../src/write_frame.cpp:13]   --->   Operation 138 'writeresp' 'empty_51' <Predicate = (icmp_ln7)> <Delay = 3.65> <CoreInst = "m_axi">   --->   Core 119 'm_axi' <Latency = 3> <II = 1> <Delay = 1.00> <Adapter> <Opcode : 'readrequnaligned' 'writerequnaligned' 'read' 'write' 'readreq' 'writereq' 'writeresp'>

State 16 <SV = 15> <Delay = 0.00>
ST_16 : Operation 139 [57/68] (3.65ns)   --->   "%empty_51 = writeresp i1 @_ssdm_op_WriteResp.m_axi.p1i512, i512 %gmem_addr_2" [../src/write_frame.cpp:13]   --->   Operation 139 'writeresp' 'empty_51' <Predicate = (icmp_ln7)> <Delay = 3.65> <CoreInst = "m_axi">   --->   Core 119 'm_axi' <Latency = 3> <II = 1> <Delay = 1.00> <Adapter> <Opcode : 'readrequnaligned' 'writerequnaligned' 'read' 'write' 'readreq' 'writereq' 'writeresp'>

State 17 <SV = 16> <Delay = 0.00>
ST_17 : Operation 140 [56/68] (3.65ns)   --->   "%empty_51 = writeresp i1 @_ssdm_op_WriteResp.m_axi.p1i512, i512 %gmem_addr_2" [../src/write_frame.cpp:13]   --->   Operation 140 'writeresp' 'empty_51' <Predicate = (icmp_ln7)> <Delay = 3.65> <CoreInst = "m_axi">   --->   Core 119 'm_axi' <Latency = 3> <II = 1> <Delay = 1.00> <Adapter> <Opcode : 'readrequnaligned' 'writerequnaligned' 'read' 'write' 'readreq' 'writereq' 'writeresp'>

State 18 <SV = 17> <Delay = 0.00>
ST_18 : Operation 141 [55/68] (3.65ns)   --->   "%empty_51 = writeresp i1 @_ssdm_op_WriteResp.m_axi.p1i512, i512 %gmem_addr_2" [../src/write_frame.cpp:13]   --->   Operation 141 'writeresp' 'empty_51' <Predicate = (icmp_ln7)> <Delay = 3.65> <CoreInst = "m_axi">   --->   Core 119 'm_axi' <Latency = 3> <II = 1> <Delay = 1.00> <Adapter> <Opcode : 'readrequnaligned' 'writerequnaligned' 'read' 'write' 'readreq' 'writereq' 'writeresp'>

State 19 <SV = 18> <Delay = 0.00>
ST_19 : Operation 142 [54/68] (3.65ns)   --->   "%empty_51 = writeresp i1 @_ssdm_op_WriteResp.m_axi.p1i512, i512 %gmem_addr_2" [../src/write_frame.cpp:13]   --->   Operation 142 'writeresp' 'empty_51' <Predicate = (icmp_ln7)> <Delay = 3.65> <CoreInst = "m_axi">   --->   Core 119 'm_axi' <Latency = 3> <II = 1> <Delay = 1.00> <Adapter> <Opcode : 'readrequnaligned' 'writerequnaligned' 'read' 'write' 'readreq' 'writereq' 'writeresp'>

State 20 <SV = 19> <Delay = 0.00>
ST_20 : Operation 143 [53/68] (3.65ns)   --->   "%empty_51 = writeresp i1 @_ssdm_op_WriteResp.m_axi.p1i512, i512 %gmem_addr_2" [../src/write_frame.cpp:13]   --->   Operation 143 'writeresp' 'empty_51' <Predicate = (icmp_ln7)> <Delay = 3.65> <CoreInst = "m_axi">   --->   Core 119 'm_axi' <Latency = 3> <II = 1> <Delay = 1.00> <Adapter> <Opcode : 'readrequnaligned' 'writerequnaligned' 'read' 'write' 'readreq' 'writereq' 'writeresp'>

State 21 <SV = 20> <Delay = 0.00>
ST_21 : Operation 144 [52/68] (3.65ns)   --->   "%empty_51 = writeresp i1 @_ssdm_op_WriteResp.m_axi.p1i512, i512 %gmem_addr_2" [../src/write_frame.cpp:13]   --->   Operation 144 'writeresp' 'empty_51' <Predicate = (icmp_ln7)> <Delay = 3.65> <CoreInst = "m_axi">   --->   Core 119 'm_axi' <Latency = 3> <II = 1> <Delay = 1.00> <Adapter> <Opcode : 'readrequnaligned' 'writerequnaligned' 'read' 'write' 'readreq' 'writereq' 'writeresp'>

State 22 <SV = 21> <Delay = 0.00>
ST_22 : Operation 145 [51/68] (3.65ns)   --->   "%empty_51 = writeresp i1 @_ssdm_op_WriteResp.m_axi.p1i512, i512 %gmem_addr_2" [../src/write_frame.cpp:13]   --->   Operation 145 'writeresp' 'empty_51' <Predicate = (icmp_ln7)> <Delay = 3.65> <CoreInst = "m_axi">   --->   Core 119 'm_axi' <Latency = 3> <II = 1> <Delay = 1.00> <Adapter> <Opcode : 'readrequnaligned' 'writerequnaligned' 'read' 'write' 'readreq' 'writereq' 'writeresp'>

State 23 <SV = 22> <Delay = 0.00>
ST_23 : Operation 146 [50/68] (3.65ns)   --->   "%empty_51 = writeresp i1 @_ssdm_op_WriteResp.m_axi.p1i512, i512 %gmem_addr_2" [../src/write_frame.cpp:13]   --->   Operation 146 'writeresp' 'empty_51' <Predicate = (icmp_ln7)> <Delay = 3.65> <CoreInst = "m_axi">   --->   Core 119 'm_axi' <Latency = 3> <II = 1> <Delay = 1.00> <Adapter> <Opcode : 'readrequnaligned' 'writerequnaligned' 'read' 'write' 'readreq' 'writereq' 'writeresp'>

State 24 <SV = 23> <Delay = 0.00>
ST_24 : Operation 147 [49/68] (3.65ns)   --->   "%empty_51 = writeresp i1 @_ssdm_op_WriteResp.m_axi.p1i512, i512 %gmem_addr_2" [../src/write_frame.cpp:13]   --->   Operation 147 'writeresp' 'empty_51' <Predicate = (icmp_ln7)> <Delay = 3.65> <CoreInst = "m_axi">   --->   Core 119 'm_axi' <Latency = 3> <II = 1> <Delay = 1.00> <Adapter> <Opcode : 'readrequnaligned' 'writerequnaligned' 'read' 'write' 'readreq' 'writereq' 'writeresp'>

State 25 <SV = 24> <Delay = 0.00>
ST_25 : Operation 148 [48/68] (3.65ns)   --->   "%empty_51 = writeresp i1 @_ssdm_op_WriteResp.m_axi.p1i512, i512 %gmem_addr_2" [../src/write_frame.cpp:13]   --->   Operation 148 'writeresp' 'empty_51' <Predicate = (icmp_ln7)> <Delay = 3.65> <CoreInst = "m_axi">   --->   Core 119 'm_axi' <Latency = 3> <II = 1> <Delay = 1.00> <Adapter> <Opcode : 'readrequnaligned' 'writerequnaligned' 'read' 'write' 'readreq' 'writereq' 'writeresp'>

State 26 <SV = 25> <Delay = 0.00>
ST_26 : Operation 149 [47/68] (3.65ns)   --->   "%empty_51 = writeresp i1 @_ssdm_op_WriteResp.m_axi.p1i512, i512 %gmem_addr_2" [../src/write_frame.cpp:13]   --->   Operation 149 'writeresp' 'empty_51' <Predicate = (icmp_ln7)> <Delay = 3.65> <CoreInst = "m_axi">   --->   Core 119 'm_axi' <Latency = 3> <II = 1> <Delay = 1.00> <Adapter> <Opcode : 'readrequnaligned' 'writerequnaligned' 'read' 'write' 'readreq' 'writereq' 'writeresp'>

State 27 <SV = 26> <Delay = 0.00>
ST_27 : Operation 150 [46/68] (3.65ns)   --->   "%empty_51 = writeresp i1 @_ssdm_op_WriteResp.m_axi.p1i512, i512 %gmem_addr_2" [../src/write_frame.cpp:13]   --->   Operation 150 'writeresp' 'empty_51' <Predicate = (icmp_ln7)> <Delay = 3.65> <CoreInst = "m_axi">   --->   Core 119 'm_axi' <Latency = 3> <II = 1> <Delay = 1.00> <Adapter> <Opcode : 'readrequnaligned' 'writerequnaligned' 'read' 'write' 'readreq' 'writereq' 'writeresp'>

State 28 <SV = 27> <Delay = 0.00>
ST_28 : Operation 151 [45/68] (3.65ns)   --->   "%empty_51 = writeresp i1 @_ssdm_op_WriteResp.m_axi.p1i512, i512 %gmem_addr_2" [../src/write_frame.cpp:13]   --->   Operation 151 'writeresp' 'empty_51' <Predicate = (icmp_ln7)> <Delay = 3.65> <CoreInst = "m_axi">   --->   Core 119 'm_axi' <Latency = 3> <II = 1> <Delay = 1.00> <Adapter> <Opcode : 'readrequnaligned' 'writerequnaligned' 'read' 'write' 'readreq' 'writereq' 'writeresp'>

State 29 <SV = 28> <Delay = 0.00>
ST_29 : Operation 152 [44/68] (3.65ns)   --->   "%empty_51 = writeresp i1 @_ssdm_op_WriteResp.m_axi.p1i512, i512 %gmem_addr_2" [../src/write_frame.cpp:13]   --->   Operation 152 'writeresp' 'empty_51' <Predicate = (icmp_ln7)> <Delay = 3.65> <CoreInst = "m_axi">   --->   Core 119 'm_axi' <Latency = 3> <II = 1> <Delay = 1.00> <Adapter> <Opcode : 'readrequnaligned' 'writerequnaligned' 'read' 'write' 'readreq' 'writereq' 'writeresp'>

State 30 <SV = 29> <Delay = 0.00>
ST_30 : Operation 153 [43/68] (3.65ns)   --->   "%empty_51 = writeresp i1 @_ssdm_op_WriteResp.m_axi.p1i512, i512 %gmem_addr_2" [../src/write_frame.cpp:13]   --->   Operation 153 'writeresp' 'empty_51' <Predicate = (icmp_ln7)> <Delay = 3.65> <CoreInst = "m_axi">   --->   Core 119 'm_axi' <Latency = 3> <II = 1> <Delay = 1.00> <Adapter> <Opcode : 'readrequnaligned' 'writerequnaligned' 'read' 'write' 'readreq' 'writereq' 'writeresp'>

State 31 <SV = 30> <Delay = 0.00>
ST_31 : Operation 154 [42/68] (3.65ns)   --->   "%empty_51 = writeresp i1 @_ssdm_op_WriteResp.m_axi.p1i512, i512 %gmem_addr_2" [../src/write_frame.cpp:13]   --->   Operation 154 'writeresp' 'empty_51' <Predicate = (icmp_ln7)> <Delay = 3.65> <CoreInst = "m_axi">   --->   Core 119 'm_axi' <Latency = 3> <II = 1> <Delay = 1.00> <Adapter> <Opcode : 'readrequnaligned' 'writerequnaligned' 'read' 'write' 'readreq' 'writereq' 'writeresp'>

State 32 <SV = 31> <Delay = 0.00>
ST_32 : Operation 155 [41/68] (3.65ns)   --->   "%empty_51 = writeresp i1 @_ssdm_op_WriteResp.m_axi.p1i512, i512 %gmem_addr_2" [../src/write_frame.cpp:13]   --->   Operation 155 'writeresp' 'empty_51' <Predicate = (icmp_ln7)> <Delay = 3.65> <CoreInst = "m_axi">   --->   Core 119 'm_axi' <Latency = 3> <II = 1> <Delay = 1.00> <Adapter> <Opcode : 'readrequnaligned' 'writerequnaligned' 'read' 'write' 'readreq' 'writereq' 'writeresp'>

State 33 <SV = 32> <Delay = 0.00>
ST_33 : Operation 156 [40/68] (3.65ns)   --->   "%empty_51 = writeresp i1 @_ssdm_op_WriteResp.m_axi.p1i512, i512 %gmem_addr_2" [../src/write_frame.cpp:13]   --->   Operation 156 'writeresp' 'empty_51' <Predicate = (icmp_ln7)> <Delay = 3.65> <CoreInst = "m_axi">   --->   Core 119 'm_axi' <Latency = 3> <II = 1> <Delay = 1.00> <Adapter> <Opcode : 'readrequnaligned' 'writerequnaligned' 'read' 'write' 'readreq' 'writereq' 'writeresp'>

State 34 <SV = 33> <Delay = 0.00>
ST_34 : Operation 157 [39/68] (3.65ns)   --->   "%empty_51 = writeresp i1 @_ssdm_op_WriteResp.m_axi.p1i512, i512 %gmem_addr_2" [../src/write_frame.cpp:13]   --->   Operation 157 'writeresp' 'empty_51' <Predicate = (icmp_ln7)> <Delay = 3.65> <CoreInst = "m_axi">   --->   Core 119 'm_axi' <Latency = 3> <II = 1> <Delay = 1.00> <Adapter> <Opcode : 'readrequnaligned' 'writerequnaligned' 'read' 'write' 'readreq' 'writereq' 'writeresp'>

State 35 <SV = 34> <Delay = 0.00>
ST_35 : Operation 158 [38/68] (3.65ns)   --->   "%empty_51 = writeresp i1 @_ssdm_op_WriteResp.m_axi.p1i512, i512 %gmem_addr_2" [../src/write_frame.cpp:13]   --->   Operation 158 'writeresp' 'empty_51' <Predicate = (icmp_ln7)> <Delay = 3.65> <CoreInst = "m_axi">   --->   Core 119 'm_axi' <Latency = 3> <II = 1> <Delay = 1.00> <Adapter> <Opcode : 'readrequnaligned' 'writerequnaligned' 'read' 'write' 'readreq' 'writereq' 'writeresp'>

State 36 <SV = 35> <Delay = 0.00>
ST_36 : Operation 159 [37/68] (3.65ns)   --->   "%empty_51 = writeresp i1 @_ssdm_op_WriteResp.m_axi.p1i512, i512 %gmem_addr_2" [../src/write_frame.cpp:13]   --->   Operation 159 'writeresp' 'empty_51' <Predicate = (icmp_ln7)> <Delay = 3.65> <CoreInst = "m_axi">   --->   Core 119 'm_axi' <Latency = 3> <II = 1> <Delay = 1.00> <Adapter> <Opcode : 'readrequnaligned' 'writerequnaligned' 'read' 'write' 'readreq' 'writereq' 'writeresp'>

State 37 <SV = 36> <Delay = 0.00>
ST_37 : Operation 160 [36/68] (3.65ns)   --->   "%empty_51 = writeresp i1 @_ssdm_op_WriteResp.m_axi.p1i512, i512 %gmem_addr_2" [../src/write_frame.cpp:13]   --->   Operation 160 'writeresp' 'empty_51' <Predicate = (icmp_ln7)> <Delay = 3.65> <CoreInst = "m_axi">   --->   Core 119 'm_axi' <Latency = 3> <II = 1> <Delay = 1.00> <Adapter> <Opcode : 'readrequnaligned' 'writerequnaligned' 'read' 'write' 'readreq' 'writereq' 'writeresp'>

State 38 <SV = 37> <Delay = 0.00>
ST_38 : Operation 161 [35/68] (3.65ns)   --->   "%empty_51 = writeresp i1 @_ssdm_op_WriteResp.m_axi.p1i512, i512 %gmem_addr_2" [../src/write_frame.cpp:13]   --->   Operation 161 'writeresp' 'empty_51' <Predicate = (icmp_ln7)> <Delay = 3.65> <CoreInst = "m_axi">   --->   Core 119 'm_axi' <Latency = 3> <II = 1> <Delay = 1.00> <Adapter> <Opcode : 'readrequnaligned' 'writerequnaligned' 'read' 'write' 'readreq' 'writereq' 'writeresp'>

State 39 <SV = 38> <Delay = 0.00>
ST_39 : Operation 162 [34/68] (3.65ns)   --->   "%empty_51 = writeresp i1 @_ssdm_op_WriteResp.m_axi.p1i512, i512 %gmem_addr_2" [../src/write_frame.cpp:13]   --->   Operation 162 'writeresp' 'empty_51' <Predicate = (icmp_ln7)> <Delay = 3.65> <CoreInst = "m_axi">   --->   Core 119 'm_axi' <Latency = 3> <II = 1> <Delay = 1.00> <Adapter> <Opcode : 'readrequnaligned' 'writerequnaligned' 'read' 'write' 'readreq' 'writereq' 'writeresp'>

State 40 <SV = 39> <Delay = 0.00>
ST_40 : Operation 163 [33/68] (3.65ns)   --->   "%empty_51 = writeresp i1 @_ssdm_op_WriteResp.m_axi.p1i512, i512 %gmem_addr_2" [../src/write_frame.cpp:13]   --->   Operation 163 'writeresp' 'empty_51' <Predicate = (icmp_ln7)> <Delay = 3.65> <CoreInst = "m_axi">   --->   Core 119 'm_axi' <Latency = 3> <II = 1> <Delay = 1.00> <Adapter> <Opcode : 'readrequnaligned' 'writerequnaligned' 'read' 'write' 'readreq' 'writereq' 'writeresp'>

State 41 <SV = 40> <Delay = 0.00>
ST_41 : Operation 164 [32/68] (3.65ns)   --->   "%empty_51 = writeresp i1 @_ssdm_op_WriteResp.m_axi.p1i512, i512 %gmem_addr_2" [../src/write_frame.cpp:13]   --->   Operation 164 'writeresp' 'empty_51' <Predicate = (icmp_ln7)> <Delay = 3.65> <CoreInst = "m_axi">   --->   Core 119 'm_axi' <Latency = 3> <II = 1> <Delay = 1.00> <Adapter> <Opcode : 'readrequnaligned' 'writerequnaligned' 'read' 'write' 'readreq' 'writereq' 'writeresp'>

State 42 <SV = 41> <Delay = 0.00>
ST_42 : Operation 165 [31/68] (3.65ns)   --->   "%empty_51 = writeresp i1 @_ssdm_op_WriteResp.m_axi.p1i512, i512 %gmem_addr_2" [../src/write_frame.cpp:13]   --->   Operation 165 'writeresp' 'empty_51' <Predicate = (icmp_ln7)> <Delay = 3.65> <CoreInst = "m_axi">   --->   Core 119 'm_axi' <Latency = 3> <II = 1> <Delay = 1.00> <Adapter> <Opcode : 'readrequnaligned' 'writerequnaligned' 'read' 'write' 'readreq' 'writereq' 'writeresp'>

State 43 <SV = 42> <Delay = 0.00>
ST_43 : Operation 166 [30/68] (3.65ns)   --->   "%empty_51 = writeresp i1 @_ssdm_op_WriteResp.m_axi.p1i512, i512 %gmem_addr_2" [../src/write_frame.cpp:13]   --->   Operation 166 'writeresp' 'empty_51' <Predicate = (icmp_ln7)> <Delay = 3.65> <CoreInst = "m_axi">   --->   Core 119 'm_axi' <Latency = 3> <II = 1> <Delay = 1.00> <Adapter> <Opcode : 'readrequnaligned' 'writerequnaligned' 'read' 'write' 'readreq' 'writereq' 'writeresp'>

State 44 <SV = 43> <Delay = 0.00>
ST_44 : Operation 167 [29/68] (3.65ns)   --->   "%empty_51 = writeresp i1 @_ssdm_op_WriteResp.m_axi.p1i512, i512 %gmem_addr_2" [../src/write_frame.cpp:13]   --->   Operation 167 'writeresp' 'empty_51' <Predicate = (icmp_ln7)> <Delay = 3.65> <CoreInst = "m_axi">   --->   Core 119 'm_axi' <Latency = 3> <II = 1> <Delay = 1.00> <Adapter> <Opcode : 'readrequnaligned' 'writerequnaligned' 'read' 'write' 'readreq' 'writereq' 'writeresp'>

State 45 <SV = 44> <Delay = 0.00>
ST_45 : Operation 168 [28/68] (3.65ns)   --->   "%empty_51 = writeresp i1 @_ssdm_op_WriteResp.m_axi.p1i512, i512 %gmem_addr_2" [../src/write_frame.cpp:13]   --->   Operation 168 'writeresp' 'empty_51' <Predicate = (icmp_ln7)> <Delay = 3.65> <CoreInst = "m_axi">   --->   Core 119 'm_axi' <Latency = 3> <II = 1> <Delay = 1.00> <Adapter> <Opcode : 'readrequnaligned' 'writerequnaligned' 'read' 'write' 'readreq' 'writereq' 'writeresp'>

State 46 <SV = 45> <Delay = 0.00>
ST_46 : Operation 169 [27/68] (3.65ns)   --->   "%empty_51 = writeresp i1 @_ssdm_op_WriteResp.m_axi.p1i512, i512 %gmem_addr_2" [../src/write_frame.cpp:13]   --->   Operation 169 'writeresp' 'empty_51' <Predicate = (icmp_ln7)> <Delay = 3.65> <CoreInst = "m_axi">   --->   Core 119 'm_axi' <Latency = 3> <II = 1> <Delay = 1.00> <Adapter> <Opcode : 'readrequnaligned' 'writerequnaligned' 'read' 'write' 'readreq' 'writereq' 'writeresp'>

State 47 <SV = 46> <Delay = 0.00>
ST_47 : Operation 170 [26/68] (3.65ns)   --->   "%empty_51 = writeresp i1 @_ssdm_op_WriteResp.m_axi.p1i512, i512 %gmem_addr_2" [../src/write_frame.cpp:13]   --->   Operation 170 'writeresp' 'empty_51' <Predicate = (icmp_ln7)> <Delay = 3.65> <CoreInst = "m_axi">   --->   Core 119 'm_axi' <Latency = 3> <II = 1> <Delay = 1.00> <Adapter> <Opcode : 'readrequnaligned' 'writerequnaligned' 'read' 'write' 'readreq' 'writereq' 'writeresp'>

State 48 <SV = 47> <Delay = 0.00>
ST_48 : Operation 171 [25/68] (3.65ns)   --->   "%empty_51 = writeresp i1 @_ssdm_op_WriteResp.m_axi.p1i512, i512 %gmem_addr_2" [../src/write_frame.cpp:13]   --->   Operation 171 'writeresp' 'empty_51' <Predicate = (icmp_ln7)> <Delay = 3.65> <CoreInst = "m_axi">   --->   Core 119 'm_axi' <Latency = 3> <II = 1> <Delay = 1.00> <Adapter> <Opcode : 'readrequnaligned' 'writerequnaligned' 'read' 'write' 'readreq' 'writereq' 'writeresp'>

State 49 <SV = 48> <Delay = 0.00>
ST_49 : Operation 172 [24/68] (3.65ns)   --->   "%empty_51 = writeresp i1 @_ssdm_op_WriteResp.m_axi.p1i512, i512 %gmem_addr_2" [../src/write_frame.cpp:13]   --->   Operation 172 'writeresp' 'empty_51' <Predicate = (icmp_ln7)> <Delay = 3.65> <CoreInst = "m_axi">   --->   Core 119 'm_axi' <Latency = 3> <II = 1> <Delay = 1.00> <Adapter> <Opcode : 'readrequnaligned' 'writerequnaligned' 'read' 'write' 'readreq' 'writereq' 'writeresp'>

State 50 <SV = 49> <Delay = 0.00>
ST_50 : Operation 173 [23/68] (3.65ns)   --->   "%empty_51 = writeresp i1 @_ssdm_op_WriteResp.m_axi.p1i512, i512 %gmem_addr_2" [../src/write_frame.cpp:13]   --->   Operation 173 'writeresp' 'empty_51' <Predicate = (icmp_ln7)> <Delay = 3.65> <CoreInst = "m_axi">   --->   Core 119 'm_axi' <Latency = 3> <II = 1> <Delay = 1.00> <Adapter> <Opcode : 'readrequnaligned' 'writerequnaligned' 'read' 'write' 'readreq' 'writereq' 'writeresp'>

State 51 <SV = 50> <Delay = 0.00>
ST_51 : Operation 174 [22/68] (3.65ns)   --->   "%empty_51 = writeresp i1 @_ssdm_op_WriteResp.m_axi.p1i512, i512 %gmem_addr_2" [../src/write_frame.cpp:13]   --->   Operation 174 'writeresp' 'empty_51' <Predicate = (icmp_ln7)> <Delay = 3.65> <CoreInst = "m_axi">   --->   Core 119 'm_axi' <Latency = 3> <II = 1> <Delay = 1.00> <Adapter> <Opcode : 'readrequnaligned' 'writerequnaligned' 'read' 'write' 'readreq' 'writereq' 'writeresp'>

State 52 <SV = 51> <Delay = 0.00>
ST_52 : Operation 175 [21/68] (3.65ns)   --->   "%empty_51 = writeresp i1 @_ssdm_op_WriteResp.m_axi.p1i512, i512 %gmem_addr_2" [../src/write_frame.cpp:13]   --->   Operation 175 'writeresp' 'empty_51' <Predicate = (icmp_ln7)> <Delay = 3.65> <CoreInst = "m_axi">   --->   Core 119 'm_axi' <Latency = 3> <II = 1> <Delay = 1.00> <Adapter> <Opcode : 'readrequnaligned' 'writerequnaligned' 'read' 'write' 'readreq' 'writereq' 'writeresp'>

State 53 <SV = 52> <Delay = 0.00>
ST_53 : Operation 176 [20/68] (3.65ns)   --->   "%empty_51 = writeresp i1 @_ssdm_op_WriteResp.m_axi.p1i512, i512 %gmem_addr_2" [../src/write_frame.cpp:13]   --->   Operation 176 'writeresp' 'empty_51' <Predicate = (icmp_ln7)> <Delay = 3.65> <CoreInst = "m_axi">   --->   Core 119 'm_axi' <Latency = 3> <II = 1> <Delay = 1.00> <Adapter> <Opcode : 'readrequnaligned' 'writerequnaligned' 'read' 'write' 'readreq' 'writereq' 'writeresp'>

State 54 <SV = 53> <Delay = 0.00>
ST_54 : Operation 177 [19/68] (3.65ns)   --->   "%empty_51 = writeresp i1 @_ssdm_op_WriteResp.m_axi.p1i512, i512 %gmem_addr_2" [../src/write_frame.cpp:13]   --->   Operation 177 'writeresp' 'empty_51' <Predicate = (icmp_ln7)> <Delay = 3.65> <CoreInst = "m_axi">   --->   Core 119 'm_axi' <Latency = 3> <II = 1> <Delay = 1.00> <Adapter> <Opcode : 'readrequnaligned' 'writerequnaligned' 'read' 'write' 'readreq' 'writereq' 'writeresp'>

State 55 <SV = 54> <Delay = 0.00>
ST_55 : Operation 178 [18/68] (3.65ns)   --->   "%empty_51 = writeresp i1 @_ssdm_op_WriteResp.m_axi.p1i512, i512 %gmem_addr_2" [../src/write_frame.cpp:13]   --->   Operation 178 'writeresp' 'empty_51' <Predicate = (icmp_ln7)> <Delay = 3.65> <CoreInst = "m_axi">   --->   Core 119 'm_axi' <Latency = 3> <II = 1> <Delay = 1.00> <Adapter> <Opcode : 'readrequnaligned' 'writerequnaligned' 'read' 'write' 'readreq' 'writereq' 'writeresp'>

State 56 <SV = 55> <Delay = 0.00>
ST_56 : Operation 179 [17/68] (3.65ns)   --->   "%empty_51 = writeresp i1 @_ssdm_op_WriteResp.m_axi.p1i512, i512 %gmem_addr_2" [../src/write_frame.cpp:13]   --->   Operation 179 'writeresp' 'empty_51' <Predicate = (icmp_ln7)> <Delay = 3.65> <CoreInst = "m_axi">   --->   Core 119 'm_axi' <Latency = 3> <II = 1> <Delay = 1.00> <Adapter> <Opcode : 'readrequnaligned' 'writerequnaligned' 'read' 'write' 'readreq' 'writereq' 'writeresp'>

State 57 <SV = 56> <Delay = 0.00>
ST_57 : Operation 180 [16/68] (3.65ns)   --->   "%empty_51 = writeresp i1 @_ssdm_op_WriteResp.m_axi.p1i512, i512 %gmem_addr_2" [../src/write_frame.cpp:13]   --->   Operation 180 'writeresp' 'empty_51' <Predicate = (icmp_ln7)> <Delay = 3.65> <CoreInst = "m_axi">   --->   Core 119 'm_axi' <Latency = 3> <II = 1> <Delay = 1.00> <Adapter> <Opcode : 'readrequnaligned' 'writerequnaligned' 'read' 'write' 'readreq' 'writereq' 'writeresp'>

State 58 <SV = 57> <Delay = 0.00>
ST_58 : Operation 181 [15/68] (3.65ns)   --->   "%empty_51 = writeresp i1 @_ssdm_op_WriteResp.m_axi.p1i512, i512 %gmem_addr_2" [../src/write_frame.cpp:13]   --->   Operation 181 'writeresp' 'empty_51' <Predicate = (icmp_ln7)> <Delay = 3.65> <CoreInst = "m_axi">   --->   Core 119 'm_axi' <Latency = 3> <II = 1> <Delay = 1.00> <Adapter> <Opcode : 'readrequnaligned' 'writerequnaligned' 'read' 'write' 'readreq' 'writereq' 'writeresp'>

State 59 <SV = 58> <Delay = 0.00>
ST_59 : Operation 182 [14/68] (3.65ns)   --->   "%empty_51 = writeresp i1 @_ssdm_op_WriteResp.m_axi.p1i512, i512 %gmem_addr_2" [../src/write_frame.cpp:13]   --->   Operation 182 'writeresp' 'empty_51' <Predicate = (icmp_ln7)> <Delay = 3.65> <CoreInst = "m_axi">   --->   Core 119 'm_axi' <Latency = 3> <II = 1> <Delay = 1.00> <Adapter> <Opcode : 'readrequnaligned' 'writerequnaligned' 'read' 'write' 'readreq' 'writereq' 'writeresp'>

State 60 <SV = 59> <Delay = 0.00>
ST_60 : Operation 183 [13/68] (3.65ns)   --->   "%empty_51 = writeresp i1 @_ssdm_op_WriteResp.m_axi.p1i512, i512 %gmem_addr_2" [../src/write_frame.cpp:13]   --->   Operation 183 'writeresp' 'empty_51' <Predicate = (icmp_ln7)> <Delay = 3.65> <CoreInst = "m_axi">   --->   Core 119 'm_axi' <Latency = 3> <II = 1> <Delay = 1.00> <Adapter> <Opcode : 'readrequnaligned' 'writerequnaligned' 'read' 'write' 'readreq' 'writereq' 'writeresp'>

State 61 <SV = 60> <Delay = 0.00>
ST_61 : Operation 184 [12/68] (3.65ns)   --->   "%empty_51 = writeresp i1 @_ssdm_op_WriteResp.m_axi.p1i512, i512 %gmem_addr_2" [../src/write_frame.cpp:13]   --->   Operation 184 'writeresp' 'empty_51' <Predicate = (icmp_ln7)> <Delay = 3.65> <CoreInst = "m_axi">   --->   Core 119 'm_axi' <Latency = 3> <II = 1> <Delay = 1.00> <Adapter> <Opcode : 'readrequnaligned' 'writerequnaligned' 'read' 'write' 'readreq' 'writereq' 'writeresp'>

State 62 <SV = 61> <Delay = 0.00>
ST_62 : Operation 185 [11/68] (3.65ns)   --->   "%empty_51 = writeresp i1 @_ssdm_op_WriteResp.m_axi.p1i512, i512 %gmem_addr_2" [../src/write_frame.cpp:13]   --->   Operation 185 'writeresp' 'empty_51' <Predicate = (icmp_ln7)> <Delay = 3.65> <CoreInst = "m_axi">   --->   Core 119 'm_axi' <Latency = 3> <II = 1> <Delay = 1.00> <Adapter> <Opcode : 'readrequnaligned' 'writerequnaligned' 'read' 'write' 'readreq' 'writereq' 'writeresp'>

State 63 <SV = 62> <Delay = 0.00>
ST_63 : Operation 186 [10/68] (3.65ns)   --->   "%empty_51 = writeresp i1 @_ssdm_op_WriteResp.m_axi.p1i512, i512 %gmem_addr_2" [../src/write_frame.cpp:13]   --->   Operation 186 'writeresp' 'empty_51' <Predicate = (icmp_ln7)> <Delay = 3.65> <CoreInst = "m_axi">   --->   Core 119 'm_axi' <Latency = 3> <II = 1> <Delay = 1.00> <Adapter> <Opcode : 'readrequnaligned' 'writerequnaligned' 'read' 'write' 'readreq' 'writereq' 'writeresp'>

State 64 <SV = 63> <Delay = 0.00>
ST_64 : Operation 187 [9/68] (3.65ns)   --->   "%empty_51 = writeresp i1 @_ssdm_op_WriteResp.m_axi.p1i512, i512 %gmem_addr_2" [../src/write_frame.cpp:13]   --->   Operation 187 'writeresp' 'empty_51' <Predicate = (icmp_ln7)> <Delay = 3.65> <CoreInst = "m_axi">   --->   Core 119 'm_axi' <Latency = 3> <II = 1> <Delay = 1.00> <Adapter> <Opcode : 'readrequnaligned' 'writerequnaligned' 'read' 'write' 'readreq' 'writereq' 'writeresp'>

State 65 <SV = 64> <Delay = 0.00>
ST_65 : Operation 188 [8/68] (3.65ns)   --->   "%empty_51 = writeresp i1 @_ssdm_op_WriteResp.m_axi.p1i512, i512 %gmem_addr_2" [../src/write_frame.cpp:13]   --->   Operation 188 'writeresp' 'empty_51' <Predicate = (icmp_ln7)> <Delay = 3.65> <CoreInst = "m_axi">   --->   Core 119 'm_axi' <Latency = 3> <II = 1> <Delay = 1.00> <Adapter> <Opcode : 'readrequnaligned' 'writerequnaligned' 'read' 'write' 'readreq' 'writereq' 'writeresp'>

State 66 <SV = 65> <Delay = 0.00>
ST_66 : Operation 189 [7/68] (3.65ns)   --->   "%empty_51 = writeresp i1 @_ssdm_op_WriteResp.m_axi.p1i512, i512 %gmem_addr_2" [../src/write_frame.cpp:13]   --->   Operation 189 'writeresp' 'empty_51' <Predicate = (icmp_ln7)> <Delay = 3.65> <CoreInst = "m_axi">   --->   Core 119 'm_axi' <Latency = 3> <II = 1> <Delay = 1.00> <Adapter> <Opcode : 'readrequnaligned' 'writerequnaligned' 'read' 'write' 'readreq' 'writereq' 'writeresp'>

State 67 <SV = 66> <Delay = 0.00>
ST_67 : Operation 190 [6/68] (3.65ns)   --->   "%empty_51 = writeresp i1 @_ssdm_op_WriteResp.m_axi.p1i512, i512 %gmem_addr_2" [../src/write_frame.cpp:13]   --->   Operation 190 'writeresp' 'empty_51' <Predicate = (icmp_ln7)> <Delay = 3.65> <CoreInst = "m_axi">   --->   Core 119 'm_axi' <Latency = 3> <II = 1> <Delay = 1.00> <Adapter> <Opcode : 'readrequnaligned' 'writerequnaligned' 'read' 'write' 'readreq' 'writereq' 'writeresp'>

State 68 <SV = 67> <Delay = 0.00>
ST_68 : Operation 191 [5/68] (3.65ns)   --->   "%empty_51 = writeresp i1 @_ssdm_op_WriteResp.m_axi.p1i512, i512 %gmem_addr_2" [../src/write_frame.cpp:13]   --->   Operation 191 'writeresp' 'empty_51' <Predicate = (icmp_ln7)> <Delay = 3.65> <CoreInst = "m_axi">   --->   Core 119 'm_axi' <Latency = 3> <II = 1> <Delay = 1.00> <Adapter> <Opcode : 'readrequnaligned' 'writerequnaligned' 'read' 'write' 'readreq' 'writereq' 'writeresp'>

State 69 <SV = 68> <Delay = 0.00>
ST_69 : Operation 192 [4/68] (3.65ns)   --->   "%empty_51 = writeresp i1 @_ssdm_op_WriteResp.m_axi.p1i512, i512 %gmem_addr_2" [../src/write_frame.cpp:13]   --->   Operation 192 'writeresp' 'empty_51' <Predicate = (icmp_ln7)> <Delay = 3.65> <CoreInst = "m_axi">   --->   Core 119 'm_axi' <Latency = 3> <II = 1> <Delay = 1.00> <Adapter> <Opcode : 'readrequnaligned' 'writerequnaligned' 'read' 'write' 'readreq' 'writereq' 'writeresp'>

State 70 <SV = 69> <Delay = 0.00>
ST_70 : Operation 193 [3/68] (3.65ns)   --->   "%empty_51 = writeresp i1 @_ssdm_op_WriteResp.m_axi.p1i512, i512 %gmem_addr_2" [../src/write_frame.cpp:13]   --->   Operation 193 'writeresp' 'empty_51' <Predicate = (icmp_ln7)> <Delay = 3.65> <CoreInst = "m_axi">   --->   Core 119 'm_axi' <Latency = 3> <II = 1> <Delay = 1.00> <Adapter> <Opcode : 'readrequnaligned' 'writerequnaligned' 'read' 'write' 'readreq' 'writereq' 'writeresp'>

State 71 <SV = 70> <Delay = 0.00>
ST_71 : Operation 194 [2/68] (3.65ns)   --->   "%empty_51 = writeresp i1 @_ssdm_op_WriteResp.m_axi.p1i512, i512 %gmem_addr_2" [../src/write_frame.cpp:13]   --->   Operation 194 'writeresp' 'empty_51' <Predicate = (icmp_ln7)> <Delay = 3.65> <CoreInst = "m_axi">   --->   Core 119 'm_axi' <Latency = 3> <II = 1> <Delay = 1.00> <Adapter> <Opcode : 'readrequnaligned' 'writerequnaligned' 'read' 'write' 'readreq' 'writereq' 'writeresp'>

State 72 <SV = 71> <Delay = 3.65>
ST_72 : Operation 195 [1/68] ( I:3.65ns O:3.65ns )   --->   "%empty_51 = writeresp i1 @_ssdm_op_WriteResp.m_axi.p1i512, i512 %gmem_addr_2" [../src/write_frame.cpp:13]   --->   Operation 195 'writeresp' 'empty_51' <Predicate = (icmp_ln7)> <Delay = 3.65> <CoreInst = "m_axi">   --->   Core 119 'm_axi' <Latency = 3> <II = 1> <Delay = 1.00> <Adapter> <Opcode : 'readrequnaligned' 'writerequnaligned' 'read' 'write' 'readreq' 'writereq' 'writeresp'>
ST_72 : Operation 196 [1/1] (0.00ns)   --->   "%br_ln0 = br void %new.latch.for.inc.split._crit_edge"   --->   Operation 196 'br' 'br_ln0' <Predicate = (icmp_ln7)> <Delay = 0.00>
ST_72 : Operation 197 [1/1] (0.42ns)   --->   "%ret_ln13 = ret" [../src/write_frame.cpp:13]   --->   Operation 197 'ret' 'ret_ln13' <Predicate = (icmp_ln7)> <Delay = 0.42>


============================================================
+ Verbose Summary: Timing violations
============================================================
Target clock period: 5.000ns, clock uncertainty: 1.350ns.

 <State 1>: 1.738ns
The critical path consists of the following:
	'store' operation ('store_ln0') of constant 0 19 bit on local variable 'indvar_flatten2' [13]  (0.427 ns)
	'load' operation 19 bit ('indvar_flatten2_load', ../src/write_frame.cpp:7) on local variable 'indvar_flatten2' [28]  (0.000 ns)
	'add' operation 19 bit ('add_ln7', ../src/write_frame.cpp:7) [40]  (0.884 ns)
	'store' operation ('store_ln7', ../src/write_frame.cpp:7) of variable 'add_ln7', ../src/write_frame.cpp:7 19 bit on local variable 'indvar_flatten2' [64]  (0.427 ns)

 <State 2>: 1.825ns
The critical path consists of the following:
	fifo read operation ('out') on port 'out_r' [20]  (1.825 ns)

 <State 3>: 3.650ns
The critical path consists of the following:
	'getelementptr' operation 512 bit ('gmem_addr', ../src/write_frame.cpp:7) [23]  (0.000 ns)
	bus request operation ('empty', ../src/write_frame.cpp:7) on port 'gmem' (../src/write_frame.cpp:7) [24]  (3.650 ns)

 <State 4>: 3.650ns
The critical path consists of the following:
	'load' operation 64 bit ('sext_ln76_load_1', ../src/write_frame.cpp:7) on local variable 'sext_ln76' [43]  (0.000 ns)
	'getelementptr' operation 512 bit ('gmem_addr_1', ../src/write_frame.cpp:7) [44]  (0.000 ns)
	bus write operation ('write_ln10', ../src/write_frame.cpp:10) on port 'gmem' (../src/write_frame.cpp:10) [45]  (3.650 ns)

 <State 5>: 3.650ns
The critical path consists of the following:
	'getelementptr' operation 512 bit ('gmem_addr_2', ../src/write_frame.cpp:7) [58]  (0.000 ns)
	bus response operation ('empty_51', ../src/write_frame.cpp:13) on port 'gmem' (../src/write_frame.cpp:13) [59]  (0.000 ns)
	blocking operation 3.65 ns on control path)

 <State 6>: 0.000ns
The critical path consists of the following:

 <State 7>: 0.000ns
The critical path consists of the following:

 <State 8>: 0.000ns
The critical path consists of the following:

 <State 9>: 0.000ns
The critical path consists of the following:

 <State 10>: 0.000ns
The critical path consists of the following:

 <State 11>: 0.000ns
The critical path consists of the following:

 <State 12>: 0.000ns
The critical path consists of the following:

 <State 13>: 0.000ns
The critical path consists of the following:

 <State 14>: 0.000ns
The critical path consists of the following:

 <State 15>: 0.000ns
The critical path consists of the following:

 <State 16>: 0.000ns
The critical path consists of the following:

 <State 17>: 0.000ns
The critical path consists of the following:

 <State 18>: 0.000ns
The critical path consists of the following:

 <State 19>: 0.000ns
The critical path consists of the following:

 <State 20>: 0.000ns
The critical path consists of the following:

 <State 21>: 0.000ns
The critical path consists of the following:

 <State 22>: 0.000ns
The critical path consists of the following:

 <State 23>: 0.000ns
The critical path consists of the following:

 <State 24>: 0.000ns
The critical path consists of the following:

 <State 25>: 0.000ns
The critical path consists of the following:

 <State 26>: 0.000ns
The critical path consists of the following:

 <State 27>: 0.000ns
The critical path consists of the following:

 <State 28>: 0.000ns
The critical path consists of the following:

 <State 29>: 0.000ns
The critical path consists of the following:

 <State 30>: 0.000ns
The critical path consists of the following:

 <State 31>: 0.000ns
The critical path consists of the following:

 <State 32>: 0.000ns
The critical path consists of the following:

 <State 33>: 0.000ns
The critical path consists of the following:

 <State 34>: 0.000ns
The critical path consists of the following:

 <State 35>: 0.000ns
The critical path consists of the following:

 <State 36>: 0.000ns
The critical path consists of the following:

 <State 37>: 0.000ns
The critical path consists of the following:

 <State 38>: 0.000ns
The critical path consists of the following:

 <State 39>: 0.000ns
The critical path consists of the following:

 <State 40>: 0.000ns
The critical path consists of the following:

 <State 41>: 0.000ns
The critical path consists of the following:

 <State 42>: 0.000ns
The critical path consists of the following:

 <State 43>: 0.000ns
The critical path consists of the following:

 <State 44>: 0.000ns
The critical path consists of the following:

 <State 45>: 0.000ns
The critical path consists of the following:

 <State 46>: 0.000ns
The critical path consists of the following:

 <State 47>: 0.000ns
The critical path consists of the following:

 <State 48>: 0.000ns
The critical path consists of the following:

 <State 49>: 0.000ns
The critical path consists of the following:

 <State 50>: 0.000ns
The critical path consists of the following:

 <State 51>: 0.000ns
The critical path consists of the following:

 <State 52>: 0.000ns
The critical path consists of the following:

 <State 53>: 0.000ns
The critical path consists of the following:

 <State 54>: 0.000ns
The critical path consists of the following:

 <State 55>: 0.000ns
The critical path consists of the following:

 <State 56>: 0.000ns
The critical path consists of the following:

 <State 57>: 0.000ns
The critical path consists of the following:

 <State 58>: 0.000ns
The critical path consists of the following:

 <State 59>: 0.000ns
The critical path consists of the following:

 <State 60>: 0.000ns
The critical path consists of the following:

 <State 61>: 0.000ns
The critical path consists of the following:

 <State 62>: 0.000ns
The critical path consists of the following:

 <State 63>: 0.000ns
The critical path consists of the following:

 <State 64>: 0.000ns
The critical path consists of the following:

 <State 65>: 0.000ns
The critical path consists of the following:

 <State 66>: 0.000ns
The critical path consists of the following:

 <State 67>: 0.000ns
The critical path consists of the following:

 <State 68>: 0.000ns
The critical path consists of the following:

 <State 69>: 0.000ns
The critical path consists of the following:

 <State 70>: 0.000ns
The critical path consists of the following:

 <State 71>: 0.000ns
The critical path consists of the following:

 <State 72>: 3.650ns
The critical path consists of the following:
	bus response operation ('empty_51', ../src/write_frame.cpp:13) on port 'gmem' (../src/write_frame.cpp:13) [59]  (3.650 ns)


============================================================
+ Verbose Summary: Binding
============================================================
N/A
* FSMD analyzer results:
  - Output states:
 - Input state : 
  - Chain level:
	State 1
	State 2
	State 3
	State 4
	State 5
	State 6
	State 7
	State 8
	State 9
	State 10
	State 11
	State 12
	State 13
	State 14
	State 15
	State 16
	State 17
	State 18
	State 19
	State 20
	State 21
	State 22
	State 23
	State 24
	State 25
	State 26
	State 27
	State 28
	State 29
	State 30
	State 31
	State 32
	State 33
	State 34
	State 35
	State 36
	State 37
	State 38
	State 39
	State 40
	State 41
	State 42
	State 43
	State 44
	State 45
	State 46
	State 47
	State 48
	State 49
	State 50
	State 51
	State 52
	State 53
	State 54
	State 55
	State 56
	State 57
	State 58
	State 59
	State 60
	State 61
	State 62
	State 63
	State 64
	State 65
	State 66
	State 67
	State 68
	State 69
	State 70
	State 71
	State 72


============================================================
+ Verbose Summary: Datapath Resource usage 
============================================================
N/A
