

================================================================
== Vitis HLS Report for 'canny_top_Pipeline_VITIS_LOOP_49_1_VITIS_LOOP_50_21'
================================================================
* Date:           Sat Jul 25 12:05:03 2026

* Version:        2025.2 (Build 6295257 on Nov 14 2025)
* Project:        canny_top
* Solution:       hls (Vitis Kernel Flow Target)
* Product family: zynquplus
* Target device:  xck26-sfvc784-2LV-c


================================================================
== Performance Estimates
================================================================
+ Timing: 
    * Summary: 
    +--------+---------+----------+------------+
    |  Clock |  Target | Estimated| Uncertainty|
    +--------+---------+----------+------------+
    |ap_clk  |  5.00 ns|  2.854 ns|     1.35 ns|
    +--------+---------+----------+------------+

+ Latency: 
    * Summary: 
    +---------+---------+----------+----------+-----+-----+-------------------+
    |  Latency (cycles) |  Latency (absolute) |  Interval |      Pipeline     |
    |   min   |   max   |    min   |    max   | min | max |        Type       |
    +---------+---------+----------+----------+-----+-----+-------------------+
    |     1538|     1538|  7.690 us|  7.690 us|    0|    0|  loop pipeline stp|
    +---------+---------+----------+----------+-----+-----+-------------------+

    + Detail: 
        * Instance: 
        N/A

        * Loop: 
        +-----------------------------------+---------+---------+----------+-----------+-----------+------+----------+
        |                                   |  Latency (cycles) | Iteration|  Initiation Interval  | Trip |          |
        |             Loop Name             |   min   |   max   |  Latency |  achieved |   target  | Count| Pipelined|
        +-----------------------------------+---------+---------+----------+-----------+-----------+------+----------+
        |- VITIS_LOOP_49_1_VITIS_LOOP_50_2  |     1536|     1536|         1|          1|          1|  1536|       yes|
        +-----------------------------------+---------+---------+----------+-----------+-----------+------+----------+



================================================================
== Utilization Estimates
================================================================
* Summary: 
+-----------------+---------+------+--------+--------+-----+
|       Name      | BRAM_18K|  DSP |   FF   |   LUT  | URAM|
+-----------------+---------+------+--------+--------+-----+
|DSP              |        -|     -|       -|       -|    -|
|Expression       |        -|     -|       0|      92|    -|
|FIFO             |        -|     -|       -|       -|    -|
|Instance         |        -|     -|       -|       -|    -|
|Memory           |        -|     -|       -|       -|    -|
|Multiplexer      |        -|     -|       0|      63|    -|
|Register         |        -|     -|      25|       -|    -|
+-----------------+---------+------+--------+--------+-----+
|Total            |        0|     0|      25|     155|    0|
+-----------------+---------+------+--------+--------+-----+
|Available        |      288|  1248|  234240|  117120|   64|
+-----------------+---------+------+--------+--------+-----+
|Utilization (%)  |        0|     0|      ~0|      ~0|    0|
+-----------------+---------+------+--------+--------+-----+

+ Detail: 
    * Instance: 
    N/A

    * DSP: 
    N/A

    * Memory: 
    N/A

    * FIFO: 
    N/A

    * Expression: 
    +-------------------------+----------+----+---+----+------------+------------+
    |      Variable Name      | Operation| DSP| FF| LUT| Bitwidth P0| Bitwidth P1|
    +-------------------------+----------+----+---+----+------------+------------+
    |add_ln49_1_fu_124_p2     |         +|   0|  0|   9|           2|           1|
    |add_ln49_fu_112_p2       |         +|   0|  0|  18|          11|           1|
    |add_ln50_fu_180_p2       |         +|   0|  0|  17|          10|           1|
    |icmp_ln49_fu_106_p2      |      icmp|   0|  0|  18|          11|          11|
    |icmp_ln50_fu_130_p2      |      icmp|   0|  0|  18|          10|          11|
    |select_ln49_2_fu_136_p3  |    select|   0|  0|  10|           1|           1|
    |select_ln49_fu_144_p3    |    select|   0|  0|   2|           1|           2|
    +-------------------------+----------+----+---+----+------------+------------+
    |Total                    |          |   0|  0|  92|          46|          28|
    +-------------------------+----------+----+---+----+------------+------------+

    * Multiplexer: 
    +----------------------------------------+----+-----------+-----+-----------+
    |                  Name                  | LUT| Input Size| Bits| Total Bits|
    +----------------------------------------+----+-----------+-----+-----------+
    |ap_done_int                             |   9|          2|    1|          2|
    |ap_sig_allocacmp_column_11_load         |   9|          2|   10|         20|
    |ap_sig_allocacmp_indvar_flatten27_load  |   9|          2|   11|         22|
    |ap_sig_allocacmp_row_load               |   9|          2|    2|          4|
    |column_11_fu_48                         |   9|          2|   10|         20|
    |indvar_flatten27_fu_56                  |   9|          2|   11|         22|
    |row_fu_52                               |   9|          2|    2|          4|
    +----------------------------------------+----+-----------+-----+-----------+
    |Total                                   |  63|         14|   47|         94|
    +----------------------------------------+----+-----------+-----+-----------+

    * Register: 
    +------------------------+----+----+-----+-----------+
    |          Name          | FF | LUT| Bits| Const Bits|
    +------------------------+----+----+-----+-----------+
    |ap_CS_fsm               |   1|   0|    1|          0|
    |ap_done_reg             |   1|   0|    1|          0|
    |column_11_fu_48         |  10|   0|   10|          0|
    |indvar_flatten27_fu_56  |  11|   0|   11|          0|
    |row_fu_52               |   2|   0|    2|          0|
    +------------------------+----+----+-----+-----------+
    |Total                   |  25|   0|   25|          0|
    +------------------------+----+----+-----+-----------+



================================================================
== Interface
================================================================
* Summary: 
+-------------------------------------------------+-----+-----+------------+-----------------------------------------------------+--------------+
|                    RTL Ports                    | Dir | Bits|  Protocol  |                    Source Object                    |    C Type    |
+-------------------------------------------------+-----+-----+------------+-----------------------------------------------------+--------------+
|ap_clk                                           |   in|    1|  ap_ctrl_hs|  canny_top_Pipeline_VITIS_LOOP_49_1_VITIS_LOOP_50_21|  return value|
|ap_rst                                           |   in|    1|  ap_ctrl_hs|  canny_top_Pipeline_VITIS_LOOP_49_1_VITIS_LOOP_50_21|  return value|
|ap_start                                         |   in|    1|  ap_ctrl_hs|  canny_top_Pipeline_VITIS_LOOP_49_1_VITIS_LOOP_50_21|  return value|
|ap_done                                          |  out|    1|  ap_ctrl_hs|  canny_top_Pipeline_VITIS_LOOP_49_1_VITIS_LOOP_50_21|  return value|
|ap_idle                                          |  out|    1|  ap_ctrl_hs|  canny_top_Pipeline_VITIS_LOOP_49_1_VITIS_LOOP_50_21|  return value|
|ap_ready                                         |  out|    1|  ap_ctrl_hs|  canny_top_Pipeline_VITIS_LOOP_49_1_VITIS_LOOP_50_21|  return value|
|p_ZN12_GLOBAL_N_110lineBufferILi2EEE_0_address0  |  out|   10|   ap_memory|               p_ZN12_GLOBAL_N_110lineBufferILi2EEE_0|         array|
|p_ZN12_GLOBAL_N_110lineBufferILi2EEE_0_ce0       |  out|    1|   ap_memory|               p_ZN12_GLOBAL_N_110lineBufferILi2EEE_0|         array|
|p_ZN12_GLOBAL_N_110lineBufferILi2EEE_0_we0       |  out|    1|   ap_memory|               p_ZN12_GLOBAL_N_110lineBufferILi2EEE_0|         array|
|p_ZN12_GLOBAL_N_110lineBufferILi2EEE_0_d0        |  out|    8|   ap_memory|               p_ZN12_GLOBAL_N_110lineBufferILi2EEE_0|         array|
|p_ZN12_GLOBAL_N_110lineBufferILi2EEE_1_address0  |  out|   10|   ap_memory|               p_ZN12_GLOBAL_N_110lineBufferILi2EEE_1|         array|
|p_ZN12_GLOBAL_N_110lineBufferILi2EEE_1_ce0       |  out|    1|   ap_memory|               p_ZN12_GLOBAL_N_110lineBufferILi2EEE_1|         array|
|p_ZN12_GLOBAL_N_110lineBufferILi2EEE_1_we0       |  out|    1|   ap_memory|               p_ZN12_GLOBAL_N_110lineBufferILi2EEE_1|         array|
|p_ZN12_GLOBAL_N_110lineBufferILi2EEE_1_d0        |  out|    8|   ap_memory|               p_ZN12_GLOBAL_N_110lineBufferILi2EEE_1|         array|
+-------------------------------------------------+-----+-----+------------+-----------------------------------------------------+--------------+

