

================================================================
== Vitis HLS Report for 'gaussian_blur_Pipeline_VITIS_LOOP_64_2'
================================================================
* Date:           Fri Jul 24 16:27:50 2026

* Version:        2025.2 (Build 6295257 on Nov 14 2025)
* Project:        canny_top
* Solution:       hls (Vitis Kernel Flow Target)
* Product family: zynquplus
* Target device:  xck26-sfvc784-2LV-c


================================================================
== Performance Estimates
================================================================
+ Timing: 
    * Summary: 
    +--------+---------+----------+------------+
    |  Clock |  Target | Estimated| Uncertainty|
    +--------+---------+----------+------------+
    |ap_clk  |  5.00 ns|  3.321 ns|     1.35 ns|
    +--------+---------+----------+------------+

+ Latency: 
    * Summary: 
    +---------+---------+-----------+-----------+-----+-----+-------------------+
    |  Latency (cycles) |   Latency (absolute)  |  Interval |      Pipeline     |
    |   min   |   max   |    min    |    max    | min | max |        Type       |
    +---------+---------+-----------+-----------+-----+-----+-------------------+
    |     4068|     4068|  20.340 us|  20.340 us|    0|    0|  loop pipeline stp|
    +---------+---------+-----------+-----------+-----+-----+-------------------+

    + Detail: 
        * Instance: 
        N/A

        * Loop: 
        +-------------------+---------+---------+----------+-----------+-----------+------+----------+
        |                   |  Latency (cycles) | Iteration|  Initiation Interval  | Trip |          |
        |     Loop Name     |   min   |   max   |  Latency |  achieved |   target  | Count| Pipelined|
        +-------------------+---------+---------+----------+-----------+-----------+------+----------+
        |- VITIS_LOOP_64_2  |     4066|     4066|        11|          8|          1|   508|       yes|
        +-------------------+---------+---------+----------+-----------+-----------+------+----------+



================================================================
== Utilization Estimates
================================================================
* Summary: 
+-----------------+---------+------+--------+--------+-----+
|       Name      | BRAM_18K|  DSP |   FF   |   LUT  | URAM|
+-----------------+---------+------+--------+--------+-----+
|DSP              |        -|     -|       -|       -|    -|
|Expression       |        -|     -|       0|     604|    -|
|FIFO             |        -|     -|       -|       -|    -|
|Instance         |        -|     -|       -|       -|    -|
|Memory           |        -|     -|       -|       -|    -|
|Multiplexer      |        -|     -|       0|     377|    -|
|Register         |        -|     -|     261|       -|    -|
+-----------------+---------+------+--------+--------+-----+
|Total            |        0|     0|     261|     981|    0|
+-----------------+---------+------+--------+--------+-----+
|Available        |      288|  1248|  234240|  117120|   64|
+-----------------+---------+------+--------+--------+-----+
|Utilization (%)  |        0|     0|      ~0|      ~0|    0|
+-----------------+---------+------+--------+--------+-----+

+ Detail: 
    * Instance: 
    N/A

    * DSP: 
    N/A

    * Memory: 
    N/A

    * FIFO: 
    N/A

    * Expression: 
    +---------------------------+----------+----+---+----+------------+------------+
    |       Variable Name       | Operation| DSP| FF| LUT| Bitwidth P0| Bitwidth P1|
    +---------------------------+----------+----+---+----+------------+------------+
    |add_ln89_1_fu_658_p2       |         +|   0|  0|  16|           9|           2|
    |add_ln89_2_fu_686_p2       |         +|   0|  0|  16|           9|           1|
    |add_ln89_fu_630_p2         |         +|   0|  0|  16|           9|           3|
    |add_ln91_1_fu_1074_p2      |         +|   0|  0|  16|          14|          14|
    |add_ln91_2_fu_1132_p2      |         +|   0|  0|  22|          15|          15|
    |add_ln91_3_fu_1373_p2      |         +|   0|  0|  16|          16|          16|
    |add_ln91_4_fu_1316_p2      |         +|   0|  0|  16|          14|          14|
    |add_ln91_5_fu_1322_p2      |         +|   0|  0|  16|           9|           9|
    |add_ln91_6_fu_1332_p2      |         +|   0|  0|  16|          14|          14|
    |add_ln91_7_fu_1032_p2      |         +|   0|  0|  16|          14|          14|
    |add_ln91_fu_857_p2         |         +|   0|  0|  16|           9|           9|
    |add_ln93_fu_755_p2         |         +|   0|  0|  15|           8|           1|
    |empty_42_fu_940_p2         |         +|   0|  0|  17|          10|          10|
    |empty_43_fu_851_p2         |         +|   0|  0|  16|           9|           9|
    |empty_fu_781_p2            |         +|   0|  0|  16|           9|           9|
    |sum_1_fu_1382_p2           |         +|   0|  0|  16|          16|          16|
    |tmp10_fu_1218_p2           |         +|   0|  0|  17|          10|          10|
    |tmp141_fu_1059_p2          |         +|   0|  0|  17|          10|          10|
    |tmp16_fu_1065_p2           |         +|   0|  0|  16|           9|           9|
    |tmp18_fu_1264_p2           |         +|   0|  0|  17|          10|          10|
    |tmp1_fu_1180_p2            |         +|   0|  0|  17|          11|          11|
    |tmp2_fu_1189_p2            |         +|   0|  0|  17|          10|          10|
    |tmp3_fu_1112_p2            |         +|   0|  0|  16|           9|           9|
    |tmp4_fu_1208_p2            |         +|   0|  0|  16|           9|           9|
    |tmp5_fu_1049_p2            |         +|   0|  0|  16|           9|           9|
    |tmp63_fu_1199_p2           |         +|   0|  0|  17|          11|          11|
    |tmp6_fu_1254_p2            |         +|   0|  0|  16|           9|           9|
    |tmp8_fu_946_p2             |         +|   0|  0|  16|           9|           9|
    |tmp_fu_930_p2              |         +|   0|  0|  16|           9|           9|
    |tmp11_fu_1360_p2           |         -|   0|  0|  22|          15|          15|
    |tmp19_fu_1306_p2           |         -|   0|  0|  20|          13|          13|
    |ap_condition_1062          |       and|   0|  0|   2|           1|           1|
    |ap_condition_1065          |       and|   0|  0|   2|           1|           1|
    |ap_condition_1070          |       and|   0|  0|   2|           1|           1|
    |ap_condition_1073          |       and|   0|  0|   2|           1|           1|
    |ap_condition_1078          |       and|   0|  0|   2|           1|           1|
    |ap_condition_1081          |       and|   0|  0|   2|           1|           1|
    |ap_condition_1086          |       and|   0|  0|   2|           1|           1|
    |ap_condition_1089          |       and|   0|  0|   2|           1|           1|
    |ap_condition_1094          |       and|   0|  0|   2|           1|           1|
    |ap_condition_1097          |       and|   0|  0|   2|           1|           1|
    |icmp_ln64_fu_598_p2        |      icmp|   0|  0|  16|           9|           3|
    |grp_fu_547_p3              |    select|   0|  0|   8|           1|           8|
    |grp_fu_554_p3              |    select|   0|  0|   8|           1|           8|
    |grp_fu_561_p3              |    select|   0|  0|   8|           1|           8|
    |grp_fu_568_p3              |    select|   0|  0|   8|           1|           8|
    |grp_fu_575_p3              |    select|   0|  0|   8|           1|           8|
    |select_ln93_21_fu_1240_p3  |    select|   0|  0|   8|           1|           8|
    |ap_enable_pp0              |       xor|   0|  0|   2|           1|           2|
    +---------------------------+----------+----+---+----+------------+------------+
    |Total                      |          |   0|  0| 604|         363|         372|
    +---------------------------+----------+----+---+----+------------+------------+

    * Multiplexer: 
    +-------------------------------------------------+----+-----------+-----+-----------+
    |                       Name                      | LUT| Input Size| Bits| Total Bits|
    +-------------------------------------------------+----+-----------+-----+-----------+
    |ap_NS_fsm                                        |  49|          9|    1|          9|
    |ap_done_int                                      |   9|          2|    1|          2|
    |ap_enable_reg_pp0_iter0                          |   9|          2|    1|          2|
    |ap_enable_reg_pp0_iter0_reg                      |   9|          2|    1|          2|
    |ap_enable_reg_pp0_iter1                          |   9|          2|    1|          2|
    |ap_sig_allocacmp_column                          |   9|          2|    9|         18|
    |column_7_fu_82                                   |   9|          2|    9|         18|
    |grp_fu_575_p0                                    |  14|          3|    1|          3|
    |p_ZN12_GLOBAL_N_110lineBufferE_0_address0_local  |  65|         14|   11|        154|
    |p_ZN12_GLOBAL_N_110lineBufferE_0_address1_local  |  65|         13|   11|        143|
    |p_ZN12_GLOBAL_N_110lineBufferE_1_address0_local  |  65|         14|   11|        154|
    |p_ZN12_GLOBAL_N_110lineBufferE_1_address1_local  |  65|         13|   11|        143|
    +-------------------------------------------------+----+-----------+-----+-----------+
    |Total                                            | 377|         78|   68|        650|
    +-------------------------------------------------+----+-----------+-----+-----------+

    * Register: 
    +-----------------------------------+----+----+-----+-----------+
    |                Name               | FF | LUT| Bits| Const Bits|
    +-----------------------------------+----+----+-----+-----------+
    |add_ln91_1_reg_1755                |  14|   0|   14|          0|
    |add_ln91_2_reg_1785                |  15|   0|   15|          0|
    |add_ln91_6_reg_1842                |  14|   0|   14|          0|
    |add_ln91_reg_1645                  |   9|   0|    9|          0|
    |add_ln93_reg_1577                  |   8|   0|    8|          0|
    |ap_CS_fsm                          |   8|   0|    8|          0|
    |ap_done_reg                        |   1|   0|    1|          0|
    |ap_enable_reg_pp0_iter0_reg        |   1|   0|    1|          0|
    |ap_enable_reg_pp0_iter1            |   1|   0|    1|          0|
    |column_7_fu_82                     |   9|   0|    9|          0|
    |column_reg_1451                    |   9|   0|    9|          0|
    |column_reg_1451_pp0_iter1_reg      |   9|   0|    9|          0|
    |empty_42_reg_1695                  |  10|   0|   10|          0|
    |empty_43_reg_1640                  |   9|   0|    9|          0|
    |empty_reg_1595                     |   9|   0|    9|          0|
    |icmp_ln64_reg_1460                 |   1|   0|    1|          0|
    |lshr_ln3_reg_1493                  |   8|   0|    8|          0|
    |lshr_ln93_1_reg_1511               |   8|   0|    8|          0|
    |lshr_ln93_2_reg_1529               |   8|   0|    8|          0|
    |lshr_ln_reg_1474                   |   8|   0|    8|          0|
    |reg_582                            |   8|   0|    8|          0|
    |reg_586                            |   8|   0|    8|          0|
    |select_ln93_12_reg_1690            |   8|   0|    8|          0|
    |select_ln93_19_reg_1831            |   8|   0|    8|          0|
    |tmp10_reg_1815                     |  10|   0|   10|          0|
    |tmp141_reg_1745                    |  10|   0|   10|          0|
    |tmp16_reg_1750                     |   9|   0|    9|          0|
    |tmp18_reg_1836                     |  10|   0|   10|          0|
    |tmp3_reg_1780                      |   9|   0|    9|          0|
    |tmp63_reg_1810                     |  11|   0|   11|          0|
    |tmp8_reg_1700                      |   9|   0|    9|          0|
    |trunc_ln64_reg_1464                |   1|   0|    1|          0|
    |trunc_ln64_reg_1464_pp0_iter1_reg  |   1|   0|    1|          0|
    +-----------------------------------+----+----+-----+-----------+
    |Total                              | 261|   0|  261|          0|
    +-----------------------------------+----+----+-----+-----------+



================================================================
== Interface
================================================================
* Summary: 
+-------------------------------------------+-----+-----+------------+----------------------------------------+--------------+
|                 RTL Ports                 | Dir | Bits|  Protocol  |              Source Object             |    C Type    |
+-------------------------------------------+-----+-----+------------+----------------------------------------+--------------+
|ap_clk                                     |   in|    1|  ap_ctrl_hs|  gaussian_blur_Pipeline_VITIS_LOOP_64_2|  return value|
|ap_rst                                     |   in|    1|  ap_ctrl_hs|  gaussian_blur_Pipeline_VITIS_LOOP_64_2|  return value|
|ap_start                                   |   in|    1|  ap_ctrl_hs|  gaussian_blur_Pipeline_VITIS_LOOP_64_2|  return value|
|ap_done                                    |  out|    1|  ap_ctrl_hs|  gaussian_blur_Pipeline_VITIS_LOOP_64_2|  return value|
|ap_idle                                    |  out|    1|  ap_ctrl_hs|  gaussian_blur_Pipeline_VITIS_LOOP_64_2|  return value|
|ap_ready                                   |  out|    1|  ap_ctrl_hs|  gaussian_blur_Pipeline_VITIS_LOOP_64_2|  return value|
|select_ln22                                |   in|    3|     ap_none|                             select_ln22|        scalar|
|result_15                                  |   in|    3|     ap_none|                               result_15|        scalar|
|select_ln22_1                              |   in|    3|     ap_none|                           select_ln22_1|        scalar|
|select_ln22_2                              |   in|    3|     ap_none|                           select_ln22_2|        scalar|
|select_ln22_3                              |   in|    3|     ap_none|                           select_ln22_3|        scalar|
|output_r_address0                          |  out|    9|   ap_memory|                                output_r|         array|
|output_r_ce0                               |  out|    1|   ap_memory|                                output_r|         array|
|output_r_we0                               |  out|    1|   ap_memory|                                output_r|         array|
|output_r_d0                                |  out|    8|   ap_memory|                                output_r|         array|
|p_ZN12_GLOBAL_N_110lineBufferE_0_address0  |  out|   11|   ap_memory|        p_ZN12_GLOBAL_N_110lineBufferE_0|         array|
|p_ZN12_GLOBAL_N_110lineBufferE_0_ce0       |  out|    1|   ap_memory|        p_ZN12_GLOBAL_N_110lineBufferE_0|         array|
|p_ZN12_GLOBAL_N_110lineBufferE_0_q0        |   in|    8|   ap_memory|        p_ZN12_GLOBAL_N_110lineBufferE_0|         array|
|p_ZN12_GLOBAL_N_110lineBufferE_0_address1  |  out|   11|   ap_memory|        p_ZN12_GLOBAL_N_110lineBufferE_0|         array|
|p_ZN12_GLOBAL_N_110lineBufferE_0_ce1       |  out|    1|   ap_memory|        p_ZN12_GLOBAL_N_110lineBufferE_0|         array|
|p_ZN12_GLOBAL_N_110lineBufferE_0_q1        |   in|    8|   ap_memory|        p_ZN12_GLOBAL_N_110lineBufferE_0|         array|
|p_ZN12_GLOBAL_N_110lineBufferE_1_address0  |  out|   11|   ap_memory|        p_ZN12_GLOBAL_N_110lineBufferE_1|         array|
|p_ZN12_GLOBAL_N_110lineBufferE_1_ce0       |  out|    1|   ap_memory|        p_ZN12_GLOBAL_N_110lineBufferE_1|         array|
|p_ZN12_GLOBAL_N_110lineBufferE_1_q0        |   in|    8|   ap_memory|        p_ZN12_GLOBAL_N_110lineBufferE_1|         array|
|p_ZN12_GLOBAL_N_110lineBufferE_1_address1  |  out|   11|   ap_memory|        p_ZN12_GLOBAL_N_110lineBufferE_1|         array|
|p_ZN12_GLOBAL_N_110lineBufferE_1_ce1       |  out|    1|   ap_memory|        p_ZN12_GLOBAL_N_110lineBufferE_1|         array|
|p_ZN12_GLOBAL_N_110lineBufferE_1_q1        |   in|    8|   ap_memory|        p_ZN12_GLOBAL_N_110lineBufferE_1|         array|
+-------------------------------------------+-----+-----+------------+----------------------------------------+--------------+

