

================================================================
== Vitis HLS Report for 'gaussian_blur_Pipeline_VITIS_LOOP_94_2'
================================================================
* Date:           Sat Aug  1 17:30:26 2026

* Version:        2025.2 (Build 6295257 on Nov 14 2025)
* Project:        canny_top
* Solution:       hls (Vitis Kernel Flow Target)
* Product family: zynquplus
* Target device:  xck26-sfvc784-2LV-c


================================================================
== Performance Estimates
================================================================
+ Timing: 
    * Summary: 
    +--------+---------+----------+------------+
    |  Clock |  Target | Estimated| Uncertainty|
    +--------+---------+----------+------------+
    |ap_clk  |  5.00 ns|  2.478 ns|     1.35 ns|
    +--------+---------+----------+------------+

+ Latency: 
    * Summary: 
    +---------+---------+----------+----------+-----+-----+-------------------+
    |  Latency (cycles) |  Latency (absolute) |  Interval |      Pipeline     |
    |   min   |   max   |    min   |    max   | min | max |        Type       |
    +---------+---------+----------+----------+-----+-----+-------------------+
    |      643|      643|  3.215 us|  3.215 us|    0|    0|  loop pipeline stp|
    +---------+---------+----------+----------+-----+-----+-------------------+

    + Detail: 
        * Instance: 
        N/A

        * Loop: 
        +-------------------+---------+---------+----------+-----------+-----------+------+----------+
        |                   |  Latency (cycles) | Iteration|  Initiation Interval  | Trip |          |
        |     Loop Name     |   min   |   max   |  Latency |  achieved |   target  | Count| Pipelined|
        +-------------------+---------+---------+----------+-----------+-----------+------+----------+
        |- VITIS_LOOP_94_2  |      641|      641|         3|          1|          1|   640|       yes|
        +-------------------+---------+---------+----------+-----------+-----------+------+----------+



================================================================
== Utilization Estimates
================================================================
* Summary: 
+-----------------+---------+------+--------+--------+-----+
|       Name      | BRAM_18K|  DSP |   FF   |   LUT  | URAM|
+-----------------+---------+------+--------+--------+-----+
|DSP              |        -|     -|       -|       -|    -|
|Expression       |        -|     -|       0|     165|    -|
|FIFO             |        -|     -|       -|       -|    -|
|Instance         |        -|     -|       0|      20|    -|
|Memory           |        -|     -|       -|       -|    -|
|Multiplexer      |        -|     -|       0|     140|    -|
|Register         |        -|     -|     122|       -|    -|
+-----------------+---------+------+--------+--------+-----+
|Total            |        0|     0|     122|     325|    0|
+-----------------+---------+------+--------+--------+-----+
|Available        |      288|  1248|  234240|  117120|   64|
+-----------------+---------+------+--------+--------+-----+
|Utilization (%)  |        0|     0|      ~0|      ~0|    0|
+-----------------+---------+------+--------+--------+-----+

+ Detail: 
    * Instance: 
    +-------------------------+---------------------+---------+----+---+----+-----+
    |         Instance        |        Module       | BRAM_18K| DSP| FF| LUT| URAM|
    +-------------------------+---------------------+---------+----+---+----+-----+
    |sparsemux_9_2_8_1_1_U88  |sparsemux_9_2_8_1_1  |        0|   0|  0|  20|    0|
    +-------------------------+---------------------+---------+----+---+----+-----+
    |Total                    |                     |        0|   0|  0|  20|    0|
    +-------------------------+---------------------+---------+----+---+----+-----+

    * DSP: 
    N/A

    * Memory: 
    N/A

    * FIFO: 
    N/A

    * Expression: 
    +----------------------------------+----------+----+---+----+------------+------------+
    |           Variable Name          | Operation| DSP| FF| LUT| Bitwidth P0| Bitwidth P1|
    +----------------------------------+----------+----+---+----+------------+------------+
    |add_ln101_1_fu_413_p2             |         +|   0|  0|  17|          11|          11|
    |add_ln101_2_fu_423_p2             |         +|   0|  0|  19|          12|          12|
    |add_ln101_fu_403_p2               |         +|   0|  0|  16|           9|           9|
    |add_ln110_fu_308_p2               |         +|   0|  0|  17|          10|           2|
    |add_ln94_fu_290_p2                |         +|   0|  0|  17|          10|           1|
    |tmp4_fu_385_p2                    |         +|   0|  0|  16|           9|           9|
    |sub_ln101_fu_371_p2               |         -|   0|  0|  17|          11|          11|
    |ap_block_pp0_stage0_11001         |       and|   0|  0|   2|           1|           1|
    |ap_block_state2_pp0_stage0_iter1  |       and|   0|  0|   2|           1|           1|
    |ap_condition_423                  |       and|   0|  0|   2|           1|           1|
    |ap_predicate_op71_read_state2     |       and|   0|  0|   2|           1|           1|
    |icmp_ln110_fu_314_p2              |      icmp|   0|  0|  17|          10|          10|
    |icmp_ln94_fu_284_p2               |      icmp|   0|  0|  17|          10|          10|
    |ap_enable_pp0                     |       xor|   0|  0|   2|           1|           2|
    |nextSample_fu_447_p10             |       xor|   0|  0|   2|           2|           2|
    +----------------------------------+----------+----+---+----+------------+------------+
    |Total                             |          |   0|  0| 165|          99|          83|
    +----------------------------------+----------+----+---+----+------------+------------+

    * Multiplexer: 
    +---------------------------------------+----+-----------+-----+-----------+
    |                  Name                 | LUT| Input Size| Bits| Total Bits|
    +---------------------------------------+----+-----------+-----+-----------+
    |ap_done_int                            |   9|          2|    1|          2|
    |ap_enable_reg_pp0_iter2                |   9|          2|    1|          2|
    |ap_phi_mux_nextSample_1_phi_fu_224_p4  |  14|          3|    8|         24|
    |ap_sig_allocacmp_column_14             |   9|          2|   10|         20|
    |column_fu_90                           |   9|          2|   10|         20|
    |empty_94_fu_86                         |   9|          2|    8|         16|
    |empty_95_fu_94                         |   9|          2|    8|         16|
    |empty_96_fu_98                         |   9|          2|    8|         16|
    |empty_97_fu_102                        |   9|          2|    8|         16|
    |empty_98_fu_106                        |   9|          2|    8|         16|
    |gray_out_blk_n                         |   9|          2|    1|          2|
    |history_1_fu_114                       |   9|          2|    8|         16|
    |history_2_fu_118                       |   9|          2|    8|         16|
    |history_3_fu_122                       |   9|          2|    8|         16|
    |history_fu_110                         |   9|          2|    8|         16|
    +---------------------------------------+----+-----------+-----+-----------+
    |Total                                  | 140|         31|  103|        214|
    +---------------------------------------+----+-----------+-----+-----------+

    * Register: 
    +-------------------------------------------+----+----+-----+-----------+
    |                    Name                   | FF | LUT| Bits| Const Bits|
    +-------------------------------------------+----+----+-----+-----------+
    |add_ln101_2_reg_613                        |  12|   0|   12|          0|
    |ap_CS_fsm                                  |   1|   0|    1|          0|
    |ap_block_pp0_stage0_subdone_grp0_done_reg  |   1|   0|    1|          0|
    |ap_done_reg                                |   1|   0|    1|          0|
    |ap_enable_reg_pp0_iter1                    |   1|   0|    1|          0|
    |ap_enable_reg_pp0_iter2                    |   1|   0|    1|          0|
    |ap_loop_exit_ready_pp0_iter1_reg           |   1|   0|    1|          0|
    |column_14_reg_599                          |  10|   0|   10|          0|
    |column_14_reg_599_pp0_iter1_reg            |  10|   0|   10|          0|
    |column_fu_90                               |  10|   0|   10|          0|
    |empty_94_fu_86                             |   8|   0|    8|          0|
    |empty_95_fu_94                             |   8|   0|    8|          0|
    |empty_96_fu_98                             |   8|   0|    8|          0|
    |empty_97_fu_102                            |   8|   0|    8|          0|
    |empty_98_fu_106                            |   8|   0|    8|          0|
    |history_1_fu_114                           |   8|   0|    8|          0|
    |history_2_fu_118                           |   8|   0|    8|          0|
    |history_3_fu_122                           |   8|   0|    8|          0|
    |history_fu_110                             |   8|   0|    8|          0|
    |icmp_ln110_reg_609                         |   1|   0|    1|          0|
    |icmp_ln94_reg_605                          |   1|   0|    1|          0|
    +-------------------------------------------+----+----+-----+-----------+
    |Total                                      | 122|   0|  122|          0|
    +-------------------------------------------+----+----+-----+-----------+



================================================================
== Interface
================================================================
* Summary: 
+-------------------------+-----+-----+------------+----------------------------------------+--------------+
|        RTL Ports        | Dir | Bits|  Protocol  |              Source Object             |    C Type    |
+-------------------------+-----+-----+------------+----------------------------------------+--------------+
|ap_clk                   |   in|    1|  ap_ctrl_hs|  gaussian_blur_Pipeline_VITIS_LOOP_94_2|  return value|
|ap_rst                   |   in|    1|  ap_ctrl_hs|  gaussian_blur_Pipeline_VITIS_LOOP_94_2|  return value|
|ap_start                 |   in|    1|  ap_ctrl_hs|  gaussian_blur_Pipeline_VITIS_LOOP_94_2|  return value|
|ap_done                  |  out|    1|  ap_ctrl_hs|  gaussian_blur_Pipeline_VITIS_LOOP_94_2|  return value|
|ap_idle                  |  out|    1|  ap_ctrl_hs|  gaussian_blur_Pipeline_VITIS_LOOP_94_2|  return value|
|ap_ready                 |  out|    1|  ap_ctrl_hs|  gaussian_blur_Pipeline_VITIS_LOOP_94_2|  return value|
|gray_out_dout            |   in|    8|     ap_fifo|                                gray_out|       pointer|
|gray_out_empty_n         |   in|    1|     ap_fifo|                                gray_out|       pointer|
|gray_out_read            |  out|    1|     ap_fifo|                                gray_out|       pointer|
|gray_out_num_data_valid  |   in|   12|     ap_fifo|                                gray_out|       pointer|
|gray_out_fifo_cap        |   in|   12|     ap_fifo|                                gray_out|       pointer|
|sample2                  |   in|    8|     ap_none|                                 sample2|        scalar|
|sample1                  |   in|    8|     ap_none|                                 sample1|        scalar|
|sample0                  |   in|    8|     ap_none|                                 sample0|        scalar|
|lineBuffer_4_address0    |  out|   10|   ap_memory|                            lineBuffer_4|         array|
|lineBuffer_4_ce0         |  out|    1|   ap_memory|                            lineBuffer_4|         array|
|lineBuffer_4_we0         |  out|    1|   ap_memory|                            lineBuffer_4|         array|
|lineBuffer_4_d0          |  out|   12|   ap_memory|                            lineBuffer_4|         array|
|lineBuffer_3_address0    |  out|   10|   ap_memory|                            lineBuffer_3|         array|
|lineBuffer_3_ce0         |  out|    1|   ap_memory|                            lineBuffer_3|         array|
|lineBuffer_3_we0         |  out|    1|   ap_memory|                            lineBuffer_3|         array|
|lineBuffer_3_d0          |  out|   12|   ap_memory|                            lineBuffer_3|         array|
|lineBuffer_2_address0    |  out|   10|   ap_memory|                            lineBuffer_2|         array|
|lineBuffer_2_ce0         |  out|    1|   ap_memory|                            lineBuffer_2|         array|
|lineBuffer_2_we0         |  out|    1|   ap_memory|                            lineBuffer_2|         array|
|lineBuffer_2_d0          |  out|   12|   ap_memory|                            lineBuffer_2|         array|
|lineBuffer_1_address0    |  out|   10|   ap_memory|                            lineBuffer_1|         array|
|lineBuffer_1_ce0         |  out|    1|   ap_memory|                            lineBuffer_1|         array|
|lineBuffer_1_we0         |  out|    1|   ap_memory|                            lineBuffer_1|         array|
|lineBuffer_1_d0          |  out|   12|   ap_memory|                            lineBuffer_1|         array|
|lineBuffer_address0      |  out|   10|   ap_memory|                              lineBuffer|         array|
|lineBuffer_ce0           |  out|    1|   ap_memory|                              lineBuffer|         array|
|lineBuffer_we0           |  out|    1|   ap_memory|                              lineBuffer|         array|
|lineBuffer_d0            |  out|   12|   ap_memory|                              lineBuffer|         array|
|empty                    |   in|    3|     ap_none|                                   empty|        scalar|
+-------------------------+-----+-----+------------+----------------------------------------+--------------+

