

================================================================
== Vitis HLS Report for 'gaussian_blur'
================================================================
* Date:           Fri Jul 24 16:27:50 2026

* Version:        2025.2 (Build 6295257 on Nov 14 2025)
* Project:        canny_top
* Solution:       hls (Vitis Kernel Flow Target)
* Product family: zynquplus
* Target device:  xck26-sfvc784-2LV-c


================================================================
== Performance Estimates
================================================================
+ Timing: 
    * Summary: 
    +--------+---------+----------+------------+
    |  Clock |  Target | Estimated| Uncertainty|
    +--------+---------+----------+------------+
    |ap_clk  |  5.00 ns|  3.321 ns|     1.35 ns|
    +--------+---------+----------+------------+

+ Latency: 
    * Summary: 
    +---------+---------+----------+-----------+-----+------+---------+
    |  Latency (cycles) |  Latency (absolute)  |  Interval  | Pipeline|
    |   min   |   max   |    min   |    max    | min |  max |   Type  |
    +---------+---------+----------+-----------+-----+------+---------+
    |      551|     4654|  2.755 us|  23.270 us|  551|  4654|       no|
    +---------+---------+----------+-----------+-----+------+---------+

    + Detail: 
        * Instance: 
        +--------------------------------------------------+----------------------------------------+---------+---------+-----------+-----------+-----+-----+-------------------+
        |                                                  |                                        |  Latency (cycles) |   Latency (absolute)  |  Interval |      Pipeline     |
        |                     Instance                     |                 Module                 |   min   |   max   |    min    |    max    | min | max |        Type       |
        +--------------------------------------------------+----------------------------------------+---------+---------+-----------+-----------+-----+-----+-------------------+
        |grp_gaussian_blur_Pipeline_VITIS_LOOP_46_1_fu_54  |gaussian_blur_Pipeline_VITIS_LOOP_46_1  |      514|      514|   2.570 us|   2.570 us|    0|    0|  loop pipeline stp|
        |grp_gaussian_blur_Pipeline_VITIS_LOOP_64_2_fu_67  |gaussian_blur_Pipeline_VITIS_LOOP_64_2  |     4068|     4068|  20.340 us|  20.340 us|    0|    0|  loop pipeline stp|
        +--------------------------------------------------+----------------------------------------+---------+---------+-----------+-----------+-----+-----+-------------------+

        * Loop: 
        N/A



================================================================
== Utilization Estimates
================================================================
* Summary: 
+-----------------+---------+------+--------+--------+-----+
|       Name      | BRAM_18K|  DSP |   FF   |   LUT  | URAM|
+-----------------+---------+------+--------+--------+-----+
|DSP              |        -|     -|       -|       -|    -|
|Expression       |        -|     -|       0|     291|    -|
|FIFO             |        -|     -|       -|       -|    -|
|Instance         |        -|     -|    2253|    2244|    -|
|Memory           |        -|     -|       -|       -|    -|
|Multiplexer      |        -|     -|       0|     564|    -|
|Register         |        -|     -|     128|       -|    -|
+-----------------+---------+------+--------+--------+-----+
|Total            |        0|     0|    2381|    3099|    0|
+-----------------+---------+------+--------+--------+-----+
|Available        |      288|  1248|  234240|  117120|   64|
+-----------------+---------+------+--------+--------+-----+
|Utilization (%)  |        0|     0|       1|       2|    0|
+-----------------+---------+------+--------+--------+-----+

+ Detail: 
    * Instance: 
    +--------------------------------------------------+----------------------------------------+---------+----+-----+-----+-----+
    |                     Instance                     |                 Module                 | BRAM_18K| DSP|  FF | LUT | URAM|
    +--------------------------------------------------+----------------------------------------+---------+----+-----+-----+-----+
    |grp_gaussian_blur_Pipeline_VITIS_LOOP_46_1_fu_54  |gaussian_blur_Pipeline_VITIS_LOOP_46_1  |        0|   0|   22|   73|    0|
    |grp_gaussian_blur_Pipeline_VITIS_LOOP_64_2_fu_67  |gaussian_blur_Pipeline_VITIS_LOOP_64_2  |        0|   0|  261|  981|    0|
    |srem_32ns_4ns_32_36_seq_1_U43                     |srem_32ns_4ns_32_36_seq_1               |        0|   0|  394|  238|    0|
    |srem_32ns_4ns_32_36_seq_1_U44                     |srem_32ns_4ns_32_36_seq_1               |        0|   0|  394|  238|    0|
    |srem_32ns_4ns_32_36_seq_1_U46                     |srem_32ns_4ns_32_36_seq_1               |        0|   0|  394|  238|    0|
    |srem_32ns_4ns_32_36_seq_1_U47                     |srem_32ns_4ns_32_36_seq_1               |        0|   0|  394|  238|    0|
    |urem_32ns_4ns_3_36_seq_1_U45                      |urem_32ns_4ns_3_36_seq_1                |        0|   0|  394|  238|    0|
    +--------------------------------------------------+----------------------------------------+---------+----+-----+-----+-----+
    |Total                                             |                                        |        0|   0| 2253| 2244|    0|
    +--------------------------------------------------+----------------------------------------+---------+----+-----+-----+-----+

    * DSP: 
    N/A

    * Memory: 
    N/A

    * FIFO: 
    N/A

    * Expression: 
    +----------------------------------+----------+----+---+----+------------+------------+
    |           Variable Name          | Operation| DSP| FF| LUT| Bitwidth P0| Bitwidth P1|
    +----------------------------------+----------+----+---+----+------------+------------+
    |add_ln22_1_fu_238_p2              |         +|   0|  0|  10|           3|           3|
    |add_ln22_2_fu_176_p2              |         +|   0|  0|  10|           3|           3|
    |add_ln22_3_fu_265_p2              |         +|   0|  0|  10|           3|           3|
    |add_ln22_fu_206_p2                |         +|   0|  0|  10|           3|           3|
    |add_ln50_fu_97_p2                 |         +|   0|  0|  39|          32|           1|
    |grp_fu_146_p0                     |         +|   0|  0|  39|          32|           3|
    |grp_fu_163_p0                     |         +|   0|  0|  39|          32|           2|
    |outputRow_fu_108_p2               |         +|   0|  0|  39|          32|           3|
    |ap_block_state73_on_subcall_done  |       and|   0|  0|   2|           1|           1|
    |icmp_ln59_1_fu_129_p2             |      icmp|   0|  0|  39|          32|           9|
    |icmp_ln59_fu_123_p2               |      icmp|   0|  0|  38|          31|           1|
    |ap_block_state1                   |        or|   0|  0|   2|           1|           1|
    |or_ln59_fu_135_p2                 |        or|   0|  0|   2|           1|           1|
    |select_ln22_1_fu_244_p3           |    select|   0|  0|   3|           1|           3|
    |select_ln22_2_fu_181_p3           |    select|   0|  0|   3|           1|           3|
    |select_ln22_3_fu_271_p3           |    select|   0|  0|   3|           1|           3|
    |select_ln22_fu_212_p3             |    select|   0|  0|   3|           1|           3|
    +----------------------------------+----------+----+---+----+------------+------------+
    |Total                             |          |   0|  0| 291|         210|          46|
    +----------------------------------+----------+----+---+----+------------+------------+

    * Multiplexer: 
    +------------------------------------------------+-----+-----------+-----+-----------+
    |                      Name                      | LUT | Input Size| Bits| Total Bits|
    +------------------------------------------------+-----+-----------+-----+-----------+
    |ap_NS_fsm                                       |  389|         74|    1|         74|
    |ap_done                                         |    9|          2|    1|          2|
    |ap_phi_mux_valid_out_write_assign_phi_fu_46_p4  |    9|          2|    1|          2|
    |output_r_address0                               |   14|          3|    9|         27|
    |output_r_ce0                                    |   14|          3|    1|          3|
    |output_r_d0                                     |   14|          3|    8|         24|
    |output_r_we0                                    |   14|          3|    1|          3|
    |p_ZN12_GLOBAL_N_110lineBufferE_0_address0       |   14|          3|   11|         33|
    |p_ZN12_GLOBAL_N_110lineBufferE_0_ce0            |   14|          3|    1|          3|
    |p_ZN12_GLOBAL_N_110lineBufferE_0_ce1            |    9|          2|    1|          2|
    |p_ZN12_GLOBAL_N_110lineBufferE_0_we0            |    9|          2|    1|          2|
    |p_ZN12_GLOBAL_N_110lineBufferE_1_address0       |   14|          3|   11|         33|
    |p_ZN12_GLOBAL_N_110lineBufferE_1_ce0            |   14|          3|    1|          3|
    |p_ZN12_GLOBAL_N_110lineBufferE_1_ce1            |    9|          2|    1|          2|
    |p_ZN12_GLOBAL_N_110lineBufferE_1_we0            |    9|          2|    1|          2|
    |p_anonymous_namespace_rowsReceived_o            |    9|          2|   32|         64|
    +------------------------------------------------+-----+-----------+-----+-----------+
    |Total                                           |  564|        112|   82|        279|
    +------------------------------------------------+-----+-----------+-----+-----------+

    * Register: 
    +---------------------------------------------------------------+----+----+-----+-----------+
    |                              Name                             | FF | LUT| Bits| Const Bits|
    +---------------------------------------------------------------+----+----+-----+-----------+
    |ap_CS_fsm                                                      |  73|   0|   73|          0|
    |ap_done_reg                                                    |   1|   0|    1|          0|
    |grp_gaussian_blur_Pipeline_VITIS_LOOP_46_1_fu_54_ap_start_reg  |   1|   0|    1|          0|
    |grp_gaussian_blur_Pipeline_VITIS_LOOP_64_2_fu_67_ap_start_reg  |   1|   0|    1|          0|
    |or_ln59_reg_305                                                |   1|   0|    1|          0|
    |select_ln22_1_reg_334                                          |   3|   0|    3|          0|
    |select_ln22_2_reg_319                                          |   3|   0|    3|          0|
    |select_ln22_3_reg_339                                          |   3|   0|    3|          0|
    |select_ln22_reg_324                                            |   3|   0|    3|          0|
    |trunc_ln42_reg_288                                             |   3|   0|    3|          0|
    |trunc_ln79_reg_329                                             |   3|   0|    3|          0|
    |valid_out_write_assign_reg_42                                  |   1|   0|    1|          0|
    |writeSlot_reg_283                                              |  32|   0|   32|          0|
    +---------------------------------------------------------------+----+----+-----+-----------+
    |Total                                                          | 128|   0|  128|          0|
    +---------------------------------------------------------------+----+----+-----+-----------+



================================================================
== Interface
================================================================
* Summary: 
+---------------------------------------------+-----+-----+------------+------------------------------------+--------------+
|                  RTL Ports                  | Dir | Bits|  Protocol  |            Source Object           |    C Type    |
+---------------------------------------------+-----+-----+------------+------------------------------------+--------------+
|ap_clk                                       |   in|    1|  ap_ctrl_hs|                       gaussian_blur|  return value|
|ap_rst                                       |   in|    1|  ap_ctrl_hs|                       gaussian_blur|  return value|
|ap_start                                     |   in|    1|  ap_ctrl_hs|                       gaussian_blur|  return value|
|ap_done                                      |  out|    1|  ap_ctrl_hs|                       gaussian_blur|  return value|
|ap_continue                                  |   in|    1|  ap_ctrl_hs|                       gaussian_blur|  return value|
|ap_idle                                      |  out|    1|  ap_ctrl_hs|                       gaussian_blur|  return value|
|ap_ready                                     |  out|    1|  ap_ctrl_hs|                       gaussian_blur|  return value|
|ap_return                                    |  out|    1|  ap_ctrl_hs|                       gaussian_blur|  return value|
|input_r_address0                             |  out|    9|   ap_memory|                             input_r|         array|
|input_r_ce0                                  |  out|    1|   ap_memory|                             input_r|         array|
|input_r_q0                                   |   in|    8|   ap_memory|                             input_r|         array|
|output_r_address0                            |  out|    9|   ap_memory|                            output_r|         array|
|output_r_ce0                                 |  out|    1|   ap_memory|                            output_r|         array|
|output_r_we0                                 |  out|    1|   ap_memory|                            output_r|         array|
|output_r_d0                                  |  out|    8|   ap_memory|                            output_r|         array|
|p_anonymous_namespace_rowsReceived_i         |   in|   32|     ap_ovld|  p_anonymous_namespace_rowsReceived|       pointer|
|p_anonymous_namespace_rowsReceived_o         |  out|   32|     ap_ovld|  p_anonymous_namespace_rowsReceived|       pointer|
|p_anonymous_namespace_rowsReceived_o_ap_vld  |  out|    1|     ap_ovld|  p_anonymous_namespace_rowsReceived|       pointer|
|p_ZN12_GLOBAL_N_110lineBufferE_0_address0    |  out|   11|   ap_memory|    p_ZN12_GLOBAL_N_110lineBufferE_0|         array|
|p_ZN12_GLOBAL_N_110lineBufferE_0_ce0         |  out|    1|   ap_memory|    p_ZN12_GLOBAL_N_110lineBufferE_0|         array|
|p_ZN12_GLOBAL_N_110lineBufferE_0_we0         |  out|    1|   ap_memory|    p_ZN12_GLOBAL_N_110lineBufferE_0|         array|
|p_ZN12_GLOBAL_N_110lineBufferE_0_d0          |  out|    8|   ap_memory|    p_ZN12_GLOBAL_N_110lineBufferE_0|         array|
|p_ZN12_GLOBAL_N_110lineBufferE_0_q0          |   in|    8|   ap_memory|    p_ZN12_GLOBAL_N_110lineBufferE_0|         array|
|p_ZN12_GLOBAL_N_110lineBufferE_0_address1    |  out|   11|   ap_memory|    p_ZN12_GLOBAL_N_110lineBufferE_0|         array|
|p_ZN12_GLOBAL_N_110lineBufferE_0_ce1         |  out|    1|   ap_memory|    p_ZN12_GLOBAL_N_110lineBufferE_0|         array|
|p_ZN12_GLOBAL_N_110lineBufferE_0_q1          |   in|    8|   ap_memory|    p_ZN12_GLOBAL_N_110lineBufferE_0|         array|
|p_ZN12_GLOBAL_N_110lineBufferE_1_address0    |  out|   11|   ap_memory|    p_ZN12_GLOBAL_N_110lineBufferE_1|         array|
|p_ZN12_GLOBAL_N_110lineBufferE_1_ce0         |  out|    1|   ap_memory|    p_ZN12_GLOBAL_N_110lineBufferE_1|         array|
|p_ZN12_GLOBAL_N_110lineBufferE_1_we0         |  out|    1|   ap_memory|    p_ZN12_GLOBAL_N_110lineBufferE_1|         array|
|p_ZN12_GLOBAL_N_110lineBufferE_1_d0          |  out|    8|   ap_memory|    p_ZN12_GLOBAL_N_110lineBufferE_1|         array|
|p_ZN12_GLOBAL_N_110lineBufferE_1_q0          |   in|    8|   ap_memory|    p_ZN12_GLOBAL_N_110lineBufferE_1|         array|
|p_ZN12_GLOBAL_N_110lineBufferE_1_address1    |  out|   11|   ap_memory|    p_ZN12_GLOBAL_N_110lineBufferE_1|         array|
|p_ZN12_GLOBAL_N_110lineBufferE_1_ce1         |  out|    1|   ap_memory|    p_ZN12_GLOBAL_N_110lineBufferE_1|         array|
|p_ZN12_GLOBAL_N_110lineBufferE_1_q1          |   in|    8|   ap_memory|    p_ZN12_GLOBAL_N_110lineBufferE_1|         array|
+---------------------------------------------+-----+-----+------------+------------------------------------+--------------+

