

================================================================
== Vitis HLS Report for 'grayscale_Pipeline_burst_read'
================================================================
* Date:           Sat Aug  1 17:30:26 2026

* Version:        2025.2 (Build 6295257 on Nov 14 2025)
* Project:        canny_top
* Solution:       hls (Vitis Kernel Flow Target)
* Product family: zynquplus
* Target device:  xck26-sfvc784-2LV-c


================================================================
== Performance Estimates
================================================================
+ Timing: 
    * Summary: 
    +--------+---------+----------+------------+
    |  Clock |  Target | Estimated| Uncertainty|
    +--------+---------+----------+------------+
    |ap_clk  |  5.00 ns|  3.650 ns|     1.35 ns|
    +--------+---------+----------+------------+

+ Latency: 
    * Summary: 
    +---------+---------+----------+----------+-----+-----+-------------------+
    |  Latency (cycles) |  Latency (absolute) |  Interval |      Pipeline     |
    |   min   |   max   |    min   |    max   | min | max |        Type       |
    +---------+---------+----------+----------+-----+-----+-------------------+
    |       33|       33|  0.165 us|  0.165 us|    0|    0|  loop pipeline stp|
    +---------+---------+----------+----------+-----+-----+-------------------+

    + Detail: 
        * Instance: 
        N/A

        * Loop: 
        +--------------+---------+---------+----------+-----------+-----------+------+----------+
        |              |  Latency (cycles) | Iteration|  Initiation Interval  | Trip |          |
        |   Loop Name  |   min   |   max   |  Latency |  achieved |   target  | Count| Pipelined|
        +--------------+---------+---------+----------+-----------+-----------+------+----------+
        |- burst_read  |       31|       31|         3|          1|          1|    30|       yes|
        +--------------+---------+---------+----------+-----------+-----------+------+----------+



================================================================
== Utilization Estimates
================================================================
* Summary: 
+-----------------+---------+------+--------+--------+-----+
|       Name      | BRAM_18K|  DSP |   FF   |   LUT  | URAM|
+-----------------+---------+------+--------+--------+-----+
|DSP              |        -|     -|       -|       -|    -|
|Expression       |        -|     -|       0|      28|    -|
|FIFO             |        -|     -|       -|       -|    -|
|Instance         |        -|     -|       -|       -|    -|
|Memory           |        -|     -|       -|       -|    -|
|Multiplexer      |        -|     -|       0|      45|    -|
|Register         |        -|     -|     533|       -|    -|
+-----------------+---------+------+--------+--------+-----+
|Total            |        0|     0|     533|      73|    0|
+-----------------+---------+------+--------+--------+-----+
|Available        |      288|  1248|  234240|  117120|   64|
+-----------------+---------+------+--------+--------+-----+
|Utilization (%)  |        0|     0|      ~0|      ~0|    0|
+-----------------+---------+------+--------+--------+-----+

+ Detail: 
    * Instance: 
    N/A

    * DSP: 
    N/A

    * Memory: 
    N/A

    * FIFO: 
    N/A

    * Expression: 
    +---------------------------+----------+----+---+----+------------+------------+
    |       Variable Name       | Operation| DSP| FF| LUT| Bitwidth P0| Bitwidth P1|
    +---------------------------+----------+----+---+----+------------+------------+
    |add_ln17_fu_87_p2          |         +|   0|  0|  12|           5|           1|
    |ap_block_pp0_stage0_11001  |       and|   0|  0|   2|           1|           1|
    |icmp_ln17_fu_81_p2         |      icmp|   0|  0|  12|           5|           3|
    |ap_enable_pp0              |       xor|   0|  0|   2|           1|           2|
    +---------------------------+----------+----+---+----+------------+------------+
    |Total                      |          |   0|  0|  28|          12|           7|
    +---------------------------+----------+----+---+----+------------+------------+

    * Multiplexer: 
    +-------------------------+----+-----------+-----+-----------+
    |           Name          | LUT| Input Size| Bits| Total Bits|
    +-------------------------+----+-----------+-----+-----------+
    |ap_done_int              |   9|          2|    1|          2|
    |ap_enable_reg_pp0_iter1  |   9|          2|    1|          2|
    |ap_sig_allocacmp_w_2     |   9|          2|    5|         10|
    |gmem0_blk_n_R            |   9|          2|    1|          2|
    |w_fu_50                  |   9|          2|    5|         10|
    +-------------------------+----+-----------+-----+-----------+
    |Total                    |  45|         10|   13|         26|
    +-------------------------+----+-----------+-----+-----------+

    * Register: 
    +-------------------------------------------+-----+----+-----+-----------+
    |                    Name                   |  FF | LUT| Bits| Const Bits|
    +-------------------------------------------+-----+----+-----+-----------+
    |ap_CS_fsm                                  |    1|   0|    1|          0|
    |ap_block_pp0_stage0_subdone_grp0_done_reg  |    1|   0|    1|          0|
    |ap_done_reg                                |    1|   0|    1|          0|
    |ap_enable_reg_pp0_iter1                    |    1|   0|    1|          0|
    |ap_enable_reg_pp0_iter2                    |    1|   0|    1|          0|
    |ap_loop_exit_ready_pp0_iter1_reg           |    1|   0|    1|          0|
    |gmem0_read_reg_118                         |  512|   0|  512|          0|
    |w_2_reg_109                                |    5|   0|    5|          0|
    |w_2_reg_109_pp0_iter1_reg                  |    5|   0|    5|          0|
    |w_fu_50                                    |    5|   0|    5|          0|
    +-------------------------------------------+-----+----+-----+-----------+
    |Total                                      |  533|   0|  533|          0|
    +-------------------------------------------+-----+----+-----+-----------+



================================================================
== Interface
================================================================
* Summary: 
+------------------------+-----+-----+------------+-------------------------------+--------------+
|        RTL Ports       | Dir | Bits|  Protocol  |         Source Object         |    C Type    |
+------------------------+-----+-----+------------+-------------------------------+--------------+
|ap_clk                  |   in|    1|  ap_ctrl_hs|  grayscale_Pipeline_burst_read|  return value|
|ap_rst                  |   in|    1|  ap_ctrl_hs|  grayscale_Pipeline_burst_read|  return value|
|ap_start                |   in|    1|  ap_ctrl_hs|  grayscale_Pipeline_burst_read|  return value|
|ap_done                 |  out|    1|  ap_ctrl_hs|  grayscale_Pipeline_burst_read|  return value|
|ap_idle                 |  out|    1|  ap_ctrl_hs|  grayscale_Pipeline_burst_read|  return value|
|ap_ready                |  out|    1|  ap_ctrl_hs|  grayscale_Pipeline_burst_read|  return value|
|m_axi_gmem0_0_AWVALID   |  out|    1|       m_axi|                          gmem0|       pointer|
|m_axi_gmem0_0_AWREADY   |   in|    1|       m_axi|                          gmem0|       pointer|
|m_axi_gmem0_0_AWADDR    |  out|   64|       m_axi|                          gmem0|       pointer|
|m_axi_gmem0_0_AWID      |  out|    1|       m_axi|                          gmem0|       pointer|
|m_axi_gmem0_0_AWLEN     |  out|   32|       m_axi|                          gmem0|       pointer|
|m_axi_gmem0_0_AWSIZE    |  out|    3|       m_axi|                          gmem0|       pointer|
|m_axi_gmem0_0_AWBURST   |  out|    2|       m_axi|                          gmem0|       pointer|
|m_axi_gmem0_0_AWLOCK    |  out|    2|       m_axi|                          gmem0|       pointer|
|m_axi_gmem0_0_AWCACHE   |  out|    4|       m_axi|                          gmem0|       pointer|
|m_axi_gmem0_0_AWPROT    |  out|    3|       m_axi|                          gmem0|       pointer|
|m_axi_gmem0_0_AWQOS     |  out|    4|       m_axi|                          gmem0|       pointer|
|m_axi_gmem0_0_AWREGION  |  out|    4|       m_axi|                          gmem0|       pointer|
|m_axi_gmem0_0_AWUSER    |  out|    1|       m_axi|                          gmem0|       pointer|
|m_axi_gmem0_0_WVALID    |  out|    1|       m_axi|                          gmem0|       pointer|
|m_axi_gmem0_0_WREADY    |   in|    1|       m_axi|                          gmem0|       pointer|
|m_axi_gmem0_0_WDATA     |  out|  512|       m_axi|                          gmem0|       pointer|
|m_axi_gmem0_0_WSTRB     |  out|   64|       m_axi|                          gmem0|       pointer|
|m_axi_gmem0_0_WLAST     |  out|    1|       m_axi|                          gmem0|       pointer|
|m_axi_gmem0_0_WID       |  out|    1|       m_axi|                          gmem0|       pointer|
|m_axi_gmem0_0_WUSER     |  out|    1|       m_axi|                          gmem0|       pointer|
|m_axi_gmem0_0_ARVALID   |  out|    1|       m_axi|                          gmem0|       pointer|
|m_axi_gmem0_0_ARREADY   |   in|    1|       m_axi|                          gmem0|       pointer|
|m_axi_gmem0_0_ARADDR    |  out|   64|       m_axi|                          gmem0|       pointer|
|m_axi_gmem0_0_ARID      |  out|    1|       m_axi|                          gmem0|       pointer|
|m_axi_gmem0_0_ARLEN     |  out|   32|       m_axi|                          gmem0|       pointer|
|m_axi_gmem0_0_ARSIZE    |  out|    3|       m_axi|                          gmem0|       pointer|
|m_axi_gmem0_0_ARBURST   |  out|    2|       m_axi|                          gmem0|       pointer|
|m_axi_gmem0_0_ARLOCK    |  out|    2|       m_axi|                          gmem0|       pointer|
|m_axi_gmem0_0_ARCACHE   |  out|    4|       m_axi|                          gmem0|       pointer|
|m_axi_gmem0_0_ARPROT    |  out|    3|       m_axi|                          gmem0|       pointer|
|m_axi_gmem0_0_ARQOS     |  out|    4|       m_axi|                          gmem0|       pointer|
|m_axi_gmem0_0_ARREGION  |  out|    4|       m_axi|                          gmem0|       pointer|
|m_axi_gmem0_0_ARUSER    |  out|    1|       m_axi|                          gmem0|       pointer|
|m_axi_gmem0_0_RVALID    |   in|    1|       m_axi|                          gmem0|       pointer|
|m_axi_gmem0_0_RREADY    |  out|    1|       m_axi|                          gmem0|       pointer|
|m_axi_gmem0_0_RDATA     |   in|  512|       m_axi|                          gmem0|       pointer|
|m_axi_gmem0_0_RLAST     |   in|    1|       m_axi|                          gmem0|       pointer|
|m_axi_gmem0_0_RID       |   in|    1|       m_axi|                          gmem0|       pointer|
|m_axi_gmem0_0_RFIFONUM  |   in|    8|       m_axi|                          gmem0|       pointer|
|m_axi_gmem0_0_RUSER     |   in|    1|       m_axi|                          gmem0|       pointer|
|m_axi_gmem0_0_RRESP     |   in|    2|       m_axi|                          gmem0|       pointer|
|m_axi_gmem0_0_BVALID    |   in|    1|       m_axi|                          gmem0|       pointer|
|m_axi_gmem0_0_BREADY    |  out|    1|       m_axi|                          gmem0|       pointer|
|m_axi_gmem0_0_BRESP     |   in|    2|       m_axi|                          gmem0|       pointer|
|m_axi_gmem0_0_BID       |   in|    1|       m_axi|                          gmem0|       pointer|
|m_axi_gmem0_0_BUSER     |   in|    1|       m_axi|                          gmem0|       pointer|
|row_words_address0      |  out|    5|   ap_memory|                      row_words|         array|
|row_words_ce0           |  out|    1|   ap_memory|                      row_words|         array|
|row_words_we0           |  out|    1|   ap_memory|                      row_words|         array|
|row_words_d0            |  out|  512|   ap_memory|                      row_words|         array|
+------------------------+-----+-----+------------+-------------------------------+--------------+

