

================================================================
== Vitis HLS Report for 'hysteresis_1_Pipeline_VITIS_LOOP_116_2'
================================================================
* Date:           Fri Jul 24 22:33:47 2026

* Version:        2025.2 (Build 6295257 on Nov 14 2025)
* Project:        canny_top
* Solution:       hls (Vitis Kernel Flow Target)
* Product family: zynquplus
* Target device:  xck26-sfvc784-2LV-c


================================================================
== Performance Estimates
================================================================
+ Timing: 
    * Summary: 
    +--------+---------+----------+------------+
    |  Clock |  Target | Estimated| Uncertainty|
    +--------+---------+----------+------------+
    |ap_clk  |  5.00 ns|  3.632 ns|     1.35 ns|
    +--------+---------+----------+------------+

+ Latency: 
    * Summary: 
    +---------+---------+-----------+-----------+-----+-----+-------------------+
    |  Latency (cycles) |   Latency (absolute)  |  Interval |      Pipeline     |
    |   min   |   max   |    min    |    max    | min | max |        Type       |
    +---------+---------+-----------+-----------+-----+-----+-------------------+
    |     2556|     2556|  12.780 us|  12.780 us|    0|    0|  loop pipeline stp|
    +---------+---------+-----------+-----------+-----+-----+-------------------+

    + Detail: 
        * Instance: 
        N/A

        * Loop: 
        +--------------------+---------+---------+----------+-----------+-----------+------+----------+
        |                    |  Latency (cycles) | Iteration|  Initiation Interval  | Trip |          |
        |      Loop Name     |   min   |   max   |  Latency |  achieved |   target  | Count| Pipelined|
        +--------------------+---------+---------+----------+-----------+-----------+------+----------+
        |- VITIS_LOOP_116_2  |     2554|     2554|        10|          5|          1|   510|       yes|
        +--------------------+---------+---------+----------+-----------+-----------+------+----------+



================================================================
== Utilization Estimates
================================================================
* Summary: 
+-----------------+---------+------+--------+--------+-----+
|       Name      | BRAM_18K|  DSP |   FF   |   LUT  | URAM|
+-----------------+---------+------+--------+--------+-----+
|DSP              |        -|     -|       -|       -|    -|
|Expression       |        -|     -|       0|     166|    -|
|FIFO             |        -|     -|       -|       -|    -|
|Instance         |        -|     -|       -|       -|    -|
|Memory           |        -|     -|       -|       -|    -|
|Multiplexer      |        -|     -|       0|     250|    -|
|Register         |        -|     -|     104|       -|    -|
+-----------------+---------+------+--------+--------+-----+
|Total            |        0|     0|     104|     416|    0|
+-----------------+---------+------+--------+--------+-----+
|Available        |      288|  1248|  234240|  117120|   64|
+-----------------+---------+------+--------+--------+-----+
|Utilization (%)  |        0|     0|      ~0|      ~0|    0|
+-----------------+---------+------+--------+--------+-----+

+ Detail: 
    * Instance: 
    N/A

    * DSP: 
    N/A

    * Memory: 
    N/A

    * FIFO: 
    N/A

    * Expression: 
    +-----------------------+----------+----+---+----+------------+------------+
    |     Variable Name     | Operation| DSP| FF| LUT| Bitwidth P0| Bitwidth P1|
    +-----------------------+----------+----+---+----+------------+------------+
    |add_ln116_fu_338_p2    |         +|   0|  0|  16|           9|           1|
    |add_ln29_fu_373_p2     |         +|   0|  0|  16|           9|           2|
    |add_ln31_fu_426_p2     |         +|   0|  0|  16|           9|           1|
    |grp_fu_281_p2          |      icmp|   0|  0|  15|           8|           2|
    |grp_fu_294_p2          |      icmp|   0|  0|  15|           8|           2|
    |icmp_ln116_fu_308_p2   |      icmp|   0|  0|  16|           9|           2|
    |icmp_ln30_fu_420_p2    |      icmp|   0|  0|  15|           8|           2|
    |icmp_ln35_fu_521_p2    |      icmp|   0|  0|  15|           8|           2|
    |centre_fu_357_p3       |    select|   0|  0|   8|           1|           8|
    |grp_fu_274_p3          |    select|   0|  0|   8|           1|           8|
    |grp_fu_287_p3          |    select|   0|  0|   8|           1|           8|
    |select_ln30_fu_413_p3  |    select|   0|  0|   8|           1|           8|
    |select_ln35_fu_514_p3  |    select|   0|  0|   8|           1|           8|
    |ap_enable_pp0          |       xor|   0|  0|   2|           1|           2|
    +-----------------------+----------+----+---+----+------------+------------+
    |Total                  |          |   0|  0| 166|          74|          56|
    +-----------------------+----------+----+---+----+------------+------------+

    * Multiplexer: 
    +-------------------------------------------------------+----+-----------+-----+-----------+
    |                          Name                         | LUT| Input Size| Bits| Total Bits|
    +-------------------------------------------------------+----+-----------+-----+-----------+
    |ap_NS_fsm                                              |  31|          6|    1|          6|
    |ap_done_int                                            |   9|          2|    1|          2|
    |ap_enable_reg_pp0_iter0                                |   9|          2|    1|          2|
    |ap_enable_reg_pp0_iter1                                |   9|          2|    1|          2|
    |ap_sig_allocacmp_column                                |   9|          2|    9|         18|
    |column_6_fu_50                                         |   9|          2|    9|         18|
    |grp_fu_287_p0                                          |  14|          3|    1|          3|
    |out_hysteresis1_address0_local                         |  26|          5|    9|         45|
    |out_hysteresis1_d0_local                               |  20|          4|    8|         32|
    |p_ZN12_GLOBAL_N_110lineBufferILi1EEE_0_address0_local  |  31|          6|   10|         60|
    |p_ZN12_GLOBAL_N_110lineBufferILi1EEE_0_address1_local  |  26|          5|   10|         50|
    |p_ZN12_GLOBAL_N_110lineBufferILi1EEE_1_address0_local  |  31|          6|   10|         60|
    |p_ZN12_GLOBAL_N_110lineBufferILi1EEE_1_address1_local  |  26|          5|   10|         50|
    +-------------------------------------------------------+----+-----------+-----+-----------+
    |Total                                                  | 250|         50|   80|        348|
    +-------------------------------------------------------+----+-----------+-----+-----------+

    * Register: 
    +-----------------------------------+---+----+-----+-----------+
    |                Name               | FF| LUT| Bits| Const Bits|
    +-----------------------------------+---+----+-----+-----------+
    |ap_CS_fsm                          |  5|   0|    5|          0|
    |ap_done_reg                        |  1|   0|    1|          0|
    |ap_enable_reg_pp0_iter0_reg        |  1|   0|    1|          0|
    |ap_enable_reg_pp0_iter1            |  1|   0|    1|          0|
    |centre_reg_596                     |  8|   0|    8|          0|
    |centre_reg_596_pp0_iter1_reg       |  8|   0|    8|          0|
    |column_6_fu_50                     |  9|   0|    9|          0|
    |column_reg_554                     |  9|   0|    9|          0|
    |icmp_ln116_reg_562                 |  1|   0|    1|          0|
    |icmp_ln29_reg_626                  |  1|   0|    1|          0|
    |icmp_ln29_reg_626_pp0_iter1_reg    |  1|   0|    1|          0|
    |icmp_ln30_reg_630                  |  1|   0|    1|          0|
    |icmp_ln30_reg_630_pp0_iter1_reg    |  1|   0|    1|          0|
    |icmp_ln31_reg_660                  |  1|   0|    1|          0|
    |icmp_ln32_reg_674                  |  1|   0|    1|          0|
    |icmp_ln33_reg_688                  |  1|   0|    1|          0|
    |icmp_ln34_reg_702                  |  1|   0|    1|          0|
    |icmp_ln35_reg_716                  |  1|   0|    1|          0|
    |lshr_ln7_reg_600                   |  8|   0|    8|          0|
    |lshr_ln8_reg_634                   |  8|   0|    8|          0|
    |lshr_ln_reg_566                    |  8|   0|    8|          0|
    |lshr_ln_reg_566_pp0_iter1_reg      |  8|   0|    8|          0|
    |trunc_ln116_reg_588                |  1|   0|    1|          0|
    |trunc_ln116_reg_588_pp0_iter1_reg  |  1|   0|    1|          0|
    |zext_ln116_reg_582                 |  9|   0|   64|         55|
    |zext_ln116_reg_582_pp0_iter1_reg   |  9|   0|   64|         55|
    +-----------------------------------+---+----+-----+-----------+
    |Total                              |104|   0|  214|        110|
    +-----------------------------------+---+----+-----+-----------+



================================================================
== Interface
================================================================
* Summary: 
+-------------------------------------------------+-----+-----+------------+-----------------------------------------+--------------+
|                    RTL Ports                    | Dir | Bits|  Protocol  |              Source Object              |    C Type    |
+-------------------------------------------------+-----+-----+------------+-----------------------------------------+--------------+
|ap_clk                                           |   in|    1|  ap_ctrl_hs|  hysteresis<1>_Pipeline_VITIS_LOOP_116_2|  return value|
|ap_rst                                           |   in|    1|  ap_ctrl_hs|  hysteresis<1>_Pipeline_VITIS_LOOP_116_2|  return value|
|ap_start                                         |   in|    1|  ap_ctrl_hs|  hysteresis<1>_Pipeline_VITIS_LOOP_116_2|  return value|
|ap_done                                          |  out|    1|  ap_ctrl_hs|  hysteresis<1>_Pipeline_VITIS_LOOP_116_2|  return value|
|ap_idle                                          |  out|    1|  ap_ctrl_hs|  hysteresis<1>_Pipeline_VITIS_LOOP_116_2|  return value|
|ap_ready                                         |  out|    1|  ap_ctrl_hs|  hysteresis<1>_Pipeline_VITIS_LOOP_116_2|  return value|
|out_hysteresis1_address0                         |  out|    9|   ap_memory|                          out_hysteresis1|         array|
|out_hysteresis1_ce0                              |  out|    1|   ap_memory|                          out_hysteresis1|         array|
|out_hysteresis1_we0                              |  out|    1|   ap_memory|                          out_hysteresis1|         array|
|out_hysteresis1_d0                               |  out|    8|   ap_memory|                          out_hysteresis1|         array|
|result_6                                         |   in|    2|     ap_none|                                 result_6|        scalar|
|result                                           |   in|    2|     ap_none|                                   result|        scalar|
|writeSlot                                        |   in|    2|     ap_none|                                writeSlot|        scalar|
|p_ZN12_GLOBAL_N_110lineBufferILi1EEE_0_address0  |  out|   10|   ap_memory|   p_ZN12_GLOBAL_N_110lineBufferILi1EEE_0|         array|
|p_ZN12_GLOBAL_N_110lineBufferILi1EEE_0_ce0       |  out|    1|   ap_memory|   p_ZN12_GLOBAL_N_110lineBufferILi1EEE_0|         array|
|p_ZN12_GLOBAL_N_110lineBufferILi1EEE_0_q0        |   in|    8|   ap_memory|   p_ZN12_GLOBAL_N_110lineBufferILi1EEE_0|         array|
|p_ZN12_GLOBAL_N_110lineBufferILi1EEE_0_address1  |  out|   10|   ap_memory|   p_ZN12_GLOBAL_N_110lineBufferILi1EEE_0|         array|
|p_ZN12_GLOBAL_N_110lineBufferILi1EEE_0_ce1       |  out|    1|   ap_memory|   p_ZN12_GLOBAL_N_110lineBufferILi1EEE_0|         array|
|p_ZN12_GLOBAL_N_110lineBufferILi1EEE_0_q1        |   in|    8|   ap_memory|   p_ZN12_GLOBAL_N_110lineBufferILi1EEE_0|         array|
|p_ZN12_GLOBAL_N_110lineBufferILi1EEE_1_address0  |  out|   10|   ap_memory|   p_ZN12_GLOBAL_N_110lineBufferILi1EEE_1|         array|
|p_ZN12_GLOBAL_N_110lineBufferILi1EEE_1_ce0       |  out|    1|   ap_memory|   p_ZN12_GLOBAL_N_110lineBufferILi1EEE_1|         array|
|p_ZN12_GLOBAL_N_110lineBufferILi1EEE_1_q0        |   in|    8|   ap_memory|   p_ZN12_GLOBAL_N_110lineBufferILi1EEE_1|         array|
|p_ZN12_GLOBAL_N_110lineBufferILi1EEE_1_address1  |  out|   10|   ap_memory|   p_ZN12_GLOBAL_N_110lineBufferILi1EEE_1|         array|
|p_ZN12_GLOBAL_N_110lineBufferILi1EEE_1_ce1       |  out|    1|   ap_memory|   p_ZN12_GLOBAL_N_110lineBufferILi1EEE_1|         array|
|p_ZN12_GLOBAL_N_110lineBufferILi1EEE_1_q1        |   in|    8|   ap_memory|   p_ZN12_GLOBAL_N_110lineBufferILi1EEE_1|         array|
+-------------------------------------------------+-----+-----+------------+-----------------------------------------+--------------+

