

================================================================
== Vitis HLS Report for 'hysteresis_1_Pipeline_VITIS_LOOP_72_1'
================================================================
* Date:           Sat Jul 25 12:05:04 2026

* Version:        2025.2 (Build 6295257 on Nov 14 2025)
* Project:        canny_top
* Solution:       hls (Vitis Kernel Flow Target)
* Product family: zynquplus
* Target device:  xck26-sfvc784-2LV-c


================================================================
== Performance Estimates
================================================================
+ Timing: 
    * Summary: 
    +--------+---------+----------+------------+
    |  Clock |  Target | Estimated| Uncertainty|
    +--------+---------+----------+------------+
    |ap_clk  |  5.00 ns|  2.474 ns|     1.35 ns|
    +--------+---------+----------+------------+

+ Latency: 
    * Summary: 
    +---------+---------+----------+----------+-----+-----+-------------------+
    |  Latency (cycles) |  Latency (absolute) |  Interval |      Pipeline     |
    |   min   |   max   |    min   |    max   | min | max |        Type       |
    +---------+---------+----------+----------+-----+-----+-------------------+
    |      514|      514|  2.570 us|  2.570 us|    0|    0|  loop pipeline stp|
    +---------+---------+----------+----------+-----+-----+-------------------+

    + Detail: 
        * Instance: 
        N/A

        * Loop: 
        +-------------------+---------+---------+----------+-----------+-----------+------+----------+
        |                   |  Latency (cycles) | Iteration|  Initiation Interval  | Trip |          |
        |     Loop Name     |   min   |   max   |  Latency |  achieved |   target  | Count| Pipelined|
        +-------------------+---------+---------+----------+-----------+-----------+------+----------+
        |- VITIS_LOOP_72_1  |      512|      512|         2|          1|          1|   512|       yes|
        +-------------------+---------+---------+----------+-----------+-----------+------+----------+



================================================================
== Utilization Estimates
================================================================
* Summary: 
+-----------------+---------+------+--------+--------+-----+
|       Name      | BRAM_18K|  DSP |   FF   |   LUT  | URAM|
+-----------------+---------+------+--------+--------+-----+
|DSP              |        -|     -|       -|       -|    -|
|Expression       |        -|     -|       0|      37|    -|
|FIFO             |        -|     -|       -|       -|    -|
|Instance         |        -|     -|       -|       -|    -|
|Memory           |        -|     -|       -|       -|    -|
|Multiplexer      |        -|     -|       0|      36|    -|
|Register         |        -|     -|      22|       -|    -|
+-----------------+---------+------+--------+--------+-----+
|Total            |        0|     0|      22|      73|    0|
+-----------------+---------+------+--------+--------+-----+
|Available        |      288|  1248|  234240|  117120|   64|
+-----------------+---------+------+--------+--------+-----+
|Utilization (%)  |        0|     0|      ~0|      ~0|    0|
+-----------------+---------+------+--------+--------+-----+

+ Detail: 
    * Instance: 
    N/A

    * DSP: 
    N/A

    * Memory: 
    N/A

    * FIFO: 
    N/A

    * Expression: 
    +---------------------+----------+----+---+----+------------+------------+
    |    Variable Name    | Operation| DSP| FF| LUT| Bitwidth P0| Bitwidth P1|
    +---------------------+----------+----+---+----+------------+------------+
    |add_ln72_fu_125_p2   |         +|   0|  0|  17|          10|           1|
    |icmp_ln72_fu_119_p2  |      icmp|   0|  0|  18|          10|          11|
    |ap_enable_pp0        |       xor|   0|  0|   2|           1|           2|
    +---------------------+----------+----+---+----+------------+------------+
    |Total                |          |   0|  0|  37|          21|          14|
    +---------------------+----------+----+---+----+------------+------------+

    * Multiplexer: 
    +---------------------------+----+-----------+-----+-----------+
    |            Name           | LUT| Input Size| Bits| Total Bits|
    +---------------------------+----+-----------+-----+-----------+
    |ap_done_int                |   9|          2|    1|          2|
    |ap_enable_reg_pp0_iter1    |   9|          2|    1|          2|
    |ap_sig_allocacmp_column_7  |   9|          2|   10|         20|
    |column_fu_46               |   9|          2|   10|         20|
    +---------------------------+----+-----------+-----+-----------+
    |Total                      |  36|          8|   22|         44|
    +---------------------------+----+-----------+-----+-----------+

    * Register: 
    +-------------------------+----+----+-----+-----------+
    |           Name          | FF | LUT| Bits| Const Bits|
    +-------------------------+----+----+-----+-----------+
    |ap_CS_fsm                |   1|   0|    1|          0|
    |ap_done_reg              |   1|   0|    1|          0|
    |ap_enable_reg_pp0_iter1  |   1|   0|    1|          0|
    |column_fu_46             |  10|   0|   10|          0|
    |lshr_ln_reg_187          |   8|   0|    8|          0|
    |trunc_ln72_reg_183       |   1|   0|    1|          0|
    +-------------------------+----+----+-----+-----------+
    |Total                    |  22|   0|   22|          0|
    +-------------------------+----+----+-----+-----------+



================================================================
== Interface
================================================================
* Summary: 
+-------------------------------------------------+-----+-----+------------+----------------------------------------+--------------+
|                    RTL Ports                    | Dir | Bits|  Protocol  |              Source Object             |    C Type    |
+-------------------------------------------------+-----+-----+------------+----------------------------------------+--------------+
|ap_clk                                           |   in|    1|  ap_ctrl_hs|  hysteresis<1>_Pipeline_VITIS_LOOP_72_1|  return value|
|ap_rst                                           |   in|    1|  ap_ctrl_hs|  hysteresis<1>_Pipeline_VITIS_LOOP_72_1|  return value|
|ap_start                                         |   in|    1|  ap_ctrl_hs|  hysteresis<1>_Pipeline_VITIS_LOOP_72_1|  return value|
|ap_done                                          |  out|    1|  ap_ctrl_hs|  hysteresis<1>_Pipeline_VITIS_LOOP_72_1|  return value|
|ap_idle                                          |  out|    1|  ap_ctrl_hs|  hysteresis<1>_Pipeline_VITIS_LOOP_72_1|  return value|
|ap_ready                                         |  out|    1|  ap_ctrl_hs|  hysteresis<1>_Pipeline_VITIS_LOOP_72_1|  return value|
|out_hysteresis1_address0                         |  out|    9|   ap_memory|                         out_hysteresis1|         array|
|out_hysteresis1_ce0                              |  out|    1|   ap_memory|                         out_hysteresis1|         array|
|out_hysteresis1_we0                              |  out|    1|   ap_memory|                         out_hysteresis1|         array|
|out_hysteresis1_d0                               |  out|    8|   ap_memory|                         out_hysteresis1|         array|
|empty                                            |   in|    2|     ap_none|                                   empty|        scalar|
|out_double_address0                              |  out|    9|   ap_memory|                              out_double|         array|
|out_double_ce0                                   |  out|    1|   ap_memory|                              out_double|         array|
|out_double_q0                                    |   in|    8|   ap_memory|                              out_double|         array|
|p_ZN12_GLOBAL_N_110lineBufferILi1EEE_0_address0  |  out|   10|   ap_memory|  p_ZN12_GLOBAL_N_110lineBufferILi1EEE_0|         array|
|p_ZN12_GLOBAL_N_110lineBufferILi1EEE_0_ce0       |  out|    1|   ap_memory|  p_ZN12_GLOBAL_N_110lineBufferILi1EEE_0|         array|
|p_ZN12_GLOBAL_N_110lineBufferILi1EEE_0_we0       |  out|    1|   ap_memory|  p_ZN12_GLOBAL_N_110lineBufferILi1EEE_0|         array|
|p_ZN12_GLOBAL_N_110lineBufferILi1EEE_0_d0        |  out|    8|   ap_memory|  p_ZN12_GLOBAL_N_110lineBufferILi1EEE_0|         array|
|p_ZN12_GLOBAL_N_110lineBufferILi1EEE_1_address0  |  out|   10|   ap_memory|  p_ZN12_GLOBAL_N_110lineBufferILi1EEE_1|         array|
|p_ZN12_GLOBAL_N_110lineBufferILi1EEE_1_ce0       |  out|    1|   ap_memory|  p_ZN12_GLOBAL_N_110lineBufferILi1EEE_1|         array|
|p_ZN12_GLOBAL_N_110lineBufferILi1EEE_1_we0       |  out|    1|   ap_memory|  p_ZN12_GLOBAL_N_110lineBufferILi1EEE_1|         array|
|p_ZN12_GLOBAL_N_110lineBufferILi1EEE_1_d0        |  out|    8|   ap_memory|  p_ZN12_GLOBAL_N_110lineBufferILi1EEE_1|         array|
+-------------------------------------------------+-----+-----+------------+----------------------------------------+--------------+

