

================================================================
== Vitis HLS Report for 'hysteresis_2_s'
================================================================
* Date:           Sat Jul 25 12:05:04 2026

* Version:        2025.2 (Build 6295257 on Nov 14 2025)
* Project:        canny_top
* Solution:       hls (Vitis Kernel Flow Target)
* Product family: zynquplus
* Target device:  xck26-sfvc784-2LV-c


================================================================
== Performance Estimates
================================================================
+ Timing: 
    * Summary: 
    +--------+---------+----------+------------+
    |  Clock |  Target | Estimated| Uncertainty|
    +--------+---------+----------+------------+
    |ap_clk  |  5.00 ns|  3.632 ns|     1.35 ns|
    +--------+---------+----------+------------+

+ Latency: 
    * Summary: 
    +---------+---------+----------+-----------+-----+------+---------+
    |  Latency (cycles) |  Latency (absolute)  |  Interval  | Pipeline|
    |   min   |   max   |    min   |    max    | min |  max |   Type  |
    +---------+---------+----------+-----------+-----+------+---------+
    |        1|     3152|  5.000 ns|  15.760 us|    1|  3152|       no|
    +---------+---------+----------+-----------+-----+------+---------+

    + Detail: 
        * Instance: 
        +--------------------------------------------------+----------------------------------------+---------+---------+-----------+-----------+-----+-----+-------------------+
        |                                                  |                                        |  Latency (cycles) |   Latency (absolute)  |  Interval |      Pipeline     |
        |                     Instance                     |                 Module                 |   min   |   max   |    min    |    max    | min | max |        Type       |
        +--------------------------------------------------+----------------------------------------+---------+---------+-----------+-----------+-----+-----+-------------------+
        |grp_hysteresis_2_Pipeline_VITIS_LOOP_72_1_fu_63   |hysteresis_2_Pipeline_VITIS_LOOP_72_1   |      514|      514|   2.570 us|   2.570 us|    0|    0|  loop pipeline stp|
        |grp_hysteresis_2_Pipeline_VITIS_LOOP_110_2_fu_76  |hysteresis_2_Pipeline_VITIS_LOOP_110_2  |     2566|     2566|  12.830 us|  12.830 us|    0|    0|  loop pipeline stp|
        +--------------------------------------------------+----------------------------------------+---------+---------+-----------+-----------+-----+-----+-------------------+

        * Loop: 
        N/A



================================================================
== Utilization Estimates
================================================================
* Summary: 
+-----------------+---------+------+--------+--------+-----+
|       Name      | BRAM_18K|  DSP |   FF   |   LUT  | URAM|
+-----------------+---------+------+--------+--------+-----+
|DSP              |        -|     -|       -|       -|    -|
|Expression       |        -|     -|       0|     184|    -|
|FIFO             |        -|     -|       -|       -|    -|
|Instance         |        -|     -|    1334|    1444|    -|
|Memory           |        -|     -|       -|       -|    -|
|Multiplexer      |        -|     -|       0|     564|    -|
|Register         |        -|     -|     156|       -|    -|
+-----------------+---------+------+--------+--------+-----+
|Total            |        0|     0|    1490|    2192|    0|
+-----------------+---------+------+--------+--------+-----+
|Available        |      288|  1248|  234240|  117120|   64|
+-----------------+---------+------+--------+--------+-----+
|Utilization (%)  |        0|     0|      ~0|       1|    0|
+-----------------+---------+------+--------+--------+-----+

+ Detail: 
    * Instance: 
    +--------------------------------------------------+----------------------------------------+---------+----+-----+-----+-----+
    |                     Instance                     |                 Module                 | BRAM_18K| DSP|  FF | LUT | URAM|
    +--------------------------------------------------+----------------------------------------+---------+----+-----+-----+-----+
    |grp_hysteresis_2_Pipeline_VITIS_LOOP_110_2_fu_76  |hysteresis_2_Pipeline_VITIS_LOOP_110_2  |        0|   0|  130|  657|    0|
    |grp_hysteresis_2_Pipeline_VITIS_LOOP_72_1_fu_63   |hysteresis_2_Pipeline_VITIS_LOOP_72_1   |        0|   0|   22|   73|    0|
    |srem_32ns_3ns_32_36_seq_1_U174                    |srem_32ns_3ns_32_36_seq_1               |        0|   0|  394|  238|    0|
    |srem_32ns_3ns_32_36_seq_1_U176                    |srem_32ns_3ns_32_36_seq_1               |        0|   0|  394|  238|    0|
    |urem_32ns_3ns_2_36_seq_1_U175                     |urem_32ns_3ns_2_36_seq_1                |        0|   0|  394|  238|    0|
    +--------------------------------------------------+----------------------------------------+---------+----+-----+-----+-----+
    |Total                                             |                                        |        0|   0| 1334| 1444|    0|
    +--------------------------------------------------+----------------------------------------+---------+----+-----+-----+-----+

    * DSP: 
    N/A

    * Memory: 
    N/A

    * FIFO: 
    N/A

    * Expression: 
    +----------------------------------+----------+----+---+----+------------+------------+
    |           Variable Name          | Operation| DSP| FF| LUT| Bitwidth P0| Bitwidth P1|
    +----------------------------------+----------+----+---+----+------------+------------+
    |add_ln18_3_fu_197_p2              |         +|   0|  0|   9|           2|           2|
    |add_ln18_fu_150_p2                |         +|   0|  0|   9|           2|           2|
    |add_ln76_fu_109_p2                |         +|   0|  0|  39|          32|           1|
    |outputRow_fu_120_p2               |         +|   0|  0|  39|          32|           2|
    |ap_block_state73_on_subcall_done  |       and|   0|  0|   2|           1|           1|
    |ap_predicate_op207_call_state73   |       and|   0|  0|   2|           1|           1|
    |icmp_ln33_fu_168_p2               |      icmp|   0|  0|  39|          32|           1|
    |icmp_ln38_fu_174_p2               |      icmp|   0|  0|  39|          32|           9|
    |ap_block_state1                   |        or|   0|  0|   2|           1|           1|
    |select_ln18_3_fu_212_p3           |    select|   0|  0|   2|           1|           2|
    |select_ln18_fu_161_p3             |    select|   0|  0|   2|           1|           2|
    +----------------------------------+----------+----+---+----+------------+------------+
    |Total                             |          |   0|  0| 184|         137|          24|
    +----------------------------------+----------+----+---+----+------------+------------+

    * Multiplexer: 
    +-------------------------------------------------+-----+-----------+-----+-----------+
    |                       Name                      | LUT | Input Size| Bits| Total Bits|
    +-------------------------------------------------+-----+-----------+-----+-----------+
    |ap_NS_fsm                                        |  389|         74|    1|         74|
    |ap_done                                          |    9|          2|    1|          2|
    |ap_phi_mux_valid_out_write_assign_phi_fu_52_p6   |    9|          2|    1|          2|
    |out_hysteresis2_address0                         |   14|          3|    9|         27|
    |out_hysteresis2_ce0                              |   14|          3|    1|          3|
    |out_hysteresis2_d0                               |   14|          3|    8|         24|
    |out_hysteresis2_we0                              |   14|          3|    1|          3|
    |p_ZN12_GLOBAL_N_110lineBufferILi2EEE_0_address0  |   14|          3|   10|         30|
    |p_ZN12_GLOBAL_N_110lineBufferILi2EEE_0_ce0       |   14|          3|    1|          3|
    |p_ZN12_GLOBAL_N_110lineBufferILi2EEE_0_ce1       |    9|          2|    1|          2|
    |p_ZN12_GLOBAL_N_110lineBufferILi2EEE_0_we0       |    9|          2|    1|          2|
    |p_ZN12_GLOBAL_N_110lineBufferILi2EEE_1_address0  |   14|          3|   10|         30|
    |p_ZN12_GLOBAL_N_110lineBufferILi2EEE_1_ce0       |   14|          3|    1|          3|
    |p_ZN12_GLOBAL_N_110lineBufferILi2EEE_1_ce1       |    9|          2|    1|          2|
    |p_ZN12_GLOBAL_N_110lineBufferILi2EEE_1_we0       |    9|          2|    1|          2|
    |p_anonymous_namespace_rowsReceived_2_s_o         |    9|          2|   32|         64|
    +-------------------------------------------------+-----+-----------+-----+-----------+
    |Total                                            |  564|        112|   80|        273|
    +-------------------------------------------------+-----+-----------+-----+-----------+

    * Register: 
    +---------------------------------------------------------------+----+----+-----+-----------+
    |                              Name                             | FF | LUT| Bits| Const Bits|
    +---------------------------------------------------------------+----+----+-----+-----------+
    |ap_CS_fsm                                                      |  73|   0|   73|          0|
    |ap_done_reg                                                    |   1|   0|    1|          0|
    |grp_hysteresis_2_Pipeline_VITIS_LOOP_110_2_fu_76_ap_start_reg  |   1|   0|    1|          0|
    |grp_hysteresis_2_Pipeline_VITIS_LOOP_72_1_fu_63_ap_start_reg   |   1|   0|    1|          0|
    |icmp_ln33_reg_273                                              |   1|   0|    1|          0|
    |icmp_ln38_reg_278                                              |   1|   0|    1|          0|
    |p_read_6_reg_230                                               |   1|   0|    1|          0|
    |select_ln18_3_reg_293                                          |   2|   0|    2|          0|
    |select_ln18_reg_268                                            |   2|   0|    2|          0|
    |tmp_39_reg_298                                                 |   2|   0|   10|          8|
    |tmp_reg_264                                                    |   1|   0|    1|          0|
    |tmp_s_reg_288                                                  |   2|   0|   10|          8|
    |trunc_ln17_reg_283                                             |   2|   0|    2|          0|
    |trunc_ln69_reg_242                                             |   2|   0|    2|          0|
    |trunc_ln82_reg_259                                             |  31|   0|   31|          0|
    |valid_out_write_assign_reg_48                                  |   1|   0|    1|          0|
    |writeSlot_reg_237                                              |  32|   0|   32|          0|
    +---------------------------------------------------------------+----+----+-----+-----------+
    |Total                                                          | 156|   0|  172|         16|
    +---------------------------------------------------------------+----+----+-----+-----------+



================================================================
== Interface
================================================================
* Summary: 
+-------------------------------------------------+-----+-----+------------+----------------------------------------+--------------+
|                    RTL Ports                    | Dir | Bits|  Protocol  |              Source Object             |    C Type    |
+-------------------------------------------------+-----+-----+------------+----------------------------------------+--------------+
|ap_clk                                           |   in|    1|  ap_ctrl_hs|                           hysteresis<2>|  return value|
|ap_rst                                           |   in|    1|  ap_ctrl_hs|                           hysteresis<2>|  return value|
|ap_start                                         |   in|    1|  ap_ctrl_hs|                           hysteresis<2>|  return value|
|ap_done                                          |  out|    1|  ap_ctrl_hs|                           hysteresis<2>|  return value|
|ap_continue                                      |   in|    1|  ap_ctrl_hs|                           hysteresis<2>|  return value|
|ap_idle                                          |  out|    1|  ap_ctrl_hs|                           hysteresis<2>|  return value|
|ap_ready                                         |  out|    1|  ap_ctrl_hs|                           hysteresis<2>|  return value|
|ap_return                                        |  out|    1|  ap_ctrl_hs|                           hysteresis<2>|  return value|
|p_read                                           |   in|    1|     ap_none|                                  p_read|        scalar|
|out_hysteresis1_address0                         |  out|    9|   ap_memory|                         out_hysteresis1|         array|
|out_hysteresis1_ce0                              |  out|    1|   ap_memory|                         out_hysteresis1|         array|
|out_hysteresis1_q0                               |   in|    8|   ap_memory|                         out_hysteresis1|         array|
|out_hysteresis2_address0                         |  out|    9|   ap_memory|                         out_hysteresis2|         array|
|out_hysteresis2_ce0                              |  out|    1|   ap_memory|                         out_hysteresis2|         array|
|out_hysteresis2_we0                              |  out|    1|   ap_memory|                         out_hysteresis2|         array|
|out_hysteresis2_d0                               |  out|    8|   ap_memory|                         out_hysteresis2|         array|
|p_anonymous_namespace_rowsReceived_2_s_i         |   in|   32|     ap_ovld|  p_anonymous_namespace_rowsReceived_2_s|       pointer|
|p_anonymous_namespace_rowsReceived_2_s_o         |  out|   32|     ap_ovld|  p_anonymous_namespace_rowsReceived_2_s|       pointer|
|p_anonymous_namespace_rowsReceived_2_s_o_ap_vld  |  out|    1|     ap_ovld|  p_anonymous_namespace_rowsReceived_2_s|       pointer|
|p_ZN12_GLOBAL_N_110lineBufferILi2EEE_0_address0  |  out|   10|   ap_memory|  p_ZN12_GLOBAL_N_110lineBufferILi2EEE_0|         array|
|p_ZN12_GLOBAL_N_110lineBufferILi2EEE_0_ce0       |  out|    1|   ap_memory|  p_ZN12_GLOBAL_N_110lineBufferILi2EEE_0|         array|
|p_ZN12_GLOBAL_N_110lineBufferILi2EEE_0_we0       |  out|    1|   ap_memory|  p_ZN12_GLOBAL_N_110lineBufferILi2EEE_0|         array|
|p_ZN12_GLOBAL_N_110lineBufferILi2EEE_0_d0        |  out|    8|   ap_memory|  p_ZN12_GLOBAL_N_110lineBufferILi2EEE_0|         array|
|p_ZN12_GLOBAL_N_110lineBufferILi2EEE_0_q0        |   in|    8|   ap_memory|  p_ZN12_GLOBAL_N_110lineBufferILi2EEE_0|         array|
|p_ZN12_GLOBAL_N_110lineBufferILi2EEE_0_address1  |  out|   10|   ap_memory|  p_ZN12_GLOBAL_N_110lineBufferILi2EEE_0|         array|
|p_ZN12_GLOBAL_N_110lineBufferILi2EEE_0_ce1       |  out|    1|   ap_memory|  p_ZN12_GLOBAL_N_110lineBufferILi2EEE_0|         array|
|p_ZN12_GLOBAL_N_110lineBufferILi2EEE_0_q1        |   in|    8|   ap_memory|  p_ZN12_GLOBAL_N_110lineBufferILi2EEE_0|         array|
|p_ZN12_GLOBAL_N_110lineBufferILi2EEE_1_address0  |  out|   10|   ap_memory|  p_ZN12_GLOBAL_N_110lineBufferILi2EEE_1|         array|
|p_ZN12_GLOBAL_N_110lineBufferILi2EEE_1_ce0       |  out|    1|   ap_memory|  p_ZN12_GLOBAL_N_110lineBufferILi2EEE_1|         array|
|p_ZN12_GLOBAL_N_110lineBufferILi2EEE_1_we0       |  out|    1|   ap_memory|  p_ZN12_GLOBAL_N_110lineBufferILi2EEE_1|         array|
|p_ZN12_GLOBAL_N_110lineBufferILi2EEE_1_d0        |  out|    8|   ap_memory|  p_ZN12_GLOBAL_N_110lineBufferILi2EEE_1|         array|
|p_ZN12_GLOBAL_N_110lineBufferILi2EEE_1_q0        |   in|    8|   ap_memory|  p_ZN12_GLOBAL_N_110lineBufferILi2EEE_1|         array|
|p_ZN12_GLOBAL_N_110lineBufferILi2EEE_1_address1  |  out|   10|   ap_memory|  p_ZN12_GLOBAL_N_110lineBufferILi2EEE_1|         array|
|p_ZN12_GLOBAL_N_110lineBufferILi2EEE_1_ce1       |  out|    1|   ap_memory|  p_ZN12_GLOBAL_N_110lineBufferILi2EEE_1|         array|
|p_ZN12_GLOBAL_N_110lineBufferILi2EEE_1_q1        |   in|    8|   ap_memory|  p_ZN12_GLOBAL_N_110lineBufferILi2EEE_1|         array|
+-------------------------------------------------+-----+-----+------------+----------------------------------------+--------------+

