

================================================================
== Vitis HLS Report for 'non_maximum_suppression_Pipeline_VITIS_LOOP_50_2'
================================================================
* Date:           Sat Aug  1 17:30:26 2026

* Version:        2025.2 (Build 6295257 on Nov 14 2025)
* Project:        canny_top
* Solution:       hls (Vitis Kernel Flow Target)
* Product family: zynquplus
* Target device:  xck26-sfvc784-2LV-c


================================================================
== Performance Estimates
================================================================
+ Timing: 
    * Summary: 
    +--------+---------+----------+------------+
    |  Clock |  Target | Estimated| Uncertainty|
    +--------+---------+----------+------------+
    |ap_clk  |  5.00 ns|  2.987 ns|     1.35 ns|
    +--------+---------+----------+------------+

+ Latency: 
    * Summary: 
    +---------+---------+----------+----------+-----+-----+-------------------+
    |  Latency (cycles) |  Latency (absolute) |  Interval |      Pipeline     |
    |   min   |   max   |    min   |    max   | min | max |        Type       |
    +---------+---------+----------+----------+-----+-----+-------------------+
    |      642|      642|  3.210 us|  3.210 us|    0|    0|  loop pipeline stp|
    +---------+---------+----------+----------+-----+-----+-------------------+

    + Detail: 
        * Instance: 
        N/A

        * Loop: 
        +-------------------+---------+---------+----------+-----------+-----------+------+----------+
        |                   |  Latency (cycles) | Iteration|  Initiation Interval  | Trip |          |
        |     Loop Name     |   min   |   max   |  Latency |  achieved |   target  | Count| Pipelined|
        +-------------------+---------+---------+----------+-----------+-----------+------+----------+
        |- VITIS_LOOP_50_2  |      640|      640|         2|          1|          1|   640|       yes|
        +-------------------+---------+---------+----------+-----------+-----------+------+----------+



================================================================
== Utilization Estimates
================================================================
* Summary: 
+-----------------+---------+------+--------+--------+-----+
|       Name      | BRAM_18K|  DSP |   FF   |   LUT  | URAM|
+-----------------+---------+------+--------+--------+-----+
|DSP              |        -|     -|       -|       -|    -|
|Expression       |        -|     -|       0|      38|    -|
|FIFO             |        -|     -|       -|       -|    -|
|Instance         |        -|     -|       -|       -|    -|
|Memory           |        -|     -|       -|       -|    -|
|Multiplexer      |        -|     -|       0|      45|    -|
|Register         |        -|     -|      23|       -|    -|
+-----------------+---------+------+--------+--------+-----+
|Total            |        0|     0|      23|      83|    0|
+-----------------+---------+------+--------+--------+-----+
|Available        |      288|  1248|  234240|  117120|   64|
+-----------------+---------+------+--------+--------+-----+
|Utilization (%)  |        0|     0|      ~0|      ~0|    0|
+-----------------+---------+------+--------+--------+-----+

+ Detail: 
    * Instance: 
    N/A

    * DSP: 
    N/A

    * Memory: 
    N/A

    * FIFO: 
    N/A

    * Expression: 
    +---------------------------+----------+----+---+----+------------+------------+
    |       Variable Name       | Operation| DSP| FF| LUT| Bitwidth P0| Bitwidth P1|
    +---------------------------+----------+----+---+----+------------+------------+
    |add_ln50_fu_168_p2         |         +|   0|  0|  17|          10|           1|
    |ap_block_pp0_stage0_11001  |       and|   0|  0|   2|           1|           1|
    |icmp_ln50_fu_162_p2        |      icmp|   0|  0|  17|          10|          10|
    |ap_enable_pp0              |       xor|   0|  0|   2|           1|           2|
    +---------------------------+----------+----+---+----+------------+------------+
    |Total                      |          |   0|  0|  38|          22|          14|
    +---------------------------+----------+----+---+----+------------+------------+

    * Multiplexer: 
    +---------------------------+----+-----------+-----+-----------+
    |            Name           | LUT| Input Size| Bits| Total Bits|
    +---------------------------+----+-----------+-----+-----------+
    |ap_done_int                |   9|          2|    1|          2|
    |ap_enable_reg_pp0_iter1    |   9|          2|    1|          2|
    |ap_sig_allocacmp_column_3  |   9|          2|   10|         20|
    |column_fu_60               |   9|          2|   10|         20|
    |sobel_out_blk_n            |   9|          2|    1|          2|
    +---------------------------+----+-----------+-----+-----------+
    |Total                      |  45|         10|   23|         46|
    +---------------------------+----+-----------+-----+-----------+

    * Register: 
    +-------------------------+----+----+-----+-----------+
    |           Name          | FF | LUT| Bits| Const Bits|
    +-------------------------+----+----+-----+-----------+
    |ap_CS_fsm                |   1|   0|    1|          0|
    |ap_done_reg              |   1|   0|    1|          0|
    |ap_enable_reg_pp0_iter1  |   1|   0|    1|          0|
    |column_3_reg_227         |  10|   0|   10|          0|
    |column_fu_60             |  10|   0|   10|          0|
    +-------------------------+----+----+-----+-----------+
    |Total                    |  23|   0|   23|          0|
    +-------------------------+----+----+-----+-----------+



================================================================
== Interface
================================================================
* Summary: 
+---------------------------------+-----+-----+------------+--------------------------------------------------+--------------+
|            RTL Ports            | Dir | Bits|  Protocol  |                   Source Object                  |    C Type    |
+---------------------------------+-----+-----+------------+--------------------------------------------------+--------------+
|ap_clk                           |   in|    1|  ap_ctrl_hs|  non_maximum_suppression_Pipeline_VITIS_LOOP_50_2|  return value|
|ap_rst                           |   in|    1|  ap_ctrl_hs|  non_maximum_suppression_Pipeline_VITIS_LOOP_50_2|  return value|
|ap_start                         |   in|    1|  ap_ctrl_hs|  non_maximum_suppression_Pipeline_VITIS_LOOP_50_2|  return value|
|ap_done                          |  out|    1|  ap_ctrl_hs|  non_maximum_suppression_Pipeline_VITIS_LOOP_50_2|  return value|
|ap_idle                          |  out|    1|  ap_ctrl_hs|  non_maximum_suppression_Pipeline_VITIS_LOOP_50_2|  return value|
|ap_ready                         |  out|    1|  ap_ctrl_hs|  non_maximum_suppression_Pipeline_VITIS_LOOP_50_2|  return value|
|sobel_out_dout                   |   in|   24|     ap_fifo|                                         sobel_out|       pointer|
|sobel_out_empty_n                |   in|    1|     ap_fifo|                                         sobel_out|       pointer|
|sobel_out_read                   |  out|    1|     ap_fifo|                                         sobel_out|       pointer|
|sobel_out_num_data_valid         |   in|   12|     ap_fifo|                                         sobel_out|       pointer|
|sobel_out_fifo_cap               |   in|   12|     ap_fifo|                                         sobel_out|       pointer|
|lineBuffer_direction_2_address0  |  out|   10|   ap_memory|                            lineBuffer_direction_2|         array|
|lineBuffer_direction_2_ce0       |  out|    1|   ap_memory|                            lineBuffer_direction_2|         array|
|lineBuffer_direction_2_we0       |  out|    1|   ap_memory|                            lineBuffer_direction_2|         array|
|lineBuffer_direction_2_d0        |  out|    8|   ap_memory|                            lineBuffer_direction_2|         array|
|lineBuffer_direction_1_address0  |  out|   10|   ap_memory|                            lineBuffer_direction_1|         array|
|lineBuffer_direction_1_ce0       |  out|    1|   ap_memory|                            lineBuffer_direction_1|         array|
|lineBuffer_direction_1_we0       |  out|    1|   ap_memory|                            lineBuffer_direction_1|         array|
|lineBuffer_direction_1_d0        |  out|    8|   ap_memory|                            lineBuffer_direction_1|         array|
|lineBuffer_direction_address0    |  out|   10|   ap_memory|                              lineBuffer_direction|         array|
|lineBuffer_direction_ce0         |  out|    1|   ap_memory|                              lineBuffer_direction|         array|
|lineBuffer_direction_we0         |  out|    1|   ap_memory|                              lineBuffer_direction|         array|
|lineBuffer_direction_d0          |  out|    8|   ap_memory|                              lineBuffer_direction|         array|
|lineBuffer_magnitude_2_address0  |  out|   10|   ap_memory|                            lineBuffer_magnitude_2|         array|
|lineBuffer_magnitude_2_ce0       |  out|    1|   ap_memory|                            lineBuffer_magnitude_2|         array|
|lineBuffer_magnitude_2_we0       |  out|    1|   ap_memory|                            lineBuffer_magnitude_2|         array|
|lineBuffer_magnitude_2_d0        |  out|   16|   ap_memory|                            lineBuffer_magnitude_2|         array|
|lineBuffer_magnitude_1_address0  |  out|   10|   ap_memory|                            lineBuffer_magnitude_1|         array|
|lineBuffer_magnitude_1_ce0       |  out|    1|   ap_memory|                            lineBuffer_magnitude_1|         array|
|lineBuffer_magnitude_1_we0       |  out|    1|   ap_memory|                            lineBuffer_magnitude_1|         array|
|lineBuffer_magnitude_1_d0        |  out|   16|   ap_memory|                            lineBuffer_magnitude_1|         array|
|lineBuffer_magnitude_address0    |  out|   10|   ap_memory|                              lineBuffer_magnitude|         array|
|lineBuffer_magnitude_ce0         |  out|    1|   ap_memory|                              lineBuffer_magnitude|         array|
|lineBuffer_magnitude_we0         |  out|    1|   ap_memory|                              lineBuffer_magnitude|         array|
|lineBuffer_magnitude_d0          |  out|   16|   ap_memory|                              lineBuffer_magnitude|         array|
|empty                            |   in|    2|     ap_none|                                             empty|        scalar|
+---------------------------------+-----+-----+------------+--------------------------------------------------+--------------+

