

================================================================
== Vitis HLS Report for 'non_maximum_suppression'
================================================================
* Date:           Sat Aug  1 17:30:26 2026

* Version:        2025.2 (Build 6295257 on Nov 14 2025)
* Project:        canny_top
* Solution:       hls (Vitis Kernel Flow Target)
* Product family: zynquplus
* Target device:  xck26-sfvc784-2LV-c


================================================================
== Performance Estimates
================================================================
+ Timing: 
    * Summary: 
    +--------+---------+----------+------------+
    |  Clock |  Target | Estimated| Uncertainty|
    +--------+---------+----------+------------+
    |ap_clk  |  5.00 ns|  3.641 ns|     1.35 ns|
    +--------+---------+----------+------------+

+ Latency: 
    * Summary: 
    +---------+---------+----------+----------+------+--------+---------+
    |  Latency (cycles) |  Latency (absolute) |    Interval   | Pipeline|
    |   min   |   max   |    min   |    max   |  min |   max  |   Type  |
    +---------+---------+----------+----------+------+--------+---------+
    |     1444|   625782|  7.220 us|  3.129 ms|  1444|  625782|       no|
    +---------+---------+----------+----------+------+--------+---------+

    + Detail: 
        * Instance: 
        +--------------------------------------------------------------+---------------------------------------------------+---------+---------+----------+----------+-----+-----+-------------------+
        |                                                              |                                                   |  Latency (cycles) |  Latency (absolute) |  Interval |      Pipeline     |
        |                           Instance                           |                       Module                      |   min   |   max   |    min   |    max   | min | max |        Type       |
        +--------------------------------------------------------------+---------------------------------------------------+---------+---------+----------+----------+-----+-----+-------------------+
        |grp_non_maximum_suppression_Pipeline_VITIS_LOOP_50_2_fu_256   |non_maximum_suppression_Pipeline_VITIS_LOOP_50_2   |      642|      642|  3.210 us|  3.210 us|    0|    0|  loop pipeline stp|
        |grp_non_maximum_suppression_Pipeline_VITIS_LOOP_105_5_fu_269  |non_maximum_suppression_Pipeline_VITIS_LOOP_105_5  |      643|      643|  3.215 us|  3.215 us|    0|    0|  loop pipeline stp|
        +--------------------------------------------------------------+---------------------------------------------------+---------+---------+----------+----------+-----+-----+-------------------+

        * Loop: 
        +-------------------+---------+---------+----------+-----------+-----------+------+----------+
        |                   |  Latency (cycles) | Iteration|  Initiation Interval  | Trip |          |
        |     Loop Name     |   min   |   max   |  Latency |  achieved |   target  | Count| Pipelined|
        +-------------------+---------+---------+----------+-----------+-----------+------+----------+
        |- VITIS_LOOP_46_1  |     1443|   625781|  3 ~ 1301|          -|          -|   481|        no|
        +-------------------+---------+---------+----------+-----------+-----------+------+----------+



================================================================
== Utilization Estimates
================================================================
* Summary: 
+-----------------+---------+------+--------+--------+-----+
|       Name      | BRAM_18K|  DSP |   FF   |   LUT  | URAM|
+-----------------+---------+------+--------+--------+-----+
|DSP              |        -|     -|       -|       -|    -|
|Expression       |        -|     -|       0|     181|    -|
|FIFO             |        -|     -|       -|       -|    -|
|Instance         |        -|     -|     351|     843|    -|
|Memory           |        6|     -|       0|       0|    0|
|Multiplexer      |        -|     -|       0|     356|    -|
|Register         |        -|     -|     291|       -|    -|
+-----------------+---------+------+--------+--------+-----+
|Total            |        6|     0|     642|    1380|    0|
+-----------------+---------+------+--------+--------+-----+
|Available        |      288|  1248|  234240|  117120|   64|
+-----------------+---------+------+--------+--------+-----+
|Utilization (%)  |        2|     0|      ~0|       1|    0|
+-----------------+---------+------+--------+--------+-----+

+ Detail: 
    * Instance: 
    +--------------------------------------------------------------+---------------------------------------------------+---------+----+-----+-----+-----+
    |                           Instance                           |                       Module                      | BRAM_18K| DSP|  FF | LUT | URAM|
    +--------------------------------------------------------------+---------------------------------------------------+---------+----+-----+-----+-----+
    |grp_non_maximum_suppression_Pipeline_VITIS_LOOP_105_5_fu_269  |non_maximum_suppression_Pipeline_VITIS_LOOP_105_5  |        0|   0|  197|  632|    0|
    |grp_non_maximum_suppression_Pipeline_VITIS_LOOP_50_2_fu_256   |non_maximum_suppression_Pipeline_VITIS_LOOP_50_2   |        0|   0|   23|   83|    0|
    |sparsemux_7_2_16_1_1_U208                                     |sparsemux_7_2_16_1_1                               |        0|   0|    0|    9|    0|
    |sparsemux_7_2_16_1_1_U209                                     |sparsemux_7_2_16_1_1                               |        0|   0|    0|    9|    0|
    |sparsemux_7_2_16_1_1_U210                                     |sparsemux_7_2_16_1_1                               |        0|   0|    0|    9|    0|
    |sparsemux_7_2_16_1_1_U211                                     |sparsemux_7_2_16_1_1                               |        0|   0|    0|    9|    0|
    |sparsemux_7_2_16_1_1_U212                                     |sparsemux_7_2_16_1_1                               |        0|   0|    0|    9|    0|
    |sparsemux_7_2_16_1_1_U213                                     |sparsemux_7_2_16_1_1                               |        0|   0|    0|    9|    0|
    |sparsemux_7_2_8_1_1_U206                                      |sparsemux_7_2_8_1_1                                |        0|   0|    0|    9|    0|
    |sparsemux_7_2_8_1_1_U207                                      |sparsemux_7_2_8_1_1                                |        0|   0|    0|    9|    0|
    |srem_10ns_3ns_10_14_seq_1_U205                                |srem_10ns_3ns_10_14_seq_1                          |        0|   0|  131|   56|    0|
    +--------------------------------------------------------------+---------------------------------------------------+---------+----+-----+-----+-----+
    |Total                                                         |                                                   |        0|   0|  351|  843|    0|
    +--------------------------------------------------------------+---------------------------------------------------+---------+----+-----+-----+-----+

    * DSP: 
    N/A

    * Memory: 
    +--------------------------+------------------------------------------------------------+---------+---+----+-----+------+-----+------+-------------+
    |          Memory          |                           Module                           | BRAM_18K| FF| LUT| URAM| Words| Bits| Banks| W*Bits*Banks|
    +--------------------------+------------------------------------------------------------+---------+---+----+-----+------+-----+------+-------------+
    |lineBuffer_magnitude_U    |non_maximum_suppression_lineBuffer_magnitude_RAM_AUTO_1R1W  |        1|  0|   0|    0|   640|   16|     1|        10240|
    |lineBuffer_magnitude_1_U  |non_maximum_suppression_lineBuffer_magnitude_RAM_AUTO_1R1W  |        1|  0|   0|    0|   640|   16|     1|        10240|
    |lineBuffer_magnitude_2_U  |non_maximum_suppression_lineBuffer_magnitude_RAM_AUTO_1R1W  |        1|  0|   0|    0|   640|   16|     1|        10240|
    |lineBuffer_direction_U    |sobel_lineBuffer_RAM_AUTO_1R1W                              |        1|  0|   0|    0|   640|    8|     1|         5120|
    |lineBuffer_direction_1_U  |sobel_lineBuffer_RAM_AUTO_1R1W                              |        1|  0|   0|    0|   640|    8|     1|         5120|
    |lineBuffer_direction_2_U  |sobel_lineBuffer_RAM_AUTO_1R1W                              |        1|  0|   0|    0|   640|    8|     1|         5120|
    +--------------------------+------------------------------------------------------------+---------+---+----+-----+------+-----+------+-------------+
    |Total                     |                                                            |        6|  0|   0|    0|  3840|   72|     6|        46080|
    +--------------------------+------------------------------------------------------------+---------+---+----+-----+------+-----+------+-------------+

    * FIFO: 
    N/A

    * Expression: 
    +----------------------------------+----------+----+---+----+------------+------------+
    |           Variable Name          | Operation| DSP| FF| LUT| Bitwidth P0| Bitwidth P1|
    +----------------------------------+----------+----+---+----+------------+------------+
    |add_ln11_fu_427_p2                |         +|   0|  0|   9|           2|           2|
    |add_ln44_1_fu_566_p2              |         +|   0|  0|  16|           9|           1|
    |add_ln44_fu_546_p2                |         +|   0|  0|  16|           9|           1|
    |grp_fu_365_p0                     |         +|   0|  0|  17|          10|           3|
    |outputRow_fu_343_p2               |         +|   0|  0|  17|          10|           2|
    |rowsReceived_fu_322_p2            |         +|   0|  0|  16|           9|           1|
    |ap_block_state17_on_subcall_done  |       and|   0|  0|   2|           1|           1|
    |ap_block_state3_on_subcall_done   |       and|   0|  0|   2|           1|           1|
    |icmp_ln44_1_fu_572_p2             |      icmp|   0|  0|  16|           9|           2|
    |icmp_ln44_fu_552_p2               |      icmp|   0|  0|  16|           9|           2|
    |icmp_ln46_fu_316_p2               |      icmp|   0|  0|  16|           9|           6|
    |icmp_ln47_fu_332_p2               |      icmp|   0|  0|  16|           9|           7|
    |ap_block_state1                   |        or|   0|  0|   2|           1|           1|
    |select_ln11_fu_433_p3             |    select|   0|  0|   2|           1|           2|
    |select_ln44_1_fu_578_p3           |    select|   0|  0|   9|           1|           1|
    |select_ln44_fu_558_p3             |    select|   0|  0|   9|           1|           1|
    +----------------------------------+----------+----+---+----+------------+------------+
    |Total                             |          |   0|  0| 181|          91|          34|
    +----------------------------------+----------+----+---+----+------------+------------+

    * Multiplexer: 
    +---------------------------------+----+-----------+-----+-----------+
    |               Name              | LUT| Input Size| Bits| Total Bits|
    +---------------------------------+----+-----------+-----+-----------+
    |ap_NS_fsm                        |  89|         18|    1|         18|
    |ap_done                          |   9|          2|    1|          2|
    |lineBuffer_direction_1_address0  |  14|          3|   10|         30|
    |lineBuffer_direction_1_ce0       |  14|          3|    1|          3|
    |lineBuffer_direction_1_we0       |   9|          2|    1|          2|
    |lineBuffer_direction_2_address0  |  14|          3|   10|         30|
    |lineBuffer_direction_2_ce0       |  14|          3|    1|          3|
    |lineBuffer_direction_2_we0       |   9|          2|    1|          2|
    |lineBuffer_direction_address0    |  14|          3|   10|         30|
    |lineBuffer_direction_ce0         |  14|          3|    1|          3|
    |lineBuffer_direction_we0         |   9|          2|    1|          2|
    |lineBuffer_magnitude_1_address0  |  14|          3|   10|         30|
    |lineBuffer_magnitude_1_ce0       |  14|          3|    1|          3|
    |lineBuffer_magnitude_1_we0       |   9|          2|    1|          2|
    |lineBuffer_magnitude_2_address0  |  14|          3|   10|         30|
    |lineBuffer_magnitude_2_ce0       |  14|          3|    1|          3|
    |lineBuffer_magnitude_2_we0       |   9|          2|    1|          2|
    |lineBuffer_magnitude_address0    |  14|          3|   10|         30|
    |lineBuffer_magnitude_ce0         |  14|          3|    1|          3|
    |lineBuffer_magnitude_we0         |   9|          2|    1|          2|
    |phi_urem141_fu_70                |   9|          2|    9|         18|
    |phi_urem_fu_74                   |   9|          2|    9|         18|
    |real_start                       |   9|          2|    1|          2|
    |row_2_fu_78                      |   9|          2|    9|         18|
    +---------------------------------+----+-----------+-----+-----------+
    |Total                            | 356|         76|  102|        286|
    +---------------------------------+----+-----------+-----+-----------+

    * Register: 
    +---------------------------------------------------------------------------+----+----+-----+-----------+
    |                                    Name                                   | FF | LUT| Bits| Const Bits|
    +---------------------------------------------------------------------------+----+----+-----+-----------+
    |ap_CS_fsm                                                                  |  17|   0|   17|          0|
    |ap_done_reg                                                                |   1|   0|    1|          0|
    |grp_non_maximum_suppression_Pipeline_VITIS_LOOP_105_5_fu_269_ap_start_reg  |   1|   0|    1|          0|
    |grp_non_maximum_suppression_Pipeline_VITIS_LOOP_50_2_fu_256_ap_start_reg   |   1|   0|    1|          0|
    |icmp_ln47_reg_695                                                          |   1|   0|    1|          0|
    |lineBuffer_magnitude_1_load_1_reg_765                                      |  16|   0|   16|          0|
    |lineBuffer_magnitude_1_load_reg_744                                        |  16|   0|   16|          0|
    |lineBuffer_magnitude_2_load_1_reg_772                                      |  16|   0|   16|          0|
    |lineBuffer_magnitude_2_load_reg_751                                        |  16|   0|   16|          0|
    |lineBuffer_magnitude_load_1_reg_758                                        |  16|   0|   16|          0|
    |lineBuffer_magnitude_load_reg_737                                          |  16|   0|   16|          0|
    |phi_urem141_fu_70                                                          |   9|   0|    9|          0|
    |phi_urem_fu_74                                                             |   9|   0|    9|          0|
    |row_2_fu_78                                                                |   9|   0|    9|          0|
    |rowsReceived_reg_684                                                       |   9|   0|    9|          0|
    |select_ln11_reg_779                                                        |   2|   0|    2|          0|
    |start_once_reg                                                             |   1|   0|    1|          0|
    |tmp_1_reg_794                                                              |  16|   0|   16|          0|
    |tmp_2_reg_799                                                              |  16|   0|   16|          0|
    |tmp_3_reg_804                                                              |  16|   0|   16|          0|
    |tmp_4_reg_732                                                              |   8|   0|    8|          0|
    |tmp_5_reg_809                                                              |  16|   0|   16|          0|
    |tmp_8_reg_789                                                              |  16|   0|   16|          0|
    |tmp_9_reg_727                                                              |   8|   0|    8|          0|
    |tmp_reg_709                                                                |   1|   0|    1|          0|
    |tmp_s_reg_784                                                              |  16|   0|   16|          0|
    |trunc_ln52_reg_699                                                         |   2|   0|    2|          0|
    |trunc_ln61_reg_704                                                         |   9|   0|    9|          0|
    |trunc_ln9_reg_718                                                          |   2|   0|    2|          0|
    |zext_ln46_reg_689                                                          |   9|   0|   10|          1|
    +---------------------------------------------------------------------------+----+----+-----+-----------+
    |Total                                                                      | 291|   0|  292|          1|
    +---------------------------------------------------------------------------+----+----+-----+-----------+



================================================================
== Interface
================================================================
* Summary: 
+--------------------------+-----+-----+------------+-------------------------+--------------+
|         RTL Ports        | Dir | Bits|  Protocol  |      Source Object      |    C Type    |
+--------------------------+-----+-----+------------+-------------------------+--------------+
|ap_clk                    |   in|    1|  ap_ctrl_hs|  non_maximum_suppression|  return value|
|ap_rst                    |   in|    1|  ap_ctrl_hs|  non_maximum_suppression|  return value|
|ap_start                  |   in|    1|  ap_ctrl_hs|  non_maximum_suppression|  return value|
|start_full_n              |   in|    1|  ap_ctrl_hs|  non_maximum_suppression|  return value|
|ap_done                   |  out|    1|  ap_ctrl_hs|  non_maximum_suppression|  return value|
|ap_continue               |   in|    1|  ap_ctrl_hs|  non_maximum_suppression|  return value|
|ap_idle                   |  out|    1|  ap_ctrl_hs|  non_maximum_suppression|  return value|
|ap_ready                  |  out|    1|  ap_ctrl_hs|  non_maximum_suppression|  return value|
|start_out                 |  out|    1|  ap_ctrl_hs|  non_maximum_suppression|  return value|
|start_write               |  out|    1|  ap_ctrl_hs|  non_maximum_suppression|  return value|
|sobel_out_dout            |   in|   24|     ap_fifo|                sobel_out|       pointer|
|sobel_out_empty_n         |   in|    1|     ap_fifo|                sobel_out|       pointer|
|sobel_out_read            |  out|    1|     ap_fifo|                sobel_out|       pointer|
|sobel_out_num_data_valid  |   in|   12|     ap_fifo|                sobel_out|       pointer|
|sobel_out_fifo_cap        |   in|   12|     ap_fifo|                sobel_out|       pointer|
|nms_out_din               |  out|   16|     ap_fifo|                  nms_out|       pointer|
|nms_out_full_n            |   in|    1|     ap_fifo|                  nms_out|       pointer|
|nms_out_write             |  out|    1|     ap_fifo|                  nms_out|       pointer|
|nms_out_num_data_valid    |   in|   32|     ap_fifo|                  nms_out|       pointer|
|nms_out_fifo_cap          |   in|   32|     ap_fifo|                  nms_out|       pointer|
+--------------------------+-----+-----+------------+-------------------------+--------------+

