

================================================================
== Vitis HLS Report for 'non_maximum_suppression_Pipeline_VITIS_LOOP_45_1'
================================================================
* Date:           Fri Jul 24 16:27:50 2026

* Version:        2025.2 (Build 6295257 on Nov 14 2025)
* Project:        canny_top
* Solution:       hls (Vitis Kernel Flow Target)
* Product family: zynquplus
* Target device:  xck26-sfvc784-2LV-c


================================================================
== Performance Estimates
================================================================
+ Timing: 
    * Summary: 
    +--------+---------+----------+------------+
    |  Clock |  Target | Estimated| Uncertainty|
    +--------+---------+----------+------------+
    |ap_clk  |  5.00 ns|  2.474 ns|     1.35 ns|
    +--------+---------+----------+------------+

+ Latency: 
    * Summary: 
    +---------+---------+----------+----------+-----+-----+-------------------+
    |  Latency (cycles) |  Latency (absolute) |  Interval |      Pipeline     |
    |   min   |   max   |    min   |    max   | min | max |        Type       |
    +---------+---------+----------+----------+-----+-----+-------------------+
    |      514|      514|  2.570 us|  2.570 us|    0|    0|  loop pipeline stp|
    +---------+---------+----------+----------+-----+-----+-------------------+

    + Detail: 
        * Instance: 
        N/A

        * Loop: 
        +-------------------+---------+---------+----------+-----------+-----------+------+----------+
        |                   |  Latency (cycles) | Iteration|  Initiation Interval  | Trip |          |
        |     Loop Name     |   min   |   max   |  Latency |  achieved |   target  | Count| Pipelined|
        +-------------------+---------+---------+----------+-----------+-----------+------+----------+
        |- VITIS_LOOP_45_1  |      512|      512|         2|          1|          1|   512|       yes|
        +-------------------+---------+---------+----------+-----------+-----------+------+----------+



================================================================
== Utilization Estimates
================================================================
* Summary: 
+-----------------+---------+------+--------+--------+-----+
|       Name      | BRAM_18K|  DSP |   FF   |   LUT  | URAM|
+-----------------+---------+------+--------+--------+-----+
|DSP              |        -|     -|       -|       -|    -|
|Expression       |        -|     -|       0|      55|    -|
|FIFO             |        -|     -|       -|       -|    -|
|Instance         |        -|     -|       -|       -|    -|
|Memory           |        -|     -|       -|       -|    -|
|Multiplexer      |        -|     -|       0|      36|    -|
|Register         |        -|     -|      24|       -|    -|
+-----------------+---------+------+--------+--------+-----+
|Total            |        0|     0|      24|      91|    0|
+-----------------+---------+------+--------+--------+-----+
|Available        |      288|  1248|  234240|  117120|   64|
+-----------------+---------+------+--------+--------+-----+
|Utilization (%)  |        0|     0|      ~0|      ~0|    0|
+-----------------+---------+------+--------+--------+-----+

+ Detail: 
    * Instance: 
    N/A

    * DSP: 
    N/A

    * Memory: 
    N/A

    * FIFO: 
    N/A

    * Expression: 
    +---------------------+----------+----+---+----+------------+------------+
    |    Variable Name    | Operation| DSP| FF| LUT| Bitwidth P0| Bitwidth P1|
    +---------------------+----------+----+---+----+------------+------------+
    |add_ln45_fu_166_p2   |         +|   0|  0|  17|          10|           1|
    |add_ln46_fu_191_p2   |         +|   0|  0|  18|          11|          11|
    |icmp_ln45_fu_160_p2  |      icmp|   0|  0|  18|          10|          11|
    |ap_enable_pp0        |       xor|   0|  0|   2|           1|           2|
    +---------------------+----------+----+---+----+------------+------------+
    |Total                |          |   0|  0|  55|          32|          25|
    +---------------------+----------+----+---+----+------------+------------+

    * Multiplexer: 
    +---------------------------+----+-----------+-----+-----------+
    |            Name           | LUT| Input Size| Bits| Total Bits|
    +---------------------------+----+-----------+-----+-----------+
    |ap_done_int                |   9|          2|    1|          2|
    |ap_enable_reg_pp0_iter1    |   9|          2|    1|          2|
    |ap_sig_allocacmp_column_3  |   9|          2|   10|         20|
    |column_fu_54               |   9|          2|   10|         20|
    +---------------------------+----+-----------+-----+-----------+
    |Total                      |  36|          8|   22|         44|
    +---------------------------+----+-----------+-----+-----------+

    * Register: 
    +-------------------------+----+----+-----+-----------+
    |           Name          | FF | LUT| Bits| Const Bits|
    +-------------------------+----+----+-----+-----------+
    |ap_CS_fsm                |   1|   0|    1|          0|
    |ap_done_reg              |   1|   0|    1|          0|
    |ap_enable_reg_pp0_iter1  |   1|   0|    1|          0|
    |column_3_reg_240         |  10|   0|   10|          0|
    |column_fu_54             |  10|   0|   10|          0|
    |trunc_ln45_reg_249       |   1|   0|    1|          0|
    +-------------------------+----+----+-----+-----------+
    |Total                    |  24|   0|   24|          0|
    +-------------------------+----+----+-----+-----------+



================================================================
== Interface
================================================================
* Summary: 
+----------------------------------------------------------+-----+-----+------------+--------------------------------------------------+--------------+
|                         RTL Ports                        | Dir | Bits|  Protocol  |                   Source Object                  |    C Type    |
+----------------------------------------------------------+-----+-----+------------+--------------------------------------------------+--------------+
|ap_clk                                                    |   in|    1|  ap_ctrl_hs|  non_maximum_suppression_Pipeline_VITIS_LOOP_45_1|  return value|
|ap_rst                                                    |   in|    1|  ap_ctrl_hs|  non_maximum_suppression_Pipeline_VITIS_LOOP_45_1|  return value|
|ap_start                                                  |   in|    1|  ap_ctrl_hs|  non_maximum_suppression_Pipeline_VITIS_LOOP_45_1|  return value|
|ap_done                                                   |  out|    1|  ap_ctrl_hs|  non_maximum_suppression_Pipeline_VITIS_LOOP_45_1|  return value|
|ap_idle                                                   |  out|    1|  ap_ctrl_hs|  non_maximum_suppression_Pipeline_VITIS_LOOP_45_1|  return value|
|ap_ready                                                  |  out|    1|  ap_ctrl_hs|  non_maximum_suppression_Pipeline_VITIS_LOOP_45_1|  return value|
|out_nonmax_address0                                       |  out|    9|   ap_memory|                                        out_nonmax|         array|
|out_nonmax_ce0                                            |  out|    1|   ap_memory|                                        out_nonmax|         array|
|out_nonmax_we0                                            |  out|    1|   ap_memory|                                        out_nonmax|         array|
|out_nonmax_d0                                             |  out|    8|   ap_memory|                                        out_nonmax|         array|
|zext_ln46                                                 |   in|   11|     ap_none|                                         zext_ln46|        scalar|
|empty                                                     |   in|    2|     ap_none|                                             empty|        scalar|
|out_sobel_magnitude_address0                              |  out|    9|   ap_memory|                               out_sobel_magnitude|         array|
|out_sobel_magnitude_ce0                                   |  out|    1|   ap_memory|                               out_sobel_magnitude|         array|
|out_sobel_magnitude_q0                                    |   in|    8|   ap_memory|                               out_sobel_magnitude|         array|
|out_sobel_direction_address0                              |  out|    9|   ap_memory|                               out_sobel_direction|         array|
|out_sobel_direction_ce0                                   |  out|    1|   ap_memory|                               out_sobel_direction|         array|
|out_sobel_direction_q0                                    |   in|    2|   ap_memory|                               out_sobel_direction|         array|
|p_anonymous_namespace_lineBuffer_direction_address0       |  out|   11|   ap_memory|        p_anonymous_namespace_lineBuffer_direction|         array|
|p_anonymous_namespace_lineBuffer_direction_ce0            |  out|    1|   ap_memory|        p_anonymous_namespace_lineBuffer_direction|         array|
|p_anonymous_namespace_lineBuffer_direction_we0            |  out|    1|   ap_memory|        p_anonymous_namespace_lineBuffer_direction|         array|
|p_anonymous_namespace_lineBuffer_direction_d0             |  out|    2|   ap_memory|        p_anonymous_namespace_lineBuffer_direction|         array|
|p_anonymous_namespace_lineBuffer_25_magnitude_0_address0  |  out|   10|   ap_memory|   p_anonymous_namespace_lineBuffer_25_magnitude_0|         array|
|p_anonymous_namespace_lineBuffer_25_magnitude_0_ce0       |  out|    1|   ap_memory|   p_anonymous_namespace_lineBuffer_25_magnitude_0|         array|
|p_anonymous_namespace_lineBuffer_25_magnitude_0_we0       |  out|    1|   ap_memory|   p_anonymous_namespace_lineBuffer_25_magnitude_0|         array|
|p_anonymous_namespace_lineBuffer_25_magnitude_0_d0        |  out|    8|   ap_memory|   p_anonymous_namespace_lineBuffer_25_magnitude_0|         array|
|p_anonymous_namespace_lineBuffer_25_magnitude_1_address0  |  out|   10|   ap_memory|   p_anonymous_namespace_lineBuffer_25_magnitude_1|         array|
|p_anonymous_namespace_lineBuffer_25_magnitude_1_ce0       |  out|    1|   ap_memory|   p_anonymous_namespace_lineBuffer_25_magnitude_1|         array|
|p_anonymous_namespace_lineBuffer_25_magnitude_1_we0       |  out|    1|   ap_memory|   p_anonymous_namespace_lineBuffer_25_magnitude_1|         array|
|p_anonymous_namespace_lineBuffer_25_magnitude_1_d0        |  out|    8|   ap_memory|   p_anonymous_namespace_lineBuffer_25_magnitude_1|         array|
+----------------------------------------------------------+-----+-----+------------+--------------------------------------------------+--------------+

