

================================================================
== Vitis HLS Report for 'output_row_Pipeline_VITIS_LOOP_20_1'
================================================================
* Date:           Fri Jul 24 16:27:51 2026

* Version:        2025.2 (Build 6295257 on Nov 14 2025)
* Project:        canny_top
* Solution:       hls (Vitis Kernel Flow Target)
* Product family: zynquplus
* Target device:  xck26-sfvc784-2LV-c


================================================================
== Performance Estimates
================================================================
+ Timing: 
    * Summary: 
    +--------+---------+----------+------------+
    |  Clock |  Target | Estimated| Uncertainty|
    +--------+---------+----------+------------+
    |ap_clk  |  5.00 ns|  3.650 ns|     1.35 ns|
    +--------+---------+----------+------------+

+ Latency: 
    * Summary: 
    +---------+---------+----------+----------+-----+-----+-------------------+
    |  Latency (cycles) |  Latency (absolute) |  Interval |      Pipeline     |
    |   min   |   max   |    min   |    max   | min | max |        Type       |
    +---------+---------+----------+----------+-----+-----+-------------------+
    |      515|      515|  2.575 us|  2.575 us|    0|    0|  loop pipeline stp|
    +---------+---------+----------+----------+-----+-----+-------------------+

    + Detail: 
        * Instance: 
        N/A

        * Loop: 
        +-------------------+---------+---------+----------+-----------+-----------+------+----------+
        |                   |  Latency (cycles) | Iteration|  Initiation Interval  | Trip |          |
        |     Loop Name     |   min   |   max   |  Latency |  achieved |   target  | Count| Pipelined|
        +-------------------+---------+---------+----------+-----------+-----------+------+----------+
        |- VITIS_LOOP_20_1  |      513|      513|         3|          1|          1|   512|       yes|
        +-------------------+---------+---------+----------+-----------+-----------+------+----------+



================================================================
== Utilization Estimates
================================================================
* Summary: 
+-----------------+---------+------+--------+--------+-----+
|       Name      | BRAM_18K|  DSP |   FF   |   LUT  | URAM|
+-----------------+---------+------+--------+--------+-----+
|DSP              |        -|     -|       -|       -|    -|
|Expression       |        -|     -|       0|     545|    -|
|FIFO             |        -|     -|       -|       -|    -|
|Instance         |        -|     -|       -|       -|    -|
|Memory           |        -|     -|       -|       -|    -|
|Multiplexer      |        -|     -|       0|      54|    -|
|Register         |        -|     -|    1022|       -|    -|
+-----------------+---------+------+--------+--------+-----+
|Total            |        0|     0|    1022|     599|    0|
+-----------------+---------+------+--------+--------+-----+
|Available        |      288|  1248|  234240|  117120|   64|
+-----------------+---------+------+--------+--------+-----+
|Utilization (%)  |        0|     0|      ~0|      ~0|    0|
+-----------------+---------+------+--------+--------+-----+

+ Detail: 
    * Instance: 
    N/A

    * DSP: 
    N/A

    * Memory: 
    N/A

    * FIFO: 
    N/A

    * Expression: 
    +---------------------------+----------+----+---+-----+------------+------------+
    |       Variable Name       | Operation| DSP| FF| LUT | Bitwidth P0| Bitwidth P1|
    +---------------------------+----------+----+---+-----+------------+------------+
    |add_ln20_fu_122_p2         |         +|   0|  0|   17|          10|           1|
    |ap_block_pp0_stage0_11001  |       and|   0|  0|    2|           1|           1|
    |ap_block_state3_io_grp1    |       and|   0|  0|    2|           1|           1|
    |icmp_ln20_fu_116_p2        |      icmp|   0|  0|   18|          10|          11|
    |icmp_ln21_fu_137_p2        |      icmp|   0|  0|   13|           6|           2|
    |select_ln21_fu_177_p3      |    select|   0|  0|  491|           1|           1|
    |ap_enable_pp0              |       xor|   0|  0|    2|           1|           2|
    +---------------------------+----------+----+---+-----+------------+------------+
    |Total                      |          |   0|  0|  545|          30|          19|
    +---------------------------+----------+----+---+-----+------------+------------+

    * Multiplexer: 
    +-------------------------+----+-----------+-----+-----------+
    |           Name          | LUT| Input Size| Bits| Total Bits|
    +-------------------------+----+-----------+-----+-----------+
    |ap_done_int              |   9|          2|    1|          2|
    |ap_enable_reg_pp0_iter2  |   9|          2|    1|          2|
    |ap_sig_allocacmp_i_1     |   9|          2|   10|         20|
    |gmem_blk_n_W             |   9|          2|    1|          2|
    |i_fu_68                  |   9|          2|   10|         20|
    |phi_ln21_fu_64           |   9|          2|  498|        996|
    +-------------------------+----+-----------+-----+-----------+
    |Total                    |  54|         12|  521|       1042|
    +-------------------------+----+-----------+-----+-----------+

    * Register: 
    +----------------------------------+-----+----+-----+-----------+
    |               Name               |  FF | LUT| Bits| Const Bits|
    +----------------------------------+-----+----+-----+-----------+
    |ap_CS_fsm                         |    1|   0|    1|          0|
    |ap_done_reg                       |    1|   0|    1|          0|
    |ap_enable_reg_pp0_iter1           |    1|   0|    1|          0|
    |ap_enable_reg_pp0_iter2           |    1|   0|    1|          0|
    |ap_loop_exit_ready_pp0_iter1_reg  |    1|   0|    1|          0|
    |i_fu_68                           |   10|   0|   10|          0|
    |icmp_ln20_reg_225                 |    1|   0|    1|          0|
    |icmp_ln21_reg_234                 |    1|   0|    1|          0|
    |icmp_ln21_reg_234_pp0_iter1_reg   |    1|   0|    1|          0|
    |out_hysteresis4_load_reg_244      |    2|   0|    2|          0|
    |phi_ln21_fu_64                    |  498|   0|  498|          0|
    |sext_ln20_reg_239                 |  504|   0|  504|          0|
    +----------------------------------+-----+----+-----+-----------+
    |Total                             | 1022|   0| 1022|          0|
    +----------------------------------+-----+----+-----+-----------+



================================================================
== Interface
================================================================
* Summary: 
+--------------------------+-----+-----+------------+-------------------------------------+--------------+
|         RTL Ports        | Dir | Bits|  Protocol  |            Source Object            |    C Type    |
+--------------------------+-----+-----+------------+-------------------------------------+--------------+
|ap_clk                    |   in|    1|  ap_ctrl_hs|  output_row_Pipeline_VITIS_LOOP_20_1|  return value|
|ap_rst                    |   in|    1|  ap_ctrl_hs|  output_row_Pipeline_VITIS_LOOP_20_1|  return value|
|ap_start                  |   in|    1|  ap_ctrl_hs|  output_row_Pipeline_VITIS_LOOP_20_1|  return value|
|ap_done                   |  out|    1|  ap_ctrl_hs|  output_row_Pipeline_VITIS_LOOP_20_1|  return value|
|ap_idle                   |  out|    1|  ap_ctrl_hs|  output_row_Pipeline_VITIS_LOOP_20_1|  return value|
|ap_ready                  |  out|    1|  ap_ctrl_hs|  output_row_Pipeline_VITIS_LOOP_20_1|  return value|
|m_axi_gmem_0_AWVALID      |  out|    1|       m_axi|                                 gmem|       pointer|
|m_axi_gmem_0_AWREADY      |   in|    1|       m_axi|                                 gmem|       pointer|
|m_axi_gmem_0_AWADDR       |  out|   64|       m_axi|                                 gmem|       pointer|
|m_axi_gmem_0_AWID         |  out|    1|       m_axi|                                 gmem|       pointer|
|m_axi_gmem_0_AWLEN        |  out|   32|       m_axi|                                 gmem|       pointer|
|m_axi_gmem_0_AWSIZE       |  out|    3|       m_axi|                                 gmem|       pointer|
|m_axi_gmem_0_AWBURST      |  out|    2|       m_axi|                                 gmem|       pointer|
|m_axi_gmem_0_AWLOCK       |  out|    2|       m_axi|                                 gmem|       pointer|
|m_axi_gmem_0_AWCACHE      |  out|    4|       m_axi|                                 gmem|       pointer|
|m_axi_gmem_0_AWPROT       |  out|    3|       m_axi|                                 gmem|       pointer|
|m_axi_gmem_0_AWQOS        |  out|    4|       m_axi|                                 gmem|       pointer|
|m_axi_gmem_0_AWREGION     |  out|    4|       m_axi|                                 gmem|       pointer|
|m_axi_gmem_0_AWUSER       |  out|    1|       m_axi|                                 gmem|       pointer|
|m_axi_gmem_0_WVALID       |  out|    1|       m_axi|                                 gmem|       pointer|
|m_axi_gmem_0_WREADY       |   in|    1|       m_axi|                                 gmem|       pointer|
|m_axi_gmem_0_WDATA        |  out|  512|       m_axi|                                 gmem|       pointer|
|m_axi_gmem_0_WSTRB        |  out|   64|       m_axi|                                 gmem|       pointer|
|m_axi_gmem_0_WLAST        |  out|    1|       m_axi|                                 gmem|       pointer|
|m_axi_gmem_0_WID          |  out|    1|       m_axi|                                 gmem|       pointer|
|m_axi_gmem_0_WUSER        |  out|    1|       m_axi|                                 gmem|       pointer|
|m_axi_gmem_0_ARVALID      |  out|    1|       m_axi|                                 gmem|       pointer|
|m_axi_gmem_0_ARREADY      |   in|    1|       m_axi|                                 gmem|       pointer|
|m_axi_gmem_0_ARADDR       |  out|   64|       m_axi|                                 gmem|       pointer|
|m_axi_gmem_0_ARID         |  out|    1|       m_axi|                                 gmem|       pointer|
|m_axi_gmem_0_ARLEN        |  out|   32|       m_axi|                                 gmem|       pointer|
|m_axi_gmem_0_ARSIZE       |  out|    3|       m_axi|                                 gmem|       pointer|
|m_axi_gmem_0_ARBURST      |  out|    2|       m_axi|                                 gmem|       pointer|
|m_axi_gmem_0_ARLOCK       |  out|    2|       m_axi|                                 gmem|       pointer|
|m_axi_gmem_0_ARCACHE      |  out|    4|       m_axi|                                 gmem|       pointer|
|m_axi_gmem_0_ARPROT       |  out|    3|       m_axi|                                 gmem|       pointer|
|m_axi_gmem_0_ARQOS        |  out|    4|       m_axi|                                 gmem|       pointer|
|m_axi_gmem_0_ARREGION     |  out|    4|       m_axi|                                 gmem|       pointer|
|m_axi_gmem_0_ARUSER       |  out|    1|       m_axi|                                 gmem|       pointer|
|m_axi_gmem_0_RVALID       |   in|    1|       m_axi|                                 gmem|       pointer|
|m_axi_gmem_0_RREADY       |  out|    1|       m_axi|                                 gmem|       pointer|
|m_axi_gmem_0_RDATA        |   in|  512|       m_axi|                                 gmem|       pointer|
|m_axi_gmem_0_RLAST        |   in|    1|       m_axi|                                 gmem|       pointer|
|m_axi_gmem_0_RID          |   in|    1|       m_axi|                                 gmem|       pointer|
|m_axi_gmem_0_RFIFONUM     |   in|    9|       m_axi|                                 gmem|       pointer|
|m_axi_gmem_0_RUSER        |   in|    1|       m_axi|                                 gmem|       pointer|
|m_axi_gmem_0_RRESP        |   in|    2|       m_axi|                                 gmem|       pointer|
|m_axi_gmem_0_BVALID       |   in|    1|       m_axi|                                 gmem|       pointer|
|m_axi_gmem_0_BREADY       |  out|    1|       m_axi|                                 gmem|       pointer|
|m_axi_gmem_0_BRESP        |   in|    2|       m_axi|                                 gmem|       pointer|
|m_axi_gmem_0_BID          |   in|    1|       m_axi|                                 gmem|       pointer|
|m_axi_gmem_0_BUSER        |   in|    1|       m_axi|                                 gmem|       pointer|
|sext_ln20_1               |   in|   58|     ap_none|                          sext_ln20_1|        scalar|
|out_hysteresis4_address0  |  out|    9|   ap_memory|                      out_hysteresis4|         array|
|out_hysteresis4_ce0       |  out|    1|   ap_memory|                      out_hysteresis4|         array|
|out_hysteresis4_q0        |   in|    2|   ap_memory|                      out_hysteresis4|         array|
+--------------------------+-----+-----+------------+-------------------------------------+--------------+

