

================================================================
== Vitis HLS Report for 'sobel_Pipeline_VITIS_LOOP_118_2'
================================================================
* Date:           Fri Jul 24 16:27:50 2026

* Version:        2025.2 (Build 6295257 on Nov 14 2025)
* Project:        canny_top
* Solution:       hls (Vitis Kernel Flow Target)
* Product family: zynquplus
* Target device:  xck26-sfvc784-2LV-c


================================================================
== Performance Estimates
================================================================
+ Timing: 
    * Summary: 
    +--------+---------+----------+------------+
    |  Clock |  Target | Estimated| Uncertainty|
    +--------+---------+----------+------------+
    |ap_clk  |  5.00 ns|  3.420 ns|     1.35 ns|
    +--------+---------+----------+------------+

+ Latency: 
    * Summary: 
    +---------+---------+----------+----------+-----+-----+-------------------+
    |  Latency (cycles) |  Latency (absolute) |  Interval |      Pipeline     |
    |   min   |   max   |    min   |    max   | min | max |        Type       |
    +---------+---------+----------+----------+-----+-----+-------------------+
    |     1602|     1602|  8.010 us|  8.010 us|    0|    0|  loop pipeline stp|
    +---------+---------+----------+----------+-----+-----+-------------------+

    + Detail: 
        * Instance: 
        N/A

        * Loop: 
        +--------------------+---------+---------+----------+-----------+-----------+------+----------+
        |                    |  Latency (cycles) | Iteration|  Initiation Interval  | Trip |          |
        |      Loop Name     |   min   |   max   |  Latency |  achieved |   target  | Count| Pipelined|
        +--------------------+---------+---------+----------+-----------+-----------+------+----------+
        |- VITIS_LOOP_118_2  |     1600|     1600|        74|          3|          1|   510|       yes|
        +--------------------+---------+---------+----------+-----------+-----------+------+----------+



================================================================
== Utilization Estimates
================================================================
* Summary: 
+-----------------+---------+------+--------+--------+-----+
|       Name      | BRAM_18K|  DSP |   FF   |   LUT  | URAM|
+-----------------+---------+------+--------+--------+-----+
|DSP              |        -|     1|       -|       -|    -|
|Expression       |        -|     -|       0|    1576|    -|
|FIFO             |        -|     -|       -|       -|    -|
|Instance         |        -|     3|       0|      91|    -|
|Memory           |        -|     -|       -|       -|    -|
|Multiplexer      |        -|     -|       0|     413|    -|
|Register         |        -|     -|     759|      96|    -|
+-----------------+---------+------+--------+--------+-----+
|Total            |        0|     4|     759|    2176|    0|
+-----------------+---------+------+--------+--------+-----+
|Available        |      288|  1248|  234240|  117120|   64|
+-----------------+---------+------+--------+--------+-----+
|Utilization (%)  |        0|    ~0|      ~0|       1|    0|
+-----------------+---------+------+--------+--------+-----+

+ Detail: 
    * Instance: 
    +------------------------------------+--------------------------------+---------+----+---+----+-----+
    |              Instance              |             Module             | BRAM_18K| DSP| FF| LUT| URAM|
    +------------------------------------+--------------------------------+---------+----+---+----+-----+
    |dsqrt_64ns_64ns_64_57_no_dsp_1_U62  |dsqrt_64ns_64ns_64_57_no_dsp_1  |        0|   0|  0|   0|    0|
    |mul_10ns_10ns_19_1_1_U65            |mul_10ns_10ns_19_1_1            |        0|   0|  0|  62|    0|
    |mul_10ns_11ns_20_1_1_U63            |mul_10ns_11ns_20_1_1            |        0|   1|  0|   5|    0|
    |mul_10ns_13ns_22_1_1_U66            |mul_10ns_13ns_22_1_1            |        0|   1|  0|   5|    0|
    |mul_11s_11s_22_1_1_U64              |mul_11s_11s_22_1_1              |        0|   1|  0|   5|    0|
    |sitodp_32s_64_6_no_dsp_1_U61        |sitodp_32s_64_6_no_dsp_1        |        0|   0|  0|   0|    0|
    |sparsemux_9_3_2_1_1_U67             |sparsemux_9_3_2_1_1             |        0|   0|  0|  14|    0|
    +------------------------------------+--------------------------------+---------+----+---+----+-----+
    |Total                               |                                |        0|   3|  0|  91|    0|
    +------------------------------------+--------------------------------+---------+----+---+----+-----+

    * DSP: 
    +-----------------------------------+-------------------------------+--------------+
    |              Instance             |             Module            |  Expression  |
    +-----------------------------------+-------------------------------+--------------+
    |mac_muladd_11s_11s_22s_22_4_1_U68  |mac_muladd_11s_11s_22s_22_4_1  |  i0 + i1 * i1|
    +-----------------------------------+-------------------------------+--------------+

    * Memory: 
    N/A

    * FIFO: 
    N/A

    * Expression: 
    +--------------------------+----------+----+---+-----+------------+------------+
    |       Variable Name      | Operation| DSP| FF| LUT | Bitwidth P0| Bitwidth P1|
    +--------------------------+----------+----+---+-----+------------+------------+
    |add_ln140_1_fu_415_p2     |         +|   0|  0|   16|           9|           1|
    |add_ln140_fu_387_p2       |         +|   0|  0|   16|           9|           2|
    |add_ln145_fu_636_p2       |         +|   0|  0|   18|          11|          11|
    |add_ln149_1_fu_585_p2     |         +|   0|  0|   18|          10|          10|
    |add_ln149_2_fu_595_p2     |         +|   0|  0|   17|          10|          10|
    |add_ln149_fu_565_p2       |         +|   0|  0|   16|           9|           9|
    |add_ln486_fu_960_p2       |         +|   0|  0|   19|          12|          11|
    |gradientX_fu_689_p2       |         +|   0|  0|   17|          11|          11|
    |gradientY_fu_601_p2       |         +|   0|  0|   18|          11|          11|
    |gradientX_2_fu_684_p2     |         -|   0|  0|   17|          11|          11|
    |result_2_fu_1036_p2       |         -|   0|  0|   39|           1|          32|
    |sub_ln145_fu_548_p2       |         -|   0|  0|   16|           9|           9|
    |sub_ln149_fu_575_p2       |         -|   0|  0|   18|          10|          10|
    |sub_ln18_fu_974_p2        |         -|   0|  0|   18|          10|          11|
    |sub_ln31_1_fu_656_p2      |         -|   0|  0|   17|           1|          10|
    |sub_ln31_fu_721_p2        |         -|   0|  0|   17|           1|          10|
    |tmp3_fu_508_p2            |         -|   0|  0|   16|           9|           9|
    |tmp_fu_618_p2             |         -|   0|  0|   16|           9|           9|
    |and_ln45_fu_825_p2        |       and|   0|  0|    2|           1|           1|
    |and_ln49_fu_835_p2        |       and|   0|  0|    2|           1|           1|
    |and_ln55_1_fu_863_p2      |       and|   0|  0|    2|           1|           1|
    |and_ln55_2_fu_868_p2      |       and|   0|  0|    2|           1|           1|
    |and_ln55_3_fu_874_p2      |       and|   0|  0|    2|           1|           1|
    |and_ln55_fu_802_p2        |       and|   0|  0|   11|          11|          11|
    |icmp_ln118_fu_342_p2      |      icmp|   0|  0|   16|           9|           2|
    |icmp_ln166_fu_1063_p2     |      icmp|   0|  0|   31|          24|           1|
    |icmp_ln41_fu_740_p2       |      icmp|   0|  0|   17|          10|           1|
    |icmp_ln45_fu_768_p2       |      icmp|   0|  0|   28|          21|          21|
    |icmp_ln49_fu_784_p2       |      icmp|   0|  0|   30|          23|          23|
    |lshr_ln18_fu_1000_p2      |      lshr|   0|  0|  460|         137|         137|
    |or_ln41_fu_735_p2         |        or|   0|  0|   10|          10|          10|
    |or_ln45_fu_815_p2         |        or|   0|  0|    2|           1|           1|
    |or_ln54_fu_794_p2         |        or|   0|  0|   11|          11|          11|
    |absoluteX_fu_727_p3       |    select|   0|  0|   10|           1|          10|
    |absoluteY_fu_661_p3       |    select|   0|  0|   10|           1|          10|
    |grp_fu_320_p3             |    select|   0|  0|    8|           1|           8|
    |grp_fu_327_p3             |    select|   0|  0|    8|           1|           8|
    |pixel_1_fu_490_p3         |    select|   0|  0|    8|           1|           8|
    |pixel_fu_460_p3           |    select|   0|  0|    8|           1|           8|
    |result_4_fu_1042_p3       |    select|   0|  0|   32|           1|          32|
    |select_ln143_5_fu_497_p3  |    select|   0|  0|    8|           1|           8|
    |select_ln143_fu_467_p3    |    select|   0|  0|    8|           1|           8|
    |select_ln171_fu_1068_p3   |    select|   0|  0|    8|           1|           2|
    |select_ln18_fu_984_p3     |    select|   0|  0|   11|           1|          12|
    |val_fu_1030_p3            |    select|   0|  0|   32|           1|          32|
    |shl_ln18_fu_1016_p2       |       shl|   0|  0|  460|         137|         137|
    |ap_enable_pp0             |       xor|   0|  0|    2|           1|           2|
    |xor_ln41_fu_820_p2        |       xor|   0|  0|    2|           1|           2|
    |xor_ln45_fu_810_p2        |       xor|   0|  0|    2|           1|           2|
    |xor_ln49_fu_830_p2        |       xor|   0|  0|    2|           1|           2|
    |xor_ln55_fu_857_p2        |       xor|   0|  0|    2|           1|           2|
    +--------------------------+----------+----+---+-----+------------+------------+
    |Total                     |          |   0|  0| 1576|         569|         703|
    +--------------------------+----------+----+---+-----+------------+------------+

    * Multiplexer: 
    +------------------------------------------------------+----+-----------+-----+-----------+
    |                         Name                         | LUT| Input Size| Bits| Total Bits|
    +------------------------------------------------------+----+-----------+-----+-----------+
    |ap_NS_fsm                                             |  20|          4|    1|          4|
    |ap_done_int                                           |   9|          2|    1|          2|
    |ap_enable_reg_pp0_iter0                               |   9|          2|    1|          2|
    |ap_enable_reg_pp0_iter1                               |   9|          2|    1|          2|
    |ap_enable_reg_pp0_iter24                              |   9|          2|    1|          2|
    |ap_loop_exit_ready_pp0_iter10_reg                     |   9|          2|    1|          2|
    |ap_loop_exit_ready_pp0_iter11_reg                     |   9|          2|    1|          2|
    |ap_loop_exit_ready_pp0_iter12_reg                     |   9|          2|    1|          2|
    |ap_loop_exit_ready_pp0_iter13_reg                     |   9|          2|    1|          2|
    |ap_loop_exit_ready_pp0_iter14_reg                     |   9|          2|    1|          2|
    |ap_loop_exit_ready_pp0_iter15_reg                     |   9|          2|    1|          2|
    |ap_loop_exit_ready_pp0_iter16_reg                     |   9|          2|    1|          2|
    |ap_loop_exit_ready_pp0_iter17_reg                     |   9|          2|    1|          2|
    |ap_loop_exit_ready_pp0_iter18_reg                     |   9|          2|    1|          2|
    |ap_loop_exit_ready_pp0_iter19_reg                     |   9|          2|    1|          2|
    |ap_loop_exit_ready_pp0_iter1_reg                      |   9|          2|    1|          2|
    |ap_loop_exit_ready_pp0_iter20_reg                     |   9|          2|    1|          2|
    |ap_loop_exit_ready_pp0_iter21_reg                     |   9|          2|    1|          2|
    |ap_loop_exit_ready_pp0_iter22_reg                     |   9|          2|    1|          2|
    |ap_loop_exit_ready_pp0_iter23_reg                     |   9|          2|    1|          2|
    |ap_loop_exit_ready_pp0_iter2_reg                      |   9|          2|    1|          2|
    |ap_loop_exit_ready_pp0_iter3_reg                      |   9|          2|    1|          2|
    |ap_loop_exit_ready_pp0_iter4_reg                      |   9|          2|    1|          2|
    |ap_loop_exit_ready_pp0_iter5_reg                      |   9|          2|    1|          2|
    |ap_loop_exit_ready_pp0_iter6_reg                      |   9|          2|    1|          2|
    |ap_loop_exit_ready_pp0_iter7_reg                      |   9|          2|    1|          2|
    |ap_loop_exit_ready_pp0_iter8_reg                      |   9|          2|    1|          2|
    |ap_loop_exit_ready_pp0_iter9_reg                      |   9|          2|    1|          2|
    |ap_sig_allocacmp_column                               |   9|          2|    9|         18|
    |column_1_fu_118                                       |   9|          2|    9|         18|
    |grp_fu_320_p0                                         |  14|          3|    1|          3|
    |grp_fu_327_p0                                         |  14|          3|    1|          3|
    |p_anonymous_namespace_lineBuffer_32_0_address0_local  |  26|          5|   10|         50|
    |p_anonymous_namespace_lineBuffer_32_0_address1_local  |  26|          5|   10|         50|
    |p_anonymous_namespace_lineBuffer_32_1_address0_local  |  26|          5|   10|         50|
    |p_anonymous_namespace_lineBuffer_32_1_address1_local  |  26|          5|   10|         50|
    +------------------------------------------------------+----+-----------+-----+-----------+
    |Total                                                 | 413|         88|   88|        300|
    +------------------------------------------------------+----+-----------+-----+-----------+

    * Register: 
    +------------------------------------+----+----+-----+-----------+
    |                Name                | FF | LUT| Bits| Const Bits|
    +------------------------------------+----+----+-----+-----------+
    |absoluteX_reg_1301                  |  10|   0|   10|          0|
    |absoluteY_reg_1279                  |  10|   0|   10|          0|
    |add_ln145_reg_1268                  |  11|   0|   11|          0|
    |add_ln149_2_reg_1254                |  10|   0|   10|          0|
    |ap_CS_fsm                           |   3|   0|    3|          0|
    |ap_done_reg                         |   1|   0|    1|          0|
    |ap_enable_reg_pp0_iter0_reg         |   1|   0|    1|          0|
    |ap_enable_reg_pp0_iter1             |   1|   0|    1|          0|
    |ap_enable_reg_pp0_iter10            |   1|   0|    1|          0|
    |ap_enable_reg_pp0_iter11            |   1|   0|    1|          0|
    |ap_enable_reg_pp0_iter12            |   1|   0|    1|          0|
    |ap_enable_reg_pp0_iter13            |   1|   0|    1|          0|
    |ap_enable_reg_pp0_iter14            |   1|   0|    1|          0|
    |ap_enable_reg_pp0_iter15            |   1|   0|    1|          0|
    |ap_enable_reg_pp0_iter16            |   1|   0|    1|          0|
    |ap_enable_reg_pp0_iter17            |   1|   0|    1|          0|
    |ap_enable_reg_pp0_iter18            |   1|   0|    1|          0|
    |ap_enable_reg_pp0_iter19            |   1|   0|    1|          0|
    |ap_enable_reg_pp0_iter2             |   1|   0|    1|          0|
    |ap_enable_reg_pp0_iter20            |   1|   0|    1|          0|
    |ap_enable_reg_pp0_iter21            |   1|   0|    1|          0|
    |ap_enable_reg_pp0_iter22            |   1|   0|    1|          0|
    |ap_enable_reg_pp0_iter23            |   1|   0|    1|          0|
    |ap_enable_reg_pp0_iter24            |   1|   0|    1|          0|
    |ap_enable_reg_pp0_iter3             |   1|   0|    1|          0|
    |ap_enable_reg_pp0_iter4             |   1|   0|    1|          0|
    |ap_enable_reg_pp0_iter5             |   1|   0|    1|          0|
    |ap_enable_reg_pp0_iter6             |   1|   0|    1|          0|
    |ap_enable_reg_pp0_iter7             |   1|   0|    1|          0|
    |ap_enable_reg_pp0_iter8             |   1|   0|    1|          0|
    |ap_enable_reg_pp0_iter9             |   1|   0|    1|          0|
    |ap_loop_exit_ready_pp0_iter10_reg   |   1|   0|    1|          0|
    |ap_loop_exit_ready_pp0_iter11_reg   |   1|   0|    1|          0|
    |ap_loop_exit_ready_pp0_iter12_reg   |   1|   0|    1|          0|
    |ap_loop_exit_ready_pp0_iter13_reg   |   1|   0|    1|          0|
    |ap_loop_exit_ready_pp0_iter14_reg   |   1|   0|    1|          0|
    |ap_loop_exit_ready_pp0_iter15_reg   |   1|   0|    1|          0|
    |ap_loop_exit_ready_pp0_iter16_reg   |   1|   0|    1|          0|
    |ap_loop_exit_ready_pp0_iter17_reg   |   1|   0|    1|          0|
    |ap_loop_exit_ready_pp0_iter18_reg   |   1|   0|    1|          0|
    |ap_loop_exit_ready_pp0_iter19_reg   |   1|   0|    1|          0|
    |ap_loop_exit_ready_pp0_iter1_reg    |   1|   0|    1|          0|
    |ap_loop_exit_ready_pp0_iter20_reg   |   1|   0|    1|          0|
    |ap_loop_exit_ready_pp0_iter21_reg   |   1|   0|    1|          0|
    |ap_loop_exit_ready_pp0_iter22_reg   |   1|   0|    1|          0|
    |ap_loop_exit_ready_pp0_iter23_reg   |   1|   0|    1|          0|
    |ap_loop_exit_ready_pp0_iter2_reg    |   1|   0|    1|          0|
    |ap_loop_exit_ready_pp0_iter3_reg    |   1|   0|    1|          0|
    |ap_loop_exit_ready_pp0_iter4_reg    |   1|   0|    1|          0|
    |ap_loop_exit_ready_pp0_iter5_reg    |   1|   0|    1|          0|
    |ap_loop_exit_ready_pp0_iter6_reg    |   1|   0|    1|          0|
    |ap_loop_exit_ready_pp0_iter7_reg    |   1|   0|    1|          0|
    |ap_loop_exit_ready_pp0_iter8_reg    |   1|   0|    1|          0|
    |ap_loop_exit_ready_pp0_iter9_reg    |   1|   0|    1|          0|
    |column_1_fu_118                     |   9|   0|    9|          0|
    |column_reg_1110                     |   9|   0|    9|          0|
    |conv59_i_reg_1340                   |  64|   0|   64|          0|
    |dc_reg_1345                         |  64|   0|   64|          0|
    |gradientX_reg_1290                  |  11|   0|   11|          0|
    |gradientY_reg_1260                  |  11|   0|   11|          0|
    |gradientY_reg_1260_pp0_iter2_reg    |  11|   0|   11|          0|
    |icmp_ln118_reg_1118                 |   1|   0|    1|          0|
    |icmp_ln41_reg_1307                  |   1|   0|    1|          0|
    |icmp_ln45_reg_1313                  |   1|   0|    1|          0|
    |icmp_ln49_reg_1319                  |   1|   0|    1|          0|
    |lshr_ln143_1_reg_1168               |   8|   0|    8|          0|
    |lshr_ln2_reg_1152                   |   8|   0|    8|          0|
    |mul_ln156_reg_1296                  |  22|   0|   22|          0|
    |mul_ln45_reg_1284                   |  20|   0|   20|          0|
    |pixel_1_reg_1209                    |   8|   0|    8|          0|
    |pixel_2_reg_1239                    |   8|   0|    8|          0|
    |pixel_3_reg_1249                    |   8|   0|    8|          0|
    |pixel_reg_1194                      |   8|   0|    8|          0|
    |squaredMagnitude_reg_1330           |  22|   0|   22|          0|
    |sub_ln145_reg_1244                  |   9|   0|    9|          0|
    |tmp3_reg_1214                       |   9|   0|    9|          0|
    |tmp_10_reg_1370                     |  32|   0|   32|          0|
    |tmp_11_reg_1360                     |   1|   0|    1|          0|
    |tmp_13_reg_1375                     |  24|   0|   24|          0|
    |trunc_ln118_reg_1122                |   1|   0|    1|          0|
    |trunc_ln118_reg_1122_pp0_iter1_reg  |   1|   0|    1|          0|
    |trunc_ln171_reg_1380                |   8|   0|    8|          0|
    |xs_sign_reg_1350                    |   1|   0|    1|          0|
    |zext_ln118_reg_1325                 |   9|   0|   64|         55|
    |zext_ln15_reg_1355                  |  52|   0|  137|         85|
    |zext_ln18_reg_1365                  |  32|   0|  137|        105|
    |column_reg_1110                     |  64|  32|    9|          0|
    |icmp_ln118_reg_1118                 |  64|  32|    1|          0|
    |zext_ln118_reg_1325                 |  64|  32|   64|         55|
    +------------------------------------+----+----+-----+-----------+
    |Total                               | 759|  96|  886|        300|
    +------------------------------------+----+----+-----+-----------+



================================================================
== Interface
================================================================
* Summary: 
+------------------------------------------------+-----+-----+------------+---------------------------------------+--------------+
|                    RTL Ports                   | Dir | Bits|  Protocol  |             Source Object             |    C Type    |
+------------------------------------------------+-----+-----+------------+---------------------------------------+--------------+
|ap_clk                                          |   in|    1|  ap_ctrl_hs|        sobel_Pipeline_VITIS_LOOP_118_2|  return value|
|ap_rst                                          |   in|    1|  ap_ctrl_hs|        sobel_Pipeline_VITIS_LOOP_118_2|  return value|
|ap_start                                        |   in|    1|  ap_ctrl_hs|        sobel_Pipeline_VITIS_LOOP_118_2|  return value|
|ap_done                                         |  out|    1|  ap_ctrl_hs|        sobel_Pipeline_VITIS_LOOP_118_2|  return value|
|ap_idle                                         |  out|    1|  ap_ctrl_hs|        sobel_Pipeline_VITIS_LOOP_118_2|  return value|
|ap_ready                                        |  out|    1|  ap_ctrl_hs|        sobel_Pipeline_VITIS_LOOP_118_2|  return value|
|result                                          |   in|    2|     ap_none|                                 result|        scalar|
|writeSlot                                       |   in|    2|     ap_none|                              writeSlot|        scalar|
|result_7                                        |   in|    2|     ap_none|                               result_7|        scalar|
|out_sobel_magnitude_address0                    |  out|    9|   ap_memory|                    out_sobel_magnitude|         array|
|out_sobel_magnitude_ce0                         |  out|    1|   ap_memory|                    out_sobel_magnitude|         array|
|out_sobel_magnitude_we0                         |  out|    1|   ap_memory|                    out_sobel_magnitude|         array|
|out_sobel_magnitude_d0                          |  out|    8|   ap_memory|                    out_sobel_magnitude|         array|
|out_sobel_direction_address0                    |  out|    9|   ap_memory|                    out_sobel_direction|         array|
|out_sobel_direction_ce0                         |  out|    1|   ap_memory|                    out_sobel_direction|         array|
|out_sobel_direction_we0                         |  out|    1|   ap_memory|                    out_sobel_direction|         array|
|out_sobel_direction_d0                          |  out|    2|   ap_memory|                    out_sobel_direction|         array|
|p_anonymous_namespace_lineBuffer_32_0_address0  |  out|   10|   ap_memory|  p_anonymous_namespace_lineBuffer_32_0|         array|
|p_anonymous_namespace_lineBuffer_32_0_ce0       |  out|    1|   ap_memory|  p_anonymous_namespace_lineBuffer_32_0|         array|
|p_anonymous_namespace_lineBuffer_32_0_q0        |   in|    8|   ap_memory|  p_anonymous_namespace_lineBuffer_32_0|         array|
|p_anonymous_namespace_lineBuffer_32_0_address1  |  out|   10|   ap_memory|  p_anonymous_namespace_lineBuffer_32_0|         array|
|p_anonymous_namespace_lineBuffer_32_0_ce1       |  out|    1|   ap_memory|  p_anonymous_namespace_lineBuffer_32_0|         array|
|p_anonymous_namespace_lineBuffer_32_0_q1        |   in|    8|   ap_memory|  p_anonymous_namespace_lineBuffer_32_0|         array|
|p_anonymous_namespace_lineBuffer_32_1_address0  |  out|   10|   ap_memory|  p_anonymous_namespace_lineBuffer_32_1|         array|
|p_anonymous_namespace_lineBuffer_32_1_ce0       |  out|    1|   ap_memory|  p_anonymous_namespace_lineBuffer_32_1|         array|
|p_anonymous_namespace_lineBuffer_32_1_q0        |   in|    8|   ap_memory|  p_anonymous_namespace_lineBuffer_32_1|         array|
|p_anonymous_namespace_lineBuffer_32_1_address1  |  out|   10|   ap_memory|  p_anonymous_namespace_lineBuffer_32_1|         array|
|p_anonymous_namespace_lineBuffer_32_1_ce1       |  out|    1|   ap_memory|  p_anonymous_namespace_lineBuffer_32_1|         array|
|p_anonymous_namespace_lineBuffer_32_1_q1        |   in|    8|   ap_memory|  p_anonymous_namespace_lineBuffer_32_1|         array|
+------------------------------------------------+-----+-----+------------+---------------------------------------+--------------+

